2025-07-16T02:01:28.4706502Z Current runner version: '2.326.0'
2025-07-16T02:01:28.4732073Z ##[group]Runner Image Provisioner
2025-07-16T02:01:28.4733012Z Hosted Compute Agent
2025-07-16T02:01:28.4733539Z Version: 20250711.363
2025-07-16T02:01:28.4734140Z Commit: 6785254374ce925a23743850c1cb91912ce5c14c
2025-07-16T02:01:28.4734883Z Build Date: 2025-07-11T20:04:25Z
2025-07-16T02:01:28.4735478Z ##[endgroup]
2025-07-16T02:01:28.4735996Z ##[group]Operating System
2025-07-16T02:01:28.4736587Z Ubuntu
2025-07-16T02:01:28.4737078Z 24.04.2
2025-07-16T02:01:28.4737492Z LTS
2025-07-16T02:01:28.4738274Z ##[endgroup]
2025-07-16T02:01:28.4738808Z ##[group]Runner Image
2025-07-16T02:01:28.4739315Z Image: ubuntu-24.04
2025-07-16T02:01:28.4739882Z Version: 20250710.1.0
2025-07-16T02:01:28.4740883Z Included Software: https://github.com/actions/runner-images/blob/ubuntu24/20250710.1/images/ubuntu/Ubuntu2404-Readme.md
2025-07-16T02:01:28.4742463Z Image Release: https://github.com/actions/runner-images/releases/tag/ubuntu24%2F20250710.1
2025-07-16T02:01:28.4743458Z ##[endgroup]
2025-07-16T02:01:28.4744607Z ##[group]GITHUB_TOKEN Permissions
2025-07-16T02:01:28.4746666Z Contents: read
2025-07-16T02:01:28.4747180Z Metadata: read
2025-07-16T02:01:28.4747973Z Packages: read
2025-07-16T02:01:28.4748509Z ##[endgroup]
2025-07-16T02:01:28.4750798Z Secret source: Actions
2025-07-16T02:01:28.4751851Z Prepare workflow directory
2025-07-16T02:01:28.5139750Z Prepare all required actions
2025-07-16T02:01:28.5178993Z Getting action download info
2025-07-16T02:01:28.9151445Z ##[group]Download immutable action package 'actions/checkout@v3'
2025-07-16T02:01:28.9152575Z Version: 3.6.0
2025-07-16T02:01:28.9153658Z Digest: sha256:942562b9c7d4b1f2557f1da21f4d3eb4eb4fd01f2ad78b2a6e187d1b193e0a0f
2025-07-16T02:01:28.9154802Z Source commit SHA: f43a0e5ff2bd294095638e18286ca9a3d1956744
2025-07-16T02:01:28.9155519Z ##[endgroup]
2025-07-16T02:01:29.0046405Z ##[group]Download immutable action package 'actions/setup-python@v4'
2025-07-16T02:01:29.0047270Z Version: 4.9.1
2025-07-16T02:01:29.0048362Z Digest: sha256:f03e505388af670b5a108629e0ba26befc08d5c62b41f46146a45fe29ae509a5
2025-07-16T02:01:29.0049369Z Source commit SHA: 7f4fc3e22c37d6ff65e88745f38bd3157c663f7c
2025-07-16T02:01:29.0050083Z ##[endgroup]
2025-07-16T02:01:29.3998176Z ##[group]Download immutable action package 'docker/login-action@v3'
2025-07-16T02:01:29.3999040Z Version: 3.4.0
2025-07-16T02:01:29.3999758Z Digest: sha256:864ebd28db095e1602e6ef999f46a4f575083ea874918fbccf0994c2a7680450
2025-07-16T02:01:29.4000794Z Source commit SHA: 74a5d142397b4f367a81961eba4e8cd7edddf772
2025-07-16T02:01:29.4001481Z ##[endgroup]
2025-07-16T02:01:29.9586155Z Complete job name: build-test-deploy
2025-07-16T02:01:30.0291503Z ##[group]Run actions/checkout@v3
2025-07-16T02:01:30.0292392Z with:
2025-07-16T02:01:30.0292819Z   repository: Dinesh-4/Devops
2025-07-16T02:01:30.0293506Z   token: ***
2025-07-16T02:01:30.0293924Z   ssh-strict: true
2025-07-16T02:01:30.0294367Z   persist-credentials: true
2025-07-16T02:01:30.0294854Z   clean: true
2025-07-16T02:01:30.0295318Z   sparse-checkout-cone-mode: true
2025-07-16T02:01:30.0295843Z   fetch-depth: 1
2025-07-16T02:01:30.0296275Z   fetch-tags: false
2025-07-16T02:01:30.0296705Z   lfs: false
2025-07-16T02:01:30.0297106Z   submodules: false
2025-07-16T02:01:30.0297563Z   set-safe-directory: true
2025-07-16T02:01:30.0298483Z ##[endgroup]
2025-07-16T02:01:30.1172212Z Syncing repository: Dinesh-4/Devops
2025-07-16T02:01:30.1174290Z ##[group]Getting Git version info
2025-07-16T02:01:30.1175028Z Working directory is '/home/runner/work/Devops/Devops'
2025-07-16T02:01:30.1176167Z [command]/usr/bin/git version
2025-07-16T02:01:30.1208224Z git version 2.50.1
2025-07-16T02:01:30.1235664Z ##[endgroup]
2025-07-16T02:01:30.1250213Z Temporarily overriding HOME='/home/runner/work/_temp/e6cc2bb5-3f28-4ed6-a05d-b0d28052168a' before making global git config changes
2025-07-16T02:01:30.1251697Z Adding repository directory to the temporary git global config as a safe directory
2025-07-16T02:01:30.1253487Z [command]/usr/bin/git config --global --add safe.directory /home/runner/work/Devops/Devops
2025-07-16T02:01:30.1286349Z Deleting the contents of '/home/runner/work/Devops/Devops'
2025-07-16T02:01:30.1290454Z ##[group]Initializing the repository
2025-07-16T02:01:30.1293086Z [command]/usr/bin/git init /home/runner/work/Devops/Devops
2025-07-16T02:01:30.1364619Z hint: Using 'master' as the name for the initial branch. This default branch name
2025-07-16T02:01:30.1366466Z hint: is subject to change. To configure the initial branch name to use in all
2025-07-16T02:01:30.1367547Z hint: of your new repositories, which will suppress this warning, call:
2025-07-16T02:01:30.1369144Z hint:
2025-07-16T02:01:30.1369746Z hint: 	git config --global init.defaultBranch <name>
2025-07-16T02:01:30.1370350Z hint:
2025-07-16T02:01:30.1370943Z hint: Names commonly chosen instead of 'master' are 'main', 'trunk' and
2025-07-16T02:01:30.1371885Z hint: 'development'. The just-created branch can be renamed via this command:
2025-07-16T02:01:30.1372614Z hint:
2025-07-16T02:01:30.1373036Z hint: 	git branch -m <name>
2025-07-16T02:01:30.1373502Z hint:
2025-07-16T02:01:30.1374477Z hint: Disable this message with "git config set advice.defaultBranchName false"
2025-07-16T02:01:30.1375533Z Initialized empty Git repository in /home/runner/work/Devops/Devops/.git/
2025-07-16T02:01:30.1379377Z [command]/usr/bin/git remote add origin https://github.com/Dinesh-4/Devops
2025-07-16T02:01:30.1416335Z ##[endgroup]
2025-07-16T02:01:30.1417179Z ##[group]Disabling automatic garbage collection
2025-07-16T02:01:30.1418167Z [command]/usr/bin/git config --local gc.auto 0
2025-07-16T02:01:30.1442622Z ##[endgroup]
2025-07-16T02:01:30.1443366Z ##[group]Setting up auth
2025-07-16T02:01:30.1448055Z [command]/usr/bin/git config --local --name-only --get-regexp core\.sshCommand
2025-07-16T02:01:30.1473646Z [command]/usr/bin/git submodule foreach --recursive sh -c "git config --local --name-only --get-regexp 'core\.sshCommand' && git config --local --unset-all 'core.sshCommand' || :"
2025-07-16T02:01:30.1797627Z [command]/usr/bin/git config --local --name-only --get-regexp http\.https\:\/\/github\.com\/\.extraheader
2025-07-16T02:01:30.1826470Z [command]/usr/bin/git submodule foreach --recursive sh -c "git config --local --name-only --get-regexp 'http\.https\:\/\/github\.com\/\.extraheader' && git config --local --unset-all 'http.https://github.com/.extraheader' || :"
2025-07-16T02:01:30.2055066Z [command]/usr/bin/git config --local http.https://github.com/.extraheader AUTHORIZATION: basic ***
2025-07-16T02:01:30.2089579Z ##[endgroup]
2025-07-16T02:01:30.2091112Z ##[group]Fetching the repository
2025-07-16T02:01:30.2100105Z [command]/usr/bin/git -c protocol.version=2 fetch --no-tags --prune --progress --no-recurse-submodules --depth=1 origin +d6225dde5a8c2d364dc7a99529ec18d7810e3ecc:refs/remotes/origin/main
2025-07-16T02:01:30.5756227Z remote: Enumerating objects: 4182, done.        
2025-07-16T02:01:30.5757657Z remote: Counting objects:   0% (1/4182)        
2025-07-16T02:01:30.5758794Z remote: Counting objects:   1% (42/4182)        
2025-07-16T02:01:30.5760007Z remote: Counting objects:   2% (84/4182)        
2025-07-16T02:01:30.5760986Z remote: Counting objects:   3% (126/4182)        
2025-07-16T02:01:30.5761716Z remote: Counting objects:   4% (168/4182)        
2025-07-16T02:01:30.5762419Z remote: Counting objects:   5% (210/4182)        
2025-07-16T02:01:30.5763036Z remote: Counting objects:   6% (251/4182)        
2025-07-16T02:01:30.5763631Z remote: Counting objects:   7% (293/4182)        
2025-07-16T02:01:30.5764212Z remote: Counting objects:   8% (335/4182)        
2025-07-16T02:01:30.5764887Z remote: Counting objects:   9% (377/4182)        
2025-07-16T02:01:30.5765473Z remote: Counting objects:  10% (419/4182)        
2025-07-16T02:01:30.5766059Z remote: Counting objects:  11% (461/4182)        
2025-07-16T02:01:30.5766646Z remote: Counting objects:  12% (502/4182)        
2025-07-16T02:01:30.5767231Z remote: Counting objects:  13% (544/4182)        
2025-07-16T02:01:30.5768208Z remote: Counting objects:  14% (586/4182)        
2025-07-16T02:01:30.5769260Z remote: Counting objects:  15% (628/4182)        
2025-07-16T02:01:30.5769856Z remote: Counting objects:  16% (670/4182)        
2025-07-16T02:01:30.5770433Z remote: Counting objects:  17% (711/4182)        
2025-07-16T02:01:30.5771017Z remote: Counting objects:  18% (753/4182)        
2025-07-16T02:01:30.5771593Z remote: Counting objects:  19% (795/4182)        
2025-07-16T02:01:30.5772218Z remote: Counting objects:  20% (837/4182)        
2025-07-16T02:01:30.5772789Z remote: Counting objects:  21% (879/4182)        
2025-07-16T02:01:30.5773392Z remote: Counting objects:  22% (921/4182)        
2025-07-16T02:01:30.5773974Z remote: Counting objects:  23% (962/4182)        
2025-07-16T02:01:30.5774609Z remote: Counting objects:  24% (1004/4182)        
2025-07-16T02:01:30.5775190Z remote: Counting objects:  25% (1046/4182)        
2025-07-16T02:01:30.5775771Z remote: Counting objects:  26% (1088/4182)        
2025-07-16T02:01:30.5776356Z remote: Counting objects:  27% (1130/4182)        
2025-07-16T02:01:30.5777023Z remote: Counting objects:  28% (1171/4182)        
2025-07-16T02:01:30.5777603Z remote: Counting objects:  29% (1213/4182)        
2025-07-16T02:01:30.5778398Z remote: Counting objects:  30% (1255/4182)        
2025-07-16T02:01:30.5778977Z remote: Counting objects:  31% (1297/4182)        
2025-07-16T02:01:30.5779554Z remote: Counting objects:  32% (1339/4182)        
2025-07-16T02:01:30.5780129Z remote: Counting objects:  33% (1381/4182)        
2025-07-16T02:01:30.5780697Z remote: Counting objects:  34% (1422/4182)        
2025-07-16T02:01:30.5781330Z remote: Counting objects:  35% (1464/4182)        
2025-07-16T02:01:30.5781911Z remote: Counting objects:  36% (1506/4182)        
2025-07-16T02:01:30.5782474Z remote: Counting objects:  37% (1548/4182)        
2025-07-16T02:01:30.5783045Z remote: Counting objects:  38% (1590/4182)        
2025-07-16T02:01:30.6155036Z remote: Counting objects:  39% (1631/4182)        
2025-07-16T02:01:30.6156371Z remote: Counting objects:  40% (1673/4182)        
2025-07-16T02:01:30.6157344Z remote: Counting objects:  41% (1715/4182)        
2025-07-16T02:01:30.6158718Z remote: Counting objects:  42% (1757/4182)        
2025-07-16T02:01:30.6159833Z remote: Counting objects:  43% (1799/4182)        
2025-07-16T02:01:30.6160953Z remote: Counting objects:  44% (1841/4182)        
2025-07-16T02:01:30.6162085Z remote: Counting objects:  45% (1882/4182)        
2025-07-16T02:01:30.6162884Z remote: Counting objects:  46% (1924/4182)        
2025-07-16T02:01:30.6163591Z remote: Counting objects:  47% (1966/4182)        
2025-07-16T02:01:30.6164585Z remote: Counting objects:  48% (2008/4182)        
2025-07-16T02:01:30.6165244Z remote: Counting objects:  49% (2050/4182)        
2025-07-16T02:01:30.6165866Z remote: Counting objects:  50% (2091/4182)        
2025-07-16T02:01:30.6166488Z remote: Counting objects:  51% (2133/4182)        
2025-07-16T02:01:30.6167125Z remote: Counting objects:  52% (2175/4182)        
2025-07-16T02:01:30.6167747Z remote: Counting objects:  53% (2217/4182)        
2025-07-16T02:01:30.6168799Z remote: Counting objects:  54% (2259/4182)        
2025-07-16T02:01:30.6169422Z remote: Counting objects:  55% (2301/4182)        
2025-07-16T02:01:30.6170034Z remote: Counting objects:  56% (2342/4182)        
2025-07-16T02:01:30.6170644Z remote: Counting objects:  57% (2384/4182)        
2025-07-16T02:01:30.6171249Z remote: Counting objects:  58% (2426/4182)        
2025-07-16T02:01:30.6172639Z remote: Counting objects:  59% (2468/4182)        
2025-07-16T02:01:30.6173427Z remote: Counting objects:  60% (2510/4182)        
2025-07-16T02:01:30.6174470Z remote: Counting objects:  61% (2552/4182)        
2025-07-16T02:01:30.6175426Z remote: Counting objects:  62% (2593/4182)        
2025-07-16T02:01:30.6176380Z remote: Counting objects:  63% (2635/4182)        
2025-07-16T02:01:30.6177339Z remote: Counting objects:  64% (2677/4182)        
2025-07-16T02:01:30.6178463Z remote: Counting objects:  65% (2719/4182)        
2025-07-16T02:01:30.6179355Z remote: Counting objects:  66% (2761/4182)        
2025-07-16T02:01:30.6179932Z remote: Counting objects:  67% (2802/4182)        
2025-07-16T02:01:30.6180504Z remote: Counting objects:  68% (2844/4182)        
2025-07-16T02:01:30.6181077Z remote: Counting objects:  69% (2886/4182)        
2025-07-16T02:01:30.6181647Z remote: Counting objects:  70% (2928/4182)        
2025-07-16T02:01:30.6182207Z remote: Counting objects:  71% (2970/4182)        
2025-07-16T02:01:30.6182777Z remote: Counting objects:  72% (3012/4182)        
2025-07-16T02:01:30.6183344Z remote: Counting objects:  73% (3053/4182)        
2025-07-16T02:01:30.6183924Z remote: Counting objects:  74% (3095/4182)        
2025-07-16T02:01:30.6184491Z remote: Counting objects:  75% (3137/4182)        
2025-07-16T02:01:30.6185062Z remote: Counting objects:  76% (3179/4182)        
2025-07-16T02:01:30.6185634Z remote: Counting objects:  77% (3221/4182)        
2025-07-16T02:01:30.6186200Z remote: Counting objects:  78% (3262/4182)        
2025-07-16T02:01:30.6186788Z remote: Counting objects:  79% (3304/4182)        
2025-07-16T02:01:30.6187359Z remote: Counting objects:  80% (3346/4182)        
2025-07-16T02:01:30.6188127Z remote: Counting objects:  81% (3388/4182)        
2025-07-16T02:01:30.6188707Z remote: Counting objects:  82% (3430/4182)        
2025-07-16T02:01:30.6189271Z remote: Counting objects:  83% (3472/4182)        
2025-07-16T02:01:30.6189841Z remote: Counting objects:  84% (3513/4182)        
2025-07-16T02:01:30.6190415Z remote: Counting objects:  85% (3555/4182)        
2025-07-16T02:01:30.6190989Z remote: Counting objects:  86% (3597/4182)        
2025-07-16T02:01:30.6191550Z remote: Counting objects:  87% (3639/4182)        
2025-07-16T02:01:30.6192117Z remote: Counting objects:  88% (3681/4182)        
2025-07-16T02:01:30.6192682Z remote: Counting objects:  89% (3722/4182)        
2025-07-16T02:01:30.6193247Z remote: Counting objects:  90% (3764/4182)        
2025-07-16T02:01:30.6193804Z remote: Counting objects:  91% (3806/4182)        
2025-07-16T02:01:30.6194373Z remote: Counting objects:  92% (3848/4182)        
2025-07-16T02:01:30.6194940Z remote: Counting objects:  93% (3890/4182)        
2025-07-16T02:01:30.6195495Z remote: Counting objects:  94% (3932/4182)        
2025-07-16T02:01:30.6196065Z remote: Counting objects:  95% (3973/4182)        
2025-07-16T02:01:30.6196635Z remote: Counting objects:  96% (4015/4182)        
2025-07-16T02:01:30.6197198Z remote: Counting objects:  97% (4057/4182)        
2025-07-16T02:01:30.6197766Z remote: Counting objects:  98% (4099/4182)        
2025-07-16T02:01:30.6198802Z remote: Counting objects:  99% (4141/4182)        
2025-07-16T02:01:30.6199396Z remote: Counting objects: 100% (4182/4182)        
2025-07-16T02:01:30.6200014Z remote: Counting objects: 100% (4182/4182), done.        
2025-07-16T02:01:30.6200642Z remote: Compressing objects:   0% (1/3567)        
2025-07-16T02:01:30.6201226Z remote: Compressing objects:   1% (36/3567)        
2025-07-16T02:01:30.6201828Z remote: Compressing objects:   2% (72/3567)        
2025-07-16T02:01:30.6202423Z remote: Compressing objects:   3% (108/3567)        
2025-07-16T02:01:30.6203042Z remote: Compressing objects:   4% (143/3567)        
2025-07-16T02:01:30.6203639Z remote: Compressing objects:   5% (179/3567)        
2025-07-16T02:01:30.6204248Z remote: Compressing objects:   6% (215/3567)        
2025-07-16T02:01:30.6204882Z remote: Compressing objects:   7% (250/3567)        
2025-07-16T02:01:30.6205490Z remote: Compressing objects:   8% (286/3567)        
2025-07-16T02:01:30.6206092Z remote: Compressing objects:   9% (322/3567)        
2025-07-16T02:01:30.6206703Z remote: Compressing objects:  10% (357/3567)        
2025-07-16T02:01:30.6207305Z remote: Compressing objects:  11% (393/3567)        
2025-07-16T02:01:30.6208119Z remote: Compressing objects:  12% (429/3567)        
2025-07-16T02:01:30.6208748Z remote: Compressing objects:  13% (464/3567)        
2025-07-16T02:01:30.6209347Z remote: Compressing objects:  14% (500/3567)        
2025-07-16T02:01:30.6210089Z remote: Compressing objects:  15% (536/3567)        
2025-07-16T02:01:30.6210694Z remote: Compressing objects:  16% (571/3567)        
2025-07-16T02:01:30.6211282Z remote: Compressing objects:  17% (607/3567)        
2025-07-16T02:01:30.6211871Z remote: Compressing objects:  18% (643/3567)        
2025-07-16T02:01:30.6212468Z remote: Compressing objects:  19% (678/3567)        
2025-07-16T02:01:30.6213058Z remote: Compressing objects:  20% (714/3567)        
2025-07-16T02:01:30.6213646Z remote: Compressing objects:  21% (750/3567)        
2025-07-16T02:01:30.6214254Z remote: Compressing objects:  22% (785/3567)        
2025-07-16T02:01:30.6214853Z remote: Compressing objects:  23% (821/3567)        
2025-07-16T02:01:30.6215442Z remote: Compressing objects:  24% (857/3567)        
2025-07-16T02:01:30.6216039Z remote: Compressing objects:  25% (892/3567)        
2025-07-16T02:01:30.6216634Z remote: Compressing objects:  26% (928/3567)        
2025-07-16T02:01:30.6217235Z remote: Compressing objects:  27% (964/3567)        
2025-07-16T02:01:30.6218005Z remote: Compressing objects:  28% (999/3567)        
2025-07-16T02:01:30.6218620Z remote: Compressing objects:  29% (1035/3567)        
2025-07-16T02:01:30.6219253Z remote: Compressing objects:  30% (1071/3567)        
2025-07-16T02:01:30.6219866Z remote: Compressing objects:  31% (1106/3567)        
2025-07-16T02:01:30.6220469Z remote: Compressing objects:  32% (1142/3567)        
2025-07-16T02:01:30.6221073Z remote: Compressing objects:  33% (1178/3567)        
2025-07-16T02:01:30.6221666Z remote: Compressing objects:  34% (1213/3567)        
2025-07-16T02:01:30.6222280Z remote: Compressing objects:  35% (1249/3567)        
2025-07-16T02:01:30.6222898Z remote: Compressing objects:  36% (1285/3567)        
2025-07-16T02:01:30.6223505Z remote: Compressing objects:  37% (1320/3567)        
2025-07-16T02:01:30.6224105Z remote: Compressing objects:  38% (1356/3567)        
2025-07-16T02:01:30.6224710Z remote: Compressing objects:  39% (1392/3567)        
2025-07-16T02:01:30.6225316Z remote: Compressing objects:  40% (1427/3567)        
2025-07-16T02:01:30.6225932Z remote: Compressing objects:  41% (1463/3567)        
2025-07-16T02:01:30.6226542Z remote: Compressing objects:  42% (1499/3567)        
2025-07-16T02:01:30.6227139Z remote: Compressing objects:  43% (1534/3567)        
2025-07-16T02:01:30.6227749Z remote: Compressing objects:  44% (1570/3567)        
2025-07-16T02:01:30.6228562Z remote: Compressing objects:  45% (1606/3567)        
2025-07-16T02:01:30.6229181Z remote: Compressing objects:  46% (1641/3567)        
2025-07-16T02:01:30.6230001Z remote: Compressing objects:  47% (1677/3567)        
2025-07-16T02:01:30.6230626Z remote: Compressing objects:  48% (1713/3567)        
2025-07-16T02:01:30.6231226Z remote: Compressing objects:  49% (1748/3567)        
2025-07-16T02:01:30.6231824Z remote: Compressing objects:  50% (1784/3567)        
2025-07-16T02:01:30.6232433Z remote: Compressing objects:  51% (1820/3567)        
2025-07-16T02:01:30.6233045Z remote: Compressing objects:  52% (1855/3567)        
2025-07-16T02:01:30.6233652Z remote: Compressing objects:  53% (1891/3567)        
2025-07-16T02:01:30.6234259Z remote: Compressing objects:  54% (1927/3567)        
2025-07-16T02:01:30.6234863Z remote: Compressing objects:  55% (1962/3567)        
2025-07-16T02:01:30.6235471Z remote: Compressing objects:  56% (1998/3567)        
2025-07-16T02:01:30.6236065Z remote: Compressing objects:  57% (2034/3567)        
2025-07-16T02:01:30.6236669Z remote: Compressing objects:  58% (2069/3567)        
2025-07-16T02:01:30.6237337Z remote: Compressing objects:  59% (2105/3567)        
2025-07-16T02:01:30.6238233Z remote: Compressing objects:  60% (2141/3567)        
2025-07-16T02:01:30.6238863Z remote: Compressing objects:  61% (2176/3567)        
2025-07-16T02:01:30.6239535Z remote: Compressing objects:  62% (2212/3567)        
2025-07-16T02:01:30.6240161Z remote: Compressing objects:  63% (2248/3567)        
2025-07-16T02:01:30.6240938Z remote: Compressing objects:  64% (2283/3567)        
2025-07-16T02:01:30.6241552Z remote: Compressing objects:  65% (2319/3567)        
2025-07-16T02:01:30.6242167Z remote: Compressing objects:  66% (2355/3567)        
2025-07-16T02:01:30.6242762Z remote: Compressing objects:  67% (2390/3567)        
2025-07-16T02:01:30.6243377Z remote: Compressing objects:  68% (2426/3567)        
2025-07-16T02:01:30.6243983Z remote: Compressing objects:  69% (2462/3567)        
2025-07-16T02:01:30.6244588Z remote: Compressing objects:  70% (2497/3567)        
2025-07-16T02:01:30.6245198Z remote: Compressing objects:  71% (2533/3567)        
2025-07-16T02:01:30.6245812Z remote: Compressing objects:  72% (2569/3567)        
2025-07-16T02:01:30.6246407Z remote: Compressing objects:  73% (2604/3567)        
2025-07-16T02:01:30.6247009Z remote: Compressing objects:  74% (2640/3567)        
2025-07-16T02:01:30.6247622Z remote: Compressing objects:  75% (2676/3567)        
2025-07-16T02:01:30.6248551Z remote: Compressing objects:  76% (2711/3567)        
2025-07-16T02:01:30.6249193Z remote: Compressing objects:  77% (2747/3567)        
2025-07-16T02:01:30.6249811Z remote: Compressing objects:  78% (2783/3567)        
2025-07-16T02:01:30.6250421Z remote: Compressing objects:  79% (2818/3567)        
2025-07-16T02:01:30.6251025Z remote: Compressing objects:  80% (2854/3567)        
2025-07-16T02:01:30.6251634Z remote: Compressing objects:  81% (2890/3567)        
2025-07-16T02:01:30.6252239Z remote: Compressing objects:  82% (2925/3567)        
2025-07-16T02:01:30.6252841Z remote: Compressing objects:  83% (2961/3567)        
2025-07-16T02:01:30.6253456Z remote: Compressing objects:  84% (2997/3567)        
2025-07-16T02:01:30.6254067Z remote: Compressing objects:  85% (3032/3567)        
2025-07-16T02:01:30.6254669Z remote: Compressing objects:  86% (3068/3567)        
2025-07-16T02:01:30.6255279Z remote: Compressing objects:  87% (3104/3567)        
2025-07-16T02:01:30.6255888Z remote: Compressing objects:  88% (3139/3567)        
2025-07-16T02:01:30.6256496Z remote: Compressing objects:  89% (3175/3567)        
2025-07-16T02:01:30.6257127Z remote: Compressing objects:  90% (3211/3567)        
2025-07-16T02:01:30.6257728Z remote: Compressing objects:  91% (3246/3567)        
2025-07-16T02:01:30.6258546Z remote: Compressing objects:  92% (3282/3567)        
2025-07-16T02:01:30.6259159Z remote: Compressing objects:  93% (3318/3567)        
2025-07-16T02:01:30.6259760Z remote: Compressing objects:  94% (3353/3567)        
2025-07-16T02:01:30.6260391Z remote: Compressing objects:  95% (3389/3567)        
2025-07-16T02:01:30.6261133Z remote: Compressing objects:  96% (3425/3567)        
2025-07-16T02:01:30.6261782Z remote: Compressing objects:  97% (3460/3567)        
2025-07-16T02:01:30.6262416Z remote: Compressing objects:  98% (3496/3567)        
2025-07-16T02:01:30.6263052Z remote: Compressing objects:  99% (3532/3567)        
2025-07-16T02:01:30.6263656Z remote: Compressing objects: 100% (3567/3567)        
2025-07-16T02:01:30.6264312Z remote: Compressing objects: 100% (3567/3567), done.        
2025-07-16T02:01:30.6752555Z Receiving objects:   0% (1/4182)
2025-07-16T02:01:30.6918508Z Receiving objects:   1% (42/4182)
2025-07-16T02:01:30.7490695Z Receiving objects:   2% (84/4182)
2025-07-16T02:01:30.8464480Z Receiving objects:   3% (126/4182)
2025-07-16T02:01:30.8637170Z Receiving objects:   4% (168/4182)
2025-07-16T02:01:30.8708671Z Receiving objects:   5% (210/4182)
2025-07-16T02:01:30.8731328Z Receiving objects:   6% (251/4182)
2025-07-16T02:01:30.9246285Z Receiving objects:   7% (293/4182)
2025-07-16T02:01:30.9263360Z Receiving objects:   8% (335/4182)
2025-07-16T02:01:30.9348587Z Receiving objects:   9% (377/4182)
2025-07-16T02:01:30.9418099Z Receiving objects:  10% (419/4182)
2025-07-16T02:01:30.9684320Z Receiving objects:  11% (461/4182)
2025-07-16T02:01:30.9724131Z Receiving objects:  12% (502/4182)
2025-07-16T02:01:30.9762138Z Receiving objects:  13% (544/4182)
2025-07-16T02:01:30.9768103Z Receiving objects:  14% (586/4182)
2025-07-16T02:01:30.9780298Z Receiving objects:  15% (628/4182)
2025-07-16T02:01:30.9789759Z Receiving objects:  16% (670/4182)
2025-07-16T02:01:30.9816477Z Receiving objects:  17% (711/4182)
2025-07-16T02:01:30.9838350Z Receiving objects:  18% (753/4182)
2025-07-16T02:01:30.9902475Z Receiving objects:  19% (795/4182)
2025-07-16T02:01:30.9939914Z Receiving objects:  20% (837/4182)
2025-07-16T02:01:30.9987397Z Receiving objects:  21% (879/4182)
2025-07-16T02:01:31.0032848Z Receiving objects:  22% (921/4182)
2025-07-16T02:01:31.0100711Z Receiving objects:  23% (962/4182)
2025-07-16T02:01:31.0139088Z Receiving objects:  24% (1004/4182)
2025-07-16T02:01:31.0155196Z Receiving objects:  25% (1046/4182)
2025-07-16T02:01:31.0171208Z Receiving objects:  26% (1088/4182)
2025-07-16T02:01:31.0183365Z Receiving objects:  27% (1130/4182)
2025-07-16T02:01:31.0196929Z Receiving objects:  28% (1171/4182)
2025-07-16T02:01:31.0235975Z Receiving objects:  29% (1213/4182)
2025-07-16T02:01:31.0268306Z Receiving objects:  30% (1255/4182)
2025-07-16T02:01:31.0307242Z Receiving objects:  31% (1297/4182)
2025-07-16T02:01:31.0358440Z Receiving objects:  32% (1339/4182)
2025-07-16T02:01:31.0384463Z Receiving objects:  33% (1381/4182)
2025-07-16T02:01:31.0419558Z Receiving objects:  34% (1422/4182)
2025-07-16T02:01:31.0443849Z Receiving objects:  35% (1464/4182)
2025-07-16T02:01:31.0465982Z Receiving objects:  36% (1506/4182)
2025-07-16T02:01:31.0509843Z Receiving objects:  37% (1548/4182)
2025-07-16T02:01:31.0532052Z Receiving objects:  38% (1590/4182)
2025-07-16T02:01:31.0571925Z Receiving objects:  39% (1631/4182)
2025-07-16T02:01:31.0592453Z Receiving objects:  40% (1673/4182)
2025-07-16T02:01:31.0640063Z Receiving objects:  41% (1715/4182)
2025-07-16T02:01:31.0677093Z Receiving objects:  42% (1757/4182)
2025-07-16T02:01:31.0723925Z Receiving objects:  43% (1799/4182)
2025-07-16T02:01:31.0799824Z Receiving objects:  44% (1841/4182)
2025-07-16T02:01:31.0847718Z Receiving objects:  45% (1882/4182)
2025-07-16T02:01:31.0879300Z Receiving objects:  46% (1924/4182)
2025-07-16T02:01:31.0913287Z Receiving objects:  47% (1966/4182)
2025-07-16T02:01:31.0992686Z Receiving objects:  48% (2008/4182)
2025-07-16T02:01:31.1037654Z Receiving objects:  49% (2050/4182)
2025-07-16T02:01:31.1115970Z Receiving objects:  50% (2091/4182)
2025-07-16T02:01:31.1151467Z Receiving objects:  51% (2133/4182)
2025-07-16T02:01:31.1202248Z Receiving objects:  52% (2175/4182)
2025-07-16T02:01:31.1245014Z Receiving objects:  53% (2217/4182)
2025-07-16T02:01:31.1267598Z Receiving objects:  54% (2259/4182)
2025-07-16T02:01:31.1301525Z Receiving objects:  55% (2301/4182)
2025-07-16T02:01:31.1332069Z Receiving objects:  56% (2342/4182)
2025-07-16T02:01:31.1380551Z Receiving objects:  57% (2384/4182)
2025-07-16T02:01:31.1404870Z Receiving objects:  58% (2426/4182), 8.80 MiB | 17.60 MiB/s
2025-07-16T02:01:31.1429381Z Receiving objects:  59% (2468/4182), 8.80 MiB | 17.60 MiB/s
2025-07-16T02:01:31.1447752Z Receiving objects:  60% (2510/4182), 8.80 MiB | 17.60 MiB/s
2025-07-16T02:01:31.1511863Z Receiving objects:  61% (2552/4182), 8.80 MiB | 17.60 MiB/s
2025-07-16T02:01:31.1553195Z Receiving objects:  62% (2593/4182), 8.80 MiB | 17.60 MiB/s
2025-07-16T02:01:31.1598019Z Receiving objects:  63% (2635/4182), 8.80 MiB | 17.60 MiB/s
2025-07-16T02:01:31.1675101Z Receiving objects:  64% (2677/4182), 8.80 MiB | 17.60 MiB/s
2025-07-16T02:01:31.1862291Z Receiving objects:  65% (2719/4182), 8.80 MiB | 17.60 MiB/s
2025-07-16T02:01:31.1910432Z Receiving objects:  66% (2761/4182), 8.80 MiB | 17.60 MiB/s
2025-07-16T02:01:31.1973294Z Receiving objects:  67% (2802/4182), 8.80 MiB | 17.60 MiB/s
2025-07-16T02:01:31.2027677Z Receiving objects:  68% (2844/4182), 8.80 MiB | 17.60 MiB/s
2025-07-16T02:01:31.2065548Z Receiving objects:  69% (2886/4182), 8.80 MiB | 17.60 MiB/s
2025-07-16T02:01:31.2127057Z Receiving objects:  70% (2928/4182), 8.80 MiB | 17.60 MiB/s
2025-07-16T02:01:31.2177581Z Receiving objects:  71% (2970/4182), 8.80 MiB | 17.60 MiB/s
2025-07-16T02:01:31.2214278Z Receiving objects:  72% (3012/4182), 8.80 MiB | 17.60 MiB/s
2025-07-16T02:01:31.2236341Z Receiving objects:  73% (3053/4182), 8.80 MiB | 17.60 MiB/s
2025-07-16T02:01:31.2253246Z Receiving objects:  74% (3095/4182), 8.80 MiB | 17.60 MiB/s
2025-07-16T02:01:31.2264437Z Receiving objects:  75% (3137/4182), 8.80 MiB | 17.60 MiB/s
2025-07-16T02:01:31.2288595Z Receiving objects:  76% (3179/4182), 8.80 MiB | 17.60 MiB/s
2025-07-16T02:01:31.2343422Z Receiving objects:  77% (3221/4182), 8.80 MiB | 17.60 MiB/s
2025-07-16T02:01:31.2452874Z Receiving objects:  78% (3262/4182), 8.80 MiB | 17.60 MiB/s
2025-07-16T02:01:31.2496788Z Receiving objects:  79% (3304/4182), 8.80 MiB | 17.60 MiB/s
2025-07-16T02:01:31.2553797Z Receiving objects:  80% (3346/4182), 8.80 MiB | 17.60 MiB/s
2025-07-16T02:01:31.2577238Z Receiving objects:  81% (3388/4182), 8.80 MiB | 17.60 MiB/s
2025-07-16T02:01:31.2602531Z Receiving objects:  82% (3430/4182), 8.80 MiB | 17.60 MiB/s
2025-07-16T02:01:31.2608458Z Receiving objects:  83% (3472/4182), 8.80 MiB | 17.60 MiB/s
2025-07-16T02:01:31.2616266Z Receiving objects:  84% (3513/4182), 8.80 MiB | 17.60 MiB/s
2025-07-16T02:01:31.2624932Z Receiving objects:  85% (3555/4182), 8.80 MiB | 17.60 MiB/s
2025-07-16T02:01:31.2631089Z Receiving objects:  86% (3597/4182), 8.80 MiB | 17.60 MiB/s
2025-07-16T02:01:31.2637199Z Receiving objects:  87% (3639/4182), 8.80 MiB | 17.60 MiB/s
2025-07-16T02:01:31.2644384Z Receiving objects:  88% (3681/4182), 8.80 MiB | 17.60 MiB/s
2025-07-16T02:01:31.2648614Z Receiving objects:  89% (3722/4182), 8.80 MiB | 17.60 MiB/s
2025-07-16T02:01:31.2655002Z Receiving objects:  90% (3764/4182), 8.80 MiB | 17.60 MiB/s
2025-07-16T02:01:31.2673616Z Receiving objects:  91% (3806/4182), 8.80 MiB | 17.60 MiB/s
2025-07-16T02:01:31.2681762Z Receiving objects:  92% (3848/4182), 8.80 MiB | 17.60 MiB/s
2025-07-16T02:01:31.2705834Z Receiving objects:  93% (3890/4182), 8.80 MiB | 17.60 MiB/s
2025-07-16T02:01:31.2709263Z Receiving objects:  94% (3932/4182), 8.80 MiB | 17.60 MiB/s
2025-07-16T02:01:31.2751539Z Receiving objects:  95% (3973/4182), 8.80 MiB | 17.60 MiB/s
2025-07-16T02:01:31.2773815Z Receiving objects:  96% (4015/4182), 8.80 MiB | 17.60 MiB/s
2025-07-16T02:01:31.2829533Z Receiving objects:  97% (4057/4182), 8.80 MiB | 17.60 MiB/s
2025-07-16T02:01:31.2863538Z Receiving objects:  98% (4099/4182), 8.80 MiB | 17.60 MiB/s
2025-07-16T02:01:31.2902105Z Receiving objects:  99% (4141/4182), 8.80 MiB | 17.60 MiB/s
2025-07-16T02:01:31.2906063Z remote: Total 4182 (delta 578), reused 4157 (delta 570), pack-reused 0 (from 0)        
2025-07-16T02:01:31.2921654Z Receiving objects: 100% (4182/4182), 8.80 MiB | 17.60 MiB/s
2025-07-16T02:01:31.2924641Z Receiving objects: 100% (4182/4182), 14.19 MiB | 21.63 MiB/s, done.
2025-07-16T02:01:31.2927054Z Resolving deltas:   0% (0/578)
2025-07-16T02:01:31.2928808Z Resolving deltas:   1% (6/578)
2025-07-16T02:01:31.2930339Z Resolving deltas:   2% (13/578)
2025-07-16T02:01:31.2931898Z Resolving deltas:   3% (18/578)
2025-07-16T02:01:31.2933472Z Resolving deltas:   4% (24/578)
2025-07-16T02:01:31.2934998Z Resolving deltas:   5% (29/578)
2025-07-16T02:01:31.2936543Z Resolving deltas:   6% (35/578)
2025-07-16T02:01:31.2939776Z Resolving deltas:   7% (41/578)
2025-07-16T02:01:31.2941559Z Resolving deltas:   8% (47/578)
2025-07-16T02:01:31.2943246Z Resolving deltas:   9% (53/578)
2025-07-16T02:01:31.2944860Z Resolving deltas:  10% (58/578)
2025-07-16T02:01:31.2952921Z Resolving deltas:  11% (64/578)
2025-07-16T02:01:31.2956322Z Resolving deltas:  12% (70/578)
2025-07-16T02:01:31.3029438Z Resolving deltas:  13% (76/578)
2025-07-16T02:01:31.3031247Z Resolving deltas:  14% (81/578)
2025-07-16T02:01:31.3038261Z Resolving deltas:  15% (87/578)
2025-07-16T02:01:31.3043864Z Resolving deltas:  16% (93/578)
2025-07-16T02:01:31.3045409Z Resolving deltas:  17% (99/578)
2025-07-16T02:01:31.3046589Z Resolving deltas:  18% (105/578)
2025-07-16T02:01:31.3047657Z Resolving deltas:  19% (110/578)
2025-07-16T02:01:31.3126057Z Resolving deltas:  20% (116/578)
2025-07-16T02:01:31.3128149Z Resolving deltas:  21% (122/578)
2025-07-16T02:01:31.3130000Z Resolving deltas:  22% (128/578)
2025-07-16T02:01:31.3131556Z Resolving deltas:  23% (133/578)
2025-07-16T02:01:31.3133037Z Resolving deltas:  24% (139/578)
2025-07-16T02:01:31.3134510Z Resolving deltas:  25% (145/578)
2025-07-16T02:01:31.3136020Z Resolving deltas:  26% (151/578)
2025-07-16T02:01:31.3137518Z Resolving deltas:  27% (157/578)
2025-07-16T02:01:31.3139186Z Resolving deltas:  28% (162/578)
2025-07-16T02:01:31.3140685Z Resolving deltas:  29% (168/578)
2025-07-16T02:01:31.3142255Z Resolving deltas:  30% (174/578)
2025-07-16T02:01:31.3143923Z Resolving deltas:  31% (180/578)
2025-07-16T02:01:31.3145435Z Resolving deltas:  32% (185/578)
2025-07-16T02:01:31.3146999Z Resolving deltas:  33% (191/578)
2025-07-16T02:01:31.3148922Z Resolving deltas:  34% (197/578)
2025-07-16T02:01:31.3150273Z Resolving deltas:  35% (203/578)
2025-07-16T02:01:31.3151878Z Resolving deltas:  36% (209/578)
2025-07-16T02:01:31.3153396Z Resolving deltas:  37% (214/578)
2025-07-16T02:01:31.3154918Z Resolving deltas:  38% (220/578)
2025-07-16T02:01:31.3156524Z Resolving deltas:  39% (226/578)
2025-07-16T02:01:31.3158433Z Resolving deltas:  40% (232/578)
2025-07-16T02:01:31.3159696Z Resolving deltas:  41% (237/578)
2025-07-16T02:01:31.3160873Z Resolving deltas:  42% (243/578)
2025-07-16T02:01:31.3162420Z Resolving deltas:  43% (249/578)
2025-07-16T02:01:31.3163788Z Resolving deltas:  44% (255/578)
2025-07-16T02:01:31.3166415Z Resolving deltas:  45% (261/578)
2025-07-16T02:01:31.3170362Z Resolving deltas:  46% (266/578)
2025-07-16T02:01:31.3175486Z Resolving deltas:  47% (272/578)
2025-07-16T02:01:31.3182284Z Resolving deltas:  48% (278/578)
2025-07-16T02:01:31.3193253Z Resolving deltas:  49% (284/578)
2025-07-16T02:01:31.3198482Z Resolving deltas:  50% (289/578)
2025-07-16T02:01:31.3204562Z Resolving deltas:  51% (295/578)
2025-07-16T02:01:31.3208517Z Resolving deltas:  52% (301/578)
2025-07-16T02:01:31.3217339Z Resolving deltas:  53% (307/578)
2025-07-16T02:01:31.3219645Z Resolving deltas:  54% (313/578)
2025-07-16T02:01:31.3227489Z Resolving deltas:  55% (318/578)
2025-07-16T02:01:31.3230622Z Resolving deltas:  56% (325/578)
2025-07-16T02:01:31.3233012Z Resolving deltas:  57% (330/578)
2025-07-16T02:01:31.3237366Z Resolving deltas:  58% (336/578)
2025-07-16T02:01:31.3249975Z Resolving deltas:  59% (342/578)
2025-07-16T02:01:31.3255667Z Resolving deltas:  60% (347/578)
2025-07-16T02:01:31.3260811Z Resolving deltas:  61% (353/578)
2025-07-16T02:01:31.3269101Z Resolving deltas:  62% (359/578)
2025-07-16T02:01:31.3273538Z Resolving deltas:  63% (365/578)
2025-07-16T02:01:31.3282714Z Resolving deltas:  64% (371/578)
2025-07-16T02:01:31.3287732Z Resolving deltas:  65% (376/578)
2025-07-16T02:01:31.3290172Z Resolving deltas:  66% (382/578)
2025-07-16T02:01:31.3294750Z Resolving deltas:  67% (388/578)
2025-07-16T02:01:31.3299232Z Resolving deltas:  68% (394/578)
2025-07-16T02:01:31.3302363Z Resolving deltas:  69% (399/578)
2025-07-16T02:01:31.3307481Z Resolving deltas:  70% (405/578)
2025-07-16T02:01:31.3312372Z Resolving deltas:  71% (411/578)
2025-07-16T02:01:31.3316596Z Resolving deltas:  72% (417/578)
2025-07-16T02:01:31.3324102Z Resolving deltas:  73% (422/578)
2025-07-16T02:01:31.3327173Z Resolving deltas:  74% (428/578)
2025-07-16T02:01:31.3331341Z Resolving deltas:  75% (434/578)
2025-07-16T02:01:31.3340351Z Resolving deltas:  76% (440/578)
2025-07-16T02:01:31.3346795Z Resolving deltas:  77% (446/578)
2025-07-16T02:01:31.3351664Z Resolving deltas:  78% (451/578)
2025-07-16T02:01:31.3357066Z Resolving deltas:  79% (457/578)
2025-07-16T02:01:31.3362013Z Resolving deltas:  80% (463/578)
2025-07-16T02:01:31.3365844Z Resolving deltas:  81% (469/578)
2025-07-16T02:01:31.3368426Z Resolving deltas:  82% (474/578)
2025-07-16T02:01:31.3369999Z Resolving deltas:  83% (480/578)
2025-07-16T02:01:31.3384531Z Resolving deltas:  84% (486/578)
2025-07-16T02:01:31.3399536Z Resolving deltas:  85% (492/578)
2025-07-16T02:01:31.3401728Z Resolving deltas:  86% (498/578)
2025-07-16T02:01:31.3407777Z Resolving deltas:  87% (503/578)
2025-07-16T02:01:31.3422540Z Resolving deltas:  88% (509/578)
2025-07-16T02:01:31.3433156Z Resolving deltas:  89% (515/578)
2025-07-16T02:01:31.3435222Z Resolving deltas:  90% (521/578)
2025-07-16T02:01:31.3439382Z Resolving deltas:  91% (526/578)
2025-07-16T02:01:31.3441005Z Resolving deltas:  92% (533/578)
2025-07-16T02:01:31.3442596Z Resolving deltas:  93% (538/578)
2025-07-16T02:01:31.3444546Z Resolving deltas:  94% (544/578)
2025-07-16T02:01:31.3446027Z Resolving deltas:  95% (550/578)
2025-07-16T02:01:31.3447490Z Resolving deltas:  96% (555/578)
2025-07-16T02:01:31.3449180Z Resolving deltas:  97% (561/578)
2025-07-16T02:01:31.3450613Z Resolving deltas:  98% (567/578)
2025-07-16T02:01:31.3451862Z Resolving deltas:  99% (573/578)
2025-07-16T02:01:31.3453291Z Resolving deltas: 100% (578/578)
2025-07-16T02:01:31.3454309Z Resolving deltas: 100% (578/578), done.
2025-07-16T02:01:31.3647460Z From https://github.com/Dinesh-4/Devops
2025-07-16T02:01:31.3649253Z  * [new ref]         d6225dde5a8c2d364dc7a99529ec18d7810e3ecc -> origin/main
2025-07-16T02:01:31.3676169Z ##[endgroup]
2025-07-16T02:01:31.3678066Z ##[group]Determining the checkout info
2025-07-16T02:01:31.3679642Z ##[endgroup]
2025-07-16T02:01:31.3680859Z ##[group]Checking out the ref
2025-07-16T02:01:31.3682722Z [command]/usr/bin/git checkout --progress --force -B main refs/remotes/origin/main
2025-07-16T02:01:31.7191440Z Switched to a new branch 'main'
2025-07-16T02:01:31.7193370Z branch 'main' set up to track 'origin/main'.
2025-07-16T02:01:31.7211340Z ##[endgroup]
2025-07-16T02:01:31.7245962Z [command]/usr/bin/git log -1 --format='%H'
2025-07-16T02:01:31.7268458Z 'd6225dde5a8c2d364dc7a99529ec18d7810e3ecc'
2025-07-16T02:01:31.7556445Z ##[group]Run actions/setup-python@v4
2025-07-16T02:01:31.7557436Z with:
2025-07-16T02:01:31.7558386Z   python-version: 3.10
2025-07-16T02:01:31.7559189Z   check-latest: false
2025-07-16T02:01:31.7560244Z   token: ***
2025-07-16T02:01:31.7560968Z   update-environment: true
2025-07-16T02:01:31.7561870Z   allow-prereleases: false
2025-07-16T02:01:31.7562723Z ##[endgroup]
2025-07-16T02:01:31.9257699Z ##[group]Installed versions
2025-07-16T02:01:31.9346241Z Successfully set up CPython (3.10.18)
2025-07-16T02:01:31.9349027Z ##[endgroup]
2025-07-16T02:01:31.9500739Z ##[group]Run python -m pip install --upgrade pip
2025-07-16T02:01:31.9502103Z [36;1mpython -m pip install --upgrade pip[0m
2025-07-16T02:01:31.9503285Z [36;1mpip install -r requirements.txt[0m
2025-07-16T02:01:31.9548249Z shell: /usr/bin/bash -e {0}
2025-07-16T02:01:31.9549175Z env:
2025-07-16T02:01:31.9550100Z   pythonLocation: /opt/hostedtoolcache/Python/3.10.18/x64
2025-07-16T02:01:31.9551752Z   PKG_CONFIG_PATH: /opt/hostedtoolcache/Python/3.10.18/x64/lib/pkgconfig
2025-07-16T02:01:31.9553366Z   Python_ROOT_DIR: /opt/hostedtoolcache/Python/3.10.18/x64
2025-07-16T02:01:31.9554804Z   Python2_ROOT_DIR: /opt/hostedtoolcache/Python/3.10.18/x64
2025-07-16T02:01:31.9556259Z   Python3_ROOT_DIR: /opt/hostedtoolcache/Python/3.10.18/x64
2025-07-16T02:01:31.9557710Z   LD_LIBRARY_PATH: /opt/hostedtoolcache/Python/3.10.18/x64/lib
2025-07-16T02:01:31.9559048Z ##[endgroup]
2025-07-16T02:01:32.5710723Z Requirement already satisfied: pip in /opt/hostedtoolcache/Python/3.10.18/x64/lib/python3.10/site-packages (25.1.1)
2025-07-16T02:01:33.3198958Z Collecting Flask==3.1.0 (from -r requirements.txt (line 1))
2025-07-16T02:01:33.3869595Z   Downloading flask-3.1.0-py3-none-any.whl.metadata (2.7 kB)
2025-07-16T02:01:33.4093487Z Collecting Flask-PyMongo==3.0.1 (from -r requirements.txt (line 2))
2025-07-16T02:01:33.4207069Z   Downloading flask_pymongo-3.0.1-py3-none-any.whl.metadata (3.5 kB)
2025-07-16T02:01:33.4839678Z Collecting pytest==8.2.1 (from -r requirements.txt (line 3))
2025-07-16T02:01:33.4951583Z   Downloading pytest-8.2.1-py3-none-any.whl.metadata (7.6 kB)
2025-07-16T02:01:33.5176719Z Collecting blinker==1.9.0 (from -r requirements.txt (line 4))
2025-07-16T02:01:33.5280544Z   Downloading blinker-1.9.0-py3-none-any.whl.metadata (1.6 kB)
2025-07-16T02:01:33.5546521Z Collecting certifi==2025.7.14 (from -r requirements.txt (line 5))
2025-07-16T02:01:33.5651102Z   Downloading certifi-2025.7.14-py3-none-any.whl.metadata (2.4 kB)
2025-07-16T02:01:33.6662848Z Collecting charset-normalizer==3.4.2 (from -r requirements.txt (line 6))
2025-07-16T02:01:33.6773619Z   Downloading charset_normalizer-3.4.2-cp310-cp310-manylinux_2_17_x86_64.manylinux2014_x86_64.whl.metadata (35 kB)
2025-07-16T02:01:33.7111183Z Collecting click==8.2.1 (from -r requirements.txt (line 7))
2025-07-16T02:01:33.7227462Z   Downloading click-8.2.1-py3-none-any.whl.metadata (2.5 kB)
2025-07-16T02:01:33.7458408Z Collecting dnspython==2.7.0 (from -r requirements.txt (line 8))
2025-07-16T02:01:33.7565229Z   Downloading dnspython-2.7.0-py3-none-any.whl.metadata (5.8 kB)
2025-07-16T02:01:33.7822960Z Collecting idna==3.10 (from -r requirements.txt (line 9))
2025-07-16T02:01:33.7928504Z   Downloading idna-3.10-py3-none-any.whl.metadata (10 kB)
2025-07-16T02:01:33.8154857Z Collecting itsdangerous==2.2.0 (from -r requirements.txt (line 10))
2025-07-16T02:01:33.8261214Z   Downloading itsdangerous-2.2.0-py3-none-any.whl.metadata (1.9 kB)
2025-07-16T02:01:33.8509159Z Collecting Jinja2==3.1.6 (from -r requirements.txt (line 11))
2025-07-16T02:01:33.8619887Z   Downloading jinja2-3.1.6-py3-none-any.whl.metadata (2.9 kB)
2025-07-16T02:01:33.9288196Z Collecting MarkupSafe==3.0.2 (from -r requirements.txt (line 12))
2025-07-16T02:01:33.9403497Z   Downloading MarkupSafe-3.0.2-cp310-cp310-manylinux_2_17_x86_64.manylinux2014_x86_64.whl.metadata (4.0 kB)
2025-07-16T02:01:33.9602668Z Collecting paho-mqtt==2.1.0 (from -r requirements.txt (line 13))
2025-07-16T02:01:33.9723198Z   Downloading paho_mqtt-2.1.0-py3-none-any.whl.metadata (23 kB)
2025-07-16T02:01:34.3285724Z Collecting pymongo==4.13.2 (from -r requirements.txt (line 14))
2025-07-16T02:01:34.3400946Z   Downloading pymongo-4.13.2-cp310-cp310-manylinux_2_17_x86_64.manylinux2014_x86_64.whl.metadata (22 kB)
2025-07-16T02:01:34.3729154Z Collecting python-dotenv==1.1.1 (from -r requirements.txt (line 15))
2025-07-16T02:01:34.3837093Z   Downloading python_dotenv-1.1.1-py3-none-any.whl.metadata (24 kB)
2025-07-16T02:01:34.4207515Z Collecting requests==2.32.4 (from -r requirements.txt (line 16))
2025-07-16T02:01:34.4320109Z   Downloading requests-2.32.4-py3-none-any.whl.metadata (4.9 kB)
2025-07-16T02:01:34.4669510Z Collecting urllib3==2.5.0 (from -r requirements.txt (line 17))
2025-07-16T02:01:34.4779488Z   Downloading urllib3-2.5.0-py3-none-any.whl.metadata (6.5 kB)
2025-07-16T02:01:34.5095900Z Collecting Werkzeug==3.1.3 (from -r requirements.txt (line 18))
2025-07-16T02:01:34.5201692Z   Downloading werkzeug-3.1.3-py3-none-any.whl.metadata (3.7 kB)
2025-07-16T02:01:34.6038057Z Collecting autodevops-cli==0.1.1 (from -r requirements.txt (line 19))
2025-07-16T02:01:34.6150497Z   Downloading autodevops_cli-0.1.1-py3-none-any.whl.metadata (494 bytes)
2025-07-16T02:01:34.6327622Z Collecting iniconfig==2.1.0 (from -r requirements.txt (line 20))
2025-07-16T02:01:34.6436048Z   Downloading iniconfig-2.1.0-py3-none-any.whl.metadata (2.7 kB)
2025-07-16T02:01:34.6655749Z Collecting loguru==0.7.3 (from -r requirements.txt (line 21))
2025-07-16T02:01:34.6765863Z   Downloading loguru-0.7.3-py3-none-any.whl.metadata (22 kB)
2025-07-16T02:01:34.7094933Z Collecting markdown-it-py==3.0.0 (from -r requirements.txt (line 22))
2025-07-16T02:01:34.7202328Z   Downloading markdown_it_py-3.0.0-py3-none-any.whl.metadata (6.9 kB)
2025-07-16T02:01:34.7435685Z Collecting mdurl==0.1.2 (from -r requirements.txt (line 23))
2025-07-16T02:01:34.7537243Z   Downloading mdurl-0.1.2-py3-none-any.whl.metadata (1.6 kB)
2025-07-16T02:01:34.7834391Z Collecting mongomock==4.3.0 (from -r requirements.txt (line 24))
2025-07-16T02:01:34.7946983Z   Downloading mongomock-4.3.0-py2.py3-none-any.whl.metadata (12 kB)
2025-07-16T02:01:34.8197525Z Collecting packaging==25.0 (from -r requirements.txt (line 25))
2025-07-16T02:01:34.8305798Z   Downloading packaging-25.0-py3-none-any.whl.metadata (3.3 kB)
2025-07-16T02:01:34.8518989Z Collecting pluggy==1.6.0 (from -r requirements.txt (line 26))
2025-07-16T02:01:34.8627585Z   Downloading pluggy-1.6.0-py3-none-any.whl.metadata (4.8 kB)
2025-07-16T02:01:34.8935686Z Collecting Pygments==2.19.2 (from -r requirements.txt (line 27))
2025-07-16T02:01:34.9048491Z   Downloading pygments-2.19.2-py3-none-any.whl.metadata (2.5 kB)
2025-07-16T02:01:34.9536784Z Collecting pytz==2025.2 (from -r requirements.txt (line 28))
2025-07-16T02:01:34.9651593Z   Downloading pytz-2025.2-py2.py3-none-any.whl.metadata (22 kB)
2025-07-16T02:01:35.0205507Z Collecting rich==14.0.0 (from -r requirements.txt (line 29))
2025-07-16T02:01:35.0318506Z   Downloading rich-14.0.0-py3-none-any.whl.metadata (18 kB)
2025-07-16T02:01:35.0523124Z Collecting sentinels==1.0.0 (from -r requirements.txt (line 30))
2025-07-16T02:01:35.0636881Z   Downloading sentinels-1.0.0.tar.gz (4.1 kB)
2025-07-16T02:01:35.0737566Z   Installing build dependencies: started
2025-07-16T02:01:36.0757714Z   Installing build dependencies: finished with status 'done'
2025-07-16T02:01:36.0766289Z   Getting requirements to build wheel: started
2025-07-16T02:01:36.4304549Z   Getting requirements to build wheel: finished with status 'done'
2025-07-16T02:01:36.4314545Z   Preparing metadata (pyproject.toml): started
2025-07-16T02:01:36.6172047Z   Preparing metadata (pyproject.toml): finished with status 'done'
2025-07-16T02:01:36.6400534Z Collecting sh==2.2.2 (from -r requirements.txt (line 31))
2025-07-16T02:01:36.6521959Z   Downloading sh-2.2.2-py3-none-any.whl.metadata (3.7 kB)
2025-07-16T02:01:36.7043315Z Collecting exceptiongroup>=1.0.0rc8 (from pytest==8.2.1->-r requirements.txt (line 3))
2025-07-16T02:01:36.7150543Z   Downloading exceptiongroup-1.3.0-py3-none-any.whl.metadata (6.7 kB)
2025-07-16T02:01:36.7399832Z Collecting tomli>=1 (from pytest==8.2.1->-r requirements.txt (line 3))
2025-07-16T02:01:36.7504519Z   Downloading tomli-2.2.1-py3-none-any.whl.metadata (10 kB)
2025-07-16T02:01:36.8360874Z Collecting typing-extensions<5.0,>=4.0.0 (from rich==14.0.0->-r requirements.txt (line 29))
2025-07-16T02:01:36.8470158Z   Downloading typing_extensions-4.14.1-py3-none-any.whl.metadata (3.0 kB)
2025-07-16T02:01:36.8738591Z Downloading flask-3.1.0-py3-none-any.whl (102 kB)
2025-07-16T02:01:36.8966629Z Downloading flask_pymongo-3.0.1-py3-none-any.whl (11 kB)
2025-07-16T02:01:36.9121410Z Downloading pytest-8.2.1-py3-none-any.whl (339 kB)
2025-07-16T02:01:36.9354536Z Downloading pluggy-1.6.0-py3-none-any.whl (20 kB)
2025-07-16T02:01:36.9556859Z Downloading blinker-1.9.0-py3-none-any.whl (8.5 kB)
2025-07-16T02:01:36.9686074Z Downloading certifi-2025.7.14-py3-none-any.whl (162 kB)
2025-07-16T02:01:36.9845598Z Downloading charset_normalizer-3.4.2-cp310-cp310-manylinux_2_17_x86_64.manylinux2014_x86_64.whl (149 kB)
2025-07-16T02:01:36.9976560Z Downloading click-8.2.1-py3-none-any.whl (102 kB)
2025-07-16T02:01:37.0110808Z Downloading dnspython-2.7.0-py3-none-any.whl (313 kB)
2025-07-16T02:01:37.0262555Z Downloading idna-3.10-py3-none-any.whl (70 kB)
2025-07-16T02:01:37.0393610Z Downloading itsdangerous-2.2.0-py3-none-any.whl (16 kB)
2025-07-16T02:01:37.0522483Z Downloading jinja2-3.1.6-py3-none-any.whl (134 kB)
2025-07-16T02:01:37.0659197Z Downloading MarkupSafe-3.0.2-cp310-cp310-manylinux_2_17_x86_64.manylinux2014_x86_64.whl (20 kB)
2025-07-16T02:01:37.0800876Z Downloading paho_mqtt-2.1.0-py3-none-any.whl (67 kB)
2025-07-16T02:01:37.0980039Z Downloading pymongo-4.13.2-cp310-cp310-manylinux_2_17_x86_64.manylinux2014_x86_64.whl (1.2 MB)
2025-07-16T02:01:37.1154410Z    ━━━━━━━━━━━━━━━━━━━━━━━━━━━━━━━━━━━━━━━━ 1.2/1.2 MB 65.4 MB/s eta 0:00:00
2025-07-16T02:01:37.1259754Z Downloading python_dotenv-1.1.1-py3-none-any.whl (20 kB)
2025-07-16T02:01:37.1387101Z Downloading requests-2.32.4-py3-none-any.whl (64 kB)
2025-07-16T02:01:37.1515273Z Downloading urllib3-2.5.0-py3-none-any.whl (129 kB)
2025-07-16T02:01:37.1644497Z Downloading werkzeug-3.1.3-py3-none-any.whl (224 kB)
2025-07-16T02:01:37.1786368Z Downloading autodevops_cli-0.1.1-py3-none-any.whl (4.1 kB)
2025-07-16T02:01:37.1910743Z Downloading iniconfig-2.1.0-py3-none-any.whl (6.0 kB)
2025-07-16T02:01:37.2201140Z Downloading loguru-0.7.3-py3-none-any.whl (61 kB)
2025-07-16T02:01:37.2370619Z Downloading markdown_it_py-3.0.0-py3-none-any.whl (87 kB)
2025-07-16T02:01:37.2516481Z Downloading mdurl-0.1.2-py3-none-any.whl (10.0 kB)
2025-07-16T02:01:37.2658343Z Downloading mongomock-4.3.0-py2.py3-none-any.whl (64 kB)
2025-07-16T02:01:37.2787330Z Downloading packaging-25.0-py3-none-any.whl (66 kB)
2025-07-16T02:01:37.2918802Z Downloading pygments-2.19.2-py3-none-any.whl (1.2 MB)
2025-07-16T02:01:37.3019012Z    ━━━━━━━━━━━━━━━━━━━━━━━━━━━━━━━━━━━━━━━━ 1.2/1.2 MB 152.5 MB/s eta 0:00:00
2025-07-16T02:01:37.3131551Z Downloading pytz-2025.2-py2.py3-none-any.whl (509 kB)
2025-07-16T02:01:37.3283758Z Downloading rich-14.0.0-py3-none-any.whl (243 kB)
2025-07-16T02:01:37.3428642Z Downloading sh-2.2.2-py3-none-any.whl (38 kB)
2025-07-16T02:01:37.3553523Z Downloading typing_extensions-4.14.1-py3-none-any.whl (43 kB)
2025-07-16T02:01:37.3682127Z Downloading exceptiongroup-1.3.0-py3-none-any.whl (16 kB)
2025-07-16T02:01:37.3810515Z Downloading tomli-2.2.1-py3-none-any.whl (14 kB)
2025-07-16T02:01:37.4176639Z Building wheels for collected packages: sentinels
2025-07-16T02:01:37.4187264Z   Building wheel for sentinels (pyproject.toml): started
2025-07-16T02:01:37.6271632Z   Building wheel for sentinels (pyproject.toml): finished with status 'done'
2025-07-16T02:01:37.6277222Z   Created wheel for sentinels: filename=sentinels-1.0.0-py3-none-any.whl size=3229 sha256=e55821462bf26b48a7e3e54901b7594e270446306810fac7bbbcbc255c09cbf0
2025-07-16T02:01:37.6279733Z   Stored in directory: /home/runner/.cache/pip/wheels/26/bc/eb/67e56405e0684b3d8c011cf4d18129c41be394775fd5ba2347
2025-07-16T02:01:37.6295837Z Successfully built sentinels
2025-07-16T02:01:37.7038850Z Installing collected packages: sentinels, pytz, urllib3, typing-extensions, tomli, sh, python-dotenv, Pygments, pluggy, paho-mqtt, packaging, mdurl, MarkupSafe, loguru, itsdangerous, iniconfig, idna, dnspython, click, charset-normalizer, certifi, blinker, Werkzeug, requests, pymongo, mongomock, markdown-it-py, Jinja2, exceptiongroup, rich, pytest, Flask, Flask-PyMongo, autodevops-cli
2025-07-16T02:01:40.2616629Z 
2025-07-16T02:01:40.2678329Z Successfully installed Flask-3.1.0 Flask-PyMongo-3.0.1 Jinja2-3.1.6 MarkupSafe-3.0.2 Pygments-2.19.2 Werkzeug-3.1.3 autodevops-cli-0.1.1 blinker-1.9.0 certifi-2025.7.14 charset-normalizer-3.4.2 click-8.2.1 dnspython-2.7.0 exceptiongroup-1.3.0 idna-3.10 iniconfig-2.1.0 itsdangerous-2.2.0 loguru-0.7.3 markdown-it-py-3.0.0 mdurl-0.1.2 mongomock-4.3.0 packaging-25.0 paho-mqtt-2.1.0 pluggy-1.6.0 pymongo-4.13.2 pytest-8.2.1 python-dotenv-1.1.1 pytz-2025.2 requests-2.32.4 rich-14.0.0 sentinels-1.0.0 sh-2.2.2 tomli-2.2.1 typing-extensions-4.14.1 urllib3-2.5.0
2025-07-16T02:01:40.4649619Z ##[group]Run export PYTHONPATH=.
2025-07-16T02:01:40.4649945Z [36;1mexport PYTHONPATH=.[0m
2025-07-16T02:01:40.4650188Z [36;1mpytest test_main.py -v[0m
2025-07-16T02:01:40.4679092Z shell: /usr/bin/bash -e {0}
2025-07-16T02:01:40.4679322Z env:
2025-07-16T02:01:40.4679579Z   pythonLocation: /opt/hostedtoolcache/Python/3.10.18/x64
2025-07-16T02:01:40.4679989Z   PKG_CONFIG_PATH: /opt/hostedtoolcache/Python/3.10.18/x64/lib/pkgconfig
2025-07-16T02:01:40.4680382Z   Python_ROOT_DIR: /opt/hostedtoolcache/Python/3.10.18/x64
2025-07-16T02:01:40.4680720Z   Python2_ROOT_DIR: /opt/hostedtoolcache/Python/3.10.18/x64
2025-07-16T02:01:40.4681067Z   Python3_ROOT_DIR: /opt/hostedtoolcache/Python/3.10.18/x64
2025-07-16T02:01:40.4681407Z   LD_LIBRARY_PATH: /opt/hostedtoolcache/Python/3.10.18/x64/lib
2025-07-16T02:01:40.4681693Z ##[endgroup]
2025-07-16T02:01:40.7044862Z ============================= test session starts ==============================
2025-07-16T02:01:40.7045899Z platform linux -- Python 3.10.18, pytest-8.2.1, pluggy-1.6.0 -- /opt/hostedtoolcache/Python/3.10.18/x64/bin/python
2025-07-16T02:01:40.7046704Z cachedir: .pytest_cache
2025-07-16T02:01:40.7047125Z rootdir: /home/runner/work/Devops/Devops
2025-07-16T02:01:40.9089693Z collecting ... collected 7 items
2025-07-16T02:01:40.9090529Z 
2025-07-16T02:01:40.9186065Z test_main.py::test_home_page PASSED                                      [ 14%]
2025-07-16T02:01:40.9350019Z test_main.py::test_admin_dashboard PASSED                                [ 28%]
2025-07-16T02:01:40.9414684Z test_main.py::test_student_dashboard PASSED                              [ 42%]
2025-07-16T02:01:40.9458573Z test_main.py::test_generate_attendance_no_input PASSED                   [ 57%]
2025-07-16T02:01:40.9502646Z test_main.py::test_student_generate_attendance_invalid PASSED            [ 71%]
2025-07-16T02:01:40.9564152Z test_main.py::test_register_user_get PASSED                              [ 85%]
2025-07-16T02:01:40.9624620Z test_main.py::test_receive_rfid_missing PASSED                           [100%]
2025-07-16T02:01:40.9625111Z 
2025-07-16T02:01:40.9625301Z ============================== 7 passed in 0.26s ===============================
2025-07-16T02:01:41.0163398Z ##[group]Run docker/login-action@v3
2025-07-16T02:01:41.0163669Z with:
2025-07-16T02:01:41.0163999Z   username: ***
2025-07-16T02:01:41.0164241Z   password: ***
2025-07-16T02:01:41.0164424Z   ecr: auto
2025-07-16T02:01:41.0164592Z   logout: true
2025-07-16T02:01:41.0164755Z env:
2025-07-16T02:01:41.0164992Z   pythonLocation: /opt/hostedtoolcache/Python/3.10.18/x64
2025-07-16T02:01:41.0165389Z   PKG_CONFIG_PATH: /opt/hostedtoolcache/Python/3.10.18/x64/lib/pkgconfig
2025-07-16T02:01:41.0165773Z   Python_ROOT_DIR: /opt/hostedtoolcache/Python/3.10.18/x64
2025-07-16T02:01:41.0166120Z   Python2_ROOT_DIR: /opt/hostedtoolcache/Python/3.10.18/x64
2025-07-16T02:01:41.0166466Z   Python3_ROOT_DIR: /opt/hostedtoolcache/Python/3.10.18/x64
2025-07-16T02:01:41.0166816Z   LD_LIBRARY_PATH: /opt/hostedtoolcache/Python/3.10.18/x64/lib
2025-07-16T02:01:41.0167103Z ##[endgroup]
2025-07-16T02:01:41.3076290Z Logging into Docker Hub...
2025-07-16T02:01:41.9802619Z Login Succeeded!
2025-07-16T02:01:41.9934958Z ##[group]Run docker build -t ***/flask-ci-cd-demo .
2025-07-16T02:01:41.9935414Z [36;1mdocker build -t ***/flask-ci-cd-demo .[0m
2025-07-16T02:01:41.9963300Z shell: /usr/bin/bash -e {0}
2025-07-16T02:01:41.9963526Z env:
2025-07-16T02:01:41.9963773Z   pythonLocation: /opt/hostedtoolcache/Python/3.10.18/x64
2025-07-16T02:01:41.9964185Z   PKG_CONFIG_PATH: /opt/hostedtoolcache/Python/3.10.18/x64/lib/pkgconfig
2025-07-16T02:01:41.9964584Z   Python_ROOT_DIR: /opt/hostedtoolcache/Python/3.10.18/x64
2025-07-16T02:01:41.9964941Z   Python2_ROOT_DIR: /opt/hostedtoolcache/Python/3.10.18/x64
2025-07-16T02:01:41.9965280Z   Python3_ROOT_DIR: /opt/hostedtoolcache/Python/3.10.18/x64
2025-07-16T02:01:41.9965633Z   LD_LIBRARY_PATH: /opt/hostedtoolcache/Python/3.10.18/x64/lib
2025-07-16T02:01:41.9965926Z ##[endgroup]
2025-07-16T02:01:44.1861987Z #0 building with "default" instance using docker driver
2025-07-16T02:01:44.1862360Z 
2025-07-16T02:01:44.1862576Z #1 [internal] load build definition from Dockerfile
2025-07-16T02:01:44.1862926Z #1 transferring dockerfile: 798B done
2025-07-16T02:01:44.1863193Z #1 DONE 0.0s
2025-07-16T02:01:44.1863316Z 
2025-07-16T02:01:44.1863508Z #2 [internal] load metadata for docker.io/library/python:3.10-slim
2025-07-16T02:01:44.3935884Z #2 ...
2025-07-16T02:01:44.3943999Z 
2025-07-16T02:01:44.3944376Z #3 [auth] library/python:pull token for registry-1.docker.io
2025-07-16T02:01:44.3944942Z #3 DONE 0.0s
2025-07-16T02:01:44.5415363Z 
2025-07-16T02:01:44.5415913Z #2 [internal] load metadata for docker.io/library/python:3.10-slim
2025-07-16T02:01:45.0107351Z #2 DONE 1.0s
2025-07-16T02:01:45.1322076Z 
2025-07-16T02:01:45.1322995Z #4 [internal] load .dockerignore
2025-07-16T02:01:45.1323817Z #4 transferring context: 2B done
2025-07-16T02:01:45.1324534Z #4 DONE 0.0s
2025-07-16T02:01:45.1326625Z 
2025-07-16T02:01:45.1327217Z #5 [1/6] FROM docker.io/library/python:3.10-slim@sha256:9dd6774a1276178f94b0cc1fb1f0edd980825d0ea7634847af9940b1b6273c13
2025-07-16T02:01:45.1328861Z #5 resolve docker.io/library/python:3.10-slim@sha256:9dd6774a1276178f94b0cc1fb1f0edd980825d0ea7634847af9940b1b6273c13 done
2025-07-16T02:01:45.1330354Z #5 sha256:3da95a905ed546f99c4564407923a681757d89651a388ec3f1f5e9bf5ed0b39d 0B / 28.23MB 0.1s
2025-07-16T02:01:45.1331408Z #5 sha256:0ebcc011f0ec7a9a900f7366b104730396a59032e64f04f3867a75f25ed48280 0B / 3.51MB 0.1s
2025-07-16T02:01:45.1332429Z #5 sha256:92d63ec5cbeb1348bad42929919fd8e78f38d96e388b5509d2929d76ddafb48e 0B / 15.65MB 0.1s
2025-07-16T02:01:45.1333515Z #5 sha256:9dd6774a1276178f94b0cc1fb1f0edd980825d0ea7634847af9940b1b6273c13 9.13kB / 9.13kB done
2025-07-16T02:01:45.1334583Z #5 sha256:c5dbd5ba857839a0aa9db765ea519c1514a40da811b4cf08c852b72fab4379d5 1.75kB / 1.75kB done
2025-07-16T02:01:45.1335654Z #5 sha256:563dffbdc42507a70677ee28b4bb678ad9074e3c9f75e3043523a38dcdf4f553 5.37kB / 5.37kB done
2025-07-16T02:01:45.3358570Z #5 sha256:3da95a905ed546f99c4564407923a681757d89651a388ec3f1f5e9bf5ed0b39d 8.23MB / 28.23MB 0.3s
2025-07-16T02:01:45.5321303Z #5 sha256:3da95a905ed546f99c4564407923a681757d89651a388ec3f1f5e9bf5ed0b39d 22.02MB / 28.23MB 0.5s
2025-07-16T02:01:45.5322930Z #5 sha256:0ebcc011f0ec7a9a900f7366b104730396a59032e64f04f3867a75f25ed48280 3.51MB / 3.51MB 0.3s done
2025-07-16T02:01:45.5324308Z #5 sha256:92d63ec5cbeb1348bad42929919fd8e78f38d96e388b5509d2929d76ddafb48e 15.65MB / 15.65MB 0.5s
2025-07-16T02:01:45.5325670Z #5 sha256:64b78282ca88b226c404cb8dfdee72b75eea52c9ac7380c0439b6e03992e483f 248B / 248B 0.5s done
2025-07-16T02:01:45.6378077Z #5 ...
2025-07-16T02:01:45.6378509Z 
2025-07-16T02:01:45.6378667Z #6 [internal] load build context
2025-07-16T02:01:45.6379076Z #6 transferring context: 64.96MB 0.6s done
2025-07-16T02:01:45.6379331Z #6 DONE 0.6s
2025-07-16T02:01:45.6379442Z 
2025-07-16T02:01:45.6379785Z #5 [1/6] FROM docker.io/library/python:3.10-slim@sha256:9dd6774a1276178f94b0cc1fb1f0edd980825d0ea7634847af9940b1b6273c13
2025-07-16T02:01:45.6380467Z #5 sha256:3da95a905ed546f99c4564407923a681757d89651a388ec3f1f5e9bf5ed0b39d 28.23MB / 28.23MB 0.6s done
2025-07-16T02:01:45.6381428Z #5 sha256:92d63ec5cbeb1348bad42929919fd8e78f38d96e388b5509d2929d76ddafb48e 15.65MB / 15.65MB 0.5s done
2025-07-16T02:01:45.6382056Z #5 extracting sha256:3da95a905ed546f99c4564407923a681757d89651a388ec3f1f5e9bf5ed0b39d
2025-07-16T02:01:46.6494593Z #5 extracting sha256:3da95a905ed546f99c4564407923a681757d89651a388ec3f1f5e9bf5ed0b39d 1.0s done
2025-07-16T02:01:46.7994992Z #5 extracting sha256:0ebcc011f0ec7a9a900f7366b104730396a59032e64f04f3867a75f25ed48280 0.1s
2025-07-16T02:01:46.9552404Z #5 extracting sha256:0ebcc011f0ec7a9a900f7366b104730396a59032e64f04f3867a75f25ed48280 0.1s done
2025-07-16T02:01:47.0779669Z #5 extracting sha256:92d63ec5cbeb1348bad42929919fd8e78f38d96e388b5509d2929d76ddafb48e
2025-07-16T02:01:47.7059756Z #5 extracting sha256:92d63ec5cbeb1348bad42929919fd8e78f38d96e388b5509d2929d76ddafb48e 0.6s done
2025-07-16T02:01:47.9550007Z #5 extracting sha256:64b78282ca88b226c404cb8dfdee72b75eea52c9ac7380c0439b6e03992e483f done
2025-07-16T02:01:47.9550695Z #5 DONE 2.8s
2025-07-16T02:01:47.9550918Z 
2025-07-16T02:01:47.9551533Z #7 [2/6] RUN apt-get update &&     apt-get install -y --no-install-recommends     build-essential     curl     nano     git     && rm -rf /var/lib/apt/lists/*
2025-07-16T02:01:47.9667372Z #7 0.162 Get:1 http://deb.debian.org/debian bookworm InRelease [151 kB]
2025-07-16T02:01:48.1227101Z #7 0.187 Get:2 http://deb.debian.org/debian bookworm-updates InRelease [55.4 kB]
2025-07-16T02:01:48.1228318Z #7 0.197 Get:3 http://deb.debian.org/debian-security bookworm-security InRelease [48.0 kB]
2025-07-16T02:01:48.1229225Z #7 0.248 Get:4 http://deb.debian.org/debian bookworm/main amd64 Packages [8793 kB]
2025-07-16T02:01:48.1230105Z #7 0.318 Get:5 http://deb.debian.org/debian bookworm-updates/main amd64 Packages [756 B]
2025-07-16T02:01:48.3008714Z #7 0.346 Get:6 http://deb.debian.org/debian-security bookworm-security/main amd64 Packages [272 kB]
2025-07-16T02:01:48.8773273Z #7 1.073 Fetched 9320 kB in 1s (10.0 MB/s)
2025-07-16T02:01:49.2881212Z #7 1.073 Reading package lists...
2025-07-16T02:01:49.7327419Z #7 1.501 Reading package lists...
2025-07-16T02:01:49.8611120Z #7 1.938 Building dependency tree...
2025-07-16T02:01:49.9692694Z #7 2.056 Reading state information...
2025-07-16T02:01:49.9693519Z #7 2.164 The following additional packages will be installed:
2025-07-16T02:01:50.1219330Z #7 2.164   binutils binutils-common binutils-x86-64-linux-gnu bzip2 cpp cpp-12 dpkg-dev
2025-07-16T02:01:50.1220216Z #7 2.165   g++ g++-12 gcc gcc-12 git-man libasan8 libatomic1 libbinutils libbrotli1
2025-07-16T02:01:50.1220787Z #7 2.165   libc-dev-bin libc6-dev libcc1-0 libcrypt-dev libctf-nobfd0 libctf0
2025-07-16T02:01:50.1221415Z #7 2.165   libcurl3-gnutls libcurl4 libdpkg-perl liberror-perl libexpat1 libgcc-12-dev
2025-07-16T02:01:50.1222043Z #7 2.165   libgdbm-compat4 libgomp1 libgprofng0 libisl23 libitm1 libjansson4
2025-07-16T02:01:50.1222647Z #7 2.165   libldap-2.5-0 liblsan0 libmpc3 libmpfr6 libnghttp2-14 libnsl-dev libperl5.36
2025-07-16T02:01:50.1223300Z #7 2.165   libpsl5 libquadmath0 librtmp1 libsasl2-2 libsasl2-modules-db libssh2-1
2025-07-16T02:01:50.1223923Z #7 2.165   libstdc++-12-dev libtirpc-dev libtsan2 libubsan1 linux-libc-dev make patch
2025-07-16T02:01:50.1224462Z #7 2.165   perl perl-modules-5.36 rpcsvc-proto xz-utils
2025-07-16T02:01:50.1224819Z #7 2.167 Suggested packages:
2025-07-16T02:01:50.1225251Z #7 2.167   binutils-doc bzip2-doc cpp-doc gcc-12-locales cpp-12-doc debian-keyring
2025-07-16T02:01:50.1225854Z #7 2.167   g++-multilib g++-12-multilib gcc-12-doc gcc-multilib manpages-dev autoconf
2025-07-16T02:01:50.1226436Z #7 2.167   automake libtool flex bison gdb gcc-doc gcc-12-multilib gettext-base
2025-07-16T02:01:50.1227158Z #7 2.167   git-daemon-run | git-daemon-sysvinit git-doc git-email git-gui gitk gitweb
2025-07-16T02:01:50.1227775Z #7 2.167   git-cvs git-mediawiki git-svn glibc-doc gnupg | sq | sqop | pgpainless-cli
2025-07-16T02:01:50.1228576Z #7 2.167   sensible-utils bzr libstdc++-12-doc make-doc hunspell ed diffutils-doc
2025-07-16T02:01:50.1229604Z #7 2.167   perl-doc libterm-readline-gnu-perl | libterm-readline-perl-perl
2025-07-16T02:01:50.1230023Z #7 2.167   libtap-harness-archive-perl
2025-07-16T02:01:50.1230311Z #7 2.167 Recommended packages:
2025-07-16T02:01:50.1230666Z #7 2.167   fakeroot gnupg | sq | sqop | pgpainless-cli libalgorithm-merge-perl less
2025-07-16T02:01:50.1231153Z #7 2.167   ssh-client manpages manpages-dev libc-devtools libfile-fcntllock-perl
2025-07-16T02:01:50.1231639Z #7 2.167   liblocale-gettext-perl libldap-common publicsuffix libsasl2-modules
2025-07-16T02:01:50.2219094Z #7 2.417 The following NEW packages will be installed:
2025-07-16T02:01:50.2220057Z #7 2.417   binutils binutils-common binutils-x86-64-linux-gnu build-essential bzip2 cpp
2025-07-16T02:01:50.3237476Z #7 2.417   cpp-12 curl dpkg-dev g++ g++-12 gcc gcc-12 git git-man libasan8 libatomic1
2025-07-16T02:01:50.3238719Z #7 2.417   libbinutils libbrotli1 libc-dev-bin libc6-dev libcc1-0 libcrypt-dev
2025-07-16T02:01:50.3239599Z #7 2.417   libctf-nobfd0 libctf0 libcurl3-gnutls libcurl4 libdpkg-perl liberror-perl
2025-07-16T02:01:50.3240375Z #7 2.417   libexpat1 libgcc-12-dev libgdbm-compat4 libgomp1 libgprofng0 libisl23
2025-07-16T02:01:50.3240918Z #7 2.417   libitm1 libjansson4 libldap-2.5-0 liblsan0 libmpc3 libmpfr6 libnghttp2-14
2025-07-16T02:01:50.3241563Z #7 2.417   libnsl-dev libperl5.36 libpsl5 libquadmath0 librtmp1 libsasl2-2
2025-07-16T02:01:50.3242358Z #7 2.417   libsasl2-modules-db libssh2-1 libstdc++-12-dev libtirpc-dev libtsan2
2025-07-16T02:01:50.3243201Z #7 2.418   libubsan1 linux-libc-dev make nano patch perl perl-modules-5.36 rpcsvc-proto
2025-07-16T02:01:50.3243832Z #7 2.418   xz-utils
2025-07-16T02:01:50.3244298Z #7 2.459 0 upgraded, 62 newly installed, 0 to remove and 0 not upgraded.
2025-07-16T02:01:50.3244726Z #7 2.459 Need to get 85.7 MB of archives.
2025-07-16T02:01:50.3245094Z #7 2.459 After this operation, 370 MB of additional disk space will be used.
2025-07-16T02:01:50.3245665Z #7 2.459 Get:1 http://deb.debian.org/debian bookworm/main amd64 perl-modules-5.36 all 5.36.0-7+deb12u2 [2815 kB]
2025-07-16T02:01:50.3246272Z #7 2.519 Get:2 http://deb.debian.org/debian bookworm/main amd64 libgdbm-compat4 amd64 1.23-3 [48.2 kB]
2025-07-16T02:01:50.4296776Z #7 2.519 Get:3 http://deb.debian.org/debian bookworm/main amd64 libperl5.36 amd64 5.36.0-7+deb12u2 [4207 kB]
2025-07-16T02:01:50.4298072Z #7 2.535 Get:4 http://deb.debian.org/debian bookworm/main amd64 perl amd64 5.36.0-7+deb12u2 [239 kB]
2025-07-16T02:01:50.4302518Z #7 2.536 Get:5 http://deb.debian.org/debian bookworm/main amd64 nano amd64 7.2-1+deb12u1 [690 kB]
2025-07-16T02:01:50.4303861Z #7 2.539 Get:6 http://deb.debian.org/debian bookworm/main amd64 bzip2 amd64 1.0.8-5+b1 [49.8 kB]
2025-07-16T02:01:50.4304867Z #7 2.540 Get:7 http://deb.debian.org/debian bookworm/main amd64 xz-utils amd64 5.4.1-1 [471 kB]
2025-07-16T02:01:50.4306114Z #7 2.542 Get:8 http://deb.debian.org/debian bookworm/main amd64 binutils-common amd64 2.40-2 [2487 kB]
2025-07-16T02:01:50.4306729Z #7 2.551 Get:9 http://deb.debian.org/debian bookworm/main amd64 libbinutils amd64 2.40-2 [572 kB]
2025-07-16T02:01:50.4308482Z #7 2.554 Get:10 http://deb.debian.org/debian bookworm/main amd64 libctf-nobfd0 amd64 2.40-2 [153 kB]
2025-07-16T02:01:50.4310853Z #7 2.555 Get:11 http://deb.debian.org/debian bookworm/main amd64 libctf0 amd64 2.40-2 [89.8 kB]
2025-07-16T02:01:50.4313030Z #7 2.555 Get:12 http://deb.debian.org/debian bookworm/main amd64 libgprofng0 amd64 2.40-2 [812 kB]
2025-07-16T02:01:50.4314760Z #7 2.558 Get:13 http://deb.debian.org/debian bookworm/main amd64 libjansson4 amd64 2.14-2 [40.8 kB]
2025-07-16T02:01:50.4317558Z #7 2.559 Get:14 http://deb.debian.org/debian bookworm/main amd64 binutils-x86-64-linux-gnu amd64 2.40-2 [2246 kB]
2025-07-16T02:01:50.4318965Z #7 2.568 Get:15 http://deb.debian.org/debian bookworm/main amd64 binutils amd64 2.40-2 [65.0 kB]
2025-07-16T02:01:50.4319852Z #7 2.568 Get:16 http://deb.debian.org/debian bookworm/main amd64 libc-dev-bin amd64 2.36-9+deb12u10 [47.1 kB]
2025-07-16T02:01:50.4321215Z #7 2.569 Get:17 http://deb.debian.org/debian-security bookworm-security/main amd64 linux-libc-dev amd64 6.1.140-1 [2145 kB]
2025-07-16T02:01:50.4321884Z #7 2.573 Get:18 http://deb.debian.org/debian bookworm/main amd64 libcrypt-dev amd64 1:4.4.33-2 [118 kB]
2025-07-16T02:01:50.4323089Z #7 2.574 Get:19 http://deb.debian.org/debian bookworm/main amd64 libtirpc-dev amd64 1.3.3+ds-1 [191 kB]
2025-07-16T02:01:50.4323647Z #7 2.575 Get:20 http://deb.debian.org/debian bookworm/main amd64 libnsl-dev amd64 1.3.0-2 [66.4 kB]
2025-07-16T02:01:50.4324203Z #7 2.575 Get:21 http://deb.debian.org/debian bookworm/main amd64 rpcsvc-proto amd64 1.4.3-1 [63.3 kB]
2025-07-16T02:01:50.4324961Z #7 2.576 Get:22 http://deb.debian.org/debian bookworm/main amd64 libc6-dev amd64 2.36-9+deb12u10 [1903 kB]
2025-07-16T02:01:50.4325534Z #7 2.583 Get:23 http://deb.debian.org/debian bookworm/main amd64 libisl23 amd64 0.25-1.1 [683 kB]
2025-07-16T02:01:50.4326075Z #7 2.586 Get:24 http://deb.debian.org/debian bookworm/main amd64 libmpfr6 amd64 4.2.0-1 [701 kB]
2025-07-16T02:01:50.4327087Z #7 2.589 Get:25 http://deb.debian.org/debian bookworm/main amd64 libmpc3 amd64 1.3.1-1 [51.5 kB]
2025-07-16T02:01:50.4327641Z #7 2.589 Get:26 http://deb.debian.org/debian bookworm/main amd64 cpp-12 amd64 12.2.0-14+deb12u1 [9768 kB]
2025-07-16T02:01:50.4328397Z #7 2.625 Get:27 http://deb.debian.org/debian bookworm/main amd64 cpp amd64 4:12.2.0-3 [6836 B]
2025-07-16T02:01:50.5355813Z #7 2.625 Get:28 http://deb.debian.org/debian bookworm/main amd64 libcc1-0 amd64 12.2.0-14+deb12u1 [41.7 kB]
2025-07-16T02:01:50.5357285Z #7 2.626 Get:29 http://deb.debian.org/debian bookworm/main amd64 libgomp1 amd64 12.2.0-14+deb12u1 [116 kB]
2025-07-16T02:01:50.5358595Z #7 2.627 Get:30 http://deb.debian.org/debian bookworm/main amd64 libitm1 amd64 12.2.0-14+deb12u1 [26.1 kB]
2025-07-16T02:01:50.5359600Z #7 2.627 Get:31 http://deb.debian.org/debian bookworm/main amd64 libatomic1 amd64 12.2.0-14+deb12u1 [9376 B]
2025-07-16T02:01:50.5360644Z #7 2.627 Get:32 http://deb.debian.org/debian bookworm/main amd64 libasan8 amd64 12.2.0-14+deb12u1 [2193 kB]
2025-07-16T02:01:50.5361628Z #7 2.635 Get:33 http://deb.debian.org/debian bookworm/main amd64 liblsan0 amd64 12.2.0-14+deb12u1 [969 kB]
2025-07-16T02:01:50.5362961Z #7 2.639 Get:34 http://deb.debian.org/debian bookworm/main amd64 libtsan2 amd64 12.2.0-14+deb12u1 [2197 kB]
2025-07-16T02:01:50.5363963Z #7 2.648 Get:35 http://deb.debian.org/debian bookworm/main amd64 libubsan1 amd64 12.2.0-14+deb12u1 [883 kB]
2025-07-16T02:01:50.5364964Z #7 2.651 Get:36 http://deb.debian.org/debian bookworm/main amd64 libquadmath0 amd64 12.2.0-14+deb12u1 [145 kB]
2025-07-16T02:01:50.5365992Z #7 2.652 Get:37 http://deb.debian.org/debian bookworm/main amd64 libgcc-12-dev amd64 12.2.0-14+deb12u1 [2437 kB]
2025-07-16T02:01:50.5367006Z #7 2.661 Get:38 http://deb.debian.org/debian bookworm/main amd64 gcc-12 amd64 12.2.0-14+deb12u1 [19.3 MB]
2025-07-16T02:01:50.5368090Z #7 2.731 Get:39 http://deb.debian.org/debian bookworm/main amd64 gcc amd64 4:12.2.0-3 [5216 B]
2025-07-16T02:01:50.7568708Z #7 2.731 Get:40 http://deb.debian.org/debian bookworm/main amd64 libstdc++-12-dev amd64 12.2.0-14+deb12u1 [2047 kB]
2025-07-16T02:01:50.7570143Z #7 2.739 Get:41 http://deb.debian.org/debian bookworm/main amd64 g++-12 amd64 12.2.0-14+deb12u1 [10.7 MB]
2025-07-16T02:01:50.7570993Z #7 2.778 Get:42 http://deb.debian.org/debian bookworm/main amd64 g++ amd64 4:12.2.0-3 [1356 B]
2025-07-16T02:01:50.7571743Z #7 2.778 Get:43 http://deb.debian.org/debian bookworm/main amd64 make amd64 4.3-4.1 [396 kB]
2025-07-16T02:01:50.7572384Z #7 2.779 Get:44 http://deb.debian.org/debian bookworm/main amd64 libdpkg-perl all 1.21.22 [603 kB]
2025-07-16T02:01:50.7573021Z #7 2.782 Get:45 http://deb.debian.org/debian bookworm/main amd64 patch amd64 2.7.6-7 [128 kB]
2025-07-16T02:01:50.7573634Z #7 2.783 Get:46 http://deb.debian.org/debian bookworm/main amd64 dpkg-dev all 1.21.22 [1353 kB]
2025-07-16T02:01:50.7574273Z #7 2.787 Get:47 http://deb.debian.org/debian bookworm/main amd64 build-essential amd64 12.9 [7704 B]
2025-07-16T02:01:50.7575206Z #7 2.788 Get:48 http://deb.debian.org/debian bookworm/main amd64 libbrotli1 amd64 1.0.9-2+b6 [275 kB]
2025-07-16T02:01:50.7575949Z #7 2.789 Get:49 http://deb.debian.org/debian bookworm/main amd64 libsasl2-modules-db amd64 2.1.28+dfsg-10 [20.3 kB]
2025-07-16T02:01:50.7576690Z #7 2.789 Get:50 http://deb.debian.org/debian bookworm/main amd64 libsasl2-2 amd64 2.1.28+dfsg-10 [59.7 kB]
2025-07-16T02:01:50.7577390Z #7 2.790 Get:51 http://deb.debian.org/debian bookworm/main amd64 libldap-2.5-0 amd64 2.5.13+dfsg-5 [183 kB]
2025-07-16T02:01:50.7578443Z #7 2.791 Get:52 http://deb.debian.org/debian bookworm/main amd64 libnghttp2-14 amd64 1.52.0-1+deb12u2 [73.0 kB]
2025-07-16T02:01:50.7579128Z #7 2.795 Get:53 http://deb.debian.org/debian bookworm/main amd64 libpsl5 amd64 0.21.2-1 [58.7 kB]
2025-07-16T02:01:50.7579835Z #7 2.796 Get:54 http://deb.debian.org/debian bookworm/main amd64 librtmp1 amd64 2.4+20151223.gitfa8646d.1-2+b2 [60.8 kB]
2025-07-16T02:01:50.7580569Z #7 2.796 Get:55 http://deb.debian.org/debian bookworm/main amd64 libssh2-1 amd64 1.10.0-3+b1 [179 kB]
2025-07-16T02:01:50.7581245Z #7 2.803 Get:56 http://deb.debian.org/debian bookworm/main amd64 libcurl4 amd64 7.88.1-10+deb12u12 [391 kB]
2025-07-16T02:01:50.7581935Z #7 2.806 Get:57 http://deb.debian.org/debian bookworm/main amd64 curl amd64 7.88.1-10+deb12u12 [315 kB]
2025-07-16T02:01:50.7582557Z #7 2.807 Get:58 http://deb.debian.org/debian bookworm/main amd64 libcurl3-gnutls amd64 7.88.1-10+deb12u12 [386 kB]
2025-07-16T02:01:50.7583162Z #7 2.809 Get:59 http://deb.debian.org/debian bookworm/main amd64 libexpat1 amd64 2.5.0-1+deb12u1 [98.9 kB]
2025-07-16T02:01:50.7583899Z #7 2.809 Get:60 http://deb.debian.org/debian bookworm/main amd64 liberror-perl all 0.17029-2 [29.0 kB]
2025-07-16T02:01:50.7584852Z #7 2.810 Get:61 http://deb.debian.org/debian bookworm/main amd64 git-man all 1:2.39.5-0+deb12u2 [2053 kB]
2025-07-16T02:01:50.7585648Z #7 2.818 Get:62 http://deb.debian.org/debian bookworm/main amd64 git amd64 1:2.39.5-0+deb12u2 [7260 kB]
2025-07-16T02:01:50.7586182Z #7 2.952 debconf: delaying package configuration, since apt-utils is not installed
2025-07-16T02:01:50.9533640Z #7 2.977 Fetched 85.7 MB in 0s (202 MB/s)
2025-07-16T02:01:50.9534796Z #7 2.991 Selecting previously unselected package perl-modules-5.36.
2025-07-16T02:01:50.9535395Z #7 2.991 (Reading database ... 
2025-07-16T02:01:50.9535788Z (Reading database ... 5%
2025-07-16T02:01:50.9536158Z (Reading database ... 10%
2025-07-16T02:01:50.9536523Z (Reading database ... 15%
2025-07-16T02:01:50.9536852Z (Reading database ... 20%
2025-07-16T02:01:50.9537205Z (Reading database ... 25%
2025-07-16T02:01:50.9537558Z (Reading database ... 30%
2025-07-16T02:01:50.9538173Z (Reading database ... 35%
2025-07-16T02:01:50.9538551Z (Reading database ... 40%
2025-07-16T02:01:50.9538921Z (Reading database ... 45%
2025-07-16T02:01:50.9539279Z (Reading database ... 50%
2025-07-16T02:01:50.9539640Z (Reading database ... 55%
2025-07-16T02:01:50.9539983Z (Reading database ... 60%
2025-07-16T02:01:50.9540336Z (Reading database ... 65%
2025-07-16T02:01:50.9540690Z (Reading database ... 70%
2025-07-16T02:01:50.9541053Z (Reading database ... 75%
2025-07-16T02:01:50.9541416Z (Reading database ... 80%
2025-07-16T02:01:50.9541771Z (Reading database ... 85%
2025-07-16T02:01:50.9542120Z (Reading database ... 90%
2025-07-16T02:01:50.9542476Z (Reading database ... 95%
2025-07-16T02:01:50.9542841Z (Reading database ... 100%
2025-07-16T02:01:50.9543374Z (Reading database ... 6688 files and directories currently installed.)
2025-07-16T02:01:50.9544133Z #7 2.997 Preparing to unpack .../00-perl-modules-5.36_5.36.0-7+deb12u2_all.deb ...
2025-07-16T02:01:50.9544822Z #7 2.998 Unpacking perl-modules-5.36 (5.36.0-7+deb12u2) ...
2025-07-16T02:01:51.1039495Z #7 3.299 Selecting previously unselected package libgdbm-compat4:amd64.
2025-07-16T02:01:51.2844419Z #7 3.301 Preparing to unpack .../01-libgdbm-compat4_1.23-3_amd64.deb ...
2025-07-16T02:01:51.2844913Z #7 3.307 Unpacking libgdbm-compat4:amd64 (1.23-3) ...
2025-07-16T02:01:51.2845980Z #7 3.327 Selecting previously unselected package libperl5.36:amd64.
2025-07-16T02:01:51.2846545Z #7 3.328 Preparing to unpack .../02-libperl5.36_5.36.0-7+deb12u2_amd64.deb ...
2025-07-16T02:01:51.2847018Z #7 3.329 Unpacking libperl5.36:amd64 (5.36.0-7+deb12u2) ...
2025-07-16T02:01:51.4216685Z #7 3.617 Selecting previously unselected package perl.
2025-07-16T02:01:51.5222844Z #7 3.618 Preparing to unpack .../03-perl_5.36.0-7+deb12u2_amd64.deb ...
2025-07-16T02:01:51.5223455Z #7 3.624 Unpacking perl (5.36.0-7+deb12u2) ...
2025-07-16T02:01:51.5223926Z #7 3.653 Selecting previously unselected package nano.
2025-07-16T02:01:51.5224502Z #7 3.655 Preparing to unpack .../04-nano_7.2-1+deb12u1_amd64.deb ...
2025-07-16T02:01:51.5224997Z #7 3.656 Unpacking nano (7.2-1+deb12u1) ...
2025-07-16T02:01:51.5225429Z #7 3.718 Selecting previously unselected package bzip2.
2025-07-16T02:01:51.7442441Z #7 3.719 Preparing to unpack .../05-bzip2_1.0.8-5+b1_amd64.deb ...
2025-07-16T02:01:51.7443133Z #7 3.720 Unpacking bzip2 (1.0.8-5+b1) ...
2025-07-16T02:01:51.7443681Z #7 3.739 Selecting previously unselected package xz-utils.
2025-07-16T02:01:51.7444350Z #7 3.740 Preparing to unpack .../06-xz-utils_5.4.1-1_amd64.deb ...
2025-07-16T02:01:51.7444940Z #7 3.741 Unpacking xz-utils (5.4.1-1) ...
2025-07-16T02:01:51.7445503Z #7 3.787 Selecting previously unselected package binutils-common:amd64.
2025-07-16T02:01:51.7446022Z #7 3.788 Preparing to unpack .../07-binutils-common_2.40-2_amd64.deb ...
2025-07-16T02:01:51.7446457Z #7 3.789 Unpacking binutils-common:amd64 (2.40-2) ...
2025-07-16T02:01:51.7637368Z #7 3.959 Selecting previously unselected package libbinutils:amd64.
2025-07-16T02:01:51.8645025Z #7 3.961 Preparing to unpack .../08-libbinutils_2.40-2_amd64.deb ...
2025-07-16T02:01:51.8645654Z #7 3.962 Unpacking libbinutils:amd64 (2.40-2) ...
2025-07-16T02:01:51.8646040Z #7 4.011 Selecting previously unselected package libctf-nobfd0:amd64.
2025-07-16T02:01:51.8646566Z #7 4.012 Preparing to unpack .../09-libctf-nobfd0_2.40-2_amd64.deb ...
2025-07-16T02:01:51.8646975Z #7 4.013 Unpacking libctf-nobfd0:amd64 (2.40-2) ...
2025-07-16T02:01:51.8647350Z #7 4.037 Selecting previously unselected package libctf0:amd64.
2025-07-16T02:01:51.8648274Z #7 4.039 Preparing to unpack .../10-libctf0_2.40-2_amd64.deb ...
2025-07-16T02:01:51.8648613Z #7 4.040 Unpacking libctf0:amd64 (2.40-2) ...
2025-07-16T02:01:51.8648958Z #7 4.059 Selecting previously unselected package libgprofng0:amd64.
2025-07-16T02:01:51.8649374Z #7 4.060 Preparing to unpack .../11-libgprofng0_2.40-2_amd64.deb ...
2025-07-16T02:01:52.1038613Z #7 4.061 Unpacking libgprofng0:amd64 (2.40-2) ...
2025-07-16T02:01:52.1039191Z #7 4.128 Selecting previously unselected package libjansson4:amd64.
2025-07-16T02:01:52.1039788Z #7 4.129 Preparing to unpack .../12-libjansson4_2.14-2_amd64.deb ...
2025-07-16T02:01:52.1040161Z #7 4.130 Unpacking libjansson4:amd64 (2.14-2) ...
2025-07-16T02:01:52.1040649Z #7 4.146 Selecting previously unselected package binutils-x86-64-linux-gnu.
2025-07-16T02:01:52.1041341Z #7 4.148 Preparing to unpack .../13-binutils-x86-64-linux-gnu_2.40-2_amd64.deb ...
2025-07-16T02:01:52.1041788Z #7 4.149 Unpacking binutils-x86-64-linux-gnu (2.40-2) ...
2025-07-16T02:01:52.1284896Z #7 4.324 Selecting previously unselected package binutils.
2025-07-16T02:01:52.3241269Z #7 4.325 Preparing to unpack .../14-binutils_2.40-2_amd64.deb ...
2025-07-16T02:01:52.3241905Z #7 4.326 Unpacking binutils (2.40-2) ...
2025-07-16T02:01:52.3242475Z #7 4.347 Selecting previously unselected package libc-dev-bin.
2025-07-16T02:01:52.3243189Z #7 4.348 Preparing to unpack .../15-libc-dev-bin_2.36-9+deb12u10_amd64.deb ...
2025-07-16T02:01:52.3243851Z #7 4.349 Unpacking libc-dev-bin (2.36-9+deb12u10) ...
2025-07-16T02:01:52.3244502Z #7 4.367 Selecting previously unselected package linux-libc-dev:amd64.
2025-07-16T02:01:52.3245231Z #7 4.368 Preparing to unpack .../16-linux-libc-dev_6.1.140-1_amd64.deb ...
2025-07-16T02:01:52.3245865Z #7 4.369 Unpacking linux-libc-dev:amd64 (6.1.140-1) ...
2025-07-16T02:01:52.3613712Z #7 4.557 Selecting previously unselected package libcrypt-dev:amd64.
2025-07-16T02:01:52.4667716Z #7 4.558 Preparing to unpack .../17-libcrypt-dev_1%3a4.4.33-2_amd64.deb ...
2025-07-16T02:01:52.4668589Z #7 4.564 Unpacking libcrypt-dev:amd64 (1:4.4.33-2) ...
2025-07-16T02:01:52.4669165Z #7 4.584 Selecting previously unselected package libtirpc-dev:amd64.
2025-07-16T02:01:52.4669794Z #7 4.586 Preparing to unpack .../18-libtirpc-dev_1.3.3+ds-1_amd64.deb ...
2025-07-16T02:01:52.4670339Z #7 4.587 Unpacking libtirpc-dev:amd64 (1.3.3+ds-1) ...
2025-07-16T02:01:52.4670873Z #7 4.615 Selecting previously unselected package libnsl-dev:amd64.
2025-07-16T02:01:52.4671454Z #7 4.617 Preparing to unpack .../19-libnsl-dev_1.3.0-2_amd64.deb ...
2025-07-16T02:01:52.4671961Z #7 4.618 Unpacking libnsl-dev:amd64 (1.3.0-2) ...
2025-07-16T02:01:52.4672453Z #7 4.639 Selecting previously unselected package rpcsvc-proto.
2025-07-16T02:01:52.4673021Z #7 4.640 Preparing to unpack .../20-rpcsvc-proto_1.4.3-1_amd64.deb ...
2025-07-16T02:01:52.4673524Z #7 4.641 Unpacking rpcsvc-proto (1.4.3-1) ...
2025-07-16T02:01:52.4674008Z #7 4.662 Selecting previously unselected package libc6-dev:amd64.
2025-07-16T02:01:52.6200098Z #7 4.664 Preparing to unpack .../21-libc6-dev_2.36-9+deb12u10_amd64.deb ...
2025-07-16T02:01:52.6200831Z #7 4.665 Unpacking libc6-dev:amd64 (2.36-9+deb12u10) ...
2025-07-16T02:01:52.6239001Z #7 4.819 Selecting previously unselected package libisl23:amd64.
2025-07-16T02:01:52.7263720Z #7 4.821 Preparing to unpack .../22-libisl23_0.25-1.1_amd64.deb ...
2025-07-16T02:01:52.7264340Z #7 4.822 Unpacking libisl23:amd64 (0.25-1.1) ...
2025-07-16T02:01:52.7264866Z #7 4.880 Selecting previously unselected package libmpfr6:amd64.
2025-07-16T02:01:52.7265458Z #7 4.882 Preparing to unpack .../23-libmpfr6_4.2.0-1_amd64.deb ...
2025-07-16T02:01:52.7265946Z #7 4.883 Unpacking libmpfr6:amd64 (4.2.0-1) ...
2025-07-16T02:01:52.7266440Z #7 4.922 Selecting previously unselected package libmpc3:amd64.
2025-07-16T02:01:52.8990630Z #7 4.923 Preparing to unpack .../24-libmpc3_1.3.1-1_amd64.deb ...
2025-07-16T02:01:52.8991046Z #7 4.924 Unpacking libmpc3:amd64 (1.3.1-1) ...
2025-07-16T02:01:52.8991671Z #7 4.941 Selecting previously unselected package cpp-12.
2025-07-16T02:01:52.8992064Z #7 4.943 Preparing to unpack .../25-cpp-12_12.2.0-14+deb12u1_amd64.deb ...
2025-07-16T02:01:52.8992417Z #7 4.944 Unpacking cpp-12 (12.2.0-14+deb12u1) ...
2025-07-16T02:01:53.2461654Z #7 5.441 Selecting previously unselected package cpp.
2025-07-16T02:01:53.3493740Z #7 5.443 Preparing to unpack .../26-cpp_4%3a12.2.0-3_amd64.deb ...
2025-07-16T02:01:53.3494415Z #7 5.444 Unpacking cpp (4:12.2.0-3) ...
2025-07-16T02:01:53.3494967Z #7 5.459 Selecting previously unselected package libcc1-0:amd64.
2025-07-16T02:01:53.3495655Z #7 5.461 Preparing to unpack .../27-libcc1-0_12.2.0-14+deb12u1_amd64.deb ...
2025-07-16T02:01:53.3496288Z #7 5.462 Unpacking libcc1-0:amd64 (12.2.0-14+deb12u1) ...
2025-07-16T02:01:53.3496890Z #7 5.479 Selecting previously unselected package libgomp1:amd64.
2025-07-16T02:01:53.3497421Z #7 5.481 Preparing to unpack .../28-libgomp1_12.2.0-14+deb12u1_amd64.deb ...
2025-07-16T02:01:53.3498069Z #7 5.482 Unpacking libgomp1:amd64 (12.2.0-14+deb12u1) ...
2025-07-16T02:01:53.3498505Z #7 5.506 Selecting previously unselected package libitm1:amd64.
2025-07-16T02:01:53.3498941Z #7 5.507 Preparing to unpack .../29-libitm1_12.2.0-14+deb12u1_amd64.deb ...
2025-07-16T02:01:53.3499344Z #7 5.508 Unpacking libitm1:amd64 (12.2.0-14+deb12u1) ...
2025-07-16T02:01:53.3499738Z #7 5.526 Selecting previously unselected package libatomic1:amd64.
2025-07-16T02:01:53.3500194Z #7 5.527 Preparing to unpack .../30-libatomic1_12.2.0-14+deb12u1_amd64.deb ...
2025-07-16T02:01:53.3500615Z #7 5.529 Unpacking libatomic1:amd64 (12.2.0-14+deb12u1) ...
2025-07-16T02:01:53.3501006Z #7 5.545 Selecting previously unselected package libasan8:amd64.
2025-07-16T02:01:53.5019637Z #7 5.546 Preparing to unpack .../31-libasan8_12.2.0-14+deb12u1_amd64.deb ...
2025-07-16T02:01:53.5020607Z #7 5.547 Unpacking libasan8:amd64 (12.2.0-14+deb12u1) ...
2025-07-16T02:01:53.5021140Z #7 5.697 Selecting previously unselected package liblsan0:amd64.
2025-07-16T02:01:53.7331108Z #7 5.699 Preparing to unpack .../32-liblsan0_12.2.0-14+deb12u1_amd64.deb ...
2025-07-16T02:01:53.7331662Z #7 5.700 Unpacking liblsan0:amd64 (12.2.0-14+deb12u1) ...
2025-07-16T02:01:53.7332070Z #7 5.775 Selecting previously unselected package libtsan2:amd64.
2025-07-16T02:01:53.7332535Z #7 5.777 Preparing to unpack .../33-libtsan2_12.2.0-14+deb12u1_amd64.deb ...
2025-07-16T02:01:53.7332948Z #7 5.778 Unpacking libtsan2:amd64 (12.2.0-14+deb12u1) ...
2025-07-16T02:01:53.7333330Z #7 5.928 Selecting previously unselected package libubsan1:amd64.
2025-07-16T02:01:53.9768783Z #7 5.930 Preparing to unpack .../34-libubsan1_12.2.0-14+deb12u1_amd64.deb ...
2025-07-16T02:01:53.9770075Z #7 5.931 Unpacking libubsan1:amd64 (12.2.0-14+deb12u1) ...
2025-07-16T02:01:53.9770688Z #7 6.000 Selecting previously unselected package libquadmath0:amd64.
2025-07-16T02:01:53.9771384Z #7 6.001 Preparing to unpack .../35-libquadmath0_12.2.0-14+deb12u1_amd64.deb ...
2025-07-16T02:01:53.9771982Z #7 6.003 Unpacking libquadmath0:amd64 (12.2.0-14+deb12u1) ...
2025-07-16T02:01:53.9772570Z #7 6.025 Selecting previously unselected package libgcc-12-dev:amd64.
2025-07-16T02:01:53.9773204Z #7 6.026 Preparing to unpack .../36-libgcc-12-dev_12.2.0-14+deb12u1_amd64.deb ...
2025-07-16T02:01:53.9773779Z #7 6.027 Unpacking libgcc-12-dev:amd64 (12.2.0-14+deb12u1) ...
2025-07-16T02:01:53.9774280Z #7 6.172 Selecting previously unselected package gcc-12.
2025-07-16T02:01:54.1298139Z #7 6.174 Preparing to unpack .../37-gcc-12_12.2.0-14+deb12u1_amd64.deb ...
2025-07-16T02:01:54.1299799Z #7 6.175 Unpacking gcc-12 (12.2.0-14+deb12u1) ...
2025-07-16T02:01:54.6384405Z #7 6.834 Selecting previously unselected package gcc.
2025-07-16T02:01:54.8126640Z #7 6.835 Preparing to unpack .../38-gcc_4%3a12.2.0-3_amd64.deb ...
2025-07-16T02:01:54.8127096Z #7 6.836 Unpacking gcc (4:12.2.0-3) ...
2025-07-16T02:01:54.8127520Z #7 6.855 Selecting previously unselected package libstdc++-12-dev:amd64.
2025-07-16T02:01:54.8128371Z #7 6.857 Preparing to unpack .../39-libstdc++-12-dev_12.2.0-14+deb12u1_amd64.deb ...
2025-07-16T02:01:54.8129155Z #7 6.858 Unpacking libstdc++-12-dev:amd64 (12.2.0-14+deb12u1) ...
2025-07-16T02:01:54.8683901Z #7 7.064 Selecting previously unselected package g++-12.
2025-07-16T02:01:55.0218068Z #7 7.066 Preparing to unpack .../40-g++-12_12.2.0-14+deb12u1_amd64.deb ...
2025-07-16T02:01:55.0218763Z #7 7.067 Unpacking g++-12 (12.2.0-14+deb12u1) ...
2025-07-16T02:01:55.3947363Z #7 7.590 Selecting previously unselected package g++.
2025-07-16T02:01:55.5106918Z #7 7.592 Preparing to unpack .../41-g++_4%3a12.2.0-3_amd64.deb ...
2025-07-16T02:01:55.5107595Z #7 7.593 Unpacking g++ (4:12.2.0-3) ...
2025-07-16T02:01:55.5108356Z #7 7.607 Selecting previously unselected package make.
2025-07-16T02:01:55.5109001Z #7 7.609 Preparing to unpack .../42-make_4.3-4.1_amd64.deb ...
2025-07-16T02:01:55.5109551Z #7 7.610 Unpacking make (4.3-4.1) ...
2025-07-16T02:01:55.5109916Z #7 7.651 Selecting previously unselected package libdpkg-perl.
2025-07-16T02:01:55.5110389Z #7 7.652 Preparing to unpack .../43-libdpkg-perl_1.21.22_all.deb ...
2025-07-16T02:01:55.5110794Z #7 7.653 Unpacking libdpkg-perl (1.21.22) ...
2025-07-16T02:01:55.5111152Z #7 7.706 Selecting previously unselected package patch.
2025-07-16T02:01:55.6321929Z #7 7.708 Preparing to unpack .../44-patch_2.7.6-7_amd64.deb ...
2025-07-16T02:01:55.6322513Z #7 7.709 Unpacking patch (2.7.6-7) ...
2025-07-16T02:01:55.6323026Z #7 7.741 Selecting previously unselected package dpkg-dev.
2025-07-16T02:01:55.6323488Z #7 7.743 Preparing to unpack .../45-dpkg-dev_1.21.22_all.deb ...
2025-07-16T02:01:55.6323818Z #7 7.744 Unpacking dpkg-dev (1.21.22) ...
2025-07-16T02:01:55.6324154Z #7 7.827 Selecting previously unselected package build-essential.
2025-07-16T02:01:55.7573939Z #7 7.829 Preparing to unpack .../46-build-essential_12.9_amd64.deb ...
2025-07-16T02:01:55.7574666Z #7 7.830 Unpacking build-essential (12.9) ...
2025-07-16T02:01:55.7575071Z #7 7.846 Selecting previously unselected package libbrotli1:amd64.
2025-07-16T02:01:55.7575515Z #7 7.848 Preparing to unpack .../47-libbrotli1_1.0.9-2+b6_amd64.deb ...
2025-07-16T02:01:55.7575901Z #7 7.849 Unpacking libbrotli1:amd64 (1.0.9-2+b6) ...
2025-07-16T02:01:55.7576311Z #7 7.881 Selecting previously unselected package libsasl2-modules-db:amd64.
2025-07-16T02:01:55.7576789Z #7 7.883 Preparing to unpack .../48-libsasl2-modules-db_2.1.28+dfsg-10_amd64.deb ...
2025-07-16T02:01:55.7577248Z #7 7.884 Unpacking libsasl2-modules-db:amd64 (2.1.28+dfsg-10) ...
2025-07-16T02:01:55.7577657Z #7 7.900 Selecting previously unselected package libsasl2-2:amd64.
2025-07-16T02:01:55.7578303Z #7 7.902 Preparing to unpack .../49-libsasl2-2_2.1.28+dfsg-10_amd64.deb ...
2025-07-16T02:01:55.7578689Z #7 7.903 Unpacking libsasl2-2:amd64 (2.1.28+dfsg-10) ...
2025-07-16T02:01:55.7579067Z #7 7.922 Selecting previously unselected package libldap-2.5-0:amd64.
2025-07-16T02:01:55.7579508Z #7 7.924 Preparing to unpack .../50-libldap-2.5-0_2.5.13+dfsg-5_amd64.deb ...
2025-07-16T02:01:55.7579895Z #7 7.925 Unpacking libldap-2.5-0:amd64 (2.5.13+dfsg-5) ...
2025-07-16T02:01:55.7580290Z #7 7.953 Selecting previously unselected package libnghttp2-14:amd64.
2025-07-16T02:01:55.8584104Z #7 7.955 Preparing to unpack .../51-libnghttp2-14_1.52.0-1+deb12u2_amd64.deb ...
2025-07-16T02:01:55.8584704Z #7 7.955 Unpacking libnghttp2-14:amd64 (1.52.0-1+deb12u2) ...
2025-07-16T02:01:55.8585132Z #7 7.976 Selecting previously unselected package libpsl5:amd64.
2025-07-16T02:01:55.8585559Z #7 7.977 Preparing to unpack .../52-libpsl5_0.21.2-1_amd64.deb ...
2025-07-16T02:01:55.8585938Z #7 7.978 Unpacking libpsl5:amd64 (0.21.2-1) ...
2025-07-16T02:01:55.8586313Z #7 7.998 Selecting previously unselected package librtmp1:amd64.
2025-07-16T02:01:55.8586795Z #7 8.000 Preparing to unpack .../53-librtmp1_2.4+20151223.gitfa8646d.1-2+b2_amd64.deb ...
2025-07-16T02:01:55.8587305Z #7 8.001 Unpacking librtmp1:amd64 (2.4+20151223.gitfa8646d.1-2+b2) ...
2025-07-16T02:01:55.8587730Z #7 8.020 Selecting previously unselected package libssh2-1:amd64.
2025-07-16T02:01:55.8588761Z #7 8.022 Preparing to unpack .../54-libssh2-1_1.10.0-3+b1_amd64.deb ...
2025-07-16T02:01:55.8589154Z #7 8.023 Unpacking libssh2-1:amd64 (1.10.0-3+b1) ...
2025-07-16T02:01:55.8589715Z #7 8.051 Selecting previously unselected package libcurl4:amd64.
2025-07-16T02:01:55.8590160Z #7 8.053 Preparing to unpack .../55-libcurl4_7.88.1-10+deb12u12_amd64.deb ...
2025-07-16T02:01:55.8590576Z #7 8.054 Unpacking libcurl4:amd64 (7.88.1-10+deb12u12) ...
2025-07-16T02:01:55.9679864Z #7 8.089 Selecting previously unselected package curl.
2025-07-16T02:01:55.9680519Z #7 8.091 Preparing to unpack .../56-curl_7.88.1-10+deb12u12_amd64.deb ...
2025-07-16T02:01:55.9681059Z #7 8.092 Unpacking curl (7.88.1-10+deb12u12) ...
2025-07-16T02:01:55.9681612Z #7 8.124 Selecting previously unselected package libcurl3-gnutls:amd64.
2025-07-16T02:01:55.9682324Z #7 8.126 Preparing to unpack .../57-libcurl3-gnutls_7.88.1-10+deb12u12_amd64.deb ...
2025-07-16T02:01:55.9682956Z #7 8.127 Unpacking libcurl3-gnutls:amd64 (7.88.1-10+deb12u12) ...
2025-07-16T02:01:55.9683536Z #7 8.163 Selecting previously unselected package libexpat1:amd64.
2025-07-16T02:01:56.1001397Z #7 8.165 Preparing to unpack .../58-libexpat1_2.5.0-1+deb12u1_amd64.deb ...
2025-07-16T02:01:56.1002109Z #7 8.166 Unpacking libexpat1:amd64 (2.5.0-1+deb12u1) ...
2025-07-16T02:01:56.1002702Z #7 8.189 Selecting previously unselected package liberror-perl.
2025-07-16T02:01:56.1003357Z #7 8.191 Preparing to unpack .../59-liberror-perl_0.17029-2_all.deb ...
2025-07-16T02:01:56.1003936Z #7 8.192 Unpacking liberror-perl (0.17029-2) ...
2025-07-16T02:01:56.1004341Z #7 8.208 Selecting previously unselected package git-man.
2025-07-16T02:01:56.1004760Z #7 8.210 Preparing to unpack .../60-git-man_1%3a2.39.5-0+deb12u2_all.deb ...
2025-07-16T02:01:56.1005135Z #7 8.211 Unpacking git-man (1:2.39.5-0+deb12u2) ...
2025-07-16T02:01:56.1005733Z #7 8.295 Selecting previously unselected package git.
2025-07-16T02:01:56.2579850Z #7 8.297 Preparing to unpack .../61-git_1%3a2.39.5-0+deb12u2_amd64.deb ...
2025-07-16T02:01:56.2580543Z #7 8.303 Unpacking git (1:2.39.5-0+deb12u2) ...
2025-07-16T02:01:56.4378675Z #7 8.633 Setting up libexpat1:amd64 (2.5.0-1+deb12u1) ...
2025-07-16T02:01:56.5388912Z #7 8.637 Setting up libpsl5:amd64 (0.21.2-1) ...
2025-07-16T02:01:56.5389536Z #7 8.639 Setting up libbrotli1:amd64 (1.0.9-2+b6) ...
2025-07-16T02:01:56.5389963Z #7 8.642 Setting up binutils-common:amd64 (2.40-2) ...
2025-07-16T02:01:56.5390368Z #7 8.645 Setting up libnghttp2-14:amd64 (1.52.0-1+deb12u2) ...
2025-07-16T02:01:56.5390859Z #7 8.647 Setting up linux-libc-dev:amd64 (6.1.140-1) ...
2025-07-16T02:01:56.5391430Z #7 8.650 Setting up libctf-nobfd0:amd64 (2.40-2) ...
2025-07-16T02:01:56.5392051Z #7 8.653 Setting up libgomp1:amd64 (12.2.0-14+deb12u1) ...
2025-07-16T02:01:56.5392408Z #7 8.655 Setting up bzip2 (1.0.8-5+b1) ...
2025-07-16T02:01:56.5392789Z #7 8.657 Setting up libjansson4:amd64 (2.14-2) ...
2025-07-16T02:01:56.5393221Z #7 8.660 Setting up libsasl2-modules-db:amd64 (2.1.28+dfsg-10) ...
2025-07-16T02:01:56.5393657Z #7 8.662 Setting up perl-modules-5.36 (5.36.0-7+deb12u2) ...
2025-07-16T02:01:56.5394137Z #7 8.664 Setting up libtirpc-dev:amd64 (1.3.3+ds-1) ...
2025-07-16T02:01:56.5394677Z #7 8.667 Setting up rpcsvc-proto (1.4.3-1) ...
2025-07-16T02:01:56.5395189Z #7 8.670 Setting up make (4.3-4.1) ...
2025-07-16T02:01:56.5395691Z #7 8.672 Setting up libmpfr6:amd64 (4.2.0-1) ...
2025-07-16T02:01:56.5396249Z #7 8.674 Setting up librtmp1:amd64 (2.4+20151223.gitfa8646d.1-2+b2) ...
2025-07-16T02:01:56.5396645Z #7 8.677 Setting up xz-utils (5.4.1-1) ...
2025-07-16T02:01:56.5397277Z #7 8.681 update-alternatives: using /usr/bin/xz to provide /usr/bin/lzma (lzma) in auto mode
2025-07-16T02:01:56.5398560Z #7 8.682 update-alternatives: warning: skip creation of /usr/share/man/man1/lzma.1.gz because associated file /usr/share/man/man1/xz.1.gz (of link group lzma) doesn't exist
2025-07-16T02:01:56.5400314Z #7 8.682 update-alternatives: warning: skip creation of /usr/share/man/man1/unlzma.1.gz because associated file /usr/share/man/man1/unxz.1.gz (of link group lzma) doesn't exist
2025-07-16T02:01:56.5402110Z #7 8.682 update-alternatives: warning: skip creation of /usr/share/man/man1/lzcat.1.gz because associated file /usr/share/man/man1/xzcat.1.gz (of link group lzma) doesn't exist
2025-07-16T02:01:56.5403944Z #7 8.683 update-alternatives: warning: skip creation of /usr/share/man/man1/lzmore.1.gz because associated file /usr/share/man/man1/xzmore.1.gz (of link group lzma) doesn't exist
2025-07-16T02:01:56.5405159Z #7 8.683 update-alternatives: warning: skip creation of /usr/share/man/man1/lzless.1.gz because associated file /usr/share/man/man1/xzless.1.gz (of link group lzma) doesn't exist
2025-07-16T02:01:56.5406270Z #7 8.683 update-alternatives: warning: skip creation of /usr/share/man/man1/lzdiff.1.gz because associated file /usr/share/man/man1/xzdiff.1.gz (of link group lzma) doesn't exist
2025-07-16T02:01:56.5407661Z #7 8.683 update-alternatives: warning: skip creation of /usr/share/man/man1/lzcmp.1.gz because associated file /usr/share/man/man1/xzcmp.1.gz (of link group lzma) doesn't exist
2025-07-16T02:01:56.5409225Z #7 8.683 update-alternatives: warning: skip creation of /usr/share/man/man1/lzgrep.1.gz because associated file /usr/share/man/man1/xzgrep.1.gz (of link group lzma) doesn't exist
2025-07-16T02:01:56.5410689Z #7 8.683 update-alternatives: warning: skip creation of /usr/share/man/man1/lzegrep.1.gz because associated file /usr/share/man/man1/xzegrep.1.gz (of link group lzma) doesn't exist
2025-07-16T02:01:56.5412700Z #7 8.684 update-alternatives: warning: skip creation of /usr/share/man/man1/lzfgrep.1.gz because associated file /usr/share/man/man1/xzfgrep.1.gz (of link group lzma) doesn't exist
2025-07-16T02:01:56.5413935Z #7 8.687 Setting up libquadmath0:amd64 (12.2.0-14+deb12u1) ...
2025-07-16T02:01:56.5414452Z #7 8.689 Setting up libmpc3:amd64 (1.3.1-1) ...
2025-07-16T02:01:56.5415019Z #7 8.692 Setting up libatomic1:amd64 (12.2.0-14+deb12u1) ...
2025-07-16T02:01:56.5415387Z #7 8.694 Setting up patch (2.7.6-7) ...
2025-07-16T02:01:56.5415789Z #7 8.696 Setting up libgdbm-compat4:amd64 (1.23-3) ...
2025-07-16T02:01:56.5416113Z #7 8.699 Setting up libsasl2-2:amd64 (2.1.28+dfsg-10) ...
2025-07-16T02:01:56.5416516Z #7 8.702 Setting up libubsan1:amd64 (12.2.0-14+deb12u1) ...
2025-07-16T02:01:56.5416991Z #7 8.704 Setting up nano (7.2-1+deb12u1) ...
2025-07-16T02:01:56.5417653Z #7 8.708 update-alternatives: using /bin/nano to provide /usr/bin/editor (editor) in auto mode
2025-07-16T02:01:56.5418786Z #7 8.709 update-alternatives: warning: skip creation of /usr/share/man/man1/editor.1.gz because associated file /usr/share/man/man1/nano.1.gz (of link group editor) doesn't exist
2025-07-16T02:01:56.5419914Z #7 8.710 update-alternatives: using /bin/nano to provide /usr/bin/pico (pico) in auto mode
2025-07-16T02:01:56.5421260Z #7 8.710 update-alternatives: warning: skip creation of /usr/share/man/man1/pico.1.gz because associated file /usr/share/man/man1/nano.1.gz (of link group pico) doesn't exist
2025-07-16T02:01:56.5422027Z #7 8.714 Setting up libnsl-dev:amd64 (1.3.0-2) ...
2025-07-16T02:01:56.5422448Z #7 8.717 Setting up libcrypt-dev:amd64 (1:4.4.33-2) ...
2025-07-16T02:01:56.5422759Z #7 8.724 Setting up libasan8:amd64 (12.2.0-14+deb12u1) ...
2025-07-16T02:01:56.5423062Z #7 8.727 Setting up git-man (1:2.39.5-0+deb12u2) ...
2025-07-16T02:01:56.5423351Z #7 8.729 Setting up libssh2-1:amd64 (1.10.0-3+b1) ...
2025-07-16T02:01:56.5423741Z #7 8.732 Setting up libtsan2:amd64 (12.2.0-14+deb12u1) ...
2025-07-16T02:01:56.5424040Z #7 8.734 Setting up libbinutils:amd64 (2.40-2) ...
2025-07-16T02:01:56.6390920Z #7 8.737 Setting up libisl23:amd64 (0.25-1.1) ...
2025-07-16T02:01:56.6391555Z #7 8.739 Setting up libc-dev-bin (2.36-9+deb12u10) ...
2025-07-16T02:01:56.6392092Z #7 8.742 Setting up libcc1-0:amd64 (12.2.0-14+deb12u1) ...
2025-07-16T02:01:56.6392464Z #7 8.745 Setting up libperl5.36:amd64 (5.36.0-7+deb12u2) ...
2025-07-16T02:01:56.6392956Z #7 8.747 Setting up liblsan0:amd64 (12.2.0-14+deb12u1) ...
2025-07-16T02:01:56.6393286Z #7 8.750 Setting up libitm1:amd64 (12.2.0-14+deb12u1) ...
2025-07-16T02:01:56.6397492Z #7 8.752 Setting up libctf0:amd64 (2.40-2) ...
2025-07-16T02:01:56.6397957Z #7 8.754 Setting up cpp-12 (12.2.0-14+deb12u1) ...
2025-07-16T02:01:56.6398288Z #7 8.757 Setting up libldap-2.5-0:amd64 (2.5.13+dfsg-5) ...
2025-07-16T02:01:56.6398611Z #7 8.760 Setting up perl (5.36.0-7+deb12u2) ...
2025-07-16T02:01:56.6398904Z #7 8.769 Setting up libgprofng0:amd64 (2.40-2) ...
2025-07-16T02:01:56.6399231Z #7 8.772 Setting up libgcc-12-dev:amd64 (12.2.0-14+deb12u1) ...
2025-07-16T02:01:56.6399547Z #7 8.774 Setting up libdpkg-perl (1.21.22) ...
2025-07-16T02:01:56.6399816Z #7 8.777 Setting up cpp (4:12.2.0-3) ...
2025-07-16T02:01:56.6400107Z #7 8.782 Setting up libcurl4:amd64 (7.88.1-10+deb12u12) ...
2025-07-16T02:01:56.6400423Z #7 8.784 Setting up libc6-dev:amd64 (2.36-9+deb12u10) ...
2025-07-16T02:01:56.6400729Z #7 8.787 Setting up curl (7.88.1-10+deb12u12) ...
2025-07-16T02:01:56.6401040Z #7 8.790 Setting up binutils-x86-64-linux-gnu (2.40-2) ...
2025-07-16T02:01:56.6401388Z #7 8.792 Setting up libstdc++-12-dev:amd64 (12.2.0-14+deb12u1) ...
2025-07-16T02:01:56.6401754Z #7 8.795 Setting up libcurl3-gnutls:amd64 (7.88.1-10+deb12u12) ...
2025-07-16T02:01:56.6402065Z #7 8.797 Setting up binutils (2.40-2) ...
2025-07-16T02:01:56.6402324Z #7 8.799 Setting up dpkg-dev (1.21.22) ...
2025-07-16T02:01:56.6402587Z #7 8.804 Setting up liberror-perl (0.17029-2) ...
2025-07-16T02:01:56.6402873Z #7 8.807 Setting up gcc-12 (12.2.0-14+deb12u1) ...
2025-07-16T02:01:56.6403225Z #7 8.810 Setting up git (1:2.39.5-0+deb12u2) ...
2025-07-16T02:01:56.6403618Z #7 8.818 Setting up g++-12 (12.2.0-14+deb12u1) ...
2025-07-16T02:01:56.6403881Z #7 8.821 Setting up gcc (4:12.2.0-3) ...
2025-07-16T02:01:56.6404117Z #7 8.831 Setting up g++ (4:12.2.0-3) ...
2025-07-16T02:01:56.6406777Z #7 8.834 update-alternatives: using /usr/bin/g++ to provide /usr/bin/c++ (c++) in auto mode
2025-07-16T02:01:56.7950590Z #7 8.837 Setting up build-essential (12.9) ...
2025-07-16T02:01:56.7951200Z #7 8.840 Processing triggers for libc-bin (2.36-9+deb12u10) ...
2025-07-16T02:01:57.2753551Z #7 DONE 9.5s
2025-07-16T02:01:57.4354720Z 
2025-07-16T02:01:57.4355295Z #8 [3/6] WORKDIR /app
2025-07-16T02:01:57.4355705Z #8 DONE 0.0s
2025-07-16T02:01:57.4355888Z 
2025-07-16T02:01:57.4356017Z #9 [4/6] COPY . .
2025-07-16T02:01:57.8740762Z #9 DONE 0.6s
2025-07-16T02:01:58.0252319Z 
2025-07-16T02:01:58.0252825Z #10 [5/6] RUN pip install --upgrade pip
2025-07-16T02:01:59.1572821Z #10 1.282 Requirement already satisfied: pip in /usr/local/lib/python3.10/site-packages (23.0.1)
2025-07-16T02:01:59.2884648Z #10 1.413 Collecting pip
2025-07-16T02:01:59.4068504Z #10 1.476   Downloading pip-25.1.1-py3-none-any.whl (1.8 MB)
2025-07-16T02:01:59.6038772Z #10 1.532      ━━━━━━━━━━━━━━━━━━━━━━━━━━━━━━━━━━━━━━━━ 1.8/1.8 MB 34.4 MB/s eta 0:00:00
2025-07-16T02:01:59.6039460Z #10 1.577 Installing collected packages: pip
2025-07-16T02:01:59.6039954Z #10 1.578   Attempting uninstall: pip
2025-07-16T02:01:59.6040444Z #10 1.578     Found existing installation: pip 23.0.1
2025-07-16T02:01:59.6290434Z #10 1.754     Uninstalling pip-23.0.1:
2025-07-16T02:01:59.7901401Z #10 1.765       Successfully uninstalled pip-23.0.1
2025-07-16T02:02:00.4362505Z #10 2.561 Successfully installed pip-25.1.1
2025-07-16T02:02:00.5866942Z #10 2.561 WARNING: Running pip as the 'root' user can result in broken permissions and conflicting behaviour with the system package manager. It is recommended to use a virtual environment instead: https://pip.pypa.io/warnings/venv
2025-07-16T02:02:00.6279728Z #10 DONE 2.8s
2025-07-16T02:02:00.7792069Z 
2025-07-16T02:02:00.7792680Z #11 [6/6] RUN pip install --no-cache-dir -r requirements.txt
2025-07-16T02:02:01.5272388Z #11 0.898 Collecting Flask==3.1.0 (from -r requirements.txt (line 1))
2025-07-16T02:02:01.6768646Z #11 0.964   Downloading flask-3.1.0-py3-none-any.whl.metadata (2.7 kB)
2025-07-16T02:02:01.6769424Z #11 0.981 Collecting Flask-PyMongo==3.0.1 (from -r requirements.txt (line 2))
2025-07-16T02:02:01.6769974Z #11 0.992   Downloading flask_pymongo-3.0.1-py3-none-any.whl.metadata (3.5 kB)
2025-07-16T02:02:01.6770789Z #11 1.048 Collecting pytest==8.2.1 (from -r requirements.txt (line 3))
2025-07-16T02:02:01.8376800Z #11 1.060   Downloading pytest-8.2.1-py3-none-any.whl.metadata (7.6 kB)
2025-07-16T02:02:01.8377740Z #11 1.076 Collecting blinker==1.9.0 (from -r requirements.txt (line 4))
2025-07-16T02:02:01.8378777Z #11 1.086   Downloading blinker-1.9.0-py3-none-any.whl.metadata (1.6 kB)
2025-07-16T02:02:01.8379666Z #11 1.108 Collecting certifi==2025.7.14 (from -r requirements.txt (line 5))
2025-07-16T02:02:01.8380244Z #11 1.118   Downloading certifi-2025.7.14-py3-none-any.whl.metadata (2.4 kB)
2025-07-16T02:02:01.8380844Z #11 1.209 Collecting charset-normalizer==3.4.2 (from -r requirements.txt (line 6))
2025-07-16T02:02:01.9438820Z #11 1.223   Downloading charset_normalizer-3.4.2-cp310-cp310-manylinux_2_17_x86_64.manylinux2014_x86_64.whl.metadata (35 kB)
2025-07-16T02:02:01.9440083Z #11 1.250 Collecting click==8.2.1 (from -r requirements.txt (line 7))
2025-07-16T02:02:01.9440727Z #11 1.260   Downloading click-8.2.1-py3-none-any.whl.metadata (2.5 kB)
2025-07-16T02:02:01.9441353Z #11 1.275 Collecting dnspython==2.7.0 (from -r requirements.txt (line 8))
2025-07-16T02:02:01.9442013Z #11 1.285   Downloading dnspython-2.7.0-py3-none-any.whl.metadata (5.8 kB)
2025-07-16T02:02:01.9442559Z #11 1.305 Collecting idna==3.10 (from -r requirements.txt (line 9))
2025-07-16T02:02:01.9443013Z #11 1.315   Downloading idna-3.10-py3-none-any.whl.metadata (10 kB)
2025-07-16T02:02:02.0621448Z #11 1.330 Collecting itsdangerous==2.2.0 (from -r requirements.txt (line 10))
2025-07-16T02:02:02.0622461Z #11 1.340   Downloading itsdangerous-2.2.0-py3-none-any.whl.metadata (1.9 kB)
2025-07-16T02:02:02.0623141Z #11 1.359 Collecting Jinja2==3.1.6 (from -r requirements.txt (line 11))
2025-07-16T02:02:02.0624293Z #11 1.375   Downloading jinja2-3.1.6-py3-none-any.whl.metadata (2.9 kB)
2025-07-16T02:02:02.0624854Z #11 1.433 Collecting MarkupSafe==3.0.2 (from -r requirements.txt (line 12))
2025-07-16T02:02:02.2531486Z #11 1.445   Downloading MarkupSafe-3.0.2-cp310-cp310-manylinux_2_17_x86_64.manylinux2014_x86_64.whl.metadata (4.0 kB)
2025-07-16T02:02:02.2532194Z #11 1.462 Collecting paho-mqtt==2.1.0 (from -r requirements.txt (line 13))
2025-07-16T02:02:02.2532699Z #11 1.474   Downloading paho_mqtt-2.1.0-py3-none-any.whl.metadata (23 kB)
2025-07-16T02:02:02.4357775Z #11 1.807 Collecting pymongo==4.13.2 (from -r requirements.txt (line 14))
2025-07-16T02:02:02.5486995Z #11 1.818   Downloading pymongo-4.13.2-cp310-cp310-manylinux_2_17_x86_64.manylinux2014_x86_64.whl.metadata (22 kB)
2025-07-16T02:02:02.5488310Z #11 1.842 Collecting python-dotenv==1.1.1 (from -r requirements.txt (line 15))
2025-07-16T02:02:02.5489163Z #11 1.852   Downloading python_dotenv-1.1.1-py3-none-any.whl.metadata (24 kB)
2025-07-16T02:02:02.5490000Z #11 1.882 Collecting requests==2.32.4 (from -r requirements.txt (line 16))
2025-07-16T02:02:02.5490740Z #11 1.892   Downloading requests-2.32.4-py3-none-any.whl.metadata (4.9 kB)
2025-07-16T02:02:02.5491520Z #11 1.920 Collecting urllib3==2.5.0 (from -r requirements.txt (line 17))
2025-07-16T02:02:02.6506296Z #11 1.930   Downloading urllib3-2.5.0-py3-none-any.whl.metadata (6.5 kB)
2025-07-16T02:02:02.6507182Z #11 1.956 Collecting Werkzeug==3.1.3 (from -r requirements.txt (line 18))
2025-07-16T02:02:02.6508202Z #11 1.967   Downloading werkzeug-3.1.3-py3-none-any.whl.metadata (3.7 kB)
2025-07-16T02:02:02.6509050Z #11 1.987 Collecting autodevops-cli==0.1.1 (from -r requirements.txt (line 19))
2025-07-16T02:02:02.6509935Z #11 1.998   Downloading autodevops_cli-0.1.1-py3-none-any.whl.metadata (494 bytes)
2025-07-16T02:02:02.6510727Z #11 2.011 Collecting iniconfig==2.1.0 (from -r requirements.txt (line 20))
2025-07-16T02:02:02.6511471Z #11 2.022   Downloading iniconfig-2.1.0-py3-none-any.whl.metadata (2.7 kB)
2025-07-16T02:02:02.7589332Z #11 2.038 Collecting loguru==0.7.3 (from -r requirements.txt (line 21))
2025-07-16T02:02:02.7589965Z #11 2.048   Downloading loguru-0.7.3-py3-none-any.whl.metadata (22 kB)
2025-07-16T02:02:02.7590882Z #11 2.073 Collecting markdown-it-py==3.0.0 (from -r requirements.txt (line 22))
2025-07-16T02:02:02.7591493Z #11 2.084   Downloading markdown_it_py-3.0.0-py3-none-any.whl.metadata (6.9 kB)
2025-07-16T02:02:02.7592060Z #11 2.102 Collecting mdurl==0.1.2 (from -r requirements.txt (line 23))
2025-07-16T02:02:02.7592595Z #11 2.113   Downloading mdurl-0.1.2-py3-none-any.whl.metadata (1.6 kB)
2025-07-16T02:02:02.7593130Z #11 2.130 Collecting mongomock==4.3.0 (from -r requirements.txt (line 24))
2025-07-16T02:02:02.8663660Z #11 2.144   Downloading mongomock-4.3.0-py2.py3-none-any.whl.metadata (12 kB)
2025-07-16T02:02:02.8664383Z #11 2.164 Collecting packaging==25.0 (from -r requirements.txt (line 25))
2025-07-16T02:02:02.8664928Z #11 2.175   Downloading packaging-25.0-py3-none-any.whl.metadata (3.3 kB)
2025-07-16T02:02:02.8665500Z #11 2.191 Collecting pluggy==1.6.0 (from -r requirements.txt (line 26))
2025-07-16T02:02:02.8666004Z #11 2.202   Downloading pluggy-1.6.0-py3-none-any.whl.metadata (4.8 kB)
2025-07-16T02:02:02.8666532Z #11 2.226 Collecting Pygments==2.19.2 (from -r requirements.txt (line 27))
2025-07-16T02:02:02.8667043Z #11 2.238   Downloading pygments-2.19.2-py3-none-any.whl.metadata (2.5 kB)
2025-07-16T02:02:02.9709494Z #11 2.277 Collecting pytz==2025.2 (from -r requirements.txt (line 28))
2025-07-16T02:02:02.9710047Z #11 2.288   Downloading pytz-2025.2-py2.py3-none-any.whl.metadata (22 kB)
2025-07-16T02:02:02.9710535Z #11 2.331 Collecting rich==14.0.0 (from -r requirements.txt (line 29))
2025-07-16T02:02:02.9710993Z #11 2.342   Downloading rich-14.0.0-py3-none-any.whl.metadata (18 kB)
2025-07-16T02:02:03.1552598Z #11 2.358 Collecting sentinels==1.0.0 (from -r requirements.txt (line 30))
2025-07-16T02:02:03.1553373Z #11 2.369   Downloading sentinels-1.0.0.tar.gz (4.1 kB)
2025-07-16T02:02:03.1554380Z #11 2.376   Preparing metadata (setup.py): started
2025-07-16T02:02:03.6433328Z #11 3.015   Preparing metadata (setup.py): finished with status 'done'
2025-07-16T02:02:03.7444734Z #11 3.033 Collecting sh==2.2.2 (from -r requirements.txt (line 31))
2025-07-16T02:02:03.7445517Z #11 3.044   Downloading sh-2.2.2-py3-none-any.whl.metadata (3.7 kB)
2025-07-16T02:02:03.7446372Z #11 3.086 Collecting exceptiongroup>=1.0.0rc8 (from pytest==8.2.1->-r requirements.txt (line 3))
2025-07-16T02:02:03.7447333Z #11 3.096   Downloading exceptiongroup-1.3.0-py3-none-any.whl.metadata (6.7 kB)
2025-07-16T02:02:03.7448477Z #11 3.116 Collecting tomli>=1 (from pytest==8.2.1->-r requirements.txt (line 3))
2025-07-16T02:02:03.8562119Z #11 3.126   Downloading tomli-2.2.1-py3-none-any.whl.metadata (10 kB)
2025-07-16T02:02:03.8562902Z #11 3.195 Collecting typing-extensions<5.0,>=4.0.0 (from rich==14.0.0->-r requirements.txt (line 29))
2025-07-16T02:02:03.8564712Z #11 3.206   Downloading typing_extensions-4.14.1-py3-none-any.whl.metadata (3.0 kB)
2025-07-16T02:02:03.8565249Z #11 3.228 Downloading flask-3.1.0-py3-none-any.whl (102 kB)
2025-07-16T02:02:03.9656257Z #11 3.247 Downloading flask_pymongo-3.0.1-py3-none-any.whl (11 kB)
2025-07-16T02:02:03.9656967Z #11 3.259 Downloading pytest-8.2.1-py3-none-any.whl (339 kB)
2025-07-16T02:02:03.9657416Z #11 3.279 Downloading pluggy-1.6.0-py3-none-any.whl (20 kB)
2025-07-16T02:02:03.9658154Z #11 3.289 Downloading blinker-1.9.0-py3-none-any.whl (8.5 kB)
2025-07-16T02:02:03.9658603Z #11 3.300 Downloading certifi-2025.7.14-py3-none-any.whl (162 kB)
2025-07-16T02:02:03.9659239Z #11 3.310 Downloading charset_normalizer-3.4.2-cp310-cp310-manylinux_2_17_x86_64.manylinux2014_x86_64.whl (149 kB)
2025-07-16T02:02:03.9659855Z #11 3.322 Downloading click-8.2.1-py3-none-any.whl (102 kB)
2025-07-16T02:02:03.9660279Z #11 3.337 Downloading dnspython-2.7.0-py3-none-any.whl (313 kB)
2025-07-16T02:02:04.0699605Z #11 3.349 Downloading idna-3.10-py3-none-any.whl (70 kB)
2025-07-16T02:02:04.0700090Z #11 3.359 Downloading itsdangerous-2.2.0-py3-none-any.whl (16 kB)
2025-07-16T02:02:04.0700482Z #11 3.369 Downloading jinja2-3.1.6-py3-none-any.whl (134 kB)
2025-07-16T02:02:04.0701256Z #11 3.380 Downloading MarkupSafe-3.0.2-cp310-cp310-manylinux_2_17_x86_64.manylinux2014_x86_64.whl (20 kB)
2025-07-16T02:02:04.0701780Z #11 3.392 Downloading paho_mqtt-2.1.0-py3-none-any.whl (67 kB)
2025-07-16T02:02:04.0702499Z #11 3.405 Downloading pymongo-4.13.2-cp310-cp310-manylinux_2_17_x86_64.manylinux2014_x86_64.whl (1.2 MB)
2025-07-16T02:02:04.0703479Z #11 3.416    ━━━━━━━━━━━━━━━━━━━━━━━━━━━━━━━━━━━━━━━━ 1.2/1.2 MB 117.3 MB/s eta 0:00:00
2025-07-16T02:02:04.0703967Z #11 3.426 Downloading python_dotenv-1.1.1-py3-none-any.whl (20 kB)
2025-07-16T02:02:04.0704461Z #11 3.441 Downloading requests-2.32.4-py3-none-any.whl (64 kB)
2025-07-16T02:02:04.1729753Z #11 3.448 Downloading urllib3-2.5.0-py3-none-any.whl (129 kB)
2025-07-16T02:02:04.1730560Z #11 3.459 Downloading werkzeug-3.1.3-py3-none-any.whl (224 kB)
2025-07-16T02:02:04.1731373Z #11 3.471 Downloading autodevops_cli-0.1.1-py3-none-any.whl (4.1 kB)
2025-07-16T02:02:04.1732152Z #11 3.482 Downloading iniconfig-2.1.0-py3-none-any.whl (6.0 kB)
2025-07-16T02:02:04.1732842Z #11 3.492 Downloading loguru-0.7.3-py3-none-any.whl (61 kB)
2025-07-16T02:02:04.1733306Z #11 3.502 Downloading markdown_it_py-3.0.0-py3-none-any.whl (87 kB)
2025-07-16T02:02:04.1733786Z #11 3.512 Downloading mdurl-0.1.2-py3-none-any.whl (10.0 kB)
2025-07-16T02:02:04.1734265Z #11 3.523 Downloading mongomock-4.3.0-py2.py3-none-any.whl (64 kB)
2025-07-16T02:02:04.1734763Z #11 3.533 Downloading packaging-25.0-py3-none-any.whl (66 kB)
2025-07-16T02:02:04.1735231Z #11 3.544 Downloading pygments-2.19.2-py3-none-any.whl (1.2 MB)
2025-07-16T02:02:04.2746147Z #11 3.549    ━━━━━━━━━━━━━━━━━━━━━━━━━━━━━━━━━━━━━━━━ 1.2/1.2 MB 526.7 MB/s eta 0:00:00
2025-07-16T02:02:04.2746657Z #11 3.560 Downloading pytz-2025.2-py2.py3-none-any.whl (509 kB)
2025-07-16T02:02:04.2747109Z #11 3.571 Downloading rich-14.0.0-py3-none-any.whl (243 kB)
2025-07-16T02:02:04.2748141Z #11 3.583 Downloading sh-2.2.2-py3-none-any.whl (38 kB)
2025-07-16T02:02:04.2748700Z #11 3.593 Downloading typing_extensions-4.14.1-py3-none-any.whl (43 kB)
2025-07-16T02:02:04.2749222Z #11 3.603 Downloading exceptiongroup-1.3.0-py3-none-any.whl (16 kB)
2025-07-16T02:02:04.2749662Z #11 3.613 Downloading tomli-2.2.1-py3-none-any.whl (14 kB)
2025-07-16T02:02:04.2750068Z #11 3.646 Building wheels for collected packages: sentinels
2025-07-16T02:02:04.4267363Z #11 3.647   DEPRECATION: Building 'sentinels' using the legacy setup.py bdist_wheel mechanism, which will be removed in a future version. pip 25.3 will enforce this behaviour change. A possible replacement is to use the standardized build interface by setting the `--use-pep517` option, (possibly combined with `--no-build-isolation`), or adding a `pyproject.toml` file to the source tree of 'sentinels'. Discussion can be found at https://github.com/pypa/pip/issues/6334
2025-07-16T02:02:05.1101550Z #11 3.647   Building wheel for sentinels (setup.py): started
2025-07-16T02:02:05.1102642Z #11 4.481   Building wheel for sentinels (setup.py): finished with status 'done'
2025-07-16T02:02:05.3339057Z #11 4.482   Created wheel for sentinels: filename=sentinels-1.0.0-py3-none-any.whl size=3175 sha256=7155070e2c9eb7bb02df3bbbadb25ba73c9b6bdfcd9ca658fba3ca13d6906d0f
2025-07-16T02:02:05.3340333Z #11 4.482   Stored in directory: /tmp/pip-ephem-wheel-cache-ejuiv2hw/wheels/26/bc/eb/67e56405e0684b3d8c011cf4d18129c41be394775fd5ba2347
2025-07-16T02:02:05.3341313Z #11 4.484 Successfully built sentinels
2025-07-16T02:02:05.3343536Z #11 4.555 Installing collected packages: sentinels, pytz, urllib3, typing-extensions, tomli, sh, python-dotenv, Pygments, pluggy, paho-mqtt, packaging, mdurl, MarkupSafe, loguru, itsdangerous, iniconfig, idna, dnspython, click, charset-normalizer, certifi, blinker, Werkzeug, requests, pymongo, mongomock, markdown-it-py, Jinja2, exceptiongroup, rich, pytest, Flask, Flask-PyMongo, autodevops-cli
2025-07-16T02:02:07.5195472Z #11 6.891 
2025-07-16T02:02:07.6774392Z #11 6.898 Successfully installed Flask-3.1.0 Flask-PyMongo-3.0.1 Jinja2-3.1.6 MarkupSafe-3.0.2 Pygments-2.19.2 Werkzeug-3.1.3 autodevops-cli-0.1.1 blinker-1.9.0 certifi-2025.7.14 charset-normalizer-3.4.2 click-8.2.1 dnspython-2.7.0 exceptiongroup-1.3.0 idna-3.10 iniconfig-2.1.0 itsdangerous-2.2.0 loguru-0.7.3 markdown-it-py-3.0.0 mdurl-0.1.2 mongomock-4.3.0 packaging-25.0 paho-mqtt-2.1.0 pluggy-1.6.0 pymongo-4.13.2 pytest-8.2.1 python-dotenv-1.1.1 pytz-2025.2 requests-2.32.4 rich-14.0.0 sentinels-1.0.0 sh-2.2.2 tomli-2.2.1 typing-extensions-4.14.1 urllib3-2.5.0
2025-07-16T02:02:07.6778674Z #11 6.898 WARNING: Running pip as the 'root' user can result in broken permissions and conflicting behaviour with the system package manager, possibly rendering your system unusable. It is recommended to use a virtual environment instead: https://pip.pypa.io/warnings/venv. Use the --root-user-action option if you know what you are doing and want to suppress this warning.
2025-07-16T02:02:07.7957686Z #11 DONE 7.2s
2025-07-16T02:02:07.9480400Z 
2025-07-16T02:02:07.9480847Z #12 exporting to image
2025-07-16T02:02:07.9481252Z #12 exporting layers
2025-07-16T02:02:09.6219441Z #12 exporting layers 1.8s done
2025-07-16T02:02:09.6397422Z #12 writing image sha256:c37fc3acdd95c2dc14e6d1b7aecdad057b34b03a56b6c3f04a4428e0e72d1122 done
2025-07-16T02:02:09.6399841Z #12 naming to docker.io/***/flask-ci-cd-demo done
2025-07-16T02:02:09.6400525Z #12 DONE 1.8s
2025-07-16T02:02:09.6476775Z ##[group]Run docker push ***/flask-ci-cd-demo
2025-07-16T02:02:09.6477165Z [36;1mdocker push ***/flask-ci-cd-demo[0m
2025-07-16T02:02:09.6506094Z shell: /usr/bin/bash -e {0}
2025-07-16T02:02:09.6506320Z env:
2025-07-16T02:02:09.6506568Z   pythonLocation: /opt/hostedtoolcache/Python/3.10.18/x64
2025-07-16T02:02:09.6506969Z   PKG_CONFIG_PATH: /opt/hostedtoolcache/Python/3.10.18/x64/lib/pkgconfig
2025-07-16T02:02:09.6507349Z   Python_ROOT_DIR: /opt/hostedtoolcache/Python/3.10.18/x64
2025-07-16T02:02:09.6507696Z   Python2_ROOT_DIR: /opt/hostedtoolcache/Python/3.10.18/x64
2025-07-16T02:02:09.6508390Z   Python3_ROOT_DIR: /opt/hostedtoolcache/Python/3.10.18/x64
2025-07-16T02:02:09.6508764Z   LD_LIBRARY_PATH: /opt/hostedtoolcache/Python/3.10.18/x64/lib
2025-07-16T02:02:09.6509057Z ##[endgroup]
2025-07-16T02:02:09.6649641Z Using default tag: latest
2025-07-16T02:02:09.6666904Z The push refers to repository [docker.io/***/flask-ci-cd-demo]
2025-07-16T02:02:09.8668136Z 99ba5d71be86: Preparing
2025-07-16T02:02:09.8669209Z 51f286646469: Preparing
2025-07-16T02:02:09.8669587Z 0feca74cb071: Preparing
2025-07-16T02:02:09.8669970Z e123265f29d3: Preparing
2025-07-16T02:02:09.8670368Z 01c7a4a6f548: Preparing
2025-07-16T02:02:09.8670726Z 31abbb538de0: Preparing
2025-07-16T02:02:09.8671109Z a2ccf7527b3c: Preparing
2025-07-16T02:02:09.8671366Z abd92ba2021e: Preparing
2025-07-16T02:02:09.8671604Z 1bb35e8b4de1: Preparing
2025-07-16T02:02:09.8671844Z 31abbb538de0: Waiting
2025-07-16T02:02:09.8672127Z a2ccf7527b3c: Waiting
2025-07-16T02:02:09.8672355Z abd92ba2021e: Waiting
2025-07-16T02:02:09.8672586Z 1bb35e8b4de1: Waiting
2025-07-16T02:02:12.1925706Z e123265f29d3: Pushed
2025-07-16T02:02:12.6039849Z 31abbb538de0: Layer already exists
2025-07-16T02:02:13.0251630Z 51f286646469: Pushed
2025-07-16T02:02:13.0265871Z a2ccf7527b3c: Layer already exists
2025-07-16T02:02:13.4281283Z abd92ba2021e: Layer already exists
2025-07-16T02:02:13.4411577Z 1bb35e8b4de1: Layer already exists
2025-07-16T02:02:14.5094522Z 99ba5d71be86: Pushed
2025-07-16T02:02:15.5978011Z 0feca74cb071: Pushed
2025-07-16T02:02:25.5525367Z 01c7a4a6f548: Pushed
2025-07-16T02:02:28.7149456Z latest: digest: sha256:216ee3251e9d21ec823fd912cf7c94f9e34cd8572fc666f6523fc548247ad688 size: 2212
2025-07-16T02:02:28.7213701Z Post job cleanup.
2025-07-16T02:02:29.0118986Z [command]/usr/bin/docker logout 
2025-07-16T02:02:29.0246308Z Removing login credentials for https://index.docker.io/v1/
2025-07-16T02:02:29.0280074Z ##[group]Post cache
2025-07-16T02:02:29.0281542Z State not set
2025-07-16T02:02:29.0282822Z ##[endgroup]
2025-07-16T02:02:29.0404473Z Post job cleanup.
2025-07-16T02:02:29.2204500Z Post job cleanup.
2025-07-16T02:02:29.2915057Z [command]/usr/bin/git version
2025-07-16T02:02:29.2949441Z git version 2.50.1
2025-07-16T02:02:29.2993796Z Temporarily overriding HOME='/home/runner/work/_temp/46101d4b-e6fd-4fb3-b0ff-f167261b927a' before making global git config changes
2025-07-16T02:02:29.2995034Z Adding repository directory to the temporary git global config as a safe directory
2025-07-16T02:02:29.2998615Z [command]/usr/bin/git config --global --add safe.directory /home/runner/work/Devops/Devops
2025-07-16T02:02:29.3031382Z [command]/usr/bin/git config --local --name-only --get-regexp core\.sshCommand
2025-07-16T02:02:29.3060632Z [command]/usr/bin/git submodule foreach --recursive sh -c "git config --local --name-only --get-regexp 'core\.sshCommand' && git config --local --unset-all 'core.sshCommand' || :"
2025-07-16T02:02:29.3290456Z [command]/usr/bin/git config --local --name-only --get-regexp http\.https\:\/\/github\.com\/\.extraheader
2025-07-16T02:02:29.3310531Z http.https://github.com/.extraheader
2025-07-16T02:02:29.3321876Z [command]/usr/bin/git config --local --unset-all http.https://github.com/.extraheader
2025-07-16T02:02:29.3350433Z [command]/usr/bin/git submodule foreach --recursive sh -c "git config --local --name-only --get-regexp 'http\.https\:\/\/github\.com\/\.extraheader' && git config --local --unset-all 'http.https://github.com/.extraheader' || :"
2025-07-16T02:02:29.3678342Z Cleaning up orphan processes
