2025-07-15T17:31:05.0469671Z Current runner version: '2.326.0'
2025-07-15T17:31:05.0493936Z ##[group]Runner Image Provisioner
2025-07-15T17:31:05.0494827Z Hosted Compute Agent
2025-07-15T17:31:05.0495370Z Version: 20250711.363
2025-07-15T17:31:05.0496057Z Commit: 6785254374ce925a23743850c1cb91912ce5c14c
2025-07-15T17:31:05.0496779Z Build Date: 2025-07-11T20:04:25Z
2025-07-15T17:31:05.0497394Z ##[endgroup]
2025-07-15T17:31:05.0497986Z ##[group]Operating System
2025-07-15T17:31:05.0498560Z Ubuntu
2025-07-15T17:31:05.0499003Z 24.04.2
2025-07-15T17:31:05.0499527Z LTS
2025-07-15T17:31:05.0500005Z ##[endgroup]
2025-07-15T17:31:05.0500518Z ##[group]Runner Image
2025-07-15T17:31:05.0501124Z Image: ubuntu-24.04
2025-07-15T17:31:05.0501647Z Version: 20250710.1.0
2025-07-15T17:31:05.0502626Z Included Software: https://github.com/actions/runner-images/blob/ubuntu24/20250710.1/images/ubuntu/Ubuntu2404-Readme.md
2025-07-15T17:31:05.0504594Z Image Release: https://github.com/actions/runner-images/releases/tag/ubuntu24%2F20250710.1
2025-07-15T17:31:05.0505611Z ##[endgroup]
2025-07-15T17:31:05.0506781Z ##[group]GITHUB_TOKEN Permissions
2025-07-15T17:31:05.0508825Z Contents: read
2025-07-15T17:31:05.0509474Z Metadata: read
2025-07-15T17:31:05.0510003Z Packages: read
2025-07-15T17:31:05.0510488Z ##[endgroup]
2025-07-15T17:31:05.0512821Z Secret source: Actions
2025-07-15T17:31:05.0513960Z Prepare workflow directory
2025-07-15T17:31:05.0844452Z Prepare all required actions
2025-07-15T17:31:05.0881619Z Getting action download info
2025-07-15T17:31:05.5779699Z ##[group]Download immutable action package 'actions/checkout@v3'
2025-07-15T17:31:05.5780708Z Version: 3.6.0
2025-07-15T17:31:05.5781759Z Digest: sha256:942562b9c7d4b1f2557f1da21f4d3eb4eb4fd01f2ad78b2a6e187d1b193e0a0f
2025-07-15T17:31:05.5783025Z Source commit SHA: f43a0e5ff2bd294095638e18286ca9a3d1956744
2025-07-15T17:31:05.5783973Z ##[endgroup]
2025-07-15T17:31:05.7331290Z ##[group]Download immutable action package 'actions/setup-python@v4'
2025-07-15T17:31:05.7332150Z Version: 4.9.1
2025-07-15T17:31:05.7332940Z Digest: sha256:f03e505388af670b5a108629e0ba26befc08d5c62b41f46146a45fe29ae509a5
2025-07-15T17:31:05.7334270Z Source commit SHA: 7f4fc3e22c37d6ff65e88745f38bd3157c663f7c
2025-07-15T17:31:05.7335005Z ##[endgroup]
2025-07-15T17:31:06.0748046Z ##[group]Download immutable action package 'docker/login-action@v3'
2025-07-15T17:31:06.0749015Z Version: 3.4.0
2025-07-15T17:31:06.0749897Z Digest: sha256:864ebd28db095e1602e6ef999f46a4f575083ea874918fbccf0994c2a7680450
2025-07-15T17:31:06.0750927Z Source commit SHA: 74a5d142397b4f367a81961eba4e8cd7edddf772
2025-07-15T17:31:06.0751762Z ##[endgroup]
2025-07-15T17:31:06.4845232Z Complete job name: build-test-deploy
2025-07-15T17:31:06.5537601Z ##[group]Run actions/checkout@v3
2025-07-15T17:31:06.5538495Z with:
2025-07-15T17:31:06.5539027Z   repository: ***/testing-CI-CD
2025-07-15T17:31:06.5539703Z   token: ***
2025-07-15T17:31:06.5540136Z   ssh-strict: true
2025-07-15T17:31:06.5540604Z   persist-credentials: true
2025-07-15T17:31:06.5541119Z   clean: true
2025-07-15T17:31:06.5541584Z   sparse-checkout-cone-mode: true
2025-07-15T17:31:06.5542139Z   fetch-depth: 1
2025-07-15T17:31:06.5542584Z   fetch-tags: false
2025-07-15T17:31:06.5543026Z   lfs: false
2025-07-15T17:31:06.5543436Z   submodules: false
2025-07-15T17:31:06.5544058Z   set-safe-directory: true
2025-07-15T17:31:06.5544808Z ##[endgroup]
2025-07-15T17:31:06.6434600Z Syncing repository: ***/testing-CI-CD
2025-07-15T17:31:06.6437524Z ##[group]Getting Git version info
2025-07-15T17:31:06.6438952Z Working directory is '/home/runner/work/testing-CI-CD/testing-CI-CD'
2025-07-15T17:31:06.6440606Z [command]/usr/bin/git version
2025-07-15T17:31:06.6508293Z git version 2.50.1
2025-07-15T17:31:06.6536663Z ##[endgroup]
2025-07-15T17:31:06.6553023Z Temporarily overriding HOME='/home/runner/work/_temp/e7dcfb55-0704-4769-9f70-6e41f979964d' before making global git config changes
2025-07-15T17:31:06.6555865Z Adding repository directory to the temporary git global config as a safe directory
2025-07-15T17:31:06.6558125Z [command]/usr/bin/git config --global --add safe.directory /home/runner/work/testing-CI-CD/testing-CI-CD
2025-07-15T17:31:06.6593939Z Deleting the contents of '/home/runner/work/testing-CI-CD/testing-CI-CD'
2025-07-15T17:31:06.6597971Z ##[group]Initializing the repository
2025-07-15T17:31:06.6601806Z [command]/usr/bin/git init /home/runner/work/testing-CI-CD/testing-CI-CD
2025-07-15T17:31:06.6683778Z hint: Using 'master' as the name for the initial branch. This default branch name
2025-07-15T17:31:06.6685223Z hint: is subject to change. To configure the initial branch name to use in all
2025-07-15T17:31:06.6686307Z hint: of your new repositories, which will suppress this warning, call:
2025-07-15T17:31:06.6687084Z hint:
2025-07-15T17:31:06.6687945Z hint: 	git config --global init.defaultBranch <name>
2025-07-15T17:31:06.6688910Z hint:
2025-07-15T17:31:06.6689998Z hint: Names commonly chosen instead of 'master' are 'main', 'trunk' and
2025-07-15T17:31:06.6691766Z hint: 'development'. The just-created branch can be renamed via this command:
2025-07-15T17:31:06.6693207Z hint:
2025-07-15T17:31:06.6694248Z hint: 	git branch -m <name>
2025-07-15T17:31:06.6695151Z hint:
2025-07-15T17:31:06.6696332Z hint: Disable this message with "git config set advice.defaultBranchName false"
2025-07-15T17:31:06.6698293Z Initialized empty Git repository in /home/runner/work/testing-CI-CD/testing-CI-CD/.git/
2025-07-15T17:31:06.6701642Z [command]/usr/bin/git remote add origin https://github.com/***/testing-CI-CD
2025-07-15T17:31:06.6736462Z ##[endgroup]
2025-07-15T17:31:06.6737783Z ##[group]Disabling automatic garbage collection
2025-07-15T17:31:06.6739530Z [command]/usr/bin/git config --local gc.auto 0
2025-07-15T17:31:06.6767090Z ##[endgroup]
2025-07-15T17:31:06.6768508Z ##[group]Setting up auth
2025-07-15T17:31:06.6773274Z [command]/usr/bin/git config --local --name-only --get-regexp core\.sshCommand
2025-07-15T17:31:06.6801068Z [command]/usr/bin/git submodule foreach --recursive sh -c "git config --local --name-only --get-regexp 'core\.sshCommand' && git config --local --unset-all 'core.sshCommand' || :"
2025-07-15T17:31:06.7130993Z [command]/usr/bin/git config --local --name-only --get-regexp http\.https\:\/\/github\.com\/\.extraheader
2025-07-15T17:31:06.7159299Z [command]/usr/bin/git submodule foreach --recursive sh -c "git config --local --name-only --get-regexp 'http\.https\:\/\/github\.com\/\.extraheader' && git config --local --unset-all 'http.https://github.com/.extraheader' || :"
2025-07-15T17:31:06.7376091Z [command]/usr/bin/git config --local http.https://github.com/.extraheader AUTHORIZATION: basic ***
2025-07-15T17:31:06.7408636Z ##[endgroup]
2025-07-15T17:31:06.7410449Z ##[group]Fetching the repository
2025-07-15T17:31:06.7418714Z [command]/usr/bin/git -c protocol.version=2 fetch --no-tags --prune --progress --no-recurse-submodules --depth=1 origin +fdc53440d45af24e91afe100da995e42a7939c5c:refs/remotes/origin/main
2025-07-15T17:31:07.1320705Z remote: Enumerating objects: 4158, done.        
2025-07-15T17:31:07.1321946Z remote: Counting objects:   0% (1/4158)        
2025-07-15T17:31:07.1323021Z remote: Counting objects:   1% (42/4158)        
2025-07-15T17:31:07.1324860Z remote: Counting objects:   2% (84/4158)        
2025-07-15T17:31:07.1326675Z remote: Counting objects:   3% (125/4158)        
2025-07-15T17:31:07.1328199Z remote: Counting objects:   4% (167/4158)        
2025-07-15T17:31:07.1329297Z remote: Counting objects:   5% (208/4158)        
2025-07-15T17:31:07.1330492Z remote: Counting objects:   6% (250/4158)        
2025-07-15T17:31:07.1331821Z remote: Counting objects:   7% (292/4158)        
2025-07-15T17:31:07.1333949Z remote: Counting objects:   8% (333/4158)        
2025-07-15T17:31:07.1335912Z remote: Counting objects:   9% (375/4158)        
2025-07-15T17:31:07.1337244Z remote: Counting objects:  10% (416/4158)        
2025-07-15T17:31:07.1338513Z remote: Counting objects:  11% (458/4158)        
2025-07-15T17:31:07.1339833Z remote: Counting objects:  12% (499/4158)        
2025-07-15T17:31:07.1341195Z remote: Counting objects:  13% (541/4158)        
2025-07-15T17:31:07.1342811Z remote: Counting objects:  14% (583/4158)        
2025-07-15T17:31:07.1344507Z remote: Counting objects:  15% (624/4158)        
2025-07-15T17:31:07.1346000Z remote: Counting objects:  16% (666/4158)        
2025-07-15T17:31:07.1347820Z remote: Counting objects:  17% (707/4158)        
2025-07-15T17:31:07.1350084Z remote: Counting objects:  18% (749/4158)        
2025-07-15T17:31:07.1351646Z remote: Counting objects:  19% (791/4158)        
2025-07-15T17:31:07.1353164Z remote: Counting objects:  20% (832/4158)        
2025-07-15T17:31:07.1354974Z remote: Counting objects:  21% (874/4158)        
2025-07-15T17:31:07.1356482Z remote: Counting objects:  22% (915/4158)        
2025-07-15T17:31:07.1357963Z remote: Counting objects:  23% (957/4158)        
2025-07-15T17:31:07.1359478Z remote: Counting objects:  24% (998/4158)        
2025-07-15T17:31:07.1360976Z remote: Counting objects:  25% (1040/4158)        
2025-07-15T17:31:07.1362468Z remote: Counting objects:  26% (1082/4158)        
2025-07-15T17:31:07.1364072Z remote: Counting objects:  27% (1123/4158)        
2025-07-15T17:31:07.1365670Z remote: Counting objects:  28% (1165/4158)        
2025-07-15T17:31:07.1367166Z remote: Counting objects:  29% (1206/4158)        
2025-07-15T17:31:07.1368661Z remote: Counting objects:  30% (1248/4158)        
2025-07-15T17:31:07.1370154Z remote: Counting objects:  31% (1289/4158)        
2025-07-15T17:31:07.1371662Z remote: Counting objects:  32% (1331/4158)        
2025-07-15T17:31:07.1373159Z remote: Counting objects:  33% (1373/4158)        
2025-07-15T17:31:07.1374772Z remote: Counting objects:  34% (1414/4158)        
2025-07-15T17:31:07.1376246Z remote: Counting objects:  35% (1456/4158)        
2025-07-15T17:31:07.1377711Z remote: Counting objects:  36% (1497/4158)        
2025-07-15T17:31:07.1379220Z remote: Counting objects:  37% (1539/4158)        
2025-07-15T17:31:07.1380668Z remote: Counting objects:  38% (1581/4158)        
2025-07-15T17:31:07.1382111Z remote: Counting objects:  39% (1622/4158)        
2025-07-15T17:31:07.1383527Z remote: Counting objects:  40% (1664/4158)        
2025-07-15T17:31:07.1385250Z remote: Counting objects:  41% (1705/4158)        
2025-07-15T17:31:07.1386646Z remote: Counting objects:  42% (1747/4158)        
2025-07-15T17:31:07.1388032Z remote: Counting objects:  43% (1788/4158)        
2025-07-15T17:31:07.1389409Z remote: Counting objects:  44% (1830/4158)        
2025-07-15T17:31:07.1390807Z remote: Counting objects:  45% (1872/4158)        
2025-07-15T17:31:07.1392157Z remote: Counting objects:  46% (1913/4158)        
2025-07-15T17:31:07.1393885Z remote: Counting objects:  47% (1955/4158)        
2025-07-15T17:31:07.1395310Z remote: Counting objects:  48% (1996/4158)        
2025-07-15T17:31:07.1396630Z remote: Counting objects:  49% (2038/4158)        
2025-07-15T17:31:07.1398006Z remote: Counting objects:  50% (2079/4158)        
2025-07-15T17:31:07.1399372Z remote: Counting objects:  51% (2121/4158)        
2025-07-15T17:31:07.1400723Z remote: Counting objects:  52% (2163/4158)        
2025-07-15T17:31:07.1402072Z remote: Counting objects:  53% (2204/4158)        
2025-07-15T17:31:07.1403426Z remote: Counting objects:  54% (2246/4158)        
2025-07-15T17:31:07.1404902Z remote: Counting objects:  55% (2287/4158)        
2025-07-15T17:31:07.1406290Z remote: Counting objects:  56% (2329/4158)        
2025-07-15T17:31:07.1407635Z remote: Counting objects:  57% (2371/4158)        
2025-07-15T17:31:07.1408984Z remote: Counting objects:  58% (2412/4158)        
2025-07-15T17:31:07.1410340Z remote: Counting objects:  59% (2454/4158)        
2025-07-15T17:31:07.1411704Z remote: Counting objects:  60% (2495/4158)        
2025-07-15T17:31:07.1413049Z remote: Counting objects:  61% (2537/4158)        
2025-07-15T17:31:07.1414474Z remote: Counting objects:  62% (2578/4158)        
2025-07-15T17:31:07.1415813Z remote: Counting objects:  63% (2620/4158)        
2025-07-15T17:31:07.1417194Z remote: Counting objects:  64% (2662/4158)        
2025-07-15T17:31:07.1418688Z remote: Counting objects:  65% (2703/4158)        
2025-07-15T17:31:07.1420031Z remote: Counting objects:  66% (2745/4158)        
2025-07-15T17:31:07.1421369Z remote: Counting objects:  67% (2786/4158)        
2025-07-15T17:31:07.1422721Z remote: Counting objects:  68% (2828/4158)        
2025-07-15T17:31:07.1424277Z remote: Counting objects:  69% (2870/4158)        
2025-07-15T17:31:07.1425671Z remote: Counting objects:  70% (2911/4158)        
2025-07-15T17:31:07.1427029Z remote: Counting objects:  71% (2953/4158)        
2025-07-15T17:31:07.1428365Z remote: Counting objects:  72% (2994/4158)        
2025-07-15T17:31:07.1429720Z remote: Counting objects:  73% (3036/4158)        
2025-07-15T17:31:07.1431077Z remote: Counting objects:  74% (3077/4158)        
2025-07-15T17:31:07.1432437Z remote: Counting objects:  75% (3119/4158)        
2025-07-15T17:31:07.1434020Z remote: Counting objects:  76% (3161/4158)        
2025-07-15T17:31:07.1435402Z remote: Counting objects:  77% (3202/4158)        
2025-07-15T17:31:07.1436775Z remote: Counting objects:  78% (3244/4158)        
2025-07-15T17:31:07.1438125Z remote: Counting objects:  79% (3285/4158)        
2025-07-15T17:31:07.1439462Z remote: Counting objects:  80% (3327/4158)        
2025-07-15T17:31:07.1440800Z remote: Counting objects:  81% (3368/4158)        
2025-07-15T17:31:07.1442141Z remote: Counting objects:  82% (3410/4158)        
2025-07-15T17:31:07.1443487Z remote: Counting objects:  83% (3452/4158)        
2025-07-15T17:31:07.1445113Z remote: Counting objects:  84% (3493/4158)        
2025-07-15T17:31:07.1446480Z remote: Counting objects:  85% (3535/4158)        
2025-07-15T17:31:07.1447815Z remote: Counting objects:  86% (3576/4158)        
2025-07-15T17:31:07.1449158Z remote: Counting objects:  87% (3618/4158)        
2025-07-15T17:31:07.1450494Z remote: Counting objects:  88% (3660/4158)        
2025-07-15T17:31:07.1451807Z remote: Counting objects:  89% (3701/4158)        
2025-07-15T17:31:07.1453093Z remote: Counting objects:  90% (3743/4158)        
2025-07-15T17:31:07.1454501Z remote: Counting objects:  91% (3784/4158)        
2025-07-15T17:31:07.1455782Z remote: Counting objects:  92% (3826/4158)        
2025-07-15T17:31:07.1457073Z remote: Counting objects:  93% (3867/4158)        
2025-07-15T17:31:07.1458360Z remote: Counting objects:  94% (3909/4158)        
2025-07-15T17:31:07.1459642Z remote: Counting objects:  95% (3951/4158)        
2025-07-15T17:31:07.1460932Z remote: Counting objects:  96% (3992/4158)        
2025-07-15T17:31:07.2090289Z remote: Counting objects:  97% (4034/4158)        
2025-07-15T17:31:07.2092811Z remote: Counting objects:  98% (4075/4158)        
2025-07-15T17:31:07.2094534Z remote: Counting objects:  99% (4117/4158)        
2025-07-15T17:31:07.2095859Z remote: Counting objects: 100% (4158/4158)        
2025-07-15T17:31:07.2097272Z remote: Counting objects: 100% (4158/4158), done.        
2025-07-15T17:31:07.2098665Z remote: Compressing objects:   0% (1/3717)        
2025-07-15T17:31:07.2100013Z remote: Compressing objects:   1% (38/3717)        
2025-07-15T17:31:07.2101355Z remote: Compressing objects:   2% (75/3717)        
2025-07-15T17:31:07.2102737Z remote: Compressing objects:   3% (112/3717)        
2025-07-15T17:31:07.2104209Z remote: Compressing objects:   4% (149/3717)        
2025-07-15T17:31:07.2105570Z remote: Compressing objects:   5% (186/3717)        
2025-07-15T17:31:07.2106931Z remote: Compressing objects:   6% (224/3717)        
2025-07-15T17:31:07.2108282Z remote: Compressing objects:   7% (261/3717)        
2025-07-15T17:31:07.2109689Z remote: Compressing objects:   8% (298/3717)        
2025-07-15T17:31:07.2865277Z remote: Compressing objects:   9% (335/3717)        
2025-07-15T17:31:07.2866870Z remote: Compressing objects:  10% (372/3717)        
2025-07-15T17:31:07.2868282Z remote: Compressing objects:  11% (409/3717)        
2025-07-15T17:31:07.2869678Z remote: Compressing objects:  12% (447/3717)        
2025-07-15T17:31:07.2871080Z remote: Compressing objects:  13% (484/3717)        
2025-07-15T17:31:07.2872737Z remote: Compressing objects:  14% (521/3717)        
2025-07-15T17:31:07.2874351Z remote: Compressing objects:  15% (558/3717)        
2025-07-15T17:31:07.2875740Z remote: Compressing objects:  16% (595/3717)        
2025-07-15T17:31:07.3639574Z remote: Compressing objects:  17% (632/3717)        
2025-07-15T17:31:07.3641957Z remote: Compressing objects:  18% (670/3717)        
2025-07-15T17:31:07.3644522Z remote: Compressing objects:  19% (707/3717)        
2025-07-15T17:31:07.3646936Z remote: Compressing objects:  20% (744/3717)        
2025-07-15T17:31:07.3649297Z remote: Compressing objects:  21% (781/3717)        
2025-07-15T17:31:07.3651545Z remote: Compressing objects:  22% (818/3717)        
2025-07-15T17:31:07.3653960Z remote: Compressing objects:  23% (855/3717)        
2025-07-15T17:31:07.3656199Z remote: Compressing objects:  24% (893/3717)        
2025-07-15T17:31:07.4418380Z remote: Compressing objects:  25% (930/3717)        
2025-07-15T17:31:07.4420181Z remote: Compressing objects:  26% (967/3717)        
2025-07-15T17:31:07.4421560Z remote: Compressing objects:  27% (1004/3717)        
2025-07-15T17:31:07.4422930Z remote: Compressing objects:  28% (1041/3717)        
2025-07-15T17:31:07.4424489Z remote: Compressing objects:  29% (1078/3717)        
2025-07-15T17:31:07.4425851Z remote: Compressing objects:  30% (1116/3717)        
2025-07-15T17:31:07.4427210Z remote: Compressing objects:  31% (1153/3717)        
2025-07-15T17:31:07.5193352Z remote: Compressing objects:  32% (1190/3717)        
2025-07-15T17:31:07.5195445Z remote: Compressing objects:  33% (1227/3717)        
2025-07-15T17:31:07.5197227Z remote: Compressing objects:  34% (1264/3717)        
2025-07-15T17:31:07.5198885Z remote: Compressing objects:  35% (1301/3717)        
2025-07-15T17:31:07.5200273Z remote: Compressing objects:  36% (1339/3717)        
2025-07-15T17:31:07.5201651Z remote: Compressing objects:  37% (1376/3717)        
2025-07-15T17:31:07.5203051Z remote: Compressing objects:  38% (1413/3717)        
2025-07-15T17:31:07.5204566Z remote: Compressing objects:  39% (1450/3717)        
2025-07-15T17:31:07.5205941Z remote: Compressing objects:  40% (1487/3717)        
2025-07-15T17:31:07.5207318Z remote: Compressing objects:  41% (1524/3717)        
2025-07-15T17:31:07.5208724Z remote: Compressing objects:  42% (1562/3717)        
2025-07-15T17:31:07.5210111Z remote: Compressing objects:  43% (1599/3717)        
2025-07-15T17:31:07.5211494Z remote: Compressing objects:  44% (1636/3717)        
2025-07-15T17:31:07.5980908Z remote: Compressing objects:  45% (1673/3717)        
2025-07-15T17:31:08.0623439Z remote: Compressing objects:  46% (1710/3717)        
2025-07-15T17:31:08.0626162Z remote: Compressing objects:  47% (1747/3717)        
2025-07-15T17:31:08.0628368Z remote: Compressing objects:  48% (1785/3717)        
2025-07-15T17:31:08.1400966Z remote: Compressing objects:  49% (1822/3717)        
2025-07-15T17:31:08.1402759Z remote: Compressing objects:  50% (1859/3717)        
2025-07-15T17:31:08.2163842Z remote: Compressing objects:  50% (1882/3717)        
2025-07-15T17:31:08.2938585Z remote: Compressing objects:  51% (1896/3717)        
2025-07-15T17:31:08.2941010Z remote: Compressing objects:  52% (1933/3717)        
2025-07-15T17:31:08.3713450Z remote: Compressing objects:  53% (1971/3717)        
2025-07-15T17:31:08.4490869Z remote: Compressing objects:  54% (2008/3717)        
2025-07-15T17:31:08.4491476Z remote: Compressing objects:  55% (2045/3717)        
2025-07-15T17:31:08.5261804Z remote: Compressing objects:  56% (2082/3717)        
2025-07-15T17:31:08.5262943Z remote: Compressing objects:  57% (2119/3717)        
2025-07-15T17:31:08.5263485Z remote: Compressing objects:  58% (2156/3717)        
2025-07-15T17:31:08.6063968Z remote: Compressing objects:  59% (2194/3717)        
2025-07-15T17:31:08.6064891Z remote: Compressing objects:  60% (2231/3717)        
2025-07-15T17:31:08.6065555Z remote: Compressing objects:  61% (2268/3717)        
2025-07-15T17:31:08.6066851Z remote: Compressing objects:  62% (2305/3717)        
2025-07-15T17:31:08.6817787Z remote: Compressing objects:  63% (2342/3717)        
2025-07-15T17:31:08.6818502Z remote: Compressing objects:  64% (2379/3717)        
2025-07-15T17:31:08.6819152Z remote: Compressing objects:  65% (2417/3717)        
2025-07-15T17:31:08.6819829Z remote: Compressing objects:  66% (2454/3717)        
2025-07-15T17:31:08.6820440Z remote: Compressing objects:  67% (2491/3717)        
2025-07-15T17:31:08.6821059Z remote: Compressing objects:  68% (2528/3717)        
2025-07-15T17:31:08.6821775Z remote: Compressing objects:  69% (2565/3717)        
2025-07-15T17:31:08.7593811Z remote: Compressing objects:  70% (2602/3717)        
2025-07-15T17:31:08.7595989Z remote: Compressing objects:  71% (2640/3717)        
2025-07-15T17:31:08.7596818Z remote: Compressing objects:  72% (2677/3717)        
2025-07-15T17:31:08.7597627Z remote: Compressing objects:  73% (2714/3717)        
2025-07-15T17:31:08.7598391Z remote: Compressing objects:  74% (2751/3717)        
2025-07-15T17:31:08.7599307Z remote: Compressing objects:  75% (2788/3717)        
2025-07-15T17:31:08.7600017Z remote: Compressing objects:  76% (2825/3717)        
2025-07-15T17:31:08.7600817Z remote: Compressing objects:  77% (2863/3717)        
2025-07-15T17:31:08.7601608Z remote: Compressing objects:  78% (2900/3717)        
2025-07-15T17:31:08.7602293Z remote: Compressing objects:  79% (2937/3717)        
2025-07-15T17:31:08.7603028Z remote: Compressing objects:  80% (2974/3717)        
2025-07-15T17:31:08.7603913Z remote: Compressing objects:  81% (3011/3717)        
2025-07-15T17:31:08.7604701Z remote: Compressing objects:  82% (3048/3717)        
2025-07-15T17:31:08.7605308Z remote: Compressing objects:  83% (3086/3717)        
2025-07-15T17:31:08.7605895Z remote: Compressing objects:  84% (3123/3717)        
2025-07-15T17:31:08.7606500Z remote: Compressing objects:  85% (3160/3717)        
2025-07-15T17:31:08.7607093Z remote: Compressing objects:  86% (3197/3717)        
2025-07-15T17:31:08.7607752Z remote: Compressing objects:  87% (3234/3717)        
2025-07-15T17:31:08.7608379Z remote: Compressing objects:  88% (3271/3717)        
2025-07-15T17:31:08.7608998Z remote: Compressing objects:  89% (3309/3717)        
2025-07-15T17:31:08.7727608Z remote: Compressing objects:  90% (3346/3717)        
2025-07-15T17:31:08.7728588Z remote: Compressing objects:  91% (3383/3717)        
2025-07-15T17:31:08.7729057Z remote: Compressing objects:  92% (3420/3717)        
2025-07-15T17:31:08.7729440Z remote: Compressing objects:  93% (3457/3717)        
2025-07-15T17:31:08.7730080Z remote: Compressing objects:  94% (3494/3717)        
2025-07-15T17:31:08.7730470Z remote: Compressing objects:  95% (3532/3717)        
2025-07-15T17:31:08.7730840Z remote: Compressing objects:  96% (3569/3717)        
2025-07-15T17:31:08.7731207Z remote: Compressing objects:  97% (3606/3717)        
2025-07-15T17:31:08.7731575Z remote: Compressing objects:  98% (3643/3717)        
2025-07-15T17:31:08.7731983Z remote: Compressing objects:  99% (3680/3717)        
2025-07-15T17:31:08.7732347Z remote: Compressing objects: 100% (3717/3717)        
2025-07-15T17:31:08.7732736Z remote: Compressing objects: 100% (3717/3717), done.        
2025-07-15T17:31:08.7968344Z Receiving objects:   0% (1/4158)
2025-07-15T17:31:08.8108442Z Receiving objects:   1% (42/4158)
2025-07-15T17:31:08.8549855Z Receiving objects:   2% (84/4158)
2025-07-15T17:31:08.8726154Z Receiving objects:   3% (125/4158)
2025-07-15T17:31:08.8795705Z Receiving objects:   4% (167/4158)
2025-07-15T17:31:08.8916784Z Receiving objects:   5% (208/4158)
2025-07-15T17:31:08.8950185Z Receiving objects:   6% (250/4158)
2025-07-15T17:31:08.9097964Z Receiving objects:   7% (292/4158)
2025-07-15T17:31:08.9144573Z Receiving objects:   8% (333/4158)
2025-07-15T17:31:08.9215625Z Receiving objects:   9% (375/4158)
2025-07-15T17:31:08.9279623Z Receiving objects:  10% (416/4158)
2025-07-15T17:31:08.9376739Z Receiving objects:  11% (458/4158)
2025-07-15T17:31:08.9428495Z Receiving objects:  12% (499/4158)
2025-07-15T17:31:08.9456750Z Receiving objects:  13% (541/4158)
2025-07-15T17:31:08.9465544Z Receiving objects:  14% (583/4158)
2025-07-15T17:31:08.9518605Z Receiving objects:  15% (624/4158)
2025-07-15T17:31:08.9540781Z Receiving objects:  16% (666/4158)
2025-07-15T17:31:08.9580013Z Receiving objects:  17% (707/4158)
2025-07-15T17:31:08.9611727Z Receiving objects:  18% (749/4158)
2025-07-15T17:31:08.9675816Z Receiving objects:  19% (791/4158)
2025-07-15T17:31:08.9733401Z Receiving objects:  20% (832/4158)
2025-07-15T17:31:08.9765000Z Receiving objects:  21% (874/4158)
2025-07-15T17:31:08.9883077Z Receiving objects:  22% (915/4158)
2025-07-15T17:31:08.9954229Z Receiving objects:  23% (957/4158)
2025-07-15T17:31:08.9979450Z Receiving objects:  24% (998/4158)
2025-07-15T17:31:08.9990274Z Receiving objects:  25% (1040/4158)
2025-07-15T17:31:09.0005342Z Receiving objects:  26% (1082/4158)
2025-07-15T17:31:09.0021811Z Receiving objects:  27% (1123/4158)
2025-07-15T17:31:09.0038399Z Receiving objects:  28% (1165/4158)
2025-07-15T17:31:09.0085114Z Receiving objects:  29% (1206/4158)
2025-07-15T17:31:09.0120039Z Receiving objects:  30% (1248/4158)
2025-07-15T17:31:09.0156421Z Receiving objects:  31% (1289/4158)
2025-07-15T17:31:09.0187462Z Receiving objects:  32% (1331/4158)
2025-07-15T17:31:09.0215546Z Receiving objects:  33% (1373/4158)
2025-07-15T17:31:09.0242287Z Receiving objects:  34% (1414/4158)
2025-07-15T17:31:09.0267164Z Receiving objects:  35% (1456/4158)
2025-07-15T17:31:09.0301291Z Receiving objects:  36% (1497/4158)
2025-07-15T17:31:09.0332623Z Receiving objects:  37% (1539/4158)
2025-07-15T17:31:09.0400224Z Receiving objects:  38% (1581/4158)
2025-07-15T17:31:09.0443510Z Receiving objects:  39% (1622/4158)
2025-07-15T17:31:09.0488197Z Receiving objects:  40% (1664/4158)
2025-07-15T17:31:09.0519542Z Receiving objects:  41% (1705/4158)
2025-07-15T17:31:09.0551819Z Receiving objects:  42% (1747/4158)
2025-07-15T17:31:09.0635572Z Receiving objects:  43% (1788/4158)
2025-07-15T17:31:09.0684223Z Receiving objects:  44% (1830/4158)
2025-07-15T17:31:09.0733494Z Receiving objects:  45% (1872/4158)
2025-07-15T17:31:09.0772498Z Receiving objects:  46% (1913/4158)
2025-07-15T17:31:09.0823372Z Receiving objects:  47% (1955/4158)
2025-07-15T17:31:09.0909965Z Receiving objects:  48% (1996/4158)
2025-07-15T17:31:09.0940158Z Receiving objects:  49% (2038/4158)
2025-07-15T17:31:09.0965205Z Receiving objects:  50% (2079/4158)
2025-07-15T17:31:09.1022787Z Receiving objects:  51% (2121/4158)
2025-07-15T17:31:09.1068658Z Receiving objects:  52% (2163/4158)
2025-07-15T17:31:09.1110171Z Receiving objects:  53% (2204/4158)
2025-07-15T17:31:09.1200762Z Receiving objects:  54% (2246/4158)
2025-07-15T17:31:09.1232279Z Receiving objects:  55% (2287/4158)
2025-07-15T17:31:09.1265706Z Receiving objects:  56% (2329/4158)
2025-07-15T17:31:09.1317181Z Receiving objects:  57% (2371/4158)
2025-07-15T17:31:09.1346990Z Receiving objects:  58% (2412/4158)
2025-07-15T17:31:09.1369887Z Receiving objects:  59% (2454/4158)
2025-07-15T17:31:09.1387818Z Receiving objects:  60% (2495/4158)
2025-07-15T17:31:09.1453859Z Receiving objects:  61% (2537/4158)
2025-07-15T17:31:09.1499248Z Receiving objects:  62% (2578/4158)
2025-07-15T17:31:09.1540817Z Receiving objects:  63% (2620/4158)
2025-07-15T17:31:09.1630386Z Receiving objects:  64% (2662/4158)
2025-07-15T17:31:09.1679027Z Receiving objects:  65% (2703/4158)
2025-07-15T17:31:09.1726010Z Receiving objects:  66% (2745/4158)
2025-07-15T17:31:09.1798516Z Receiving objects:  67% (2786/4158)
2025-07-15T17:31:09.1855451Z Receiving objects:  68% (2828/4158)
2025-07-15T17:31:09.1909382Z Receiving objects:  69% (2870/4158)
2025-07-15T17:31:09.1989551Z Receiving objects:  70% (2911/4158)
2025-07-15T17:31:09.2027515Z Receiving objects:  71% (2953/4158)
2025-07-15T17:31:09.2061350Z Receiving objects:  72% (2994/4158)
2025-07-15T17:31:09.2078346Z Receiving objects:  73% (3036/4158)
2025-07-15T17:31:09.2094048Z Receiving objects:  74% (3077/4158)
2025-07-15T17:31:09.2105169Z Receiving objects:  75% (3119/4158)
2025-07-15T17:31:09.2128538Z Receiving objects:  76% (3161/4158)
2025-07-15T17:31:09.2181988Z Receiving objects:  77% (3202/4158)
2025-07-15T17:31:09.2310727Z Receiving objects:  78% (3244/4158)
2025-07-15T17:31:09.2355440Z Receiving objects:  79% (3285/4158)
2025-07-15T17:31:09.2390369Z Receiving objects:  80% (3327/4158)
2025-07-15T17:31:09.2410438Z Receiving objects:  81% (3368/4158)
2025-07-15T17:31:09.2434853Z Receiving objects:  82% (3410/4158)
2025-07-15T17:31:09.2440536Z Receiving objects:  83% (3452/4158)
2025-07-15T17:31:09.2448229Z Receiving objects:  84% (3493/4158)
2025-07-15T17:31:09.2456071Z Receiving objects:  85% (3535/4158)
2025-07-15T17:31:09.2462140Z Receiving objects:  86% (3576/4158)
2025-07-15T17:31:09.2467645Z Receiving objects:  87% (3618/4158)
2025-07-15T17:31:09.2473768Z Receiving objects:  88% (3660/4158)
2025-07-15T17:31:09.2477003Z Receiving objects:  89% (3701/4158)
2025-07-15T17:31:09.2483000Z Receiving objects:  90% (3743/4158)
2025-07-15T17:31:09.2500114Z Receiving objects:  91% (3784/4158)
2025-07-15T17:31:09.2507227Z Receiving objects:  92% (3826/4158)
2025-07-15T17:31:09.2519060Z Receiving objects:  93% (3867/4158)
2025-07-15T17:31:09.2522401Z Receiving objects:  94% (3909/4158)
2025-07-15T17:31:09.2564505Z Receiving objects:  95% (3951/4158)
2025-07-15T17:31:09.2587513Z Receiving objects:  96% (3992/4158)
2025-07-15T17:31:09.2647592Z Receiving objects:  97% (4034/4158)
2025-07-15T17:31:09.2685149Z Receiving objects:  98% (4075/4158)
2025-07-15T17:31:09.2724757Z Receiving objects:  99% (4117/4158)
2025-07-15T17:31:09.2725829Z remote: Total 4158 (delta 619), reused 3839 (delta 396), pack-reused 0 (from 0)        
2025-07-15T17:31:09.2741373Z Receiving objects: 100% (4158/4158)
2025-07-15T17:31:09.2741944Z Receiving objects: 100% (4158/4158), 13.99 MiB | 29.18 MiB/s, done.
2025-07-15T17:31:09.2745637Z Resolving deltas:   0% (0/619)
2025-07-15T17:31:09.2747112Z Resolving deltas:   1% (7/619)
2025-07-15T17:31:09.2747704Z Resolving deltas:   2% (13/619)
2025-07-15T17:31:09.2749108Z Resolving deltas:   3% (19/619)
2025-07-15T17:31:09.2750208Z Resolving deltas:   4% (25/619)
2025-07-15T17:31:09.2751766Z Resolving deltas:   5% (31/619)
2025-07-15T17:31:09.2752505Z Resolving deltas:   6% (38/619)
2025-07-15T17:31:09.2755455Z Resolving deltas:   7% (44/619)
2025-07-15T17:31:09.2756828Z Resolving deltas:   8% (50/619)
2025-07-15T17:31:09.2758942Z Resolving deltas:   9% (56/619)
2025-07-15T17:31:09.2760087Z Resolving deltas:  10% (62/619)
2025-07-15T17:31:09.2820576Z Resolving deltas:  11% (69/619)
2025-07-15T17:31:09.2832825Z Resolving deltas:  12% (75/619)
2025-07-15T17:31:09.2855705Z Resolving deltas:  13% (81/619)
2025-07-15T17:31:09.2933413Z Resolving deltas:  14% (87/619)
2025-07-15T17:31:09.2934021Z Resolving deltas:  15% (93/619)
2025-07-15T17:31:09.2934456Z Resolving deltas:  16% (100/619)
2025-07-15T17:31:09.2934921Z Resolving deltas:  17% (106/619)
2025-07-15T17:31:09.2935371Z Resolving deltas:  18% (112/619)
2025-07-15T17:31:09.2935779Z Resolving deltas:  19% (118/619)
2025-07-15T17:31:09.2936172Z Resolving deltas:  20% (124/619)
2025-07-15T17:31:09.2936547Z Resolving deltas:  21% (130/619)
2025-07-15T17:31:09.2936914Z Resolving deltas:  22% (137/619)
2025-07-15T17:31:09.2937285Z Resolving deltas:  23% (143/619)
2025-07-15T17:31:09.2937654Z Resolving deltas:  24% (149/619)
2025-07-15T17:31:09.2938041Z Resolving deltas:  25% (155/619)
2025-07-15T17:31:09.2938414Z Resolving deltas:  26% (161/619)
2025-07-15T17:31:09.2938784Z Resolving deltas:  27% (169/619)
2025-07-15T17:31:09.2939147Z Resolving deltas:  28% (174/619)
2025-07-15T17:31:09.2939517Z Resolving deltas:  29% (180/619)
2025-07-15T17:31:09.2939907Z Resolving deltas:  30% (186/619)
2025-07-15T17:31:09.2940276Z Resolving deltas:  31% (192/619)
2025-07-15T17:31:09.2940643Z Resolving deltas:  32% (199/619)
2025-07-15T17:31:09.2940997Z Resolving deltas:  33% (205/619)
2025-07-15T17:31:09.2941351Z Resolving deltas:  34% (211/619)
2025-07-15T17:31:09.2942719Z Resolving deltas:  35% (217/619)
2025-07-15T17:31:09.2950427Z Resolving deltas:  36% (224/619)
2025-07-15T17:31:09.2950827Z Resolving deltas:  37% (230/619)
2025-07-15T17:31:09.2962083Z Resolving deltas:  38% (236/619)
2025-07-15T17:31:09.2968876Z Resolving deltas:  39% (242/619)
2025-07-15T17:31:09.2974278Z Resolving deltas:  40% (249/619)
2025-07-15T17:31:09.2980074Z Resolving deltas:  41% (254/619)
2025-07-15T17:31:09.2986943Z Resolving deltas:  42% (260/619)
2025-07-15T17:31:09.2991375Z Resolving deltas:  43% (267/619)
2025-07-15T17:31:09.2997088Z Resolving deltas:  44% (273/619)
2025-07-15T17:31:09.3005679Z Resolving deltas:  45% (279/619)
2025-07-15T17:31:09.3014302Z Resolving deltas:  46% (285/619)
2025-07-15T17:31:09.3019201Z Resolving deltas:  47% (291/619)
2025-07-15T17:31:09.3025402Z Resolving deltas:  48% (298/619)
2025-07-15T17:31:09.3028638Z Resolving deltas:  49% (304/619)
2025-07-15T17:31:09.3035588Z Resolving deltas:  50% (310/619)
2025-07-15T17:31:09.3040707Z Resolving deltas:  51% (316/619)
2025-07-15T17:31:09.3048874Z Resolving deltas:  52% (322/619)
2025-07-15T17:31:09.3052406Z Resolving deltas:  53% (330/619)
2025-07-15T17:31:09.3058773Z Resolving deltas:  54% (335/619)
2025-07-15T17:31:09.3059382Z Resolving deltas:  55% (341/619)
2025-07-15T17:31:09.3069398Z Resolving deltas:  56% (347/619)
2025-07-15T17:31:09.3075502Z Resolving deltas:  57% (353/619)
2025-07-15T17:31:09.3084419Z Resolving deltas:  58% (360/619)
2025-07-15T17:31:09.3088454Z Resolving deltas:  59% (366/619)
2025-07-15T17:31:09.3094657Z Resolving deltas:  60% (372/619)
2025-07-15T17:31:09.3103078Z Resolving deltas:  61% (378/619)
2025-07-15T17:31:09.3105932Z Resolving deltas:  62% (384/619)
2025-07-15T17:31:09.3116068Z Resolving deltas:  63% (390/619)
2025-07-15T17:31:09.3122596Z Resolving deltas:  64% (397/619)
2025-07-15T17:31:09.3125954Z Resolving deltas:  65% (403/619)
2025-07-15T17:31:09.3127898Z Resolving deltas:  66% (409/619)
2025-07-15T17:31:09.3132659Z Resolving deltas:  67% (415/619)
2025-07-15T17:31:09.3139370Z Resolving deltas:  68% (421/619)
2025-07-15T17:31:09.3142829Z Resolving deltas:  69% (428/619)
2025-07-15T17:31:09.3150035Z Resolving deltas:  70% (434/619)
2025-07-15T17:31:09.3152469Z Resolving deltas:  71% (441/619)
2025-07-15T17:31:09.3156401Z Resolving deltas:  72% (446/619)
2025-07-15T17:31:09.3166799Z Resolving deltas:  73% (452/619)
2025-07-15T17:31:09.3173477Z Resolving deltas:  74% (459/619)
2025-07-15T17:31:09.3178134Z Resolving deltas:  75% (465/619)
2025-07-15T17:31:09.3184002Z Resolving deltas:  76% (471/619)
2025-07-15T17:31:09.3189026Z Resolving deltas:  77% (477/619)
2025-07-15T17:31:09.3196435Z Resolving deltas:  78% (483/619)
2025-07-15T17:31:09.3201213Z Resolving deltas:  79% (490/619)
2025-07-15T17:31:09.3203329Z Resolving deltas:  80% (496/619)
2025-07-15T17:31:09.3205039Z Resolving deltas:  81% (503/619)
2025-07-15T17:31:09.3208959Z Resolving deltas:  82% (508/619)
2025-07-15T17:31:09.3223278Z Resolving deltas:  83% (514/619)
2025-07-15T17:31:09.3245454Z Resolving deltas:  84% (520/619)
2025-07-15T17:31:09.3252934Z Resolving deltas:  85% (527/619)
2025-07-15T17:31:09.3255860Z Resolving deltas:  86% (533/619)
2025-07-15T17:31:09.3263300Z Resolving deltas:  87% (539/619)
2025-07-15T17:31:09.3276245Z Resolving deltas:  88% (545/619)
2025-07-15T17:31:09.3287300Z Resolving deltas:  89% (551/619)
2025-07-15T17:31:09.3293336Z Resolving deltas:  90% (558/619)
2025-07-15T17:31:09.3295219Z Resolving deltas:  91% (565/619)
2025-07-15T17:31:09.3295909Z Resolving deltas:  92% (570/619)
2025-07-15T17:31:09.3297914Z Resolving deltas:  93% (576/619)
2025-07-15T17:31:09.3300061Z Resolving deltas:  94% (582/619)
2025-07-15T17:31:09.3301813Z Resolving deltas:  95% (589/619)
2025-07-15T17:31:09.3302238Z Resolving deltas:  96% (595/619)
2025-07-15T17:31:09.3302624Z Resolving deltas:  97% (601/619)
2025-07-15T17:31:09.3303002Z Resolving deltas:  98% (607/619)
2025-07-15T17:31:09.3306261Z Resolving deltas:  99% (613/619)
2025-07-15T17:31:09.3308186Z Resolving deltas: 100% (619/619)
2025-07-15T17:31:09.3308908Z Resolving deltas: 100% (619/619), done.
2025-07-15T17:31:09.3492228Z From https://github.com/***/testing-CI-CD
2025-07-15T17:31:09.3492814Z  * [new ref]         fdc53440d45af24e91afe100da995e42a7939c5c -> origin/main
2025-07-15T17:31:09.3523509Z ##[endgroup]
2025-07-15T17:31:09.3524415Z ##[group]Determining the checkout info
2025-07-15T17:31:09.3526779Z ##[endgroup]
2025-07-15T17:31:09.3527381Z ##[group]Checking out the ref
2025-07-15T17:31:09.3531293Z [command]/usr/bin/git checkout --progress --force -B main refs/remotes/origin/main
2025-07-15T17:31:09.6992283Z Switched to a new branch 'main'
2025-07-15T17:31:09.6994556Z branch 'main' set up to track 'origin/main'.
2025-07-15T17:31:09.7012289Z ##[endgroup]
2025-07-15T17:31:09.7054234Z [command]/usr/bin/git log -1 --format='%H'
2025-07-15T17:31:09.7072576Z 'fdc53440d45af24e91afe100da995e42a7939c5c'
2025-07-15T17:31:09.7290933Z ##[group]Run actions/setup-python@v4
2025-07-15T17:31:09.7291204Z with:
2025-07-15T17:31:09.7291390Z   python-version: 3.10
2025-07-15T17:31:09.7291603Z   check-latest: false
2025-07-15T17:31:09.7291936Z   token: ***
2025-07-15T17:31:09.7292123Z   update-environment: true
2025-07-15T17:31:09.7292359Z   allow-prereleases: false
2025-07-15T17:31:09.7292559Z ##[endgroup]
2025-07-15T17:31:09.8974042Z ##[group]Installed versions
2025-07-15T17:31:09.9089083Z Successfully set up CPython (3.10.18)
2025-07-15T17:31:09.9089615Z ##[endgroup]
2025-07-15T17:31:09.9203413Z ##[group]Run python -m pip install --upgrade pip
2025-07-15T17:31:09.9204110Z [36;1mpython -m pip install --upgrade pip[0m
2025-07-15T17:31:09.9204412Z [36;1mpip install -r requirements.txt[0m
2025-07-15T17:31:09.9315086Z shell: /usr/bin/bash -e {0}
2025-07-15T17:31:09.9315341Z env:
2025-07-15T17:31:09.9315585Z   pythonLocation: /opt/hostedtoolcache/Python/3.10.18/x64
2025-07-15T17:31:09.9315997Z   PKG_CONFIG_PATH: /opt/hostedtoolcache/Python/3.10.18/x64/lib/pkgconfig
2025-07-15T17:31:09.9316403Z   Python_ROOT_DIR: /opt/hostedtoolcache/Python/3.10.18/x64
2025-07-15T17:31:09.9316745Z   Python2_ROOT_DIR: /opt/hostedtoolcache/Python/3.10.18/x64
2025-07-15T17:31:09.9317109Z   Python3_ROOT_DIR: /opt/hostedtoolcache/Python/3.10.18/x64
2025-07-15T17:31:09.9317449Z   LD_LIBRARY_PATH: /opt/hostedtoolcache/Python/3.10.18/x64/lib
2025-07-15T17:31:09.9317735Z ##[endgroup]
2025-07-15T17:31:14.1357059Z Requirement already satisfied: pip in /opt/hostedtoolcache/Python/3.10.18/x64/lib/python3.10/site-packages (25.1.1)
2025-07-15T17:31:14.7919406Z Collecting Flask==3.1.0 (from -r requirements.txt (line 1))
2025-07-15T17:31:14.8234866Z   Downloading flask-3.1.0-py3-none-any.whl.metadata (2.7 kB)
2025-07-15T17:31:14.8390979Z Collecting Flask-PyMongo==3.0.1 (from -r requirements.txt (line 2))
2025-07-15T17:31:14.8431143Z   Downloading flask_pymongo-3.0.1-py3-none-any.whl.metadata (3.5 kB)
2025-07-15T17:31:14.8956280Z Collecting pytest==8.2.1 (from -r requirements.txt (line 3))
2025-07-15T17:31:14.8994860Z   Downloading pytest-8.2.1-py3-none-any.whl.metadata (7.6 kB)
2025-07-15T17:31:14.9134338Z Collecting blinker==1.9.0 (from -r requirements.txt (line 4))
2025-07-15T17:31:14.9162841Z   Downloading blinker-1.9.0-py3-none-any.whl.metadata (1.6 kB)
2025-07-15T17:31:14.9356180Z Collecting certifi==2025.1.31 (from -r requirements.txt (line 5))
2025-07-15T17:31:14.9386926Z   Downloading certifi-2025.1.31-py3-none-any.whl.metadata (2.5 kB)
2025-07-15T17:31:15.0247334Z Collecting charset-normalizer==3.4.1 (from -r requirements.txt (line 6))
2025-07-15T17:31:15.0282212Z   Downloading charset_normalizer-3.4.1-cp310-cp310-manylinux_2_17_x86_64.manylinux2014_x86_64.whl.metadata (35 kB)
2025-07-15T17:31:15.0493164Z Collecting click==8.1.8 (from -r requirements.txt (line 7))
2025-07-15T17:31:15.0521348Z   Downloading click-8.1.8-py3-none-any.whl.metadata (2.3 kB)
2025-07-15T17:31:15.0656304Z Collecting dnspython==2.7.0 (from -r requirements.txt (line 8))
2025-07-15T17:31:15.0689781Z   Downloading dnspython-2.7.0-py3-none-any.whl.metadata (5.8 kB)
2025-07-15T17:31:15.0880443Z Collecting idna==3.10 (from -r requirements.txt (line 9))
2025-07-15T17:31:15.0977245Z   Downloading idna-3.10-py3-none-any.whl.metadata (10 kB)
2025-07-15T17:31:15.1110310Z Collecting itsdangerous==2.2.0 (from -r requirements.txt (line 10))
2025-07-15T17:31:15.1139842Z   Downloading itsdangerous-2.2.0-py3-none-any.whl.metadata (1.9 kB)
2025-07-15T17:31:15.1296139Z Collecting Jinja2==3.1.6 (from -r requirements.txt (line 11))
2025-07-15T17:31:15.1328755Z   Downloading jinja2-3.1.6-py3-none-any.whl.metadata (2.9 kB)
2025-07-15T17:31:15.1918659Z Collecting MarkupSafe==3.0.2 (from -r requirements.txt (line 12))
2025-07-15T17:31:15.1950372Z   Downloading MarkupSafe-3.0.2-cp310-cp310-manylinux_2_17_x86_64.manylinux2014_x86_64.whl.metadata (4.0 kB)
2025-07-15T17:31:15.2077898Z Collecting paho-mqtt==2.1.0 (from -r requirements.txt (line 13))
2025-07-15T17:31:15.2109086Z   Downloading paho_mqtt-2.1.0-py3-none-any.whl.metadata (23 kB)
2025-07-15T17:31:15.5529909Z Collecting pymongo==4.11.2 (from -r requirements.txt (line 14))
2025-07-15T17:31:15.5581432Z   Downloading pymongo-4.11.2-cp310-cp310-manylinux_2_17_x86_64.manylinux2014_x86_64.whl.metadata (22 kB)
2025-07-15T17:31:15.5818784Z Collecting python-dotenv==1.0.1 (from -r requirements.txt (line 15))
2025-07-15T17:31:15.5849417Z   Downloading python_dotenv-1.0.1-py3-none-any.whl.metadata (23 kB)
2025-07-15T17:31:15.6141043Z Collecting requests==2.32.3 (from -r requirements.txt (line 16))
2025-07-15T17:31:15.6172629Z   Downloading requests-2.32.3-py3-none-any.whl.metadata (4.6 kB)
2025-07-15T17:31:15.6429987Z Collecting urllib3==2.3.0 (from -r requirements.txt (line 17))
2025-07-15T17:31:15.6460084Z   Downloading urllib3-2.3.0-py3-none-any.whl.metadata (6.5 kB)
2025-07-15T17:31:15.6734714Z Collecting Werkzeug==3.1.3 (from -r requirements.txt (line 18))
2025-07-15T17:31:15.6767362Z   Downloading werkzeug-3.1.3-py3-none-any.whl.metadata (3.7 kB)
2025-07-15T17:31:15.6912701Z Collecting autodevops-cli==0.1.1 (from -r requirements.txt (line 19))
2025-07-15T17:31:15.7668343Z   Downloading autodevops_cli-0.1.1-py3-none-any.whl.metadata (494 bytes)
2025-07-15T17:31:15.7741624Z ERROR: Cannot install certifi==2025.1.31 and certifi==2025.7.14 because these package versions have conflicting dependencies.
2025-07-15T17:31:15.7746042Z 
2025-07-15T17:31:15.7746203Z The conflict is caused by:
2025-07-15T17:31:15.7746571Z     The user requested certifi==2025.1.31
2025-07-15T17:31:15.7746881Z     The user requested certifi==2025.7.14
2025-07-15T17:31:15.7747069Z 
2025-07-15T17:31:15.7747170Z To fix this you could try to:
2025-07-15T17:31:15.7747472Z 1. loosen the range of package versions you've specified
2025-07-15T17:31:15.7747948Z 2. remove package versions to allow pip to attempt to solve the dependency conflict
2025-07-15T17:31:15.7748288Z 
2025-07-15T17:31:15.7755994Z ERROR: ResolutionImpossible: for help visit https://pip.pypa.io/en/latest/topics/dependency-resolution/#dealing-with-dependency-conflicts
2025-07-15T17:31:15.8463960Z ##[error]Process completed with exit code 1.
2025-07-15T17:31:15.8561199Z Post job cleanup.
2025-07-15T17:31:15.9275515Z [command]/usr/bin/git version
2025-07-15T17:31:15.9309280Z git version 2.50.1
2025-07-15T17:31:15.9354770Z Temporarily overriding HOME='/home/runner/work/_temp/36e05abb-ba52-4fda-9326-50d3ba090431' before making global git config changes
2025-07-15T17:31:15.9356039Z Adding repository directory to the temporary git global config as a safe directory
2025-07-15T17:31:15.9359657Z [command]/usr/bin/git config --global --add safe.directory /home/runner/work/testing-CI-CD/testing-CI-CD
2025-07-15T17:31:15.9391530Z [command]/usr/bin/git config --local --name-only --get-regexp core\.sshCommand
2025-07-15T17:31:15.9422326Z [command]/usr/bin/git submodule foreach --recursive sh -c "git config --local --name-only --get-regexp 'core\.sshCommand' && git config --local --unset-all 'core.sshCommand' || :"
2025-07-15T17:31:15.9652651Z [command]/usr/bin/git config --local --name-only --get-regexp http\.https\:\/\/github\.com\/\.extraheader
2025-07-15T17:31:15.9673783Z http.https://github.com/.extraheader
2025-07-15T17:31:15.9684547Z [command]/usr/bin/git config --local --unset-all http.https://github.com/.extraheader
2025-07-15T17:31:15.9712089Z [command]/usr/bin/git submodule foreach --recursive sh -c "git config --local --name-only --get-regexp 'http\.https\:\/\/github\.com\/\.extraheader' && git config --local --unset-all 'http.https://github.com/.extraheader' || :"
2025-07-15T17:31:16.0041454Z Cleaning up orphan processes
