2025-07-15T18:30:07.3336410Z Current runner version: '2.326.0'
2025-07-15T18:30:07.3364162Z ##[group]Runner Image Provisioner
2025-07-15T18:30:07.3365088Z Hosted Compute Agent
2025-07-15T18:30:07.3365654Z Version: 20250711.363
2025-07-15T18:30:07.3366316Z Commit: 6785254374ce925a23743850c1cb91912ce5c14c
2025-07-15T18:30:07.3367179Z Build Date: 2025-07-11T20:04:25Z
2025-07-15T18:30:07.3367772Z ##[endgroup]
2025-07-15T18:30:07.3368380Z ##[group]Operating System
2025-07-15T18:30:07.3368978Z Ubuntu
2025-07-15T18:30:07.3369427Z 24.04.2
2025-07-15T18:30:07.3369937Z LTS
2025-07-15T18:30:07.3370430Z ##[endgroup]
2025-07-15T18:30:07.3371397Z ##[group]Runner Image
2025-07-15T18:30:07.3372059Z Image: ubuntu-24.04
2025-07-15T18:30:07.3372620Z Version: 20250710.1.0
2025-07-15T18:30:07.3373608Z Included Software: https://github.com/actions/runner-images/blob/ubuntu24/20250710.1/images/ubuntu/Ubuntu2404-Readme.md
2025-07-15T18:30:07.3375215Z Image Release: https://github.com/actions/runner-images/releases/tag/ubuntu24%2F20250710.1
2025-07-15T18:30:07.3376248Z ##[endgroup]
2025-07-15T18:30:07.3377408Z ##[group]GITHUB_TOKEN Permissions
2025-07-15T18:30:07.3379566Z Contents: read
2025-07-15T18:30:07.3380193Z Metadata: read
2025-07-15T18:30:07.3380927Z Packages: read
2025-07-15T18:30:07.3381456Z ##[endgroup]
2025-07-15T18:30:07.3383948Z Secret source: Actions
2025-07-15T18:30:07.3385001Z Prepare workflow directory
2025-07-15T18:30:07.3729780Z Prepare all required actions
2025-07-15T18:30:07.3769603Z Getting action download info
2025-07-15T18:30:08.0159671Z ##[group]Download immutable action package 'actions/checkout@v3'
2025-07-15T18:30:08.0160874Z Version: 3.6.0
2025-07-15T18:30:08.0162017Z Digest: sha256:942562b9c7d4b1f2557f1da21f4d3eb4eb4fd01f2ad78b2a6e187d1b193e0a0f
2025-07-15T18:30:08.0163235Z Source commit SHA: f43a0e5ff2bd294095638e18286ca9a3d1956744
2025-07-15T18:30:08.0163922Z ##[endgroup]
2025-07-15T18:30:08.1107604Z ##[group]Download immutable action package 'actions/setup-python@v4'
2025-07-15T18:30:08.1108465Z Version: 4.9.1
2025-07-15T18:30:08.1109335Z Digest: sha256:f03e505388af670b5a108629e0ba26befc08d5c62b41f46146a45fe29ae509a5
2025-07-15T18:30:08.1110251Z Source commit SHA: 7f4fc3e22c37d6ff65e88745f38bd3157c663f7c
2025-07-15T18:30:08.1111256Z ##[endgroup]
2025-07-15T18:30:08.8011876Z ##[group]Download immutable action package 'docker/login-action@v3'
2025-07-15T18:30:08.8012799Z Version: 3.4.0
2025-07-15T18:30:08.8013666Z Digest: sha256:864ebd28db095e1602e6ef999f46a4f575083ea874918fbccf0994c2a7680450
2025-07-15T18:30:08.8014746Z Source commit SHA: 74a5d142397b4f367a81961eba4e8cd7edddf772
2025-07-15T18:30:08.8015515Z ##[endgroup]
2025-07-15T18:30:10.0089763Z Complete job name: build-test-deploy
2025-07-15T18:30:10.0902489Z ##[group]Run actions/checkout@v3
2025-07-15T18:30:10.0903846Z with:
2025-07-15T18:30:10.0904750Z   repository: ***/testing-CI-CD
2025-07-15T18:30:10.0905961Z   token: ***
2025-07-15T18:30:10.0906730Z   ssh-strict: true
2025-07-15T18:30:10.0907566Z   persist-credentials: true
2025-07-15T18:30:10.0908478Z   clean: true
2025-07-15T18:30:10.0909322Z   sparse-checkout-cone-mode: true
2025-07-15T18:30:10.0910321Z   fetch-depth: 1
2025-07-15T18:30:10.0911528Z   fetch-tags: false
2025-07-15T18:30:10.0912336Z   lfs: false
2025-07-15T18:30:10.0913076Z   submodules: false
2025-07-15T18:30:10.0913916Z   set-safe-directory: true
2025-07-15T18:30:10.0915126Z ##[endgroup]
2025-07-15T18:30:10.1784560Z Syncing repository: ***/testing-CI-CD
2025-07-15T18:30:10.1787671Z ##[group]Getting Git version info
2025-07-15T18:30:10.1789159Z Working directory is '/home/runner/work/testing-CI-CD/testing-CI-CD'
2025-07-15T18:30:10.1791550Z [command]/usr/bin/git version
2025-07-15T18:30:10.1843850Z git version 2.50.1
2025-07-15T18:30:10.1871565Z ##[endgroup]
2025-07-15T18:30:10.1886270Z Temporarily overriding HOME='/home/runner/work/_temp/9cd282ae-5ebd-4ef7-b147-f346634a9958' before making global git config changes
2025-07-15T18:30:10.1890939Z Adding repository directory to the temporary git global config as a safe directory
2025-07-15T18:30:10.1893341Z [command]/usr/bin/git config --global --add safe.directory /home/runner/work/testing-CI-CD/testing-CI-CD
2025-07-15T18:30:10.1926252Z Deleting the contents of '/home/runner/work/testing-CI-CD/testing-CI-CD'
2025-07-15T18:30:10.1929653Z ##[group]Initializing the repository
2025-07-15T18:30:10.1933007Z [command]/usr/bin/git init /home/runner/work/testing-CI-CD/testing-CI-CD
2025-07-15T18:30:10.2002213Z hint: Using 'master' as the name for the initial branch. This default branch name
2025-07-15T18:30:10.2005531Z hint: is subject to change. To configure the initial branch name to use in all
2025-07-15T18:30:10.2008243Z hint: of your new repositories, which will suppress this warning, call:
2025-07-15T18:30:10.2009662Z hint:
2025-07-15T18:30:10.2010878Z hint: 	git config --global init.defaultBranch <name>
2025-07-15T18:30:10.2012479Z hint:
2025-07-15T18:30:10.2013921Z hint: Names commonly chosen instead of 'master' are 'main', 'trunk' and
2025-07-15T18:30:10.2016150Z hint: 'development'. The just-created branch can be renamed via this command:
2025-07-15T18:30:10.2017708Z hint:
2025-07-15T18:30:10.2018477Z hint: 	git branch -m <name>
2025-07-15T18:30:10.2019377Z hint:
2025-07-15T18:30:10.2021250Z hint: Disable this message with "git config set advice.defaultBranchName false"
2025-07-15T18:30:10.2023400Z Initialized empty Git repository in /home/runner/work/testing-CI-CD/testing-CI-CD/.git/
2025-07-15T18:30:10.2027012Z [command]/usr/bin/git remote add origin https://github.com/***/testing-CI-CD
2025-07-15T18:30:10.2054084Z ##[endgroup]
2025-07-15T18:30:10.2056102Z ##[group]Disabling automatic garbage collection
2025-07-15T18:30:10.2057482Z [command]/usr/bin/git config --local gc.auto 0
2025-07-15T18:30:10.2084823Z ##[endgroup]
2025-07-15T18:30:10.2086296Z ##[group]Setting up auth
2025-07-15T18:30:10.2088730Z [command]/usr/bin/git config --local --name-only --get-regexp core\.sshCommand
2025-07-15T18:30:10.2116077Z [command]/usr/bin/git submodule foreach --recursive sh -c "git config --local --name-only --get-regexp 'core\.sshCommand' && git config --local --unset-all 'core.sshCommand' || :"
2025-07-15T18:30:10.2430273Z [command]/usr/bin/git config --local --name-only --get-regexp http\.https\:\/\/github\.com\/\.extraheader
2025-07-15T18:30:10.2458668Z [command]/usr/bin/git submodule foreach --recursive sh -c "git config --local --name-only --get-regexp 'http\.https\:\/\/github\.com\/\.extraheader' && git config --local --unset-all 'http.https://github.com/.extraheader' || :"
2025-07-15T18:30:10.2686429Z [command]/usr/bin/git config --local http.https://github.com/.extraheader AUTHORIZATION: basic ***
2025-07-15T18:30:10.2723143Z ##[endgroup]
2025-07-15T18:30:10.2725039Z ##[group]Fetching the repository
2025-07-15T18:30:10.2732528Z [command]/usr/bin/git -c protocol.version=2 fetch --no-tags --prune --progress --no-recurse-submodules --depth=1 origin +aa1a8587fdf195e18c12d35f8bc3007a87e4c236:refs/remotes/origin/main
2025-07-15T18:30:10.6358006Z remote: Enumerating objects: 4164, done.        
2025-07-15T18:30:10.6361527Z remote: Counting objects:   0% (1/4164)        
2025-07-15T18:30:10.6363082Z remote: Counting objects:   1% (42/4164)        
2025-07-15T18:30:10.6364448Z remote: Counting objects:   2% (84/4164)        
2025-07-15T18:30:10.6365802Z remote: Counting objects:   3% (125/4164)        
2025-07-15T18:30:10.6367158Z remote: Counting objects:   4% (167/4164)        
2025-07-15T18:30:10.6368563Z remote: Counting objects:   5% (209/4164)        
2025-07-15T18:30:10.6369966Z remote: Counting objects:   6% (250/4164)        
2025-07-15T18:30:10.6371488Z remote: Counting objects:   7% (292/4164)        
2025-07-15T18:30:10.6372762Z remote: Counting objects:   8% (334/4164)        
2025-07-15T18:30:10.6373979Z remote: Counting objects:   9% (375/4164)        
2025-07-15T18:30:10.6375174Z remote: Counting objects:  10% (417/4164)        
2025-07-15T18:30:10.6376390Z remote: Counting objects:  11% (459/4164)        
2025-07-15T18:30:10.6377582Z remote: Counting objects:  12% (500/4164)        
2025-07-15T18:30:10.6378770Z remote: Counting objects:  13% (542/4164)        
2025-07-15T18:30:10.6380312Z remote: Counting objects:  14% (583/4164)        
2025-07-15T18:30:10.6381648Z remote: Counting objects:  15% (625/4164)        
2025-07-15T18:30:10.6382830Z remote: Counting objects:  16% (667/4164)        
2025-07-15T18:30:10.6384025Z remote: Counting objects:  17% (708/4164)        
2025-07-15T18:30:10.6385207Z remote: Counting objects:  18% (750/4164)        
2025-07-15T18:30:10.6386395Z remote: Counting objects:  19% (792/4164)        
2025-07-15T18:30:10.6387594Z remote: Counting objects:  20% (833/4164)        
2025-07-15T18:30:10.6388840Z remote: Counting objects:  21% (875/4164)        
2025-07-15T18:30:10.6390032Z remote: Counting objects:  22% (917/4164)        
2025-07-15T18:30:10.6391311Z remote: Counting objects:  23% (958/4164)        
2025-07-15T18:30:10.6392519Z remote: Counting objects:  24% (1000/4164)        
2025-07-15T18:30:10.6393725Z remote: Counting objects:  25% (1041/4164)        
2025-07-15T18:30:10.6394916Z remote: Counting objects:  26% (1083/4164)        
2025-07-15T18:30:10.6396113Z remote: Counting objects:  27% (1125/4164)        
2025-07-15T18:30:10.6397377Z remote: Counting objects:  28% (1166/4164)        
2025-07-15T18:30:10.6398567Z remote: Counting objects:  29% (1208/4164)        
2025-07-15T18:30:10.6399759Z remote: Counting objects:  30% (1250/4164)        
2025-07-15T18:30:10.6401046Z remote: Counting objects:  31% (1291/4164)        
2025-07-15T18:30:10.6402237Z remote: Counting objects:  32% (1333/4164)        
2025-07-15T18:30:10.6403433Z remote: Counting objects:  33% (1375/4164)        
2025-07-15T18:30:10.6404648Z remote: Counting objects:  34% (1416/4164)        
2025-07-15T18:30:10.6405839Z remote: Counting objects:  35% (1458/4164)        
2025-07-15T18:30:10.6407028Z remote: Counting objects:  36% (1500/4164)        
2025-07-15T18:30:10.6408216Z remote: Counting objects:  37% (1541/4164)        
2025-07-15T18:30:10.6409396Z remote: Counting objects:  38% (1583/4164)        
2025-07-15T18:30:10.6410688Z remote: Counting objects:  39% (1624/4164)        
2025-07-15T18:30:10.6411890Z remote: Counting objects:  40% (1666/4164)        
2025-07-15T18:30:10.6413070Z remote: Counting objects:  41% (1708/4164)        
2025-07-15T18:30:10.6414270Z remote: Counting objects:  42% (1749/4164)        
2025-07-15T18:30:10.6415456Z remote: Counting objects:  43% (1791/4164)        
2025-07-15T18:30:10.6416642Z remote: Counting objects:  44% (1833/4164)        
2025-07-15T18:30:10.6417828Z remote: Counting objects:  45% (1874/4164)        
2025-07-15T18:30:10.6683082Z remote: Counting objects:  46% (1916/4164)        
2025-07-15T18:30:10.6685296Z remote: Counting objects:  47% (1958/4164)        
2025-07-15T18:30:10.6686561Z remote: Counting objects:  48% (1999/4164)        
2025-07-15T18:30:10.6687787Z remote: Counting objects:  49% (2041/4164)        
2025-07-15T18:30:10.6689002Z remote: Counting objects:  50% (2082/4164)        
2025-07-15T18:30:10.6690208Z remote: Counting objects:  51% (2124/4164)        
2025-07-15T18:30:10.6691928Z remote: Counting objects:  52% (2166/4164)        
2025-07-15T18:30:10.6693572Z remote: Counting objects:  53% (2207/4164)        
2025-07-15T18:30:10.6694929Z remote: Counting objects:  54% (2249/4164)        
2025-07-15T18:30:10.6696132Z remote: Counting objects:  55% (2291/4164)        
2025-07-15T18:30:10.6697332Z remote: Counting objects:  56% (2332/4164)        
2025-07-15T18:30:10.6698521Z remote: Counting objects:  57% (2374/4164)        
2025-07-15T18:30:10.6699715Z remote: Counting objects:  58% (2416/4164)        
2025-07-15T18:30:10.6701135Z remote: Counting objects:  59% (2457/4164)        
2025-07-15T18:30:10.6702355Z remote: Counting objects:  60% (2499/4164)        
2025-07-15T18:30:10.6703558Z remote: Counting objects:  61% (2541/4164)        
2025-07-15T18:30:10.6704754Z remote: Counting objects:  62% (2582/4164)        
2025-07-15T18:30:10.6705946Z remote: Counting objects:  63% (2624/4164)        
2025-07-15T18:30:10.6707204Z remote: Counting objects:  64% (2665/4164)        
2025-07-15T18:30:10.6708627Z remote: Counting objects:  65% (2707/4164)        
2025-07-15T18:30:10.6709830Z remote: Counting objects:  66% (2749/4164)        
2025-07-15T18:30:10.6711246Z remote: Counting objects:  67% (2790/4164)        
2025-07-15T18:30:10.6712649Z remote: Counting objects:  68% (2832/4164)        
2025-07-15T18:30:10.6714192Z remote: Counting objects:  69% (2874/4164)        
2025-07-15T18:30:10.6715396Z remote: Counting objects:  70% (2915/4164)        
2025-07-15T18:30:10.6716682Z remote: Counting objects:  71% (2957/4164)        
2025-07-15T18:30:10.6718022Z remote: Counting objects:  72% (2999/4164)        
2025-07-15T18:30:10.6719233Z remote: Counting objects:  73% (3040/4164)        
2025-07-15T18:30:10.6720428Z remote: Counting objects:  74% (3082/4164)        
2025-07-15T18:30:10.6721833Z remote: Counting objects:  75% (3123/4164)        
2025-07-15T18:30:10.6723016Z remote: Counting objects:  76% (3165/4164)        
2025-07-15T18:30:10.6724200Z remote: Counting objects:  77% (3207/4164)        
2025-07-15T18:30:10.6725384Z remote: Counting objects:  78% (3248/4164)        
2025-07-15T18:30:10.6726571Z remote: Counting objects:  79% (3290/4164)        
2025-07-15T18:30:10.6727763Z remote: Counting objects:  80% (3332/4164)        
2025-07-15T18:30:10.6728939Z remote: Counting objects:  81% (3373/4164)        
2025-07-15T18:30:10.6730099Z remote: Counting objects:  82% (3415/4164)        
2025-07-15T18:30:10.6731460Z remote: Counting objects:  83% (3457/4164)        
2025-07-15T18:30:10.6732650Z remote: Counting objects:  84% (3498/4164)        
2025-07-15T18:30:10.6733836Z remote: Counting objects:  85% (3540/4164)        
2025-07-15T18:30:10.6735011Z remote: Counting objects:  86% (3582/4164)        
2025-07-15T18:30:10.6736194Z remote: Counting objects:  87% (3623/4164)        
2025-07-15T18:30:10.6737360Z remote: Counting objects:  88% (3665/4164)        
2025-07-15T18:30:10.6738552Z remote: Counting objects:  89% (3706/4164)        
2025-07-15T18:30:10.6739732Z remote: Counting objects:  90% (3748/4164)        
2025-07-15T18:30:10.6741147Z remote: Counting objects:  91% (3790/4164)        
2025-07-15T18:30:10.6742338Z remote: Counting objects:  92% (3831/4164)        
2025-07-15T18:30:10.6743513Z remote: Counting objects:  93% (3873/4164)        
2025-07-15T18:30:10.6744668Z remote: Counting objects:  94% (3915/4164)        
2025-07-15T18:30:10.6745853Z remote: Counting objects:  95% (3956/4164)        
2025-07-15T18:30:10.6747029Z remote: Counting objects:  96% (3998/4164)        
2025-07-15T18:30:10.6748197Z remote: Counting objects:  97% (4040/4164)        
2025-07-15T18:30:10.6749543Z remote: Counting objects:  98% (4081/4164)        
2025-07-15T18:30:10.6750955Z remote: Counting objects:  99% (4123/4164)        
2025-07-15T18:30:10.6752145Z remote: Counting objects: 100% (4164/4164)        
2025-07-15T18:30:10.6753404Z remote: Counting objects: 100% (4164/4164), done.        
2025-07-15T18:30:10.6754724Z remote: Compressing objects:   0% (1/3725)        
2025-07-15T18:30:10.6755935Z remote: Compressing objects:   1% (38/3725)        
2025-07-15T18:30:10.6757138Z remote: Compressing objects:   2% (75/3725)        
2025-07-15T18:30:10.6758361Z remote: Compressing objects:   3% (112/3725)        
2025-07-15T18:30:10.6759596Z remote: Compressing objects:   4% (149/3725)        
2025-07-15T18:30:10.6786332Z remote: Compressing objects:   5% (187/3725)        
2025-07-15T18:30:10.6881300Z remote: Compressing objects:   6% (224/3725)        
2025-07-15T18:30:10.7038036Z remote: Compressing objects:   7% (261/3725)        
2025-07-15T18:30:10.7165763Z remote: Compressing objects:   8% (298/3725)        
2025-07-15T18:30:10.7260243Z remote: Compressing objects:   9% (336/3725)        
2025-07-15T18:30:10.7358881Z remote: Compressing objects:  10% (373/3725)        
2025-07-15T18:30:10.7429461Z remote: Compressing objects:  11% (410/3725)        
2025-07-15T18:30:10.7484966Z remote: Compressing objects:  12% (447/3725)        
2025-07-15T18:30:10.7589320Z remote: Compressing objects:  13% (485/3725)        
2025-07-15T18:30:10.7699500Z remote: Compressing objects:  14% (522/3725)        
2025-07-15T18:30:10.7774491Z remote: Compressing objects:  15% (559/3725)        
2025-07-15T18:30:10.7859521Z remote: Compressing objects:  16% (596/3725)        
2025-07-15T18:30:10.7919679Z remote: Compressing objects:  17% (634/3725)        
2025-07-15T18:30:10.8017556Z remote: Compressing objects:  18% (671/3725)        
2025-07-15T18:30:10.8148263Z remote: Compressing objects:  19% (708/3725)        
2025-07-15T18:30:10.8225118Z remote: Compressing objects:  20% (745/3725)        
2025-07-15T18:30:10.8361189Z remote: Compressing objects:  21% (783/3725)        
2025-07-15T18:30:10.8509465Z remote: Compressing objects:  22% (820/3725)        
2025-07-15T18:30:10.8638350Z remote: Compressing objects:  23% (857/3725)        
2025-07-15T18:30:10.8723824Z remote: Compressing objects:  24% (894/3725)        
2025-07-15T18:30:10.8787144Z remote: Compressing objects:  25% (932/3725)        
2025-07-15T18:30:10.8950439Z remote: Compressing objects:  26% (969/3725)        
2025-07-15T18:30:10.9042800Z remote: Compressing objects:  27% (1006/3725)        
2025-07-15T18:30:10.9186380Z remote: Compressing objects:  28% (1043/3725)        
2025-07-15T18:30:10.9329043Z remote: Compressing objects:  29% (1081/3725)        
2025-07-15T18:30:10.9425625Z remote: Compressing objects:  30% (1118/3725)        
2025-07-15T18:30:10.9537724Z remote: Compressing objects:  31% (1155/3725)        
2025-07-15T18:30:10.9656123Z remote: Compressing objects:  32% (1192/3725)        
2025-07-15T18:30:10.9719482Z remote: Compressing objects:  33% (1230/3725)        
2025-07-15T18:30:10.9965402Z remote: Compressing objects:  34% (1267/3725)        
2025-07-15T18:30:11.0055394Z remote: Compressing objects:  35% (1304/3725)        
2025-07-15T18:30:11.0107636Z remote: Compressing objects:  36% (1341/3725)        
2025-07-15T18:30:11.0196514Z remote: Compressing objects:  37% (1379/3725)        
2025-07-15T18:30:11.0198648Z remote: Compressing objects:  38% (1416/3725)        
2025-07-15T18:30:11.0213882Z remote: Compressing objects:  39% (1453/3725)        
2025-07-15T18:30:11.0220873Z remote: Compressing objects:  40% (1490/3725)        
2025-07-15T18:30:11.0228674Z remote: Compressing objects:  41% (1528/3725)        
2025-07-15T18:30:11.0363203Z remote: Compressing objects:  42% (1565/3725)        
2025-07-15T18:30:11.0403735Z remote: Compressing objects:  43% (1602/3725)        
2025-07-15T18:30:11.0410205Z remote: Compressing objects:  44% (1639/3725)        
2025-07-15T18:30:11.0804163Z remote: Compressing objects:  45% (1677/3725)        
2025-07-15T18:30:11.2959203Z remote: Compressing objects:  46% (1714/3725)        
2025-07-15T18:30:11.4443101Z remote: Compressing objects:  47% (1751/3725)        
2025-07-15T18:30:11.5524276Z remote: Compressing objects:  48% (1788/3725)        
2025-07-15T18:30:11.6194381Z remote: Compressing objects:  49% (1826/3725)        
2025-07-15T18:30:11.6403481Z remote: Compressing objects:  50% (1863/3725)        
2025-07-15T18:30:11.6956151Z remote: Compressing objects:  50% (1872/3725)        
2025-07-15T18:30:11.7671374Z remote: Compressing objects:  51% (1900/3725)        
2025-07-15T18:30:11.8236699Z remote: Compressing objects:  52% (1937/3725)        
2025-07-15T18:30:11.8681117Z remote: Compressing objects:  53% (1975/3725)        
2025-07-15T18:30:11.9124348Z remote: Compressing objects:  54% (2012/3725)        
2025-07-15T18:30:11.9518702Z remote: Compressing objects:  55% (2049/3725)        
2025-07-15T18:30:11.9925627Z remote: Compressing objects:  56% (2086/3725)        
2025-07-15T18:30:12.0223679Z remote: Compressing objects:  57% (2124/3725)        
2025-07-15T18:30:12.0578400Z remote: Compressing objects:  58% (2161/3725)        
2025-07-15T18:30:12.0751661Z remote: Compressing objects:  59% (2198/3725)        
2025-07-15T18:30:12.0997813Z remote: Compressing objects:  60% (2235/3725)        
2025-07-15T18:30:12.1159998Z remote: Compressing objects:  61% (2273/3725)        
2025-07-15T18:30:12.1336968Z remote: Compressing objects:  62% (2310/3725)        
2025-07-15T18:30:12.1501679Z remote: Compressing objects:  63% (2347/3725)        
2025-07-15T18:30:12.1658752Z remote: Compressing objects:  64% (2384/3725)        
2025-07-15T18:30:12.1790398Z remote: Compressing objects:  65% (2422/3725)        
2025-07-15T18:30:12.1922743Z remote: Compressing objects:  66% (2459/3725)        
2025-07-15T18:30:12.2026392Z remote: Compressing objects:  67% (2496/3725)        
2025-07-15T18:30:12.2148819Z remote: Compressing objects:  68% (2533/3725)        
2025-07-15T18:30:12.2228600Z remote: Compressing objects:  69% (2571/3725)        
2025-07-15T18:30:12.2315657Z remote: Compressing objects:  70% (2608/3725)        
2025-07-15T18:30:12.2428594Z remote: Compressing objects:  71% (2645/3725)        
2025-07-15T18:30:12.2497045Z remote: Compressing objects:  72% (2682/3725)        
2025-07-15T18:30:12.2535222Z remote: Compressing objects:  73% (2720/3725)        
2025-07-15T18:30:12.2603576Z remote: Compressing objects:  74% (2757/3725)        
2025-07-15T18:30:12.2696962Z remote: Compressing objects:  75% (2794/3725)        
2025-07-15T18:30:12.2698039Z remote: Compressing objects:  76% (2831/3725)        
2025-07-15T18:30:12.2725635Z remote: Compressing objects:  77% (2869/3725)        
2025-07-15T18:30:12.2765302Z remote: Compressing objects:  78% (2906/3725)        
2025-07-15T18:30:12.2799294Z remote: Compressing objects:  79% (2943/3725)        
2025-07-15T18:30:12.2824710Z remote: Compressing objects:  80% (2980/3725)        
2025-07-15T18:30:12.2848462Z remote: Compressing objects:  81% (3018/3725)        
2025-07-15T18:30:12.2866389Z remote: Compressing objects:  82% (3055/3725)        
2025-07-15T18:30:12.2881025Z remote: Compressing objects:  83% (3092/3725)        
2025-07-15T18:30:12.2890133Z remote: Compressing objects:  84% (3129/3725)        
2025-07-15T18:30:12.2893694Z remote: Compressing objects:  85% (3167/3725)        
2025-07-15T18:30:12.2895165Z remote: Compressing objects:  86% (3204/3725)        
2025-07-15T18:30:12.2898658Z remote: Compressing objects:  87% (3241/3725)        
2025-07-15T18:30:12.2920229Z remote: Compressing objects:  88% (3278/3725)        
2025-07-15T18:30:12.3010923Z remote: Compressing objects:  89% (3316/3725)        
2025-07-15T18:30:12.3101640Z remote: Compressing objects:  90% (3353/3725)        
2025-07-15T18:30:12.3105051Z remote: Compressing objects:  91% (3390/3725)        
2025-07-15T18:30:12.3110843Z remote: Compressing objects:  92% (3427/3725)        
2025-07-15T18:30:12.3117145Z remote: Compressing objects:  93% (3465/3725)        
2025-07-15T18:30:12.3123233Z remote: Compressing objects:  94% (3502/3725)        
2025-07-15T18:30:12.3128583Z remote: Compressing objects:  95% (3539/3725)        
2025-07-15T18:30:12.3135872Z remote: Compressing objects:  96% (3576/3725)        
2025-07-15T18:30:12.3140769Z remote: Compressing objects:  97% (3614/3725)        
2025-07-15T18:30:12.3145981Z remote: Compressing objects:  98% (3651/3725)        
2025-07-15T18:30:12.3152418Z remote: Compressing objects:  99% (3688/3725)        
2025-07-15T18:30:12.3153101Z remote: Compressing objects: 100% (3725/3725)        
2025-07-15T18:30:12.3153701Z remote: Compressing objects: 100% (3725/3725), done.        
2025-07-15T18:30:12.3556594Z Receiving objects:   0% (1/4164)
2025-07-15T18:30:12.3675510Z Receiving objects:   1% (42/4164)
2025-07-15T18:30:12.4491680Z Receiving objects:   2% (84/4164)
2025-07-15T18:30:12.4827853Z Receiving objects:   3% (125/4164)
2025-07-15T18:30:12.5229280Z Receiving objects:   4% (167/4164)
2025-07-15T18:30:12.5299881Z Receiving objects:   5% (209/4164)
2025-07-15T18:30:12.5325317Z Receiving objects:   6% (250/4164)
2025-07-15T18:30:12.5768278Z Receiving objects:   7% (292/4164)
2025-07-15T18:30:12.5821858Z Receiving objects:   8% (334/4164)
2025-07-15T18:30:12.5905577Z Receiving objects:   9% (375/4164)
2025-07-15T18:30:12.5977387Z Receiving objects:  10% (417/4164)
2025-07-15T18:30:12.6049463Z Receiving objects:  11% (459/4164)
2025-07-15T18:30:12.6084095Z Receiving objects:  12% (500/4164)
2025-07-15T18:30:12.6103087Z Receiving objects:  13% (542/4164)
2025-07-15T18:30:12.6110813Z Receiving objects:  14% (583/4164)
2025-07-15T18:30:12.6123574Z Receiving objects:  15% (625/4164)
2025-07-15T18:30:12.6132124Z Receiving objects:  16% (667/4164)
2025-07-15T18:30:12.6166432Z Receiving objects:  17% (708/4164)
2025-07-15T18:30:12.6195498Z Receiving objects:  18% (750/4164)
2025-07-15T18:30:12.6240996Z Receiving objects:  19% (792/4164)
2025-07-15T18:30:12.6311872Z Receiving objects:  20% (833/4164)
2025-07-15T18:30:12.6345688Z Receiving objects:  21% (875/4164)
2025-07-15T18:30:12.6444719Z Receiving objects:  22% (917/4164)
2025-07-15T18:30:12.6490771Z Receiving objects:  23% (958/4164)
2025-07-15T18:30:12.6524384Z Receiving objects:  24% (1000/4164)
2025-07-15T18:30:12.6535328Z Receiving objects:  25% (1041/4164)
2025-07-15T18:30:12.6553307Z Receiving objects:  26% (1083/4164)
2025-07-15T18:30:12.6566043Z Receiving objects:  27% (1125/4164)
2025-07-15T18:30:12.6583605Z Receiving objects:  28% (1166/4164)
2025-07-15T18:30:12.6631119Z Receiving objects:  29% (1208/4164)
2025-07-15T18:30:12.6670174Z Receiving objects:  30% (1250/4164)
2025-07-15T18:30:12.6737191Z Receiving objects:  31% (1291/4164)
2025-07-15T18:30:12.6773443Z Receiving objects:  32% (1333/4164)
2025-07-15T18:30:12.6802437Z Receiving objects:  33% (1375/4164)
2025-07-15T18:30:12.6829961Z Receiving objects:  34% (1416/4164)
2025-07-15T18:30:12.6858034Z Receiving objects:  35% (1458/4164)
2025-07-15T18:30:12.6898246Z Receiving objects:  36% (1500/4164)
2025-07-15T18:30:12.6928988Z Receiving objects:  37% (1541/4164)
2025-07-15T18:30:12.6953331Z Receiving objects:  38% (1583/4164)
2025-07-15T18:30:12.6989244Z Receiving objects:  39% (1624/4164)
2025-07-15T18:30:12.7025554Z Receiving objects:  40% (1666/4164)
2025-07-15T18:30:12.7055689Z Receiving objects:  41% (1708/4164)
2025-07-15T18:30:12.7092872Z Receiving objects:  42% (1749/4164)
2025-07-15T18:30:12.7163961Z Receiving objects:  43% (1791/4164)
2025-07-15T18:30:12.7215242Z Receiving objects:  44% (1833/4164)
2025-07-15T18:30:12.7353328Z Receiving objects:  45% (1874/4164)
2025-07-15T18:30:12.7385481Z Receiving objects:  46% (1916/4164)
2025-07-15T18:30:12.7436346Z Receiving objects:  47% (1958/4164)
2025-07-15T18:30:12.7521836Z Receiving objects:  48% (1999/4164)
2025-07-15T18:30:12.7545946Z Receiving objects:  49% (2041/4164)
2025-07-15T18:30:12.7570056Z Receiving objects:  50% (2082/4164)
2025-07-15T18:30:12.7620430Z Receiving objects:  51% (2124/4164)
2025-07-15T18:30:12.7660972Z Receiving objects:  52% (2166/4164)
2025-07-15T18:30:12.7704898Z Receiving objects:  53% (2207/4164)
2025-07-15T18:30:12.7734570Z Receiving objects:  54% (2249/4164)
2025-07-15T18:30:12.7764955Z Receiving objects:  55% (2291/4164)
2025-07-15T18:30:12.7799247Z Receiving objects:  56% (2332/4164)
2025-07-15T18:30:12.7854430Z Receiving objects:  57% (2374/4164)
2025-07-15T18:30:12.7880689Z Receiving objects:  58% (2416/4164)
2025-07-15T18:30:12.7904816Z Receiving objects:  59% (2457/4164)
2025-07-15T18:30:12.7921751Z Receiving objects:  60% (2499/4164)
2025-07-15T18:30:12.7987701Z Receiving objects:  61% (2541/4164)
2025-07-15T18:30:12.8027004Z Receiving objects:  62% (2582/4164)
2025-07-15T18:30:12.8066850Z Receiving objects:  63% (2624/4164)
2025-07-15T18:30:12.8145815Z Receiving objects:  64% (2665/4164)
2025-07-15T18:30:12.8188596Z Receiving objects:  65% (2707/4164)
2025-07-15T18:30:12.8234731Z Receiving objects:  66% (2749/4164)
2025-07-15T18:30:12.8297839Z Receiving objects:  67% (2790/4164), 10.37 MiB | 20.73 MiB/s
2025-07-15T18:30:12.8346799Z Receiving objects:  68% (2832/4164), 10.37 MiB | 20.73 MiB/s
2025-07-15T18:30:12.8382073Z Receiving objects:  69% (2874/4164), 10.37 MiB | 20.73 MiB/s
2025-07-15T18:30:12.8490775Z Receiving objects:  70% (2915/4164), 10.37 MiB | 20.73 MiB/s
2025-07-15T18:30:12.8531650Z Receiving objects:  71% (2957/4164), 10.37 MiB | 20.73 MiB/s
2025-07-15T18:30:12.8566624Z Receiving objects:  72% (2999/4164), 10.37 MiB | 20.73 MiB/s
2025-07-15T18:30:12.8587099Z Receiving objects:  73% (3040/4164), 10.37 MiB | 20.73 MiB/s
2025-07-15T18:30:12.8602622Z Receiving objects:  74% (3082/4164), 10.37 MiB | 20.73 MiB/s
2025-07-15T18:30:12.8613499Z Receiving objects:  75% (3123/4164), 10.37 MiB | 20.73 MiB/s
2025-07-15T18:30:12.8637206Z Receiving objects:  76% (3165/4164), 10.37 MiB | 20.73 MiB/s
2025-07-15T18:30:12.8690739Z Receiving objects:  77% (3207/4164), 10.37 MiB | 20.73 MiB/s
2025-07-15T18:30:12.8797032Z Receiving objects:  78% (3248/4164), 10.37 MiB | 20.73 MiB/s
2025-07-15T18:30:12.8845309Z Receiving objects:  79% (3290/4164), 10.37 MiB | 20.73 MiB/s
2025-07-15T18:30:12.8880339Z Receiving objects:  80% (3332/4164), 10.37 MiB | 20.73 MiB/s
2025-07-15T18:30:12.8903355Z Receiving objects:  81% (3373/4164), 10.37 MiB | 20.73 MiB/s
2025-07-15T18:30:12.8928531Z Receiving objects:  82% (3415/4164), 10.37 MiB | 20.73 MiB/s
2025-07-15T18:30:12.8934155Z Receiving objects:  83% (3457/4164), 10.37 MiB | 20.73 MiB/s
2025-07-15T18:30:12.8941387Z Receiving objects:  84% (3498/4164), 10.37 MiB | 20.73 MiB/s
2025-07-15T18:30:12.8948794Z Receiving objects:  85% (3540/4164), 10.37 MiB | 20.73 MiB/s
2025-07-15T18:30:12.8954506Z Receiving objects:  86% (3582/4164), 10.37 MiB | 20.73 MiB/s
2025-07-15T18:30:12.8960091Z Receiving objects:  87% (3623/4164), 10.37 MiB | 20.73 MiB/s
2025-07-15T18:30:12.8966152Z Receiving objects:  88% (3665/4164), 10.37 MiB | 20.73 MiB/s
2025-07-15T18:30:12.8969680Z Receiving objects:  89% (3706/4164), 10.37 MiB | 20.73 MiB/s
2025-07-15T18:30:12.8976527Z Receiving objects:  90% (3748/4164), 10.37 MiB | 20.73 MiB/s
2025-07-15T18:30:12.8993281Z Receiving objects:  91% (3790/4164), 10.37 MiB | 20.73 MiB/s
2025-07-15T18:30:12.9000076Z Receiving objects:  92% (3831/4164), 10.37 MiB | 20.73 MiB/s
2025-07-15T18:30:12.9011164Z Receiving objects:  93% (3873/4164), 10.37 MiB | 20.73 MiB/s
2025-07-15T18:30:12.9014772Z Receiving objects:  94% (3915/4164), 10.37 MiB | 20.73 MiB/s
2025-07-15T18:30:12.9058631Z Receiving objects:  95% (3956/4164), 10.37 MiB | 20.73 MiB/s
2025-07-15T18:30:12.9081747Z Receiving objects:  96% (3998/4164), 10.37 MiB | 20.73 MiB/s
2025-07-15T18:30:12.9142213Z Receiving objects:  97% (4040/4164), 10.37 MiB | 20.73 MiB/s
2025-07-15T18:30:12.9179058Z Receiving objects:  98% (4081/4164), 10.37 MiB | 20.73 MiB/s
2025-07-15T18:30:12.9225169Z Receiving objects:  99% (4123/4164), 10.37 MiB | 20.73 MiB/s
2025-07-15T18:30:12.9226115Z remote: Total 4164 (delta 621), reused 3840 (delta 394), pack-reused 0 (from 0)        
2025-07-15T18:30:12.9241574Z Receiving objects: 100% (4164/4164), 10.37 MiB | 20.73 MiB/s
2025-07-15T18:30:12.9242467Z Receiving objects: 100% (4164/4164), 14.00 MiB | 23.20 MiB/s, done.
2025-07-15T18:30:12.9246577Z Resolving deltas:   0% (0/621)
2025-07-15T18:30:12.9248119Z Resolving deltas:   1% (7/621)
2025-07-15T18:30:12.9250956Z Resolving deltas:   2% (13/621)
2025-07-15T18:30:12.9253877Z Resolving deltas:   3% (19/621)
2025-07-15T18:30:12.9254338Z Resolving deltas:   4% (25/621)
2025-07-15T18:30:12.9255730Z Resolving deltas:   5% (32/621)
2025-07-15T18:30:12.9255975Z Resolving deltas:   6% (38/621)
2025-07-15T18:30:12.9282391Z Resolving deltas:   7% (44/621)
2025-07-15T18:30:12.9282781Z Resolving deltas:   8% (50/621)
2025-07-15T18:30:12.9419157Z Resolving deltas:   9% (56/621)
2025-07-15T18:30:12.9419551Z Resolving deltas:  10% (63/621)
2025-07-15T18:30:12.9425810Z Resolving deltas:  11% (69/621)
2025-07-15T18:30:12.9426259Z Resolving deltas:  12% (75/621)
2025-07-15T18:30:12.9427838Z Resolving deltas:  13% (81/621)
2025-07-15T18:30:12.9428926Z Resolving deltas:  14% (87/621)
2025-07-15T18:30:12.9430396Z Resolving deltas:  15% (94/621)
2025-07-15T18:30:12.9431854Z Resolving deltas:  16% (100/621)
2025-07-15T18:30:12.9433532Z Resolving deltas:  17% (106/621)
2025-07-15T18:30:12.9433956Z Resolving deltas:  18% (112/621)
2025-07-15T18:30:12.9434354Z Resolving deltas:  19% (118/621)
2025-07-15T18:30:12.9434733Z Resolving deltas:  20% (125/621)
2025-07-15T18:30:12.9435118Z Resolving deltas:  21% (131/621)
2025-07-15T18:30:12.9435508Z Resolving deltas:  22% (137/621)
2025-07-15T18:30:12.9436220Z Resolving deltas:  23% (143/621)
2025-07-15T18:30:12.9436599Z Resolving deltas:  24% (151/621)
2025-07-15T18:30:12.9436967Z Resolving deltas:  25% (156/621)
2025-07-15T18:30:12.9437326Z Resolving deltas:  26% (163/621)
2025-07-15T18:30:12.9437679Z Resolving deltas:  27% (168/621)
2025-07-15T18:30:12.9438037Z Resolving deltas:  28% (174/621)
2025-07-15T18:30:12.9438393Z Resolving deltas:  29% (181/621)
2025-07-15T18:30:12.9438756Z Resolving deltas:  30% (187/621)
2025-07-15T18:30:12.9439123Z Resolving deltas:  31% (193/621)
2025-07-15T18:30:12.9439500Z Resolving deltas:  32% (199/621)
2025-07-15T18:30:12.9439866Z Resolving deltas:  33% (205/621)
2025-07-15T18:30:12.9448690Z Resolving deltas:  34% (212/621)
2025-07-15T18:30:12.9449919Z Resolving deltas:  35% (218/621)
2025-07-15T18:30:12.9452997Z Resolving deltas:  36% (224/621)
2025-07-15T18:30:12.9455180Z Resolving deltas:  37% (230/621)
2025-07-15T18:30:12.9465914Z Resolving deltas:  38% (236/621)
2025-07-15T18:30:12.9473234Z Resolving deltas:  39% (243/621)
2025-07-15T18:30:12.9479335Z Resolving deltas:  40% (249/621)
2025-07-15T18:30:12.9485754Z Resolving deltas:  41% (255/621)
2025-07-15T18:30:12.9489692Z Resolving deltas:  42% (261/621)
2025-07-15T18:30:12.9496595Z Resolving deltas:  43% (268/621)
2025-07-15T18:30:12.9501810Z Resolving deltas:  44% (274/621)
2025-07-15T18:30:12.9506210Z Resolving deltas:  45% (280/621)
2025-07-15T18:30:12.9522286Z Resolving deltas:  46% (286/621)
2025-07-15T18:30:12.9525109Z Resolving deltas:  47% (292/621)
2025-07-15T18:30:12.9528148Z Resolving deltas:  48% (299/621)
2025-07-15T18:30:12.9534342Z Resolving deltas:  49% (305/621)
2025-07-15T18:30:12.9540217Z Resolving deltas:  50% (311/621)
2025-07-15T18:30:12.9545398Z Resolving deltas:  51% (317/621)
2025-07-15T18:30:12.9552629Z Resolving deltas:  52% (323/621)
2025-07-15T18:30:12.9556397Z Resolving deltas:  53% (331/621)
2025-07-15T18:30:12.9559698Z Resolving deltas:  54% (336/621)
2025-07-15T18:30:12.9563426Z Resolving deltas:  55% (342/621)
2025-07-15T18:30:12.9574794Z Resolving deltas:  56% (348/621)
2025-07-15T18:30:12.9580194Z Resolving deltas:  57% (354/621)
2025-07-15T18:30:12.9585296Z Resolving deltas:  58% (361/621)
2025-07-15T18:30:12.9593540Z Resolving deltas:  59% (367/621)
2025-07-15T18:30:12.9599181Z Resolving deltas:  60% (373/621)
2025-07-15T18:30:12.9608334Z Resolving deltas:  61% (379/621)
2025-07-15T18:30:12.9612586Z Resolving deltas:  62% (386/621)
2025-07-15T18:30:12.9619822Z Resolving deltas:  63% (392/621)
2025-07-15T18:30:12.9625038Z Resolving deltas:  64% (398/621)
2025-07-15T18:30:12.9631195Z Resolving deltas:  65% (404/621)
2025-07-15T18:30:12.9634479Z Resolving deltas:  66% (411/621)
2025-07-15T18:30:12.9638739Z Resolving deltas:  67% (417/621)
2025-07-15T18:30:12.9645371Z Resolving deltas:  68% (423/621)
2025-07-15T18:30:12.9649374Z Resolving deltas:  69% (429/621)
2025-07-15T18:30:12.9652542Z Resolving deltas:  70% (435/621)
2025-07-15T18:30:12.9658811Z Resolving deltas:  71% (441/621)
2025-07-15T18:30:12.9662847Z Resolving deltas:  72% (448/621)
2025-07-15T18:30:12.9670393Z Resolving deltas:  73% (454/621)
2025-07-15T18:30:12.9679978Z Resolving deltas:  74% (460/621)
2025-07-15T18:30:12.9685465Z Resolving deltas:  75% (466/621)
2025-07-15T18:30:12.9690652Z Resolving deltas:  76% (472/621)
2025-07-15T18:30:12.9694377Z Resolving deltas:  77% (480/621)
2025-07-15T18:30:12.9701888Z Resolving deltas:  78% (485/621)
2025-07-15T18:30:12.9706242Z Resolving deltas:  79% (491/621)
2025-07-15T18:30:12.9709105Z Resolving deltas:  80% (497/621)
2025-07-15T18:30:12.9709825Z Resolving deltas:  81% (504/621)
2025-07-15T18:30:12.9713998Z Resolving deltas:  82% (510/621)
2025-07-15T18:30:12.9726937Z Resolving deltas:  83% (517/621)
2025-07-15T18:30:12.9750777Z Resolving deltas:  84% (522/621)
2025-07-15T18:30:12.9759582Z Resolving deltas:  85% (529/621)
2025-07-15T18:30:12.9762836Z Resolving deltas:  86% (535/621)
2025-07-15T18:30:12.9768819Z Resolving deltas:  87% (542/621)
2025-07-15T18:30:12.9781746Z Resolving deltas:  88% (547/621)
2025-07-15T18:30:12.9792419Z Resolving deltas:  89% (553/621)
2025-07-15T18:30:12.9798581Z Resolving deltas:  90% (559/621)
2025-07-15T18:30:12.9799985Z Resolving deltas:  91% (566/621)
2025-07-15T18:30:12.9801714Z Resolving deltas:  92% (572/621)
2025-07-15T18:30:12.9804193Z Resolving deltas:  93% (578/621)
2025-07-15T18:30:12.9804594Z Resolving deltas:  94% (584/621)
2025-07-15T18:30:12.9806206Z Resolving deltas:  95% (590/621)
2025-07-15T18:30:12.9807153Z Resolving deltas:  96% (597/621)
2025-07-15T18:30:12.9808126Z Resolving deltas:  97% (603/621)
2025-07-15T18:30:12.9808532Z Resolving deltas:  98% (609/621)
2025-07-15T18:30:12.9809867Z Resolving deltas:  99% (615/621)
2025-07-15T18:30:12.9812371Z Resolving deltas: 100% (621/621)
2025-07-15T18:30:12.9812776Z Resolving deltas: 100% (621/621), done.
2025-07-15T18:30:12.9984851Z From https://github.com/***/testing-CI-CD
2025-07-15T18:30:12.9985440Z  * [new ref]         aa1a8587fdf195e18c12d35f8bc3007a87e4c236 -> origin/main
2025-07-15T18:30:13.0013527Z ##[endgroup]
2025-07-15T18:30:13.0013886Z ##[group]Determining the checkout info
2025-07-15T18:30:13.0015961Z ##[endgroup]
2025-07-15T18:30:13.0016313Z ##[group]Checking out the ref
2025-07-15T18:30:13.0020043Z [command]/usr/bin/git checkout --progress --force -B main refs/remotes/origin/main
2025-07-15T18:30:13.3484383Z Switched to a new branch 'main'
2025-07-15T18:30:13.3485595Z branch 'main' set up to track 'origin/main'.
2025-07-15T18:30:13.3504524Z ##[endgroup]
2025-07-15T18:30:13.3542673Z [command]/usr/bin/git log -1 --format='%H'
2025-07-15T18:30:13.3566060Z 'aa1a8587fdf195e18c12d35f8bc3007a87e4c236'
2025-07-15T18:30:13.3783210Z ##[group]Run actions/setup-python@v4
2025-07-15T18:30:13.3783486Z with:
2025-07-15T18:30:13.3783671Z   python-version: 3.10
2025-07-15T18:30:13.3783885Z   check-latest: false
2025-07-15T18:30:13.3784221Z   token: ***
2025-07-15T18:30:13.3784407Z   update-environment: true
2025-07-15T18:30:13.3784635Z   allow-prereleases: false
2025-07-15T18:30:13.3784838Z ##[endgroup]
2025-07-15T18:30:13.5506035Z ##[group]Installed versions
2025-07-15T18:30:13.5610724Z Successfully set up CPython (3.10.18)
2025-07-15T18:30:13.5611450Z ##[endgroup]
2025-07-15T18:30:13.5722967Z ##[group]Run python -m pip install --upgrade pip
2025-07-15T18:30:13.5723367Z [36;1mpython -m pip install --upgrade pip[0m
2025-07-15T18:30:13.5723662Z [36;1mpip install -r requirements.txt[0m
2025-07-15T18:30:13.5762638Z shell: /usr/bin/bash -e {0}
2025-07-15T18:30:13.5762894Z env:
2025-07-15T18:30:13.5763146Z   pythonLocation: /opt/hostedtoolcache/Python/3.10.18/x64
2025-07-15T18:30:13.5763564Z   PKG_CONFIG_PATH: /opt/hostedtoolcache/Python/3.10.18/x64/lib/pkgconfig
2025-07-15T18:30:13.5763956Z   Python_ROOT_DIR: /opt/hostedtoolcache/Python/3.10.18/x64
2025-07-15T18:30:13.5764301Z   Python2_ROOT_DIR: /opt/hostedtoolcache/Python/3.10.18/x64
2025-07-15T18:30:13.5764644Z   Python3_ROOT_DIR: /opt/hostedtoolcache/Python/3.10.18/x64
2025-07-15T18:30:13.5764986Z   LD_LIBRARY_PATH: /opt/hostedtoolcache/Python/3.10.18/x64/lib
2025-07-15T18:30:13.5765284Z ##[endgroup]
2025-07-15T18:30:14.2105514Z Requirement already satisfied: pip in /opt/hostedtoolcache/Python/3.10.18/x64/lib/python3.10/site-packages (25.1.1)
2025-07-15T18:30:14.9514623Z Collecting Flask==3.1.0 (from -r requirements.txt (line 1))
2025-07-15T18:30:15.0071658Z   Downloading flask-3.1.0-py3-none-any.whl.metadata (2.7 kB)
2025-07-15T18:30:15.0845093Z Collecting Flask-PyMongo==3.0.1 (from -r requirements.txt (line 2))
2025-07-15T18:30:15.0955313Z   Downloading flask_pymongo-3.0.1-py3-none-any.whl.metadata (3.5 kB)
2025-07-15T18:30:15.1678773Z Collecting pytest==8.2.1 (from -r requirements.txt (line 3))
2025-07-15T18:30:15.1787724Z   Downloading pytest-8.2.1-py3-none-any.whl.metadata (7.6 kB)
2025-07-15T18:30:15.2046965Z Collecting blinker==1.9.0 (from -r requirements.txt (line 4))
2025-07-15T18:30:15.2150263Z   Downloading blinker-1.9.0-py3-none-any.whl.metadata (1.6 kB)
2025-07-15T18:30:15.2444531Z Collecting certifi==2025.7.14 (from -r requirements.txt (line 5))
2025-07-15T18:30:15.2545016Z   Downloading certifi-2025.7.14-py3-none-any.whl.metadata (2.4 kB)
2025-07-15T18:30:15.3555966Z Collecting charset-normalizer==3.4.2 (from -r requirements.txt (line 6))
2025-07-15T18:30:15.3661772Z   Downloading charset_normalizer-3.4.2-cp310-cp310-manylinux_2_17_x86_64.manylinux2014_x86_64.whl.metadata (35 kB)
2025-07-15T18:30:15.4005819Z Collecting click==8.2.1 (from -r requirements.txt (line 7))
2025-07-15T18:30:15.4111406Z   Downloading click-8.2.1-py3-none-any.whl.metadata (2.5 kB)
2025-07-15T18:30:15.4340327Z Collecting dnspython==2.7.0 (from -r requirements.txt (line 8))
2025-07-15T18:30:15.4439512Z   Downloading dnspython-2.7.0-py3-none-any.whl.metadata (5.8 kB)
2025-07-15T18:30:15.4695930Z Collecting idna==3.10 (from -r requirements.txt (line 9))
2025-07-15T18:30:15.4794208Z   Downloading idna-3.10-py3-none-any.whl.metadata (10 kB)
2025-07-15T18:30:15.5008172Z Collecting itsdangerous==2.2.0 (from -r requirements.txt (line 10))
2025-07-15T18:30:15.5111248Z   Downloading itsdangerous-2.2.0-py3-none-any.whl.metadata (1.9 kB)
2025-07-15T18:30:15.5349440Z Collecting Jinja2==3.1.6 (from -r requirements.txt (line 11))
2025-07-15T18:30:15.5448531Z   Downloading jinja2-3.1.6-py3-none-any.whl.metadata (2.9 kB)
2025-07-15T18:30:15.6101669Z Collecting MarkupSafe==3.0.2 (from -r requirements.txt (line 12))
2025-07-15T18:30:15.6204233Z   Downloading MarkupSafe-3.0.2-cp310-cp310-manylinux_2_17_x86_64.manylinux2014_x86_64.whl.metadata (4.0 kB)
2025-07-15T18:30:15.6411643Z Collecting paho-mqtt==2.1.0 (from -r requirements.txt (line 13))
2025-07-15T18:30:15.6511340Z   Downloading paho_mqtt-2.1.0-py3-none-any.whl.metadata (23 kB)
2025-07-15T18:30:16.0068283Z Collecting pymongo==4.13.2 (from -r requirements.txt (line 14))
2025-07-15T18:30:16.0171502Z   Downloading pymongo-4.13.2-cp310-cp310-manylinux_2_17_x86_64.manylinux2014_x86_64.whl.metadata (22 kB)
2025-07-15T18:30:16.0485768Z Collecting python-dotenv==1.1.1 (from -r requirements.txt (line 15))
2025-07-15T18:30:16.0587016Z   Downloading python_dotenv-1.1.1-py3-none-any.whl.metadata (24 kB)
2025-07-15T18:30:16.0957884Z Collecting requests==2.32.4 (from -r requirements.txt (line 16))
2025-07-15T18:30:16.1061693Z   Downloading requests-2.32.4-py3-none-any.whl.metadata (4.9 kB)
2025-07-15T18:30:16.1416410Z Collecting urllib3==2.5.0 (from -r requirements.txt (line 17))
2025-07-15T18:30:16.1517306Z   Downloading urllib3-2.5.0-py3-none-any.whl.metadata (6.5 kB)
2025-07-15T18:30:16.1868125Z Collecting Werkzeug==3.1.3 (from -r requirements.txt (line 18))
2025-07-15T18:30:16.1972571Z   Downloading werkzeug-3.1.3-py3-none-any.whl.metadata (3.7 kB)
2025-07-15T18:30:16.2772353Z Collecting autodevops-cli==0.1.1 (from -r requirements.txt (line 19))
2025-07-15T18:30:16.2881586Z   Downloading autodevops_cli-0.1.1-py3-none-any.whl.metadata (494 bytes)
2025-07-15T18:30:16.3070979Z Collecting iniconfig==2.1.0 (from -r requirements.txt (line 20))
2025-07-15T18:30:16.3171357Z   Downloading iniconfig-2.1.0-py3-none-any.whl.metadata (2.7 kB)
2025-07-15T18:30:16.3385165Z Collecting loguru==0.7.3 (from -r requirements.txt (line 21))
2025-07-15T18:30:16.3504676Z   Downloading loguru-0.7.3-py3-none-any.whl.metadata (22 kB)
2025-07-15T18:30:16.3838841Z Collecting markdown-it-py==3.0.0 (from -r requirements.txt (line 22))
2025-07-15T18:30:16.3940960Z   Downloading markdown_it_py-3.0.0-py3-none-any.whl.metadata (6.9 kB)
2025-07-15T18:30:16.4162524Z Collecting mdurl==0.1.2 (from -r requirements.txt (line 23))
2025-07-15T18:30:16.4262615Z   Downloading mdurl-0.1.2-py3-none-any.whl.metadata (1.6 kB)
2025-07-15T18:30:16.4488456Z Collecting mongomock==4.3.0 (from -r requirements.txt (line 24))
2025-07-15T18:30:16.4594979Z   Downloading mongomock-4.3.0-py2.py3-none-any.whl.metadata (12 kB)
2025-07-15T18:30:16.4851428Z Collecting packaging==25.0 (from -r requirements.txt (line 25))
2025-07-15T18:30:16.4958663Z   Downloading packaging-25.0-py3-none-any.whl.metadata (3.3 kB)
2025-07-15T18:30:16.5164360Z Collecting pluggy==1.6.0 (from -r requirements.txt (line 26))
2025-07-15T18:30:16.5267684Z   Downloading pluggy-1.6.0-py3-none-any.whl.metadata (4.8 kB)
2025-07-15T18:30:16.5554223Z Collecting Pygments==2.19.2 (from -r requirements.txt (line 27))
2025-07-15T18:30:16.5659109Z   Downloading pygments-2.19.2-py3-none-any.whl.metadata (2.5 kB)
2025-07-15T18:30:16.6152647Z Collecting pytz==2025.2 (from -r requirements.txt (line 28))
2025-07-15T18:30:16.6257020Z   Downloading pytz-2025.2-py2.py3-none-any.whl.metadata (22 kB)
2025-07-15T18:30:16.6755444Z Collecting rich==14.0.0 (from -r requirements.txt (line 29))
2025-07-15T18:30:16.6856797Z   Downloading rich-14.0.0-py3-none-any.whl.metadata (18 kB)
2025-07-15T18:30:16.7069668Z Collecting sentinels==1.0.0 (from -r requirements.txt (line 30))
2025-07-15T18:30:16.7191650Z   Downloading sentinels-1.0.0.tar.gz (4.1 kB)
2025-07-15T18:30:16.7291587Z   Installing build dependencies: started
2025-07-15T18:30:17.6604855Z   Installing build dependencies: finished with status 'done'
2025-07-15T18:30:17.6613018Z   Getting requirements to build wheel: started
2025-07-15T18:30:17.9972734Z   Getting requirements to build wheel: finished with status 'done'
2025-07-15T18:30:17.9982624Z   Preparing metadata (pyproject.toml): started
2025-07-15T18:30:18.1764735Z   Preparing metadata (pyproject.toml): finished with status 'done'
2025-07-15T18:30:18.2002684Z Collecting sh==2.2.2 (from -r requirements.txt (line 31))
2025-07-15T18:30:18.2115030Z   Downloading sh-2.2.2-py3-none-any.whl.metadata (3.7 kB)
2025-07-15T18:30:18.2619477Z Collecting exceptiongroup>=1.0.0rc8 (from pytest==8.2.1->-r requirements.txt (line 3))
2025-07-15T18:30:18.2721527Z   Downloading exceptiongroup-1.3.0-py3-none-any.whl.metadata (6.7 kB)
2025-07-15T18:30:18.2980996Z Collecting tomli>=1 (from pytest==8.2.1->-r requirements.txt (line 3))
2025-07-15T18:30:18.3083035Z   Downloading tomli-2.2.1-py3-none-any.whl.metadata (10 kB)
2025-07-15T18:30:18.3989355Z Collecting typing-extensions<5.0,>=4.0.0 (from rich==14.0.0->-r requirements.txt (line 29))
2025-07-15T18:30:18.4090260Z   Downloading typing_extensions-4.14.1-py3-none-any.whl.metadata (3.0 kB)
2025-07-15T18:30:18.4341923Z Downloading flask-3.1.0-py3-none-any.whl (102 kB)
2025-07-15T18:30:18.4554084Z Downloading flask_pymongo-3.0.1-py3-none-any.whl (11 kB)
2025-07-15T18:30:18.4683206Z Downloading pytest-8.2.1-py3-none-any.whl (339 kB)
2025-07-15T18:30:18.4912889Z Downloading pluggy-1.6.0-py3-none-any.whl (20 kB)
2025-07-15T18:30:18.5059219Z Downloading blinker-1.9.0-py3-none-any.whl (8.5 kB)
2025-07-15T18:30:18.5185128Z Downloading certifi-2025.7.14-py3-none-any.whl (162 kB)
2025-07-15T18:30:18.5341323Z Downloading charset_normalizer-3.4.2-cp310-cp310-manylinux_2_17_x86_64.manylinux2014_x86_64.whl (149 kB)
2025-07-15T18:30:18.5473002Z Downloading click-8.2.1-py3-none-any.whl (102 kB)
2025-07-15T18:30:18.5602648Z Downloading dnspython-2.7.0-py3-none-any.whl (313 kB)
2025-07-15T18:30:18.5751857Z Downloading idna-3.10-py3-none-any.whl (70 kB)
2025-07-15T18:30:18.5877476Z Downloading itsdangerous-2.2.0-py3-none-any.whl (16 kB)
2025-07-15T18:30:18.6006952Z Downloading jinja2-3.1.6-py3-none-any.whl (134 kB)
2025-07-15T18:30:18.6159533Z Downloading MarkupSafe-3.0.2-cp310-cp310-manylinux_2_17_x86_64.manylinux2014_x86_64.whl (20 kB)
2025-07-15T18:30:18.6281370Z Downloading paho_mqtt-2.1.0-py3-none-any.whl (67 kB)
2025-07-15T18:30:18.6435395Z Downloading pymongo-4.13.2-cp310-cp310-manylinux_2_17_x86_64.manylinux2014_x86_64.whl (1.2 MB)
2025-07-15T18:30:18.6589780Z    ━━━━━━━━━━━━━━━━━━━━━━━━━━━━━━━━━━━━━━━━ 1.2/1.2 MB 80.2 MB/s eta 0:00:00
2025-07-15T18:30:18.6690997Z Downloading python_dotenv-1.1.1-py3-none-any.whl (20 kB)
2025-07-15T18:30:18.6812456Z Downloading requests-2.32.4-py3-none-any.whl (64 kB)
2025-07-15T18:30:18.6943252Z Downloading urllib3-2.5.0-py3-none-any.whl (129 kB)
2025-07-15T18:30:18.7069302Z Downloading werkzeug-3.1.3-py3-none-any.whl (224 kB)
2025-07-15T18:30:18.7225440Z Downloading autodevops_cli-0.1.1-py3-none-any.whl (4.1 kB)
2025-07-15T18:30:18.7350113Z Downloading iniconfig-2.1.0-py3-none-any.whl (6.0 kB)
2025-07-15T18:30:18.7476049Z Downloading loguru-0.7.3-py3-none-any.whl (61 kB)
2025-07-15T18:30:18.7603175Z Downloading markdown_it_py-3.0.0-py3-none-any.whl (87 kB)
2025-07-15T18:30:18.7735675Z Downloading mdurl-0.1.2-py3-none-any.whl (10.0 kB)
2025-07-15T18:30:18.7880264Z Downloading mongomock-4.3.0-py2.py3-none-any.whl (64 kB)
2025-07-15T18:30:18.8007436Z Downloading packaging-25.0-py3-none-any.whl (66 kB)
2025-07-15T18:30:18.8139480Z Downloading pygments-2.19.2-py3-none-any.whl (1.2 MB)
2025-07-15T18:30:18.8232312Z    ━━━━━━━━━━━━━━━━━━━━━━━━━━━━━━━━━━━━━━━━ 1.2/1.2 MB 151.1 MB/s eta 0:00:00
2025-07-15T18:30:18.8335620Z Downloading pytz-2025.2-py2.py3-none-any.whl (509 kB)
2025-07-15T18:30:18.8476026Z Downloading rich-14.0.0-py3-none-any.whl (243 kB)
2025-07-15T18:30:18.8609255Z Downloading sh-2.2.2-py3-none-any.whl (38 kB)
2025-07-15T18:30:18.8737669Z Downloading typing_extensions-4.14.1-py3-none-any.whl (43 kB)
2025-07-15T18:30:18.8869355Z Downloading exceptiongroup-1.3.0-py3-none-any.whl (16 kB)
2025-07-15T18:30:18.8994808Z Downloading tomli-2.2.1-py3-none-any.whl (14 kB)
2025-07-15T18:30:18.9376943Z Building wheels for collected packages: sentinels
2025-07-15T18:30:18.9387041Z   Building wheel for sentinels (pyproject.toml): started
2025-07-15T18:30:19.1469628Z   Building wheel for sentinels (pyproject.toml): finished with status 'done'
2025-07-15T18:30:19.1476737Z   Created wheel for sentinels: filename=sentinels-1.0.0-py3-none-any.whl size=3229 sha256=2191fcb721e2b09ee3c0907e2a70fab46c824c148afa808d435a11dc707a7ad4
2025-07-15T18:30:19.1479134Z   Stored in directory: /home/runner/.cache/pip/wheels/26/bc/eb/67e56405e0684b3d8c011cf4d18129c41be394775fd5ba2347
2025-07-15T18:30:19.1495616Z Successfully built sentinels
2025-07-15T18:30:19.2256129Z Installing collected packages: sentinels, pytz, urllib3, typing-extensions, tomli, sh, python-dotenv, Pygments, pluggy, paho-mqtt, packaging, mdurl, MarkupSafe, loguru, itsdangerous, iniconfig, idna, dnspython, click, charset-normalizer, certifi, blinker, Werkzeug, requests, pymongo, mongomock, markdown-it-py, Jinja2, exceptiongroup, rich, pytest, Flask, Flask-PyMongo, autodevops-cli
2025-07-15T18:30:21.7438306Z 
2025-07-15T18:30:21.7500954Z Successfully installed Flask-3.1.0 Flask-PyMongo-3.0.1 Jinja2-3.1.6 MarkupSafe-3.0.2 Pygments-2.19.2 Werkzeug-3.1.3 autodevops-cli-0.1.1 blinker-1.9.0 certifi-2025.7.14 charset-normalizer-3.4.2 click-8.2.1 dnspython-2.7.0 exceptiongroup-1.3.0 idna-3.10 iniconfig-2.1.0 itsdangerous-2.2.0 loguru-0.7.3 markdown-it-py-3.0.0 mdurl-0.1.2 mongomock-4.3.0 packaging-25.0 paho-mqtt-2.1.0 pluggy-1.6.0 pymongo-4.13.2 pytest-8.2.1 python-dotenv-1.1.1 pytz-2025.2 requests-2.32.4 rich-14.0.0 sentinels-1.0.0 sh-2.2.2 tomli-2.2.1 typing-extensions-4.14.1 urllib3-2.5.0
2025-07-15T18:30:21.9244390Z ##[group]Run export PYTHONPATH=.
2025-07-15T18:30:21.9244706Z [36;1mexport PYTHONPATH=.[0m
2025-07-15T18:30:21.9244987Z [36;1mpytest test_main.py -v[0m
2025-07-15T18:30:21.9273001Z shell: /usr/bin/bash -e {0}
2025-07-15T18:30:21.9273226Z env:
2025-07-15T18:30:21.9273470Z   pythonLocation: /opt/hostedtoolcache/Python/3.10.18/x64
2025-07-15T18:30:21.9273890Z   PKG_CONFIG_PATH: /opt/hostedtoolcache/Python/3.10.18/x64/lib/pkgconfig
2025-07-15T18:30:21.9274273Z   Python_ROOT_DIR: /opt/hostedtoolcache/Python/3.10.18/x64
2025-07-15T18:30:21.9274610Z   Python2_ROOT_DIR: /opt/hostedtoolcache/Python/3.10.18/x64
2025-07-15T18:30:21.9274961Z   Python3_ROOT_DIR: /opt/hostedtoolcache/Python/3.10.18/x64
2025-07-15T18:30:21.9275307Z   LD_LIBRARY_PATH: /opt/hostedtoolcache/Python/3.10.18/x64/lib
2025-07-15T18:30:21.9275610Z ##[endgroup]
2025-07-15T18:30:22.2941034Z ============================= test session starts ==============================
2025-07-15T18:30:22.2941956Z platform linux -- Python 3.10.18, pytest-8.2.1, pluggy-1.6.0 -- /opt/hostedtoolcache/Python/3.10.18/x64/bin/python
2025-07-15T18:30:22.2942543Z cachedir: .pytest_cache
2025-07-15T18:30:22.2942885Z rootdir: /home/runner/work/testing-CI-CD/testing-CI-CD
2025-07-15T18:30:22.5272030Z collecting ... collected 7 items
2025-07-15T18:30:22.5272888Z 
2025-07-15T18:30:22.5366838Z test_main.py::test_home_page PASSED                                      [ 14%]
2025-07-15T18:30:22.5449415Z test_main.py::test_admin_dashboard PASSED                                [ 28%]
2025-07-15T18:30:22.5517015Z test_main.py::test_student_dashboard PASSED                              [ 42%]
2025-07-15T18:30:22.5561312Z test_main.py::test_generate_attendance_no_input PASSED                   [ 57%]
2025-07-15T18:30:22.5604873Z test_main.py::test_student_generate_attendance_invalid PASSED            [ 71%]
2025-07-15T18:30:22.5668319Z test_main.py::test_register_user_get PASSED                              [ 85%]
2025-07-15T18:30:22.5728179Z test_main.py::test_receive_rfid_missing PASSED                           [100%]
2025-07-15T18:30:22.5728730Z 
2025-07-15T18:30:22.5728929Z ============================== 7 passed in 0.28s ===============================
2025-07-15T18:30:22.6301574Z ##[group]Run docker/login-action@v3
2025-07-15T18:30:22.6301848Z with:
2025-07-15T18:30:22.6302341Z   username: ***
2025-07-15T18:30:22.6302596Z   password: ***
2025-07-15T18:30:22.6302778Z   ecr: auto
2025-07-15T18:30:22.6302943Z   logout: true
2025-07-15T18:30:22.6303115Z env:
2025-07-15T18:30:22.6303343Z   pythonLocation: /opt/hostedtoolcache/Python/3.10.18/x64
2025-07-15T18:30:22.6303758Z   PKG_CONFIG_PATH: /opt/hostedtoolcache/Python/3.10.18/x64/lib/pkgconfig
2025-07-15T18:30:22.6304146Z   Python_ROOT_DIR: /opt/hostedtoolcache/Python/3.10.18/x64
2025-07-15T18:30:22.6304495Z   Python2_ROOT_DIR: /opt/hostedtoolcache/Python/3.10.18/x64
2025-07-15T18:30:22.6304834Z   Python3_ROOT_DIR: /opt/hostedtoolcache/Python/3.10.18/x64
2025-07-15T18:30:22.6305181Z   LD_LIBRARY_PATH: /opt/hostedtoolcache/Python/3.10.18/x64/lib
2025-07-15T18:30:22.6305472Z ##[endgroup]
2025-07-15T18:30:22.9227706Z Logging into Docker Hub...
2025-07-15T18:30:23.5876865Z Login Succeeded!
2025-07-15T18:30:23.6007805Z ##[group]Run docker build -t ***/flask-ci-cd-demo .
2025-07-15T18:30:23.6008251Z [36;1mdocker build -t ***/flask-ci-cd-demo .[0m
2025-07-15T18:30:23.6036308Z shell: /usr/bin/bash -e {0}
2025-07-15T18:30:23.6036539Z env:
2025-07-15T18:30:23.6036788Z   pythonLocation: /opt/hostedtoolcache/Python/3.10.18/x64
2025-07-15T18:30:23.6037187Z   PKG_CONFIG_PATH: /opt/hostedtoolcache/Python/3.10.18/x64/lib/pkgconfig
2025-07-15T18:30:23.6037575Z   Python_ROOT_DIR: /opt/hostedtoolcache/Python/3.10.18/x64
2025-07-15T18:30:23.6037919Z   Python2_ROOT_DIR: /opt/hostedtoolcache/Python/3.10.18/x64
2025-07-15T18:30:23.6038283Z   Python3_ROOT_DIR: /opt/hostedtoolcache/Python/3.10.18/x64
2025-07-15T18:30:23.6038648Z   LD_LIBRARY_PATH: /opt/hostedtoolcache/Python/3.10.18/x64/lib
2025-07-15T18:30:23.6038942Z ##[endgroup]
2025-07-15T18:30:24.0246136Z #0 building with "default" instance using docker driver
2025-07-15T18:30:24.0246757Z 
2025-07-15T18:30:24.0247027Z #1 [internal] load build definition from Dockerfile
2025-07-15T18:30:24.0247519Z #1 transferring dockerfile: 798B done
2025-07-15T18:30:24.0247900Z #1 DONE 0.0s
2025-07-15T18:30:24.0248072Z 
2025-07-15T18:30:24.0248357Z #2 [internal] load metadata for docker.io/library/python:3.10-slim
2025-07-15T18:30:24.2338326Z #2 ...
2025-07-15T18:30:24.2338545Z 
2025-07-15T18:30:24.2338836Z #3 [auth] library/python:pull token for registry-1.docker.io
2025-07-15T18:30:24.2339388Z #3 DONE 0.0s
2025-07-15T18:30:24.3844169Z 
2025-07-15T18:30:24.3844777Z #2 [internal] load metadata for docker.io/library/python:3.10-slim
2025-07-15T18:30:24.8630940Z #2 DONE 1.0s
2025-07-15T18:30:24.9805872Z 
2025-07-15T18:30:24.9806952Z #4 [internal] load .dockerignore
2025-07-15T18:30:24.9807763Z #4 transferring context: 2B done
2025-07-15T18:30:24.9809084Z #4 DONE 0.0s
2025-07-15T18:30:24.9809286Z 
2025-07-15T18:30:24.9809876Z #5 [1/6] FROM docker.io/library/python:3.10-slim@sha256:9dd6774a1276178f94b0cc1fb1f0edd980825d0ea7634847af9940b1b6273c13
2025-07-15T18:30:24.9811442Z #5 resolve docker.io/library/python:3.10-slim@sha256:9dd6774a1276178f94b0cc1fb1f0edd980825d0ea7634847af9940b1b6273c13 done
2025-07-15T18:30:24.9812991Z #5 sha256:9dd6774a1276178f94b0cc1fb1f0edd980825d0ea7634847af9940b1b6273c13 9.13kB / 9.13kB done
2025-07-15T18:30:24.9814083Z #5 sha256:c5dbd5ba857839a0aa9db765ea519c1514a40da811b4cf08c852b72fab4379d5 1.75kB / 1.75kB done
2025-07-15T18:30:24.9815138Z #5 sha256:563dffbdc42507a70677ee28b4bb678ad9074e3c9f75e3043523a38dcdf4f553 5.37kB / 5.37kB done
2025-07-15T18:30:24.9816162Z #5 sha256:3da95a905ed546f99c4564407923a681757d89651a388ec3f1f5e9bf5ed0b39d 0B / 28.23MB 0.1s
2025-07-15T18:30:24.9817160Z #5 sha256:0ebcc011f0ec7a9a900f7366b104730396a59032e64f04f3867a75f25ed48280 0B / 3.51MB 0.1s
2025-07-15T18:30:24.9818144Z #5 sha256:92d63ec5cbeb1348bad42929919fd8e78f38d96e388b5509d2929d76ddafb48e 0B / 15.65MB 0.1s
2025-07-15T18:30:25.1830806Z #5 sha256:3da95a905ed546f99c4564407923a681757d89651a388ec3f1f5e9bf5ed0b39d 10.49MB / 28.23MB 0.3s
2025-07-15T18:30:25.2855871Z #5 sha256:3da95a905ed546f99c4564407923a681757d89651a388ec3f1f5e9bf5ed0b39d 20.97MB / 28.23MB 0.4s
2025-07-15T18:30:25.2857046Z #5 sha256:0ebcc011f0ec7a9a900f7366b104730396a59032e64f04f3867a75f25ed48280 2.10MB / 3.51MB 0.4s
2025-07-15T18:30:25.2864679Z #5 sha256:92d63ec5cbeb1348bad42929919fd8e78f38d96e388b5509d2929d76ddafb48e 2.10MB / 15.65MB 0.4s
2025-07-15T18:30:25.4043578Z #5 sha256:3da95a905ed546f99c4564407923a681757d89651a388ec3f1f5e9bf5ed0b39d 28.23MB / 28.23MB 0.5s done
2025-07-15T18:30:25.4047340Z #5 sha256:0ebcc011f0ec7a9a900f7366b104730396a59032e64f04f3867a75f25ed48280 3.51MB / 3.51MB 0.4s done
2025-07-15T18:30:25.4052605Z #5 sha256:92d63ec5cbeb1348bad42929919fd8e78f38d96e388b5509d2929d76ddafb48e 8.39MB / 15.65MB 0.5s
2025-07-15T18:30:25.4053743Z #5 sha256:64b78282ca88b226c404cb8dfdee72b75eea52c9ac7380c0439b6e03992e483f 0B / 248B 0.5s
2025-07-15T18:30:25.4054748Z #5 extracting sha256:3da95a905ed546f99c4564407923a681757d89651a388ec3f1f5e9bf5ed0b39d
2025-07-15T18:30:25.5059398Z #5 ...
2025-07-15T18:30:25.5061226Z 
2025-07-15T18:30:25.5061431Z #6 [internal] load build context
2025-07-15T18:30:25.5062058Z #6 transferring context: 64.64MB 0.6s done
2025-07-15T18:30:25.5062521Z #6 DONE 0.6s
2025-07-15T18:30:25.5062691Z 
2025-07-15T18:30:25.5063260Z #5 [1/6] FROM docker.io/library/python:3.10-slim@sha256:9dd6774a1276178f94b0cc1fb1f0edd980825d0ea7634847af9940b1b6273c13
2025-07-15T18:30:25.5064444Z #5 sha256:92d63ec5cbeb1348bad42929919fd8e78f38d96e388b5509d2929d76ddafb48e 11.53MB / 15.65MB 0.6s
2025-07-15T18:30:25.5065482Z #5 sha256:64b78282ca88b226c404cb8dfdee72b75eea52c9ac7380c0439b6e03992e483f 248B / 248B 0.6s done
2025-07-15T18:30:25.6104978Z #5 sha256:92d63ec5cbeb1348bad42929919fd8e78f38d96e388b5509d2929d76ddafb48e 15.65MB / 15.65MB 0.7s done
2025-07-15T18:30:26.4368958Z #5 extracting sha256:3da95a905ed546f99c4564407923a681757d89651a388ec3f1f5e9bf5ed0b39d 1.0s done
2025-07-15T18:30:26.5837141Z #5 extracting sha256:0ebcc011f0ec7a9a900f7366b104730396a59032e64f04f3867a75f25ed48280 0.1s
2025-07-15T18:30:26.7391473Z #5 extracting sha256:0ebcc011f0ec7a9a900f7366b104730396a59032e64f04f3867a75f25ed48280 0.1s done
2025-07-15T18:30:27.0633354Z #5 extracting sha256:92d63ec5cbeb1348bad42929919fd8e78f38d96e388b5509d2929d76ddafb48e
2025-07-15T18:30:27.7653317Z #5 extracting sha256:92d63ec5cbeb1348bad42929919fd8e78f38d96e388b5509d2929d76ddafb48e 0.6s done
2025-07-15T18:30:27.7654448Z #5 extracting sha256:64b78282ca88b226c404cb8dfdee72b75eea52c9ac7380c0439b6e03992e483f
2025-07-15T18:30:27.9484874Z #5 extracting sha256:64b78282ca88b226c404cb8dfdee72b75eea52c9ac7380c0439b6e03992e483f done
2025-07-15T18:30:27.9485483Z #5 DONE 2.9s
2025-07-15T18:30:27.9485610Z 
2025-07-15T18:30:27.9486091Z #7 [2/6] RUN apt-get update &&     apt-get install -y --no-install-recommends     build-essential     curl     nano     git     && rm -rf /var/lib/apt/lists/*
2025-07-15T18:30:28.0330856Z #7 0.235 Get:1 http://deb.debian.org/debian bookworm InRelease [151 kB]
2025-07-15T18:30:28.1934855Z #7 0.261 Get:2 http://deb.debian.org/debian bookworm-updates InRelease [55.4 kB]
2025-07-15T18:30:28.1935763Z #7 0.270 Get:3 http://deb.debian.org/debian-security bookworm-security InRelease [48.0 kB]
2025-07-15T18:30:28.1936862Z #7 0.322 Get:4 http://deb.debian.org/debian bookworm/main amd64 Packages [8793 kB]
2025-07-15T18:30:28.1937394Z #7 0.396 Get:5 http://deb.debian.org/debian bookworm-updates/main amd64 Packages [756 B]
2025-07-15T18:30:28.3640827Z #7 0.416 Get:6 http://deb.debian.org/debian-security bookworm-security/main amd64 Packages [272 kB]
2025-07-15T18:30:28.9467470Z #7 1.149 Fetched 9320 kB in 1s (9282 kB/s)
2025-07-15T18:30:29.3457827Z #7 1.149 Reading package lists...
2025-07-15T18:30:29.7619154Z #7 1.565 Reading package lists...
2025-07-15T18:30:29.8761315Z #7 1.974 Building dependency tree...
2025-07-15T18:30:29.9781314Z #7 2.078 Reading state information...
2025-07-15T18:30:29.9782192Z #7 2.180 The following additional packages will be installed:
2025-07-15T18:30:29.9783213Z #7 2.180   binutils binutils-common binutils-x86-64-linux-gnu bzip2 cpp cpp-12 dpkg-dev
2025-07-15T18:30:30.1298800Z #7 2.180   g++ g++-12 gcc gcc-12 git-man libasan8 libatomic1 libbinutils libbrotli1
2025-07-15T18:30:30.1299655Z #7 2.180   libc-dev-bin libc6-dev libcc1-0 libcrypt-dev libctf-nobfd0 libctf0
2025-07-15T18:30:30.1300689Z #7 2.180   libcurl3-gnutls libcurl4 libdpkg-perl liberror-perl libexpat1 libgcc-12-dev
2025-07-15T18:30:30.1301672Z #7 2.181   libgdbm-compat4 libgomp1 libgprofng0 libisl23 libitm1 libjansson4
2025-07-15T18:30:30.1302498Z #7 2.181   libldap-2.5-0 liblsan0 libmpc3 libmpfr6 libnghttp2-14 libnsl-dev libperl5.36
2025-07-15T18:30:30.1303107Z #7 2.181   libpsl5 libquadmath0 librtmp1 libsasl2-2 libsasl2-modules-db libssh2-1
2025-07-15T18:30:30.1303684Z #7 2.181   libstdc++-12-dev libtirpc-dev libtsan2 libubsan1 linux-libc-dev make patch
2025-07-15T18:30:30.1304190Z #7 2.181   perl perl-modules-5.36 rpcsvc-proto xz-utils
2025-07-15T18:30:30.1304522Z #7 2.182 Suggested packages:
2025-07-15T18:30:30.1305295Z #7 2.182   binutils-doc bzip2-doc cpp-doc gcc-12-locales cpp-12-doc debian-keyring
2025-07-15T18:30:30.1305862Z #7 2.182   g++-multilib g++-12-multilib gcc-12-doc gcc-multilib manpages-dev autoconf
2025-07-15T18:30:30.1306413Z #7 2.182   automake libtool flex bison gdb gcc-doc gcc-12-multilib gettext-base
2025-07-15T18:30:30.1306951Z #7 2.182   git-daemon-run | git-daemon-sysvinit git-doc git-email git-gui gitk gitweb
2025-07-15T18:30:30.1307519Z #7 2.182   git-cvs git-mediawiki git-svn glibc-doc gnupg | sq | sqop | pgpainless-cli
2025-07-15T18:30:30.1308038Z #7 2.182   sensible-utils bzr libstdc++-12-doc make-doc hunspell ed diffutils-doc
2025-07-15T18:30:30.1308504Z #7 2.182   perl-doc libterm-readline-gnu-perl | libterm-readline-perl-perl
2025-07-15T18:30:30.1308877Z #7 2.182   libtap-harness-archive-perl
2025-07-15T18:30:30.1309136Z #7 2.182 Recommended packages:
2025-07-15T18:30:30.1309461Z #7 2.182   fakeroot gnupg | sq | sqop | pgpainless-cli libalgorithm-merge-perl less
2025-07-15T18:30:30.1309929Z #7 2.182   ssh-client manpages manpages-dev libc-devtools libfile-fcntllock-perl
2025-07-15T18:30:30.1310401Z #7 2.182   liblocale-gettext-perl libldap-common publicsuffix libsasl2-modules
2025-07-15T18:30:30.2275909Z #7 2.430 The following NEW packages will be installed:
2025-07-15T18:30:30.2278301Z #7 2.430   binutils binutils-common binutils-x86-64-linux-gnu build-essential bzip2 cpp
2025-07-15T18:30:30.3427899Z #7 2.430   cpp-12 curl dpkg-dev g++ g++-12 gcc gcc-12 git git-man libasan8 libatomic1
2025-07-15T18:30:30.3428891Z #7 2.430   libbinutils libbrotli1 libc-dev-bin libc6-dev libcc1-0 libcrypt-dev
2025-07-15T18:30:30.3431529Z #7 2.430   libctf-nobfd0 libctf0 libcurl3-gnutls libcurl4 libdpkg-perl liberror-perl
2025-07-15T18:30:30.3435081Z #7 2.430   libexpat1 libgcc-12-dev libgdbm-compat4 libgomp1 libgprofng0 libisl23
2025-07-15T18:30:30.3435939Z #7 2.430   libitm1 libjansson4 libldap-2.5-0 liblsan0 libmpc3 libmpfr6 libnghttp2-14
2025-07-15T18:30:30.3436723Z #7 2.430   libnsl-dev libperl5.36 libpsl5 libquadmath0 librtmp1 libsasl2-2
2025-07-15T18:30:30.3437218Z #7 2.430   libsasl2-modules-db libssh2-1 libstdc++-12-dev libtirpc-dev libtsan2
2025-07-15T18:30:30.3437738Z #7 2.431   libubsan1 linux-libc-dev make nano patch perl perl-modules-5.36 rpcsvc-proto
2025-07-15T18:30:30.3438380Z #7 2.431   xz-utils
2025-07-15T18:30:30.3438662Z #7 2.487 0 upgraded, 62 newly installed, 0 to remove and 0 not upgraded.
2025-07-15T18:30:30.3438997Z #7 2.487 Need to get 85.7 MB of archives.
2025-07-15T18:30:30.3440983Z #7 2.487 After this operation, 370 MB of additional disk space will be used.
2025-07-15T18:30:30.3441580Z #7 2.487 Get:1 http://deb.debian.org/debian bookworm/main amd64 perl-modules-5.36 all 5.36.0-7+deb12u2 [2815 kB]
2025-07-15T18:30:30.3442199Z #7 2.545 Get:2 http://deb.debian.org/debian bookworm/main amd64 libgdbm-compat4 amd64 1.23-3 [48.2 kB]
2025-07-15T18:30:30.4486095Z #7 2.546 Get:3 http://deb.debian.org/debian bookworm/main amd64 libperl5.36 amd64 5.36.0-7+deb12u2 [4207 kB]
2025-07-15T18:30:30.4489465Z #7 2.560 Get:4 http://deb.debian.org/debian bookworm/main amd64 perl amd64 5.36.0-7+deb12u2 [239 kB]
2025-07-15T18:30:30.4490726Z #7 2.562 Get:5 http://deb.debian.org/debian bookworm/main amd64 nano amd64 7.2-1+deb12u1 [690 kB]
2025-07-15T18:30:30.4493188Z #7 2.564 Get:6 http://deb.debian.org/debian bookworm/main amd64 bzip2 amd64 1.0.8-5+b1 [49.8 kB]
2025-07-15T18:30:30.4494359Z #7 2.565 Get:7 http://deb.debian.org/debian bookworm/main amd64 xz-utils amd64 5.4.1-1 [471 kB]
2025-07-15T18:30:30.4495339Z #7 2.567 Get:8 http://deb.debian.org/debian bookworm/main amd64 binutils-common amd64 2.40-2 [2487 kB]
2025-07-15T18:30:30.4497996Z #7 2.576 Get:9 http://deb.debian.org/debian bookworm/main amd64 libbinutils amd64 2.40-2 [572 kB]
2025-07-15T18:30:30.4498947Z #7 2.578 Get:10 http://deb.debian.org/debian bookworm/main amd64 libctf-nobfd0 amd64 2.40-2 [153 kB]
2025-07-15T18:30:30.4499839Z #7 2.579 Get:11 http://deb.debian.org/debian bookworm/main amd64 libctf0 amd64 2.40-2 [89.8 kB]
2025-07-15T18:30:30.4501155Z #7 2.579 Get:12 http://deb.debian.org/debian bookworm/main amd64 libgprofng0 amd64 2.40-2 [812 kB]
2025-07-15T18:30:30.4503695Z #7 2.583 Get:13 http://deb.debian.org/debian bookworm/main amd64 libjansson4 amd64 2.14-2 [40.8 kB]
2025-07-15T18:30:30.4504726Z #7 2.583 Get:14 http://deb.debian.org/debian bookworm/main amd64 binutils-x86-64-linux-gnu amd64 2.40-2 [2246 kB]
2025-07-15T18:30:30.4505695Z #7 2.591 Get:15 http://deb.debian.org/debian bookworm/main amd64 binutils amd64 2.40-2 [65.0 kB]
2025-07-15T18:30:30.4506491Z #7 2.592 Get:16 http://deb.debian.org/debian bookworm/main amd64 libc-dev-bin amd64 2.36-9+deb12u10 [47.1 kB]
2025-07-15T18:30:30.4508685Z #7 2.592 Get:17 http://deb.debian.org/debian-security bookworm-security/main amd64 linux-libc-dev amd64 6.1.140-1 [2145 kB]
2025-07-15T18:30:30.4509433Z #7 2.600 Get:18 http://deb.debian.org/debian bookworm/main amd64 libcrypt-dev amd64 1:4.4.33-2 [118 kB]
2025-07-15T18:30:30.4510007Z #7 2.601 Get:19 http://deb.debian.org/debian bookworm/main amd64 libtirpc-dev amd64 1.3.3+ds-1 [191 kB]
2025-07-15T18:30:30.4510805Z #7 2.602 Get:20 http://deb.debian.org/debian bookworm/main amd64 libnsl-dev amd64 1.3.0-2 [66.4 kB]
2025-07-15T18:30:30.4511455Z #7 2.602 Get:21 http://deb.debian.org/debian bookworm/main amd64 rpcsvc-proto amd64 1.4.3-1 [63.3 kB]
2025-07-15T18:30:30.4512030Z #7 2.604 Get:22 http://deb.debian.org/debian bookworm/main amd64 libc6-dev amd64 2.36-9+deb12u10 [1903 kB]
2025-07-15T18:30:30.4513901Z #7 2.611 Get:23 http://deb.debian.org/debian bookworm/main amd64 libisl23 amd64 0.25-1.1 [683 kB]
2025-07-15T18:30:30.4514512Z #7 2.614 Get:24 http://deb.debian.org/debian bookworm/main amd64 libmpfr6 amd64 4.2.0-1 [701 kB]
2025-07-15T18:30:30.4515080Z #7 2.617 Get:25 http://deb.debian.org/debian bookworm/main amd64 libmpc3 amd64 1.3.1-1 [51.5 kB]
2025-07-15T18:30:30.4515607Z #7 2.617 Get:26 http://deb.debian.org/debian bookworm/main amd64 cpp-12 amd64 12.2.0-14+deb12u1 [9768 kB]
2025-07-15T18:30:30.4516129Z #7 2.651 Get:27 http://deb.debian.org/debian bookworm/main amd64 cpp amd64 4:12.2.0-3 [6836 B]
2025-07-15T18:30:30.5526961Z #7 2.651 Get:28 http://deb.debian.org/debian bookworm/main amd64 libcc1-0 amd64 12.2.0-14+deb12u1 [41.7 kB]
2025-07-15T18:30:30.5528462Z #7 2.651 Get:29 http://deb.debian.org/debian bookworm/main amd64 libgomp1 amd64 12.2.0-14+deb12u1 [116 kB]
2025-07-15T18:30:30.5529460Z #7 2.652 Get:30 http://deb.debian.org/debian bookworm/main amd64 libitm1 amd64 12.2.0-14+deb12u1 [26.1 kB]
2025-07-15T18:30:30.5530465Z #7 2.652 Get:31 http://deb.debian.org/debian bookworm/main amd64 libatomic1 amd64 12.2.0-14+deb12u1 [9376 B]
2025-07-15T18:30:30.5531748Z #7 2.653 Get:32 http://deb.debian.org/debian bookworm/main amd64 libasan8 amd64 12.2.0-14+deb12u1 [2193 kB]
2025-07-15T18:30:30.5532874Z #7 2.661 Get:33 http://deb.debian.org/debian bookworm/main amd64 liblsan0 amd64 12.2.0-14+deb12u1 [969 kB]
2025-07-15T18:30:30.5533818Z #7 2.665 Get:34 http://deb.debian.org/debian bookworm/main amd64 libtsan2 amd64 12.2.0-14+deb12u1 [2197 kB]
2025-07-15T18:30:30.5534817Z #7 2.673 Get:35 http://deb.debian.org/debian bookworm/main amd64 libubsan1 amd64 12.2.0-14+deb12u1 [883 kB]
2025-07-15T18:30:30.5535784Z #7 2.676 Get:36 http://deb.debian.org/debian bookworm/main amd64 libquadmath0 amd64 12.2.0-14+deb12u1 [145 kB]
2025-07-15T18:30:30.5536923Z #7 2.677 Get:37 http://deb.debian.org/debian bookworm/main amd64 libgcc-12-dev amd64 12.2.0-14+deb12u1 [2437 kB]
2025-07-15T18:30:30.5537937Z #7 2.686 Get:38 http://deb.debian.org/debian bookworm/main amd64 gcc-12 amd64 12.2.0-14+deb12u1 [19.3 MB]
2025-07-15T18:30:30.5538843Z #7 2.755 Get:39 http://deb.debian.org/debian bookworm/main amd64 gcc amd64 4:12.2.0-3 [5216 B]
2025-07-15T18:30:30.7653585Z #7 2.755 Get:40 http://deb.debian.org/debian bookworm/main amd64 libstdc++-12-dev amd64 12.2.0-14+deb12u1 [2047 kB]
2025-07-15T18:30:30.7654454Z #7 2.763 Get:41 http://deb.debian.org/debian bookworm/main amd64 g++-12 amd64 12.2.0-14+deb12u1 [10.7 MB]
2025-07-15T18:30:30.7655190Z #7 2.799 Get:42 http://deb.debian.org/debian bookworm/main amd64 g++ amd64 4:12.2.0-3 [1356 B]
2025-07-15T18:30:30.7656374Z #7 2.799 Get:43 http://deb.debian.org/debian bookworm/main amd64 make amd64 4.3-4.1 [396 kB]
2025-07-15T18:30:30.7657289Z #7 2.801 Get:44 http://deb.debian.org/debian bookworm/main amd64 libdpkg-perl all 1.21.22 [603 kB]
2025-07-15T18:30:30.7658262Z #7 2.804 Get:45 http://deb.debian.org/debian bookworm/main amd64 patch amd64 2.7.6-7 [128 kB]
2025-07-15T18:30:30.7659257Z #7 2.804 Get:46 http://deb.debian.org/debian bookworm/main amd64 dpkg-dev all 1.21.22 [1353 kB]
2025-07-15T18:30:30.7660242Z #7 2.809 Get:47 http://deb.debian.org/debian bookworm/main amd64 build-essential amd64 12.9 [7704 B]
2025-07-15T18:30:30.7661510Z #7 2.810 Get:48 http://deb.debian.org/debian bookworm/main amd64 libbrotli1 amd64 1.0.9-2+b6 [275 kB]
2025-07-15T18:30:30.7662456Z #7 2.811 Get:49 http://deb.debian.org/debian bookworm/main amd64 libsasl2-modules-db amd64 2.1.28+dfsg-10 [20.3 kB]
2025-07-15T18:30:30.7663197Z #7 2.811 Get:50 http://deb.debian.org/debian bookworm/main amd64 libsasl2-2 amd64 2.1.28+dfsg-10 [59.7 kB]
2025-07-15T18:30:30.7663904Z #7 2.812 Get:51 http://deb.debian.org/debian bookworm/main amd64 libldap-2.5-0 amd64 2.5.13+dfsg-5 [183 kB]
2025-07-15T18:30:30.7664635Z #7 2.812 Get:52 http://deb.debian.org/debian bookworm/main amd64 libnghttp2-14 amd64 1.52.0-1+deb12u2 [73.0 kB]
2025-07-15T18:30:30.7665309Z #7 2.820 Get:53 http://deb.debian.org/debian bookworm/main amd64 libpsl5 amd64 0.21.2-1 [58.7 kB]
2025-07-15T18:30:30.7666098Z #7 2.821 Get:54 http://deb.debian.org/debian bookworm/main amd64 librtmp1 amd64 2.4+20151223.gitfa8646d.1-2+b2 [60.8 kB]
2025-07-15T18:30:30.7667204Z #7 2.822 Get:55 http://deb.debian.org/debian bookworm/main amd64 libssh2-1 amd64 1.10.0-3+b1 [179 kB]
2025-07-15T18:30:30.7668129Z #7 2.828 Get:56 http://deb.debian.org/debian bookworm/main amd64 libcurl4 amd64 7.88.1-10+deb12u12 [391 kB]
2025-07-15T18:30:30.7668805Z #7 2.830 Get:57 http://deb.debian.org/debian bookworm/main amd64 curl amd64 7.88.1-10+deb12u12 [315 kB]
2025-07-15T18:30:30.7669514Z #7 2.832 Get:58 http://deb.debian.org/debian bookworm/main amd64 libcurl3-gnutls amd64 7.88.1-10+deb12u12 [386 kB]
2025-07-15T18:30:30.7670116Z #7 2.833 Get:59 http://deb.debian.org/debian bookworm/main amd64 libexpat1 amd64 2.5.0-1+deb12u1 [98.9 kB]
2025-07-15T18:30:30.7671112Z #7 2.834 Get:60 http://deb.debian.org/debian bookworm/main amd64 liberror-perl all 0.17029-2 [29.0 kB]
2025-07-15T18:30:30.7671658Z #7 2.834 Get:61 http://deb.debian.org/debian bookworm/main amd64 git-man all 1:2.39.5-0+deb12u2 [2053 kB]
2025-07-15T18:30:30.7672255Z #7 2.841 Get:62 http://deb.debian.org/debian bookworm/main amd64 git amd64 1:2.39.5-0+deb12u2 [7260 kB]
2025-07-15T18:30:30.7672785Z #7 2.968 debconf: delaying package configuration, since apt-utils is not installed
2025-07-15T18:30:30.9600407Z #7 2.990 Fetched 85.7 MB in 0s (200 MB/s)
2025-07-15T18:30:30.9601261Z #7 3.004 Selecting previously unselected package perl-modules-5.36.
2025-07-15T18:30:30.9601849Z #7 3.004 (Reading database ... 
2025-07-15T18:30:30.9602253Z (Reading database ... 5%
2025-07-15T18:30:30.9602668Z (Reading database ... 10%
2025-07-15T18:30:30.9603035Z (Reading database ... 15%
2025-07-15T18:30:30.9603373Z (Reading database ... 20%
2025-07-15T18:30:30.9603745Z (Reading database ... 25%
2025-07-15T18:30:30.9604098Z (Reading database ... 30%
2025-07-15T18:30:30.9604435Z (Reading database ... 35%
2025-07-15T18:30:30.9604777Z (Reading database ... 40%
2025-07-15T18:30:30.9605138Z (Reading database ... 45%
2025-07-15T18:30:30.9605478Z (Reading database ... 50%
2025-07-15T18:30:30.9605829Z (Reading database ... 55%
2025-07-15T18:30:30.9606178Z (Reading database ... 60%
2025-07-15T18:30:30.9606498Z (Reading database ... 65%
2025-07-15T18:30:30.9606850Z (Reading database ... 70%
2025-07-15T18:30:30.9607187Z (Reading database ... 75%
2025-07-15T18:30:30.9607506Z (Reading database ... 80%
2025-07-15T18:30:30.9607850Z (Reading database ... 85%
2025-07-15T18:30:30.9608182Z (Reading database ... 90%
2025-07-15T18:30:30.9608510Z (Reading database ... 95%
2025-07-15T18:30:30.9608860Z (Reading database ... 100%
2025-07-15T18:30:30.9609619Z (Reading database ... 6688 files and directories currently installed.)
2025-07-15T18:30:30.9610382Z #7 3.011 Preparing to unpack .../00-perl-modules-5.36_5.36.0-7+deb12u2_all.deb ...
2025-07-15T18:30:30.9611221Z #7 3.012 Unpacking perl-modules-5.36 (5.36.0-7+deb12u2) ...
2025-07-15T18:30:31.0961393Z #7 3.298 Selecting previously unselected package libgdbm-compat4:amd64.
2025-07-15T18:30:31.2729103Z #7 3.300 Preparing to unpack .../01-libgdbm-compat4_1.23-3_amd64.deb ...
2025-07-15T18:30:31.2729815Z #7 3.303 Unpacking libgdbm-compat4:amd64 (1.23-3) ...
2025-07-15T18:30:31.2730459Z #7 3.322 Selecting previously unselected package libperl5.36:amd64.
2025-07-15T18:30:31.2731355Z #7 3.324 Preparing to unpack .../02-libperl5.36_5.36.0-7+deb12u2_amd64.deb ...
2025-07-15T18:30:31.2732024Z #7 3.325 Unpacking libperl5.36:amd64 (5.36.0-7+deb12u2) ...
2025-07-15T18:30:31.4204072Z #7 3.623 Selecting previously unselected package perl.
2025-07-15T18:30:31.5206054Z #7 3.624 Preparing to unpack .../03-perl_5.36.0-7+deb12u2_amd64.deb ...
2025-07-15T18:30:31.5206786Z #7 3.630 Unpacking perl (5.36.0-7+deb12u2) ...
2025-07-15T18:30:31.5207379Z #7 3.659 Selecting previously unselected package nano.
2025-07-15T18:30:31.5208070Z #7 3.661 Preparing to unpack .../04-nano_7.2-1+deb12u1_amd64.deb ...
2025-07-15T18:30:31.5208637Z #7 3.662 Unpacking nano (7.2-1+deb12u1) ...
2025-07-15T18:30:31.5209148Z #7 3.721 Selecting previously unselected package bzip2.
2025-07-15T18:30:31.5209861Z #7 3.722 Preparing to unpack .../05-bzip2_1.0.8-5+b1_amd64.deb ...
2025-07-15T18:30:31.5210418Z #7 3.723 Unpacking bzip2 (1.0.8-5+b1) ...
2025-07-15T18:30:31.7418669Z #7 3.742 Selecting previously unselected package xz-utils.
2025-07-15T18:30:31.7419404Z #7 3.744 Preparing to unpack .../06-xz-utils_5.4.1-1_amd64.deb ...
2025-07-15T18:30:31.7419885Z #7 3.745 Unpacking xz-utils (5.4.1-1) ...
2025-07-15T18:30:31.7420468Z #7 3.791 Selecting previously unselected package binutils-common:amd64.
2025-07-15T18:30:31.7421420Z #7 3.793 Preparing to unpack .../07-binutils-common_2.40-2_amd64.deb ...
2025-07-15T18:30:31.7422009Z #7 3.794 Unpacking binutils-common:amd64 (2.40-2) ...
2025-07-15T18:30:31.7568297Z #7 3.959 Selecting previously unselected package libbinutils:amd64.
2025-07-15T18:30:31.8635755Z #7 3.961 Preparing to unpack .../08-libbinutils_2.40-2_amd64.deb ...
2025-07-15T18:30:31.8636188Z #7 3.962 Unpacking libbinutils:amd64 (2.40-2) ...
2025-07-15T18:30:31.8636566Z #7 4.011 Selecting previously unselected package libctf-nobfd0:amd64.
2025-07-15T18:30:31.8637015Z #7 4.013 Preparing to unpack .../09-libctf-nobfd0_2.40-2_amd64.deb ...
2025-07-15T18:30:31.8637384Z #7 4.014 Unpacking libctf-nobfd0:amd64 (2.40-2) ...
2025-07-15T18:30:31.8637743Z #7 4.038 Selecting previously unselected package libctf0:amd64.
2025-07-15T18:30:31.8638119Z #7 4.040 Preparing to unpack .../10-libctf0_2.40-2_amd64.deb ...
2025-07-15T18:30:31.8638449Z #7 4.045 Unpacking libctf0:amd64 (2.40-2) ...
2025-07-15T18:30:31.8638833Z #7 4.066 Selecting previously unselected package libgprofng0:amd64.
2025-07-15T18:30:32.1060910Z #7 4.067 Preparing to unpack .../11-libgprofng0_2.40-2_amd64.deb ...
2025-07-15T18:30:32.1061443Z #7 4.068 Unpacking libgprofng0:amd64 (2.40-2) ...
2025-07-15T18:30:32.1061926Z #7 4.136 Selecting previously unselected package libjansson4:amd64.
2025-07-15T18:30:32.1062457Z #7 4.138 Preparing to unpack .../12-libjansson4_2.14-2_amd64.deb ...
2025-07-15T18:30:32.1062886Z #7 4.139 Unpacking libjansson4:amd64 (2.14-2) ...
2025-07-15T18:30:32.1063356Z #7 4.155 Selecting previously unselected package binutils-x86-64-linux-gnu.
2025-07-15T18:30:32.1063938Z #7 4.157 Preparing to unpack .../13-binutils-x86-64-linux-gnu_2.40-2_amd64.deb ...
2025-07-15T18:30:32.1064445Z #7 4.158 Unpacking binutils-x86-64-linux-gnu (2.40-2) ...
2025-07-15T18:30:32.1287593Z #7 4.331 Selecting previously unselected package binutils.
2025-07-15T18:30:32.3275807Z #7 4.333 Preparing to unpack .../14-binutils_2.40-2_amd64.deb ...
2025-07-15T18:30:32.3276858Z #7 4.334 Unpacking binutils (2.40-2) ...
2025-07-15T18:30:32.3277453Z #7 4.355 Selecting previously unselected package libc-dev-bin.
2025-07-15T18:30:32.3278174Z #7 4.357 Preparing to unpack .../15-libc-dev-bin_2.36-9+deb12u10_amd64.deb ...
2025-07-15T18:30:32.3278924Z #7 4.358 Unpacking libc-dev-bin (2.36-9+deb12u10) ...
2025-07-15T18:30:32.3279567Z #7 4.377 Selecting previously unselected package linux-libc-dev:amd64.
2025-07-15T18:30:32.3280310Z #7 4.378 Preparing to unpack .../16-linux-libc-dev_6.1.140-1_amd64.deb ...
2025-07-15T18:30:32.3281167Z #7 4.379 Unpacking linux-libc-dev:amd64 (6.1.140-1) ...
2025-07-15T18:30:32.3727716Z #7 4.575 Selecting previously unselected package libcrypt-dev:amd64.
2025-07-15T18:30:32.4739781Z #7 4.577 Preparing to unpack .../17-libcrypt-dev_1%3a4.4.33-2_amd64.deb ...
2025-07-15T18:30:32.4740324Z #7 4.582 Unpacking libcrypt-dev:amd64 (1:4.4.33-2) ...
2025-07-15T18:30:32.4741009Z #7 4.613 Selecting previously unselected package libtirpc-dev:amd64.
2025-07-15T18:30:32.4741479Z #7 4.615 Preparing to unpack .../18-libtirpc-dev_1.3.3+ds-1_amd64.deb ...
2025-07-15T18:30:32.4741866Z #7 4.616 Unpacking libtirpc-dev:amd64 (1.3.3+ds-1) ...
2025-07-15T18:30:32.4742238Z #7 4.653 Selecting previously unselected package libnsl-dev:amd64.
2025-07-15T18:30:32.4742633Z #7 4.655 Preparing to unpack .../19-libnsl-dev_1.3.0-2_amd64.deb ...
2025-07-15T18:30:32.4742976Z #7 4.656 Unpacking libnsl-dev:amd64 (1.3.0-2) ...
2025-07-15T18:30:32.4743309Z #7 4.676 Selecting previously unselected package rpcsvc-proto.
2025-07-15T18:30:32.6524294Z #7 4.678 Preparing to unpack .../20-rpcsvc-proto_1.4.3-1_amd64.deb ...
2025-07-15T18:30:32.6525004Z #7 4.679 Unpacking rpcsvc-proto (1.4.3-1) ...
2025-07-15T18:30:32.6525433Z #7 4.702 Selecting previously unselected package libc6-dev:amd64.
2025-07-15T18:30:32.6525963Z #7 4.703 Preparing to unpack .../21-libc6-dev_2.36-9+deb12u10_amd64.deb ...
2025-07-15T18:30:32.6526436Z #7 4.704 Unpacking libc6-dev:amd64 (2.36-9+deb12u10) ...
2025-07-15T18:30:32.6586500Z #7 4.861 Selecting previously unselected package libisl23:amd64.
2025-07-15T18:30:32.7636004Z #7 4.863 Preparing to unpack .../22-libisl23_0.25-1.1_amd64.deb ...
2025-07-15T18:30:32.7636789Z #7 4.864 Unpacking libisl23:amd64 (0.25-1.1) ...
2025-07-15T18:30:32.7637173Z #7 4.924 Selecting previously unselected package libmpfr6:amd64.
2025-07-15T18:30:32.7637596Z #7 4.925 Preparing to unpack .../23-libmpfr6_4.2.0-1_amd64.deb ...
2025-07-15T18:30:32.7637961Z #7 4.926 Unpacking libmpfr6:amd64 (4.2.0-1) ...
2025-07-15T18:30:32.7638323Z #7 4.966 Selecting previously unselected package libmpc3:amd64.
2025-07-15T18:30:32.9382673Z #7 4.967 Preparing to unpack .../24-libmpc3_1.3.1-1_amd64.deb ...
2025-07-15T18:30:32.9383354Z #7 4.969 Unpacking libmpc3:amd64 (1.3.1-1) ...
2025-07-15T18:30:32.9383822Z #7 4.987 Selecting previously unselected package cpp-12.
2025-07-15T18:30:32.9384363Z #7 4.989 Preparing to unpack .../25-cpp-12_12.2.0-14+deb12u1_amd64.deb ...
2025-07-15T18:30:32.9384868Z #7 4.990 Unpacking cpp-12 (12.2.0-14+deb12u1) ...
2025-07-15T18:30:33.2807810Z #7 5.483 Selecting previously unselected package cpp.
2025-07-15T18:30:33.3879531Z #7 5.485 Preparing to unpack .../26-cpp_4%3a12.2.0-3_amd64.deb ...
2025-07-15T18:30:33.3880192Z #7 5.486 Unpacking cpp (4:12.2.0-3) ...
2025-07-15T18:30:33.3880904Z #7 5.504 Selecting previously unselected package libcc1-0:amd64.
2025-07-15T18:30:33.3881572Z #7 5.506 Preparing to unpack .../27-libcc1-0_12.2.0-14+deb12u1_amd64.deb ...
2025-07-15T18:30:33.3882190Z #7 5.507 Unpacking libcc1-0:amd64 (12.2.0-14+deb12u1) ...
2025-07-15T18:30:33.3882602Z #7 5.526 Selecting previously unselected package libgomp1:amd64.
2025-07-15T18:30:33.3883018Z #7 5.527 Preparing to unpack .../28-libgomp1_12.2.0-14+deb12u1_amd64.deb ...
2025-07-15T18:30:33.3883399Z #7 5.528 Unpacking libgomp1:amd64 (12.2.0-14+deb12u1) ...
2025-07-15T18:30:33.3883757Z #7 5.552 Selecting previously unselected package libitm1:amd64.
2025-07-15T18:30:33.3884167Z #7 5.553 Preparing to unpack .../29-libitm1_12.2.0-14+deb12u1_amd64.deb ...
2025-07-15T18:30:33.3884784Z #7 5.554 Unpacking libitm1:amd64 (12.2.0-14+deb12u1) ...
2025-07-15T18:30:33.3885158Z #7 5.572 Selecting previously unselected package libatomic1:amd64.
2025-07-15T18:30:33.3885580Z #7 5.573 Preparing to unpack .../30-libatomic1_12.2.0-14+deb12u1_amd64.deb ...
2025-07-15T18:30:33.3885987Z #7 5.575 Unpacking libatomic1:amd64 (12.2.0-14+deb12u1) ...
2025-07-15T18:30:33.3886359Z #7 5.590 Selecting previously unselected package libasan8:amd64.
2025-07-15T18:30:33.5409530Z #7 5.592 Preparing to unpack .../31-libasan8_12.2.0-14+deb12u1_amd64.deb ...
2025-07-15T18:30:33.5410136Z #7 5.593 Unpacking libasan8:amd64 (12.2.0-14+deb12u1) ...
2025-07-15T18:30:33.5439218Z #7 5.746 Selecting previously unselected package liblsan0:amd64.
2025-07-15T18:30:33.7756318Z #7 5.748 Preparing to unpack .../32-liblsan0_12.2.0-14+deb12u1_amd64.deb ...
2025-07-15T18:30:33.7756927Z #7 5.749 Unpacking liblsan0:amd64 (12.2.0-14+deb12u1) ...
2025-07-15T18:30:33.7757446Z #7 5.825 Selecting previously unselected package libtsan2:amd64.
2025-07-15T18:30:33.7758384Z #7 5.827 Preparing to unpack .../33-libtsan2_12.2.0-14+deb12u1_amd64.deb ...
2025-07-15T18:30:33.7758865Z #7 5.828 Unpacking libtsan2:amd64 (12.2.0-14+deb12u1) ...
2025-07-15T18:30:33.7759367Z #7 5.978 Selecting previously unselected package libubsan1:amd64.
2025-07-15T18:30:33.8776724Z #7 5.980 Preparing to unpack .../34-libubsan1_12.2.0-14+deb12u1_amd64.deb ...
2025-07-15T18:30:33.8777424Z #7 5.981 Unpacking libubsan1:amd64 (12.2.0-14+deb12u1) ...
2025-07-15T18:30:33.8778063Z #7 6.050 Selecting previously unselected package libquadmath0:amd64.
2025-07-15T18:30:33.8778792Z #7 6.052 Preparing to unpack .../35-libquadmath0_12.2.0-14+deb12u1_amd64.deb ...
2025-07-15T18:30:33.8779446Z #7 6.057 Unpacking libquadmath0:amd64 (12.2.0-14+deb12u1) ...
2025-07-15T18:30:33.8779876Z #7 6.080 Selecting previously unselected package libgcc-12-dev:amd64.
2025-07-15T18:30:34.0261517Z #7 6.082 Preparing to unpack .../36-libgcc-12-dev_12.2.0-14+deb12u1_amd64.deb ...
2025-07-15T18:30:34.0262285Z #7 6.083 Unpacking libgcc-12-dev:amd64 (12.2.0-14+deb12u1) ...
2025-07-15T18:30:34.0262847Z #7 6.228 Selecting previously unselected package gcc-12.
2025-07-15T18:30:34.1793424Z #7 6.230 Preparing to unpack .../37-gcc-12_12.2.0-14+deb12u1_amd64.deb ...
2025-07-15T18:30:34.1794393Z #7 6.231 Unpacking gcc-12 (12.2.0-14+deb12u1) ...
2025-07-15T18:30:34.6838264Z #7 6.886 Selecting previously unselected package gcc.
2025-07-15T18:30:34.8585045Z #7 6.888 Preparing to unpack .../38-gcc_4%3a12.2.0-3_amd64.deb ...
2025-07-15T18:30:34.8585583Z #7 6.889 Unpacking gcc (4:12.2.0-3) ...
2025-07-15T18:30:34.8586099Z #7 6.908 Selecting previously unselected package libstdc++-12-dev:amd64.
2025-07-15T18:30:34.8586827Z #7 6.909 Preparing to unpack .../39-libstdc++-12-dev_12.2.0-14+deb12u1_amd64.deb ...
2025-07-15T18:30:34.8587532Z #7 6.910 Unpacking libstdc++-12-dev:amd64 (12.2.0-14+deb12u1) ...
2025-07-15T18:30:34.9061635Z #7 7.108 Selecting previously unselected package g++-12.
2025-07-15T18:30:35.0592745Z #7 7.110 Preparing to unpack .../40-g++-12_12.2.0-14+deb12u1_amd64.deb ...
2025-07-15T18:30:35.0594346Z #7 7.111 Unpacking g++-12 (12.2.0-14+deb12u1) ...
2025-07-15T18:30:35.4270876Z #7 7.629 Selecting previously unselected package g++.
2025-07-15T18:30:35.5437596Z #7 7.631 Preparing to unpack .../41-g++_4%3a12.2.0-3_amd64.deb ...
2025-07-15T18:30:35.5437991Z #7 7.632 Unpacking g++ (4:12.2.0-3) ...
2025-07-15T18:30:35.5438291Z #7 7.647 Selecting previously unselected package make.
2025-07-15T18:30:35.5438631Z #7 7.650 Preparing to unpack .../42-make_4.3-4.1_amd64.deb ...
2025-07-15T18:30:35.5438928Z #7 7.651 Unpacking make (4.3-4.1) ...
2025-07-15T18:30:35.5439226Z #7 7.690 Selecting previously unselected package libdpkg-perl.
2025-07-15T18:30:35.5439593Z #7 7.692 Preparing to unpack .../43-libdpkg-perl_1.21.22_all.deb ...
2025-07-15T18:30:35.5439930Z #7 7.693 Unpacking libdpkg-perl (1.21.22) ...
2025-07-15T18:30:35.5440226Z #7 7.746 Selecting previously unselected package patch.
2025-07-15T18:30:35.6600145Z #7 7.748 Preparing to unpack .../44-patch_2.7.6-7_amd64.deb ...
2025-07-15T18:30:35.6600980Z #7 7.749 Unpacking patch (2.7.6-7) ...
2025-07-15T18:30:35.6601316Z #7 7.771 Selecting previously unselected package dpkg-dev.
2025-07-15T18:30:35.6601719Z #7 7.773 Preparing to unpack .../45-dpkg-dev_1.21.22_all.deb ...
2025-07-15T18:30:35.6602047Z #7 7.774 Unpacking dpkg-dev (1.21.22) ...
2025-07-15T18:30:35.6602380Z #7 7.862 Selecting previously unselected package build-essential.
2025-07-15T18:30:35.7604282Z #7 7.864 Preparing to unpack .../46-build-essential_12.9_amd64.deb ...
2025-07-15T18:30:35.7604936Z #7 7.865 Unpacking build-essential (12.9) ...
2025-07-15T18:30:35.7605519Z #7 7.881 Selecting previously unselected package libbrotli1:amd64.
2025-07-15T18:30:35.7606189Z #7 7.883 Preparing to unpack .../47-libbrotli1_1.0.9-2+b6_amd64.deb ...
2025-07-15T18:30:35.7606760Z #7 7.884 Unpacking libbrotli1:amd64 (1.0.9-2+b6) ...
2025-07-15T18:30:35.7607393Z #7 7.917 Selecting previously unselected package libsasl2-modules-db:amd64.
2025-07-15T18:30:35.7608175Z #7 7.919 Preparing to unpack .../48-libsasl2-modules-db_2.1.28+dfsg-10_amd64.deb ...
2025-07-15T18:30:35.7608885Z #7 7.920 Unpacking libsasl2-modules-db:amd64 (2.1.28+dfsg-10) ...
2025-07-15T18:30:35.7609508Z #7 7.938 Selecting previously unselected package libsasl2-2:amd64.
2025-07-15T18:30:35.7610126Z #7 7.939 Preparing to unpack .../49-libsasl2-2_2.1.28+dfsg-10_amd64.deb ...
2025-07-15T18:30:35.7610934Z #7 7.942 Unpacking libsasl2-2:amd64 (2.1.28+dfsg-10) ...
2025-07-15T18:30:35.7611481Z #7 7.963 Selecting previously unselected package libldap-2.5-0:amd64.
2025-07-15T18:30:35.8620878Z #7 7.965 Preparing to unpack .../50-libldap-2.5-0_2.5.13+dfsg-5_amd64.deb ...
2025-07-15T18:30:35.8621650Z #7 7.966 Unpacking libldap-2.5-0:amd64 (2.5.13+dfsg-5) ...
2025-07-15T18:30:35.8622286Z #7 7.994 Selecting previously unselected package libnghttp2-14:amd64.
2025-07-15T18:30:35.8622823Z #7 7.996 Preparing to unpack .../51-libnghttp2-14_1.52.0-1+deb12u2_amd64.deb ...
2025-07-15T18:30:35.8623326Z #7 7.997 Unpacking libnghttp2-14:amd64 (1.52.0-1+deb12u2) ...
2025-07-15T18:30:35.8623771Z #7 8.018 Selecting previously unselected package libpsl5:amd64.
2025-07-15T18:30:35.8624504Z #7 8.019 Preparing to unpack .../52-libpsl5_0.21.2-1_amd64.deb ...
2025-07-15T18:30:35.8624904Z #7 8.020 Unpacking libpsl5:amd64 (0.21.2-1) ...
2025-07-15T18:30:35.8625292Z #7 8.040 Selecting previously unselected package librtmp1:amd64.
2025-07-15T18:30:35.8625800Z #7 8.042 Preparing to unpack .../53-librtmp1_2.4+20151223.gitfa8646d.1-2+b2_amd64.deb ...
2025-07-15T18:30:35.8626310Z #7 8.043 Unpacking librtmp1:amd64 (2.4+20151223.gitfa8646d.1-2+b2) ...
2025-07-15T18:30:35.8626762Z #7 8.064 Selecting previously unselected package libssh2-1:amd64.
2025-07-15T18:30:35.9652706Z #7 8.066 Preparing to unpack .../54-libssh2-1_1.10.0-3+b1_amd64.deb ...
2025-07-15T18:30:35.9653175Z #7 8.067 Unpacking libssh2-1:amd64 (1.10.0-3+b1) ...
2025-07-15T18:30:35.9653570Z #7 8.095 Selecting previously unselected package libcurl4:amd64.
2025-07-15T18:30:35.9654053Z #7 8.096 Preparing to unpack .../55-libcurl4_7.88.1-10+deb12u12_amd64.deb ...
2025-07-15T18:30:35.9654474Z #7 8.097 Unpacking libcurl4:amd64 (7.88.1-10+deb12u12) ...
2025-07-15T18:30:35.9654837Z #7 8.131 Selecting previously unselected package curl.
2025-07-15T18:30:35.9655233Z #7 8.133 Preparing to unpack .../56-curl_7.88.1-10+deb12u12_amd64.deb ...
2025-07-15T18:30:35.9655615Z #7 8.135 Unpacking curl (7.88.1-10+deb12u12) ...
2025-07-15T18:30:35.9655996Z #7 8.168 Selecting previously unselected package libcurl3-gnutls:amd64.
2025-07-15T18:30:36.1349949Z #7 8.169 Preparing to unpack .../57-libcurl3-gnutls_7.88.1-10+deb12u12_amd64.deb ...
2025-07-15T18:30:36.1350874Z #7 8.170 Unpacking libcurl3-gnutls:amd64 (7.88.1-10+deb12u12) ...
2025-07-15T18:30:36.1351478Z #7 8.206 Selecting previously unselected package libexpat1:amd64.
2025-07-15T18:30:36.1352098Z #7 8.208 Preparing to unpack .../58-libexpat1_2.5.0-1+deb12u1_amd64.deb ...
2025-07-15T18:30:36.1352982Z #7 8.209 Unpacking libexpat1:amd64 (2.5.0-1+deb12u1) ...
2025-07-15T18:30:36.1353524Z #7 8.230 Selecting previously unselected package liberror-perl.
2025-07-15T18:30:36.1354120Z #7 8.232 Preparing to unpack .../59-liberror-perl_0.17029-2_all.deb ...
2025-07-15T18:30:36.1354631Z #7 8.233 Unpacking liberror-perl (0.17029-2) ...
2025-07-15T18:30:36.1355095Z #7 8.250 Selecting previously unselected package git-man.
2025-07-15T18:30:36.1355644Z #7 8.252 Preparing to unpack .../60-git-man_1%3a2.39.5-0+deb12u2_all.deb ...
2025-07-15T18:30:36.1356157Z #7 8.253 Unpacking git-man (1:2.39.5-0+deb12u2) ...
2025-07-15T18:30:36.1356597Z #7 8.337 Selecting previously unselected package git.
2025-07-15T18:30:36.2935033Z #7 8.339 Preparing to unpack .../61-git_1%3a2.39.5-0+deb12u2_amd64.deb ...
2025-07-15T18:30:36.2936039Z #7 8.345 Unpacking git (1:2.39.5-0+deb12u2) ...
2025-07-15T18:30:36.4651174Z #7 8.667 Setting up libexpat1:amd64 (2.5.0-1+deb12u1) ...
2025-07-15T18:30:36.5666143Z #7 8.670 Setting up libpsl5:amd64 (0.21.2-1) ...
2025-07-15T18:30:36.5666876Z #7 8.673 Setting up libbrotli1:amd64 (1.0.9-2+b6) ...
2025-07-15T18:30:36.5667558Z #7 8.675 Setting up binutils-common:amd64 (2.40-2) ...
2025-07-15T18:30:36.5668159Z #7 8.679 Setting up libnghttp2-14:amd64 (1.52.0-1+deb12u2) ...
2025-07-15T18:30:36.5668648Z #7 8.682 Setting up linux-libc-dev:amd64 (6.1.140-1) ...
2025-07-15T18:30:36.5669068Z #7 8.685 Setting up libctf-nobfd0:amd64 (2.40-2) ...
2025-07-15T18:30:36.5669587Z #7 8.688 Setting up libgomp1:amd64 (12.2.0-14+deb12u1) ...
2025-07-15T18:30:36.5669959Z #7 8.690 Setting up bzip2 (1.0.8-5+b1) ...
2025-07-15T18:30:36.5670678Z #7 8.693 Setting up libjansson4:amd64 (2.14-2) ...
2025-07-15T18:30:36.5671125Z #7 8.695 Setting up libsasl2-modules-db:amd64 (2.1.28+dfsg-10) ...
2025-07-15T18:30:36.5671577Z #7 8.698 Setting up perl-modules-5.36 (5.36.0-7+deb12u2) ...
2025-07-15T18:30:36.5672116Z #7 8.701 Setting up libtirpc-dev:amd64 (1.3.3+ds-1) ...
2025-07-15T18:30:36.5672567Z #7 8.703 Setting up rpcsvc-proto (1.4.3-1) ...
2025-07-15T18:30:36.5672900Z #7 8.706 Setting up make (4.3-4.1) ...
2025-07-15T18:30:36.5673279Z #7 8.709 Setting up libmpfr6:amd64 (4.2.0-1) ...
2025-07-15T18:30:36.5673838Z #7 8.711 Setting up librtmp1:amd64 (2.4+20151223.gitfa8646d.1-2+b2) ...
2025-07-15T18:30:36.5674640Z #7 8.714 Setting up xz-utils (5.4.1-1) ...
2025-07-15T18:30:36.5675330Z #7 8.719 update-alternatives: using /usr/bin/xz to provide /usr/bin/lzma (lzma) in auto mode
2025-07-15T18:30:36.5676694Z #7 8.720 update-alternatives: warning: skip creation of /usr/share/man/man1/lzma.1.gz because associated file /usr/share/man/man1/xz.1.gz (of link group lzma) doesn't exist
2025-07-15T18:30:36.5678360Z #7 8.720 update-alternatives: warning: skip creation of /usr/share/man/man1/unlzma.1.gz because associated file /usr/share/man/man1/unxz.1.gz (of link group lzma) doesn't exist
2025-07-15T18:30:36.5679972Z #7 8.721 update-alternatives: warning: skip creation of /usr/share/man/man1/lzcat.1.gz because associated file /usr/share/man/man1/xzcat.1.gz (of link group lzma) doesn't exist
2025-07-15T18:30:36.5681533Z #7 8.721 update-alternatives: warning: skip creation of /usr/share/man/man1/lzmore.1.gz because associated file /usr/share/man/man1/xzmore.1.gz (of link group lzma) doesn't exist
2025-07-15T18:30:36.5682595Z #7 8.721 update-alternatives: warning: skip creation of /usr/share/man/man1/lzless.1.gz because associated file /usr/share/man/man1/xzless.1.gz (of link group lzma) doesn't exist
2025-07-15T18:30:36.5683957Z #7 8.721 update-alternatives: warning: skip creation of /usr/share/man/man1/lzdiff.1.gz because associated file /usr/share/man/man1/xzdiff.1.gz (of link group lzma) doesn't exist
2025-07-15T18:30:36.5685231Z #7 8.721 update-alternatives: warning: skip creation of /usr/share/man/man1/lzcmp.1.gz because associated file /usr/share/man/man1/xzcmp.1.gz (of link group lzma) doesn't exist
2025-07-15T18:30:36.5686465Z #7 8.722 update-alternatives: warning: skip creation of /usr/share/man/man1/lzgrep.1.gz because associated file /usr/share/man/man1/xzgrep.1.gz (of link group lzma) doesn't exist
2025-07-15T18:30:36.5687819Z #7 8.722 update-alternatives: warning: skip creation of /usr/share/man/man1/lzegrep.1.gz because associated file /usr/share/man/man1/xzegrep.1.gz (of link group lzma) doesn't exist
2025-07-15T18:30:36.5689151Z #7 8.722 update-alternatives: warning: skip creation of /usr/share/man/man1/lzfgrep.1.gz because associated file /usr/share/man/man1/xzfgrep.1.gz (of link group lzma) doesn't exist
2025-07-15T18:30:36.5690055Z #7 8.728 Setting up libquadmath0:amd64 (12.2.0-14+deb12u1) ...
2025-07-15T18:30:36.5690366Z #7 8.731 Setting up libmpc3:amd64 (1.3.1-1) ...
2025-07-15T18:30:36.5690911Z #7 8.734 Setting up libatomic1:amd64 (12.2.0-14+deb12u1) ...
2025-07-15T18:30:36.5691455Z #7 8.737 Setting up patch (2.7.6-7) ...
2025-07-15T18:30:36.5691941Z #7 8.739 Setting up libgdbm-compat4:amd64 (1.23-3) ...
2025-07-15T18:30:36.5692520Z #7 8.742 Setting up libsasl2-2:amd64 (2.1.28+dfsg-10) ...
2025-07-15T18:30:36.5693014Z #7 8.745 Setting up libubsan1:amd64 (12.2.0-14+deb12u1) ...
2025-07-15T18:30:36.5693487Z #7 8.748 Setting up nano (7.2-1+deb12u1) ...
2025-07-15T18:30:36.5694121Z #7 8.752 update-alternatives: using /bin/nano to provide /usr/bin/editor (editor) in auto mode
2025-07-15T18:30:36.5695196Z #7 8.753 update-alternatives: warning: skip creation of /usr/share/man/man1/editor.1.gz because associated file /usr/share/man/man1/nano.1.gz (of link group editor) doesn't exist
2025-07-15T18:30:36.5696258Z #7 8.754 update-alternatives: using /bin/nano to provide /usr/bin/pico (pico) in auto mode
2025-07-15T18:30:36.5697044Z #7 8.755 update-alternatives: warning: skip creation of /usr/share/man/man1/pico.1.gz because associated file /usr/share/man/man1/nano.1.gz (of link group pico) doesn't exist
2025-07-15T18:30:36.5697693Z #7 8.756 Setting up libnsl-dev:amd64 (1.3.0-2) ...
2025-07-15T18:30:36.5698000Z #7 8.759 Setting up libcrypt-dev:amd64 (1:4.4.33-2) ...
2025-07-15T18:30:36.5698311Z #7 8.766 Setting up libasan8:amd64 (12.2.0-14+deb12u1) ...
2025-07-15T18:30:36.5698608Z #7 8.769 Setting up git-man (1:2.39.5-0+deb12u2) ...
2025-07-15T18:30:36.6741689Z #7 8.772 Setting up libssh2-1:amd64 (1.10.0-3+b1) ...
2025-07-15T18:30:36.6745174Z #7 8.775 Setting up libtsan2:amd64 (12.2.0-14+deb12u1) ...
2025-07-15T18:30:36.6745600Z #7 8.778 Setting up libbinutils:amd64 (2.40-2) ...
2025-07-15T18:30:36.6746115Z #7 8.780 Setting up libisl23:amd64 (0.25-1.1) ...
2025-07-15T18:30:36.6746592Z #7 8.783 Setting up libc-dev-bin (2.36-9+deb12u10) ...
2025-07-15T18:30:36.6747179Z #7 8.785 Setting up libcc1-0:amd64 (12.2.0-14+deb12u1) ...
2025-07-15T18:30:36.6747563Z #7 8.788 Setting up libperl5.36:amd64 (5.36.0-7+deb12u2) ...
2025-07-15T18:30:36.6747940Z #7 8.791 Setting up liblsan0:amd64 (12.2.0-14+deb12u1) ...
2025-07-15T18:30:36.6748505Z #7 8.794 Setting up libitm1:amd64 (12.2.0-14+deb12u1) ...
2025-07-15T18:30:36.6748871Z #7 8.796 Setting up libctf0:amd64 (2.40-2) ...
2025-07-15T18:30:36.6749200Z #7 8.799 Setting up cpp-12 (12.2.0-14+deb12u1) ...
2025-07-15T18:30:36.6749577Z #7 8.801 Setting up libldap-2.5-0:amd64 (2.5.13+dfsg-5) ...
2025-07-15T18:30:36.6749931Z #7 8.804 Setting up perl (5.36.0-7+deb12u2) ...
2025-07-15T18:30:36.6750399Z #7 8.814 Setting up libgprofng0:amd64 (2.40-2) ...
2025-07-15T18:30:36.6751192Z #7 8.817 Setting up libgcc-12-dev:amd64 (12.2.0-14+deb12u1) ...
2025-07-15T18:30:36.6751524Z #7 8.820 Setting up libdpkg-perl (1.21.22) ...
2025-07-15T18:30:36.6752028Z #7 8.823 Setting up cpp (4:12.2.0-3) ...
2025-07-15T18:30:36.6752386Z #7 8.828 Setting up libcurl4:amd64 (7.88.1-10+deb12u12) ...
2025-07-15T18:30:36.6752720Z #7 8.831 Setting up libc6-dev:amd64 (2.36-9+deb12u10) ...
2025-07-15T18:30:36.6753243Z #7 8.833 Setting up curl (7.88.1-10+deb12u12) ...
2025-07-15T18:30:36.6753564Z #7 8.843 Setting up binutils-x86-64-linux-gnu (2.40-2) ...
2025-07-15T18:30:36.6753922Z #7 8.846 Setting up libstdc++-12-dev:amd64 (12.2.0-14+deb12u1) ...
2025-07-15T18:30:36.6754473Z #7 8.850 Setting up libcurl3-gnutls:amd64 (7.88.1-10+deb12u12) ...
2025-07-15T18:30:36.6754803Z #7 8.853 Setting up binutils (2.40-2) ...
2025-07-15T18:30:36.6755501Z #7 8.856 Setting up dpkg-dev (1.21.22) ...
2025-07-15T18:30:36.6755804Z #7 8.862 Setting up liberror-perl (0.17029-2) ...
2025-07-15T18:30:36.6756114Z #7 8.864 Setting up gcc-12 (12.2.0-14+deb12u1) ...
2025-07-15T18:30:36.6756663Z #7 8.867 Setting up git (1:2.39.5-0+deb12u2) ...
2025-07-15T18:30:36.6756947Z #7 8.877 Setting up g++-12 (12.2.0-14+deb12u1) ...
2025-07-15T18:30:36.8476665Z #7 8.879 Setting up gcc (4:12.2.0-3) ...
2025-07-15T18:30:36.8477140Z #7 8.891 Setting up g++ (4:12.2.0-3) ...
2025-07-15T18:30:36.8477573Z #7 8.894 update-alternatives: using /usr/bin/g++ to provide /usr/bin/c++ (c++) in auto mode
2025-07-15T18:30:36.8478032Z #7 8.896 Setting up build-essential (12.9) ...
2025-07-15T18:30:36.8478385Z #7 8.899 Processing triggers for libc-bin (2.36-9+deb12u10) ...
2025-07-15T18:30:37.3142186Z #7 DONE 9.5s
2025-07-15T18:30:37.4752710Z 
2025-07-15T18:30:37.4752933Z #8 [3/6] WORKDIR /app
2025-07-15T18:30:37.4753311Z #8 DONE 0.0s
2025-07-15T18:30:37.4753504Z 
2025-07-15T18:30:37.4753649Z #9 [4/6] COPY . .
2025-07-15T18:30:37.9065645Z #9 DONE 0.6s
2025-07-15T18:30:38.0585562Z 
2025-07-15T18:30:38.0586016Z #10 [5/6] RUN pip install --upgrade pip
2025-07-15T18:30:39.1640764Z #10 1.256 Requirement already satisfied: pip in /usr/local/lib/python3.10/site-packages (23.0.1)
2025-07-15T18:30:39.2909752Z #10 1.383 Collecting pip
2025-07-15T18:30:39.4877875Z #10 1.435   Downloading pip-25.1.1-py3-none-any.whl (1.8 MB)
2025-07-15T18:30:39.6836547Z #10 1.580      ━━━━━━━━━━━━━━━━━━━━━━━━━━━━━━━━━━━━━━━━ 1.8/1.8 MB 12.8 MB/s eta 0:00:00
2025-07-15T18:30:39.6837023Z #10 1.625 Installing collected packages: pip
2025-07-15T18:30:39.6837370Z #10 1.625   Attempting uninstall: pip
2025-07-15T18:30:39.6837688Z #10 1.626     Found existing installation: pip 23.0.1
2025-07-15T18:30:39.7108089Z #10 1.803     Uninstalling pip-23.0.1:
2025-07-15T18:30:39.8722471Z #10 1.814       Successfully uninstalled pip-23.0.1
2025-07-15T18:30:40.5198184Z #10 2.612 Successfully installed pip-25.1.1
2025-07-15T18:30:40.6704061Z #10 2.612 WARNING: Running pip as the 'root' user can result in broken permissions and conflicting behaviour with the system package manager. It is recommended to use a virtual environment instead: https://pip.pypa.io/warnings/venv
2025-07-15T18:30:40.7278615Z #10 DONE 2.8s
2025-07-15T18:30:40.8791625Z 
2025-07-15T18:30:40.8792261Z #11 [6/6] RUN pip install --no-cache-dir -r requirements.txt
2025-07-15T18:30:41.6065276Z #11 0.878 Collecting Flask==3.1.0 (from -r requirements.txt (line 1))
2025-07-15T18:30:41.7485638Z #11 0.937   Downloading flask-3.1.0-py3-none-any.whl.metadata (2.7 kB)
2025-07-15T18:30:41.7486458Z #11 0.954 Collecting Flask-PyMongo==3.0.1 (from -r requirements.txt (line 2))
2025-07-15T18:30:41.7487291Z #11 0.965   Downloading flask_pymongo-3.0.1-py3-none-any.whl.metadata (3.5 kB)
2025-07-15T18:30:41.7488096Z #11 1.020 Collecting pytest==8.2.1 (from -r requirements.txt (line 3))
2025-07-15T18:30:41.9037181Z #11 1.031   Downloading pytest-8.2.1-py3-none-any.whl.metadata (7.6 kB)
2025-07-15T18:30:41.9038120Z #11 1.047 Collecting blinker==1.9.0 (from -r requirements.txt (line 4))
2025-07-15T18:30:41.9038617Z #11 1.056   Downloading blinker-1.9.0-py3-none-any.whl.metadata (1.6 kB)
2025-07-15T18:30:41.9039144Z #11 1.077 Collecting certifi==2025.7.14 (from -r requirements.txt (line 5))
2025-07-15T18:30:41.9039642Z #11 1.087   Downloading certifi-2025.7.14-py3-none-any.whl.metadata (2.4 kB)
2025-07-15T18:30:41.9040157Z #11 1.175 Collecting charset-normalizer==3.4.2 (from -r requirements.txt (line 6))
2025-07-15T18:30:42.0057762Z #11 1.185   Downloading charset_normalizer-3.4.2-cp310-cp310-manylinux_2_17_x86_64.manylinux2014_x86_64.whl.metadata (35 kB)
2025-07-15T18:30:42.0059082Z #11 1.212 Collecting click==8.2.1 (from -r requirements.txt (line 7))
2025-07-15T18:30:42.0059970Z #11 1.222   Downloading click-8.2.1-py3-none-any.whl.metadata (2.5 kB)
2025-07-15T18:30:42.0060898Z #11 1.238 Collecting dnspython==2.7.0 (from -r requirements.txt (line 8))
2025-07-15T18:30:42.0061811Z #11 1.248   Downloading dnspython-2.7.0-py3-none-any.whl.metadata (5.8 kB)
2025-07-15T18:30:42.0062287Z #11 1.267 Collecting idna==3.10 (from -r requirements.txt (line 9))
2025-07-15T18:30:42.0062737Z #11 1.277   Downloading idna-3.10-py3-none-any.whl.metadata (10 kB)
2025-07-15T18:30:42.1159221Z #11 1.293 Collecting itsdangerous==2.2.0 (from -r requirements.txt (line 10))
2025-07-15T18:30:42.1160280Z #11 1.302   Downloading itsdangerous-2.2.0-py3-none-any.whl.metadata (1.9 kB)
2025-07-15T18:30:42.1161496Z #11 1.320 Collecting Jinja2==3.1.6 (from -r requirements.txt (line 11))
2025-07-15T18:30:42.1162107Z #11 1.329   Downloading jinja2-3.1.6-py3-none-any.whl.metadata (2.9 kB)
2025-07-15T18:30:42.1162661Z #11 1.387 Collecting MarkupSafe==3.0.2 (from -r requirements.txt (line 12))
2025-07-15T18:30:42.3015215Z #11 1.397   Downloading MarkupSafe-3.0.2-cp310-cp310-manylinux_2_17_x86_64.manylinux2014_x86_64.whl.metadata (4.0 kB)
2025-07-15T18:30:42.3016060Z #11 1.411 Collecting paho-mqtt==2.1.0 (from -r requirements.txt (line 13))
2025-07-15T18:30:42.3016611Z #11 1.422   Downloading paho_mqtt-2.1.0-py3-none-any.whl.metadata (23 kB)
2025-07-15T18:30:42.4686272Z #11 1.740 Collecting pymongo==4.13.2 (from -r requirements.txt (line 14))
2025-07-15T18:30:42.5829496Z #11 1.750   Downloading pymongo-4.13.2-cp310-cp310-manylinux_2_17_x86_64.manylinux2014_x86_64.whl.metadata (22 kB)
2025-07-15T18:30:42.5830853Z #11 1.775 Collecting python-dotenv==1.1.1 (from -r requirements.txt (line 15))
2025-07-15T18:30:42.5831702Z #11 1.786   Downloading python_dotenv-1.1.1-py3-none-any.whl.metadata (24 kB)
2025-07-15T18:30:42.5832505Z #11 1.816 Collecting requests==2.32.4 (from -r requirements.txt (line 16))
2025-07-15T18:30:42.5833262Z #11 1.827   Downloading requests-2.32.4-py3-none-any.whl.metadata (4.9 kB)
2025-07-15T18:30:42.5834018Z #11 1.854 Collecting urllib3==2.5.0 (from -r requirements.txt (line 17))
2025-07-15T18:30:42.6849337Z #11 1.869   Downloading urllib3-2.5.0-py3-none-any.whl.metadata (6.5 kB)
2025-07-15T18:30:42.6850206Z #11 1.895 Collecting Werkzeug==3.1.3 (from -r requirements.txt (line 18))
2025-07-15T18:30:42.6851184Z #11 1.905   Downloading werkzeug-3.1.3-py3-none-any.whl.metadata (3.7 kB)
2025-07-15T18:30:42.6852202Z #11 1.923 Collecting autodevops-cli==0.1.1 (from -r requirements.txt (line 19))
2025-07-15T18:30:42.6852790Z #11 1.934   Downloading autodevops_cli-0.1.1-py3-none-any.whl.metadata (494 bytes)
2025-07-15T18:30:42.6853324Z #11 1.946 Collecting iniconfig==2.1.0 (from -r requirements.txt (line 20))
2025-07-15T18:30:42.6853805Z #11 1.956   Downloading iniconfig-2.1.0-py3-none-any.whl.metadata (2.7 kB)
2025-07-15T18:30:42.7941721Z #11 1.973 Collecting loguru==0.7.3 (from -r requirements.txt (line 21))
2025-07-15T18:30:42.7942681Z #11 1.983   Downloading loguru-0.7.3-py3-none-any.whl.metadata (22 kB)
2025-07-15T18:30:42.7943602Z #11 2.008 Collecting markdown-it-py==3.0.0 (from -r requirements.txt (line 22))
2025-07-15T18:30:42.7944278Z #11 2.019   Downloading markdown_it_py-3.0.0-py3-none-any.whl.metadata (6.9 kB)
2025-07-15T18:30:42.7944936Z #11 2.038 Collecting mdurl==0.1.2 (from -r requirements.txt (line 23))
2025-07-15T18:30:42.7945395Z #11 2.048   Downloading mdurl-0.1.2-py3-none-any.whl.metadata (1.6 kB)
2025-07-15T18:30:42.7945873Z #11 2.065 Collecting mongomock==4.3.0 (from -r requirements.txt (line 24))
2025-07-15T18:30:42.8947246Z #11 2.076   Downloading mongomock-4.3.0-py2.py3-none-any.whl.metadata (12 kB)
2025-07-15T18:30:42.8948349Z #11 2.096 Collecting packaging==25.0 (from -r requirements.txt (line 25))
2025-07-15T18:30:42.8949288Z #11 2.112   Downloading packaging-25.0-py3-none-any.whl.metadata (3.3 kB)
2025-07-15T18:30:42.8950204Z #11 2.129 Collecting pluggy==1.6.0 (from -r requirements.txt (line 26))
2025-07-15T18:30:42.8951301Z #11 2.139   Downloading pluggy-1.6.0-py3-none-any.whl.metadata (4.8 kB)
2025-07-15T18:30:42.8952210Z #11 2.166 Collecting Pygments==2.19.2 (from -r requirements.txt (line 27))
2025-07-15T18:30:43.0000112Z #11 2.176   Downloading pygments-2.19.2-py3-none-any.whl.metadata (2.5 kB)
2025-07-15T18:30:43.0001397Z #11 2.216 Collecting pytz==2025.2 (from -r requirements.txt (line 28))
2025-07-15T18:30:43.0001933Z #11 2.226   Downloading pytz-2025.2-py2.py3-none-any.whl.metadata (22 kB)
2025-07-15T18:30:43.0002444Z #11 2.271 Collecting rich==14.0.0 (from -r requirements.txt (line 29))
2025-07-15T18:30:43.1956087Z #11 2.282   Downloading rich-14.0.0-py3-none-any.whl.metadata (18 kB)
2025-07-15T18:30:43.1956685Z #11 2.296 Collecting sentinels==1.0.0 (from -r requirements.txt (line 30))
2025-07-15T18:30:43.1957141Z #11 2.309   Downloading sentinels-1.0.0.tar.gz (4.1 kB)
2025-07-15T18:30:43.1957507Z #11 2.316   Preparing metadata (setup.py): started
2025-07-15T18:30:43.6857398Z #11 2.957   Preparing metadata (setup.py): finished with status 'done'
2025-07-15T18:30:43.7894267Z #11 2.976 Collecting sh==2.2.2 (from -r requirements.txt (line 31))
2025-07-15T18:30:43.7894988Z #11 2.989   Downloading sh-2.2.2-py3-none-any.whl.metadata (3.7 kB)
2025-07-15T18:30:43.7895627Z #11 3.032 Collecting exceptiongroup>=1.0.0rc8 (from pytest==8.2.1->-r requirements.txt (line 3))
2025-07-15T18:30:43.7896280Z #11 3.042   Downloading exceptiongroup-1.3.0-py3-none-any.whl.metadata (6.7 kB)
2025-07-15T18:30:43.7896873Z #11 3.061 Collecting tomli>=1 (from pytest==8.2.1->-r requirements.txt (line 3))
2025-07-15T18:30:43.9030374Z #11 3.071   Downloading tomli-2.2.1-py3-none-any.whl.metadata (10 kB)
2025-07-15T18:30:43.9031582Z #11 3.142 Collecting typing-extensions<5.0,>=4.0.0 (from rich==14.0.0->-r requirements.txt (line 29))
2025-07-15T18:30:43.9032130Z #11 3.152   Downloading typing_extensions-4.14.1-py3-none-any.whl.metadata (3.0 kB)
2025-07-15T18:30:43.9032591Z #11 3.174 Downloading flask-3.1.0-py3-none-any.whl (102 kB)
2025-07-15T18:30:44.0133193Z #11 3.193 Downloading flask_pymongo-3.0.1-py3-none-any.whl (11 kB)
2025-07-15T18:30:44.0134297Z #11 3.204 Downloading pytest-8.2.1-py3-none-any.whl (339 kB)
2025-07-15T18:30:44.0135351Z #11 3.223 Downloading pluggy-1.6.0-py3-none-any.whl (20 kB)
2025-07-15T18:30:44.0136049Z #11 3.233 Downloading blinker-1.9.0-py3-none-any.whl (8.5 kB)
2025-07-15T18:30:44.0136571Z #11 3.243 Downloading certifi-2025.7.14-py3-none-any.whl (162 kB)
2025-07-15T18:30:44.0137580Z #11 3.253 Downloading charset_normalizer-3.4.2-cp310-cp310-manylinux_2_17_x86_64.manylinux2014_x86_64.whl (149 kB)
2025-07-15T18:30:44.0138181Z #11 3.263 Downloading click-8.2.1-py3-none-any.whl (102 kB)
2025-07-15T18:30:44.0138573Z #11 3.274 Downloading dnspython-2.7.0-py3-none-any.whl (313 kB)
2025-07-15T18:30:44.0138969Z #11 3.285 Downloading idna-3.10-py3-none-any.whl (70 kB)
2025-07-15T18:30:44.1231773Z #11 3.295 Downloading itsdangerous-2.2.0-py3-none-any.whl (16 kB)
2025-07-15T18:30:44.1233205Z #11 3.304 Downloading jinja2-3.1.6-py3-none-any.whl (134 kB)
2025-07-15T18:30:44.1234097Z #11 3.314 Downloading MarkupSafe-3.0.2-cp310-cp310-manylinux_2_17_x86_64.manylinux2014_x86_64.whl (20 kB)
2025-07-15T18:30:44.1234977Z #11 3.325 Downloading paho_mqtt-2.1.0-py3-none-any.whl (67 kB)
2025-07-15T18:30:44.1235897Z #11 3.338 Downloading pymongo-4.13.2-cp310-cp310-manylinux_2_17_x86_64.manylinux2014_x86_64.whl (1.2 MB)
2025-07-15T18:30:44.1237161Z #11 3.348    ━━━━━━━━━━━━━━━━━━━━━━━━━━━━━━━━━━━━━━━━ 1.2/1.2 MB 122.3 MB/s eta 0:00:00
2025-07-15T18:30:44.1237867Z #11 3.358 Downloading python_dotenv-1.1.1-py3-none-any.whl (20 kB)
2025-07-15T18:30:44.1238557Z #11 3.368 Downloading requests-2.32.4-py3-none-any.whl (64 kB)
2025-07-15T18:30:44.1239210Z #11 3.384 Downloading urllib3-2.5.0-py3-none-any.whl (129 kB)
2025-07-15T18:30:44.1239847Z #11 3.395 Downloading werkzeug-3.1.3-py3-none-any.whl (224 kB)
2025-07-15T18:30:44.2301289Z #11 3.406 Downloading autodevops_cli-0.1.1-py3-none-any.whl (4.1 kB)
2025-07-15T18:30:44.2302083Z #11 3.416 Downloading iniconfig-2.1.0-py3-none-any.whl (6.0 kB)
2025-07-15T18:30:44.2302730Z #11 3.425 Downloading loguru-0.7.3-py3-none-any.whl (61 kB)
2025-07-15T18:30:44.2303398Z #11 3.435 Downloading markdown_it_py-3.0.0-py3-none-any.whl (87 kB)
2025-07-15T18:30:44.2304061Z #11 3.445 Downloading mdurl-0.1.2-py3-none-any.whl (10.0 kB)
2025-07-15T18:30:44.2304981Z #11 3.454 Downloading mongomock-4.3.0-py2.py3-none-any.whl (64 kB)
2025-07-15T18:30:44.2305648Z #11 3.465 Downloading packaging-25.0-py3-none-any.whl (66 kB)
2025-07-15T18:30:44.2306327Z #11 3.475 Downloading pygments-2.19.2-py3-none-any.whl (1.2 MB)
2025-07-15T18:30:44.2307375Z #11 3.480    ━━━━━━━━━━━━━━━━━━━━━━━━━━━━━━━━━━━━━━━━ 1.2/1.2 MB 372.1 MB/s eta 0:00:00
2025-07-15T18:30:44.2308067Z #11 3.491 Downloading pytz-2025.2-py2.py3-none-any.whl (509 kB)
2025-07-15T18:30:44.2308768Z #11 3.502 Downloading rich-14.0.0-py3-none-any.whl (243 kB)
2025-07-15T18:30:44.4563885Z #11 3.513 Downloading sh-2.2.2-py3-none-any.whl (38 kB)
2025-07-15T18:30:44.4564659Z #11 3.523 Downloading typing_extensions-4.14.1-py3-none-any.whl (43 kB)
2025-07-15T18:30:44.4565452Z #11 3.533 Downloading exceptiongroup-1.3.0-py3-none-any.whl (16 kB)
2025-07-15T18:30:44.4566150Z #11 3.543 Downloading tomli-2.2.1-py3-none-any.whl (14 kB)
2025-07-15T18:30:44.4566807Z #11 3.576 Building wheels for collected packages: sentinels
2025-07-15T18:30:44.4569644Z #11 3.577   DEPRECATION: Building 'sentinels' using the legacy setup.py bdist_wheel mechanism, which will be removed in a future version. pip 25.3 will enforce this behaviour change. A possible replacement is to use the standardized build interface by setting the `--use-pep517` option, (possibly combined with `--no-build-isolation`), or adding a `pyproject.toml` file to the source tree of 'sentinels'. Discussion can be found at https://github.com/pypa/pip/issues/6334
2025-07-15T18:30:44.4572808Z #11 3.577   Building wheel for sentinels (setup.py): started
2025-07-15T18:30:45.1028251Z #11 4.374   Building wheel for sentinels (setup.py): finished with status 'done'
2025-07-15T18:30:45.3260852Z #11 4.375   Created wheel for sentinels: filename=sentinels-1.0.0-py3-none-any.whl size=3175 sha256=d31c1f0e4ea657569e6cdfc661d03d2441663994eda34e01d999f79f668aee1b
2025-07-15T18:30:45.3262149Z #11 4.375   Stored in directory: /tmp/pip-ephem-wheel-cache-l0nqorfc/wheels/26/bc/eb/67e56405e0684b3d8c011cf4d18129c41be394775fd5ba2347
2025-07-15T18:30:45.3262872Z #11 4.377 Successfully built sentinels
2025-07-15T18:30:45.3264917Z #11 4.447 Installing collected packages: sentinels, pytz, urllib3, typing-extensions, tomli, sh, python-dotenv, Pygments, pluggy, paho-mqtt, packaging, mdurl, MarkupSafe, loguru, itsdangerous, iniconfig, idna, dnspython, click, charset-normalizer, certifi, blinker, Werkzeug, requests, pymongo, mongomock, markdown-it-py, Jinja2, exceptiongroup, rich, pytest, Flask, Flask-PyMongo, autodevops-cli
2025-07-15T18:30:47.4738593Z #11 6.745 
2025-07-15T18:30:47.6318472Z #11 6.752 Successfully installed Flask-3.1.0 Flask-PyMongo-3.0.1 Jinja2-3.1.6 MarkupSafe-3.0.2 Pygments-2.19.2 Werkzeug-3.1.3 autodevops-cli-0.1.1 blinker-1.9.0 certifi-2025.7.14 charset-normalizer-3.4.2 click-8.2.1 dnspython-2.7.0 exceptiongroup-1.3.0 idna-3.10 iniconfig-2.1.0 itsdangerous-2.2.0 loguru-0.7.3 markdown-it-py-3.0.0 mdurl-0.1.2 mongomock-4.3.0 packaging-25.0 paho-mqtt-2.1.0 pluggy-1.6.0 pymongo-4.13.2 pytest-8.2.1 python-dotenv-1.1.1 pytz-2025.2 requests-2.32.4 rich-14.0.0 sentinels-1.0.0 sh-2.2.2 tomli-2.2.1 typing-extensions-4.14.1 urllib3-2.5.0
2025-07-15T18:30:47.6322368Z #11 6.752 WARNING: Running pip as the 'root' user can result in broken permissions and conflicting behaviour with the system package manager, possibly rendering your system unusable. It is recommended to use a virtual environment instead: https://pip.pypa.io/warnings/venv. Use the --root-user-action option if you know what you are doing and want to suppress this warning.
2025-07-15T18:30:47.7581879Z #11 DONE 7.0s
2025-07-15T18:30:47.9100138Z 
2025-07-15T18:30:47.9100786Z #12 exporting to image
2025-07-15T18:30:47.9101356Z #12 exporting layers
2025-07-15T18:30:49.5436498Z #12 exporting layers 1.8s done
2025-07-15T18:30:49.5620093Z #12 writing image sha256:11164e0e1fb22c939960ff9b18db67ff0b5ec854fa97a36218c0fee2f7e3fa5c done
2025-07-15T18:30:49.5621536Z #12 naming to docker.io/***/flask-ci-cd-demo done
2025-07-15T18:30:49.5622370Z #12 DONE 1.8s
2025-07-15T18:30:49.5699851Z ##[group]Run docker push ***/flask-ci-cd-demo
2025-07-15T18:30:49.5700248Z [36;1mdocker push ***/flask-ci-cd-demo[0m
2025-07-15T18:30:49.5728611Z shell: /usr/bin/bash -e {0}
2025-07-15T18:30:49.5728840Z env:
2025-07-15T18:30:49.5729085Z   pythonLocation: /opt/hostedtoolcache/Python/3.10.18/x64
2025-07-15T18:30:49.5729496Z   PKG_CONFIG_PATH: /opt/hostedtoolcache/Python/3.10.18/x64/lib/pkgconfig
2025-07-15T18:30:49.5729875Z   Python_ROOT_DIR: /opt/hostedtoolcache/Python/3.10.18/x64
2025-07-15T18:30:49.5730214Z   Python2_ROOT_DIR: /opt/hostedtoolcache/Python/3.10.18/x64
2025-07-15T18:30:49.5730812Z   Python3_ROOT_DIR: /opt/hostedtoolcache/Python/3.10.18/x64
2025-07-15T18:30:49.5731198Z   LD_LIBRARY_PATH: /opt/hostedtoolcache/Python/3.10.18/x64/lib
2025-07-15T18:30:49.5731495Z ##[endgroup]
2025-07-15T18:30:49.5882308Z Using default tag: latest
2025-07-15T18:30:49.5894824Z The push refers to repository [docker.io/***/flask-ci-cd-demo]
2025-07-15T18:30:49.7751336Z 0332ff678643: Preparing
2025-07-15T18:30:49.7751781Z 863289f12f60: Preparing
2025-07-15T18:30:49.7752135Z c2023cf10d0b: Preparing
2025-07-15T18:30:49.7752717Z 5fea70e161b4: Preparing
2025-07-15T18:30:49.7752979Z 8b871b1537a5: Preparing
2025-07-15T18:30:49.7753294Z 31abbb538de0: Preparing
2025-07-15T18:30:49.7753521Z a2ccf7527b3c: Preparing
2025-07-15T18:30:49.7753745Z abd92ba2021e: Preparing
2025-07-15T18:30:49.7753961Z 1bb35e8b4de1: Preparing
2025-07-15T18:30:49.7754182Z 31abbb538de0: Waiting
2025-07-15T18:30:49.7754398Z a2ccf7527b3c: Waiting
2025-07-15T18:30:49.7754607Z abd92ba2021e: Waiting
2025-07-15T18:30:49.7754846Z 1bb35e8b4de1: Waiting
2025-07-15T18:30:51.9408650Z 5fea70e161b4: Pushed
2025-07-15T18:30:52.3014465Z 31abbb538de0: Layer already exists
2025-07-15T18:30:52.7227500Z a2ccf7527b3c: Layer already exists
2025-07-15T18:30:53.0523215Z 863289f12f60: Pushed
2025-07-15T18:30:53.4381703Z 1bb35e8b4de1: Layer already exists
2025-07-15T18:30:53.6580033Z abd92ba2021e: Layer already exists
2025-07-15T18:30:53.7947235Z 0332ff678643: Pushed
2025-07-15T18:30:55.9248465Z c2023cf10d0b: Pushed
2025-07-15T18:31:05.6400888Z 8b871b1537a5: Pushed
2025-07-15T18:31:10.3978509Z latest: digest: sha256:729f2a02a2503e5b8982358ee623e93b1f3834d7b87804a70bbc32325a156b4e size: 2212
2025-07-15T18:31:10.4047710Z Post job cleanup.
2025-07-15T18:31:10.6929523Z [command]/usr/bin/docker logout 
2025-07-15T18:31:10.7064848Z Removing login credentials for https://index.docker.io/v1/
2025-07-15T18:31:10.7101895Z ##[group]Post cache
2025-07-15T18:31:10.7103536Z State not set
2025-07-15T18:31:10.7104679Z ##[endgroup]
2025-07-15T18:31:10.7232027Z Post job cleanup.
2025-07-15T18:31:10.8872676Z Post job cleanup.
2025-07-15T18:31:10.9592246Z [command]/usr/bin/git version
2025-07-15T18:31:10.9627537Z git version 2.50.1
2025-07-15T18:31:10.9671876Z Temporarily overriding HOME='/home/runner/work/_temp/9fc04c9a-f5dc-428b-b007-12c88c341a9b' before making global git config changes
2025-07-15T18:31:10.9673132Z Adding repository directory to the temporary git global config as a safe directory
2025-07-15T18:31:10.9676794Z [command]/usr/bin/git config --global --add safe.directory /home/runner/work/testing-CI-CD/testing-CI-CD
2025-07-15T18:31:10.9708838Z [command]/usr/bin/git config --local --name-only --get-regexp core\.sshCommand
2025-07-15T18:31:10.9739118Z [command]/usr/bin/git submodule foreach --recursive sh -c "git config --local --name-only --get-regexp 'core\.sshCommand' && git config --local --unset-all 'core.sshCommand' || :"
2025-07-15T18:31:10.9980946Z [command]/usr/bin/git config --local --name-only --get-regexp http\.https\:\/\/github\.com\/\.extraheader
2025-07-15T18:31:11.0003588Z http.https://github.com/.extraheader
2025-07-15T18:31:11.0015510Z [command]/usr/bin/git config --local --unset-all http.https://github.com/.extraheader
2025-07-15T18:31:11.0046928Z [command]/usr/bin/git submodule foreach --recursive sh -c "git config --local --name-only --get-regexp 'http\.https\:\/\/github\.com\/\.extraheader' && git config --local --unset-all 'http.https://github.com/.extraheader' || :"
2025-07-15T18:31:11.0379638Z Cleaning up orphan processes
