2025-07-15T18:38:38.6803676Z Current runner version: '2.326.0'
2025-07-15T18:38:38.6829427Z ##[group]Runner Image Provisioner
2025-07-15T18:38:38.6830319Z Hosted Compute Agent
2025-07-15T18:38:38.6830858Z Version: 20250711.363
2025-07-15T18:38:38.6831538Z Commit: 6785254374ce925a23743850c1cb91912ce5c14c
2025-07-15T18:38:38.6832233Z Build Date: 2025-07-11T20:04:25Z
2025-07-15T18:38:38.6832800Z ##[endgroup]
2025-07-15T18:38:38.6833414Z ##[group]Operating System
2025-07-15T18:38:38.6833966Z Ubuntu
2025-07-15T18:38:38.6834394Z 24.04.2
2025-07-15T18:38:38.6834899Z LTS
2025-07-15T18:38:38.6835354Z ##[endgroup]
2025-07-15T18:38:38.6835992Z ##[group]Runner Image
2025-07-15T18:38:38.6836645Z Image: ubuntu-24.04
2025-07-15T18:38:38.6837159Z Version: 20250710.1.0
2025-07-15T18:38:38.6838169Z Included Software: https://github.com/actions/runner-images/blob/ubuntu24/20250710.1/images/ubuntu/Ubuntu2404-Readme.md
2025-07-15T18:38:38.6839736Z Image Release: https://github.com/actions/runner-images/releases/tag/ubuntu24%2F20250710.1
2025-07-15T18:38:38.6840841Z ##[endgroup]
2025-07-15T18:38:38.6841945Z ##[group]GITHUB_TOKEN Permissions
2025-07-15T18:38:38.6843984Z Contents: read
2025-07-15T18:38:38.6844616Z Metadata: read
2025-07-15T18:38:38.6845145Z Packages: read
2025-07-15T18:38:38.6845955Z ##[endgroup]
2025-07-15T18:38:38.6848420Z Secret source: Actions
2025-07-15T18:38:38.6849477Z Prepare workflow directory
2025-07-15T18:38:38.7180610Z Prepare all required actions
2025-07-15T18:38:38.7218450Z Getting action download info
2025-07-15T18:38:39.1857737Z ##[group]Download immutable action package 'actions/checkout@v3'
2025-07-15T18:38:39.1858730Z Version: 3.6.0
2025-07-15T18:38:39.1859896Z Digest: sha256:942562b9c7d4b1f2557f1da21f4d3eb4eb4fd01f2ad78b2a6e187d1b193e0a0f
2025-07-15T18:38:39.1861119Z Source commit SHA: f43a0e5ff2bd294095638e18286ca9a3d1956744
2025-07-15T18:38:39.1861808Z ##[endgroup]
2025-07-15T18:38:39.2740409Z ##[group]Download immutable action package 'actions/setup-python@v4'
2025-07-15T18:38:39.2741279Z Version: 4.9.1
2025-07-15T18:38:39.2742069Z Digest: sha256:f03e505388af670b5a108629e0ba26befc08d5c62b41f46146a45fe29ae509a5
2025-07-15T18:38:39.2743101Z Source commit SHA: 7f4fc3e22c37d6ff65e88745f38bd3157c663f7c
2025-07-15T18:38:39.2743800Z ##[endgroup]
2025-07-15T18:38:39.5786924Z ##[group]Download immutable action package 'docker/login-action@v3'
2025-07-15T18:38:39.5787721Z Version: 3.4.0
2025-07-15T18:38:39.5788461Z Digest: sha256:864ebd28db095e1602e6ef999f46a4f575083ea874918fbccf0994c2a7680450
2025-07-15T18:38:39.5789602Z Source commit SHA: 74a5d142397b4f367a81961eba4e8cd7edddf772
2025-07-15T18:38:39.5790265Z ##[endgroup]
2025-07-15T18:38:40.0221182Z Complete job name: build-test-deploy
2025-07-15T18:38:40.0978383Z ##[group]Run actions/checkout@v3
2025-07-15T18:38:40.0979486Z with:
2025-07-15T18:38:40.0980101Z   repository: ***/testing-CI-CD
2025-07-15T18:38:40.0981009Z   token: ***
2025-07-15T18:38:40.0981522Z   ssh-strict: true
2025-07-15T18:38:40.0982100Z   persist-credentials: true
2025-07-15T18:38:40.0982732Z   clean: true
2025-07-15T18:38:40.0983313Z   sparse-checkout-cone-mode: true
2025-07-15T18:38:40.0984040Z   fetch-depth: 1
2025-07-15T18:38:40.0984575Z   fetch-tags: false
2025-07-15T18:38:40.0985110Z   lfs: false
2025-07-15T18:38:40.0985879Z   submodules: false
2025-07-15T18:38:40.0986479Z   set-safe-directory: true
2025-07-15T18:38:40.0987457Z ##[endgroup]
2025-07-15T18:38:40.1844169Z Syncing repository: ***/testing-CI-CD
2025-07-15T18:38:40.1846633Z ##[group]Getting Git version info
2025-07-15T18:38:40.1847838Z Working directory is '/home/runner/work/testing-CI-CD/testing-CI-CD'
2025-07-15T18:38:40.1849414Z [command]/usr/bin/git version
2025-07-15T18:38:40.1871990Z git version 2.50.1
2025-07-15T18:38:40.1899410Z ##[endgroup]
2025-07-15T18:38:40.1914248Z Temporarily overriding HOME='/home/runner/work/_temp/a60f5072-7e69-465f-bbb4-7758ef5a2f2f' before making global git config changes
2025-07-15T18:38:40.1917004Z Adding repository directory to the temporary git global config as a safe directory
2025-07-15T18:38:40.1919476Z [command]/usr/bin/git config --global --add safe.directory /home/runner/work/testing-CI-CD/testing-CI-CD
2025-07-15T18:38:40.1952855Z Deleting the contents of '/home/runner/work/testing-CI-CD/testing-CI-CD'
2025-07-15T18:38:40.1956270Z ##[group]Initializing the repository
2025-07-15T18:38:40.1960518Z [command]/usr/bin/git init /home/runner/work/testing-CI-CD/testing-CI-CD
2025-07-15T18:38:40.2012433Z hint: Using 'master' as the name for the initial branch. This default branch name
2025-07-15T18:38:40.2014819Z hint: is subject to change. To configure the initial branch name to use in all
2025-07-15T18:38:40.2017605Z hint: of your new repositories, which will suppress this warning, call:
2025-07-15T18:38:40.2019596Z hint:
2025-07-15T18:38:40.2020774Z hint: 	git config --global init.defaultBranch <name>
2025-07-15T18:38:40.2022368Z hint:
2025-07-15T18:38:40.2023763Z hint: Names commonly chosen instead of 'master' are 'main', 'trunk' and
2025-07-15T18:38:40.2026891Z hint: 'development'. The just-created branch can be renamed via this command:
2025-07-15T18:38:40.2028882Z hint:
2025-07-15T18:38:40.2029683Z hint: 	git branch -m <name>
2025-07-15T18:38:40.2030667Z hint:
2025-07-15T18:38:40.2031843Z hint: Disable this message with "git config set advice.defaultBranchName false"
2025-07-15T18:38:40.2033613Z Initialized empty Git repository in /home/runner/work/testing-CI-CD/testing-CI-CD/.git/
2025-07-15T18:38:40.2037459Z [command]/usr/bin/git remote add origin https://github.com/***/testing-CI-CD
2025-07-15T18:38:40.2057411Z ##[endgroup]
2025-07-15T18:38:40.2059112Z ##[group]Disabling automatic garbage collection
2025-07-15T18:38:40.2060876Z [command]/usr/bin/git config --local gc.auto 0
2025-07-15T18:38:40.2088070Z ##[endgroup]
2025-07-15T18:38:40.2089695Z ##[group]Setting up auth
2025-07-15T18:38:40.2094542Z [command]/usr/bin/git config --local --name-only --get-regexp core\.sshCommand
2025-07-15T18:38:40.2123656Z [command]/usr/bin/git submodule foreach --recursive sh -c "git config --local --name-only --get-regexp 'core\.sshCommand' && git config --local --unset-all 'core.sshCommand' || :"
2025-07-15T18:38:40.2379860Z [command]/usr/bin/git config --local --name-only --get-regexp http\.https\:\/\/github\.com\/\.extraheader
2025-07-15T18:38:40.2406937Z [command]/usr/bin/git submodule foreach --recursive sh -c "git config --local --name-only --get-regexp 'http\.https\:\/\/github\.com\/\.extraheader' && git config --local --unset-all 'http.https://github.com/.extraheader' || :"
2025-07-15T18:38:40.2626430Z [command]/usr/bin/git config --local http.https://github.com/.extraheader AUTHORIZATION: basic ***
2025-07-15T18:38:40.2659689Z ##[endgroup]
2025-07-15T18:38:40.2660978Z ##[group]Fetching the repository
2025-07-15T18:38:40.2668676Z [command]/usr/bin/git -c protocol.version=2 fetch --no-tags --prune --progress --no-recurse-submodules --depth=1 origin +a08ca658e3325576bf4e18b2a55616f39f2a734a:refs/remotes/origin/main
2025-07-15T18:38:40.6185146Z remote: Enumerating objects: 4165, done.        
2025-07-15T18:38:40.6187641Z remote: Counting objects:   0% (1/4165)        
2025-07-15T18:38:40.6189655Z remote: Counting objects:   1% (42/4165)        
2025-07-15T18:38:40.6191589Z remote: Counting objects:   2% (84/4165)        
2025-07-15T18:38:40.6193528Z remote: Counting objects:   3% (125/4165)        
2025-07-15T18:38:40.6195475Z remote: Counting objects:   4% (167/4165)        
2025-07-15T18:38:40.6197675Z remote: Counting objects:   5% (209/4165)        
2025-07-15T18:38:40.6199626Z remote: Counting objects:   6% (250/4165)        
2025-07-15T18:38:40.6201635Z remote: Counting objects:   7% (292/4165)        
2025-07-15T18:38:40.6203524Z remote: Counting objects:   8% (334/4165)        
2025-07-15T18:38:40.6205408Z remote: Counting objects:   9% (375/4165)        
2025-07-15T18:38:40.6207463Z remote: Counting objects:  10% (417/4165)        
2025-07-15T18:38:40.6209321Z remote: Counting objects:  11% (459/4165)        
2025-07-15T18:38:40.6211208Z remote: Counting objects:  12% (500/4165)        
2025-07-15T18:38:40.6213025Z remote: Counting objects:  13% (542/4165)        
2025-07-15T18:38:40.6215217Z remote: Counting objects:  14% (584/4165)        
2025-07-15T18:38:40.6217275Z remote: Counting objects:  15% (625/4165)        
2025-07-15T18:38:40.6219138Z remote: Counting objects:  16% (667/4165)        
2025-07-15T18:38:40.6221165Z remote: Counting objects:  17% (709/4165)        
2025-07-15T18:38:40.6223014Z remote: Counting objects:  18% (750/4165)        
2025-07-15T18:38:40.6224902Z remote: Counting objects:  19% (792/4165)        
2025-07-15T18:38:40.6226992Z remote: Counting objects:  20% (833/4165)        
2025-07-15T18:38:40.6228860Z remote: Counting objects:  21% (875/4165)        
2025-07-15T18:38:40.6230694Z remote: Counting objects:  22% (917/4165)        
2025-07-15T18:38:40.6232535Z remote: Counting objects:  23% (958/4165)        
2025-07-15T18:38:40.6234622Z remote: Counting objects:  24% (1000/4165)        
2025-07-15T18:38:40.6236934Z remote: Counting objects:  25% (1042/4165)        
2025-07-15T18:38:40.6239048Z remote: Counting objects:  26% (1083/4165)        
2025-07-15T18:38:40.6241265Z remote: Counting objects:  27% (1125/4165)        
2025-07-15T18:38:40.6243553Z remote: Counting objects:  28% (1167/4165)        
2025-07-15T18:38:40.6246000Z remote: Counting objects:  29% (1208/4165)        
2025-07-15T18:38:40.6248573Z remote: Counting objects:  30% (1250/4165)        
2025-07-15T18:38:40.6250740Z remote: Counting objects:  31% (1292/4165)        
2025-07-15T18:38:40.6252947Z remote: Counting objects:  32% (1333/4165)        
2025-07-15T18:38:40.6255200Z remote: Counting objects:  33% (1375/4165)        
2025-07-15T18:38:40.6257636Z remote: Counting objects:  34% (1417/4165)        
2025-07-15T18:38:40.6259839Z remote: Counting objects:  35% (1458/4165)        
2025-07-15T18:38:40.6261582Z remote: Counting objects:  36% (1500/4165)        
2025-07-15T18:38:40.6262890Z remote: Counting objects:  37% (1542/4165)        
2025-07-15T18:38:40.6264207Z remote: Counting objects:  38% (1583/4165)        
2025-07-15T18:38:40.6265773Z remote: Counting objects:  39% (1625/4165)        
2025-07-15T18:38:40.6267108Z remote: Counting objects:  40% (1666/4165)        
2025-07-15T18:38:40.6268408Z remote: Counting objects:  41% (1708/4165)        
2025-07-15T18:38:40.6269719Z remote: Counting objects:  42% (1750/4165)        
2025-07-15T18:38:40.6271366Z remote: Counting objects:  43% (1791/4165)        
2025-07-15T18:38:40.6272793Z remote: Counting objects:  44% (1833/4165)        
2025-07-15T18:38:40.6274084Z remote: Counting objects:  45% (1875/4165)        
2025-07-15T18:38:40.6275383Z remote: Counting objects:  46% (1916/4165)        
2025-07-15T18:38:40.6277127Z remote: Counting objects:  47% (1958/4165)        
2025-07-15T18:38:40.6278458Z remote: Counting objects:  48% (2000/4165)        
2025-07-15T18:38:40.6279724Z remote: Counting objects:  49% (2041/4165)        
2025-07-15T18:38:40.6280965Z remote: Counting objects:  50% (2083/4165)        
2025-07-15T18:38:40.6282197Z remote: Counting objects:  51% (2125/4165)        
2025-07-15T18:38:40.6283423Z remote: Counting objects:  52% (2166/4165)        
2025-07-15T18:38:40.6284658Z remote: Counting objects:  53% (2208/4165)        
2025-07-15T18:38:40.6286077Z remote: Counting objects:  54% (2250/4165)        
2025-07-15T18:38:40.6287320Z remote: Counting objects:  55% (2291/4165)        
2025-07-15T18:38:40.6288540Z remote: Counting objects:  56% (2333/4165)        
2025-07-15T18:38:40.6289747Z remote: Counting objects:  57% (2375/4165)        
2025-07-15T18:38:40.6290973Z remote: Counting objects:  58% (2416/4165)        
2025-07-15T18:38:40.6292186Z remote: Counting objects:  59% (2458/4165)        
2025-07-15T18:38:40.6293415Z remote: Counting objects:  60% (2499/4165)        
2025-07-15T18:38:40.6294647Z remote: Counting objects:  61% (2541/4165)        
2025-07-15T18:38:40.6296104Z remote: Counting objects:  62% (2583/4165)        
2025-07-15T18:38:40.6297349Z remote: Counting objects:  63% (2624/4165)        
2025-07-15T18:38:40.6298602Z remote: Counting objects:  64% (2666/4165)        
2025-07-15T18:38:40.6300063Z remote: Counting objects:  65% (2708/4165)        
2025-07-15T18:38:40.6301306Z remote: Counting objects:  66% (2749/4165)        
2025-07-15T18:38:40.6302528Z remote: Counting objects:  67% (2791/4165)        
2025-07-15T18:38:40.6303763Z remote: Counting objects:  68% (2833/4165)        
2025-07-15T18:38:40.6304991Z remote: Counting objects:  69% (2874/4165)        
2025-07-15T18:38:40.6306436Z remote: Counting objects:  70% (2916/4165)        
2025-07-15T18:38:40.6307664Z remote: Counting objects:  71% (2958/4165)        
2025-07-15T18:38:40.6308909Z remote: Counting objects:  72% (2999/4165)        
2025-07-15T18:38:40.6310161Z remote: Counting objects:  73% (3041/4165)        
2025-07-15T18:38:40.6311377Z remote: Counting objects:  74% (3083/4165)        
2025-07-15T18:38:40.6312610Z remote: Counting objects:  75% (3124/4165)        
2025-07-15T18:38:40.6313842Z remote: Counting objects:  76% (3166/4165)        
2025-07-15T18:38:40.6315059Z remote: Counting objects:  77% (3208/4165)        
2025-07-15T18:38:40.6316480Z remote: Counting objects:  78% (3249/4165)        
2025-07-15T18:38:40.6317709Z remote: Counting objects:  79% (3291/4165)        
2025-07-15T18:38:40.6318980Z remote: Counting objects:  80% (3332/4165)        
2025-07-15T18:38:40.6320221Z remote: Counting objects:  81% (3374/4165)        
2025-07-15T18:38:40.6321452Z remote: Counting objects:  82% (3416/4165)        
2025-07-15T18:38:40.6322646Z remote: Counting objects:  83% (3457/4165)        
2025-07-15T18:38:40.6323862Z remote: Counting objects:  84% (3499/4165)        
2025-07-15T18:38:40.6325092Z remote: Counting objects:  85% (3541/4165)        
2025-07-15T18:38:40.6326478Z remote: Counting objects:  86% (3582/4165)        
2025-07-15T18:38:40.6327697Z remote: Counting objects:  87% (3624/4165)        
2025-07-15T18:38:40.6328912Z remote: Counting objects:  88% (3666/4165)        
2025-07-15T18:38:40.6330125Z remote: Counting objects:  89% (3707/4165)        
2025-07-15T18:38:40.6331342Z remote: Counting objects:  90% (3749/4165)        
2025-07-15T18:38:40.6332616Z remote: Counting objects:  91% (3791/4165)        
2025-07-15T18:38:40.6333844Z remote: Counting objects:  92% (3832/4165)        
2025-07-15T18:38:40.6335053Z remote: Counting objects:  93% (3874/4165)        
2025-07-15T18:38:40.6336457Z remote: Counting objects:  94% (3916/4165)        
2025-07-15T18:38:40.6337676Z remote: Counting objects:  95% (3957/4165)        
2025-07-15T18:38:40.6338901Z remote: Counting objects:  96% (3999/4165)        
2025-07-15T18:38:40.6340110Z remote: Counting objects:  97% (4041/4165)        
2025-07-15T18:38:40.6759706Z remote: Counting objects:  98% (4082/4165)        
2025-07-15T18:38:40.6761230Z remote: Counting objects:  99% (4124/4165)        
2025-07-15T18:38:40.6762671Z remote: Counting objects: 100% (4165/4165)        
2025-07-15T18:38:40.6764178Z remote: Counting objects: 100% (4165/4165), done.        
2025-07-15T18:38:40.6765976Z remote: Compressing objects:   0% (1/3726)        
2025-07-15T18:38:40.6767458Z remote: Compressing objects:   1% (38/3726)        
2025-07-15T18:38:40.6768903Z remote: Compressing objects:   2% (75/3726)        
2025-07-15T18:38:40.6770387Z remote: Compressing objects:   3% (112/3726)        
2025-07-15T18:38:40.6771869Z remote: Compressing objects:   4% (150/3726)        
2025-07-15T18:38:40.6773335Z remote: Compressing objects:   5% (187/3726)        
2025-07-15T18:38:40.6774675Z remote: Compressing objects:   6% (224/3726)        
2025-07-15T18:38:40.7810890Z remote: Compressing objects:   7% (261/3726)        
2025-07-15T18:38:40.7812977Z remote: Compressing objects:   8% (299/3726)        
2025-07-15T18:38:40.7814483Z remote: Compressing objects:   9% (336/3726)        
2025-07-15T18:38:40.7816228Z remote: Compressing objects:  10% (373/3726)        
2025-07-15T18:38:40.7817821Z remote: Compressing objects:  11% (410/3726)        
2025-07-15T18:38:40.7819593Z remote: Compressing objects:  12% (448/3726)        
2025-07-15T18:38:40.7821310Z remote: Compressing objects:  13% (485/3726)        
2025-07-15T18:38:40.7823209Z remote: Compressing objects:  14% (522/3726)        
2025-07-15T18:38:40.7824660Z remote: Compressing objects:  15% (559/3726)        
2025-07-15T18:38:40.7826208Z remote: Compressing objects:  16% (597/3726)        
2025-07-15T18:38:40.7827392Z remote: Compressing objects:  17% (634/3726)        
2025-07-15T18:38:40.8393114Z remote: Compressing objects:  18% (671/3726)        
2025-07-15T18:38:40.8395031Z remote: Compressing objects:  19% (708/3726)        
2025-07-15T18:38:40.8397100Z remote: Compressing objects:  20% (746/3726)        
2025-07-15T18:38:40.8398596Z remote: Compressing objects:  21% (783/3726)        
2025-07-15T18:38:40.8400062Z remote: Compressing objects:  22% (820/3726)        
2025-07-15T18:38:40.8401508Z remote: Compressing objects:  23% (857/3726)        
2025-07-15T18:38:40.8974489Z remote: Compressing objects:  24% (895/3726)        
2025-07-15T18:38:40.8976802Z remote: Compressing objects:  25% (932/3726)        
2025-07-15T18:38:40.8978685Z remote: Compressing objects:  26% (969/3726)        
2025-07-15T18:38:40.8980239Z remote: Compressing objects:  27% (1007/3726)        
2025-07-15T18:38:40.8981726Z remote: Compressing objects:  28% (1044/3726)        
2025-07-15T18:38:40.9556555Z remote: Compressing objects:  29% (1081/3726)        
2025-07-15T18:38:40.9558523Z remote: Compressing objects:  30% (1118/3726)        
2025-07-15T18:38:40.9560323Z remote: Compressing objects:  31% (1156/3726)        
2025-07-15T18:38:40.9561806Z remote: Compressing objects:  32% (1193/3726)        
2025-07-15T18:38:40.9563271Z remote: Compressing objects:  33% (1230/3726)        
2025-07-15T18:38:40.9564772Z remote: Compressing objects:  34% (1267/3726)        
2025-07-15T18:38:41.0139124Z remote: Compressing objects:  35% (1305/3726)        
2025-07-15T18:38:41.0140636Z remote: Compressing objects:  36% (1342/3726)        
2025-07-15T18:38:41.0141865Z remote: Compressing objects:  37% (1379/3726)        
2025-07-15T18:38:41.0143089Z remote: Compressing objects:  38% (1416/3726)        
2025-07-15T18:38:41.0144351Z remote: Compressing objects:  39% (1454/3726)        
2025-07-15T18:38:41.0145807Z remote: Compressing objects:  40% (1491/3726)        
2025-07-15T18:38:41.0147034Z remote: Compressing objects:  41% (1528/3726)        
2025-07-15T18:38:41.0148231Z remote: Compressing objects:  42% (1565/3726)        
2025-07-15T18:38:41.0149425Z remote: Compressing objects:  43% (1603/3726)        
2025-07-15T18:38:41.0150629Z remote: Compressing objects:  44% (1640/3726)        
2025-07-15T18:38:41.0721343Z remote: Compressing objects:  45% (1677/3726)        
2025-07-15T18:38:41.5284779Z remote: Compressing objects:  46% (1714/3726)        
2025-07-15T18:38:41.5286977Z remote: Compressing objects:  47% (1752/3726)        
2025-07-15T18:38:41.5287904Z remote: Compressing objects:  48% (1789/3726)        
2025-07-15T18:38:41.5865663Z remote: Compressing objects:  49% (1826/3726)        
2025-07-15T18:38:41.6446606Z remote: Compressing objects:  50% (1863/3726)        
2025-07-15T18:38:41.7034363Z remote: Compressing objects:  50% (1878/3726)        
2025-07-15T18:38:41.7612235Z remote: Compressing objects:  51% (1901/3726)        
2025-07-15T18:38:41.8192643Z remote: Compressing objects:  52% (1938/3726)        
2025-07-15T18:38:41.8775351Z remote: Compressing objects:  53% (1975/3726)        
2025-07-15T18:38:41.9362351Z remote: Compressing objects:  54% (2013/3726)        
2025-07-15T18:38:41.9363827Z remote: Compressing objects:  55% (2050/3726)        
2025-07-15T18:38:41.9939962Z remote: Compressing objects:  56% (2087/3726)        
2025-07-15T18:38:41.9940993Z remote: Compressing objects:  57% (2124/3726)        
2025-07-15T18:38:42.0519560Z remote: Compressing objects:  58% (2162/3726)        
2025-07-15T18:38:42.0520305Z remote: Compressing objects:  59% (2199/3726)        
2025-07-15T18:38:42.1112519Z remote: Compressing objects:  60% (2236/3726)        
2025-07-15T18:38:42.1113574Z remote: Compressing objects:  61% (2273/3726)        
2025-07-15T18:38:42.1114645Z remote: Compressing objects:  62% (2311/3726)        
2025-07-15T18:38:42.1682731Z remote: Compressing objects:  63% (2348/3726)        
2025-07-15T18:38:42.1683420Z remote: Compressing objects:  64% (2385/3726)        
2025-07-15T18:38:42.1684110Z remote: Compressing objects:  65% (2422/3726)        
2025-07-15T18:38:42.1684682Z remote: Compressing objects:  66% (2460/3726)        
2025-07-15T18:38:42.2265866Z remote: Compressing objects:  67% (2497/3726)        
2025-07-15T18:38:42.2266559Z remote: Compressing objects:  68% (2534/3726)        
2025-07-15T18:38:42.2267191Z remote: Compressing objects:  69% (2571/3726)        
2025-07-15T18:38:42.2267768Z remote: Compressing objects:  70% (2609/3726)        
2025-07-15T18:38:42.2268297Z remote: Compressing objects:  71% (2646/3726)        
2025-07-15T18:38:42.2268896Z remote: Compressing objects:  72% (2683/3726)        
2025-07-15T18:38:42.2849601Z remote: Compressing objects:  73% (2720/3726)        
2025-07-15T18:38:42.2851242Z remote: Compressing objects:  74% (2758/3726)        
2025-07-15T18:38:42.2852152Z remote: Compressing objects:  75% (2795/3726)        
2025-07-15T18:38:42.2852934Z remote: Compressing objects:  76% (2832/3726)        
2025-07-15T18:38:42.2853818Z remote: Compressing objects:  77% (2870/3726)        
2025-07-15T18:38:42.2854358Z remote: Compressing objects:  78% (2907/3726)        
2025-07-15T18:38:42.2854798Z remote: Compressing objects:  79% (2944/3726)        
2025-07-15T18:38:42.2855230Z remote: Compressing objects:  80% (2981/3726)        
2025-07-15T18:38:42.2855945Z remote: Compressing objects:  81% (3019/3726)        
2025-07-15T18:38:42.2856441Z remote: Compressing objects:  82% (3056/3726)        
2025-07-15T18:38:42.2856994Z remote: Compressing objects:  83% (3093/3726)        
2025-07-15T18:38:42.2857458Z remote: Compressing objects:  84% (3130/3726)        
2025-07-15T18:38:42.2857943Z remote: Compressing objects:  85% (3168/3726)        
2025-07-15T18:38:42.2858370Z remote: Compressing objects:  86% (3205/3726)        
2025-07-15T18:38:42.2858811Z remote: Compressing objects:  87% (3242/3726)        
2025-07-15T18:38:42.2859235Z remote: Compressing objects:  88% (3279/3726)        
2025-07-15T18:38:42.2859686Z remote: Compressing objects:  89% (3317/3726)        
2025-07-15T18:38:42.2905824Z remote: Compressing objects:  90% (3354/3726)        
2025-07-15T18:38:42.2907390Z remote: Compressing objects:  91% (3391/3726)        
2025-07-15T18:38:42.2908067Z remote: Compressing objects:  92% (3428/3726)        
2025-07-15T18:38:42.2908689Z remote: Compressing objects:  93% (3466/3726)        
2025-07-15T18:38:42.2909767Z remote: Compressing objects:  94% (3503/3726)        
2025-07-15T18:38:42.2910321Z remote: Compressing objects:  95% (3540/3726)        
2025-07-15T18:38:42.2910741Z remote: Compressing objects:  96% (3577/3726)        
2025-07-15T18:38:42.2911142Z remote: Compressing objects:  97% (3615/3726)        
2025-07-15T18:38:42.2911529Z remote: Compressing objects:  98% (3652/3726)        
2025-07-15T18:38:42.2911931Z remote: Compressing objects:  99% (3689/3726)        
2025-07-15T18:38:42.2912345Z remote: Compressing objects: 100% (3726/3726)        
2025-07-15T18:38:42.2912760Z remote: Compressing objects: 100% (3726/3726), done.        
2025-07-15T18:38:42.3271460Z Receiving objects:   0% (1/4165)
2025-07-15T18:38:42.3277983Z Receiving objects:   1% (42/4165)
2025-07-15T18:38:42.3659838Z Receiving objects:   2% (84/4165)
2025-07-15T18:38:42.3860187Z Receiving objects:   3% (125/4165)
2025-07-15T18:38:42.3949708Z Receiving objects:   4% (167/4165)
2025-07-15T18:38:42.4048371Z Receiving objects:   5% (209/4165)
2025-07-15T18:38:42.4076281Z Receiving objects:   6% (250/4165)
2025-07-15T18:38:42.4238294Z Receiving objects:   7% (292/4165)
2025-07-15T18:38:42.4292511Z Receiving objects:   8% (334/4165)
2025-07-15T18:38:42.4369333Z Receiving objects:   9% (375/4165)
2025-07-15T18:38:42.4442165Z Receiving objects:  10% (417/4165)
2025-07-15T18:38:42.4510109Z Receiving objects:  11% (459/4165)
2025-07-15T18:38:42.4540645Z Receiving objects:  12% (500/4165)
2025-07-15T18:38:42.4562836Z Receiving objects:  13% (542/4165)
2025-07-15T18:38:42.4571513Z Receiving objects:  14% (584/4165)
2025-07-15T18:38:42.4584901Z Receiving objects:  15% (625/4165)
2025-07-15T18:38:42.4595248Z Receiving objects:  16% (667/4165)
2025-07-15T18:38:42.4634781Z Receiving objects:  17% (709/4165)
2025-07-15T18:38:42.4779442Z Receiving objects:  18% (750/4165)
2025-07-15T18:38:42.4830280Z Receiving objects:  19% (792/4165)
2025-07-15T18:38:42.4882194Z Receiving objects:  20% (833/4165)
2025-07-15T18:38:42.4914389Z Receiving objects:  21% (875/4165)
2025-07-15T18:38:42.4986268Z Receiving objects:  22% (917/4165)
2025-07-15T18:38:42.5038314Z Receiving objects:  23% (958/4165)
2025-07-15T18:38:42.5074924Z Receiving objects:  24% (1000/4165)
2025-07-15T18:38:42.5084994Z Receiving objects:  25% (1042/4165)
2025-07-15T18:38:42.5100437Z Receiving objects:  26% (1083/4165)
2025-07-15T18:38:42.5113127Z Receiving objects:  27% (1125/4165)
2025-07-15T18:38:42.5131308Z Receiving objects:  28% (1167/4165)
2025-07-15T18:38:42.5182987Z Receiving objects:  29% (1208/4165)
2025-07-15T18:38:42.5215934Z Receiving objects:  30% (1250/4165)
2025-07-15T18:38:42.5255282Z Receiving objects:  31% (1292/4165)
2025-07-15T18:38:42.5294218Z Receiving objects:  32% (1333/4165)
2025-07-15T18:38:42.5326893Z Receiving objects:  33% (1375/4165)
2025-07-15T18:38:42.5353089Z Receiving objects:  34% (1417/4165)
2025-07-15T18:38:42.5381867Z Receiving objects:  35% (1458/4165)
2025-07-15T18:38:42.5419114Z Receiving objects:  36% (1500/4165)
2025-07-15T18:38:42.5451719Z Receiving objects:  37% (1542/4165)
2025-07-15T18:38:42.5481115Z Receiving objects:  38% (1583/4165)
2025-07-15T18:38:42.5526006Z Receiving objects:  39% (1625/4165)
2025-07-15T18:38:42.5579647Z Receiving objects:  40% (1666/4165)
2025-07-15T18:38:42.5633528Z Receiving objects:  41% (1708/4165)
2025-07-15T18:38:42.5672319Z Receiving objects:  42% (1750/4165)
2025-07-15T18:38:42.5736779Z Receiving objects:  43% (1791/4165)
2025-07-15T18:38:42.5788437Z Receiving objects:  44% (1833/4165)
2025-07-15T18:38:42.5919048Z Receiving objects:  45% (1875/4165)
2025-07-15T18:38:42.5951115Z Receiving objects:  46% (1916/4165)
2025-07-15T18:38:42.6004991Z Receiving objects:  47% (1958/4165)
2025-07-15T18:38:42.6088191Z Receiving objects:  48% (2000/4165)
2025-07-15T18:38:42.6117067Z Receiving objects:  49% (2041/4165)
2025-07-15T18:38:42.6146443Z Receiving objects:  50% (2083/4165)
2025-07-15T18:38:42.6202557Z Receiving objects:  51% (2125/4165)
2025-07-15T18:38:42.6252582Z Receiving objects:  52% (2166/4165)
2025-07-15T18:38:42.6299297Z Receiving objects:  53% (2208/4165)
2025-07-15T18:38:42.6326401Z Receiving objects:  54% (2250/4165)
2025-07-15T18:38:42.6361773Z Receiving objects:  55% (2291/4165)
2025-07-15T18:38:42.6393356Z Receiving objects:  56% (2333/4165)
2025-07-15T18:38:42.6438039Z Receiving objects:  57% (2375/4165)
2025-07-15T18:38:42.6460886Z Receiving objects:  58% (2416/4165)
2025-07-15T18:38:42.6483049Z Receiving objects:  59% (2458/4165)
2025-07-15T18:38:42.6496227Z Receiving objects:  60% (2499/4165)
2025-07-15T18:38:42.6562847Z Receiving objects:  61% (2541/4165)
2025-07-15T18:38:42.6604972Z Receiving objects:  62% (2583/4165)
2025-07-15T18:38:42.6648804Z Receiving objects:  63% (2624/4165)
2025-07-15T18:38:42.6725247Z Receiving objects:  64% (2666/4165)
2025-07-15T18:38:42.6765412Z Receiving objects:  65% (2708/4165)
2025-07-15T18:38:42.6811698Z Receiving objects:  66% (2749/4165)
2025-07-15T18:38:42.6874266Z Receiving objects:  67% (2791/4165)
2025-07-15T18:38:42.6922704Z Receiving objects:  68% (2833/4165)
2025-07-15T18:38:42.6957781Z Receiving objects:  69% (2874/4165)
2025-07-15T18:38:42.7076706Z Receiving objects:  70% (2916/4165)
2025-07-15T18:38:42.7115687Z Receiving objects:  71% (2958/4165)
2025-07-15T18:38:42.7151047Z Receiving objects:  72% (2999/4165)
2025-07-15T18:38:42.7171106Z Receiving objects:  73% (3041/4165)
2025-07-15T18:38:42.7184870Z Receiving objects:  74% (3083/4165)
2025-07-15T18:38:42.7195939Z Receiving objects:  75% (3124/4165)
2025-07-15T18:38:42.7219131Z Receiving objects:  76% (3166/4165)
2025-07-15T18:38:42.7267785Z Receiving objects:  77% (3208/4165)
2025-07-15T18:38:42.7368842Z Receiving objects:  78% (3249/4165)
2025-07-15T18:38:42.7415184Z Receiving objects:  79% (3291/4165)
2025-07-15T18:38:42.7449800Z Receiving objects:  80% (3332/4165)
2025-07-15T18:38:42.7471581Z Receiving objects:  81% (3374/4165)
2025-07-15T18:38:42.7495045Z Receiving objects:  82% (3416/4165)
2025-07-15T18:38:42.7501631Z Receiving objects:  83% (3457/4165)
2025-07-15T18:38:42.7509345Z Receiving objects:  84% (3499/4165)
2025-07-15T18:38:42.7516988Z Receiving objects:  85% (3541/4165)
2025-07-15T18:38:42.7523362Z Receiving objects:  86% (3582/4165)
2025-07-15T18:38:42.7529048Z Receiving objects:  87% (3624/4165)
2025-07-15T18:38:42.7534648Z Receiving objects:  88% (3666/4165)
2025-07-15T18:38:42.7538381Z Receiving objects:  89% (3707/4165)
2025-07-15T18:38:42.7545368Z Receiving objects:  90% (3749/4165)
2025-07-15T18:38:42.7563095Z Receiving objects:  91% (3791/4165)
2025-07-15T18:38:42.7570628Z Receiving objects:  92% (3832/4165)
2025-07-15T18:38:42.7582444Z Receiving objects:  93% (3874/4165)
2025-07-15T18:38:42.7585339Z Receiving objects:  94% (3916/4165)
2025-07-15T18:38:42.7631242Z Receiving objects:  95% (3957/4165)
2025-07-15T18:38:42.7655177Z Receiving objects:  96% (3999/4165)
2025-07-15T18:38:42.7716021Z Receiving objects:  97% (4041/4165)
2025-07-15T18:38:42.7753085Z Receiving objects:  98% (4082/4165)
2025-07-15T18:38:42.7792504Z Receiving objects:  99% (4124/4165)
2025-07-15T18:38:42.7793168Z remote: Total 4165 (delta 621), reused 3839 (delta 394), pack-reused 0 (from 0)        
2025-07-15T18:38:42.7808652Z Receiving objects: 100% (4165/4165)
2025-07-15T18:38:42.7809062Z Receiving objects: 100% (4165/4165), 14.00 MiB | 28.74 MiB/s, done.
2025-07-15T18:38:42.7813316Z Resolving deltas:   0% (0/621)
2025-07-15T18:38:42.7813779Z Resolving deltas:   1% (7/621)
2025-07-15T18:38:42.7814528Z Resolving deltas:   2% (13/621)
2025-07-15T18:38:42.7815924Z Resolving deltas:   3% (19/621)
2025-07-15T18:38:42.7819166Z Resolving deltas:   4% (25/621)
2025-07-15T18:38:42.7820606Z Resolving deltas:   5% (32/621)
2025-07-15T18:38:42.7821619Z Resolving deltas:   6% (38/621)
2025-07-15T18:38:42.7822048Z Resolving deltas:   7% (44/621)
2025-07-15T18:38:42.7826719Z Resolving deltas:   8% (50/621)
2025-07-15T18:38:42.7830308Z Resolving deltas:   9% (56/621)
2025-07-15T18:38:42.7833410Z Resolving deltas:  10% (63/621)
2025-07-15T18:38:42.7903560Z Resolving deltas:  11% (69/621)
2025-07-15T18:38:42.7914510Z Resolving deltas:  12% (75/621)
2025-07-15T18:38:42.7927846Z Resolving deltas:  13% (81/621)
2025-07-15T18:38:42.7930694Z Resolving deltas:  14% (87/621)
2025-07-15T18:38:42.7934193Z Resolving deltas:  15% (94/621)
2025-07-15T18:38:42.7934596Z Resolving deltas:  16% (100/621)
2025-07-15T18:38:42.7934986Z Resolving deltas:  17% (106/621)
2025-07-15T18:38:42.8013129Z Resolving deltas:  18% (112/621)
2025-07-15T18:38:42.8013772Z Resolving deltas:  19% (119/621)
2025-07-15T18:38:42.8033432Z Resolving deltas:  20% (125/621)
2025-07-15T18:38:42.8033860Z Resolving deltas:  21% (131/621)
2025-07-15T18:38:42.8034251Z Resolving deltas:  22% (137/621)
2025-07-15T18:38:42.8034609Z Resolving deltas:  23% (143/621)
2025-07-15T18:38:42.8034955Z Resolving deltas:  24% (151/621)
2025-07-15T18:38:42.8035206Z Resolving deltas:  25% (156/621)
2025-07-15T18:38:42.8035431Z Resolving deltas:  26% (162/621)
2025-07-15T18:38:42.8035960Z Resolving deltas:  27% (168/621)
2025-07-15T18:38:42.8036185Z Resolving deltas:  28% (174/621)
2025-07-15T18:38:42.8036404Z Resolving deltas:  29% (182/621)
2025-07-15T18:38:42.8036623Z Resolving deltas:  30% (187/621)
2025-07-15T18:38:42.8036832Z Resolving deltas:  31% (193/621)
2025-07-15T18:38:42.8037052Z Resolving deltas:  32% (199/621)
2025-07-15T18:38:42.8037260Z Resolving deltas:  33% (205/621)
2025-07-15T18:38:42.8037541Z Resolving deltas:  34% (212/621)
2025-07-15T18:38:42.8037938Z Resolving deltas:  35% (218/621)
2025-07-15T18:38:42.8038631Z Resolving deltas:  36% (224/621)
2025-07-15T18:38:42.8038997Z Resolving deltas:  37% (231/621)
2025-07-15T18:38:42.8039353Z Resolving deltas:  38% (236/621)
2025-07-15T18:38:42.8039656Z Resolving deltas:  39% (243/621)
2025-07-15T18:38:42.8046613Z Resolving deltas:  40% (249/621)
2025-07-15T18:38:42.8054591Z Resolving deltas:  41% (255/621)
2025-07-15T18:38:42.8057814Z Resolving deltas:  42% (261/621)
2025-07-15T18:38:42.8064200Z Resolving deltas:  43% (268/621)
2025-07-15T18:38:42.8069471Z Resolving deltas:  44% (274/621)
2025-07-15T18:38:42.8073229Z Resolving deltas:  45% (280/621)
2025-07-15T18:38:42.8086531Z Resolving deltas:  46% (286/621)
2025-07-15T18:38:42.8091483Z Resolving deltas:  47% (292/621)
2025-07-15T18:38:42.8094819Z Resolving deltas:  48% (300/621)
2025-07-15T18:38:42.8101781Z Resolving deltas:  49% (305/621)
2025-07-15T18:38:42.8107078Z Resolving deltas:  50% (312/621)
2025-07-15T18:38:42.8112891Z Resolving deltas:  51% (317/621)
2025-07-15T18:38:42.8120454Z Resolving deltas:  52% (323/621)
2025-07-15T18:38:42.8123726Z Resolving deltas:  53% (331/621)
2025-07-15T18:38:42.8127472Z Resolving deltas:  54% (336/621)
2025-07-15T18:38:42.8129816Z Resolving deltas:  55% (343/621)
2025-07-15T18:38:42.8141207Z Resolving deltas:  56% (348/621)
2025-07-15T18:38:42.8149140Z Resolving deltas:  57% (354/621)
2025-07-15T18:38:42.8153256Z Resolving deltas:  58% (361/621)
2025-07-15T18:38:42.8160606Z Resolving deltas:  59% (367/621)
2025-07-15T18:38:42.8166072Z Resolving deltas:  60% (373/621)
2025-07-15T18:38:42.8175725Z Resolving deltas:  61% (379/621)
2025-07-15T18:38:42.8178341Z Resolving deltas:  62% (386/621)
2025-07-15T18:38:42.8184575Z Resolving deltas:  63% (392/621)
2025-07-15T18:38:42.8194970Z Resolving deltas:  64% (398/621)
2025-07-15T18:38:42.8197368Z Resolving deltas:  65% (404/621)
2025-07-15T18:38:42.8201790Z Resolving deltas:  66% (410/621)
2025-07-15T18:38:42.8205402Z Resolving deltas:  67% (417/621)
2025-07-15T18:38:42.8210904Z Resolving deltas:  68% (423/621)
2025-07-15T18:38:42.8214765Z Resolving deltas:  69% (429/621)
2025-07-15T18:38:42.8219630Z Resolving deltas:  70% (435/621)
2025-07-15T18:38:42.8224468Z Resolving deltas:  71% (441/621)
2025-07-15T18:38:42.8228162Z Resolving deltas:  72% (448/621)
2025-07-15T18:38:42.8237246Z Resolving deltas:  73% (454/621)
2025-07-15T18:38:42.8245466Z Resolving deltas:  74% (460/621)
2025-07-15T18:38:42.8249186Z Resolving deltas:  75% (466/621)
2025-07-15T18:38:42.8255661Z Resolving deltas:  76% (472/621)
2025-07-15T18:38:42.8260374Z Resolving deltas:  77% (479/621)
2025-07-15T18:38:42.8267484Z Resolving deltas:  78% (485/621)
2025-07-15T18:38:42.8272151Z Resolving deltas:  79% (491/621)
2025-07-15T18:38:42.8275333Z Resolving deltas:  80% (498/621)
2025-07-15T18:38:42.8275996Z Resolving deltas:  81% (504/621)
2025-07-15T18:38:42.8278819Z Resolving deltas:  82% (511/621)
2025-07-15T18:38:42.8289900Z Resolving deltas:  83% (516/621)
2025-07-15T18:38:42.8314714Z Resolving deltas:  84% (522/621)
2025-07-15T18:38:42.8323000Z Resolving deltas:  85% (528/621)
2025-07-15T18:38:42.8326166Z Resolving deltas:  86% (535/621)
2025-07-15T18:38:42.8333007Z Resolving deltas:  87% (541/621)
2025-07-15T18:38:42.8343466Z Resolving deltas:  88% (547/621)
2025-07-15T18:38:42.8356177Z Resolving deltas:  89% (553/621)
2025-07-15T18:38:42.8362515Z Resolving deltas:  90% (559/621)
2025-07-15T18:38:42.8363929Z Resolving deltas:  91% (567/621)
2025-07-15T18:38:42.8365012Z Resolving deltas:  92% (573/621)
2025-07-15T18:38:42.8366065Z Resolving deltas:  93% (578/621)
2025-07-15T18:38:42.8367777Z Resolving deltas:  94% (584/621)
2025-07-15T18:38:42.8369331Z Resolving deltas:  95% (590/621)
2025-07-15T18:38:42.8370354Z Resolving deltas:  96% (597/621)
2025-07-15T18:38:42.8371239Z Resolving deltas:  97% (603/621)
2025-07-15T18:38:42.8371613Z Resolving deltas:  98% (609/621)
2025-07-15T18:38:42.8373304Z Resolving deltas:  99% (615/621)
2025-07-15T18:38:42.8375856Z Resolving deltas: 100% (621/621)
2025-07-15T18:38:42.8376269Z Resolving deltas: 100% (621/621), done.
2025-07-15T18:38:42.8545467Z From https://github.com/***/testing-CI-CD
2025-07-15T18:38:42.8546340Z  * [new ref]         a08ca658e3325576bf4e18b2a55616f39f2a734a -> origin/main
2025-07-15T18:38:42.8572442Z ##[endgroup]
2025-07-15T18:38:42.8573026Z ##[group]Determining the checkout info
2025-07-15T18:38:42.8575125Z ##[endgroup]
2025-07-15T18:38:42.8575931Z ##[group]Checking out the ref
2025-07-15T18:38:42.8580100Z [command]/usr/bin/git checkout --progress --force -B main refs/remotes/origin/main
2025-07-15T18:38:43.2100533Z Switched to a new branch 'main'
2025-07-15T18:38:43.2102271Z branch 'main' set up to track 'origin/main'.
2025-07-15T18:38:43.2120479Z ##[endgroup]
2025-07-15T18:38:43.2160068Z [command]/usr/bin/git log -1 --format='%H'
2025-07-15T18:38:43.2184147Z 'a08ca658e3325576bf4e18b2a55616f39f2a734a'
2025-07-15T18:38:43.2407817Z ##[group]Run actions/setup-python@v4
2025-07-15T18:38:43.2408084Z with:
2025-07-15T18:38:43.2408270Z   python-version: 3.10
2025-07-15T18:38:43.2408481Z   check-latest: false
2025-07-15T18:38:43.2408836Z   token: ***
2025-07-15T18:38:43.2409022Z   update-environment: true
2025-07-15T18:38:43.2409246Z   allow-prereleases: false
2025-07-15T18:38:43.2409446Z ##[endgroup]
2025-07-15T18:38:43.4112487Z ##[group]Installed versions
2025-07-15T18:38:43.4195219Z Successfully set up CPython (3.10.18)
2025-07-15T18:38:43.4196282Z ##[endgroup]
2025-07-15T18:38:43.4309003Z ##[group]Run python -m pip install --upgrade pip
2025-07-15T18:38:43.4309407Z [36;1mpython -m pip install --upgrade pip[0m
2025-07-15T18:38:43.4309709Z [36;1mpip install -r requirements.txt[0m
2025-07-15T18:38:43.4400802Z shell: /usr/bin/bash -e {0}
2025-07-15T18:38:43.4401064Z env:
2025-07-15T18:38:43.4401334Z   pythonLocation: /opt/hostedtoolcache/Python/3.10.18/x64
2025-07-15T18:38:43.4401786Z   PKG_CONFIG_PATH: /opt/hostedtoolcache/Python/3.10.18/x64/lib/pkgconfig
2025-07-15T18:38:43.4402220Z   Python_ROOT_DIR: /opt/hostedtoolcache/Python/3.10.18/x64
2025-07-15T18:38:43.4402592Z   Python2_ROOT_DIR: /opt/hostedtoolcache/Python/3.10.18/x64
2025-07-15T18:38:43.4402987Z   Python3_ROOT_DIR: /opt/hostedtoolcache/Python/3.10.18/x64
2025-07-15T18:38:43.4403369Z   LD_LIBRARY_PATH: /opt/hostedtoolcache/Python/3.10.18/x64/lib
2025-07-15T18:38:43.4403682Z ##[endgroup]
2025-07-15T18:38:45.1421406Z Requirement already satisfied: pip in /opt/hostedtoolcache/Python/3.10.18/x64/lib/python3.10/site-packages (25.1.1)
2025-07-15T18:38:45.7953105Z Collecting Flask==3.1.0 (from -r requirements.txt (line 1))
2025-07-15T18:38:45.8267164Z   Downloading flask-3.1.0-py3-none-any.whl.metadata (2.7 kB)
2025-07-15T18:38:45.9082592Z Collecting Flask-PyMongo==3.0.1 (from -r requirements.txt (line 2))
2025-07-15T18:38:45.9132788Z   Downloading flask_pymongo-3.0.1-py3-none-any.whl.metadata (3.5 kB)
2025-07-15T18:38:45.9661464Z Collecting pytest==8.2.1 (from -r requirements.txt (line 3))
2025-07-15T18:38:45.9822587Z   Downloading pytest-8.2.1-py3-none-any.whl.metadata (7.6 kB)
2025-07-15T18:38:45.9959733Z Collecting blinker==1.9.0 (from -r requirements.txt (line 4))
2025-07-15T18:38:45.9994995Z   Downloading blinker-1.9.0-py3-none-any.whl.metadata (1.6 kB)
2025-07-15T18:38:46.0178803Z Collecting certifi==2025.7.14 (from -r requirements.txt (line 5))
2025-07-15T18:38:46.0218824Z   Downloading certifi-2025.7.14-py3-none-any.whl.metadata (2.4 kB)
2025-07-15T18:38:46.1102237Z Collecting charset-normalizer==3.4.2 (from -r requirements.txt (line 6))
2025-07-15T18:38:46.1138530Z   Downloading charset_normalizer-3.4.2-cp310-cp310-manylinux_2_17_x86_64.manylinux2014_x86_64.whl.metadata (35 kB)
2025-07-15T18:38:46.1362945Z Collecting click==8.2.1 (from -r requirements.txt (line 7))
2025-07-15T18:38:46.1400120Z   Downloading click-8.2.1-py3-none-any.whl.metadata (2.5 kB)
2025-07-15T18:38:46.1541993Z Collecting dnspython==2.7.0 (from -r requirements.txt (line 8))
2025-07-15T18:38:46.1571411Z   Downloading dnspython-2.7.0-py3-none-any.whl.metadata (5.8 kB)
2025-07-15T18:38:46.1755189Z Collecting idna==3.10 (from -r requirements.txt (line 9))
2025-07-15T18:38:46.1784866Z   Downloading idna-3.10-py3-none-any.whl.metadata (10 kB)
2025-07-15T18:38:46.1907662Z Collecting itsdangerous==2.2.0 (from -r requirements.txt (line 10))
2025-07-15T18:38:46.1938572Z   Downloading itsdangerous-2.2.0-py3-none-any.whl.metadata (1.9 kB)
2025-07-15T18:38:46.2094285Z Collecting Jinja2==3.1.6 (from -r requirements.txt (line 11))
2025-07-15T18:38:46.2124407Z   Downloading jinja2-3.1.6-py3-none-any.whl.metadata (2.9 kB)
2025-07-15T18:38:46.2711288Z Collecting MarkupSafe==3.0.2 (from -r requirements.txt (line 12))
2025-07-15T18:38:46.2746075Z   Downloading MarkupSafe-3.0.2-cp310-cp310-manylinux_2_17_x86_64.manylinux2014_x86_64.whl.metadata (4.0 kB)
2025-07-15T18:38:46.2863228Z Collecting paho-mqtt==2.1.0 (from -r requirements.txt (line 13))
2025-07-15T18:38:46.2932382Z   Downloading paho_mqtt-2.1.0-py3-none-any.whl.metadata (23 kB)
2025-07-15T18:38:46.6339194Z Collecting pymongo==4.13.2 (from -r requirements.txt (line 14))
2025-07-15T18:38:46.6384535Z   Downloading pymongo-4.13.2-cp310-cp310-manylinux_2_17_x86_64.manylinux2014_x86_64.whl.metadata (22 kB)
2025-07-15T18:38:46.6614442Z Collecting python-dotenv==1.1.1 (from -r requirements.txt (line 15))
2025-07-15T18:38:46.6645468Z   Downloading python_dotenv-1.1.1-py3-none-any.whl.metadata (24 kB)
2025-07-15T18:38:46.6936519Z Collecting requests==2.32.4 (from -r requirements.txt (line 16))
2025-07-15T18:38:46.6970947Z   Downloading requests-2.32.4-py3-none-any.whl.metadata (4.9 kB)
2025-07-15T18:38:46.7264202Z Collecting urllib3==2.5.0 (from -r requirements.txt (line 17))
2025-07-15T18:38:46.7297509Z   Downloading urllib3-2.5.0-py3-none-any.whl.metadata (6.5 kB)
2025-07-15T18:38:46.7540860Z Collecting Werkzeug==3.1.3 (from -r requirements.txt (line 18))
2025-07-15T18:38:46.7573611Z   Downloading werkzeug-3.1.3-py3-none-any.whl.metadata (3.7 kB)
2025-07-15T18:38:46.7711178Z Collecting autodevops-cli==0.1.1 (from -r requirements.txt (line 19))
2025-07-15T18:38:46.7759792Z   Downloading autodevops_cli-0.1.1-py3-none-any.whl.metadata (494 bytes)
2025-07-15T18:38:46.7851384Z Collecting iniconfig==2.1.0 (from -r requirements.txt (line 20))
2025-07-15T18:38:46.7887595Z   Downloading iniconfig-2.1.0-py3-none-any.whl.metadata (2.7 kB)
2025-07-15T18:38:46.8013979Z Collecting loguru==0.7.3 (from -r requirements.txt (line 21))
2025-07-15T18:38:46.8044561Z   Downloading loguru-0.7.3-py3-none-any.whl.metadata (22 kB)
2025-07-15T18:38:46.8289558Z Collecting markdown-it-py==3.0.0 (from -r requirements.txt (line 22))
2025-07-15T18:38:46.8320715Z   Downloading markdown_it_py-3.0.0-py3-none-any.whl.metadata (6.9 kB)
2025-07-15T18:38:46.8461775Z Collecting mdurl==0.1.2 (from -r requirements.txt (line 23))
2025-07-15T18:38:46.8492265Z   Downloading mdurl-0.1.2-py3-none-any.whl.metadata (1.6 kB)
2025-07-15T18:38:46.8631320Z Collecting mongomock==4.3.0 (from -r requirements.txt (line 24))
2025-07-15T18:38:46.8671869Z   Downloading mongomock-4.3.0-py2.py3-none-any.whl.metadata (12 kB)
2025-07-15T18:38:46.8842288Z Collecting packaging==25.0 (from -r requirements.txt (line 25))
2025-07-15T18:38:46.8872864Z   Downloading packaging-25.0-py3-none-any.whl.metadata (3.3 kB)
2025-07-15T18:38:46.8994406Z Collecting pluggy==1.6.0 (from -r requirements.txt (line 26))
2025-07-15T18:38:46.9023684Z   Downloading pluggy-1.6.0-py3-none-any.whl.metadata (4.8 kB)
2025-07-15T18:38:46.9219389Z Collecting Pygments==2.19.2 (from -r requirements.txt (line 27))
2025-07-15T18:38:46.9325417Z   Downloading pygments-2.19.2-py3-none-any.whl.metadata (2.5 kB)
2025-07-15T18:38:46.9716992Z Collecting pytz==2025.2 (from -r requirements.txt (line 28))
2025-07-15T18:38:46.9746652Z   Downloading pytz-2025.2-py2.py3-none-any.whl.metadata (22 kB)
2025-07-15T18:38:47.0152059Z Collecting rich==14.0.0 (from -r requirements.txt (line 29))
2025-07-15T18:38:47.0183171Z   Downloading rich-14.0.0-py3-none-any.whl.metadata (18 kB)
2025-07-15T18:38:47.0292759Z Collecting sentinels==1.0.0 (from -r requirements.txt (line 30))
2025-07-15T18:38:47.0430088Z   Downloading sentinels-1.0.0.tar.gz (4.1 kB)
2025-07-15T18:38:47.0551777Z   Installing build dependencies: started
2025-07-15T18:38:47.8893774Z   Installing build dependencies: finished with status 'done'
2025-07-15T18:38:47.8902028Z   Getting requirements to build wheel: started
2025-07-15T18:38:48.2443228Z   Getting requirements to build wheel: finished with status 'done'
2025-07-15T18:38:48.2454057Z   Preparing metadata (pyproject.toml): started
2025-07-15T18:38:48.4276620Z   Preparing metadata (pyproject.toml): finished with status 'done'
2025-07-15T18:38:48.4435737Z Collecting sh==2.2.2 (from -r requirements.txt (line 31))
2025-07-15T18:38:48.4470666Z   Downloading sh-2.2.2-py3-none-any.whl.metadata (3.7 kB)
2025-07-15T18:38:48.4892953Z Collecting exceptiongroup>=1.0.0rc8 (from pytest==8.2.1->-r requirements.txt (line 3))
2025-07-15T18:38:48.4923602Z   Downloading exceptiongroup-1.3.0-py3-none-any.whl.metadata (6.7 kB)
2025-07-15T18:38:48.5089629Z Collecting tomli>=1 (from pytest==8.2.1->-r requirements.txt (line 3))
2025-07-15T18:38:48.5120027Z   Downloading tomli-2.2.1-py3-none-any.whl.metadata (10 kB)
2025-07-15T18:38:48.5858682Z Collecting typing-extensions<5.0,>=4.0.0 (from rich==14.0.0->-r requirements.txt (line 29))
2025-07-15T18:38:48.5888394Z   Downloading typing_extensions-4.14.1-py3-none-any.whl.metadata (3.0 kB)
2025-07-15T18:38:48.6059938Z Downloading flask-3.1.0-py3-none-any.whl (102 kB)
2025-07-15T18:38:48.6127587Z Downloading flask_pymongo-3.0.1-py3-none-any.whl (11 kB)
2025-07-15T18:38:48.6183437Z Downloading pytest-8.2.1-py3-none-any.whl (339 kB)
2025-07-15T18:38:48.6248724Z Downloading pluggy-1.6.0-py3-none-any.whl (20 kB)
2025-07-15T18:38:48.6298688Z Downloading blinker-1.9.0-py3-none-any.whl (8.5 kB)
2025-07-15T18:38:48.6346941Z Downloading certifi-2025.7.14-py3-none-any.whl (162 kB)
2025-07-15T18:38:48.6409153Z Downloading charset_normalizer-3.4.2-cp310-cp310-manylinux_2_17_x86_64.manylinux2014_x86_64.whl (149 kB)
2025-07-15T18:38:48.6463565Z Downloading click-8.2.1-py3-none-any.whl (102 kB)
2025-07-15T18:38:48.6519201Z Downloading dnspython-2.7.0-py3-none-any.whl (313 kB)
2025-07-15T18:38:48.6582689Z Downloading idna-3.10-py3-none-any.whl (70 kB)
2025-07-15T18:38:48.6634033Z Downloading itsdangerous-2.2.0-py3-none-any.whl (16 kB)
2025-07-15T18:38:48.6682377Z Downloading jinja2-3.1.6-py3-none-any.whl (134 kB)
2025-07-15T18:38:48.6733380Z Downloading MarkupSafe-3.0.2-cp310-cp310-manylinux_2_17_x86_64.manylinux2014_x86_64.whl (20 kB)
2025-07-15T18:38:48.6791524Z Downloading paho_mqtt-2.1.0-py3-none-any.whl (67 kB)
2025-07-15T18:38:48.6859414Z Downloading pymongo-4.13.2-cp310-cp310-manylinux_2_17_x86_64.manylinux2014_x86_64.whl (1.2 MB)
2025-07-15T18:38:48.6961167Z    ━━━━━━━━━━━━━━━━━━━━━━━━━━━━━━━━━━━━━━━━ 1.2/1.2 MB 130.5 MB/s eta 0:00:00
2025-07-15T18:38:48.6994980Z Downloading python_dotenv-1.1.1-py3-none-any.whl (20 kB)
2025-07-15T18:38:48.7046097Z Downloading requests-2.32.4-py3-none-any.whl (64 kB)
2025-07-15T18:38:48.7097302Z Downloading urllib3-2.5.0-py3-none-any.whl (129 kB)
2025-07-15T18:38:48.7154181Z Downloading werkzeug-3.1.3-py3-none-any.whl (224 kB)
2025-07-15T18:38:48.7218520Z Downloading autodevops_cli-0.1.1-py3-none-any.whl (4.1 kB)
2025-07-15T18:38:48.7264373Z Downloading iniconfig-2.1.0-py3-none-any.whl (6.0 kB)
2025-07-15T18:38:48.7313630Z Downloading loguru-0.7.3-py3-none-any.whl (61 kB)
2025-07-15T18:38:48.7362952Z Downloading markdown_it_py-3.0.0-py3-none-any.whl (87 kB)
2025-07-15T18:38:48.7412421Z Downloading mdurl-0.1.2-py3-none-any.whl (10.0 kB)
2025-07-15T18:38:48.7476776Z Downloading mongomock-4.3.0-py2.py3-none-any.whl (64 kB)
2025-07-15T18:38:48.7526012Z Downloading packaging-25.0-py3-none-any.whl (66 kB)
2025-07-15T18:38:48.7576863Z Downloading pygments-2.19.2-py3-none-any.whl (1.2 MB)
2025-07-15T18:38:48.7667678Z    ━━━━━━━━━━━━━━━━━━━━━━━━━━━━━━━━━━━━━━━━ 1.2/1.2 MB 151.0 MB/s eta 0:00:00
2025-07-15T18:38:48.7695416Z Downloading pytz-2025.2-py2.py3-none-any.whl (509 kB)
2025-07-15T18:38:48.7766543Z Downloading rich-14.0.0-py3-none-any.whl (243 kB)
2025-07-15T18:38:48.7824111Z Downloading sh-2.2.2-py3-none-any.whl (38 kB)
2025-07-15T18:38:48.7873554Z Downloading typing_extensions-4.14.1-py3-none-any.whl (43 kB)
2025-07-15T18:38:48.7925433Z Downloading exceptiongroup-1.3.0-py3-none-any.whl (16 kB)
2025-07-15T18:38:48.7977801Z Downloading tomli-2.2.1-py3-none-any.whl (14 kB)
2025-07-15T18:38:48.8342112Z Building wheels for collected packages: sentinels
2025-07-15T18:38:48.8353434Z   Building wheel for sentinels (pyproject.toml): started
2025-07-15T18:38:49.0417379Z   Building wheel for sentinels (pyproject.toml): finished with status 'done'
2025-07-15T18:38:49.0423247Z   Created wheel for sentinels: filename=sentinels-1.0.0-py3-none-any.whl size=3229 sha256=3b5c847412e719976c8712f16139f5da3f51410b232001d96c0791731a59be29
2025-07-15T18:38:49.0425034Z   Stored in directory: /home/runner/.cache/pip/wheels/26/bc/eb/67e56405e0684b3d8c011cf4d18129c41be394775fd5ba2347
2025-07-15T18:38:49.0440475Z Successfully built sentinels
2025-07-15T18:38:49.1180197Z Installing collected packages: sentinels, pytz, urllib3, typing-extensions, tomli, sh, python-dotenv, Pygments, pluggy, paho-mqtt, packaging, mdurl, MarkupSafe, loguru, itsdangerous, iniconfig, idna, dnspython, click, charset-normalizer, certifi, blinker, Werkzeug, requests, pymongo, mongomock, markdown-it-py, Jinja2, exceptiongroup, rich, pytest, Flask, Flask-PyMongo, autodevops-cli
2025-07-15T18:38:51.6285353Z 
2025-07-15T18:38:51.6346265Z Successfully installed Flask-3.1.0 Flask-PyMongo-3.0.1 Jinja2-3.1.6 MarkupSafe-3.0.2 Pygments-2.19.2 Werkzeug-3.1.3 autodevops-cli-0.1.1 blinker-1.9.0 certifi-2025.7.14 charset-normalizer-3.4.2 click-8.2.1 dnspython-2.7.0 exceptiongroup-1.3.0 idna-3.10 iniconfig-2.1.0 itsdangerous-2.2.0 loguru-0.7.3 markdown-it-py-3.0.0 mdurl-0.1.2 mongomock-4.3.0 packaging-25.0 paho-mqtt-2.1.0 pluggy-1.6.0 pymongo-4.13.2 pytest-8.2.1 python-dotenv-1.1.1 pytz-2025.2 requests-2.32.4 rich-14.0.0 sentinels-1.0.0 sh-2.2.2 tomli-2.2.1 typing-extensions-4.14.1 urllib3-2.5.0
2025-07-15T18:38:51.7840857Z ##[group]Run export PYTHONPATH=.
2025-07-15T18:38:51.7841187Z [36;1mexport PYTHONPATH=.[0m
2025-07-15T18:38:51.7841464Z [36;1mpytest test_main.py -v[0m
2025-07-15T18:38:51.7869987Z shell: /usr/bin/bash -e {0}
2025-07-15T18:38:51.7870229Z env:
2025-07-15T18:38:51.7870482Z   pythonLocation: /opt/hostedtoolcache/Python/3.10.18/x64
2025-07-15T18:38:51.7870927Z   PKG_CONFIG_PATH: /opt/hostedtoolcache/Python/3.10.18/x64/lib/pkgconfig
2025-07-15T18:38:51.7871350Z   Python_ROOT_DIR: /opt/hostedtoolcache/Python/3.10.18/x64
2025-07-15T18:38:51.7871726Z   Python2_ROOT_DIR: /opt/hostedtoolcache/Python/3.10.18/x64
2025-07-15T18:38:51.7872105Z   Python3_ROOT_DIR: /opt/hostedtoolcache/Python/3.10.18/x64
2025-07-15T18:38:51.7872476Z   LD_LIBRARY_PATH: /opt/hostedtoolcache/Python/3.10.18/x64/lib
2025-07-15T18:38:51.7872789Z ##[endgroup]
2025-07-15T18:38:52.2527125Z ============================= test session starts ==============================
2025-07-15T18:38:52.2528205Z platform linux -- Python 3.10.18, pytest-8.2.1, pluggy-1.6.0 -- /opt/hostedtoolcache/Python/3.10.18/x64/bin/python
2025-07-15T18:38:52.2528960Z cachedir: .pytest_cache
2025-07-15T18:38:52.2529444Z rootdir: /home/runner/work/testing-CI-CD/testing-CI-CD
2025-07-15T18:38:52.6071929Z collecting ... collected 7 items
2025-07-15T18:38:52.6072481Z 
2025-07-15T18:38:52.6200145Z test_main.py::test_home_page PASSED                                      [ 14%]
2025-07-15T18:38:52.7306787Z test_main.py::test_admin_dashboard PASSED                                [ 28%]
2025-07-15T18:38:52.7373423Z test_main.py::test_student_dashboard PASSED                              [ 42%]
2025-07-15T18:38:52.7416553Z test_main.py::test_generate_attendance_no_input PASSED                   [ 57%]
2025-07-15T18:38:52.7458715Z test_main.py::test_student_generate_attendance_invalid PASSED            [ 71%]
2025-07-15T18:38:52.7519235Z test_main.py::test_register_user_get PASSED                              [ 85%]
2025-07-15T18:38:52.7579377Z test_main.py::test_receive_rfid_missing PASSED                           [100%]
2025-07-15T18:38:52.7579860Z 
2025-07-15T18:38:52.7580043Z ============================== 7 passed in 0.51s ===============================
2025-07-15T18:38:52.8096150Z ##[group]Run docker/login-action@v3
2025-07-15T18:38:52.8096445Z with:
2025-07-15T18:38:52.8096762Z   username: ***
2025-07-15T18:38:52.8097028Z   password: ***
2025-07-15T18:38:52.8097220Z   ecr: auto
2025-07-15T18:38:52.8097398Z   logout: true
2025-07-15T18:38:52.8097581Z env:
2025-07-15T18:38:52.8097826Z   pythonLocation: /opt/hostedtoolcache/Python/3.10.18/x64
2025-07-15T18:38:52.8098264Z   PKG_CONFIG_PATH: /opt/hostedtoolcache/Python/3.10.18/x64/lib/pkgconfig
2025-07-15T18:38:52.8098694Z   Python_ROOT_DIR: /opt/hostedtoolcache/Python/3.10.18/x64
2025-07-15T18:38:52.8099084Z   Python2_ROOT_DIR: /opt/hostedtoolcache/Python/3.10.18/x64
2025-07-15T18:38:52.8099459Z   Python3_ROOT_DIR: /opt/hostedtoolcache/Python/3.10.18/x64
2025-07-15T18:38:52.8099836Z   LD_LIBRARY_PATH: /opt/hostedtoolcache/Python/3.10.18/x64/lib
2025-07-15T18:38:52.8100150Z ##[endgroup]
2025-07-15T18:38:53.0968384Z Logging into Docker Hub...
2025-07-15T18:38:53.9034705Z Login Succeeded!
2025-07-15T18:38:53.9170389Z ##[group]Run docker build -t ***/flask-ci-cd-demo .
2025-07-15T18:38:53.9170823Z [36;1mdocker build -t ***/flask-ci-cd-demo .[0m
2025-07-15T18:38:53.9200052Z shell: /usr/bin/bash -e {0}
2025-07-15T18:38:53.9200290Z env:
2025-07-15T18:38:53.9200547Z   pythonLocation: /opt/hostedtoolcache/Python/3.10.18/x64
2025-07-15T18:38:53.9200963Z   PKG_CONFIG_PATH: /opt/hostedtoolcache/Python/3.10.18/x64/lib/pkgconfig
2025-07-15T18:38:53.9201365Z   Python_ROOT_DIR: /opt/hostedtoolcache/Python/3.10.18/x64
2025-07-15T18:38:53.9201721Z   Python2_ROOT_DIR: /opt/hostedtoolcache/Python/3.10.18/x64
2025-07-15T18:38:53.9202073Z   Python3_ROOT_DIR: /opt/hostedtoolcache/Python/3.10.18/x64
2025-07-15T18:38:53.9202438Z   LD_LIBRARY_PATH: /opt/hostedtoolcache/Python/3.10.18/x64/lib
2025-07-15T18:38:53.9202747Z ##[endgroup]
2025-07-15T18:38:54.4019263Z #0 building with "default" instance using docker driver
2025-07-15T18:38:54.4019861Z 
2025-07-15T18:38:54.4020243Z #1 [internal] load build definition from Dockerfile
2025-07-15T18:38:54.4020713Z #1 transferring dockerfile: 798B done
2025-07-15T18:38:54.4021079Z #1 DONE 0.0s
2025-07-15T18:38:54.4021238Z 
2025-07-15T18:38:54.4021497Z #2 [internal] load metadata for docker.io/library/python:3.10-slim
2025-07-15T18:38:54.6316845Z #2 ...
2025-07-15T18:38:54.6317051Z 
2025-07-15T18:38:54.6317322Z #3 [auth] library/python:pull token for registry-1.docker.io
2025-07-15T18:38:54.6317844Z #3 DONE 0.0s
2025-07-15T18:38:54.7820893Z 
2025-07-15T18:38:54.7821424Z #2 [internal] load metadata for docker.io/library/python:3.10-slim
2025-07-15T18:38:55.2588933Z #2 DONE 1.0s
2025-07-15T18:38:55.3784725Z 
2025-07-15T18:38:55.3785186Z #4 [internal] load .dockerignore
2025-07-15T18:38:55.3785887Z #4 transferring context: 2B done
2025-07-15T18:38:55.3786262Z #4 DONE 0.0s
2025-07-15T18:38:55.3786445Z 
2025-07-15T18:38:55.3787305Z #5 [1/6] FROM docker.io/library/python:3.10-slim@sha256:9dd6774a1276178f94b0cc1fb1f0edd980825d0ea7634847af9940b1b6273c13
2025-07-15T18:38:55.3812178Z #5 resolve docker.io/library/python:3.10-slim@sha256:9dd6774a1276178f94b0cc1fb1f0edd980825d0ea7634847af9940b1b6273c13 done
2025-07-15T18:38:55.3813285Z #5 sha256:0ebcc011f0ec7a9a900f7366b104730396a59032e64f04f3867a75f25ed48280 0B / 3.51MB 0.1s
2025-07-15T18:38:55.3814208Z #5 sha256:92d63ec5cbeb1348bad42929919fd8e78f38d96e388b5509d2929d76ddafb48e 0B / 15.65MB 0.1s
2025-07-15T18:38:55.3815130Z #5 sha256:9dd6774a1276178f94b0cc1fb1f0edd980825d0ea7634847af9940b1b6273c13 9.13kB / 9.13kB done
2025-07-15T18:38:55.3830457Z #5 sha256:c5dbd5ba857839a0aa9db765ea519c1514a40da811b4cf08c852b72fab4379d5 1.75kB / 1.75kB done
2025-07-15T18:38:55.3831572Z #5 sha256:563dffbdc42507a70677ee28b4bb678ad9074e3c9f75e3043523a38dcdf4f553 5.37kB / 5.37kB done
2025-07-15T18:38:55.3832502Z #5 sha256:3da95a905ed546f99c4564407923a681757d89651a388ec3f1f5e9bf5ed0b39d 0B / 28.23MB 0.1s
2025-07-15T18:38:55.4793801Z #5 sha256:0ebcc011f0ec7a9a900f7366b104730396a59032e64f04f3867a75f25ed48280 3.51MB / 3.51MB 0.2s done
2025-07-15T18:38:55.4804300Z #5 sha256:3da95a905ed546f99c4564407923a681757d89651a388ec3f1f5e9bf5ed0b39d 2.10MB / 28.23MB 0.2s
2025-07-15T18:38:55.4807396Z #5 sha256:64b78282ca88b226c404cb8dfdee72b75eea52c9ac7380c0439b6e03992e483f 0B / 248B 0.2s
2025-07-15T18:38:55.5827829Z #5 sha256:92d63ec5cbeb1348bad42929919fd8e78f38d96e388b5509d2929d76ddafb48e 4.90MB / 15.65MB 0.3s
2025-07-15T18:38:55.5829700Z #5 sha256:3da95a905ed546f99c4564407923a681757d89651a388ec3f1f5e9bf5ed0b39d 13.63MB / 28.23MB 0.3s
2025-07-15T18:38:55.5838534Z #5 sha256:64b78282ca88b226c404cb8dfdee72b75eea52c9ac7380c0439b6e03992e483f 248B / 248B 0.3s done
2025-07-15T18:38:55.6832447Z #5 sha256:92d63ec5cbeb1348bad42929919fd8e78f38d96e388b5509d2929d76ddafb48e 15.65MB / 15.65MB 0.4s
2025-07-15T18:38:55.6833626Z #5 sha256:3da95a905ed546f99c4564407923a681757d89651a388ec3f1f5e9bf5ed0b39d 28.23MB / 28.23MB 0.4s
2025-07-15T18:38:55.7833781Z #5 sha256:92d63ec5cbeb1348bad42929919fd8e78f38d96e388b5509d2929d76ddafb48e 15.65MB / 15.65MB 0.4s done
2025-07-15T18:38:55.7837890Z #5 sha256:3da95a905ed546f99c4564407923a681757d89651a388ec3f1f5e9bf5ed0b39d 28.23MB / 28.23MB 0.4s done
2025-07-15T18:38:55.7838868Z #5 extracting sha256:3da95a905ed546f99c4564407923a681757d89651a388ec3f1f5e9bf5ed0b39d
2025-07-15T18:38:56.0870369Z #5 ...
2025-07-15T18:38:56.0870631Z 
2025-07-15T18:38:56.0871007Z #6 [internal] load build context
2025-07-15T18:38:56.0871615Z #6 transferring context: 64.65MB 0.6s done
2025-07-15T18:38:56.0872067Z #6 DONE 0.7s
2025-07-15T18:38:56.0872236Z 
2025-07-15T18:38:56.0872825Z #5 [1/6] FROM docker.io/library/python:3.10-slim@sha256:9dd6774a1276178f94b0cc1fb1f0edd980825d0ea7634847af9940b1b6273c13
2025-07-15T18:38:56.8638109Z #5 extracting sha256:3da95a905ed546f99c4564407923a681757d89651a388ec3f1f5e9bf5ed0b39d 1.1s done
2025-07-15T18:38:57.0091333Z #5 extracting sha256:0ebcc011f0ec7a9a900f7366b104730396a59032e64f04f3867a75f25ed48280 0.1s
2025-07-15T18:38:57.1648966Z #5 extracting sha256:0ebcc011f0ec7a9a900f7366b104730396a59032e64f04f3867a75f25ed48280 0.1s done
2025-07-15T18:38:57.4956009Z #5 extracting sha256:92d63ec5cbeb1348bad42929919fd8e78f38d96e388b5509d2929d76ddafb48e
2025-07-15T18:38:58.1910428Z #5 extracting sha256:92d63ec5cbeb1348bad42929919fd8e78f38d96e388b5509d2929d76ddafb48e 0.6s done
2025-07-15T18:38:58.1911819Z #5 extracting sha256:64b78282ca88b226c404cb8dfdee72b75eea52c9ac7380c0439b6e03992e483f
2025-07-15T18:38:58.3613010Z #5 extracting sha256:64b78282ca88b226c404cb8dfdee72b75eea52c9ac7380c0439b6e03992e483f done
2025-07-15T18:38:58.3613974Z #5 DONE 2.9s
2025-07-15T18:38:58.3614158Z 
2025-07-15T18:38:58.3614796Z #7 [2/6] RUN apt-get update &&     apt-get install -y --no-install-recommends     build-essential     curl     nano     git     && rm -rf /var/lib/apt/lists/*
2025-07-15T18:38:58.3616112Z #7 0.150 Get:1 http://deb.debian.org/debian bookworm InRelease [151 kB]
2025-07-15T18:38:58.4783118Z #7 0.158 Get:2 http://deb.debian.org/debian bookworm-updates InRelease [55.4 kB]
2025-07-15T18:38:58.4785387Z #7 0.160 Get:3 http://deb.debian.org/debian-security bookworm-security InRelease [48.0 kB]
2025-07-15T18:38:58.4786618Z #7 0.213 Get:4 http://deb.debian.org/debian bookworm/main amd64 Packages [8793 kB]
2025-07-15T18:38:58.4787496Z #7 0.267 Get:5 http://deb.debian.org/debian bookworm-updates/main amd64 Packages [756 B]
2025-07-15T18:38:58.6747756Z #7 0.313 Get:6 http://deb.debian.org/debian-security bookworm-security/main amd64 Packages [272 kB]
2025-07-15T18:38:59.2267126Z #7 1.016 Fetched 9320 kB in 1s (10.7 MB/s)
2025-07-15T18:38:59.6266066Z #7 1.016 Reading package lists...
2025-07-15T18:39:00.0424960Z #7 1.432 Reading package lists...
2025-07-15T18:39:00.1489263Z #7 1.841 Building dependency tree...
2025-07-15T18:39:00.2594983Z #7 1.935 Reading state information...
2025-07-15T18:39:00.2596177Z #7 2.048 The following additional packages will be installed:
2025-07-15T18:39:00.4112582Z #7 2.048   binutils binutils-common binutils-x86-64-linux-gnu bzip2 cpp cpp-12 dpkg-dev
2025-07-15T18:39:00.4113505Z #7 2.048   g++ g++-12 gcc gcc-12 git-man libasan8 libatomic1 libbinutils libbrotli1
2025-07-15T18:39:00.4114801Z #7 2.048   libc-dev-bin libc6-dev libcc1-0 libcrypt-dev libctf-nobfd0 libctf0
2025-07-15T18:39:00.4115818Z #7 2.048   libcurl3-gnutls libcurl4 libdpkg-perl liberror-perl libexpat1 libgcc-12-dev
2025-07-15T18:39:00.4116661Z #7 2.048   libgdbm-compat4 libgomp1 libgprofng0 libisl23 libitm1 libjansson4
2025-07-15T18:39:00.4117463Z #7 2.048   libldap-2.5-0 liblsan0 libmpc3 libmpfr6 libnghttp2-14 libnsl-dev libperl5.36
2025-07-15T18:39:00.4118302Z #7 2.049   libpsl5 libquadmath0 librtmp1 libsasl2-2 libsasl2-modules-db libssh2-1
2025-07-15T18:39:00.4119123Z #7 2.049   libstdc++-12-dev libtirpc-dev libtsan2 libubsan1 linux-libc-dev make patch
2025-07-15T18:39:00.4119828Z #7 2.049   perl perl-modules-5.36 rpcsvc-proto xz-utils
2025-07-15T18:39:00.4120304Z #7 2.050 Suggested packages:
2025-07-15T18:39:00.4120868Z #7 2.050   binutils-doc bzip2-doc cpp-doc gcc-12-locales cpp-12-doc debian-keyring
2025-07-15T18:39:00.4121944Z #7 2.050   g++-multilib g++-12-multilib gcc-12-doc gcc-multilib manpages-dev autoconf
2025-07-15T18:39:00.4122755Z #7 2.050   automake libtool flex bison gdb gcc-doc gcc-12-multilib gettext-base
2025-07-15T18:39:00.4123549Z #7 2.050   git-daemon-run | git-daemon-sysvinit git-doc git-email git-gui gitk gitweb
2025-07-15T18:39:00.4124381Z #7 2.050   git-cvs git-mediawiki git-svn glibc-doc gnupg | sq | sqop | pgpainless-cli
2025-07-15T18:39:00.4125202Z #7 2.050   sensible-utils bzr libstdc++-12-doc make-doc hunspell ed diffutils-doc
2025-07-15T18:39:00.4126112Z #7 2.050   perl-doc libterm-readline-gnu-perl | libterm-readline-perl-perl
2025-07-15T18:39:00.4126707Z #7 2.050   libtap-harness-archive-perl
2025-07-15T18:39:00.4127113Z #7 2.050 Recommended packages:
2025-07-15T18:39:00.4127662Z #7 2.050   fakeroot gnupg | sq | sqop | pgpainless-cli libalgorithm-merge-perl less
2025-07-15T18:39:00.4128463Z #7 2.050   ssh-client manpages manpages-dev libc-devtools libfile-fcntllock-perl
2025-07-15T18:39:00.4129268Z #7 2.050   liblocale-gettext-perl libldap-common publicsuffix libsasl2-modules
2025-07-15T18:39:00.5926215Z #7 2.381 The following NEW packages will be installed:
2025-07-15T18:39:00.5927493Z #7 2.381   binutils binutils-common binutils-x86-64-linux-gnu build-essential bzip2 cpp
2025-07-15T18:39:00.6954124Z #7 2.382   cpp-12 curl dpkg-dev g++ g++-12 gcc gcc-12 git git-man libasan8 libatomic1
2025-07-15T18:39:00.6955054Z #7 2.382   libbinutils libbrotli1 libc-dev-bin libc6-dev libcc1-0 libcrypt-dev
2025-07-15T18:39:00.6956149Z #7 2.382   libctf-nobfd0 libctf0 libcurl3-gnutls libcurl4 libdpkg-perl liberror-perl
2025-07-15T18:39:00.6957026Z #7 2.382   libexpat1 libgcc-12-dev libgdbm-compat4 libgomp1 libgprofng0 libisl23
2025-07-15T18:39:00.6957880Z #7 2.382   libitm1 libjansson4 libldap-2.5-0 liblsan0 libmpc3 libmpfr6 libnghttp2-14
2025-07-15T18:39:00.6958713Z #7 2.382   libnsl-dev libperl5.36 libpsl5 libquadmath0 librtmp1 libsasl2-2
2025-07-15T18:39:00.6959510Z #7 2.383   libsasl2-modules-db libssh2-1 libstdc++-12-dev libtirpc-dev libtsan2
2025-07-15T18:39:00.6960286Z #7 2.383   libubsan1 linux-libc-dev make nano patch perl perl-modules-5.36 rpcsvc-proto
2025-07-15T18:39:00.6960725Z #7 2.383   xz-utils
2025-07-15T18:39:00.6961044Z #7 2.403 0 upgraded, 62 newly installed, 0 to remove and 0 not upgraded.
2025-07-15T18:39:00.6961435Z #7 2.403 Need to get 85.7 MB of archives.
2025-07-15T18:39:00.6961835Z #7 2.403 After this operation, 370 MB of additional disk space will be used.
2025-07-15T18:39:00.6962440Z #7 2.403 Get:1 http://deb.debian.org/debian bookworm/main amd64 perl-modules-5.36 all 5.36.0-7+deb12u2 [2815 kB]
2025-07-15T18:39:00.6963068Z #7 2.418 Get:2 http://deb.debian.org/debian bookworm/main amd64 libgdbm-compat4 amd64 1.23-3 [48.2 kB]
2025-07-15T18:39:00.6963684Z #7 2.419 Get:3 http://deb.debian.org/debian bookworm/main amd64 libperl5.36 amd64 5.36.0-7+deb12u2 [4207 kB]
2025-07-15T18:39:00.6964262Z #7 2.436 Get:4 http://deb.debian.org/debian bookworm/main amd64 perl amd64 5.36.0-7+deb12u2 [239 kB]
2025-07-15T18:39:00.6964795Z #7 2.438 Get:5 http://deb.debian.org/debian bookworm/main amd64 nano amd64 7.2-1+deb12u1 [690 kB]
2025-07-15T18:39:00.6965844Z #7 2.440 Get:6 http://deb.debian.org/debian bookworm/main amd64 bzip2 amd64 1.0.8-5+b1 [49.8 kB]
2025-07-15T18:39:00.6966376Z #7 2.441 Get:7 http://deb.debian.org/debian bookworm/main amd64 xz-utils amd64 5.4.1-1 [471 kB]
2025-07-15T18:39:00.6966924Z #7 2.443 Get:8 http://deb.debian.org/debian bookworm/main amd64 binutils-common amd64 2.40-2 [2487 kB]
2025-07-15T18:39:00.6967448Z #7 2.452 Get:9 http://deb.debian.org/debian bookworm/main amd64 libbinutils amd64 2.40-2 [572 kB]
2025-07-15T18:39:00.6967984Z #7 2.455 Get:10 http://deb.debian.org/debian bookworm/main amd64 libctf-nobfd0 amd64 2.40-2 [153 kB]
2025-07-15T18:39:00.6968511Z #7 2.456 Get:11 http://deb.debian.org/debian bookworm/main amd64 libctf0 amd64 2.40-2 [89.8 kB]
2025-07-15T18:39:00.6969030Z #7 2.456 Get:12 http://deb.debian.org/debian bookworm/main amd64 libgprofng0 amd64 2.40-2 [812 kB]
2025-07-15T18:39:00.6969711Z #7 2.460 Get:13 http://deb.debian.org/debian bookworm/main amd64 libjansson4 amd64 2.14-2 [40.8 kB]
2025-07-15T18:39:00.6970299Z #7 2.460 Get:14 http://deb.debian.org/debian bookworm/main amd64 binutils-x86-64-linux-gnu amd64 2.40-2 [2246 kB]
2025-07-15T18:39:00.6970861Z #7 2.469 Get:15 http://deb.debian.org/debian bookworm/main amd64 binutils amd64 2.40-2 [65.0 kB]
2025-07-15T18:39:00.6971401Z #7 2.469 Get:16 http://deb.debian.org/debian bookworm/main amd64 libc-dev-bin amd64 2.36-9+deb12u10 [47.1 kB]
2025-07-15T18:39:00.6972051Z #7 2.470 Get:17 http://deb.debian.org/debian-security bookworm-security/main amd64 linux-libc-dev amd64 6.1.140-1 [2145 kB]
2025-07-15T18:39:00.6972667Z #7 2.474 Get:18 http://deb.debian.org/debian bookworm/main amd64 libcrypt-dev amd64 1:4.4.33-2 [118 kB]
2025-07-15T18:39:00.6973204Z #7 2.475 Get:19 http://deb.debian.org/debian bookworm/main amd64 libtirpc-dev amd64 1.3.3+ds-1 [191 kB]
2025-07-15T18:39:00.6973723Z #7 2.476 Get:20 http://deb.debian.org/debian bookworm/main amd64 libnsl-dev amd64 1.3.0-2 [66.4 kB]
2025-07-15T18:39:00.6974261Z #7 2.476 Get:21 http://deb.debian.org/debian bookworm/main amd64 rpcsvc-proto amd64 1.4.3-1 [63.3 kB]
2025-07-15T18:39:00.6974814Z #7 2.477 Get:22 http://deb.debian.org/debian bookworm/main amd64 libc6-dev amd64 2.36-9+deb12u10 [1903 kB]
2025-07-15T18:39:00.6975347Z #7 2.484 Get:23 http://deb.debian.org/debian bookworm/main amd64 libisl23 amd64 0.25-1.1 [683 kB]
2025-07-15T18:39:00.8463249Z #7 2.487 Get:24 http://deb.debian.org/debian bookworm/main amd64 libmpfr6 amd64 4.2.0-1 [701 kB]
2025-07-15T18:39:00.8464391Z #7 2.490 Get:25 http://deb.debian.org/debian bookworm/main amd64 libmpc3 amd64 1.3.1-1 [51.5 kB]
2025-07-15T18:39:00.8465342Z #7 2.490 Get:26 http://deb.debian.org/debian bookworm/main amd64 cpp-12 amd64 12.2.0-14+deb12u1 [9768 kB]
2025-07-15T18:39:00.8466441Z #7 2.527 Get:27 http://deb.debian.org/debian bookworm/main amd64 cpp amd64 4:12.2.0-3 [6836 B]
2025-07-15T18:39:00.8467469Z #7 2.527 Get:28 http://deb.debian.org/debian bookworm/main amd64 libcc1-0 amd64 12.2.0-14+deb12u1 [41.7 kB]
2025-07-15T18:39:00.8469098Z #7 2.527 Get:29 http://deb.debian.org/debian bookworm/main amd64 libgomp1 amd64 12.2.0-14+deb12u1 [116 kB]
2025-07-15T18:39:00.8470035Z #7 2.528 Get:30 http://deb.debian.org/debian bookworm/main amd64 libitm1 amd64 12.2.0-14+deb12u1 [26.1 kB]
2025-07-15T18:39:00.8470993Z #7 2.528 Get:31 http://deb.debian.org/debian bookworm/main amd64 libatomic1 amd64 12.2.0-14+deb12u1 [9376 B]
2025-07-15T18:39:00.8473295Z #7 2.529 Get:32 http://deb.debian.org/debian bookworm/main amd64 libasan8 amd64 12.2.0-14+deb12u1 [2193 kB]
2025-07-15T18:39:00.8476272Z #7 2.537 Get:33 http://deb.debian.org/debian bookworm/main amd64 liblsan0 amd64 12.2.0-14+deb12u1 [969 kB]
2025-07-15T18:39:00.8478142Z #7 2.541 Get:34 http://deb.debian.org/debian bookworm/main amd64 libtsan2 amd64 12.2.0-14+deb12u1 [2197 kB]
2025-07-15T18:39:00.8479410Z #7 2.550 Get:35 http://deb.debian.org/debian bookworm/main amd64 libubsan1 amd64 12.2.0-14+deb12u1 [883 kB]
2025-07-15T18:39:00.8480925Z #7 2.553 Get:36 http://deb.debian.org/debian bookworm/main amd64 libquadmath0 amd64 12.2.0-14+deb12u1 [145 kB]
2025-07-15T18:39:00.8483025Z #7 2.554 Get:37 http://deb.debian.org/debian bookworm/main amd64 libgcc-12-dev amd64 12.2.0-14+deb12u1 [2437 kB]
2025-07-15T18:39:00.8484593Z #7 2.564 Get:38 http://deb.debian.org/debian bookworm/main amd64 gcc-12 amd64 12.2.0-14+deb12u1 [19.3 MB]
2025-07-15T18:39:00.8486285Z #7 2.635 Get:39 http://deb.debian.org/debian bookworm/main amd64 gcc amd64 4:12.2.0-3 [5216 B]
2025-07-15T18:39:01.0561410Z #7 2.635 Get:40 http://deb.debian.org/debian bookworm/main amd64 libstdc++-12-dev amd64 12.2.0-14+deb12u1 [2047 kB]
2025-07-15T18:39:01.0562617Z #7 2.643 Get:41 http://deb.debian.org/debian bookworm/main amd64 g++-12 amd64 12.2.0-14+deb12u1 [10.7 MB]
2025-07-15T18:39:01.0563512Z #7 2.683 Get:42 http://deb.debian.org/debian bookworm/main amd64 g++ amd64 4:12.2.0-3 [1356 B]
2025-07-15T18:39:01.0564306Z #7 2.683 Get:43 http://deb.debian.org/debian bookworm/main amd64 make amd64 4.3-4.1 [396 kB]
2025-07-15T18:39:01.0565434Z #7 2.685 Get:44 http://deb.debian.org/debian bookworm/main amd64 libdpkg-perl all 1.21.22 [603 kB]
2025-07-15T18:39:01.0566567Z #7 2.688 Get:45 http://deb.debian.org/debian bookworm/main amd64 patch amd64 2.7.6-7 [128 kB]
2025-07-15T18:39:01.0567373Z #7 2.688 Get:46 http://deb.debian.org/debian bookworm/main amd64 dpkg-dev all 1.21.22 [1353 kB]
2025-07-15T18:39:01.0568224Z #7 2.694 Get:47 http://deb.debian.org/debian bookworm/main amd64 build-essential amd64 12.9 [7704 B]
2025-07-15T18:39:01.0569055Z #7 2.694 Get:48 http://deb.debian.org/debian bookworm/main amd64 libbrotli1 amd64 1.0.9-2+b6 [275 kB]
2025-07-15T18:39:01.0570117Z #7 2.695 Get:49 http://deb.debian.org/debian bookworm/main amd64 libsasl2-modules-db amd64 2.1.28+dfsg-10 [20.3 kB]
2025-07-15T18:39:01.0570919Z #7 2.696 Get:50 http://deb.debian.org/debian bookworm/main amd64 libsasl2-2 amd64 2.1.28+dfsg-10 [59.7 kB]
2025-07-15T18:39:01.0571595Z #7 2.696 Get:51 http://deb.debian.org/debian bookworm/main amd64 libldap-2.5-0 amd64 2.5.13+dfsg-5 [183 kB]
2025-07-15T18:39:01.0572541Z #7 2.698 Get:52 http://deb.debian.org/debian bookworm/main amd64 libnghttp2-14 amd64 1.52.0-1+deb12u2 [73.0 kB]
2025-07-15T18:39:01.0573639Z #7 2.698 Get:53 http://deb.debian.org/debian bookworm/main amd64 libpsl5 amd64 0.21.2-1 [58.7 kB]
2025-07-15T18:39:01.0574417Z #7 2.699 Get:54 http://deb.debian.org/debian bookworm/main amd64 librtmp1 amd64 2.4+20151223.gitfa8646d.1-2+b2 [60.8 kB]
2025-07-15T18:39:01.0575131Z #7 2.700 Get:55 http://deb.debian.org/debian bookworm/main amd64 libssh2-1 amd64 1.10.0-3+b1 [179 kB]
2025-07-15T18:39:01.0576011Z #7 2.701 Get:56 http://deb.debian.org/debian bookworm/main amd64 libcurl4 amd64 7.88.1-10+deb12u12 [391 kB]
2025-07-15T18:39:01.0576675Z #7 2.703 Get:57 http://deb.debian.org/debian bookworm/main amd64 curl amd64 7.88.1-10+deb12u12 [315 kB]
2025-07-15T18:39:01.0577364Z #7 2.705 Get:58 http://deb.debian.org/debian bookworm/main amd64 libcurl3-gnutls amd64 7.88.1-10+deb12u12 [386 kB]
2025-07-15T18:39:01.0578078Z #7 2.707 Get:59 http://deb.debian.org/debian bookworm/main amd64 libexpat1 amd64 2.5.0-1+deb12u1 [98.9 kB]
2025-07-15T18:39:01.0578740Z #7 2.708 Get:60 http://deb.debian.org/debian bookworm/main amd64 liberror-perl all 0.17029-2 [29.0 kB]
2025-07-15T18:39:01.0579348Z #7 2.709 Get:61 http://deb.debian.org/debian bookworm/main amd64 git-man all 1:2.39.5-0+deb12u2 [2053 kB]
2025-07-15T18:39:01.0579928Z #7 2.718 Get:62 http://deb.debian.org/debian bookworm/main amd64 git amd64 1:2.39.5-0+deb12u2 [7260 kB]
2025-07-15T18:39:01.0580439Z #7 2.845 debconf: delaying package configuration, since apt-utils is not installed
2025-07-15T18:39:01.2493581Z #7 2.866 Fetched 85.7 MB in 0s (239 MB/s)
2025-07-15T18:39:01.2494215Z #7 2.880 Selecting previously unselected package perl-modules-5.36.
2025-07-15T18:39:01.2494787Z #7 2.880 (Reading database ... 
2025-07-15T18:39:01.2495162Z (Reading database ... 5%
2025-07-15T18:39:01.2495700Z (Reading database ... 10%
2025-07-15T18:39:01.2496053Z (Reading database ... 15%
2025-07-15T18:39:01.2496739Z (Reading database ... 20%
2025-07-15T18:39:01.2497079Z (Reading database ... 25%
2025-07-15T18:39:01.2497404Z (Reading database ... 30%
2025-07-15T18:39:01.2497740Z (Reading database ... 35%
2025-07-15T18:39:01.2498070Z (Reading database ... 40%
2025-07-15T18:39:01.2498389Z (Reading database ... 45%
2025-07-15T18:39:01.2498719Z (Reading database ... 50%
2025-07-15T18:39:01.2499051Z (Reading database ... 55%
2025-07-15T18:39:01.2499376Z (Reading database ... 60%
2025-07-15T18:39:01.2499707Z (Reading database ... 65%
2025-07-15T18:39:01.2500039Z (Reading database ... 70%
2025-07-15T18:39:01.2500360Z (Reading database ... 75%
2025-07-15T18:39:01.2500695Z (Reading database ... 80%
2025-07-15T18:39:01.2501033Z (Reading database ... 85%
2025-07-15T18:39:01.2501358Z (Reading database ... 90%
2025-07-15T18:39:01.2501686Z (Reading database ... 95%
2025-07-15T18:39:01.2502017Z (Reading database ... 100%
2025-07-15T18:39:01.2502508Z (Reading database ... 6688 files and directories currently installed.)
2025-07-15T18:39:01.2503435Z #7 2.887 Preparing to unpack .../00-perl-modules-5.36_5.36.0-7+deb12u2_all.deb ...
2025-07-15T18:39:01.2504093Z #7 2.888 Unpacking perl-modules-5.36 (5.36.0-7+deb12u2) ...
2025-07-15T18:39:01.3943748Z #7 3.183 Selecting previously unselected package libgdbm-compat4:amd64.
2025-07-15T18:39:01.5680782Z #7 3.185 Preparing to unpack .../01-libgdbm-compat4_1.23-3_amd64.deb ...
2025-07-15T18:39:01.5681367Z #7 3.186 Unpacking libgdbm-compat4:amd64 (1.23-3) ...
2025-07-15T18:39:01.5681878Z #7 3.204 Selecting previously unselected package libperl5.36:amd64.
2025-07-15T18:39:01.5682479Z #7 3.206 Preparing to unpack .../02-libperl5.36_5.36.0-7+deb12u2_amd64.deb ...
2025-07-15T18:39:01.5683020Z #7 3.207 Unpacking libperl5.36:amd64 (5.36.0-7+deb12u2) ...
2025-07-15T18:39:01.7089428Z #7 3.498 Selecting previously unselected package perl.
2025-07-15T18:39:01.8260421Z #7 3.499 Preparing to unpack .../03-perl_5.36.0-7+deb12u2_amd64.deb ...
2025-07-15T18:39:01.8261039Z #7 3.505 Unpacking perl (5.36.0-7+deb12u2) ...
2025-07-15T18:39:01.8261532Z #7 3.534 Selecting previously unselected package nano.
2025-07-15T18:39:01.8261969Z #7 3.535 Preparing to unpack .../04-nano_7.2-1+deb12u1_amd64.deb ...
2025-07-15T18:39:01.8262348Z #7 3.536 Unpacking nano (7.2-1+deb12u1) ...
2025-07-15T18:39:01.8262715Z #7 3.594 Selecting previously unselected package bzip2.
2025-07-15T18:39:01.8263175Z #7 3.596 Preparing to unpack .../05-bzip2_1.0.8-5+b1_amd64.deb ...
2025-07-15T18:39:01.8263567Z #7 3.596 Unpacking bzip2 (1.0.8-5+b1) ...
2025-07-15T18:39:01.8263949Z #7 3.615 Selecting previously unselected package xz-utils.
2025-07-15T18:39:02.0300798Z #7 3.617 Preparing to unpack .../06-xz-utils_5.4.1-1_amd64.deb ...
2025-07-15T18:39:02.0301374Z #7 3.618 Unpacking xz-utils (5.4.1-1) ...
2025-07-15T18:39:02.0301977Z #7 3.666 Selecting previously unselected package binutils-common:amd64.
2025-07-15T18:39:02.0302801Z #7 3.667 Preparing to unpack .../07-binutils-common_2.40-2_amd64.deb ...
2025-07-15T18:39:02.0303392Z #7 3.668 Unpacking binutils-common:amd64 (2.40-2) ...
2025-07-15T18:39:02.0437787Z #7 3.833 Selecting previously unselected package libbinutils:amd64.
2025-07-15T18:39:02.1444397Z #7 3.834 Preparing to unpack .../08-libbinutils_2.40-2_amd64.deb ...
2025-07-15T18:39:02.1445182Z #7 3.835 Unpacking libbinutils:amd64 (2.40-2) ...
2025-07-15T18:39:02.1445873Z #7 3.883 Selecting previously unselected package libctf-nobfd0:amd64.
2025-07-15T18:39:02.1446424Z #7 3.884 Preparing to unpack .../09-libctf-nobfd0_2.40-2_amd64.deb ...
2025-07-15T18:39:02.1446873Z #7 3.885 Unpacking libctf-nobfd0:amd64 (2.40-2) ...
2025-07-15T18:39:02.1447300Z #7 3.908 Selecting previously unselected package libctf0:amd64.
2025-07-15T18:39:02.1447758Z #7 3.910 Preparing to unpack .../10-libctf0_2.40-2_amd64.deb ...
2025-07-15T18:39:02.1448156Z #7 3.910 Unpacking libctf0:amd64 (2.40-2) ...
2025-07-15T18:39:02.1448575Z #7 3.931 Selecting previously unselected package libgprofng0:amd64.
2025-07-15T18:39:02.1449079Z #7 3.932 Preparing to unpack .../11-libgprofng0_2.40-2_amd64.deb ...
2025-07-15T18:39:02.1449770Z #7 3.933 Unpacking libgprofng0:amd64 (2.40-2) ...
2025-07-15T18:39:02.3808886Z #7 3.998 Selecting previously unselected package libjansson4:amd64.
2025-07-15T18:39:02.3809679Z #7 4.000 Preparing to unpack .../12-libjansson4_2.14-2_amd64.deb ...
2025-07-15T18:39:02.3810247Z #7 4.001 Unpacking libjansson4:amd64 (2.14-2) ...
2025-07-15T18:39:02.3991477Z #7 4.017 Selecting previously unselected package binutils-x86-64-linux-gnu.
2025-07-15T18:39:02.3992305Z #7 4.018 Preparing to unpack .../13-binutils-x86-64-linux-gnu_2.40-2_amd64.deb ...
2025-07-15T18:39:02.3992975Z #7 4.019 Unpacking binutils-x86-64-linux-gnu (2.40-2) ...
2025-07-15T18:39:02.3993532Z #7 4.188 Selecting previously unselected package binutils.
2025-07-15T18:39:02.5931631Z #7 4.190 Preparing to unpack .../14-binutils_2.40-2_amd64.deb ...
2025-07-15T18:39:02.5932459Z #7 4.190 Unpacking binutils (2.40-2) ...
2025-07-15T18:39:02.5933179Z #7 4.211 Selecting previously unselected package libc-dev-bin.
2025-07-15T18:39:02.5934456Z #7 4.213 Preparing to unpack .../15-libc-dev-bin_2.36-9+deb12u10_amd64.deb ...
2025-07-15T18:39:02.5935250Z #7 4.213 Unpacking libc-dev-bin (2.36-9+deb12u10) ...
2025-07-15T18:39:02.5935897Z #7 4.229 Selecting previously unselected package linux-libc-dev:amd64.
2025-07-15T18:39:02.5936488Z #7 4.231 Preparing to unpack .../16-linux-libc-dev_6.1.140-1_amd64.deb ...
2025-07-15T18:39:02.5936996Z #7 4.231 Unpacking linux-libc-dev:amd64 (6.1.140-1) ...
2025-07-15T18:39:02.6476875Z #7 4.436 Selecting previously unselected package libcrypt-dev:amd64.
2025-07-15T18:39:02.7513102Z #7 4.438 Preparing to unpack .../17-libcrypt-dev_1%3a4.4.33-2_amd64.deb ...
2025-07-15T18:39:02.7513626Z #7 4.444 Unpacking libcrypt-dev:amd64 (1:4.4.33-2) ...
2025-07-15T18:39:02.7514032Z #7 4.465 Selecting previously unselected package libtirpc-dev:amd64.
2025-07-15T18:39:02.7514496Z #7 4.466 Preparing to unpack .../18-libtirpc-dev_1.3.3+ds-1_amd64.deb ...
2025-07-15T18:39:02.7514889Z #7 4.467 Unpacking libtirpc-dev:amd64 (1.3.3+ds-1) ...
2025-07-15T18:39:02.7515302Z #7 4.496 Selecting previously unselected package libnsl-dev:amd64.
2025-07-15T18:39:02.7515938Z #7 4.497 Preparing to unpack .../19-libnsl-dev_1.3.0-2_amd64.deb ...
2025-07-15T18:39:02.7516298Z #7 4.498 Unpacking libnsl-dev:amd64 (1.3.0-2) ...
2025-07-15T18:39:02.7516666Z #7 4.517 Selecting previously unselected package rpcsvc-proto.
2025-07-15T18:39:02.7517092Z #7 4.518 Preparing to unpack .../20-rpcsvc-proto_1.4.3-1_amd64.deb ...
2025-07-15T18:39:02.7517463Z #7 4.519 Unpacking rpcsvc-proto (1.4.3-1) ...
2025-07-15T18:39:02.7517812Z #7 4.540 Selecting previously unselected package libc6-dev:amd64.
2025-07-15T18:39:02.9019640Z #7 4.542 Preparing to unpack .../21-libc6-dev_2.36-9+deb12u10_amd64.deb ...
2025-07-15T18:39:02.9020117Z #7 4.543 Unpacking libc6-dev:amd64 (2.36-9+deb12u10) ...
2025-07-15T18:39:02.9020498Z #7 4.691 Selecting previously unselected package libisl23:amd64.
2025-07-15T18:39:03.0053079Z #7 4.693 Preparing to unpack .../22-libisl23_0.25-1.1_amd64.deb ...
2025-07-15T18:39:03.0053729Z #7 4.694 Unpacking libisl23:amd64 (0.25-1.1) ...
2025-07-15T18:39:03.0054276Z #7 4.753 Selecting previously unselected package libmpfr6:amd64.
2025-07-15T18:39:03.0054967Z #7 4.755 Preparing to unpack .../23-libmpfr6_4.2.0-1_amd64.deb ...
2025-07-15T18:39:03.0055766Z #7 4.756 Unpacking libmpfr6:amd64 (4.2.0-1) ...
2025-07-15T18:39:03.0056339Z #7 4.794 Selecting previously unselected package libmpc3:amd64.
2025-07-15T18:39:03.1780533Z #7 4.796 Preparing to unpack .../24-libmpc3_1.3.1-1_amd64.deb ...
2025-07-15T18:39:03.1781298Z #7 4.797 Unpacking libmpc3:amd64 (1.3.1-1) ...
2025-07-15T18:39:03.1781935Z #7 4.814 Selecting previously unselected package cpp-12.
2025-07-15T18:39:03.1782684Z #7 4.816 Preparing to unpack .../25-cpp-12_12.2.0-14+deb12u1_amd64.deb ...
2025-07-15T18:39:03.1783386Z #7 4.816 Unpacking cpp-12 (12.2.0-14+deb12u1) ...
2025-07-15T18:39:03.5325288Z #7 5.321 Selecting previously unselected package cpp.
2025-07-15T18:39:03.6357135Z #7 5.323 Preparing to unpack .../26-cpp_4%3a12.2.0-3_amd64.deb ...
2025-07-15T18:39:03.6358073Z #7 5.324 Unpacking cpp (4:12.2.0-3) ...
2025-07-15T18:39:03.6358817Z #7 5.340 Selecting previously unselected package libcc1-0:amd64.
2025-07-15T18:39:03.6359631Z #7 5.342 Preparing to unpack .../27-libcc1-0_12.2.0-14+deb12u1_amd64.deb ...
2025-07-15T18:39:03.6360379Z #7 5.343 Unpacking libcc1-0:amd64 (12.2.0-14+deb12u1) ...
2025-07-15T18:39:03.6361015Z #7 5.361 Selecting previously unselected package libgomp1:amd64.
2025-07-15T18:39:03.6361520Z #7 5.363 Preparing to unpack .../28-libgomp1_12.2.0-14+deb12u1_amd64.deb ...
2025-07-15T18:39:03.6361995Z #7 5.364 Unpacking libgomp1:amd64 (12.2.0-14+deb12u1) ...
2025-07-15T18:39:03.6362431Z #7 5.386 Selecting previously unselected package libitm1:amd64.
2025-07-15T18:39:03.6362918Z #7 5.388 Preparing to unpack .../29-libitm1_12.2.0-14+deb12u1_amd64.deb ...
2025-07-15T18:39:03.6363380Z #7 5.389 Unpacking libitm1:amd64 (12.2.0-14+deb12u1) ...
2025-07-15T18:39:03.6364106Z #7 5.406 Selecting previously unselected package libatomic1:amd64.
2025-07-15T18:39:03.6364618Z #7 5.408 Preparing to unpack .../30-libatomic1_12.2.0-14+deb12u1_amd64.deb ...
2025-07-15T18:39:03.6365094Z #7 5.409 Unpacking libatomic1:amd64 (12.2.0-14+deb12u1) ...
2025-07-15T18:39:03.6365774Z #7 5.425 Selecting previously unselected package libasan8:amd64.
2025-07-15T18:39:03.7891100Z #7 5.426 Preparing to unpack .../31-libasan8_12.2.0-14+deb12u1_amd64.deb ...
2025-07-15T18:39:03.7891992Z #7 5.427 Unpacking libasan8:amd64 (12.2.0-14+deb12u1) ...
2025-07-15T18:39:03.7955814Z #7 5.584 Selecting previously unselected package liblsan0:amd64.
2025-07-15T18:39:04.0291625Z #7 5.586 Preparing to unpack .../32-liblsan0_12.2.0-14+deb12u1_amd64.deb ...
2025-07-15T18:39:04.0292360Z #7 5.587 Unpacking liblsan0:amd64 (12.2.0-14+deb12u1) ...
2025-07-15T18:39:04.0292893Z #7 5.665 Selecting previously unselected package libtsan2:amd64.
2025-07-15T18:39:04.0293590Z #7 5.666 Preparing to unpack .../33-libtsan2_12.2.0-14+deb12u1_amd64.deb ...
2025-07-15T18:39:04.0294405Z #7 5.667 Unpacking libtsan2:amd64 (12.2.0-14+deb12u1) ...
2025-07-15T18:39:04.0334514Z #7 5.822 Selecting previously unselected package libubsan1:amd64.
2025-07-15T18:39:04.1343166Z #7 5.824 Preparing to unpack .../34-libubsan1_12.2.0-14+deb12u1_amd64.deb ...
2025-07-15T18:39:04.1343774Z #7 5.825 Unpacking libubsan1:amd64 (12.2.0-14+deb12u1) ...
2025-07-15T18:39:04.1344212Z #7 5.897 Selecting previously unselected package libquadmath0:amd64.
2025-07-15T18:39:04.1344735Z #7 5.899 Preparing to unpack .../35-libquadmath0_12.2.0-14+deb12u1_amd64.deb ...
2025-07-15T18:39:04.1345224Z #7 5.900 Unpacking libquadmath0:amd64 (12.2.0-14+deb12u1) ...
2025-07-15T18:39:04.1345931Z #7 5.923 Selecting previously unselected package libgcc-12-dev:amd64.
2025-07-15T18:39:04.2878042Z #7 5.925 Preparing to unpack .../36-libgcc-12-dev_12.2.0-14+deb12u1_amd64.deb ...
2025-07-15T18:39:04.2883053Z #7 5.926 Unpacking libgcc-12-dev:amd64 (12.2.0-14+deb12u1) ...
2025-07-15T18:39:04.2883747Z #7 6.077 Selecting previously unselected package gcc-12.
2025-07-15T18:39:04.4416611Z #7 6.079 Preparing to unpack .../37-gcc-12_12.2.0-14+deb12u1_amd64.deb ...
2025-07-15T18:39:04.4417352Z #7 6.080 Unpacking gcc-12 (12.2.0-14+deb12u1) ...
2025-07-15T18:39:04.9501738Z #7 6.739 Selecting previously unselected package gcc.
2025-07-15T18:39:05.1242558Z #7 6.741 Preparing to unpack .../38-gcc_4%3a12.2.0-3_amd64.deb ...
2025-07-15T18:39:05.1243266Z #7 6.741 Unpacking gcc (4:12.2.0-3) ...
2025-07-15T18:39:05.1243825Z #7 6.760 Selecting previously unselected package libstdc++-12-dev:amd64.
2025-07-15T18:39:05.1244539Z #7 6.761 Preparing to unpack .../39-libstdc++-12-dev_12.2.0-14+deb12u1_amd64.deb ...
2025-07-15T18:39:05.1245200Z #7 6.763 Unpacking libstdc++-12-dev:amd64 (12.2.0-14+deb12u1) ...
2025-07-15T18:39:05.1684215Z #7 6.957 Selecting previously unselected package g++-12.
2025-07-15T18:39:05.3216696Z #7 6.959 Preparing to unpack .../40-g++-12_12.2.0-14+deb12u1_amd64.deb ...
2025-07-15T18:39:05.3217185Z #7 6.960 Unpacking g++-12 (12.2.0-14+deb12u1) ...
2025-07-15T18:39:05.6907344Z #7 7.480 Selecting previously unselected package g++.
2025-07-15T18:39:05.8081078Z #7 7.481 Preparing to unpack .../41-g++_4%3a12.2.0-3_amd64.deb ...
2025-07-15T18:39:05.8081649Z #7 7.482 Unpacking g++ (4:12.2.0-3) ...
2025-07-15T18:39:05.8082019Z #7 7.496 Selecting previously unselected package make.
2025-07-15T18:39:05.8082560Z #7 7.498 Preparing to unpack .../42-make_4.3-4.1_amd64.deb ...
2025-07-15T18:39:05.8082968Z #7 7.499 Unpacking make (4.3-4.1) ...
2025-07-15T18:39:05.8083434Z #7 7.539 Selecting previously unselected package libdpkg-perl.
2025-07-15T18:39:05.8084005Z #7 7.541 Preparing to unpack .../43-libdpkg-perl_1.21.22_all.deb ...
2025-07-15T18:39:05.8084435Z #7 7.542 Unpacking libdpkg-perl (1.21.22) ...
2025-07-15T18:39:05.8084908Z #7 7.597 Selecting previously unselected package patch.
2025-07-15T18:39:05.9203430Z #7 7.599 Preparing to unpack .../44-patch_2.7.6-7_amd64.deb ...
2025-07-15T18:39:05.9204088Z #7 7.600 Unpacking patch (2.7.6-7) ...
2025-07-15T18:39:05.9204958Z #7 7.622 Selecting previously unselected package dpkg-dev.
2025-07-15T18:39:05.9205894Z #7 7.624 Preparing to unpack .../45-dpkg-dev_1.21.22_all.deb ...
2025-07-15T18:39:05.9206458Z #7 7.625 Unpacking dpkg-dev (1.21.22) ...
2025-07-15T18:39:05.9207036Z #7 7.709 Selecting previously unselected package build-essential.
2025-07-15T18:39:06.0460765Z #7 7.711 Preparing to unpack .../46-build-essential_12.9_amd64.deb ...
2025-07-15T18:39:06.0461272Z #7 7.712 Unpacking build-essential (12.9) ...
2025-07-15T18:39:06.0461822Z #7 7.728 Selecting previously unselected package libbrotli1:amd64.
2025-07-15T18:39:06.0462446Z #7 7.730 Preparing to unpack .../47-libbrotli1_1.0.9-2+b6_amd64.deb ...
2025-07-15T18:39:06.0462895Z #7 7.731 Unpacking libbrotli1:amd64 (1.0.9-2+b6) ...
2025-07-15T18:39:06.0463478Z #7 7.763 Selecting previously unselected package libsasl2-modules-db:amd64.
2025-07-15T18:39:06.0464167Z #7 7.765 Preparing to unpack .../48-libsasl2-modules-db_2.1.28+dfsg-10_amd64.deb ...
2025-07-15T18:39:06.0464763Z #7 7.766 Unpacking libsasl2-modules-db:amd64 (2.1.28+dfsg-10) ...
2025-07-15T18:39:06.0465327Z #7 7.782 Selecting previously unselected package libsasl2-2:amd64.
2025-07-15T18:39:06.0466124Z #7 7.784 Preparing to unpack .../49-libsasl2-2_2.1.28+dfsg-10_amd64.deb ...
2025-07-15T18:39:06.0466700Z #7 7.785 Unpacking libsasl2-2:amd64 (2.1.28+dfsg-10) ...
2025-07-15T18:39:06.0467165Z #7 7.804 Selecting previously unselected package libldap-2.5-0:amd64.
2025-07-15T18:39:06.0467800Z #7 7.806 Preparing to unpack .../50-libldap-2.5-0_2.5.13+dfsg-5_amd64.deb ...
2025-07-15T18:39:06.0468366Z #7 7.808 Unpacking libldap-2.5-0:amd64 (2.5.13+dfsg-5) ...
2025-07-15T18:39:06.0468847Z #7 7.835 Selecting previously unselected package libnghttp2-14:amd64.
2025-07-15T18:39:06.1472150Z #7 7.837 Preparing to unpack .../51-libnghttp2-14_1.52.0-1+deb12u2_amd64.deb ...
2025-07-15T18:39:06.1472775Z #7 7.838 Unpacking libnghttp2-14:amd64 (1.52.0-1+deb12u2) ...
2025-07-15T18:39:06.1473264Z #7 7.859 Selecting previously unselected package libpsl5:amd64.
2025-07-15T18:39:06.1473910Z #7 7.861 Preparing to unpack .../52-libpsl5_0.21.2-1_amd64.deb ...
2025-07-15T18:39:06.1474354Z #7 7.862 Unpacking libpsl5:amd64 (0.21.2-1) ...
2025-07-15T18:39:06.1474968Z #7 7.882 Selecting previously unselected package librtmp1:amd64.
2025-07-15T18:39:06.1475750Z #7 7.884 Preparing to unpack .../53-librtmp1_2.4+20151223.gitfa8646d.1-2+b2_amd64.deb ...
2025-07-15T18:39:06.1476671Z #7 7.885 Unpacking librtmp1:amd64 (2.4+20151223.gitfa8646d.1-2+b2) ...
2025-07-15T18:39:06.1477232Z #7 7.905 Selecting previously unselected package libssh2-1:amd64.
2025-07-15T18:39:06.1477921Z #7 7.907 Preparing to unpack .../54-libssh2-1_1.10.0-3+b1_amd64.deb ...
2025-07-15T18:39:06.1478451Z #7 7.908 Unpacking libssh2-1:amd64 (1.10.0-3+b1) ...
2025-07-15T18:39:06.1478998Z #7 7.934 Selecting previously unselected package libcurl4:amd64.
2025-07-15T18:39:06.1479547Z #7 7.936 Preparing to unpack .../55-libcurl4_7.88.1-10+deb12u12_amd64.deb ...
2025-07-15T18:39:06.2550890Z #7 7.937 Unpacking libcurl4:amd64 (7.88.1-10+deb12u12) ...
2025-07-15T18:39:06.2551717Z #7 7.971 Selecting previously unselected package curl.
2025-07-15T18:39:06.2552349Z #7 7.973 Preparing to unpack .../56-curl_7.88.1-10+deb12u12_amd64.deb ...
2025-07-15T18:39:06.2552873Z #7 7.974 Unpacking curl (7.88.1-10+deb12u12) ...
2025-07-15T18:39:06.2553373Z #7 8.005 Selecting previously unselected package libcurl3-gnutls:amd64.
2025-07-15T18:39:06.2554026Z #7 8.007 Preparing to unpack .../57-libcurl3-gnutls_7.88.1-10+deb12u12_amd64.deb ...
2025-07-15T18:39:06.2554621Z #7 8.008 Unpacking libcurl3-gnutls:amd64 (7.88.1-10+deb12u12) ...
2025-07-15T18:39:06.2555139Z #7 8.044 Selecting previously unselected package libexpat1:amd64.
2025-07-15T18:39:06.3904282Z #7 8.046 Preparing to unpack .../58-libexpat1_2.5.0-1+deb12u1_amd64.deb ...
2025-07-15T18:39:06.3904819Z #7 8.047 Unpacking libexpat1:amd64 (2.5.0-1+deb12u1) ...
2025-07-15T18:39:06.3905250Z #7 8.068 Selecting previously unselected package liberror-perl.
2025-07-15T18:39:06.3906231Z #7 8.070 Preparing to unpack .../59-liberror-perl_0.17029-2_all.deb ...
2025-07-15T18:39:06.3906675Z #7 8.071 Unpacking liberror-perl (0.17029-2) ...
2025-07-15T18:39:06.3907054Z #7 8.095 Selecting previously unselected package git-man.
2025-07-15T18:39:06.3907497Z #7 8.097 Preparing to unpack .../60-git-man_1%3a2.39.5-0+deb12u2_all.deb ...
2025-07-15T18:39:06.3907918Z #7 8.098 Unpacking git-man (1:2.39.5-0+deb12u2) ...
2025-07-15T18:39:06.3908286Z #7 8.179 Selecting previously unselected package git.
2025-07-15T18:39:06.5489549Z #7 8.181 Preparing to unpack .../61-git_1%3a2.39.5-0+deb12u2_amd64.deb ...
2025-07-15T18:39:06.5492660Z #7 8.187 Unpacking git (1:2.39.5-0+deb12u2) ...
2025-07-15T18:39:06.7257691Z #7 8.515 Setting up libexpat1:amd64 (2.5.0-1+deb12u1) ...
2025-07-15T18:39:06.8279960Z #7 8.520 Setting up libpsl5:amd64 (0.21.2-1) ...
2025-07-15T18:39:06.8280851Z #7 8.522 Setting up libbrotli1:amd64 (1.0.9-2+b6) ...
2025-07-15T18:39:06.8281603Z #7 8.524 Setting up binutils-common:amd64 (2.40-2) ...
2025-07-15T18:39:06.8282398Z #7 8.527 Setting up libnghttp2-14:amd64 (1.52.0-1+deb12u2) ...
2025-07-15T18:39:06.8282963Z #7 8.530 Setting up linux-libc-dev:amd64 (6.1.140-1) ...
2025-07-15T18:39:06.8283391Z #7 8.532 Setting up libctf-nobfd0:amd64 (2.40-2) ...
2025-07-15T18:39:06.8283822Z #7 8.534 Setting up libgomp1:amd64 (12.2.0-14+deb12u1) ...
2025-07-15T18:39:06.8284277Z #7 8.536 Setting up bzip2 (1.0.8-5+b1) ...
2025-07-15T18:39:06.8284891Z #7 8.538 Setting up libjansson4:amd64 (2.14-2) ...
2025-07-15T18:39:06.8285823Z #7 8.541 Setting up libsasl2-modules-db:amd64 (2.1.28+dfsg-10) ...
2025-07-15T18:39:06.8286662Z #7 8.543 Setting up perl-modules-5.36 (5.36.0-7+deb12u2) ...
2025-07-15T18:39:06.8287124Z #7 8.546 Setting up libtirpc-dev:amd64 (1.3.3+ds-1) ...
2025-07-15T18:39:06.8287540Z #7 8.548 Setting up rpcsvc-proto (1.4.3-1) ...
2025-07-15T18:39:06.8288006Z #7 8.550 Setting up make (4.3-4.1) ...
2025-07-15T18:39:06.8288282Z #7 8.552 Setting up libmpfr6:amd64 (4.2.0-1) ...
2025-07-15T18:39:06.8288662Z #7 8.554 Setting up librtmp1:amd64 (2.4+20151223.gitfa8646d.1-2+b2) ...
2025-07-15T18:39:06.8289025Z #7 8.557 Setting up xz-utils (5.4.1-1) ...
2025-07-15T18:39:06.8289454Z #7 8.561 update-alternatives: using /usr/bin/xz to provide /usr/bin/lzma (lzma) in auto mode
2025-07-15T18:39:06.8290625Z #7 8.562 update-alternatives: warning: skip creation of /usr/share/man/man1/lzma.1.gz because associated file /usr/share/man/man1/xz.1.gz (of link group lzma) doesn't exist
2025-07-15T18:39:06.8291911Z #7 8.562 update-alternatives: warning: skip creation of /usr/share/man/man1/unlzma.1.gz because associated file /usr/share/man/man1/unxz.1.gz (of link group lzma) doesn't exist
2025-07-15T18:39:06.8293553Z #7 8.562 update-alternatives: warning: skip creation of /usr/share/man/man1/lzcat.1.gz because associated file /usr/share/man/man1/xzcat.1.gz (of link group lzma) doesn't exist
2025-07-15T18:39:06.8295088Z #7 8.562 update-alternatives: warning: skip creation of /usr/share/man/man1/lzmore.1.gz because associated file /usr/share/man/man1/xzmore.1.gz (of link group lzma) doesn't exist
2025-07-15T18:39:06.8296794Z #7 8.562 update-alternatives: warning: skip creation of /usr/share/man/man1/lzless.1.gz because associated file /usr/share/man/man1/xzless.1.gz (of link group lzma) doesn't exist
2025-07-15T18:39:06.8298190Z #7 8.563 update-alternatives: warning: skip creation of /usr/share/man/man1/lzdiff.1.gz because associated file /usr/share/man/man1/xzdiff.1.gz (of link group lzma) doesn't exist
2025-07-15T18:39:06.8299433Z #7 8.563 update-alternatives: warning: skip creation of /usr/share/man/man1/lzcmp.1.gz because associated file /usr/share/man/man1/xzcmp.1.gz (of link group lzma) doesn't exist
2025-07-15T18:39:06.8300583Z #7 8.563 update-alternatives: warning: skip creation of /usr/share/man/man1/lzgrep.1.gz because associated file /usr/share/man/man1/xzgrep.1.gz (of link group lzma) doesn't exist
2025-07-15T18:39:06.8302653Z #7 8.563 update-alternatives: warning: skip creation of /usr/share/man/man1/lzegrep.1.gz because associated file /usr/share/man/man1/xzegrep.1.gz (of link group lzma) doesn't exist
2025-07-15T18:39:06.8304635Z #7 8.563 update-alternatives: warning: skip creation of /usr/share/man/man1/lzfgrep.1.gz because associated file /usr/share/man/man1/xzfgrep.1.gz (of link group lzma) doesn't exist
2025-07-15T18:39:06.8305386Z #7 8.566 Setting up libquadmath0:amd64 (12.2.0-14+deb12u1) ...
2025-07-15T18:39:06.8305972Z #7 8.569 Setting up libmpc3:amd64 (1.3.1-1) ...
2025-07-15T18:39:06.8306276Z #7 8.571 Setting up libatomic1:amd64 (12.2.0-14+deb12u1) ...
2025-07-15T18:39:06.8306556Z #7 8.573 Setting up patch (2.7.6-7) ...
2025-07-15T18:39:06.8306904Z #7 8.576 Setting up libgdbm-compat4:amd64 (1.23-3) ...
2025-07-15T18:39:06.8307220Z #7 8.578 Setting up libsasl2-2:amd64 (2.1.28+dfsg-10) ...
2025-07-15T18:39:06.8307532Z #7 8.580 Setting up libubsan1:amd64 (12.2.0-14+deb12u1) ...
2025-07-15T18:39:06.8307819Z #7 8.583 Setting up nano (7.2-1+deb12u1) ...
2025-07-15T18:39:06.8308238Z #7 8.587 update-alternatives: using /bin/nano to provide /usr/bin/editor (editor) in auto mode
2025-07-15T18:39:06.8309070Z #7 8.587 update-alternatives: warning: skip creation of /usr/share/man/man1/editor.1.gz because associated file /usr/share/man/man1/nano.1.gz (of link group editor) doesn't exist
2025-07-15T18:39:06.8309938Z #7 8.589 update-alternatives: using /bin/nano to provide /usr/bin/pico (pico) in auto mode
2025-07-15T18:39:06.8310728Z #7 8.589 update-alternatives: warning: skip creation of /usr/share/man/man1/pico.1.gz because associated file /usr/share/man/man1/nano.1.gz (of link group pico) doesn't exist
2025-07-15T18:39:06.8311388Z #7 8.591 Setting up libnsl-dev:amd64 (1.3.0-2) ...
2025-07-15T18:39:06.8311794Z #7 8.593 Setting up libcrypt-dev:amd64 (1:4.4.33-2) ...
2025-07-15T18:39:06.8312120Z #7 8.600 Setting up libasan8:amd64 (12.2.0-14+deb12u1) ...
2025-07-15T18:39:06.8312424Z #7 8.603 Setting up git-man (1:2.39.5-0+deb12u2) ...
2025-07-15T18:39:06.8312716Z #7 8.605 Setting up libssh2-1:amd64 (1.10.0-3+b1) ...
2025-07-15T18:39:06.8313018Z #7 8.607 Setting up libtsan2:amd64 (12.2.0-14+deb12u1) ...
2025-07-15T18:39:06.8313312Z #7 8.610 Setting up libbinutils:amd64 (2.40-2) ...
2025-07-15T18:39:06.8313641Z #7 8.612 Setting up libisl23:amd64 (0.25-1.1) ...
2025-07-15T18:39:06.8313939Z #7 8.614 Setting up libc-dev-bin (2.36-9+deb12u10) ...
2025-07-15T18:39:06.8314231Z #7 8.617 Setting up libcc1-0:amd64 (12.2.0-14+deb12u1) ...
2025-07-15T18:39:07.0742941Z #7 8.619 Setting up libperl5.36:amd64 (5.36.0-7+deb12u2) ...
2025-07-15T18:39:07.0743858Z #7 8.623 Setting up liblsan0:amd64 (12.2.0-14+deb12u1) ...
2025-07-15T18:39:07.0744470Z #7 8.625 Setting up libitm1:amd64 (12.2.0-14+deb12u1) ...
2025-07-15T18:39:07.0744928Z #7 8.627 Setting up libctf0:amd64 (2.40-2) ...
2025-07-15T18:39:07.0745384Z #7 8.629 Setting up cpp-12 (12.2.0-14+deb12u1) ...
2025-07-15T18:39:07.0746069Z #7 8.632 Setting up libldap-2.5-0:amd64 (2.5.13+dfsg-5) ...
2025-07-15T18:39:07.0746550Z #7 8.634 Setting up perl (5.36.0-7+deb12u2) ...
2025-07-15T18:39:07.0747471Z #7 8.644 Setting up libgprofng0:amd64 (2.40-2) ...
2025-07-15T18:39:07.0748032Z #7 8.646 Setting up libgcc-12-dev:amd64 (12.2.0-14+deb12u1) ...
2025-07-15T18:39:07.0748541Z #7 8.648 Setting up libdpkg-perl (1.21.22) ...
2025-07-15T18:39:07.0748955Z #7 8.650 Setting up cpp (4:12.2.0-3) ...
2025-07-15T18:39:07.0749401Z #7 8.656 Setting up libcurl4:amd64 (7.88.1-10+deb12u12) ...
2025-07-15T18:39:07.0749901Z #7 8.658 Setting up libc6-dev:amd64 (2.36-9+deb12u10) ...
2025-07-15T18:39:07.0750357Z #7 8.660 Setting up curl (7.88.1-10+deb12u12) ...
2025-07-15T18:39:07.0750831Z #7 8.663 Setting up binutils-x86-64-linux-gnu (2.40-2) ...
2025-07-15T18:39:07.0751373Z #7 8.665 Setting up libstdc++-12-dev:amd64 (12.2.0-14+deb12u1) ...
2025-07-15T18:39:07.0751938Z #7 8.668 Setting up libcurl3-gnutls:amd64 (7.88.1-10+deb12u12) ...
2025-07-15T18:39:07.0752420Z #7 8.671 Setting up binutils (2.40-2) ...
2025-07-15T18:39:07.0752820Z #7 8.674 Setting up dpkg-dev (1.21.22) ...
2025-07-15T18:39:07.0753346Z #7 8.679 Setting up liberror-perl (0.17029-2) ...
2025-07-15T18:39:07.0753719Z #7 8.681 Setting up gcc-12 (12.2.0-14+deb12u1) ...
2025-07-15T18:39:07.0754068Z #7 8.684 Setting up git (1:2.39.5-0+deb12u2) ...
2025-07-15T18:39:07.0754414Z #7 8.692 Setting up g++-12 (12.2.0-14+deb12u1) ...
2025-07-15T18:39:07.0754739Z #7 8.695 Setting up gcc (4:12.2.0-3) ...
2025-07-15T18:39:07.0755047Z #7 8.704 Setting up g++ (4:12.2.0-3) ...
2025-07-15T18:39:07.0755726Z #7 8.708 update-alternatives: using /usr/bin/g++ to provide /usr/bin/c++ (c++) in auto mode
2025-07-15T18:39:07.0756248Z #7 8.710 Setting up build-essential (12.9) ...
2025-07-15T18:39:07.0756655Z #7 8.712 Processing triggers for libc-bin (2.36-9+deb12u10) ...
2025-07-15T18:39:07.5474729Z #7 DONE 9.3s
2025-07-15T18:39:07.7074211Z 
2025-07-15T18:39:07.7076612Z #8 [3/6] WORKDIR /app
2025-07-15T18:39:07.7076958Z #8 DONE 0.0s
2025-07-15T18:39:07.7077128Z 
2025-07-15T18:39:07.7077237Z #9 [4/6] COPY . .
2025-07-15T18:39:08.1542036Z #9 DONE 0.6s
2025-07-15T18:39:08.3055192Z 
2025-07-15T18:39:08.3056033Z #10 [5/6] RUN pip install --upgrade pip
2025-07-15T18:39:09.4295799Z #10 1.274 Requirement already satisfied: pip in /usr/local/lib/python3.10/site-packages (23.0.1)
2025-07-15T18:39:09.5319875Z #10 1.377 Collecting pip
2025-07-15T18:39:09.6442621Z #10 1.410   Downloading pip-25.1.1-py3-none-any.whl (1.8 MB)
2025-07-15T18:39:09.6444057Z #10 1.444      ━━━━━━━━━━━━━━━━━━━━━━━━━━━━━━━━━━━━━━━━ 1.8/1.8 MB 56.7 MB/s eta 0:00:00
2025-07-15T18:39:09.6444876Z #10 1.489 Installing collected packages: pip
2025-07-15T18:39:09.7956258Z #10 1.489   Attempting uninstall: pip
2025-07-15T18:39:09.7956765Z #10 1.490     Found existing installation: pip 23.0.1
2025-07-15T18:39:09.8208344Z #10 1.666     Uninstalling pip-23.0.1:
2025-07-15T18:39:09.9817346Z #10 1.676       Successfully uninstalled pip-23.0.1
2025-07-15T18:39:10.6306348Z #10 2.475 Successfully installed pip-25.1.1
2025-07-15T18:39:10.7812361Z #10 2.476 WARNING: Running pip as the 'root' user can result in broken permissions and conflicting behaviour with the system package manager. It is recommended to use a virtual environment instead: https://pip.pypa.io/warnings/venv
2025-07-15T18:39:10.8091194Z #10 DONE 2.7s
2025-07-15T18:39:10.9602213Z 
2025-07-15T18:39:10.9602912Z #11 [6/6] RUN pip install --no-cache-dir -r requirements.txt
2025-07-15T18:39:11.6858522Z #11 0.876 Collecting Flask==3.1.0 (from -r requirements.txt (line 1))
2025-07-15T18:39:11.7927231Z #11 0.911   Downloading flask-3.1.0-py3-none-any.whl.metadata (2.7 kB)
2025-07-15T18:39:11.7928062Z #11 0.921 Collecting Flask-PyMongo==3.0.1 (from -r requirements.txt (line 2))
2025-07-15T18:39:11.7928857Z #11 0.926   Downloading flask_pymongo-3.0.1-py3-none-any.whl.metadata (3.5 kB)
2025-07-15T18:39:11.7929627Z #11 0.970 Collecting pytest==8.2.1 (from -r requirements.txt (line 3))
2025-07-15T18:39:11.7930364Z #11 0.975   Downloading pytest-8.2.1-py3-none-any.whl.metadata (7.6 kB)
2025-07-15T18:39:11.7931058Z #11 0.983 Collecting blinker==1.9.0 (from -r requirements.txt (line 4))
2025-07-15T18:39:11.9076366Z #11 0.987   Downloading blinker-1.9.0-py3-none-any.whl.metadata (1.6 kB)
2025-07-15T18:39:11.9077441Z #11 1.001 Collecting certifi==2025.7.14 (from -r requirements.txt (line 5))
2025-07-15T18:39:11.9078264Z #11 1.004   Downloading certifi-2025.7.14-py3-none-any.whl.metadata (2.4 kB)
2025-07-15T18:39:11.9078920Z #11 1.079 Collecting charset-normalizer==3.4.2 (from -r requirements.txt (line 6))
2025-07-15T18:39:11.9079777Z #11 1.083   Downloading charset_normalizer-3.4.2-cp310-cp310-manylinux_2_17_x86_64.manylinux2014_x86_64.whl.metadata (35 kB)
2025-07-15T18:39:11.9080571Z #11 1.098 Collecting click==8.2.1 (from -r requirements.txt (line 7))
2025-07-15T18:39:12.0087570Z #11 1.101   Downloading click-8.2.1-py3-none-any.whl.metadata (2.5 kB)
2025-07-15T18:39:12.0088227Z #11 1.109 Collecting dnspython==2.7.0 (from -r requirements.txt (line 8))
2025-07-15T18:39:12.0088849Z #11 1.112   Downloading dnspython-2.7.0-py3-none-any.whl.metadata (5.8 kB)
2025-07-15T18:39:12.0089729Z #11 1.124 Collecting idna==3.10 (from -r requirements.txt (line 9))
2025-07-15T18:39:12.0090296Z #11 1.127   Downloading idna-3.10-py3-none-any.whl.metadata (10 kB)
2025-07-15T18:39:12.0090888Z #11 1.134 Collecting itsdangerous==2.2.0 (from -r requirements.txt (line 10))
2025-07-15T18:39:12.0091532Z #11 1.137   Downloading itsdangerous-2.2.0-py3-none-any.whl.metadata (1.9 kB)
2025-07-15T18:39:12.0092133Z #11 1.147 Collecting Jinja2==3.1.6 (from -r requirements.txt (line 11))
2025-07-15T18:39:12.0092695Z #11 1.150   Downloading jinja2-3.1.6-py3-none-any.whl.metadata (2.9 kB)
2025-07-15T18:39:12.0093278Z #11 1.199 Collecting MarkupSafe==3.0.2 (from -r requirements.txt (line 12))
2025-07-15T18:39:12.1734385Z #11 1.202   Downloading MarkupSafe-3.0.2-cp310-cp310-manylinux_2_17_x86_64.manylinux2014_x86_64.whl.metadata (4.0 kB)
2025-07-15T18:39:12.1735301Z #11 1.209 Collecting paho-mqtt==2.1.0 (from -r requirements.txt (line 13))
2025-07-15T18:39:12.1736230Z #11 1.213   Downloading paho_mqtt-2.1.0-py3-none-any.whl.metadata (23 kB)
2025-07-15T18:39:12.3337544Z #11 1.524 Collecting pymongo==4.13.2 (from -r requirements.txt (line 14))
2025-07-15T18:39:12.4457164Z #11 1.529   Downloading pymongo-4.13.2-cp310-cp310-manylinux_2_17_x86_64.manylinux2014_x86_64.whl.metadata (22 kB)
2025-07-15T18:39:12.4458199Z #11 1.545 Collecting python-dotenv==1.1.1 (from -r requirements.txt (line 15))
2025-07-15T18:39:12.4459039Z #11 1.549   Downloading python_dotenv-1.1.1-py3-none-any.whl.metadata (24 kB)
2025-07-15T18:39:12.4459832Z #11 1.571 Collecting requests==2.32.4 (from -r requirements.txt (line 16))
2025-07-15T18:39:12.4460603Z #11 1.574   Downloading requests-2.32.4-py3-none-any.whl.metadata (4.9 kB)
2025-07-15T18:39:12.4461331Z #11 1.593 Collecting urllib3==2.5.0 (from -r requirements.txt (line 17))
2025-07-15T18:39:12.4462044Z #11 1.597   Downloading urllib3-2.5.0-py3-none-any.whl.metadata (6.5 kB)
2025-07-15T18:39:12.4462785Z #11 1.614 Collecting Werkzeug==3.1.3 (from -r requirements.txt (line 18))
2025-07-15T18:39:12.4463568Z #11 1.620   Downloading werkzeug-3.1.3-py3-none-any.whl.metadata (3.7 kB)
2025-07-15T18:39:12.4464377Z #11 1.636 Collecting autodevops-cli==0.1.1 (from -r requirements.txt (line 19))
2025-07-15T18:39:12.5557854Z #11 1.640   Downloading autodevops_cli-0.1.1-py3-none-any.whl.metadata (494 bytes)
2025-07-15T18:39:12.5558739Z #11 1.645 Collecting iniconfig==2.1.0 (from -r requirements.txt (line 20))
2025-07-15T18:39:12.5559530Z #11 1.648   Downloading iniconfig-2.1.0-py3-none-any.whl.metadata (2.7 kB)
2025-07-15T18:39:12.5560300Z #11 1.655 Collecting loguru==0.7.3 (from -r requirements.txt (line 21))
2025-07-15T18:39:12.5561035Z #11 1.661   Downloading loguru-0.7.3-py3-none-any.whl.metadata (22 kB)
2025-07-15T18:39:12.5561815Z #11 1.678 Collecting markdown-it-py==3.0.0 (from -r requirements.txt (line 22))
2025-07-15T18:39:12.5562615Z #11 1.681   Downloading markdown_it_py-3.0.0-py3-none-any.whl.metadata (6.9 kB)
2025-07-15T18:39:12.5563373Z #11 1.690 Collecting mdurl==0.1.2 (from -r requirements.txt (line 23))
2025-07-15T18:39:12.5564533Z #11 1.693   Downloading mdurl-0.1.2-py3-none-any.whl.metadata (1.6 kB)
2025-07-15T18:39:12.5565166Z #11 1.701 Collecting mongomock==4.3.0 (from -r requirements.txt (line 24))
2025-07-15T18:39:12.5565900Z #11 1.705   Downloading mongomock-4.3.0-py2.py3-none-any.whl.metadata (12 kB)
2025-07-15T18:39:12.5566372Z #11 1.717 Collecting packaging==25.0 (from -r requirements.txt (line 25))
2025-07-15T18:39:12.5566805Z #11 1.720   Downloading packaging-25.0-py3-none-any.whl.metadata (3.3 kB)
2025-07-15T18:39:12.5567216Z #11 1.728 Collecting pluggy==1.6.0 (from -r requirements.txt (line 26))
2025-07-15T18:39:12.5567627Z #11 1.731   Downloading pluggy-1.6.0-py3-none-any.whl.metadata (4.8 kB)
2025-07-15T18:39:12.5568035Z #11 1.746 Collecting Pygments==2.19.2 (from -r requirements.txt (line 27))
2025-07-15T18:39:12.7993113Z #11 1.749   Downloading pygments-2.19.2-py3-none-any.whl.metadata (2.5 kB)
2025-07-15T18:39:12.7993975Z #11 1.781 Collecting pytz==2025.2 (from -r requirements.txt (line 28))
2025-07-15T18:39:12.7995154Z #11 1.786   Downloading pytz-2025.2-py2.py3-none-any.whl.metadata (22 kB)
2025-07-15T18:39:12.7996202Z #11 1.820 Collecting rich==14.0.0 (from -r requirements.txt (line 29))
2025-07-15T18:39:12.7996908Z #11 1.824   Downloading rich-14.0.0-py3-none-any.whl.metadata (18 kB)
2025-07-15T18:39:12.7997614Z #11 1.829 Collecting sentinels==1.0.0 (from -r requirements.txt (line 30))
2025-07-15T18:39:12.7998250Z #11 1.833   Downloading sentinels-1.0.0.tar.gz (4.1 kB)
2025-07-15T18:39:12.7998777Z #11 1.839   Preparing metadata (setup.py): started
2025-07-15T18:39:13.2811735Z #11 2.471   Preparing metadata (setup.py): finished with status 'done'
2025-07-15T18:39:13.3812175Z #11 2.482 Collecting sh==2.2.2 (from -r requirements.txt (line 31))
2025-07-15T18:39:13.3812978Z #11 2.487   Downloading sh-2.2.2-py3-none-any.whl.metadata (3.7 kB)
2025-07-15T18:39:13.3813723Z #11 2.540 Collecting exceptiongroup>=1.0.0rc8 (from pytest==8.2.1->-r requirements.txt (line 3))
2025-07-15T18:39:13.3814554Z #11 2.543   Downloading exceptiongroup-1.3.0-py3-none-any.whl.metadata (6.7 kB)
2025-07-15T18:39:13.3815288Z #11 2.571 Collecting tomli>=1 (from pytest==8.2.1->-r requirements.txt (line 3))
2025-07-15T18:39:13.4838747Z #11 2.574   Downloading tomli-2.2.1-py3-none-any.whl.metadata (10 kB)
2025-07-15T18:39:13.4839575Z #11 2.641 Collecting typing-extensions<5.0,>=4.0.0 (from rich==14.0.0->-r requirements.txt (line 29))
2025-07-15T18:39:13.4840418Z #11 2.645   Downloading typing_extensions-4.14.1-py3-none-any.whl.metadata (3.0 kB)
2025-07-15T18:39:13.4841102Z #11 2.659 Downloading flask-3.1.0-py3-none-any.whl (102 kB)
2025-07-15T18:39:13.4841673Z #11 2.664 Downloading flask_pymongo-3.0.1-py3-none-any.whl (11 kB)
2025-07-15T18:39:13.4842244Z #11 2.667 Downloading pytest-8.2.1-py3-none-any.whl (339 kB)
2025-07-15T18:39:13.4842772Z #11 2.671 Downloading pluggy-1.6.0-py3-none-any.whl (20 kB)
2025-07-15T18:39:13.4843313Z #11 2.674 Downloading blinker-1.9.0-py3-none-any.whl (8.5 kB)
2025-07-15T18:39:13.5865461Z #11 2.677 Downloading certifi-2025.7.14-py3-none-any.whl (162 kB)
2025-07-15T18:39:13.5866544Z #11 2.681 Downloading charset_normalizer-3.4.2-cp310-cp310-manylinux_2_17_x86_64.manylinux2014_x86_64.whl (149 kB)
2025-07-15T18:39:13.5867533Z #11 2.684 Downloading click-8.2.1-py3-none-any.whl (102 kB)
2025-07-15T18:39:13.5868254Z #11 2.687 Downloading dnspython-2.7.0-py3-none-any.whl (313 kB)
2025-07-15T18:39:13.5869582Z #11 2.690 Downloading idna-3.10-py3-none-any.whl (70 kB)
2025-07-15T18:39:13.5870260Z #11 2.693 Downloading itsdangerous-2.2.0-py3-none-any.whl (16 kB)
2025-07-15T18:39:13.5870954Z #11 2.696 Downloading jinja2-3.1.6-py3-none-any.whl (134 kB)
2025-07-15T18:39:13.5871864Z #11 2.699 Downloading MarkupSafe-3.0.2-cp310-cp310-manylinux_2_17_x86_64.manylinux2014_x86_64.whl (20 kB)
2025-07-15T18:39:13.5872781Z #11 2.703 Downloading paho_mqtt-2.1.0-py3-none-any.whl (67 kB)
2025-07-15T18:39:13.5873655Z #11 2.708 Downloading pymongo-4.13.2-cp310-cp310-manylinux_2_17_x86_64.manylinux2014_x86_64.whl (1.2 MB)
2025-07-15T18:39:13.5874897Z #11 2.712    ━━━━━━━━━━━━━━━━━━━━━━━━━━━━━━━━━━━━━━━━ 1.2/1.2 MB 516.7 MB/s eta 0:00:00
2025-07-15T18:39:13.5875384Z #11 2.715 Downloading python_dotenv-1.1.1-py3-none-any.whl (20 kB)
2025-07-15T18:39:13.5876029Z #11 2.718 Downloading requests-2.32.4-py3-none-any.whl (64 kB)
2025-07-15T18:39:13.5876399Z #11 2.721 Downloading urllib3-2.5.0-py3-none-any.whl (129 kB)
2025-07-15T18:39:13.5876756Z #11 2.724 Downloading werkzeug-3.1.3-py3-none-any.whl (224 kB)
2025-07-15T18:39:13.5877122Z #11 2.728 Downloading autodevops_cli-0.1.1-py3-none-any.whl (4.1 kB)
2025-07-15T18:39:13.5877507Z #11 2.730 Downloading iniconfig-2.1.0-py3-none-any.whl (6.0 kB)
2025-07-15T18:39:13.5877858Z #11 2.733 Downloading loguru-0.7.3-py3-none-any.whl (61 kB)
2025-07-15T18:39:13.5878204Z #11 2.736 Downloading markdown_it_py-3.0.0-py3-none-any.whl (87 kB)
2025-07-15T18:39:13.5878559Z #11 2.739 Downloading mdurl-0.1.2-py3-none-any.whl (10.0 kB)
2025-07-15T18:39:13.5878914Z #11 2.743 Downloading mongomock-4.3.0-py2.py3-none-any.whl (64 kB)
2025-07-15T18:39:13.5879449Z #11 2.746 Downloading packaging-25.0-py3-none-any.whl (66 kB)
2025-07-15T18:39:13.5879802Z #11 2.749 Downloading pygments-2.19.2-py3-none-any.whl (1.2 MB)
2025-07-15T18:39:13.5880243Z #11 2.753    ━━━━━━━━━━━━━━━━━━━━━━━━━━━━━━━━━━━━━━━━ 1.2/1.2 MB 479.0 MB/s eta 0:00:00
2025-07-15T18:39:13.5880589Z #11 2.756 Downloading pytz-2025.2-py2.py3-none-any.whl (509 kB)
2025-07-15T18:39:13.5880919Z #11 2.761 Downloading rich-14.0.0-py3-none-any.whl (243 kB)
2025-07-15T18:39:13.5881232Z #11 2.765 Downloading sh-2.2.2-py3-none-any.whl (38 kB)
2025-07-15T18:39:13.5881587Z #11 2.772 Downloading typing_extensions-4.14.1-py3-none-any.whl (43 kB)
2025-07-15T18:39:13.5881977Z #11 2.777 Downloading exceptiongroup-1.3.0-py3-none-any.whl (16 kB)
2025-07-15T18:39:13.7769071Z #11 2.783 Downloading tomli-2.2.1-py3-none-any.whl (14 kB)
2025-07-15T18:39:13.7769758Z #11 2.815 Building wheels for collected packages: sentinels
2025-07-15T18:39:13.7772551Z #11 2.816   DEPRECATION: Building 'sentinels' using the legacy setup.py bdist_wheel mechanism, which will be removed in a future version. pip 25.3 will enforce this behaviour change. A possible replacement is to use the standardized build interface by setting the `--use-pep517` option, (possibly combined with `--no-build-isolation`), or adding a `pyproject.toml` file to the source tree of 'sentinels'. Discussion can be found at https://github.com/pypa/pip/issues/6334
2025-07-15T18:39:13.7775284Z #11 2.817   Building wheel for sentinels (setup.py): started
2025-07-15T18:39:14.4346685Z #11 3.625   Building wheel for sentinels (setup.py): finished with status 'done'
2025-07-15T18:39:14.6559176Z #11 3.625   Created wheel for sentinels: filename=sentinels-1.0.0-py3-none-any.whl size=3175 sha256=c0b8d1caf3dd7e2cbd9297eeaa4d10788efdfc33a703a76067fa1bf1367fed6e
2025-07-15T18:39:14.6560538Z #11 3.626   Stored in directory: /tmp/pip-ephem-wheel-cache-ur03b9x1/wheels/26/bc/eb/67e56405e0684b3d8c011cf4d18129c41be394775fd5ba2347
2025-07-15T18:39:14.6561330Z #11 3.627 Successfully built sentinels
2025-07-15T18:39:14.6563279Z #11 3.696 Installing collected packages: sentinels, pytz, urllib3, typing-extensions, tomli, sh, python-dotenv, Pygments, pluggy, paho-mqtt, packaging, mdurl, MarkupSafe, loguru, itsdangerous, iniconfig, idna, dnspython, click, charset-normalizer, certifi, blinker, Werkzeug, requests, pymongo, mongomock, markdown-it-py, Jinja2, exceptiongroup, rich, pytest, Flask, Flask-PyMongo, autodevops-cli
2025-07-15T18:39:16.7612207Z #11 5.951 
2025-07-15T18:39:16.9193645Z #11 5.958 Successfully installed Flask-3.1.0 Flask-PyMongo-3.0.1 Jinja2-3.1.6 MarkupSafe-3.0.2 Pygments-2.19.2 Werkzeug-3.1.3 autodevops-cli-0.1.1 blinker-1.9.0 certifi-2025.7.14 charset-normalizer-3.4.2 click-8.2.1 dnspython-2.7.0 exceptiongroup-1.3.0 idna-3.10 iniconfig-2.1.0 itsdangerous-2.2.0 loguru-0.7.3 markdown-it-py-3.0.0 mdurl-0.1.2 mongomock-4.3.0 packaging-25.0 paho-mqtt-2.1.0 pluggy-1.6.0 pymongo-4.13.2 pytest-8.2.1 python-dotenv-1.1.1 pytz-2025.2 requests-2.32.4 rich-14.0.0 sentinels-1.0.0 sh-2.2.2 tomli-2.2.1 typing-extensions-4.14.1 urllib3-2.5.0
2025-07-15T18:39:16.9198200Z #11 5.959 WARNING: Running pip as the 'root' user can result in broken permissions and conflicting behaviour with the system package manager, possibly rendering your system unusable. It is recommended to use a virtual environment instead: https://pip.pypa.io/warnings/venv. Use the --root-user-action option if you know what you are doing and want to suppress this warning.
2025-07-15T18:39:16.9974515Z #11 DONE 6.2s
2025-07-15T18:39:17.1498362Z 
2025-07-15T18:39:17.1498941Z #12 exporting to image
2025-07-15T18:39:17.1500247Z #12 exporting layers
2025-07-15T18:39:18.8394348Z #12 exporting layers 1.8s done
2025-07-15T18:39:18.8553526Z #12 writing image sha256:c3a2b023119fbfbf99213fc8f994ac810e0fa625554f82615413aef002d8a3ba done
2025-07-15T18:39:18.8557660Z #12 naming to docker.io/***/flask-ci-cd-demo done
2025-07-15T18:39:18.8558201Z #12 DONE 1.8s
2025-07-15T18:39:18.8643413Z ##[group]Run docker push ***/flask-ci-cd-demo
2025-07-15T18:39:18.8643797Z [36;1mdocker push ***/flask-ci-cd-demo[0m
2025-07-15T18:39:18.8673460Z shell: /usr/bin/bash -e {0}
2025-07-15T18:39:18.8673686Z env:
2025-07-15T18:39:18.8673931Z   pythonLocation: /opt/hostedtoolcache/Python/3.10.18/x64
2025-07-15T18:39:18.8674338Z   PKG_CONFIG_PATH: /opt/hostedtoolcache/Python/3.10.18/x64/lib/pkgconfig
2025-07-15T18:39:18.8674736Z   Python_ROOT_DIR: /opt/hostedtoolcache/Python/3.10.18/x64
2025-07-15T18:39:18.8675084Z   Python2_ROOT_DIR: /opt/hostedtoolcache/Python/3.10.18/x64
2025-07-15T18:39:18.8675473Z   Python3_ROOT_DIR: /opt/hostedtoolcache/Python/3.10.18/x64
2025-07-15T18:39:18.8676193Z   LD_LIBRARY_PATH: /opt/hostedtoolcache/Python/3.10.18/x64/lib
2025-07-15T18:39:18.8676543Z ##[endgroup]
2025-07-15T18:39:18.8830688Z Using default tag: latest
2025-07-15T18:39:18.8843223Z The push refers to repository [docker.io/***/flask-ci-cd-demo]
2025-07-15T18:39:19.1058284Z 3f0d59f4db66: Preparing
2025-07-15T18:39:19.1058803Z b4853d9aaae9: Preparing
2025-07-15T18:39:19.1059508Z b09bc79c3a38: Preparing
2025-07-15T18:39:19.1059912Z 70b4013c2c8c: Preparing
2025-07-15T18:39:19.1060263Z 8c9fdb68e352: Preparing
2025-07-15T18:39:19.1060578Z 31abbb538de0: Preparing
2025-07-15T18:39:19.1060894Z a2ccf7527b3c: Preparing
2025-07-15T18:39:19.1061219Z abd92ba2021e: Preparing
2025-07-15T18:39:19.1061412Z 1bb35e8b4de1: Preparing
2025-07-15T18:39:19.1061609Z a2ccf7527b3c: Waiting
2025-07-15T18:39:19.1061797Z abd92ba2021e: Waiting
2025-07-15T18:39:19.1061975Z 1bb35e8b4de1: Waiting
2025-07-15T18:39:19.1062158Z 31abbb538de0: Waiting
2025-07-15T18:39:21.4786092Z 70b4013c2c8c: Pushed
2025-07-15T18:39:21.8380639Z 31abbb538de0: Layer already exists
2025-07-15T18:39:22.3251500Z a2ccf7527b3c: Layer already exists
2025-07-15T18:39:22.6930301Z b4853d9aaae9: Pushed
2025-07-15T18:39:22.7580175Z abd92ba2021e: Layer already exists
2025-07-15T18:39:23.0492387Z 1bb35e8b4de1: Layer already exists
2025-07-15T18:39:23.3542652Z 3f0d59f4db66: Pushed
2025-07-15T18:39:24.9742451Z b09bc79c3a38: Pushed
2025-07-15T18:39:35.4770477Z 8c9fdb68e352: Pushed
2025-07-15T18:39:38.7363716Z latest: digest: sha256:28cba819178752bdca0a518380ce1cff22222851731a729c3009562cec468500 size: 2212
2025-07-15T18:39:38.7435780Z Post job cleanup.
2025-07-15T18:39:39.0338796Z [command]/usr/bin/docker logout 
2025-07-15T18:39:39.0476375Z Removing login credentials for https://index.docker.io/v1/
2025-07-15T18:39:39.0508123Z ##[group]Post cache
2025-07-15T18:39:39.0509511Z State not set
2025-07-15T18:39:39.0510674Z ##[endgroup]
2025-07-15T18:39:39.0659697Z Post job cleanup.
2025-07-15T18:39:39.2290852Z Post job cleanup.
2025-07-15T18:39:39.3019832Z [command]/usr/bin/git version
2025-07-15T18:39:39.3054727Z git version 2.50.1
2025-07-15T18:39:39.3100369Z Temporarily overriding HOME='/home/runner/work/_temp/8e742e37-40c1-4e68-81a0-f4efac355ce8' before making global git config changes
2025-07-15T18:39:39.3101590Z Adding repository directory to the temporary git global config as a safe directory
2025-07-15T18:39:39.3105317Z [command]/usr/bin/git config --global --add safe.directory /home/runner/work/testing-CI-CD/testing-CI-CD
2025-07-15T18:39:39.3138295Z [command]/usr/bin/git config --local --name-only --get-regexp core\.sshCommand
2025-07-15T18:39:39.3168764Z [command]/usr/bin/git submodule foreach --recursive sh -c "git config --local --name-only --get-regexp 'core\.sshCommand' && git config --local --unset-all 'core.sshCommand' || :"
2025-07-15T18:39:39.3409704Z [command]/usr/bin/git config --local --name-only --get-regexp http\.https\:\/\/github\.com\/\.extraheader
2025-07-15T18:39:39.3431016Z http.https://github.com/.extraheader
2025-07-15T18:39:39.3442363Z [command]/usr/bin/git config --local --unset-all http.https://github.com/.extraheader
2025-07-15T18:39:39.3470808Z [command]/usr/bin/git submodule foreach --recursive sh -c "git config --local --name-only --get-regexp 'http\.https\:\/\/github\.com\/\.extraheader' && git config --local --unset-all 'http.https://github.com/.extraheader' || :"
2025-07-15T18:39:39.3811097Z Cleaning up orphan processes
