2025-07-15T13:31:10.5770202Z Current runner version: '2.326.0'
2025-07-15T13:31:10.5794932Z ##[group]Runner Image Provisioner
2025-07-15T13:31:10.5795851Z Hosted Compute Agent
2025-07-15T13:31:10.5796499Z Version: 20250711.363
2025-07-15T13:31:10.5797196Z Commit: 6785254374ce925a23743850c1cb91912ce5c14c
2025-07-15T13:31:10.5797896Z Build Date: 2025-07-11T20:04:25Z
2025-07-15T13:31:10.5798463Z ##[endgroup]
2025-07-15T13:31:10.5799077Z ##[group]Operating System
2025-07-15T13:31:10.5799632Z Ubuntu
2025-07-15T13:31:10.5800061Z 24.04.2
2025-07-15T13:31:10.5800563Z LTS
2025-07-15T13:31:10.5801024Z ##[endgroup]
2025-07-15T13:31:10.5801483Z ##[group]Runner Image
2025-07-15T13:31:10.5802108Z Image: ubuntu-24.04
2025-07-15T13:31:10.5802617Z Version: 20250710.1.0
2025-07-15T13:31:10.5803613Z Included Software: https://github.com/actions/runner-images/blob/ubuntu24/20250710.1/images/ubuntu/Ubuntu2404-Readme.md
2025-07-15T13:31:10.5805352Z Image Release: https://github.com/actions/runner-images/releases/tag/ubuntu24%2F20250710.1
2025-07-15T13:31:10.5806438Z ##[endgroup]
2025-07-15T13:31:10.5807533Z ##[group]GITHUB_TOKEN Permissions
2025-07-15T13:31:10.5809675Z Contents: read
2025-07-15T13:31:10.5810315Z Metadata: read
2025-07-15T13:31:10.5810831Z Packages: read
2025-07-15T13:31:10.5811319Z ##[endgroup]
2025-07-15T13:31:10.5813798Z Secret source: Actions
2025-07-15T13:31:10.5815055Z Prepare workflow directory
2025-07-15T13:31:10.6145502Z Prepare all required actions
2025-07-15T13:31:10.6184739Z Getting action download info
2025-07-15T13:31:11.1136565Z ##[group]Download immutable action package 'actions/checkout@v3'
2025-07-15T13:31:11.1137650Z Version: 3.6.0
2025-07-15T13:31:11.1138661Z Digest: sha256:942562b9c7d4b1f2557f1da21f4d3eb4eb4fd01f2ad78b2a6e187d1b193e0a0f
2025-07-15T13:31:11.1139869Z Source commit SHA: f43a0e5ff2bd294095638e18286ca9a3d1956744
2025-07-15T13:31:11.1140632Z ##[endgroup]
2025-07-15T13:31:11.2340934Z ##[group]Download immutable action package 'actions/setup-python@v4'
2025-07-15T13:31:11.2341839Z Version: 4.9.1
2025-07-15T13:31:11.2342637Z Digest: sha256:f03e505388af670b5a108629e0ba26befc08d5c62b41f46146a45fe29ae509a5
2025-07-15T13:31:11.2343590Z Source commit SHA: 7f4fc3e22c37d6ff65e88745f38bd3157c663f7c
2025-07-15T13:31:11.2344578Z ##[endgroup]
2025-07-15T13:31:11.6570535Z ##[group]Download immutable action package 'docker/login-action@v3'
2025-07-15T13:31:11.6571487Z Version: 3.4.0
2025-07-15T13:31:11.6572306Z Digest: sha256:864ebd28db095e1602e6ef999f46a4f575083ea874918fbccf0994c2a7680450
2025-07-15T13:31:11.6573321Z Source commit SHA: 74a5d142397b4f367a81961eba4e8cd7edddf772
2025-07-15T13:31:11.6574117Z ##[endgroup]
2025-07-15T13:31:12.2079252Z Complete job name: build-test-deploy
2025-07-15T13:31:12.2821452Z ##[group]Run actions/checkout@v3
2025-07-15T13:31:12.2822599Z with:
2025-07-15T13:31:12.2823373Z   repository: ***/testing-CI-CD
2025-07-15T13:31:12.2824497Z   token: ***
2025-07-15T13:31:12.2825178Z   ssh-strict: true
2025-07-15T13:31:12.2825890Z   persist-credentials: true
2025-07-15T13:31:12.2826634Z   clean: true
2025-07-15T13:31:12.2827352Z   sparse-checkout-cone-mode: true
2025-07-15T13:31:12.2828136Z   fetch-depth: 1
2025-07-15T13:31:12.2828819Z   fetch-tags: false
2025-07-15T13:31:12.2829499Z   lfs: false
2025-07-15T13:31:12.2830154Z   submodules: false
2025-07-15T13:31:12.2830852Z   set-safe-directory: true
2025-07-15T13:31:12.2831846Z ##[endgroup]
2025-07-15T13:31:12.3686467Z Syncing repository: ***/testing-CI-CD
2025-07-15T13:31:12.3688769Z ##[group]Getting Git version info
2025-07-15T13:31:12.3690016Z Working directory is '/home/runner/work/testing-CI-CD/testing-CI-CD'
2025-07-15T13:31:12.3691487Z [command]/usr/bin/git version
2025-07-15T13:31:12.3725914Z git version 2.50.1
2025-07-15T13:31:12.3753091Z ##[endgroup]
2025-07-15T13:31:12.3768842Z Temporarily overriding HOME='/home/runner/work/_temp/b2116a67-216a-4469-b197-1446b38899b5' before making global git config changes
2025-07-15T13:31:12.3771936Z Adding repository directory to the temporary git global config as a safe directory
2025-07-15T13:31:12.3775044Z [command]/usr/bin/git config --global --add safe.directory /home/runner/work/testing-CI-CD/testing-CI-CD
2025-07-15T13:31:12.3807025Z Deleting the contents of '/home/runner/work/testing-CI-CD/testing-CI-CD'
2025-07-15T13:31:12.3810863Z ##[group]Initializing the repository
2025-07-15T13:31:12.3814822Z [command]/usr/bin/git init /home/runner/work/testing-CI-CD/testing-CI-CD
2025-07-15T13:31:12.3931229Z hint: Using 'master' as the name for the initial branch. This default branch name
2025-07-15T13:31:12.3933304Z hint: is subject to change. To configure the initial branch name to use in all
2025-07-15T13:31:12.3935131Z hint: of your new repositories, which will suppress this warning, call:
2025-07-15T13:31:12.3937117Z hint:
2025-07-15T13:31:12.3938495Z hint: 	git config --global init.defaultBranch <name>
2025-07-15T13:31:12.3940051Z hint:
2025-07-15T13:31:12.3941763Z hint: Names commonly chosen instead of 'master' are 'main', 'trunk' and
2025-07-15T13:31:12.3943873Z hint: 'development'. The just-created branch can be renamed via this command:
2025-07-15T13:31:12.3945953Z hint:
2025-07-15T13:31:12.3947057Z hint: 	git branch -m <name>
2025-07-15T13:31:12.3948234Z hint:
2025-07-15T13:31:12.3949699Z hint: Disable this message with "git config set advice.defaultBranchName false"
2025-07-15T13:31:12.3951189Z Initialized empty Git repository in /home/runner/work/testing-CI-CD/testing-CI-CD/.git/
2025-07-15T13:31:12.3954037Z [command]/usr/bin/git remote add origin https://github.com/***/testing-CI-CD
2025-07-15T13:31:12.4030091Z ##[endgroup]
2025-07-15T13:31:12.4031267Z ##[group]Disabling automatic garbage collection
2025-07-15T13:31:12.4032861Z [command]/usr/bin/git config --local gc.auto 0
2025-07-15T13:31:12.4058048Z ##[endgroup]
2025-07-15T13:31:12.4059140Z ##[group]Setting up auth
2025-07-15T13:31:12.4062749Z [command]/usr/bin/git config --local --name-only --get-regexp core\.sshCommand
2025-07-15T13:31:12.4088250Z [command]/usr/bin/git submodule foreach --recursive sh -c "git config --local --name-only --get-regexp 'core\.sshCommand' && git config --local --unset-all 'core.sshCommand' || :"
2025-07-15T13:31:12.4736080Z [command]/usr/bin/git config --local --name-only --get-regexp http\.https\:\/\/github\.com\/\.extraheader
2025-07-15T13:31:12.4763360Z [command]/usr/bin/git submodule foreach --recursive sh -c "git config --local --name-only --get-regexp 'http\.https\:\/\/github\.com\/\.extraheader' && git config --local --unset-all 'http.https://github.com/.extraheader' || :"
2025-07-15T13:31:12.4978171Z [command]/usr/bin/git config --local http.https://github.com/.extraheader AUTHORIZATION: basic ***
2025-07-15T13:31:12.5010801Z ##[endgroup]
2025-07-15T13:31:12.5018494Z ##[group]Fetching the repository
2025-07-15T13:31:12.5020308Z [command]/usr/bin/git -c protocol.version=2 fetch --no-tags --prune --progress --no-recurse-submodules --depth=1 origin +a7821533aee1039f2d5c3cf3629b0e43294599bf:refs/remotes/origin/main
2025-07-15T13:31:12.8457092Z remote: Enumerating objects: 1741, done.        
2025-07-15T13:31:12.8460296Z remote: Counting objects:   0% (1/1741)        
2025-07-15T13:31:12.8462772Z remote: Counting objects:   1% (18/1741)        
2025-07-15T13:31:12.8464388Z remote: Counting objects:   2% (35/1741)        
2025-07-15T13:31:12.8465678Z remote: Counting objects:   3% (53/1741)        
2025-07-15T13:31:12.8466906Z remote: Counting objects:   4% (70/1741)        
2025-07-15T13:31:12.8468147Z remote: Counting objects:   5% (88/1741)        
2025-07-15T13:31:12.8469395Z remote: Counting objects:   6% (105/1741)        
2025-07-15T13:31:12.8470692Z remote: Counting objects:   7% (122/1741)        
2025-07-15T13:31:12.8471909Z remote: Counting objects:   8% (140/1741)        
2025-07-15T13:31:12.8473124Z remote: Counting objects:   9% (157/1741)        
2025-07-15T13:31:12.8474428Z remote: Counting objects:  10% (175/1741)        
2025-07-15T13:31:12.8475622Z remote: Counting objects:  11% (192/1741)        
2025-07-15T13:31:12.8476795Z remote: Counting objects:  12% (209/1741)        
2025-07-15T13:31:12.8477968Z remote: Counting objects:  13% (227/1741)        
2025-07-15T13:31:12.8479572Z remote: Counting objects:  14% (244/1741)        
2025-07-15T13:31:12.8480758Z remote: Counting objects:  15% (262/1741)        
2025-07-15T13:31:12.8481962Z remote: Counting objects:  16% (279/1741)        
2025-07-15T13:31:12.8483218Z remote: Counting objects:  17% (296/1741)        
2025-07-15T13:31:12.8484587Z remote: Counting objects:  18% (314/1741)        
2025-07-15T13:31:12.8485850Z remote: Counting objects:  19% (331/1741)        
2025-07-15T13:31:12.8487103Z remote: Counting objects:  20% (349/1741)        
2025-07-15T13:31:12.8488348Z remote: Counting objects:  21% (366/1741)        
2025-07-15T13:31:12.8489630Z remote: Counting objects:  22% (384/1741)        
2025-07-15T13:31:12.8490965Z remote: Counting objects:  23% (401/1741)        
2025-07-15T13:31:12.8492276Z remote: Counting objects:  24% (418/1741)        
2025-07-15T13:31:12.8493605Z remote: Counting objects:  25% (436/1741)        
2025-07-15T13:31:12.8495035Z remote: Counting objects:  26% (453/1741)        
2025-07-15T13:31:12.8496398Z remote: Counting objects:  27% (471/1741)        
2025-07-15T13:31:12.8497802Z remote: Counting objects:  28% (488/1741)        
2025-07-15T13:31:12.8499127Z remote: Counting objects:  29% (505/1741)        
2025-07-15T13:31:12.8500458Z remote: Counting objects:  30% (523/1741)        
2025-07-15T13:31:12.8501766Z remote: Counting objects:  31% (540/1741)        
2025-07-15T13:31:12.8503069Z remote: Counting objects:  32% (558/1741)        
2025-07-15T13:31:12.8504587Z remote: Counting objects:  33% (575/1741)        
2025-07-15T13:31:12.8505937Z remote: Counting objects:  34% (592/1741)        
2025-07-15T13:31:12.8507261Z remote: Counting objects:  35% (610/1741)        
2025-07-15T13:31:12.8508579Z remote: Counting objects:  36% (627/1741)        
2025-07-15T13:31:12.8509907Z remote: Counting objects:  37% (645/1741)        
2025-07-15T13:31:12.8511235Z remote: Counting objects:  38% (662/1741)        
2025-07-15T13:31:12.8512556Z remote: Counting objects:  39% (679/1741)        
2025-07-15T13:31:12.8513920Z remote: Counting objects:  40% (697/1741)        
2025-07-15T13:31:12.8515384Z remote: Counting objects:  41% (714/1741)        
2025-07-15T13:31:12.8516724Z remote: Counting objects:  42% (732/1741)        
2025-07-15T13:31:12.8518062Z remote: Counting objects:  43% (749/1741)        
2025-07-15T13:31:12.8519402Z remote: Counting objects:  44% (767/1741)        
2025-07-15T13:31:12.8520756Z remote: Counting objects:  45% (784/1741)        
2025-07-15T13:31:12.8522099Z remote: Counting objects:  46% (801/1741)        
2025-07-15T13:31:12.8523592Z remote: Counting objects:  47% (819/1741)        
2025-07-15T13:31:12.8525072Z remote: Counting objects:  48% (836/1741)        
2025-07-15T13:31:12.8526388Z remote: Counting objects:  49% (854/1741)        
2025-07-15T13:31:12.8527691Z remote: Counting objects:  50% (871/1741)        
2025-07-15T13:31:12.8528986Z remote: Counting objects:  51% (888/1741)        
2025-07-15T13:31:12.8530285Z remote: Counting objects:  52% (906/1741)        
2025-07-15T13:31:12.8531610Z remote: Counting objects:  53% (923/1741)        
2025-07-15T13:31:12.8532926Z remote: Counting objects:  54% (941/1741)        
2025-07-15T13:31:12.8534339Z remote: Counting objects:  55% (958/1741)        
2025-07-15T13:31:12.8535666Z remote: Counting objects:  56% (975/1741)        
2025-07-15T13:31:12.8536963Z remote: Counting objects:  57% (993/1741)        
2025-07-15T13:31:12.8538283Z remote: Counting objects:  58% (1010/1741)        
2025-07-15T13:31:12.8539627Z remote: Counting objects:  59% (1028/1741)        
2025-07-15T13:31:12.8541032Z remote: Counting objects:  60% (1045/1741)        
2025-07-15T13:31:12.8542381Z remote: Counting objects:  61% (1063/1741)        
2025-07-15T13:31:12.8543736Z remote: Counting objects:  62% (1080/1741)        
2025-07-15T13:31:12.8545178Z remote: Counting objects:  63% (1097/1741)        
2025-07-15T13:31:12.8546524Z remote: Counting objects:  64% (1115/1741)        
2025-07-15T13:31:12.8548070Z remote: Counting objects:  65% (1132/1741)        
2025-07-15T13:31:12.8549423Z remote: Counting objects:  66% (1150/1741)        
2025-07-15T13:31:12.8550765Z remote: Counting objects:  67% (1167/1741)        
2025-07-15T13:31:12.8552096Z remote: Counting objects:  68% (1184/1741)        
2025-07-15T13:31:12.8553415Z remote: Counting objects:  69% (1202/1741)        
2025-07-15T13:31:12.8554828Z remote: Counting objects:  70% (1219/1741)        
2025-07-15T13:31:12.8556140Z remote: Counting objects:  71% (1237/1741)        
2025-07-15T13:31:12.8557465Z remote: Counting objects:  72% (1254/1741)        
2025-07-15T13:31:12.8558794Z remote: Counting objects:  73% (1271/1741)        
2025-07-15T13:31:12.8560120Z remote: Counting objects:  74% (1289/1741)        
2025-07-15T13:31:12.8561426Z remote: Counting objects:  75% (1306/1741)        
2025-07-15T13:31:12.8562750Z remote: Counting objects:  76% (1324/1741)        
2025-07-15T13:31:12.8564072Z remote: Counting objects:  77% (1341/1741)        
2025-07-15T13:31:12.8565488Z remote: Counting objects:  78% (1358/1741)        
2025-07-15T13:31:12.8566797Z remote: Counting objects:  79% (1376/1741)        
2025-07-15T13:31:12.8568101Z remote: Counting objects:  80% (1393/1741)        
2025-07-15T13:31:12.8569404Z remote: Counting objects:  81% (1411/1741)        
2025-07-15T13:31:12.8570718Z remote: Counting objects:  82% (1428/1741)        
2025-07-15T13:31:12.8572033Z remote: Counting objects:  83% (1446/1741)        
2025-07-15T13:31:12.8573359Z remote: Counting objects:  84% (1463/1741)        
2025-07-15T13:31:12.8574783Z remote: Counting objects:  85% (1480/1741)        
2025-07-15T13:31:12.8576124Z remote: Counting objects:  86% (1498/1741)        
2025-07-15T13:31:12.8577451Z remote: Counting objects:  87% (1515/1741)        
2025-07-15T13:31:12.8578769Z remote: Counting objects:  88% (1533/1741)        
2025-07-15T13:31:12.8580084Z remote: Counting objects:  89% (1550/1741)        
2025-07-15T13:31:12.8581386Z remote: Counting objects:  90% (1567/1741)        
2025-07-15T13:31:12.8582740Z remote: Counting objects:  91% (1585/1741)        
2025-07-15T13:31:12.8584074Z remote: Counting objects:  92% (1602/1741)        
2025-07-15T13:31:12.8585492Z remote: Counting objects:  93% (1620/1741)        
2025-07-15T13:31:12.8586803Z remote: Counting objects:  94% (1637/1741)        
2025-07-15T13:31:12.8588116Z remote: Counting objects:  95% (1654/1741)        
2025-07-15T13:31:12.8589434Z remote: Counting objects:  96% (1672/1741)        
2025-07-15T13:31:12.8590727Z remote: Counting objects:  97% (1689/1741)        
2025-07-15T13:31:12.8592021Z remote: Counting objects:  98% (1707/1741)        
2025-07-15T13:31:12.8593460Z remote: Counting objects:  99% (1724/1741)        
2025-07-15T13:31:12.8594865Z remote: Counting objects: 100% (1741/1741)        
2025-07-15T13:31:12.8596271Z remote: Counting objects: 100% (1741/1741), done.        
2025-07-15T13:31:12.8806685Z remote: Compressing objects:   0% (1/1636)        
2025-07-15T13:31:12.8808708Z remote: Compressing objects:   1% (17/1636)        
2025-07-15T13:31:12.8810129Z remote: Compressing objects:   2% (33/1636)        
2025-07-15T13:31:12.8811546Z remote: Compressing objects:   3% (50/1636)        
2025-07-15T13:31:12.8812870Z remote: Compressing objects:   4% (66/1636)        
2025-07-15T13:31:12.8814372Z remote: Compressing objects:   5% (82/1636)        
2025-07-15T13:31:12.8815790Z remote: Compressing objects:   6% (99/1636)        
2025-07-15T13:31:12.8817182Z remote: Compressing objects:   7% (115/1636)        
2025-07-15T13:31:12.8818554Z remote: Compressing objects:   8% (131/1636)        
2025-07-15T13:31:12.8820053Z remote: Compressing objects:   9% (148/1636)        
2025-07-15T13:31:12.8821608Z remote: Compressing objects:  10% (164/1636)        
2025-07-15T13:31:12.8823038Z remote: Compressing objects:  11% (180/1636)        
2025-07-15T13:31:12.8824526Z remote: Compressing objects:  12% (197/1636)        
2025-07-15T13:31:12.8825931Z remote: Compressing objects:  13% (213/1636)        
2025-07-15T13:31:12.8827546Z remote: Compressing objects:  14% (230/1636)        
2025-07-15T13:31:12.8828915Z remote: Compressing objects:  15% (246/1636)        
2025-07-15T13:31:12.8830267Z remote: Compressing objects:  16% (262/1636)        
2025-07-15T13:31:12.8831624Z remote: Compressing objects:  17% (279/1636)        
2025-07-15T13:31:12.8832978Z remote: Compressing objects:  18% (295/1636)        
2025-07-15T13:31:12.8834440Z remote: Compressing objects:  19% (311/1636)        
2025-07-15T13:31:12.8835801Z remote: Compressing objects:  20% (328/1636)        
2025-07-15T13:31:12.8837149Z remote: Compressing objects:  21% (344/1636)        
2025-07-15T13:31:12.8838509Z remote: Compressing objects:  22% (360/1636)        
2025-07-15T13:31:12.8839844Z remote: Compressing objects:  23% (377/1636)        
2025-07-15T13:31:12.8841193Z remote: Compressing objects:  24% (393/1636)        
2025-07-15T13:31:12.8842535Z remote: Compressing objects:  25% (409/1636)        
2025-07-15T13:31:12.8843868Z remote: Compressing objects:  26% (426/1636)        
2025-07-15T13:31:12.8845428Z remote: Compressing objects:  27% (442/1636)        
2025-07-15T13:31:12.8846762Z remote: Compressing objects:  28% (459/1636)        
2025-07-15T13:31:12.8848095Z remote: Compressing objects:  29% (475/1636)        
2025-07-15T13:31:12.8849425Z remote: Compressing objects:  30% (491/1636)        
2025-07-15T13:31:12.8850773Z remote: Compressing objects:  31% (508/1636)        
2025-07-15T13:31:12.8852137Z remote: Compressing objects:  32% (524/1636)        
2025-07-15T13:31:12.8853454Z remote: Compressing objects:  33% (540/1636)        
2025-07-15T13:31:12.8855007Z remote: Compressing objects:  34% (557/1636)        
2025-07-15T13:31:12.8856347Z remote: Compressing objects:  35% (573/1636)        
2025-07-15T13:31:12.8857660Z remote: Compressing objects:  36% (589/1636)        
2025-07-15T13:31:12.8858990Z remote: Compressing objects:  37% (606/1636)        
2025-07-15T13:31:12.8860329Z remote: Compressing objects:  38% (622/1636)        
2025-07-15T13:31:12.8861663Z remote: Compressing objects:  39% (639/1636)        
2025-07-15T13:31:12.8862979Z remote: Compressing objects:  40% (655/1636)        
2025-07-15T13:31:12.8864401Z remote: Compressing objects:  41% (671/1636)        
2025-07-15T13:31:12.8865715Z remote: Compressing objects:  42% (688/1636)        
2025-07-15T13:31:12.8916395Z remote: Compressing objects:  43% (704/1636)        
2025-07-15T13:31:12.9430067Z remote: Compressing objects:  44% (720/1636)        
2025-07-15T13:31:12.9854100Z remote: Compressing objects:  45% (737/1636)        
2025-07-15T13:31:12.9942713Z remote: Compressing objects:  46% (753/1636)        
2025-07-15T13:31:13.0051242Z remote: Compressing objects:  47% (769/1636)        
2025-07-15T13:31:13.0216423Z remote: Compressing objects:  48% (786/1636)        
2025-07-15T13:31:13.0324033Z remote: Compressing objects:  49% (802/1636)        
2025-07-15T13:31:13.0473900Z remote: Compressing objects:  50% (818/1636)        
2025-07-15T13:31:13.0657904Z remote: Compressing objects:  51% (835/1636)        
2025-07-15T13:31:13.0680286Z remote: Compressing objects:  52% (851/1636)        
2025-07-15T13:31:13.0761507Z remote: Compressing objects:  53% (868/1636)        
2025-07-15T13:31:13.0829972Z remote: Compressing objects:  54% (884/1636)        
2025-07-15T13:31:13.0846200Z remote: Compressing objects:  55% (900/1636)        
2025-07-15T13:31:13.0866775Z remote: Compressing objects:  56% (917/1636)        
2025-07-15T13:31:13.0909760Z remote: Compressing objects:  57% (933/1636)        
2025-07-15T13:31:13.0977227Z remote: Compressing objects:  58% (949/1636)        
2025-07-15T13:31:13.1115333Z remote: Compressing objects:  59% (966/1636)        
2025-07-15T13:31:13.1117331Z remote: Compressing objects:  60% (982/1636)        
2025-07-15T13:31:13.1118768Z remote: Compressing objects:  61% (998/1636)        
2025-07-15T13:31:13.1146851Z remote: Compressing objects:  62% (1015/1636)        
2025-07-15T13:31:13.1148713Z remote: Compressing objects:  63% (1031/1636)        
2025-07-15T13:31:13.1150843Z remote: Compressing objects:  64% (1048/1636)        
2025-07-15T13:31:13.1186714Z remote: Compressing objects:  65% (1064/1636)        
2025-07-15T13:31:13.1201472Z remote: Compressing objects:  66% (1080/1636)        
2025-07-15T13:31:13.1219754Z remote: Compressing objects:  67% (1097/1636)        
2025-07-15T13:31:13.1250316Z remote: Compressing objects:  68% (1113/1636)        
2025-07-15T13:31:13.1269621Z remote: Compressing objects:  69% (1129/1636)        
2025-07-15T13:31:13.1288008Z remote: Compressing objects:  70% (1146/1636)        
2025-07-15T13:31:13.1301521Z remote: Compressing objects:  71% (1162/1636)        
2025-07-15T13:31:13.1325876Z remote: Compressing objects:  72% (1178/1636)        
2025-07-15T13:31:13.1345761Z remote: Compressing objects:  73% (1195/1636)        
2025-07-15T13:31:13.1356982Z remote: Compressing objects:  74% (1211/1636)        
2025-07-15T13:31:13.1358432Z remote: Compressing objects:  75% (1227/1636)        
2025-07-15T13:31:13.1365271Z remote: Compressing objects:  76% (1244/1636)        
2025-07-15T13:31:13.1366831Z remote: Compressing objects:  77% (1260/1636)        
2025-07-15T13:31:13.1374958Z remote: Compressing objects:  78% (1277/1636)        
2025-07-15T13:31:13.1379713Z remote: Compressing objects:  79% (1293/1636)        
2025-07-15T13:31:13.1387447Z remote: Compressing objects:  80% (1309/1636)        
2025-07-15T13:31:13.1390825Z remote: Compressing objects:  81% (1326/1636)        
2025-07-15T13:31:13.1395025Z remote: Compressing objects:  82% (1342/1636)        
2025-07-15T13:31:13.1398922Z remote: Compressing objects:  83% (1358/1636)        
2025-07-15T13:31:13.1400941Z remote: Compressing objects:  84% (1375/1636)        
2025-07-15T13:31:13.1403351Z remote: Compressing objects:  85% (1391/1636)        
2025-07-15T13:31:13.1405476Z remote: Compressing objects:  86% (1407/1636)        
2025-07-15T13:31:13.1407769Z remote: Compressing objects:  87% (1424/1636)        
2025-07-15T13:31:13.1409522Z remote: Compressing objects:  88% (1440/1636)        
2025-07-15T13:31:13.1410900Z remote: Compressing objects:  89% (1457/1636)        
2025-07-15T13:31:13.1412242Z remote: Compressing objects:  90% (1473/1636)        
2025-07-15T13:31:13.1413620Z remote: Compressing objects:  91% (1489/1636)        
2025-07-15T13:31:13.1415209Z remote: Compressing objects:  92% (1506/1636)        
2025-07-15T13:31:13.1416564Z remote: Compressing objects:  93% (1522/1636)        
2025-07-15T13:31:13.1417906Z remote: Compressing objects:  94% (1538/1636)        
2025-07-15T13:31:13.1419241Z remote: Compressing objects:  95% (1555/1636)        
2025-07-15T13:31:13.1420843Z remote: Compressing objects:  96% (1571/1636)        
2025-07-15T13:31:13.1422187Z remote: Compressing objects:  97% (1587/1636)        
2025-07-15T13:31:13.1423512Z remote: Compressing objects:  98% (1604/1636)        
2025-07-15T13:31:13.1424963Z remote: Compressing objects:  99% (1620/1636)        
2025-07-15T13:31:13.1426299Z remote: Compressing objects: 100% (1636/1636)        
2025-07-15T13:31:13.1427721Z remote: Compressing objects: 100% (1636/1636), done.        
2025-07-15T13:31:13.1842900Z Receiving objects:   0% (1/1741)
2025-07-15T13:31:13.1885888Z Receiving objects:   1% (18/1741)
2025-07-15T13:31:13.1893944Z Receiving objects:   2% (35/1741)
2025-07-15T13:31:13.2290106Z Receiving objects:   3% (53/1741)
2025-07-15T13:31:13.2889020Z Receiving objects:   4% (70/1741)
2025-07-15T13:31:13.3233310Z Receiving objects:   5% (88/1741)
2025-07-15T13:31:13.3259598Z Receiving objects:   6% (105/1741)
2025-07-15T13:31:13.3323432Z Receiving objects:   7% (122/1741)
2025-07-15T13:31:13.3398048Z Receiving objects:   8% (140/1741)
2025-07-15T13:31:13.3421837Z Receiving objects:   9% (157/1741)
2025-07-15T13:31:13.3604411Z Receiving objects:  10% (175/1741)
2025-07-15T13:31:13.3726381Z Receiving objects:  11% (192/1741)
2025-07-15T13:31:13.3736396Z Receiving objects:  12% (209/1741)
2025-07-15T13:31:13.3764685Z Receiving objects:  13% (227/1741)
2025-07-15T13:31:13.3812258Z Receiving objects:  14% (244/1741)
2025-07-15T13:31:13.3838843Z Receiving objects:  15% (262/1741)
2025-07-15T13:31:13.3884794Z Receiving objects:  16% (279/1741)
2025-07-15T13:31:13.3905997Z Receiving objects:  17% (296/1741)
2025-07-15T13:31:13.3918332Z Receiving objects:  18% (314/1741)
2025-07-15T13:31:13.3922622Z Receiving objects:  19% (331/1741)
2025-07-15T13:31:13.3933017Z Receiving objects:  20% (349/1741)
2025-07-15T13:31:13.3964169Z Receiving objects:  21% (366/1741)
2025-07-15T13:31:13.4091967Z Receiving objects:  22% (384/1741)
2025-07-15T13:31:13.4126950Z Receiving objects:  23% (401/1741)
2025-07-15T13:31:13.4137845Z Receiving objects:  24% (418/1741)
2025-07-15T13:31:13.4150909Z Receiving objects:  25% (436/1741)
2025-07-15T13:31:13.4240015Z Receiving objects:  26% (453/1741)
2025-07-15T13:31:13.4258408Z Receiving objects:  27% (471/1741)
2025-07-15T13:31:13.4273273Z Receiving objects:  28% (488/1741)
2025-07-15T13:31:13.4294108Z Receiving objects:  29% (505/1741)
2025-07-15T13:31:13.4305965Z Receiving objects:  30% (523/1741)
2025-07-15T13:31:13.4321142Z Receiving objects:  31% (540/1741)
2025-07-15T13:31:13.4330613Z Receiving objects:  32% (558/1741)
2025-07-15T13:31:13.4345502Z Receiving objects:  33% (575/1741)
2025-07-15T13:31:13.4360253Z Receiving objects:  34% (592/1741)
2025-07-15T13:31:13.4375907Z Receiving objects:  35% (610/1741)
2025-07-15T13:31:13.4385755Z Receiving objects:  36% (627/1741)
2025-07-15T13:31:13.4401562Z Receiving objects:  37% (645/1741)
2025-07-15T13:31:13.4412210Z Receiving objects:  38% (662/1741)
2025-07-15T13:31:13.4419251Z Receiving objects:  39% (679/1741)
2025-07-15T13:31:13.4442380Z Receiving objects:  40% (697/1741)
2025-07-15T13:31:13.4457733Z Receiving objects:  41% (714/1741)
2025-07-15T13:31:13.4476976Z Receiving objects:  42% (732/1741)
2025-07-15T13:31:13.4485740Z Receiving objects:  43% (749/1741)
2025-07-15T13:31:13.4498211Z Receiving objects:  44% (767/1741)
2025-07-15T13:31:13.4507671Z Receiving objects:  45% (784/1741)
2025-07-15T13:31:13.4523500Z Receiving objects:  46% (801/1741)
2025-07-15T13:31:13.4544954Z Receiving objects:  47% (819/1741)
2025-07-15T13:31:13.4551955Z Receiving objects:  48% (836/1741)
2025-07-15T13:31:13.4591747Z Receiving objects:  49% (854/1741)
2025-07-15T13:31:13.4604002Z Receiving objects:  50% (871/1741)
2025-07-15T13:31:13.4635922Z Receiving objects:  51% (888/1741)
2025-07-15T13:31:13.4645138Z Receiving objects:  52% (906/1741)
2025-07-15T13:31:13.4666066Z Receiving objects:  53% (923/1741)
2025-07-15T13:31:13.4678912Z Receiving objects:  54% (941/1741)
2025-07-15T13:31:13.4687398Z Receiving objects:  55% (958/1741)
2025-07-15T13:31:13.4695730Z Receiving objects:  56% (975/1741)
2025-07-15T13:31:13.4757374Z Receiving objects:  57% (993/1741)
2025-07-15T13:31:13.4792721Z Receiving objects:  58% (1010/1741)
2025-07-15T13:31:13.4814988Z Receiving objects:  59% (1028/1741)
2025-07-15T13:31:13.4841077Z Receiving objects:  60% (1045/1741)
2025-07-15T13:31:13.4876744Z Receiving objects:  61% (1063/1741)
2025-07-15T13:31:13.4886247Z Receiving objects:  62% (1080/1741)
2025-07-15T13:31:13.4904410Z Receiving objects:  63% (1097/1741)
2025-07-15T13:31:13.4926103Z Receiving objects:  64% (1115/1741)
2025-07-15T13:31:13.4947597Z Receiving objects:  65% (1132/1741)
2025-07-15T13:31:13.4975343Z Receiving objects:  66% (1150/1741)
2025-07-15T13:31:13.4989074Z Receiving objects:  67% (1167/1741)
2025-07-15T13:31:13.5079414Z Receiving objects:  68% (1184/1741)
2025-07-15T13:31:13.5087125Z Receiving objects:  69% (1202/1741)
2025-07-15T13:31:13.5103772Z Receiving objects:  70% (1219/1741)
2025-07-15T13:31:13.5119931Z Receiving objects:  71% (1237/1741)
2025-07-15T13:31:13.5129646Z Receiving objects:  72% (1254/1741)
2025-07-15T13:31:13.5155775Z Receiving objects:  73% (1271/1741)
2025-07-15T13:31:13.5169622Z Receiving objects:  74% (1289/1741)
2025-07-15T13:31:13.5193014Z Receiving objects:  75% (1306/1741)
2025-07-15T13:31:13.5214915Z Receiving objects:  76% (1324/1741)
2025-07-15T13:31:13.5251028Z Receiving objects:  77% (1341/1741)
2025-07-15T13:31:13.5259556Z Receiving objects:  78% (1358/1741)
2025-07-15T13:31:13.5274674Z Receiving objects:  79% (1376/1741)
2025-07-15T13:31:13.5291633Z Receiving objects:  80% (1393/1741)
2025-07-15T13:31:13.5309418Z Receiving objects:  81% (1411/1741)
2025-07-15T13:31:13.5324511Z Receiving objects:  82% (1428/1741)
2025-07-15T13:31:13.5333710Z Receiving objects:  83% (1446/1741)
2025-07-15T13:31:13.5352659Z Receiving objects:  84% (1463/1741)
2025-07-15T13:31:13.5376339Z Receiving objects:  85% (1480/1741)
2025-07-15T13:31:13.5394479Z Receiving objects:  86% (1498/1741)
2025-07-15T13:31:13.5407644Z Receiving objects:  87% (1515/1741)
2025-07-15T13:31:13.5420410Z Receiving objects:  88% (1533/1741)
2025-07-15T13:31:13.5432475Z Receiving objects:  89% (1550/1741)
2025-07-15T13:31:13.5438121Z Receiving objects:  90% (1567/1741)
2025-07-15T13:31:13.5451830Z Receiving objects:  91% (1585/1741)
2025-07-15T13:31:13.5457307Z Receiving objects:  92% (1602/1741)
2025-07-15T13:31:13.5493641Z Receiving objects:  93% (1620/1741)
2025-07-15T13:31:13.5516101Z Receiving objects:  94% (1637/1741)
2025-07-15T13:31:13.5533774Z Receiving objects:  95% (1654/1741)
2025-07-15T13:31:13.5550863Z Receiving objects:  96% (1672/1741)
2025-07-15T13:31:13.5570320Z Receiving objects:  97% (1689/1741)
2025-07-15T13:31:13.5592743Z Receiving objects:  98% (1707/1741)
2025-07-15T13:31:13.5600767Z Receiving objects:  99% (1724/1741)
2025-07-15T13:31:13.5604006Z remote: Total 1741 (delta 87), reused 1721 (delta 82), pack-reused 0 (from 0)        
2025-07-15T13:31:13.5621686Z Receiving objects: 100% (1741/1741)
2025-07-15T13:31:13.5629718Z Receiving objects: 100% (1741/1741), 7.02 MiB | 17.78 MiB/s, done.
2025-07-15T13:31:13.5631580Z Resolving deltas:   0% (0/87)
2025-07-15T13:31:13.5633051Z Resolving deltas:   1% (1/87)
2025-07-15T13:31:13.5634650Z Resolving deltas:   2% (2/87)
2025-07-15T13:31:13.5636108Z Resolving deltas:   3% (3/87)
2025-07-15T13:31:13.5637537Z Resolving deltas:   4% (4/87)
2025-07-15T13:31:13.5639022Z Resolving deltas:   5% (5/87)
2025-07-15T13:31:13.5640530Z Resolving deltas:   6% (6/87)
2025-07-15T13:31:13.5642056Z Resolving deltas:   8% (7/87)
2025-07-15T13:31:13.5643598Z Resolving deltas:   9% (8/87)
2025-07-15T13:31:13.5645205Z Resolving deltas:  10% (9/87)
2025-07-15T13:31:13.5646615Z Resolving deltas:  11% (10/87)
2025-07-15T13:31:13.5648078Z Resolving deltas:  12% (11/87)
2025-07-15T13:31:13.5649503Z Resolving deltas:  13% (12/87)
2025-07-15T13:31:13.5650943Z Resolving deltas:  14% (13/87)
2025-07-15T13:31:13.5652412Z Resolving deltas:  16% (14/87)
2025-07-15T13:31:13.5653842Z Resolving deltas:  17% (15/87)
2025-07-15T13:31:13.5655465Z Resolving deltas:  18% (16/87)
2025-07-15T13:31:13.5657190Z Resolving deltas:  19% (17/87)
2025-07-15T13:31:13.5658713Z Resolving deltas:  20% (18/87)
2025-07-15T13:31:13.5660154Z Resolving deltas:  21% (19/87)
2025-07-15T13:31:13.5732178Z Resolving deltas:  22% (20/87)
2025-07-15T13:31:13.5733882Z Resolving deltas:  24% (21/87)
2025-07-15T13:31:13.5735555Z Resolving deltas:  25% (22/87)
2025-07-15T13:31:13.5736984Z Resolving deltas:  26% (23/87)
2025-07-15T13:31:13.5738513Z Resolving deltas:  27% (24/87)
2025-07-15T13:31:13.5739999Z Resolving deltas:  28% (25/87)
2025-07-15T13:31:13.5741487Z Resolving deltas:  29% (26/87)
2025-07-15T13:31:13.5742941Z Resolving deltas:  31% (27/87)
2025-07-15T13:31:13.5744644Z Resolving deltas:  32% (28/87)
2025-07-15T13:31:13.5746122Z Resolving deltas:  33% (29/87)
2025-07-15T13:31:13.5747601Z Resolving deltas:  34% (30/87)
2025-07-15T13:31:13.5749117Z Resolving deltas:  35% (31/87)
2025-07-15T13:31:13.5750194Z Resolving deltas:  36% (32/87)
2025-07-15T13:31:13.5751091Z Resolving deltas:  37% (33/87)
2025-07-15T13:31:13.5751999Z Resolving deltas:  39% (34/87)
2025-07-15T13:31:13.5752888Z Resolving deltas:  40% (35/87)
2025-07-15T13:31:13.5753825Z Resolving deltas:  41% (36/87)
2025-07-15T13:31:13.5754982Z Resolving deltas:  42% (37/87)
2025-07-15T13:31:13.5755874Z Resolving deltas:  43% (38/87)
2025-07-15T13:31:13.5756757Z Resolving deltas:  44% (39/87)
2025-07-15T13:31:13.5757634Z Resolving deltas:  45% (40/87)
2025-07-15T13:31:13.5758728Z Resolving deltas:  47% (41/87)
2025-07-15T13:31:13.5759612Z Resolving deltas:  48% (42/87)
2025-07-15T13:31:13.5760491Z Resolving deltas:  49% (43/87)
2025-07-15T13:31:13.5761374Z Resolving deltas:  50% (44/87)
2025-07-15T13:31:13.5762264Z Resolving deltas:  52% (46/87)
2025-07-15T13:31:13.5763148Z Resolving deltas:  54% (47/87)
2025-07-15T13:31:13.5764040Z Resolving deltas:  55% (48/87)
2025-07-15T13:31:13.5765156Z Resolving deltas:  56% (49/87)
2025-07-15T13:31:13.5766052Z Resolving deltas:  57% (50/87)
2025-07-15T13:31:13.5766945Z Resolving deltas:  58% (51/87)
2025-07-15T13:31:13.5767835Z Resolving deltas:  59% (52/87)
2025-07-15T13:31:13.5768723Z Resolving deltas:  60% (53/87)
2025-07-15T13:31:13.5769608Z Resolving deltas:  62% (54/87)
2025-07-15T13:31:13.5770476Z Resolving deltas:  63% (55/87)
2025-07-15T13:31:13.5771352Z Resolving deltas:  64% (56/87)
2025-07-15T13:31:13.5772232Z Resolving deltas:  65% (57/87)
2025-07-15T13:31:13.5773103Z Resolving deltas:  66% (58/87)
2025-07-15T13:31:13.5773990Z Resolving deltas:  67% (59/87)
2025-07-15T13:31:13.5775060Z Resolving deltas:  68% (60/87)
2025-07-15T13:31:13.5775939Z Resolving deltas:  70% (61/87)
2025-07-15T13:31:13.5776819Z Resolving deltas:  71% (62/87)
2025-07-15T13:31:13.5777696Z Resolving deltas:  72% (63/87)
2025-07-15T13:31:13.5778573Z Resolving deltas:  73% (64/87)
2025-07-15T13:31:13.5779450Z Resolving deltas:  75% (66/87)
2025-07-15T13:31:13.5780324Z Resolving deltas:  77% (67/87)
2025-07-15T13:31:13.5781189Z Resolving deltas:  78% (68/87)
2025-07-15T13:31:13.5782187Z Resolving deltas:  79% (69/87)
2025-07-15T13:31:13.5783171Z Resolving deltas:  80% (70/87)
2025-07-15T13:31:13.5784183Z Resolving deltas:  81% (71/87)
2025-07-15T13:31:13.5785604Z Resolving deltas:  82% (72/87)
2025-07-15T13:31:13.5786649Z Resolving deltas:  83% (73/87)
2025-07-15T13:31:13.5787537Z Resolving deltas:  85% (74/87)
2025-07-15T13:31:13.5788408Z Resolving deltas:  86% (75/87)
2025-07-15T13:31:13.5789526Z Resolving deltas:  87% (76/87)
2025-07-15T13:31:13.5790617Z Resolving deltas:  88% (77/87)
2025-07-15T13:31:13.5791703Z Resolving deltas:  89% (78/87)
2025-07-15T13:31:13.5793130Z Resolving deltas:  90% (79/87)
2025-07-15T13:31:13.5794818Z Resolving deltas:  91% (80/87)
2025-07-15T13:31:13.5795802Z Resolving deltas:  93% (81/87)
2025-07-15T13:31:13.5796692Z Resolving deltas:  94% (82/87)
2025-07-15T13:31:13.5797575Z Resolving deltas:  95% (83/87)
2025-07-15T13:31:13.5798513Z Resolving deltas:  96% (84/87)
2025-07-15T13:31:13.5799590Z Resolving deltas:  97% (85/87)
2025-07-15T13:31:13.5800483Z Resolving deltas:  98% (86/87)
2025-07-15T13:31:13.5801535Z Resolving deltas: 100% (87/87)
2025-07-15T13:31:13.5802454Z Resolving deltas: 100% (87/87), done.
2025-07-15T13:31:13.5873399Z From https://github.com/***/testing-CI-CD
2025-07-15T13:31:13.5875152Z  * [new ref]         a7821533aee1039f2d5c3cf3629b0e43294599bf -> origin/main
2025-07-15T13:31:13.5942884Z ##[endgroup]
2025-07-15T13:31:13.5944642Z ##[group]Determining the checkout info
2025-07-15T13:31:13.5946200Z ##[endgroup]
2025-07-15T13:31:13.5947400Z ##[group]Checking out the ref
2025-07-15T13:31:13.5949218Z [command]/usr/bin/git checkout --progress --force -B main refs/remotes/origin/main
2025-07-15T13:31:13.7430775Z Switched to a new branch 'main'
2025-07-15T13:31:13.7432727Z branch 'main' set up to track 'origin/main'.
2025-07-15T13:31:13.7443132Z ##[endgroup]
2025-07-15T13:31:13.7478652Z [command]/usr/bin/git log -1 --format='%H'
2025-07-15T13:31:13.7500331Z 'a7821533aee1039f2d5c3cf3629b0e43294599bf'
2025-07-15T13:31:13.7777834Z ##[group]Run actions/setup-python@v4
2025-07-15T13:31:13.7778764Z with:
2025-07-15T13:31:13.7779414Z   python-version: 3.10
2025-07-15T13:31:13.7780188Z   check-latest: false
2025-07-15T13:31:13.7781160Z   token: ***
2025-07-15T13:31:13.7781852Z   update-environment: true
2025-07-15T13:31:13.7782684Z   allow-prereleases: false
2025-07-15T13:31:13.7783481Z ##[endgroup]
2025-07-15T13:31:13.9466712Z ##[group]Installed versions
2025-07-15T13:31:14.0038341Z Successfully set up CPython (3.10.18)
2025-07-15T13:31:14.0040638Z ##[endgroup]
2025-07-15T13:31:14.0183019Z ##[group]Run python -m pip install --upgrade pip
2025-07-15T13:31:14.0184506Z [36;1mpython -m pip install --upgrade pip[0m
2025-07-15T13:31:14.0185591Z [36;1mpip install -r requirements.txt[0m
2025-07-15T13:31:14.0269141Z shell: /usr/bin/bash -e {0}
2025-07-15T13:31:14.0269962Z env:
2025-07-15T13:31:14.0270815Z   pythonLocation: /opt/hostedtoolcache/Python/3.10.18/x64
2025-07-15T13:31:14.0272317Z   PKG_CONFIG_PATH: /opt/hostedtoolcache/Python/3.10.18/x64/lib/pkgconfig
2025-07-15T13:31:14.0273797Z   Python_ROOT_DIR: /opt/hostedtoolcache/Python/3.10.18/x64
2025-07-15T13:31:14.0275356Z   Python2_ROOT_DIR: /opt/hostedtoolcache/Python/3.10.18/x64
2025-07-15T13:31:14.0276706Z   Python3_ROOT_DIR: /opt/hostedtoolcache/Python/3.10.18/x64
2025-07-15T13:31:14.0278046Z   LD_LIBRARY_PATH: /opt/hostedtoolcache/Python/3.10.18/x64/lib
2025-07-15T13:31:14.0279152Z ##[endgroup]
2025-07-15T13:31:16.5210294Z Requirement already satisfied: pip in /opt/hostedtoolcache/Python/3.10.18/x64/lib/python3.10/site-packages (25.1.1)
2025-07-15T13:31:17.6864133Z Collecting flask==3.0.2 (from -r requirements.txt (line 1))
2025-07-15T13:31:17.7446545Z   Downloading flask-3.0.2-py3-none-any.whl.metadata (3.6 kB)
2025-07-15T13:31:17.8126025Z Collecting pytest==8.2.1 (from -r requirements.txt (line 2))
2025-07-15T13:31:17.8230769Z   Downloading pytest-8.2.1-py3-none-any.whl.metadata (7.6 kB)
2025-07-15T13:31:17.8591652Z Collecting Werkzeug>=3.0.0 (from flask==3.0.2->-r requirements.txt (line 1))
2025-07-15T13:31:17.8695781Z   Downloading werkzeug-3.1.3-py3-none-any.whl.metadata (3.7 kB)
2025-07-15T13:31:17.8942515Z Collecting Jinja2>=3.1.2 (from flask==3.0.2->-r requirements.txt (line 1))
2025-07-15T13:31:17.9046180Z   Downloading jinja2-3.1.6-py3-none-any.whl.metadata (2.9 kB)
2025-07-15T13:31:17.9250152Z Collecting itsdangerous>=2.1.2 (from flask==3.0.2->-r requirements.txt (line 1))
2025-07-15T13:31:17.9351949Z   Downloading itsdangerous-2.2.0-py3-none-any.whl.metadata (1.9 kB)
2025-07-15T13:31:17.9629626Z Collecting click>=8.1.3 (from flask==3.0.2->-r requirements.txt (line 1))
2025-07-15T13:31:17.9730575Z   Downloading click-8.2.1-py3-none-any.whl.metadata (2.5 kB)
2025-07-15T13:31:17.9918120Z Collecting blinker>=1.6.2 (from flask==3.0.2->-r requirements.txt (line 1))
2025-07-15T13:31:18.0018966Z   Downloading blinker-1.9.0-py3-none-any.whl.metadata (1.6 kB)
2025-07-15T13:31:18.0191075Z Collecting iniconfig (from pytest==8.2.1->-r requirements.txt (line 2))
2025-07-15T13:31:18.0292527Z   Downloading iniconfig-2.1.0-py3-none-any.whl.metadata (2.7 kB)
2025-07-15T13:31:18.0554591Z Collecting packaging (from pytest==8.2.1->-r requirements.txt (line 2))
2025-07-15T13:31:18.0659287Z   Downloading packaging-25.0-py3-none-any.whl.metadata (3.3 kB)
2025-07-15T13:31:18.0876171Z Collecting pluggy<2.0,>=1.5 (from pytest==8.2.1->-r requirements.txt (line 2))
2025-07-15T13:31:18.0980454Z   Downloading pluggy-1.6.0-py3-none-any.whl.metadata (4.8 kB)
2025-07-15T13:31:18.1206358Z Collecting exceptiongroup>=1.0.0rc8 (from pytest==8.2.1->-r requirements.txt (line 2))
2025-07-15T13:31:18.1309614Z   Downloading exceptiongroup-1.3.0-py3-none-any.whl.metadata (6.7 kB)
2025-07-15T13:31:18.1557151Z Collecting tomli>=1 (from pytest==8.2.1->-r requirements.txt (line 2))
2025-07-15T13:31:18.1660592Z   Downloading tomli-2.2.1-py3-none-any.whl.metadata (10 kB)
2025-07-15T13:31:18.1952302Z Collecting typing-extensions>=4.6.0 (from exceptiongroup>=1.0.0rc8->pytest==8.2.1->-r requirements.txt (line 2))
2025-07-15T13:31:18.2054182Z   Downloading typing_extensions-4.14.1-py3-none-any.whl.metadata (3.0 kB)
2025-07-15T13:31:18.2809893Z Collecting MarkupSafe>=2.0 (from Jinja2>=3.1.2->flask==3.0.2->-r requirements.txt (line 1))
2025-07-15T13:31:18.2922448Z   Downloading MarkupSafe-3.0.2-cp310-cp310-manylinux_2_17_x86_64.manylinux2014_x86_64.whl.metadata (4.0 kB)
2025-07-15T13:31:18.3127250Z Downloading flask-3.0.2-py3-none-any.whl (101 kB)
2025-07-15T13:31:18.3371123Z Downloading pytest-8.2.1-py3-none-any.whl (339 kB)
2025-07-15T13:31:18.3614646Z Downloading pluggy-1.6.0-py3-none-any.whl (20 kB)
2025-07-15T13:31:18.3739263Z Downloading blinker-1.9.0-py3-none-any.whl (8.5 kB)
2025-07-15T13:31:18.3862149Z Downloading click-8.2.1-py3-none-any.whl (102 kB)
2025-07-15T13:31:18.3993117Z Downloading exceptiongroup-1.3.0-py3-none-any.whl (16 kB)
2025-07-15T13:31:18.4114533Z Downloading itsdangerous-2.2.0-py3-none-any.whl (16 kB)
2025-07-15T13:31:18.4240445Z Downloading jinja2-3.1.6-py3-none-any.whl (134 kB)
2025-07-15T13:31:18.4374853Z Downloading MarkupSafe-3.0.2-cp310-cp310-manylinux_2_17_x86_64.manylinux2014_x86_64.whl (20 kB)
2025-07-15T13:31:18.4496895Z Downloading tomli-2.2.1-py3-none-any.whl (14 kB)
2025-07-15T13:31:18.4619906Z Downloading typing_extensions-4.14.1-py3-none-any.whl (43 kB)
2025-07-15T13:31:18.4744965Z Downloading werkzeug-3.1.3-py3-none-any.whl (224 kB)
2025-07-15T13:31:18.4884537Z Downloading iniconfig-2.1.0-py3-none-any.whl (6.0 kB)
2025-07-15T13:31:18.5008479Z Downloading packaging-25.0-py3-none-any.whl (66 kB)
2025-07-15T13:31:18.5537917Z Installing collected packages: typing-extensions, tomli, pluggy, packaging, MarkupSafe, itsdangerous, iniconfig, click, blinker, Werkzeug, Jinja2, exceptiongroup, pytest, flask
2025-07-15T13:31:19.1829253Z 
2025-07-15T13:31:19.1861408Z Successfully installed Jinja2-3.1.6 MarkupSafe-3.0.2 Werkzeug-3.1.3 blinker-1.9.0 click-8.2.1 exceptiongroup-1.3.0 flask-3.0.2 iniconfig-2.1.0 itsdangerous-2.2.0 packaging-25.0 pluggy-1.6.0 pytest-8.2.1 tomli-2.2.1 typing-extensions-4.14.1
2025-07-15T13:31:19.2465933Z ##[group]Run export PYTHONPATH=$PYTHONPATH:$(pwd)
2025-07-15T13:31:19.2466332Z [36;1mexport PYTHONPATH=$PYTHONPATH:$(pwd)[0m
2025-07-15T13:31:19.2466594Z [36;1mpytest[0m
2025-07-15T13:31:19.2495183Z shell: /usr/bin/bash -e {0}
2025-07-15T13:31:19.2495409Z env:
2025-07-15T13:31:19.2495657Z   pythonLocation: /opt/hostedtoolcache/Python/3.10.18/x64
2025-07-15T13:31:19.2496073Z   PKG_CONFIG_PATH: /opt/hostedtoolcache/Python/3.10.18/x64/lib/pkgconfig
2025-07-15T13:31:19.2496492Z   Python_ROOT_DIR: /opt/hostedtoolcache/Python/3.10.18/x64
2025-07-15T13:31:19.2496845Z   Python2_ROOT_DIR: /opt/hostedtoolcache/Python/3.10.18/x64
2025-07-15T13:31:19.2497203Z   Python3_ROOT_DIR: /opt/hostedtoolcache/Python/3.10.18/x64
2025-07-15T13:31:19.2497549Z   LD_LIBRARY_PATH: /opt/hostedtoolcache/Python/3.10.18/x64/lib
2025-07-15T13:31:19.2497844Z ##[endgroup]
2025-07-15T13:31:19.7524391Z ============================= test session starts ==============================
2025-07-15T13:31:19.7525386Z platform linux -- Python 3.10.18, pytest-8.2.1, pluggy-1.6.0
2025-07-15T13:31:19.7526142Z rootdir: /home/runner/work/testing-CI-CD/testing-CI-CD
2025-07-15T13:31:19.7526682Z collected 1 item
2025-07-15T13:31:19.7526895Z 
2025-07-15T13:31:19.7637021Z test/test_main.py .                                                      [100%]
2025-07-15T13:31:19.7637460Z 
2025-07-15T13:31:19.7637669Z ============================== 1 passed in 0.15s ===============================
2025-07-15T13:31:19.8055656Z ##[group]Run docker/login-action@v3
2025-07-15T13:31:19.8055919Z with:
2025-07-15T13:31:19.8056338Z   username: ***
2025-07-15T13:31:19.8056579Z   password: ***
2025-07-15T13:31:19.8056749Z   ecr: auto
2025-07-15T13:31:19.8056914Z   logout: true
2025-07-15T13:31:19.8057082Z env:
2025-07-15T13:31:19.8057313Z   pythonLocation: /opt/hostedtoolcache/Python/3.10.18/x64
2025-07-15T13:31:19.8057714Z   PKG_CONFIG_PATH: /opt/hostedtoolcache/Python/3.10.18/x64/lib/pkgconfig
2025-07-15T13:31:19.8058102Z   Python_ROOT_DIR: /opt/hostedtoolcache/Python/3.10.18/x64
2025-07-15T13:31:19.8058447Z   Python2_ROOT_DIR: /opt/hostedtoolcache/Python/3.10.18/x64
2025-07-15T13:31:19.8058789Z   Python3_ROOT_DIR: /opt/hostedtoolcache/Python/3.10.18/x64
2025-07-15T13:31:19.8059134Z   LD_LIBRARY_PATH: /opt/hostedtoolcache/Python/3.10.18/x64/lib
2025-07-15T13:31:19.8059426Z ##[endgroup]
2025-07-15T13:31:20.0921791Z Logging into Docker Hub...
2025-07-15T13:31:21.6428892Z Login Succeeded!
2025-07-15T13:31:21.6556421Z ##[group]Run docker build -t ***/flask-ci-cd-demo .
2025-07-15T13:31:21.6556846Z [36;1mdocker build -t ***/flask-ci-cd-demo .[0m
2025-07-15T13:31:21.6584977Z shell: /usr/bin/bash -e {0}
2025-07-15T13:31:21.6585220Z env:
2025-07-15T13:31:21.6585467Z   pythonLocation: /opt/hostedtoolcache/Python/3.10.18/x64
2025-07-15T13:31:21.6585877Z   PKG_CONFIG_PATH: /opt/hostedtoolcache/Python/3.10.18/x64/lib/pkgconfig
2025-07-15T13:31:21.6586286Z   Python_ROOT_DIR: /opt/hostedtoolcache/Python/3.10.18/x64
2025-07-15T13:31:21.6586642Z   Python2_ROOT_DIR: /opt/hostedtoolcache/Python/3.10.18/x64
2025-07-15T13:31:21.6586998Z   Python3_ROOT_DIR: /opt/hostedtoolcache/Python/3.10.18/x64
2025-07-15T13:31:21.6587353Z   LD_LIBRARY_PATH: /opt/hostedtoolcache/Python/3.10.18/x64/lib
2025-07-15T13:31:21.6587641Z ##[endgroup]
2025-07-15T13:31:24.1210210Z #0 building with "default" instance using docker driver
2025-07-15T13:31:24.1210833Z 
2025-07-15T13:31:24.1211121Z #1 [internal] load build definition from Dockerfile
2025-07-15T13:31:24.1211615Z #1 transferring dockerfile: 714B done
2025-07-15T13:31:24.1212004Z #1 DONE 0.0s
2025-07-15T13:31:24.1212168Z 
2025-07-15T13:31:24.1212442Z #2 [internal] load metadata for docker.io/library/python:3.10-slim
2025-07-15T13:31:24.2994481Z #2 ...
2025-07-15T13:31:24.2994686Z 
2025-07-15T13:31:24.2994916Z #3 [auth] library/python:pull token for registry-1.docker.io
2025-07-15T13:31:24.2995314Z #3 DONE 0.0s
2025-07-15T13:31:24.4491931Z 
2025-07-15T13:31:24.4492823Z #2 [internal] load metadata for docker.io/library/python:3.10-slim
2025-07-15T13:31:24.9049647Z #2 DONE 0.9s
2025-07-15T13:31:25.0299483Z 
2025-07-15T13:31:25.0302576Z #4 [internal] load .dockerignore
2025-07-15T13:31:25.0304397Z #4 transferring context: 2B done
2025-07-15T13:31:25.0304792Z #4 DONE 0.0s
2025-07-15T13:31:25.0304971Z 
2025-07-15T13:31:25.0305566Z #5 [1/6] FROM docker.io/library/python:3.10-slim@sha256:9dd6774a1276178f94b0cc1fb1f0edd980825d0ea7634847af9940b1b6273c13
2025-07-15T13:31:25.0306929Z #5 resolve docker.io/library/python:3.10-slim@sha256:9dd6774a1276178f94b0cc1fb1f0edd980825d0ea7634847af9940b1b6273c13 done
2025-07-15T13:31:25.1339366Z #5 sha256:9dd6774a1276178f94b0cc1fb1f0edd980825d0ea7634847af9940b1b6273c13 9.13kB / 9.13kB done
2025-07-15T13:31:25.1342058Z #5 sha256:c5dbd5ba857839a0aa9db765ea519c1514a40da811b4cf08c852b72fab4379d5 1.75kB / 1.75kB done
2025-07-15T13:31:25.1345356Z #5 sha256:563dffbdc42507a70677ee28b4bb678ad9074e3c9f75e3043523a38dcdf4f553 5.37kB / 5.37kB done
2025-07-15T13:31:25.1348721Z #5 sha256:3da95a905ed546f99c4564407923a681757d89651a388ec3f1f5e9bf5ed0b39d 0B / 28.23MB 0.1s
2025-07-15T13:31:25.1351724Z #5 sha256:0ebcc011f0ec7a9a900f7366b104730396a59032e64f04f3867a75f25ed48280 0B / 3.51MB 0.1s
2025-07-15T13:31:25.1352804Z #5 sha256:92d63ec5cbeb1348bad42929919fd8e78f38d96e388b5509d2929d76ddafb48e 0B / 15.65MB 0.1s
2025-07-15T13:31:25.3317653Z #5 ...
2025-07-15T13:31:25.3317933Z 
2025-07-15T13:31:25.3318091Z #6 [internal] load build context
2025-07-15T13:31:25.3318568Z #6 transferring context: 29.16MB 0.2s done
2025-07-15T13:31:25.3318994Z #6 DONE 0.3s
2025-07-15T13:31:25.3319155Z 
2025-07-15T13:31:25.3319706Z #5 [1/6] FROM docker.io/library/python:3.10-slim@sha256:9dd6774a1276178f94b0cc1fb1f0edd980825d0ea7634847af9940b1b6273c13
2025-07-15T13:31:25.3320797Z #5 sha256:0ebcc011f0ec7a9a900f7366b104730396a59032e64f04f3867a75f25ed48280 2.10MB / 3.51MB 0.4s
2025-07-15T13:31:25.3321910Z #5 sha256:92d63ec5cbeb1348bad42929919fd8e78f38d96e388b5509d2929d76ddafb48e 15.65MB / 15.65MB 0.3s done
2025-07-15T13:31:25.3323071Z #5 sha256:64b78282ca88b226c404cb8dfdee72b75eea52c9ac7380c0439b6e03992e483f 0B / 248B 0.4s
2025-07-15T13:31:25.5314025Z #5 sha256:3da95a905ed546f99c4564407923a681757d89651a388ec3f1f5e9bf5ed0b39d 28.23MB / 28.23MB 0.6s done
2025-07-15T13:31:25.5315754Z #5 sha256:0ebcc011f0ec7a9a900f7366b104730396a59032e64f04f3867a75f25ed48280 3.51MB / 3.51MB 0.4s done
2025-07-15T13:31:25.5317335Z #5 sha256:64b78282ca88b226c404cb8dfdee72b75eea52c9ac7380c0439b6e03992e483f 248B / 248B 0.4s done
2025-07-15T13:31:25.6600397Z #5 extracting sha256:3da95a905ed546f99c4564407923a681757d89651a388ec3f1f5e9bf5ed0b39d 0.1s
2025-07-15T13:31:26.5439136Z #5 extracting sha256:3da95a905ed546f99c4564407923a681757d89651a388ec3f1f5e9bf5ed0b39d 1.0s done
2025-07-15T13:31:26.6886657Z #5 extracting sha256:0ebcc011f0ec7a9a900f7366b104730396a59032e64f04f3867a75f25ed48280 0.1s
2025-07-15T13:31:26.8440724Z #5 extracting sha256:0ebcc011f0ec7a9a900f7366b104730396a59032e64f04f3867a75f25ed48280 0.1s done
2025-07-15T13:31:26.8730299Z #5 extracting sha256:92d63ec5cbeb1348bad42929919fd8e78f38d96e388b5509d2929d76ddafb48e
2025-07-15T13:31:27.5998876Z #5 extracting sha256:92d63ec5cbeb1348bad42929919fd8e78f38d96e388b5509d2929d76ddafb48e 0.6s done
2025-07-15T13:31:27.5999948Z #5 extracting sha256:64b78282ca88b226c404cb8dfdee72b75eea52c9ac7380c0439b6e03992e483f done
2025-07-15T13:31:27.6000625Z #5 DONE 2.7s
2025-07-15T13:31:27.7511800Z 
2025-07-15T13:31:27.7513320Z #7 [2/6] RUN apt-get update &&     apt-get install -y --no-install-recommends     build-essential     curl     nano     iputils-ping     net-tools     git     && rm -rf /var/lib/apt/lists/*
2025-07-15T13:31:27.8140544Z #7 0.213 Get:1 http://deb.debian.org/debian bookworm InRelease [151 kB]
2025-07-15T13:31:27.9720606Z #7 0.238 Get:2 http://deb.debian.org/debian bookworm-updates InRelease [55.4 kB]
2025-07-15T13:31:27.9723115Z #7 0.248 Get:3 http://deb.debian.org/debian-security bookworm-security InRelease [48.0 kB]
2025-07-15T13:31:27.9724042Z #7 0.297 Get:4 http://deb.debian.org/debian bookworm/main amd64 Packages [8793 kB]
2025-07-15T13:31:27.9725213Z #7 0.371 Get:5 http://deb.debian.org/debian bookworm-updates/main amd64 Packages [756 B]
2025-07-15T13:31:28.1476321Z #7 0.396 Get:6 http://deb.debian.org/debian-security bookworm-security/main amd64 Packages [272 kB]
2025-07-15T13:31:28.7149322Z #7 1.114 Fetched 9320 kB in 1s (10.1 MB/s)
2025-07-15T13:31:29.0993045Z #7 1.114 Reading package lists...
2025-07-15T13:31:29.5064793Z #7 1.515 Reading package lists...
2025-07-15T13:31:29.6127530Z #7 1.915 Building dependency tree...
2025-07-15T13:31:29.8599260Z #7 2.012 Reading state information...
2025-07-15T13:31:29.8599892Z #7 2.107 The following additional packages will be installed:
2025-07-15T13:31:29.8600599Z #7 2.107   binutils binutils-common binutils-x86-64-linux-gnu bzip2 cpp cpp-12 dpkg-dev
2025-07-15T13:31:29.8601539Z #7 2.107   g++ g++-12 gcc gcc-12 git-man libasan8 libatomic1 libbinutils libbrotli1
2025-07-15T13:31:29.8602488Z #7 2.107   libc-dev-bin libc6-dev libcap2-bin libcc1-0 libcrypt-dev libctf-nobfd0
2025-07-15T13:31:29.8603475Z #7 2.108   libctf0 libcurl3-gnutls libcurl4 libdpkg-perl liberror-perl libexpat1
2025-07-15T13:31:29.8604698Z #7 2.108   libgcc-12-dev libgdbm-compat4 libgomp1 libgprofng0 libisl23 libitm1
2025-07-15T13:31:29.8605700Z #7 2.108   libjansson4 libldap-2.5-0 liblsan0 libmpc3 libmpfr6 libnghttp2-14 libnsl-dev
2025-07-15T13:31:29.8606731Z #7 2.108   libperl5.36 libpsl5 libquadmath0 librtmp1 libsasl2-2 libsasl2-modules-db
2025-07-15T13:31:29.8607772Z #7 2.108   libssh2-1 libstdc++-12-dev libtirpc-dev libtsan2 libubsan1 linux-libc-dev
2025-07-15T13:31:29.8608685Z #7 2.108   make patch perl perl-modules-5.36 rpcsvc-proto xz-utils
2025-07-15T13:31:29.8609318Z #7 2.109 Suggested packages:
2025-07-15T13:31:29.8609773Z #7 2.109   binutils-doc bzip2-doc cpp-doc gcc-12-locales cpp-12-doc debian-keyring
2025-07-15T13:31:29.8610409Z #7 2.109   g++-multilib g++-12-multilib gcc-12-doc gcc-multilib manpages-dev autoconf
2025-07-15T13:31:29.8611023Z #7 2.109   automake libtool flex bison gdb gcc-doc gcc-12-multilib gettext-base
2025-07-15T13:31:29.8611650Z #7 2.109   git-daemon-run | git-daemon-sysvinit git-doc git-email git-gui gitk gitweb
2025-07-15T13:31:29.8612225Z #7 2.109   git-cvs git-mediawiki git-svn glibc-doc gnupg | sq | sqop | pgpainless-cli
2025-07-15T13:31:29.8612713Z #7 2.109   sensible-utils bzr libstdc++-12-doc make-doc hunspell ed diffutils-doc
2025-07-15T13:31:29.8613184Z #7 2.109   perl-doc libterm-readline-gnu-perl | libterm-readline-perl-perl
2025-07-15T13:31:29.8613906Z #7 2.109   libtap-harness-archive-perl
2025-07-15T13:31:29.8614563Z #7 2.109 Recommended packages:
2025-07-15T13:31:29.8614904Z #7 2.109   fakeroot gnupg | sq | sqop | pgpainless-cli libalgorithm-merge-perl less
2025-07-15T13:31:29.8615338Z #7 2.109   ssh-client manpages manpages-dev libc-devtools libpam-cap
2025-07-15T13:31:29.8615799Z #7 2.109   libfile-fcntllock-perl liblocale-gettext-perl libldap-common publicsuffix
2025-07-15T13:31:29.8616172Z #7 2.109   libsasl2-modules
2025-07-15T13:31:29.9659587Z #7 2.365 The following NEW packages will be installed:
2025-07-15T13:31:29.9660580Z #7 2.365   binutils binutils-common binutils-x86-64-linux-gnu build-essential bzip2 cpp
2025-07-15T13:31:30.0728077Z #7 2.365   cpp-12 curl dpkg-dev g++ g++-12 gcc gcc-12 git git-man iputils-ping libasan8
2025-07-15T13:31:30.0729493Z #7 2.365   libatomic1 libbinutils libbrotli1 libc-dev-bin libc6-dev libcap2-bin
2025-07-15T13:31:30.0731671Z #7 2.365   libcc1-0 libcrypt-dev libctf-nobfd0 libctf0 libcurl3-gnutls libcurl4
2025-07-15T13:31:30.0732886Z #7 2.366   libdpkg-perl liberror-perl libexpat1 libgcc-12-dev libgdbm-compat4 libgomp1
2025-07-15T13:31:30.0734080Z #7 2.366   libgprofng0 libisl23 libitm1 libjansson4 libldap-2.5-0 liblsan0 libmpc3
2025-07-15T13:31:30.0735436Z #7 2.366   libmpfr6 libnghttp2-14 libnsl-dev libperl5.36 libpsl5 libquadmath0 librtmp1
2025-07-15T13:31:30.0736303Z #7 2.366   libsasl2-2 libsasl2-modules-db libssh2-1 libstdc++-12-dev libtirpc-dev
2025-07-15T13:31:30.0736842Z #7 2.366   libtsan2 libubsan1 linux-libc-dev make nano net-tools patch perl
2025-07-15T13:31:30.0737296Z #7 2.366   perl-modules-5.36 rpcsvc-proto xz-utils
2025-07-15T13:31:30.0737894Z #7 2.411 0 upgraded, 65 newly installed, 0 to remove and 0 not upgraded.
2025-07-15T13:31:30.0738458Z #7 2.411 Need to get 86.0 MB of archives.
2025-07-15T13:31:30.0739043Z #7 2.411 After this operation, 371 MB of additional disk space will be used.
2025-07-15T13:31:30.0739676Z #7 2.411 Get:1 http://deb.debian.org/debian bookworm/main amd64 perl-modules-5.36 all 5.36.0-7+deb12u2 [2815 kB]
2025-07-15T13:31:30.0740384Z #7 2.472 Get:2 http://deb.debian.org/debian bookworm/main amd64 libgdbm-compat4 amd64 1.23-3 [48.2 kB]
2025-07-15T13:31:30.1756635Z #7 2.473 Get:3 http://deb.debian.org/debian bookworm/main amd64 libperl5.36 amd64 5.36.0-7+deb12u2 [4207 kB]
2025-07-15T13:31:30.1759128Z #7 2.490 Get:4 http://deb.debian.org/debian bookworm/main amd64 perl amd64 5.36.0-7+deb12u2 [239 kB]
2025-07-15T13:31:30.1760246Z #7 2.491 Get:5 http://deb.debian.org/debian bookworm/main amd64 libcap2-bin amd64 1:2.66-4+deb12u1 [34.8 kB]
2025-07-15T13:31:30.1761416Z #7 2.491 Get:6 http://deb.debian.org/debian bookworm/main amd64 iputils-ping amd64 3:20221126-1+deb12u1 [47.2 kB]
2025-07-15T13:31:30.1762946Z #7 2.492 Get:7 http://deb.debian.org/debian bookworm/main amd64 nano amd64 7.2-1+deb12u1 [690 kB]
2025-07-15T13:31:30.1789665Z #7 2.494 Get:8 http://deb.debian.org/debian bookworm/main amd64 bzip2 amd64 1.0.8-5+b1 [49.8 kB]
2025-07-15T13:31:30.1790659Z #7 2.495 Get:9 http://deb.debian.org/debian bookworm/main amd64 xz-utils amd64 5.4.1-1 [471 kB]
2025-07-15T13:31:30.1791615Z #7 2.497 Get:10 http://deb.debian.org/debian bookworm/main amd64 binutils-common amd64 2.40-2 [2487 kB]
2025-07-15T13:31:30.1792594Z #7 2.505 Get:11 http://deb.debian.org/debian bookworm/main amd64 libbinutils amd64 2.40-2 [572 kB]
2025-07-15T13:31:30.1793577Z #7 2.508 Get:12 http://deb.debian.org/debian bookworm/main amd64 libctf-nobfd0 amd64 2.40-2 [153 kB]
2025-07-15T13:31:30.1794433Z #7 2.508 Get:13 http://deb.debian.org/debian bookworm/main amd64 libctf0 amd64 2.40-2 [89.8 kB]
2025-07-15T13:31:30.1795135Z #7 2.509 Get:14 http://deb.debian.org/debian bookworm/main amd64 libgprofng0 amd64 2.40-2 [812 kB]
2025-07-15T13:31:30.1795685Z #7 2.512 Get:15 http://deb.debian.org/debian bookworm/main amd64 libjansson4 amd64 2.14-2 [40.8 kB]
2025-07-15T13:31:30.1796293Z #7 2.513 Get:16 http://deb.debian.org/debian bookworm/main amd64 binutils-x86-64-linux-gnu amd64 2.40-2 [2246 kB]
2025-07-15T13:31:30.1797396Z #7 2.521 Get:17 http://deb.debian.org/debian bookworm/main amd64 binutils amd64 2.40-2 [65.0 kB]
2025-07-15T13:31:30.1798564Z #7 2.521 Get:18 http://deb.debian.org/debian bookworm/main amd64 libc-dev-bin amd64 2.36-9+deb12u10 [47.1 kB]
2025-07-15T13:31:30.1799234Z #7 2.522 Get:19 http://deb.debian.org/debian-security bookworm-security/main amd64 linux-libc-dev amd64 6.1.140-1 [2145 kB]
2025-07-15T13:31:30.1799950Z #7 2.526 Get:20 http://deb.debian.org/debian bookworm/main amd64 libcrypt-dev amd64 1:4.4.33-2 [118 kB]
2025-07-15T13:31:30.1800580Z #7 2.527 Get:21 http://deb.debian.org/debian bookworm/main amd64 libtirpc-dev amd64 1.3.3+ds-1 [191 kB]
2025-07-15T13:31:30.1801124Z #7 2.528 Get:22 http://deb.debian.org/debian bookworm/main amd64 libnsl-dev amd64 1.3.0-2 [66.4 kB]
2025-07-15T13:31:30.1801693Z #7 2.528 Get:23 http://deb.debian.org/debian bookworm/main amd64 rpcsvc-proto amd64 1.4.3-1 [63.3 kB]
2025-07-15T13:31:30.1802272Z #7 2.529 Get:24 http://deb.debian.org/debian bookworm/main amd64 libc6-dev amd64 2.36-9+deb12u10 [1903 kB]
2025-07-15T13:31:30.1803121Z #7 2.535 Get:25 http://deb.debian.org/debian bookworm/main amd64 libisl23 amd64 0.25-1.1 [683 kB]
2025-07-15T13:31:30.1804016Z #7 2.538 Get:26 http://deb.debian.org/debian bookworm/main amd64 libmpfr6 amd64 4.2.0-1 [701 kB]
2025-07-15T13:31:30.1805048Z #7 2.541 Get:27 http://deb.debian.org/debian bookworm/main amd64 libmpc3 amd64 1.3.1-1 [51.5 kB]
2025-07-15T13:31:30.1805611Z #7 2.541 Get:28 http://deb.debian.org/debian bookworm/main amd64 cpp-12 amd64 12.2.0-14+deb12u1 [9768 kB]
2025-07-15T13:31:30.1806153Z #7 2.575 Get:29 http://deb.debian.org/debian bookworm/main amd64 cpp amd64 4:12.2.0-3 [6836 B]
2025-07-15T13:31:30.2777967Z #7 2.575 Get:30 http://deb.debian.org/debian bookworm/main amd64 libcc1-0 amd64 12.2.0-14+deb12u1 [41.7 kB]
2025-07-15T13:31:30.2779229Z #7 2.576 Get:31 http://deb.debian.org/debian bookworm/main amd64 libgomp1 amd64 12.2.0-14+deb12u1 [116 kB]
2025-07-15T13:31:30.2780338Z #7 2.576 Get:32 http://deb.debian.org/debian bookworm/main amd64 libitm1 amd64 12.2.0-14+deb12u1 [26.1 kB]
2025-07-15T13:31:30.2781417Z #7 2.577 Get:33 http://deb.debian.org/debian bookworm/main amd64 libatomic1 amd64 12.2.0-14+deb12u1 [9376 B]
2025-07-15T13:31:30.2782469Z #7 2.577 Get:34 http://deb.debian.org/debian bookworm/main amd64 libasan8 amd64 12.2.0-14+deb12u1 [2193 kB]
2025-07-15T13:31:30.2783481Z #7 2.585 Get:35 http://deb.debian.org/debian bookworm/main amd64 liblsan0 amd64 12.2.0-14+deb12u1 [969 kB]
2025-07-15T13:31:30.2784688Z #7 2.589 Get:36 http://deb.debian.org/debian bookworm/main amd64 libtsan2 amd64 12.2.0-14+deb12u1 [2197 kB]
2025-07-15T13:31:30.2785732Z #7 2.597 Get:37 http://deb.debian.org/debian bookworm/main amd64 libubsan1 amd64 12.2.0-14+deb12u1 [883 kB]
2025-07-15T13:31:30.2786776Z #7 2.601 Get:38 http://deb.debian.org/debian bookworm/main amd64 libquadmath0 amd64 12.2.0-14+deb12u1 [145 kB]
2025-07-15T13:31:30.2787856Z #7 2.601 Get:39 http://deb.debian.org/debian bookworm/main amd64 libgcc-12-dev amd64 12.2.0-14+deb12u1 [2437 kB]
2025-07-15T13:31:30.2788958Z #7 2.610 Get:40 http://deb.debian.org/debian bookworm/main amd64 gcc-12 amd64 12.2.0-14+deb12u1 [19.3 MB]
2025-07-15T13:31:30.2789923Z #7 2.677 Get:41 http://deb.debian.org/debian bookworm/main amd64 gcc amd64 4:12.2.0-3 [5216 B]
2025-07-15T13:31:30.4000946Z #7 2.677 Get:42 http://deb.debian.org/debian bookworm/main amd64 libstdc++-12-dev amd64 12.2.0-14+deb12u1 [2047 kB]
2025-07-15T13:31:30.4002022Z #7 2.685 Get:43 http://deb.debian.org/debian bookworm/main amd64 g++-12 amd64 12.2.0-14+deb12u1 [10.7 MB]
2025-07-15T13:31:30.4002740Z #7 2.726 Get:44 http://deb.debian.org/debian bookworm/main amd64 g++ amd64 4:12.2.0-3 [1356 B]
2025-07-15T13:31:30.4003388Z #7 2.726 Get:45 http://deb.debian.org/debian bookworm/main amd64 make amd64 4.3-4.1 [396 kB]
2025-07-15T13:31:30.4004052Z #7 2.728 Get:46 http://deb.debian.org/debian bookworm/main amd64 libdpkg-perl all 1.21.22 [603 kB]
2025-07-15T13:31:30.4005238Z #7 2.730 Get:47 http://deb.debian.org/debian bookworm/main amd64 patch amd64 2.7.6-7 [128 kB]
2025-07-15T13:31:30.4006055Z #7 2.731 Get:48 http://deb.debian.org/debian bookworm/main amd64 dpkg-dev all 1.21.22 [1353 kB]
2025-07-15T13:31:30.4006733Z #7 2.735 Get:49 http://deb.debian.org/debian bookworm/main amd64 build-essential amd64 12.9 [7704 B]
2025-07-15T13:31:30.4007432Z #7 2.736 Get:50 http://deb.debian.org/debian bookworm/main amd64 libbrotli1 amd64 1.0.9-2+b6 [275 kB]
2025-07-15T13:31:30.4008190Z #7 2.737 Get:51 http://deb.debian.org/debian bookworm/main amd64 libsasl2-modules-db amd64 2.1.28+dfsg-10 [20.3 kB]
2025-07-15T13:31:30.4008958Z #7 2.737 Get:52 http://deb.debian.org/debian bookworm/main amd64 libsasl2-2 amd64 2.1.28+dfsg-10 [59.7 kB]
2025-07-15T13:31:30.4009695Z #7 2.738 Get:53 http://deb.debian.org/debian bookworm/main amd64 libldap-2.5-0 amd64 2.5.13+dfsg-5 [183 kB]
2025-07-15T13:31:30.4010459Z #7 2.743 Get:54 http://deb.debian.org/debian bookworm/main amd64 libnghttp2-14 amd64 1.52.0-1+deb12u2 [73.0 kB]
2025-07-15T13:31:30.4011177Z #7 2.743 Get:55 http://deb.debian.org/debian bookworm/main amd64 libpsl5 amd64 0.21.2-1 [58.7 kB]
2025-07-15T13:31:30.4011944Z #7 2.744 Get:56 http://deb.debian.org/debian bookworm/main amd64 librtmp1 amd64 2.4+20151223.gitfa8646d.1-2+b2 [60.8 kB]
2025-07-15T13:31:30.4012571Z #7 2.744 Get:57 http://deb.debian.org/debian bookworm/main amd64 libssh2-1 amd64 1.10.0-3+b1 [179 kB]
2025-07-15T13:31:30.4013148Z #7 2.751 Get:58 http://deb.debian.org/debian bookworm/main amd64 libcurl4 amd64 7.88.1-10+deb12u12 [391 kB]
2025-07-15T13:31:30.4013708Z #7 2.753 Get:59 http://deb.debian.org/debian bookworm/main amd64 curl amd64 7.88.1-10+deb12u12 [315 kB]
2025-07-15T13:31:30.4014427Z #7 2.755 Get:60 http://deb.debian.org/debian bookworm/main amd64 libcurl3-gnutls amd64 7.88.1-10+deb12u12 [386 kB]
2025-07-15T13:31:30.4015037Z #7 2.757 Get:61 http://deb.debian.org/debian bookworm/main amd64 libexpat1 amd64 2.5.0-1+deb12u1 [98.9 kB]
2025-07-15T13:31:30.4015606Z #7 2.758 Get:62 http://deb.debian.org/debian bookworm/main amd64 liberror-perl all 0.17029-2 [29.0 kB]
2025-07-15T13:31:30.4016188Z #7 2.759 Get:63 http://deb.debian.org/debian bookworm/main amd64 git-man all 1:2.39.5-0+deb12u2 [2053 kB]
2025-07-15T13:31:30.4016760Z #7 2.769 Get:64 http://deb.debian.org/debian bookworm/main amd64 git amd64 1:2.39.5-0+deb12u2 [7260 kB]
2025-07-15T13:31:30.4017400Z #7 2.799 Get:65 http://deb.debian.org/debian-security bookworm-security/main amd64 net-tools amd64 2.10-0.1+deb12u2 [243 kB]
2025-07-15T13:31:30.5030188Z #7 2.902 debconf: delaying package configuration, since apt-utils is not installed
2025-07-15T13:31:30.6999917Z #7 2.926 Fetched 86.0 MB in 0s (201 MB/s)
2025-07-15T13:31:30.7001724Z #7 2.941 Selecting previously unselected package perl-modules-5.36.
2025-07-15T13:31:30.7002350Z #7 2.941 (Reading database ... 
2025-07-15T13:31:30.7002748Z (Reading database ... 5%
2025-07-15T13:31:30.7003123Z (Reading database ... 10%
2025-07-15T13:31:30.7003489Z (Reading database ... 15%
2025-07-15T13:31:30.7003846Z (Reading database ... 20%
2025-07-15T13:31:30.7004430Z (Reading database ... 25%
2025-07-15T13:31:30.7004809Z (Reading database ... 30%
2025-07-15T13:31:30.7005171Z (Reading database ... 35%
2025-07-15T13:31:30.7005531Z (Reading database ... 40%
2025-07-15T13:31:30.7005893Z (Reading database ... 45%
2025-07-15T13:31:30.7006246Z (Reading database ... 50%
2025-07-15T13:31:30.7006595Z (Reading database ... 55%
2025-07-15T13:31:30.7006955Z (Reading database ... 60%
2025-07-15T13:31:30.7007338Z (Reading database ... 65%
2025-07-15T13:31:30.7007688Z (Reading database ... 70%
2025-07-15T13:31:30.7008056Z (Reading database ... 75%
2025-07-15T13:31:30.7008408Z (Reading database ... 80%
2025-07-15T13:31:30.7008758Z (Reading database ... 85%
2025-07-15T13:31:30.7009109Z (Reading database ... 90%
2025-07-15T13:31:30.7009462Z (Reading database ... 95%
2025-07-15T13:31:30.7009815Z (Reading database ... 100%
2025-07-15T13:31:30.7010351Z (Reading database ... 6688 files and directories currently installed.)
2025-07-15T13:31:30.7011556Z #7 2.948 Preparing to unpack .../00-perl-modules-5.36_5.36.0-7+deb12u2_all.deb ...
2025-07-15T13:31:30.7012459Z #7 2.949 Unpacking perl-modules-5.36 (5.36.0-7+deb12u2) ...
2025-07-15T13:31:30.8557100Z #7 3.255 Selecting previously unselected package libgdbm-compat4:amd64.
2025-07-15T13:31:31.0325539Z #7 3.257 Preparing to unpack .../01-libgdbm-compat4_1.23-3_amd64.deb ...
2025-07-15T13:31:31.0326159Z #7 3.259 Unpacking libgdbm-compat4:amd64 (1.23-3) ...
2025-07-15T13:31:31.0326584Z #7 3.279 Selecting previously unselected package libperl5.36:amd64.
2025-07-15T13:31:31.0327060Z #7 3.280 Preparing to unpack .../02-libperl5.36_5.36.0-7+deb12u2_amd64.deb ...
2025-07-15T13:31:31.1644582Z #7 3.281 Unpacking libperl5.36:amd64 (5.36.0-7+deb12u2) ...
2025-07-15T13:31:31.1645232Z #7 3.564 Selecting previously unselected package perl.
2025-07-15T13:31:31.3053812Z #7 3.565 Preparing to unpack .../03-perl_5.36.0-7+deb12u2_amd64.deb ...
2025-07-15T13:31:31.3054459Z #7 3.571 Unpacking perl (5.36.0-7+deb12u2) ...
2025-07-15T13:31:31.3054844Z #7 3.601 Selecting previously unselected package libcap2-bin.
2025-07-15T13:31:31.3055269Z #7 3.602 Preparing to unpack .../04-libcap2-bin_1%3a2.66-4+deb12u1_amd64.deb ...
2025-07-15T13:31:31.3055643Z #7 3.603 Unpacking libcap2-bin (1:2.66-4+deb12u1) ...
2025-07-15T13:31:31.3055984Z #7 3.621 Selecting previously unselected package iputils-ping.
2025-07-15T13:31:31.3056394Z #7 3.622 Preparing to unpack .../05-iputils-ping_3%3a20221126-1+deb12u1_amd64.deb ...
2025-07-15T13:31:31.3056788Z #7 3.624 Unpacking iputils-ping (3:20221126-1+deb12u1) ...
2025-07-15T13:31:31.3057099Z #7 3.642 Selecting previously unselected package nano.
2025-07-15T13:31:31.3057439Z #7 3.644 Preparing to unpack .../06-nano_7.2-1+deb12u1_amd64.deb ...
2025-07-15T13:31:31.3057764Z #7 3.645 Unpacking nano (7.2-1+deb12u1) ...
2025-07-15T13:31:31.3058056Z #7 3.705 Selecting previously unselected package bzip2.
2025-07-15T13:31:31.5334752Z #7 3.706 Preparing to unpack .../07-bzip2_1.0.8-5+b1_amd64.deb ...
2025-07-15T13:31:31.5335208Z #7 3.707 Unpacking bzip2 (1.0.8-5+b1) ...
2025-07-15T13:31:31.5335612Z #7 3.728 Selecting previously unselected package xz-utils.
2025-07-15T13:31:31.5336080Z #7 3.729 Preparing to unpack .../08-xz-utils_5.4.1-1_amd64.deb ...
2025-07-15T13:31:31.5336478Z #7 3.730 Unpacking xz-utils (5.4.1-1) ...
2025-07-15T13:31:31.5336906Z #7 3.780 Selecting previously unselected package binutils-common:amd64.
2025-07-15T13:31:31.5337418Z #7 3.781 Preparing to unpack .../09-binutils-common_2.40-2_amd64.deb ...
2025-07-15T13:31:31.5337846Z #7 3.782 Unpacking binutils-common:amd64 (2.40-2) ...
2025-07-15T13:31:31.5496402Z #7 3.949 Selecting previously unselected package libbinutils:amd64.
2025-07-15T13:31:31.6554106Z #7 3.950 Preparing to unpack .../10-libbinutils_2.40-2_amd64.deb ...
2025-07-15T13:31:31.6554955Z #7 3.952 Unpacking libbinutils:amd64 (2.40-2) ...
2025-07-15T13:31:31.6555371Z #7 4.002 Selecting previously unselected package libctf-nobfd0:amd64.
2025-07-15T13:31:31.6555817Z #7 4.003 Preparing to unpack .../11-libctf-nobfd0_2.40-2_amd64.deb ...
2025-07-15T13:31:31.6556219Z #7 4.005 Unpacking libctf-nobfd0:amd64 (2.40-2) ...
2025-07-15T13:31:31.6556581Z #7 4.030 Selecting previously unselected package libctf0:amd64.
2025-07-15T13:31:31.6556958Z #7 4.031 Preparing to unpack .../12-libctf0_2.40-2_amd64.deb ...
2025-07-15T13:31:31.6557287Z #7 4.032 Unpacking libctf0:amd64 (2.40-2) ...
2025-07-15T13:31:31.6557623Z #7 4.055 Selecting previously unselected package libgprofng0:amd64.
2025-07-15T13:31:31.9012487Z #7 4.056 Preparing to unpack .../13-libgprofng0_2.40-2_amd64.deb ...
2025-07-15T13:31:31.9013058Z #7 4.057 Unpacking libgprofng0:amd64 (2.40-2) ...
2025-07-15T13:31:31.9013502Z #7 4.126 Selecting previously unselected package libjansson4:amd64.
2025-07-15T13:31:31.9014137Z #7 4.127 Preparing to unpack .../14-libjansson4_2.14-2_amd64.deb ...
2025-07-15T13:31:31.9014826Z #7 4.128 Unpacking libjansson4:amd64 (2.14-2) ...
2025-07-15T13:31:31.9015273Z #7 4.145 Selecting previously unselected package binutils-x86-64-linux-gnu.
2025-07-15T13:31:31.9016270Z #7 4.146 Preparing to unpack .../15-binutils-x86-64-linux-gnu_2.40-2_amd64.deb ...
2025-07-15T13:31:31.9016962Z #7 4.150 Unpacking binutils-x86-64-linux-gnu (2.40-2) ...
2025-07-15T13:31:31.9282799Z #7 4.328 Selecting previously unselected package binutils.
2025-07-15T13:31:32.1260706Z #7 4.329 Preparing to unpack .../16-binutils_2.40-2_amd64.deb ...
2025-07-15T13:31:32.1261364Z #7 4.330 Unpacking binutils (2.40-2) ...
2025-07-15T13:31:32.1261946Z #7 4.352 Selecting previously unselected package libc-dev-bin.
2025-07-15T13:31:32.1262691Z #7 4.353 Preparing to unpack .../17-libc-dev-bin_2.36-9+deb12u10_amd64.deb ...
2025-07-15T13:31:32.1263418Z #7 4.354 Unpacking libc-dev-bin (2.36-9+deb12u10) ...
2025-07-15T13:31:32.1264093Z #7 4.371 Selecting previously unselected package linux-libc-dev:amd64.
2025-07-15T13:31:32.1265113Z #7 4.373 Preparing to unpack .../18-linux-libc-dev_6.1.140-1_amd64.deb ...
2025-07-15T13:31:32.1265799Z #7 4.375 Unpacking linux-libc-dev:amd64 (6.1.140-1) ...
2025-07-15T13:31:32.1735182Z #7 4.573 Selecting previously unselected package libcrypt-dev:amd64.
2025-07-15T13:31:32.2793258Z #7 4.575 Preparing to unpack .../19-libcrypt-dev_1%3a4.4.33-2_amd64.deb ...
2025-07-15T13:31:32.2793900Z #7 4.580 Unpacking libcrypt-dev:amd64 (1:4.4.33-2) ...
2025-07-15T13:31:32.2794526Z #7 4.603 Selecting previously unselected package libtirpc-dev:amd64.
2025-07-15T13:31:32.2794965Z #7 4.604 Preparing to unpack .../20-libtirpc-dev_1.3.3+ds-1_amd64.deb ...
2025-07-15T13:31:32.2795324Z #7 4.605 Unpacking libtirpc-dev:amd64 (1.3.3+ds-1) ...
2025-07-15T13:31:32.2795686Z #7 4.632 Selecting previously unselected package libnsl-dev:amd64.
2025-07-15T13:31:32.2796083Z #7 4.634 Preparing to unpack .../21-libnsl-dev_1.3.0-2_amd64.deb ...
2025-07-15T13:31:32.2796410Z #7 4.635 Unpacking libnsl-dev:amd64 (1.3.0-2) ...
2025-07-15T13:31:32.2796760Z #7 4.654 Selecting previously unselected package rpcsvc-proto.
2025-07-15T13:31:32.2797147Z #7 4.656 Preparing to unpack .../22-rpcsvc-proto_1.4.3-1_amd64.deb ...
2025-07-15T13:31:32.2797511Z #7 4.657 Unpacking rpcsvc-proto (1.4.3-1) ...
2025-07-15T13:31:32.2797846Z #7 4.679 Selecting previously unselected package libc6-dev:amd64.
2025-07-15T13:31:32.4323460Z #7 4.680 Preparing to unpack .../23-libc6-dev_2.36-9+deb12u10_amd64.deb ...
2025-07-15T13:31:32.4325821Z #7 4.681 Unpacking libc6-dev:amd64 (2.36-9+deb12u10) ...
2025-07-15T13:31:32.4394802Z #7 4.839 Selecting previously unselected package libisl23:amd64.
2025-07-15T13:31:32.5467981Z #7 4.841 Preparing to unpack .../24-libisl23_0.25-1.1_amd64.deb ...
2025-07-15T13:31:32.5469524Z #7 4.842 Unpacking libisl23:amd64 (0.25-1.1) ...
2025-07-15T13:31:32.5470106Z #7 4.902 Selecting previously unselected package libmpfr6:amd64.
2025-07-15T13:31:32.5470723Z #7 4.903 Preparing to unpack .../25-libmpfr6_4.2.0-1_amd64.deb ...
2025-07-15T13:31:32.5471223Z #7 4.905 Unpacking libmpfr6:amd64 (4.2.0-1) ...
2025-07-15T13:31:32.5471735Z #7 4.946 Selecting previously unselected package libmpc3:amd64.
2025-07-15T13:31:32.7203072Z #7 4.948 Preparing to unpack .../26-libmpc3_1.3.1-1_amd64.deb ...
2025-07-15T13:31:32.7203676Z #7 4.949 Unpacking libmpc3:amd64 (1.3.1-1) ...
2025-07-15T13:31:32.7204055Z #7 4.967 Selecting previously unselected package cpp-12.
2025-07-15T13:31:32.7204712Z #7 4.968 Preparing to unpack .../27-cpp-12_12.2.0-14+deb12u1_amd64.deb ...
2025-07-15T13:31:32.7205143Z #7 4.969 Unpacking cpp-12 (12.2.0-14+deb12u1) ...
2025-07-15T13:31:33.0634454Z #7 5.463 Selecting previously unselected package cpp.
2025-07-15T13:31:33.1703059Z #7 5.464 Preparing to unpack .../28-cpp_4%3a12.2.0-3_amd64.deb ...
2025-07-15T13:31:33.1703452Z #7 5.466 Unpacking cpp (4:12.2.0-3) ...
2025-07-15T13:31:33.1703788Z #7 5.484 Selecting previously unselected package libcc1-0:amd64.
2025-07-15T13:31:33.1705106Z #7 5.486 Preparing to unpack .../29-libcc1-0_12.2.0-14+deb12u1_amd64.deb ...
2025-07-15T13:31:33.1705524Z #7 5.487 Unpacking libcc1-0:amd64 (12.2.0-14+deb12u1) ...
2025-07-15T13:31:33.1705884Z #7 5.507 Selecting previously unselected package libgomp1:amd64.
2025-07-15T13:31:33.1706561Z #7 5.509 Preparing to unpack .../30-libgomp1_12.2.0-14+deb12u1_amd64.deb ...
2025-07-15T13:31:33.1707078Z #7 5.510 Unpacking libgomp1:amd64 (12.2.0-14+deb12u1) ...
2025-07-15T13:31:33.1707429Z #7 5.533 Selecting previously unselected package libitm1:amd64.
2025-07-15T13:31:33.1707819Z #7 5.535 Preparing to unpack .../31-libitm1_12.2.0-14+deb12u1_amd64.deb ...
2025-07-15T13:31:33.1708187Z #7 5.536 Unpacking libitm1:amd64 (12.2.0-14+deb12u1) ...
2025-07-15T13:31:33.1708531Z #7 5.552 Selecting previously unselected package libatomic1:amd64.
2025-07-15T13:31:33.1708939Z #7 5.553 Preparing to unpack .../32-libatomic1_12.2.0-14+deb12u1_amd64.deb ...
2025-07-15T13:31:33.1709315Z #7 5.555 Unpacking libatomic1:amd64 (12.2.0-14+deb12u1) ...
2025-07-15T13:31:33.1709655Z #7 5.570 Selecting previously unselected package libasan8:amd64.
2025-07-15T13:31:33.3214773Z #7 5.571 Preparing to unpack .../33-libasan8_12.2.0-14+deb12u1_amd64.deb ...
2025-07-15T13:31:33.3215353Z #7 5.572 Unpacking libasan8:amd64 (12.2.0-14+deb12u1) ...
2025-07-15T13:31:33.3215856Z #7 5.721 Selecting previously unselected package liblsan0:amd64.
2025-07-15T13:31:33.5531971Z #7 5.722 Preparing to unpack .../34-liblsan0_12.2.0-14+deb12u1_amd64.deb ...
2025-07-15T13:31:33.5532604Z #7 5.723 Unpacking liblsan0:amd64 (12.2.0-14+deb12u1) ...
2025-07-15T13:31:33.5533175Z #7 5.799 Selecting previously unselected package libtsan2:amd64.
2025-07-15T13:31:33.5533668Z #7 5.801 Preparing to unpack .../35-libtsan2_12.2.0-14+deb12u1_amd64.deb ...
2025-07-15T13:31:33.5534143Z #7 5.802 Unpacking libtsan2:amd64 (12.2.0-14+deb12u1) ...
2025-07-15T13:31:33.5552459Z #7 5.955 Selecting previously unselected package libubsan1:amd64.
2025-07-15T13:31:33.6572430Z #7 5.956 Preparing to unpack .../36-libubsan1_12.2.0-14+deb12u1_amd64.deb ...
2025-07-15T13:31:33.6573081Z #7 5.957 Unpacking libubsan1:amd64 (12.2.0-14+deb12u1) ...
2025-07-15T13:31:33.6573536Z #7 6.029 Selecting previously unselected package libquadmath0:amd64.
2025-07-15T13:31:33.6574059Z #7 6.030 Preparing to unpack .../37-libquadmath0_12.2.0-14+deb12u1_amd64.deb ...
2025-07-15T13:31:33.6574773Z #7 6.031 Unpacking libquadmath0:amd64 (12.2.0-14+deb12u1) ...
2025-07-15T13:31:33.6575201Z #7 6.057 Selecting previously unselected package libgcc-12-dev:amd64.
2025-07-15T13:31:33.8105026Z #7 6.058 Preparing to unpack .../38-libgcc-12-dev_12.2.0-14+deb12u1_amd64.deb ...
2025-07-15T13:31:33.8105836Z #7 6.059 Unpacking libgcc-12-dev:amd64 (12.2.0-14+deb12u1) ...
2025-07-15T13:31:33.8125918Z #7 6.212 Selecting previously unselected package gcc-12.
2025-07-15T13:31:33.9661592Z #7 6.214 Preparing to unpack .../39-gcc-12_12.2.0-14+deb12u1_amd64.deb ...
2025-07-15T13:31:33.9665827Z #7 6.215 Unpacking gcc-12 (12.2.0-14+deb12u1) ...
2025-07-15T13:31:34.4680059Z #7 6.867 Selecting previously unselected package gcc.
2025-07-15T13:31:34.6468134Z #7 6.869 Preparing to unpack .../40-gcc_4%3a12.2.0-3_amd64.deb ...
2025-07-15T13:31:34.6468709Z #7 6.874 Unpacking gcc (4:12.2.0-3) ...
2025-07-15T13:31:34.6469138Z #7 6.893 Selecting previously unselected package libstdc++-12-dev:amd64.
2025-07-15T13:31:34.6469675Z #7 6.895 Preparing to unpack .../41-libstdc++-12-dev_12.2.0-14+deb12u1_amd64.deb ...
2025-07-15T13:31:34.6470152Z #7 6.896 Unpacking libstdc++-12-dev:amd64 (12.2.0-14+deb12u1) ...
2025-07-15T13:31:34.7153857Z #7 7.115 Selecting previously unselected package g++-12.
2025-07-15T13:31:34.8689564Z #7 7.117 Preparing to unpack .../42-g++-12_12.2.0-14+deb12u1_amd64.deb ...
2025-07-15T13:31:34.8690255Z #7 7.118 Unpacking g++-12 (12.2.0-14+deb12u1) ...
2025-07-15T13:31:35.2370905Z #7 7.636 Selecting previously unselected package g++.
2025-07-15T13:31:35.3526069Z #7 7.638 Preparing to unpack .../43-g++_4%3a12.2.0-3_amd64.deb ...
2025-07-15T13:31:35.3526663Z #7 7.639 Unpacking g++ (4:12.2.0-3) ...
2025-07-15T13:31:35.3527135Z #7 7.653 Selecting previously unselected package make.
2025-07-15T13:31:35.3527680Z #7 7.654 Preparing to unpack .../44-make_4.3-4.1_amd64.deb ...
2025-07-15T13:31:35.3528157Z #7 7.656 Unpacking make (4.3-4.1) ...
2025-07-15T13:31:35.3528926Z #7 7.694 Selecting previously unselected package libdpkg-perl.
2025-07-15T13:31:35.3529700Z #7 7.696 Preparing to unpack .../45-libdpkg-perl_1.21.22_all.deb ...
2025-07-15T13:31:35.3530210Z #7 7.697 Unpacking libdpkg-perl (1.21.22) ...
2025-07-15T13:31:35.3530659Z #7 7.752 Selecting previously unselected package patch.
2025-07-15T13:31:35.4639520Z #7 7.754 Preparing to unpack .../46-patch_2.7.6-7_amd64.deb ...
2025-07-15T13:31:35.4640407Z #7 7.755 Unpacking patch (2.7.6-7) ...
2025-07-15T13:31:35.4641208Z #7 7.777 Selecting previously unselected package dpkg-dev.
2025-07-15T13:31:35.4641625Z #7 7.778 Preparing to unpack .../47-dpkg-dev_1.21.22_all.deb ...
2025-07-15T13:31:35.4641953Z #7 7.779 Unpacking dpkg-dev (1.21.22) ...
2025-07-15T13:31:35.4642294Z #7 7.863 Selecting previously unselected package build-essential.
2025-07-15T13:31:35.5647669Z #7 7.865 Preparing to unpack .../48-build-essential_12.9_amd64.deb ...
2025-07-15T13:31:35.5648370Z #7 7.866 Unpacking build-essential (12.9) ...
2025-07-15T13:31:35.5648891Z #7 7.883 Selecting previously unselected package libbrotli1:amd64.
2025-07-15T13:31:35.5649311Z #7 7.885 Preparing to unpack .../49-libbrotli1_1.0.9-2+b6_amd64.deb ...
2025-07-15T13:31:35.5649708Z #7 7.886 Unpacking libbrotli1:amd64 (1.0.9-2+b6) ...
2025-07-15T13:31:35.5650097Z #7 7.918 Selecting previously unselected package libsasl2-modules-db:amd64.
2025-07-15T13:31:35.5650559Z #7 7.920 Preparing to unpack .../50-libsasl2-modules-db_2.1.28+dfsg-10_amd64.deb ...
2025-07-15T13:31:35.5650985Z #7 7.921 Unpacking libsasl2-modules-db:amd64 (2.1.28+dfsg-10) ...
2025-07-15T13:31:35.5651445Z #7 7.938 Selecting previously unselected package libsasl2-2:amd64.
2025-07-15T13:31:35.5651842Z #7 7.939 Preparing to unpack .../51-libsasl2-2_2.1.28+dfsg-10_amd64.deb ...
2025-07-15T13:31:35.5652205Z #7 7.940 Unpacking libsasl2-2:amd64 (2.1.28+dfsg-10) ...
2025-07-15T13:31:35.5652554Z #7 7.962 Selecting previously unselected package libldap-2.5-0:amd64.
2025-07-15T13:31:35.5652979Z #7 7.964 Preparing to unpack .../52-libldap-2.5-0_2.5.13+dfsg-5_amd64.deb ...
2025-07-15T13:31:35.6885361Z #7 7.965 Unpacking libldap-2.5-0:amd64 (2.5.13+dfsg-5) ...
2025-07-15T13:31:35.6886078Z #7 7.993 Selecting previously unselected package libnghttp2-14:amd64.
2025-07-15T13:31:35.6886899Z #7 7.995 Preparing to unpack .../53-libnghttp2-14_1.52.0-1+deb12u2_amd64.deb ...
2025-07-15T13:31:35.6887576Z #7 7.996 Unpacking libnghttp2-14:amd64 (1.52.0-1+deb12u2) ...
2025-07-15T13:31:35.6888190Z #7 8.016 Selecting previously unselected package libpsl5:amd64.
2025-07-15T13:31:35.6888767Z #7 8.017 Preparing to unpack .../54-libpsl5_0.21.2-1_amd64.deb ...
2025-07-15T13:31:35.6889125Z #7 8.018 Unpacking libpsl5:amd64 (0.21.2-1) ...
2025-07-15T13:31:35.6889467Z #7 8.037 Selecting previously unselected package librtmp1:amd64.
2025-07-15T13:31:35.6889897Z #7 8.039 Preparing to unpack .../55-librtmp1_2.4+20151223.gitfa8646d.1-2+b2_amd64.deb ...
2025-07-15T13:31:35.6890361Z #7 8.040 Unpacking librtmp1:amd64 (2.4+20151223.gitfa8646d.1-2+b2) ...
2025-07-15T13:31:35.6890768Z #7 8.059 Selecting previously unselected package libssh2-1:amd64.
2025-07-15T13:31:35.6891176Z #7 8.060 Preparing to unpack .../56-libssh2-1_1.10.0-3+b1_amd64.deb ...
2025-07-15T13:31:35.6891532Z #7 8.061 Unpacking libssh2-1:amd64 (1.10.0-3+b1) ...
2025-07-15T13:31:35.6891885Z #7 8.088 Selecting previously unselected package libcurl4:amd64.
2025-07-15T13:31:35.7987979Z #7 8.090 Preparing to unpack .../57-libcurl4_7.88.1-10+deb12u12_amd64.deb ...
2025-07-15T13:31:35.7988480Z #7 8.091 Unpacking libcurl4:amd64 (7.88.1-10+deb12u12) ...
2025-07-15T13:31:35.7988862Z #7 8.124 Selecting previously unselected package curl.
2025-07-15T13:31:35.7989291Z #7 8.126 Preparing to unpack .../58-curl_7.88.1-10+deb12u12_amd64.deb ...
2025-07-15T13:31:35.7989694Z #7 8.127 Unpacking curl (7.88.1-10+deb12u12) ...
2025-07-15T13:31:35.7990092Z #7 8.158 Selecting previously unselected package libcurl3-gnutls:amd64.
2025-07-15T13:31:35.7990869Z #7 8.159 Preparing to unpack .../59-libcurl3-gnutls_7.88.1-10+deb12u12_amd64.deb ...
2025-07-15T13:31:35.7991501Z #7 8.160 Unpacking libcurl3-gnutls:amd64 (7.88.1-10+deb12u12) ...
2025-07-15T13:31:35.7991921Z #7 8.198 Selecting previously unselected package libexpat1:amd64.
2025-07-15T13:31:35.9282444Z #7 8.200 Preparing to unpack .../60-libexpat1_2.5.0-1+deb12u1_amd64.deb ...
2025-07-15T13:31:35.9283171Z #7 8.201 Unpacking libexpat1:amd64 (2.5.0-1+deb12u1) ...
2025-07-15T13:31:35.9283622Z #7 8.222 Selecting previously unselected package liberror-perl.
2025-07-15T13:31:35.9284045Z #7 8.223 Preparing to unpack .../61-liberror-perl_0.17029-2_all.deb ...
2025-07-15T13:31:35.9284749Z #7 8.225 Unpacking liberror-perl (0.17029-2) ...
2025-07-15T13:31:35.9285093Z #7 8.242 Selecting previously unselected package git-man.
2025-07-15T13:31:35.9285480Z #7 8.244 Preparing to unpack .../62-git-man_1%3a2.39.5-0+deb12u2_all.deb ...
2025-07-15T13:31:35.9285834Z #7 8.245 Unpacking git-man (1:2.39.5-0+deb12u2) ...
2025-07-15T13:31:35.9286182Z #7 8.328 Selecting previously unselected package git.
2025-07-15T13:31:36.0868237Z #7 8.329 Preparing to unpack .../63-git_1%3a2.39.5-0+deb12u2_amd64.deb ...
2025-07-15T13:31:36.0869817Z #7 8.335 Unpacking git (1:2.39.5-0+deb12u2) ...
2025-07-15T13:31:36.2302568Z #7 8.630 Selecting previously unselected package net-tools.
2025-07-15T13:31:36.3336705Z #7 8.632 Preparing to unpack .../64-net-tools_2.10-0.1+deb12u2_amd64.deb ...
2025-07-15T13:31:36.3337223Z #7 8.635 Unpacking net-tools (2.10-0.1+deb12u2) ...
2025-07-15T13:31:36.3337663Z #7 8.678 Setting up libexpat1:amd64 (2.5.0-1+deb12u1) ...
2025-07-15T13:31:36.3338120Z #7 8.681 Setting up net-tools (2.10-0.1+deb12u2) ...
2025-07-15T13:31:36.3338469Z #7 8.684 Setting up libpsl5:amd64 (0.21.2-1) ...
2025-07-15T13:31:36.3338812Z #7 8.687 Setting up libbrotli1:amd64 (1.0.9-2+b6) ...
2025-07-15T13:31:36.3339314Z #7 8.690 Setting up binutils-common:amd64 (2.40-2) ...
2025-07-15T13:31:36.3339716Z #7 8.695 Setting up libnghttp2-14:amd64 (1.52.0-1+deb12u2) ...
2025-07-15T13:31:36.3340305Z #7 8.700 Setting up linux-libc-dev:amd64 (6.1.140-1) ...
2025-07-15T13:31:36.3340688Z #7 8.704 Setting up libctf-nobfd0:amd64 (2.40-2) ...
2025-07-15T13:31:36.3341179Z #7 8.707 Setting up libgomp1:amd64 (12.2.0-14+deb12u1) ...
2025-07-15T13:31:36.3341522Z #7 8.710 Setting up bzip2 (1.0.8-5+b1) ...
2025-07-15T13:31:36.3341850Z #7 8.714 Setting up libjansson4:amd64 (2.14-2) ...
2025-07-15T13:31:36.3342269Z #7 8.720 Setting up libsasl2-modules-db:amd64 (2.1.28+dfsg-10) ...
2025-07-15T13:31:36.3342678Z #7 8.723 Setting up libcap2-bin (1:2.66-4+deb12u1) ...
2025-07-15T13:31:36.3343138Z #7 8.726 Setting up perl-modules-5.36 (5.36.0-7+deb12u2) ...
2025-07-15T13:31:36.3343568Z #7 8.729 Setting up libtirpc-dev:amd64 (1.3.3+ds-1) ...
2025-07-15T13:31:36.3343922Z #7 8.733 Setting up rpcsvc-proto (1.4.3-1) ...
2025-07-15T13:31:36.4429121Z #7 8.736 Setting up make (4.3-4.1) ...
2025-07-15T13:31:36.4429696Z #7 8.740 Setting up libmpfr6:amd64 (4.2.0-1) ...
2025-07-15T13:31:36.4430334Z #7 8.742 Setting up librtmp1:amd64 (2.4+20151223.gitfa8646d.1-2+b2) ...
2025-07-15T13:31:36.4430793Z #7 8.754 Setting up xz-utils (5.4.1-1) ...
2025-07-15T13:31:36.4431331Z #7 8.759 update-alternatives: using /usr/bin/xz to provide /usr/bin/lzma (lzma) in auto mode
2025-07-15T13:31:36.4432568Z #7 8.760 update-alternatives: warning: skip creation of /usr/share/man/man1/lzma.1.gz because associated file /usr/share/man/man1/xz.1.gz (of link group lzma) doesn't exist
2025-07-15T13:31:36.4434010Z #7 8.760 update-alternatives: warning: skip creation of /usr/share/man/man1/unlzma.1.gz because associated file /usr/share/man/man1/unxz.1.gz (of link group lzma) doesn't exist
2025-07-15T13:31:36.4435844Z #7 8.760 update-alternatives: warning: skip creation of /usr/share/man/man1/lzcat.1.gz because associated file /usr/share/man/man1/xzcat.1.gz (of link group lzma) doesn't exist
2025-07-15T13:31:36.4437620Z #7 8.760 update-alternatives: warning: skip creation of /usr/share/man/man1/lzmore.1.gz because associated file /usr/share/man/man1/xzmore.1.gz (of link group lzma) doesn't exist
2025-07-15T13:31:36.4439064Z #7 8.760 update-alternatives: warning: skip creation of /usr/share/man/man1/lzless.1.gz because associated file /usr/share/man/man1/xzless.1.gz (of link group lzma) doesn't exist
2025-07-15T13:31:36.4440376Z #7 8.760 update-alternatives: warning: skip creation of /usr/share/man/man1/lzdiff.1.gz because associated file /usr/share/man/man1/xzdiff.1.gz (of link group lzma) doesn't exist
2025-07-15T13:31:36.4441690Z #7 8.761 update-alternatives: warning: skip creation of /usr/share/man/man1/lzcmp.1.gz because associated file /usr/share/man/man1/xzcmp.1.gz (of link group lzma) doesn't exist
2025-07-15T13:31:36.4442850Z #7 8.761 update-alternatives: warning: skip creation of /usr/share/man/man1/lzgrep.1.gz because associated file /usr/share/man/man1/xzgrep.1.gz (of link group lzma) doesn't exist
2025-07-15T13:31:36.4444480Z #7 8.761 update-alternatives: warning: skip creation of /usr/share/man/man1/lzegrep.1.gz because associated file /usr/share/man/man1/xzegrep.1.gz (of link group lzma) doesn't exist
2025-07-15T13:31:36.4445845Z #7 8.761 update-alternatives: warning: skip creation of /usr/share/man/man1/lzfgrep.1.gz because associated file /usr/share/man/man1/xzfgrep.1.gz (of link group lzma) doesn't exist
2025-07-15T13:31:36.4446741Z #7 8.765 Setting up libquadmath0:amd64 (12.2.0-14+deb12u1) ...
2025-07-15T13:31:36.4447057Z #7 8.769 Setting up libmpc3:amd64 (1.3.1-1) ...
2025-07-15T13:31:36.4447361Z #7 8.772 Setting up libatomic1:amd64 (12.2.0-14+deb12u1) ...
2025-07-15T13:31:36.4447660Z #7 8.775 Setting up patch (2.7.6-7) ...
2025-07-15T13:31:36.4447943Z #7 8.778 Setting up libgdbm-compat4:amd64 (1.23-3) ...
2025-07-15T13:31:36.4448259Z #7 8.783 Setting up libsasl2-2:amd64 (2.1.28+dfsg-10) ...
2025-07-15T13:31:36.4448576Z #7 8.786 Setting up libubsan1:amd64 (12.2.0-14+deb12u1) ...
2025-07-15T13:31:36.4448872Z #7 8.789 Setting up nano (7.2-1+deb12u1) ...
2025-07-15T13:31:36.4449281Z #7 8.794 update-alternatives: using /bin/nano to provide /usr/bin/editor (editor) in auto mode
2025-07-15T13:31:36.4450219Z #7 8.794 update-alternatives: warning: skip creation of /usr/share/man/man1/editor.1.gz because associated file /usr/share/man/man1/nano.1.gz (of link group editor) doesn't exist
2025-07-15T13:31:36.4451179Z #7 8.796 update-alternatives: using /bin/nano to provide /usr/bin/pico (pico) in auto mode
2025-07-15T13:31:36.4451981Z #7 8.796 update-alternatives: warning: skip creation of /usr/share/man/man1/pico.1.gz because associated file /usr/share/man/man1/nano.1.gz (of link group pico) doesn't exist
2025-07-15T13:31:36.4452642Z #7 8.798 Setting up libnsl-dev:amd64 (1.3.0-2) ...
2025-07-15T13:31:36.4452952Z #7 8.801 Setting up libcrypt-dev:amd64 (1:4.4.33-2) ...
2025-07-15T13:31:36.4453271Z #7 8.808 Setting up libasan8:amd64 (12.2.0-14+deb12u1) ...
2025-07-15T13:31:36.4453573Z #7 8.811 Setting up git-man (1:2.39.5-0+deb12u2) ...
2025-07-15T13:31:36.4453866Z #7 8.815 Setting up libssh2-1:amd64 (1.10.0-3+b1) ...
2025-07-15T13:31:36.4454618Z #7 8.818 Setting up libtsan2:amd64 (12.2.0-14+deb12u1) ...
2025-07-15T13:31:36.4454926Z #7 8.821 Setting up libbinutils:amd64 (2.40-2) ...
2025-07-15T13:31:36.4455210Z #7 8.825 Setting up libisl23:amd64 (0.25-1.1) ...
2025-07-15T13:31:36.4455499Z #7 8.829 Setting up libc-dev-bin (2.36-9+deb12u10) ...
2025-07-15T13:31:36.4455939Z #7 8.832 Setting up iputils-ping (3:20221126-1+deb12u1) ...
2025-07-15T13:31:36.4456271Z #7 8.842 Setting up libcc1-0:amd64 (12.2.0-14+deb12u1) ...
2025-07-15T13:31:36.5439804Z #7 8.846 Setting up libperl5.36:amd64 (5.36.0-7+deb12u2) ...
2025-07-15T13:31:36.5440438Z #7 8.850 Setting up liblsan0:amd64 (12.2.0-14+deb12u1) ...
2025-07-15T13:31:36.5440845Z #7 8.854 Setting up libitm1:amd64 (12.2.0-14+deb12u1) ...
2025-07-15T13:31:36.5441202Z #7 8.860 Setting up libctf0:amd64 (2.40-2) ...
2025-07-15T13:31:36.5441545Z #7 8.863 Setting up cpp-12 (12.2.0-14+deb12u1) ...
2025-07-15T13:31:36.5442057Z #7 8.867 Setting up libldap-2.5-0:amd64 (2.5.13+dfsg-5) ...
2025-07-15T13:31:36.5442515Z #7 8.870 Setting up perl (5.36.0-7+deb12u2) ...
2025-07-15T13:31:36.5443321Z #7 8.881 Setting up libgprofng0:amd64 (2.40-2) ...
2025-07-15T13:31:36.5444081Z #7 8.885 Setting up libgcc-12-dev:amd64 (12.2.0-14+deb12u1) ...
2025-07-15T13:31:36.5444751Z #7 8.889 Setting up libdpkg-perl (1.21.22) ...
2025-07-15T13:31:36.5445193Z #7 8.892 Setting up cpp (4:12.2.0-3) ...
2025-07-15T13:31:36.5445537Z #7 8.897 Setting up libcurl4:amd64 (7.88.1-10+deb12u12) ...
2025-07-15T13:31:36.5445914Z #7 8.902 Setting up libc6-dev:amd64 (2.36-9+deb12u10) ...
2025-07-15T13:31:36.5446269Z #7 8.905 Setting up curl (7.88.1-10+deb12u12) ...
2025-07-15T13:31:36.5446633Z #7 8.908 Setting up binutils-x86-64-linux-gnu (2.40-2) ...
2025-07-15T13:31:36.5447257Z #7 8.910 Setting up libstdc++-12-dev:amd64 (12.2.0-14+deb12u1) ...
2025-07-15T13:31:36.5447988Z #7 8.914 Setting up libcurl3-gnutls:amd64 (7.88.1-10+deb12u12) ...
2025-07-15T13:31:36.5448600Z #7 8.917 Setting up binutils (2.40-2) ...
2025-07-15T13:31:36.5449074Z #7 8.920 Setting up dpkg-dev (1.21.22) ...
2025-07-15T13:31:36.5449394Z #7 8.925 Setting up liberror-perl (0.17029-2) ...
2025-07-15T13:31:36.5449699Z #7 8.928 Setting up gcc-12 (12.2.0-14+deb12u1) ...
2025-07-15T13:31:36.5449973Z #7 8.932 Setting up git (1:2.39.5-0+deb12u2) ...
2025-07-15T13:31:36.5450393Z #7 8.940 Setting up g++-12 (12.2.0-14+deb12u1) ...
2025-07-15T13:31:36.5450791Z #7 8.943 Setting up gcc (4:12.2.0-3) ...
2025-07-15T13:31:36.7145592Z #7 8.954 Setting up g++ (4:12.2.0-3) ...
2025-07-15T13:31:36.7146224Z #7 8.958 update-alternatives: using /usr/bin/g++ to provide /usr/bin/c++ (c++) in auto mode
2025-07-15T13:31:36.7146707Z #7 8.960 Setting up build-essential (12.9) ...
2025-07-15T13:31:36.7147076Z #7 8.963 Processing triggers for libc-bin (2.36-9+deb12u10) ...
2025-07-15T13:31:37.1553220Z #7 DONE 9.6s
2025-07-15T13:31:37.3169923Z 
2025-07-15T13:31:37.3170403Z #8 [3/6] WORKDIR /app
2025-07-15T13:31:37.3170754Z #8 DONE 0.0s
2025-07-15T13:31:37.3170895Z 
2025-07-15T13:31:37.3170989Z #9 [4/6] COPY . .
2025-07-15T13:31:37.4083273Z #9 DONE 0.2s
2025-07-15T13:31:37.5595713Z 
2025-07-15T13:31:37.5596274Z #10 [5/6] RUN pip install --upgrade pip
2025-07-15T13:31:38.6790828Z #10 1.270 Requirement already satisfied: pip in /usr/local/lib/python3.10/site-packages (23.0.1)
2025-07-15T13:31:38.8073299Z #10 1.398 Collecting pip
2025-07-15T13:31:38.9140380Z #10 1.450   Downloading pip-25.1.1-py3-none-any.whl (1.8 MB)
2025-07-15T13:31:39.1101478Z #10 1.505      ━━━━━━━━━━━━━━━━━━━━━━━━━━━━━━━━━━━━━━━━ 1.8/1.8 MB 34.4 MB/s eta 0:00:00
2025-07-15T13:31:39.1102115Z #10 1.549 Installing collected packages: pip
2025-07-15T13:31:39.1102584Z #10 1.550   Attempting uninstall: pip
2025-07-15T13:31:39.1103076Z #10 1.550     Found existing installation: pip 23.0.1
2025-07-15T13:31:39.1369625Z #10 1.728     Uninstalling pip-23.0.1:
2025-07-15T13:31:39.2981533Z #10 1.739       Successfully uninstalled pip-23.0.1
2025-07-15T13:31:39.9348936Z #10 2.526 Successfully installed pip-25.1.1
2025-07-15T13:31:40.0857047Z #10 2.526 WARNING: Running pip as the 'root' user can result in broken permissions and conflicting behaviour with the system package manager. It is recommended to use a virtual environment instead: https://pip.pypa.io/warnings/venv
2025-07-15T13:31:40.1526701Z #10 DONE 2.7s
2025-07-15T13:31:40.3044007Z 
2025-07-15T13:31:40.3044889Z #11 [6/6] RUN pip install --no-cache-dir -r requirements.txt
2025-07-15T13:31:41.0258122Z #11 0.872 Collecting flask==3.0.2 (from -r requirements.txt (line 1))
2025-07-15T13:31:41.1399389Z #11 0.927   Downloading flask-3.0.2-py3-none-any.whl.metadata (3.6 kB)
2025-07-15T13:31:41.1400438Z #11 0.986 Collecting pytest==8.2.1 (from -r requirements.txt (line 2))
2025-07-15T13:31:41.2453164Z #11 0.997   Downloading pytest-8.2.1-py3-none-any.whl.metadata (7.6 kB)
2025-07-15T13:31:41.2453922Z #11 1.026 Collecting Werkzeug>=3.0.0 (from flask==3.0.2->-r requirements.txt (line 1))
2025-07-15T13:31:41.2454806Z #11 1.037   Downloading werkzeug-3.1.3-py3-none-any.whl.metadata (3.7 kB)
2025-07-15T13:31:41.2455686Z #11 1.055 Collecting Jinja2>=3.1.2 (from flask==3.0.2->-r requirements.txt (line 1))
2025-07-15T13:31:41.2456385Z #11 1.066   Downloading jinja2-3.1.6-py3-none-any.whl.metadata (2.9 kB)
2025-07-15T13:31:41.2456953Z #11 1.082 Collecting itsdangerous>=2.1.2 (from flask==3.0.2->-r requirements.txt (line 1))
2025-07-15T13:31:41.2457540Z #11 1.092   Downloading itsdangerous-2.2.0-py3-none-any.whl.metadata (1.9 kB)
2025-07-15T13:31:41.3455429Z #11 1.113 Collecting click>=8.1.3 (from flask==3.0.2->-r requirements.txt (line 1))
2025-07-15T13:31:41.3456183Z #11 1.123   Downloading click-8.2.1-py3-none-any.whl.metadata (2.5 kB)
2025-07-15T13:31:41.3456788Z #11 1.138 Collecting blinker>=1.6.2 (from flask==3.0.2->-r requirements.txt (line 1))
2025-07-15T13:31:41.3457406Z #11 1.149   Downloading blinker-1.9.0-py3-none-any.whl.metadata (1.6 kB)
2025-07-15T13:31:41.3458023Z #11 1.161 Collecting iniconfig (from pytest==8.2.1->-r requirements.txt (line 2))
2025-07-15T13:31:41.3458626Z #11 1.171   Downloading iniconfig-2.1.0-py3-none-any.whl.metadata (2.7 kB)
2025-07-15T13:31:41.3459243Z #11 1.192 Collecting packaging (from pytest==8.2.1->-r requirements.txt (line 2))
2025-07-15T13:31:41.4630915Z #11 1.202   Downloading packaging-25.0-py3-none-any.whl.metadata (3.3 kB)
2025-07-15T13:31:41.4631996Z #11 1.218 Collecting pluggy<2.0,>=1.5 (from pytest==8.2.1->-r requirements.txt (line 2))
2025-07-15T13:31:41.4632847Z #11 1.228   Downloading pluggy-1.6.0-py3-none-any.whl.metadata (4.8 kB)
2025-07-15T13:31:41.4633757Z #11 1.246 Collecting exceptiongroup>=1.0.0rc8 (from pytest==8.2.1->-r requirements.txt (line 2))
2025-07-15T13:31:41.4635005Z #11 1.256   Downloading exceptiongroup-1.3.0-py3-none-any.whl.metadata (6.7 kB)
2025-07-15T13:31:41.4635881Z #11 1.275 Collecting tomli>=1 (from pytest==8.2.1->-r requirements.txt (line 2))
2025-07-15T13:31:41.4636630Z #11 1.285   Downloading tomli-2.2.1-py3-none-any.whl.metadata (10 kB)
2025-07-15T13:31:41.4637650Z #11 1.309 Collecting typing-extensions>=4.6.0 (from exceptiongroup>=1.0.0rc8->pytest==8.2.1->-r requirements.txt (line 2))
2025-07-15T13:31:41.5638037Z #11 1.320   Downloading typing_extensions-4.14.1-py3-none-any.whl.metadata (3.0 kB)
2025-07-15T13:31:41.5639166Z #11 1.382 Collecting MarkupSafe>=2.0 (from Jinja2>=3.1.2->flask==3.0.2->-r requirements.txt (line 1))
2025-07-15T13:31:41.5640066Z #11 1.392   Downloading MarkupSafe-3.0.2-cp310-cp310-manylinux_2_17_x86_64.manylinux2014_x86_64.whl.metadata (4.0 kB)
2025-07-15T13:31:41.5640598Z #11 1.410 Downloading flask-3.0.2-py3-none-any.whl (101 kB)
2025-07-15T13:31:41.6701632Z #11 1.432 Downloading pytest-8.2.1-py3-none-any.whl (339 kB)
2025-07-15T13:31:41.6702452Z #11 1.453 Downloading pluggy-1.6.0-py3-none-any.whl (20 kB)
2025-07-15T13:31:41.6702980Z #11 1.463 Downloading blinker-1.9.0-py3-none-any.whl (8.5 kB)
2025-07-15T13:31:41.6703491Z #11 1.473 Downloading click-8.2.1-py3-none-any.whl (102 kB)
2025-07-15T13:31:41.6704031Z #11 1.486 Downloading exceptiongroup-1.3.0-py3-none-any.whl (16 kB)
2025-07-15T13:31:41.6704783Z #11 1.496 Downloading itsdangerous-2.2.0-py3-none-any.whl (16 kB)
2025-07-15T13:31:41.6705229Z #11 1.507 Downloading jinja2-3.1.6-py3-none-any.whl (134 kB)
2025-07-15T13:31:41.6705798Z #11 1.517 Downloading MarkupSafe-3.0.2-cp310-cp310-manylinux_2_17_x86_64.manylinux2014_x86_64.whl (20 kB)
2025-07-15T13:31:41.9058307Z #11 1.527 Downloading tomli-2.2.1-py3-none-any.whl (14 kB)
2025-07-15T13:31:41.9058811Z #11 1.537 Downloading typing_extensions-4.14.1-py3-none-any.whl (43 kB)
2025-07-15T13:31:41.9059281Z #11 1.547 Downloading werkzeug-3.1.3-py3-none-any.whl (224 kB)
2025-07-15T13:31:41.9059696Z #11 1.558 Downloading iniconfig-2.1.0-py3-none-any.whl (6.0 kB)
2025-07-15T13:31:41.9060123Z #11 1.568 Downloading packaging-25.0-py3-none-any.whl (66 kB)
2025-07-15T13:31:41.9060997Z #11 1.602 Installing collected packages: typing-extensions, tomli, pluggy, packaging, MarkupSafe, itsdangerous, iniconfig, click, blinker, Werkzeug, Jinja2, exceptiongroup, pytest, flask
2025-07-15T13:31:42.3152916Z #11 2.162 
2025-07-15T13:31:42.4697122Z #11 2.165 Successfully installed Jinja2-3.1.6 MarkupSafe-3.0.2 Werkzeug-3.1.3 blinker-1.9.0 click-8.2.1 exceptiongroup-1.3.0 flask-3.0.2 iniconfig-2.1.0 itsdangerous-2.2.0 packaging-25.0 pluggy-1.6.0 pytest-8.2.1 tomli-2.2.1 typing-extensions-4.14.1
2025-07-15T13:31:42.4701498Z #11 2.166 WARNING: Running pip as the 'root' user can result in broken permissions and conflicting behaviour with the system package manager, possibly rendering your system unusable. It is recommended to use a virtual environment instead: https://pip.pypa.io/warnings/venv. Use the --root-user-action option if you know what you are doing and want to suppress this warning.
2025-07-15T13:31:42.4847098Z #11 DONE 2.3s
2025-07-15T13:31:42.6394834Z 
2025-07-15T13:31:42.6395676Z #12 exporting to image
2025-07-15T13:31:42.6396104Z #12 exporting layers
2025-07-15T13:31:44.2237634Z #12 exporting layers 1.7s done
2025-07-15T13:31:44.2487466Z #12 writing image sha256:0989fca846302fac96e04b80bc515811e7b63e45a9bd1124898dd9eb08e52085 done
2025-07-15T13:31:44.2488761Z #12 naming to docker.io/***/flask-ci-cd-demo done
2025-07-15T13:31:44.2489298Z #12 DONE 1.7s
2025-07-15T13:31:44.2582022Z ##[group]Run docker push ***/flask-ci-cd-demo
2025-07-15T13:31:44.2582705Z [36;1mdocker push ***/flask-ci-cd-demo[0m
2025-07-15T13:31:44.2623371Z shell: /usr/bin/bash -e {0}
2025-07-15T13:31:44.2623764Z env:
2025-07-15T13:31:44.2624440Z   pythonLocation: /opt/hostedtoolcache/Python/3.10.18/x64
2025-07-15T13:31:44.2625200Z   PKG_CONFIG_PATH: /opt/hostedtoolcache/Python/3.10.18/x64/lib/pkgconfig
2025-07-15T13:31:44.2625922Z   Python_ROOT_DIR: /opt/hostedtoolcache/Python/3.10.18/x64
2025-07-15T13:31:44.2626591Z   Python2_ROOT_DIR: /opt/hostedtoolcache/Python/3.10.18/x64
2025-07-15T13:31:44.2627249Z   Python3_ROOT_DIR: /opt/hostedtoolcache/Python/3.10.18/x64
2025-07-15T13:31:44.2627906Z   LD_LIBRARY_PATH: /opt/hostedtoolcache/Python/3.10.18/x64/lib
2025-07-15T13:31:44.2628447Z ##[endgroup]
2025-07-15T13:31:44.2793847Z Using default tag: latest
2025-07-15T13:31:44.2849791Z The push refers to repository [docker.io/***/flask-ci-cd-demo]
2025-07-15T13:31:44.4597081Z f96799d1c90c: Preparing
2025-07-15T13:31:44.4597498Z 811c9db6867a: Preparing
2025-07-15T13:31:44.4597844Z ef5124a5e4ab: Preparing
2025-07-15T13:31:44.4598179Z db479edbb4e6: Preparing
2025-07-15T13:31:44.4598496Z a0708e54e229: Preparing
2025-07-15T13:31:44.4598822Z 31abbb538de0: Preparing
2025-07-15T13:31:44.4599152Z a2ccf7527b3c: Preparing
2025-07-15T13:31:44.4599470Z abd92ba2021e: Preparing
2025-07-15T13:31:44.4599792Z 1bb35e8b4de1: Preparing
2025-07-15T13:31:44.4600120Z 31abbb538de0: Waiting
2025-07-15T13:31:44.4600442Z a2ccf7527b3c: Waiting
2025-07-15T13:31:44.4600650Z abd92ba2021e: Waiting
2025-07-15T13:31:44.4600850Z 1bb35e8b4de1: Waiting
2025-07-15T13:31:46.5857314Z db479edbb4e6: Pushed
2025-07-15T13:31:46.9445076Z 31abbb538de0: Layer already exists
2025-07-15T13:31:47.0161794Z f96799d1c90c: Pushed
2025-07-15T13:31:47.2872703Z a2ccf7527b3c: Layer already exists
2025-07-15T13:31:47.4182701Z 811c9db6867a: Pushed
2025-07-15T13:31:47.6373989Z 1bb35e8b4de1: Layer already exists
2025-07-15T13:31:47.6765118Z abd92ba2021e: Layer already exists
2025-07-15T13:31:48.3139639Z ef5124a5e4ab: Pushed
2025-07-15T13:31:59.5412364Z a0708e54e229: Pushed
2025-07-15T13:32:02.8128113Z latest: digest: sha256:ba22766d03d0038ceb473275a30867c287785d3bdac0ddbf4d9c49cf34008a6c size: 2212
2025-07-15T13:32:02.8198491Z Post job cleanup.
2025-07-15T13:32:03.1156681Z [command]/usr/bin/docker logout 
2025-07-15T13:32:03.1286316Z Removing login credentials for https://index.docker.io/v1/
2025-07-15T13:32:03.1320855Z ##[group]Post cache
2025-07-15T13:32:03.1322322Z State not set
2025-07-15T13:32:03.1323937Z ##[endgroup]
2025-07-15T13:32:03.1457171Z Post job cleanup.
2025-07-15T13:32:03.3103437Z Post job cleanup.
2025-07-15T13:32:03.3809533Z [command]/usr/bin/git version
2025-07-15T13:32:03.3843953Z git version 2.50.1
2025-07-15T13:32:03.3889366Z Temporarily overriding HOME='/home/runner/work/_temp/0233023b-1ef9-45f1-a66e-71570cadde9f' before making global git config changes
2025-07-15T13:32:03.3890686Z Adding repository directory to the temporary git global config as a safe directory
2025-07-15T13:32:03.3894709Z [command]/usr/bin/git config --global --add safe.directory /home/runner/work/testing-CI-CD/testing-CI-CD
2025-07-15T13:32:03.3926909Z [command]/usr/bin/git config --local --name-only --get-regexp core\.sshCommand
2025-07-15T13:32:03.3956936Z [command]/usr/bin/git submodule foreach --recursive sh -c "git config --local --name-only --get-regexp 'core\.sshCommand' && git config --local --unset-all 'core.sshCommand' || :"
2025-07-15T13:32:03.4183459Z [command]/usr/bin/git config --local --name-only --get-regexp http\.https\:\/\/github\.com\/\.extraheader
2025-07-15T13:32:03.4203441Z http.https://github.com/.extraheader
2025-07-15T13:32:03.4215021Z [command]/usr/bin/git config --local --unset-all http.https://github.com/.extraheader
2025-07-15T13:32:03.4243763Z [command]/usr/bin/git submodule foreach --recursive sh -c "git config --local --name-only --get-regexp 'http\.https\:\/\/github\.com\/\.extraheader' && git config --local --unset-all 'http.https://github.com/.extraheader' || :"
2025-07-15T13:32:03.4572394Z Cleaning up orphan processes
