2025-07-15T19:13:32.9440267Z Current runner version: '2.326.0'
2025-07-15T19:13:32.9463132Z ##[group]Runner Image Provisioner
2025-07-15T19:13:32.9463964Z Hosted Compute Agent
2025-07-15T19:13:32.9464502Z Version: 20250711.363
2025-07-15T19:13:32.9465424Z Commit: 6785254374ce925a23743850c1cb91912ce5c14c
2025-07-15T19:13:32.9466199Z Build Date: 2025-07-11T20:04:25Z
2025-07-15T19:13:32.9466777Z ##[endgroup]
2025-07-15T19:13:32.9467404Z ##[group]Operating System
2025-07-15T19:13:32.9467961Z Ubuntu
2025-07-15T19:13:32.9468387Z 24.04.2
2025-07-15T19:13:32.9468888Z LTS
2025-07-15T19:13:32.9469348Z ##[endgroup]
2025-07-15T19:13:32.9469808Z ##[group]Runner Image
2025-07-15T19:13:32.9470437Z Image: ubuntu-24.04
2025-07-15T19:13:32.9470982Z Version: 20250710.1.0
2025-07-15T19:13:32.9472116Z Included Software: https://github.com/actions/runner-images/blob/ubuntu24/20250710.1/images/ubuntu/Ubuntu2404-Readme.md
2025-07-15T19:13:32.9473730Z Image Release: https://github.com/actions/runner-images/releases/tag/ubuntu24%2F20250710.1
2025-07-15T19:13:32.9474757Z ##[endgroup]
2025-07-15T19:13:32.9476366Z ##[group]GITHUB_TOKEN Permissions
2025-07-15T19:13:32.9478359Z Contents: read
2025-07-15T19:13:32.9478995Z Metadata: read
2025-07-15T19:13:32.9479517Z Packages: read
2025-07-15T19:13:32.9479986Z ##[endgroup]
2025-07-15T19:13:32.9482161Z Secret source: Actions
2025-07-15T19:13:32.9483065Z Prepare workflow directory
2025-07-15T19:13:32.9793591Z Prepare all required actions
2025-07-15T19:13:32.9829871Z Getting action download info
2025-07-15T19:13:33.4829564Z ##[group]Download immutable action package 'actions/checkout@v3'
2025-07-15T19:13:33.4830502Z Version: 3.6.0
2025-07-15T19:13:33.4831451Z Digest: sha256:942562b9c7d4b1f2557f1da21f4d3eb4eb4fd01f2ad78b2a6e187d1b193e0a0f
2025-07-15T19:13:33.4832719Z Source commit SHA: f43a0e5ff2bd294095638e18286ca9a3d1956744
2025-07-15T19:13:33.4833400Z ##[endgroup]
2025-07-15T19:13:33.5714409Z ##[group]Download immutable action package 'actions/setup-python@v4'
2025-07-15T19:13:33.5715431Z Version: 4.9.1
2025-07-15T19:13:33.5716331Z Digest: sha256:f03e505388af670b5a108629e0ba26befc08d5c62b41f46146a45fe29ae509a5
2025-07-15T19:13:33.5717233Z Source commit SHA: 7f4fc3e22c37d6ff65e88745f38bd3157c663f7c
2025-07-15T19:13:33.5717896Z ##[endgroup]
2025-07-15T19:13:33.8750275Z ##[group]Download immutable action package 'docker/login-action@v3'
2025-07-15T19:13:33.8751063Z Version: 3.4.0
2025-07-15T19:13:33.8751738Z Digest: sha256:864ebd28db095e1602e6ef999f46a4f575083ea874918fbccf0994c2a7680450
2025-07-15T19:13:33.8752795Z Source commit SHA: 74a5d142397b4f367a81961eba4e8cd7edddf772
2025-07-15T19:13:33.8753483Z ##[endgroup]
2025-07-15T19:13:34.3186166Z Complete job name: build-test-deploy
2025-07-15T19:13:34.3954842Z ##[group]Run actions/checkout@v3
2025-07-15T19:13:34.3956349Z with:
2025-07-15T19:13:34.3957246Z   repository: ***/testing-CI-CD
2025-07-15T19:13:34.3958439Z   token: ***
2025-07-15T19:13:34.3959208Z   ssh-strict: true
2025-07-15T19:13:34.3960050Z   persist-credentials: true
2025-07-15T19:13:34.3960963Z   clean: true
2025-07-15T19:13:34.3961818Z   sparse-checkout-cone-mode: true
2025-07-15T19:13:34.3962810Z   fetch-depth: 1
2025-07-15T19:13:34.3963601Z   fetch-tags: false
2025-07-15T19:13:34.3964389Z   lfs: false
2025-07-15T19:13:34.3965332Z   submodules: false
2025-07-15T19:13:34.3966182Z   set-safe-directory: true
2025-07-15T19:13:34.3967343Z ##[endgroup]
2025-07-15T19:13:34.4846667Z Syncing repository: ***/testing-CI-CD
2025-07-15T19:13:34.4849803Z ##[group]Getting Git version info
2025-07-15T19:13:34.4851299Z Working directory is '/home/runner/work/testing-CI-CD/testing-CI-CD'
2025-07-15T19:13:34.4853328Z [command]/usr/bin/git version
2025-07-15T19:13:34.4869487Z git version 2.50.1
2025-07-15T19:13:34.4897424Z ##[endgroup]
2025-07-15T19:13:34.4912991Z Temporarily overriding HOME='/home/runner/work/_temp/6526f825-6bc9-4d7a-9c00-1413ff7dea4d' before making global git config changes
2025-07-15T19:13:34.4918045Z Adding repository directory to the temporary git global config as a safe directory
2025-07-15T19:13:34.4921541Z [command]/usr/bin/git config --global --add safe.directory /home/runner/work/testing-CI-CD/testing-CI-CD
2025-07-15T19:13:34.4949079Z Deleting the contents of '/home/runner/work/testing-CI-CD/testing-CI-CD'
2025-07-15T19:13:34.4952828Z ##[group]Initializing the repository
2025-07-15T19:13:34.4956519Z [command]/usr/bin/git init /home/runner/work/testing-CI-CD/testing-CI-CD
2025-07-15T19:13:34.5010555Z hint: Using 'master' as the name for the initial branch. This default branch name
2025-07-15T19:13:34.5013785Z hint: is subject to change. To configure the initial branch name to use in all
2025-07-15T19:13:34.5017302Z hint: of your new repositories, which will suppress this warning, call:
2025-07-15T19:13:34.5019826Z hint:
2025-07-15T19:13:34.5021470Z hint: 	git config --global init.defaultBranch <name>
2025-07-15T19:13:34.5023497Z hint:
2025-07-15T19:13:34.5025864Z hint: Names commonly chosen instead of 'master' are 'main', 'trunk' and
2025-07-15T19:13:34.5028988Z hint: 'development'. The just-created branch can be renamed via this command:
2025-07-15T19:13:34.5030614Z hint:
2025-07-15T19:13:34.5031360Z hint: 	git branch -m <name>
2025-07-15T19:13:34.5032243Z hint:
2025-07-15T19:13:34.5033714Z hint: Disable this message with "git config set advice.defaultBranchName false"
2025-07-15T19:13:34.5037587Z Initialized empty Git repository in /home/runner/work/testing-CI-CD/testing-CI-CD/.git/
2025-07-15T19:13:34.5041555Z [command]/usr/bin/git remote add origin https://github.com/***/testing-CI-CD
2025-07-15T19:13:34.5072143Z ##[endgroup]
2025-07-15T19:13:34.5074670Z ##[group]Disabling automatic garbage collection
2025-07-15T19:13:34.5077118Z [command]/usr/bin/git config --local gc.auto 0
2025-07-15T19:13:34.5102356Z ##[endgroup]
2025-07-15T19:13:34.5104684Z ##[group]Setting up auth
2025-07-15T19:13:34.5107753Z [command]/usr/bin/git config --local --name-only --get-regexp core\.sshCommand
2025-07-15T19:13:34.5137086Z [command]/usr/bin/git submodule foreach --recursive sh -c "git config --local --name-only --get-regexp 'core\.sshCommand' && git config --local --unset-all 'core.sshCommand' || :"
2025-07-15T19:13:34.5394701Z [command]/usr/bin/git config --local --name-only --get-regexp http\.https\:\/\/github\.com\/\.extraheader
2025-07-15T19:13:34.5422889Z [command]/usr/bin/git submodule foreach --recursive sh -c "git config --local --name-only --get-regexp 'http\.https\:\/\/github\.com\/\.extraheader' && git config --local --unset-all 'http.https://github.com/.extraheader' || :"
2025-07-15T19:13:34.5634162Z [command]/usr/bin/git config --local http.https://github.com/.extraheader AUTHORIZATION: basic ***
2025-07-15T19:13:34.5664549Z ##[endgroup]
2025-07-15T19:13:34.5667594Z ##[group]Fetching the repository
2025-07-15T19:13:34.5674492Z [command]/usr/bin/git -c protocol.version=2 fetch --no-tags --prune --progress --no-recurse-submodules --depth=1 origin +12460485c37c966f594c9813e924a318103aec9e:refs/remotes/origin/main
2025-07-15T19:13:34.9399412Z remote: Enumerating objects: 4166, done.        
2025-07-15T19:13:34.9401550Z remote: Counting objects:   0% (1/4166)        
2025-07-15T19:13:34.9402917Z remote: Counting objects:   1% (42/4166)        
2025-07-15T19:13:34.9404100Z remote: Counting objects:   2% (84/4166)        
2025-07-15T19:13:34.9405524Z remote: Counting objects:   3% (125/4166)        
2025-07-15T19:13:34.9406710Z remote: Counting objects:   4% (167/4166)        
2025-07-15T19:13:34.9407893Z remote: Counting objects:   5% (209/4166)        
2025-07-15T19:13:34.9409052Z remote: Counting objects:   6% (250/4166)        
2025-07-15T19:13:34.9410578Z remote: Counting objects:   7% (292/4166)        
2025-07-15T19:13:34.9412396Z remote: Counting objects:   8% (334/4166)        
2025-07-15T19:13:34.9413709Z remote: Counting objects:   9% (375/4166)        
2025-07-15T19:13:34.9414884Z remote: Counting objects:  10% (417/4166)        
2025-07-15T19:13:34.9416310Z remote: Counting objects:  11% (459/4166)        
2025-07-15T19:13:34.9417482Z remote: Counting objects:  12% (500/4166)        
2025-07-15T19:13:34.9418644Z remote: Counting objects:  13% (542/4166)        
2025-07-15T19:13:34.9420055Z remote: Counting objects:  14% (584/4166)        
2025-07-15T19:13:34.9421300Z remote: Counting objects:  15% (625/4166)        
2025-07-15T19:13:34.9422461Z remote: Counting objects:  16% (667/4166)        
2025-07-15T19:13:34.9423605Z remote: Counting objects:  17% (709/4166)        
2025-07-15T19:13:34.9424754Z remote: Counting objects:  18% (750/4166)        
2025-07-15T19:13:34.9426119Z remote: Counting objects:  19% (792/4166)        
2025-07-15T19:13:34.9427271Z remote: Counting objects:  20% (834/4166)        
2025-07-15T19:13:34.9428434Z remote: Counting objects:  21% (875/4166)        
2025-07-15T19:13:34.9429585Z remote: Counting objects:  22% (917/4166)        
2025-07-15T19:13:34.9430739Z remote: Counting objects:  23% (959/4166)        
2025-07-15T19:13:34.9431898Z remote: Counting objects:  24% (1000/4166)        
2025-07-15T19:13:34.9433068Z remote: Counting objects:  25% (1042/4166)        
2025-07-15T19:13:34.9434240Z remote: Counting objects:  26% (1084/4166)        
2025-07-15T19:13:34.9435594Z remote: Counting objects:  27% (1125/4166)        
2025-07-15T19:13:34.9436805Z remote: Counting objects:  28% (1167/4166)        
2025-07-15T19:13:34.9437970Z remote: Counting objects:  29% (1209/4166)        
2025-07-15T19:13:34.9439124Z remote: Counting objects:  30% (1250/4166)        
2025-07-15T19:13:34.9440278Z remote: Counting objects:  31% (1292/4166)        
2025-07-15T19:13:34.9441437Z remote: Counting objects:  32% (1334/4166)        
2025-07-15T19:13:34.9442570Z remote: Counting objects:  33% (1375/4166)        
2025-07-15T19:13:34.9443738Z remote: Counting objects:  34% (1417/4166)        
2025-07-15T19:13:34.9444898Z remote: Counting objects:  35% (1459/4166)        
2025-07-15T19:13:34.9446225Z remote: Counting objects:  36% (1500/4166)        
2025-07-15T19:13:34.9447395Z remote: Counting objects:  37% (1542/4166)        
2025-07-15T19:13:34.9448566Z remote: Counting objects:  38% (1584/4166)        
2025-07-15T19:13:34.9449724Z remote: Counting objects:  39% (1625/4166)        
2025-07-15T19:13:34.9450877Z remote: Counting objects:  40% (1667/4166)        
2025-07-15T19:13:34.9452030Z remote: Counting objects:  41% (1709/4166)        
2025-07-15T19:13:34.9453180Z remote: Counting objects:  42% (1750/4166)        
2025-07-15T19:13:34.9454351Z remote: Counting objects:  43% (1792/4166)        
2025-07-15T19:13:34.9455738Z remote: Counting objects:  44% (1834/4166)        
2025-07-15T19:13:34.9456894Z remote: Counting objects:  45% (1875/4166)        
2025-07-15T19:13:34.9458036Z remote: Counting objects:  46% (1917/4166)        
2025-07-15T19:13:34.9459341Z remote: Counting objects:  47% (1959/4166)        
2025-07-15T19:13:34.9460514Z remote: Counting objects:  48% (2000/4166)        
2025-07-15T19:13:34.9461687Z remote: Counting objects:  49% (2042/4166)        
2025-07-15T19:13:34.9462854Z remote: Counting objects:  50% (2083/4166)        
2025-07-15T19:13:34.9463996Z remote: Counting objects:  51% (2125/4166)        
2025-07-15T19:13:34.9465284Z remote: Counting objects:  52% (2167/4166)        
2025-07-15T19:13:34.9466436Z remote: Counting objects:  53% (2208/4166)        
2025-07-15T19:13:34.9467607Z remote: Counting objects:  54% (2250/4166)        
2025-07-15T19:13:34.9468747Z remote: Counting objects:  55% (2292/4166)        
2025-07-15T19:13:34.9511879Z remote: Counting objects:  56% (2333/4166)        
2025-07-15T19:13:34.9514269Z remote: Counting objects:  57% (2375/4166)        
2025-07-15T19:13:34.9516034Z remote: Counting objects:  58% (2417/4166)        
2025-07-15T19:13:34.9517480Z remote: Counting objects:  59% (2458/4166)        
2025-07-15T19:13:34.9518947Z remote: Counting objects:  60% (2500/4166)        
2025-07-15T19:13:34.9520387Z remote: Counting objects:  61% (2542/4166)        
2025-07-15T19:13:34.9521775Z remote: Counting objects:  62% (2583/4166)        
2025-07-15T19:13:34.9522901Z remote: Counting objects:  63% (2625/4166)        
2025-07-15T19:13:34.9524063Z remote: Counting objects:  64% (2667/4166)        
2025-07-15T19:13:34.9525513Z remote: Counting objects:  65% (2708/4166)        
2025-07-15T19:13:34.9526660Z remote: Counting objects:  66% (2750/4166)        
2025-07-15T19:13:34.9527796Z remote: Counting objects:  67% (2792/4166)        
2025-07-15T19:13:34.9528939Z remote: Counting objects:  68% (2833/4166)        
2025-07-15T19:13:34.9530077Z remote: Counting objects:  69% (2875/4166)        
2025-07-15T19:13:34.9531209Z remote: Counting objects:  70% (2917/4166)        
2025-07-15T19:13:34.9532371Z remote: Counting objects:  71% (2958/4166)        
2025-07-15T19:13:34.9533516Z remote: Counting objects:  72% (3000/4166)        
2025-07-15T19:13:34.9534662Z remote: Counting objects:  73% (3042/4166)        
2025-07-15T19:13:34.9535923Z remote: Counting objects:  74% (3083/4166)        
2025-07-15T19:13:34.9537083Z remote: Counting objects:  75% (3125/4166)        
2025-07-15T19:13:34.9538217Z remote: Counting objects:  76% (3167/4166)        
2025-07-15T19:13:34.9539358Z remote: Counting objects:  77% (3208/4166)        
2025-07-15T19:13:34.9540513Z remote: Counting objects:  78% (3250/4166)        
2025-07-15T19:13:34.9541658Z remote: Counting objects:  79% (3292/4166)        
2025-07-15T19:13:34.9542786Z remote: Counting objects:  80% (3333/4166)        
2025-07-15T19:13:34.9543924Z remote: Counting objects:  81% (3375/4166)        
2025-07-15T19:13:34.9545064Z remote: Counting objects:  82% (3417/4166)        
2025-07-15T19:13:34.9546275Z remote: Counting objects:  83% (3458/4166)        
2025-07-15T19:13:34.9547406Z remote: Counting objects:  84% (3500/4166)        
2025-07-15T19:13:34.9548536Z remote: Counting objects:  85% (3542/4166)        
2025-07-15T19:13:34.9549664Z remote: Counting objects:  86% (3583/4166)        
2025-07-15T19:13:34.9550806Z remote: Counting objects:  87% (3625/4166)        
2025-07-15T19:13:34.9551938Z remote: Counting objects:  88% (3667/4166)        
2025-07-15T19:13:34.9553076Z remote: Counting objects:  89% (3708/4166)        
2025-07-15T19:13:34.9554203Z remote: Counting objects:  90% (3750/4166)        
2025-07-15T19:13:34.9555434Z remote: Counting objects:  91% (3792/4166)        
2025-07-15T19:13:34.9556591Z remote: Counting objects:  92% (3833/4166)        
2025-07-15T19:13:34.9557730Z remote: Counting objects:  93% (3875/4166)        
2025-07-15T19:13:34.9558892Z remote: Counting objects:  94% (3917/4166)        
2025-07-15T19:13:34.9560028Z remote: Counting objects:  95% (3958/4166)        
2025-07-15T19:13:34.9561144Z remote: Counting objects:  96% (4000/4166)        
2025-07-15T19:13:34.9562277Z remote: Counting objects:  97% (4042/4166)        
2025-07-15T19:13:34.9563526Z remote: Counting objects:  98% (4083/4166)        
2025-07-15T19:13:34.9564656Z remote: Counting objects:  99% (4125/4166)        
2025-07-15T19:13:34.9565874Z remote: Counting objects: 100% (4166/4166)        
2025-07-15T19:13:34.9567080Z remote: Counting objects: 100% (4166/4166), done.        
2025-07-15T19:13:34.9568295Z remote: Compressing objects:   0% (1/3727)        
2025-07-15T19:13:35.0088505Z remote: Compressing objects:   1% (38/3727)        
2025-07-15T19:13:35.0089935Z remote: Compressing objects:   2% (75/3727)        
2025-07-15T19:13:35.0091134Z remote: Compressing objects:   3% (112/3727)        
2025-07-15T19:13:35.0092359Z remote: Compressing objects:   4% (150/3727)        
2025-07-15T19:13:35.0093623Z remote: Compressing objects:   5% (187/3727)        
2025-07-15T19:13:35.0094881Z remote: Compressing objects:   6% (224/3727)        
2025-07-15T19:13:35.0096407Z remote: Compressing objects:   7% (261/3727)        
2025-07-15T19:13:35.0192559Z remote: Compressing objects:   8% (299/3727)        
2025-07-15T19:13:35.0764080Z remote: Compressing objects:   9% (336/3727)        
2025-07-15T19:13:35.0766343Z remote: Compressing objects:  10% (373/3727)        
2025-07-15T19:13:35.0767892Z remote: Compressing objects:  11% (410/3727)        
2025-07-15T19:13:35.0769405Z remote: Compressing objects:  12% (448/3727)        
2025-07-15T19:13:35.0770923Z remote: Compressing objects:  13% (485/3727)        
2025-07-15T19:13:35.0772696Z remote: Compressing objects:  14% (522/3727)        
2025-07-15T19:13:35.0870046Z remote: Compressing objects:  15% (560/3727)        
2025-07-15T19:13:35.1441074Z remote: Compressing objects:  16% (597/3727)        
2025-07-15T19:13:35.1442882Z remote: Compressing objects:  17% (634/3727)        
2025-07-15T19:13:35.1444512Z remote: Compressing objects:  18% (671/3727)        
2025-07-15T19:13:35.1446321Z remote: Compressing objects:  19% (709/3727)        
2025-07-15T19:13:35.1447594Z remote: Compressing objects:  20% (746/3727)        
2025-07-15T19:13:35.1448885Z remote: Compressing objects:  21% (783/3727)        
2025-07-15T19:13:35.1550363Z remote: Compressing objects:  22% (820/3727)        
2025-07-15T19:13:35.2145882Z remote: Compressing objects:  23% (858/3727)        
2025-07-15T19:13:35.2147771Z remote: Compressing objects:  24% (895/3727)        
2025-07-15T19:13:35.2149371Z remote: Compressing objects:  25% (932/3727)        
2025-07-15T19:13:35.2150984Z remote: Compressing objects:  26% (970/3727)        
2025-07-15T19:13:35.2152589Z remote: Compressing objects:  27% (1007/3727)        
2025-07-15T19:13:35.2226424Z remote: Compressing objects:  28% (1044/3727)        
2025-07-15T19:13:35.2797823Z remote: Compressing objects:  29% (1081/3727)        
2025-07-15T19:13:35.2799561Z remote: Compressing objects:  30% (1119/3727)        
2025-07-15T19:13:35.2801197Z remote: Compressing objects:  31% (1156/3727)        
2025-07-15T19:13:35.2802827Z remote: Compressing objects:  32% (1193/3727)        
2025-07-15T19:13:35.2804448Z remote: Compressing objects:  33% (1230/3727)        
2025-07-15T19:13:35.2806396Z remote: Compressing objects:  34% (1268/3727)        
2025-07-15T19:13:35.2906258Z remote: Compressing objects:  35% (1305/3727)        
2025-07-15T19:13:35.2907947Z remote: Compressing objects:  36% (1342/3727)        
2025-07-15T19:13:35.2909355Z remote: Compressing objects:  37% (1379/3727)        
2025-07-15T19:13:35.3477007Z remote: Compressing objects:  38% (1417/3727)        
2025-07-15T19:13:35.3479558Z remote: Compressing objects:  39% (1454/3727)        
2025-07-15T19:13:35.3480867Z remote: Compressing objects:  40% (1491/3727)        
2025-07-15T19:13:35.3482187Z remote: Compressing objects:  41% (1529/3727)        
2025-07-15T19:13:35.3483471Z remote: Compressing objects:  42% (1566/3727)        
2025-07-15T19:13:35.3484749Z remote: Compressing objects:  43% (1603/3727)        
2025-07-15T19:13:35.3486175Z remote: Compressing objects:  44% (1640/3727)        
2025-07-15T19:13:35.3581845Z remote: Compressing objects:  45% (1678/3727)        
2025-07-15T19:13:35.8467208Z remote: Compressing objects:  46% (1715/3727)        
2025-07-15T19:13:35.8468471Z remote: Compressing objects:  47% (1752/3727)        
2025-07-15T19:13:35.8468971Z remote: Compressing objects:  48% (1789/3727)        
2025-07-15T19:13:35.9133940Z remote: Compressing objects:  49% (1827/3727)        
2025-07-15T19:13:35.9811435Z remote: Compressing objects:  50% (1864/3727)        
2025-07-15T19:13:35.9812194Z remote: Compressing objects:  50% (1888/3727)        
2025-07-15T19:13:36.0487999Z remote: Compressing objects:  51% (1901/3727)        
2025-07-15T19:13:36.1165835Z remote: Compressing objects:  52% (1939/3727)        
2025-07-15T19:13:36.1842543Z remote: Compressing objects:  53% (1976/3727)        
2025-07-15T19:13:36.1843070Z remote: Compressing objects:  54% (2013/3727)        
2025-07-15T19:13:36.2526148Z remote: Compressing objects:  55% (2050/3727)        
2025-07-15T19:13:36.3200025Z remote: Compressing objects:  56% (2088/3727)        
2025-07-15T19:13:36.3200675Z remote: Compressing objects:  57% (2125/3727)        
2025-07-15T19:13:36.3877820Z remote: Compressing objects:  58% (2162/3727)        
2025-07-15T19:13:36.3878709Z remote: Compressing objects:  59% (2199/3727)        
2025-07-15T19:13:36.3879289Z remote: Compressing objects:  60% (2237/3727)        
2025-07-15T19:13:36.3879774Z remote: Compressing objects:  61% (2274/3727)        
2025-07-15T19:13:36.4554250Z remote: Compressing objects:  62% (2311/3727)        
2025-07-15T19:13:36.4554854Z remote: Compressing objects:  63% (2349/3727)        
2025-07-15T19:13:36.4555602Z remote: Compressing objects:  64% (2386/3727)        
2025-07-15T19:13:36.4556033Z remote: Compressing objects:  65% (2423/3727)        
2025-07-15T19:13:36.5234962Z remote: Compressing objects:  66% (2460/3727)        
2025-07-15T19:13:36.5235847Z remote: Compressing objects:  67% (2498/3727)        
2025-07-15T19:13:36.5236360Z remote: Compressing objects:  68% (2535/3727)        
2025-07-15T19:13:36.5236856Z remote: Compressing objects:  69% (2572/3727)        
2025-07-15T19:13:36.5237376Z remote: Compressing objects:  70% (2609/3727)        
2025-07-15T19:13:36.5238540Z remote: Compressing objects:  71% (2647/3727)        
2025-07-15T19:13:36.5239020Z remote: Compressing objects:  72% (2684/3727)        
2025-07-15T19:13:36.5873519Z remote: Compressing objects:  73% (2721/3727)        
2025-07-15T19:13:36.5874313Z remote: Compressing objects:  74% (2758/3727)        
2025-07-15T19:13:36.5875063Z remote: Compressing objects:  75% (2796/3727)        
2025-07-15T19:13:36.5875951Z remote: Compressing objects:  76% (2833/3727)        
2025-07-15T19:13:36.5876411Z remote: Compressing objects:  77% (2870/3727)        
2025-07-15T19:13:36.5877104Z remote: Compressing objects:  78% (2908/3727)        
2025-07-15T19:13:36.5877770Z remote: Compressing objects:  79% (2945/3727)        
2025-07-15T19:13:36.5878400Z remote: Compressing objects:  80% (2982/3727)        
2025-07-15T19:13:36.5878957Z remote: Compressing objects:  81% (3019/3727)        
2025-07-15T19:13:36.5879483Z remote: Compressing objects:  82% (3057/3727)        
2025-07-15T19:13:36.5879926Z remote: Compressing objects:  83% (3094/3727)        
2025-07-15T19:13:36.5880360Z remote: Compressing objects:  84% (3131/3727)        
2025-07-15T19:13:36.5880851Z remote: Compressing objects:  85% (3168/3727)        
2025-07-15T19:13:36.5881299Z remote: Compressing objects:  86% (3206/3727)        
2025-07-15T19:13:36.5881748Z remote: Compressing objects:  87% (3243/3727)        
2025-07-15T19:13:36.5882180Z remote: Compressing objects:  88% (3280/3727)        
2025-07-15T19:13:36.5882613Z remote: Compressing objects:  89% (3318/3727)        
2025-07-15T19:13:36.5882952Z remote: Compressing objects:  90% (3355/3727)        
2025-07-15T19:13:36.5883277Z remote: Compressing objects:  91% (3392/3727)        
2025-07-15T19:13:36.5883596Z remote: Compressing objects:  92% (3429/3727)        
2025-07-15T19:13:36.5916408Z remote: Compressing objects:  93% (3467/3727)        
2025-07-15T19:13:36.5917261Z remote: Compressing objects:  94% (3504/3727)        
2025-07-15T19:13:36.5917790Z remote: Compressing objects:  95% (3541/3727)        
2025-07-15T19:13:36.5918144Z remote: Compressing objects:  96% (3578/3727)        
2025-07-15T19:13:36.5918516Z remote: Compressing objects:  97% (3616/3727)        
2025-07-15T19:13:36.5918865Z remote: Compressing objects:  98% (3653/3727)        
2025-07-15T19:13:36.5919252Z remote: Compressing objects:  99% (3690/3727)        
2025-07-15T19:13:36.5919642Z remote: Compressing objects: 100% (3727/3727)        
2025-07-15T19:13:36.5920024Z remote: Compressing objects: 100% (3727/3727), done.        
2025-07-15T19:13:36.6297141Z Receiving objects:   0% (1/4166)
2025-07-15T19:13:36.6304518Z Receiving objects:   1% (42/4166)
2025-07-15T19:13:36.6688532Z Receiving objects:   2% (84/4166)
2025-07-15T19:13:36.6902419Z Receiving objects:   3% (125/4166)
2025-07-15T19:13:36.7033636Z Receiving objects:   4% (167/4166)
2025-07-15T19:13:36.7091794Z Receiving objects:   5% (209/4166)
2025-07-15T19:13:36.7117587Z Receiving objects:   6% (250/4166)
2025-07-15T19:13:36.7288685Z Receiving objects:   7% (292/4166)
2025-07-15T19:13:36.7325652Z Receiving objects:   8% (334/4166)
2025-07-15T19:13:36.7392618Z Receiving objects:   9% (375/4166)
2025-07-15T19:13:36.7461310Z Receiving objects:  10% (417/4166)
2025-07-15T19:13:36.7530775Z Receiving objects:  11% (459/4166)
2025-07-15T19:13:36.7562028Z Receiving objects:  12% (500/4166)
2025-07-15T19:13:36.7585652Z Receiving objects:  13% (542/4166)
2025-07-15T19:13:36.7592994Z Receiving objects:  14% (584/4166)
2025-07-15T19:13:36.7606291Z Receiving objects:  15% (625/4166)
2025-07-15T19:13:36.7616121Z Receiving objects:  16% (667/4166)
2025-07-15T19:13:36.7650048Z Receiving objects:  17% (709/4166)
2025-07-15T19:13:36.7677706Z Receiving objects:  18% (750/4166)
2025-07-15T19:13:36.7856582Z Receiving objects:  19% (792/4166)
2025-07-15T19:13:36.7898529Z Receiving objects:  20% (834/4166)
2025-07-15T19:13:36.7928666Z Receiving objects:  21% (875/4166)
2025-07-15T19:13:36.7999257Z Receiving objects:  22% (917/4166)
2025-07-15T19:13:36.8049127Z Receiving objects:  23% (959/4166)
2025-07-15T19:13:36.8087033Z Receiving objects:  24% (1000/4166)
2025-07-15T19:13:36.8098041Z Receiving objects:  25% (1042/4166)
2025-07-15T19:13:36.8114585Z Receiving objects:  26% (1084/4166)
2025-07-15T19:13:36.8127400Z Receiving objects:  27% (1125/4166)
2025-07-15T19:13:36.8145805Z Receiving objects:  28% (1167/4166)
2025-07-15T19:13:36.8190140Z Receiving objects:  29% (1209/4166)
2025-07-15T19:13:36.8218599Z Receiving objects:  30% (1250/4166)
2025-07-15T19:13:36.8259445Z Receiving objects:  31% (1292/4166)
2025-07-15T19:13:36.8292683Z Receiving objects:  32% (1334/4166)
2025-07-15T19:13:36.8318989Z Receiving objects:  33% (1375/4166)
2025-07-15T19:13:36.8346146Z Receiving objects:  34% (1417/4166)
2025-07-15T19:13:36.8373491Z Receiving objects:  35% (1459/4166)
2025-07-15T19:13:36.8410525Z Receiving objects:  36% (1500/4166)
2025-07-15T19:13:36.8440071Z Receiving objects:  37% (1542/4166)
2025-07-15T19:13:36.8464848Z Receiving objects:  38% (1584/4166)
2025-07-15T19:13:36.8503870Z Receiving objects:  39% (1625/4166)
2025-07-15T19:13:36.8535989Z Receiving objects:  40% (1667/4166)
2025-07-15T19:13:36.8568470Z Receiving objects:  41% (1709/4166)
2025-07-15T19:13:36.8604347Z Receiving objects:  42% (1750/4166)
2025-07-15T19:13:36.8667769Z Receiving objects:  43% (1792/4166)
2025-07-15T19:13:36.8716619Z Receiving objects:  44% (1834/4166)
2025-07-15T19:13:36.8844023Z Receiving objects:  45% (1875/4166)
2025-07-15T19:13:36.8877539Z Receiving objects:  46% (1917/4166)
2025-07-15T19:13:36.8922793Z Receiving objects:  47% (1959/4166)
2025-07-15T19:13:36.9009452Z Receiving objects:  48% (2000/4166)
2025-07-15T19:13:36.9036062Z Receiving objects:  49% (2042/4166)
2025-07-15T19:13:36.9062003Z Receiving objects:  50% (2083/4166)
2025-07-15T19:13:36.9116564Z Receiving objects:  51% (2125/4166)
2025-07-15T19:13:36.9160404Z Receiving objects:  52% (2167/4166)
2025-07-15T19:13:36.9204030Z Receiving objects:  53% (2208/4166)
2025-07-15T19:13:36.9229800Z Receiving objects:  54% (2250/4166)
2025-07-15T19:13:36.9263219Z Receiving objects:  55% (2292/4166)
2025-07-15T19:13:36.9292053Z Receiving objects:  56% (2333/4166)
2025-07-15T19:13:36.9340734Z Receiving objects:  57% (2375/4166)
2025-07-15T19:13:36.9365007Z Receiving objects:  58% (2417/4166)
2025-07-15T19:13:36.9389192Z Receiving objects:  59% (2458/4166)
2025-07-15T19:13:36.9402907Z Receiving objects:  60% (2500/4166)
2025-07-15T19:13:36.9467540Z Receiving objects:  61% (2542/4166)
2025-07-15T19:13:36.9507036Z Receiving objects:  62% (2583/4166)
2025-07-15T19:13:36.9548161Z Receiving objects:  63% (2625/4166)
2025-07-15T19:13:36.9620062Z Receiving objects:  64% (2667/4166)
2025-07-15T19:13:36.9658503Z Receiving objects:  65% (2708/4166)
2025-07-15T19:13:36.9704439Z Receiving objects:  66% (2750/4166)
2025-07-15T19:13:36.9770914Z Receiving objects:  67% (2792/4166)
2025-07-15T19:13:36.9816078Z Receiving objects:  68% (2833/4166)
2025-07-15T19:13:36.9848127Z Receiving objects:  69% (2875/4166)
2025-07-15T19:13:36.9949613Z Receiving objects:  70% (2917/4166)
2025-07-15T19:13:36.9989572Z Receiving objects:  71% (2958/4166)
2025-07-15T19:13:37.0024661Z Receiving objects:  72% (3000/4166)
2025-07-15T19:13:37.0044429Z Receiving objects:  73% (3042/4166)
2025-07-15T19:13:37.0060433Z Receiving objects:  74% (3083/4166)
2025-07-15T19:13:37.0071141Z Receiving objects:  75% (3125/4166)
2025-07-15T19:13:37.0094078Z Receiving objects:  76% (3167/4166)
2025-07-15T19:13:37.0147777Z Receiving objects:  77% (3208/4166)
2025-07-15T19:13:37.0253147Z Receiving objects:  78% (3250/4166)
2025-07-15T19:13:37.0300830Z Receiving objects:  79% (3292/4166)
2025-07-15T19:13:37.0333289Z Receiving objects:  80% (3333/4166)
2025-07-15T19:13:37.0354967Z Receiving objects:  81% (3375/4166)
2025-07-15T19:13:37.0378924Z Receiving objects:  82% (3417/4166)
2025-07-15T19:13:37.0385465Z Receiving objects:  83% (3458/4166)
2025-07-15T19:13:37.0392683Z Receiving objects:  84% (3500/4166)
2025-07-15T19:13:37.0403630Z Receiving objects:  85% (3542/4166)
2025-07-15T19:13:37.0410142Z Receiving objects:  86% (3583/4166)
2025-07-15T19:13:37.0415696Z Receiving objects:  87% (3625/4166)
2025-07-15T19:13:37.0421695Z Receiving objects:  88% (3667/4166)
2025-07-15T19:13:37.0424852Z Receiving objects:  89% (3708/4166)
2025-07-15T19:13:37.0432096Z Receiving objects:  90% (3750/4166)
2025-07-15T19:13:37.0449885Z Receiving objects:  91% (3792/4166)
2025-07-15T19:13:37.0457208Z Receiving objects:  92% (3833/4166)
2025-07-15T19:13:37.0473522Z Receiving objects:  93% (3875/4166)
2025-07-15T19:13:37.0476672Z Receiving objects:  94% (3917/4166)
2025-07-15T19:13:37.0522072Z Receiving objects:  95% (3958/4166)
2025-07-15T19:13:37.0545999Z Receiving objects:  96% (4000/4166)
2025-07-15T19:13:37.0606460Z Receiving objects:  97% (4042/4166)
2025-07-15T19:13:37.0643274Z Receiving objects:  98% (4083/4166)
2025-07-15T19:13:37.0682402Z Receiving objects:  99% (4125/4166)
2025-07-15T19:13:37.0683017Z remote: Total 4166 (delta 621), reused 3840 (delta 394), pack-reused 0 (from 0)        
2025-07-15T19:13:37.0700290Z Receiving objects: 100% (4166/4166)
2025-07-15T19:13:37.0700863Z Receiving objects: 100% (4166/4166), 14.00 MiB | 29.51 MiB/s, done.
2025-07-15T19:13:37.0706813Z Resolving deltas:   0% (0/621)
2025-07-15T19:13:37.0707216Z Resolving deltas:   1% (8/621)
2025-07-15T19:13:37.0707574Z Resolving deltas:   2% (13/621)
2025-07-15T19:13:37.0707955Z Resolving deltas:   3% (19/621)
2025-07-15T19:13:37.0710677Z Resolving deltas:   4% (25/621)
2025-07-15T19:13:37.0711606Z Resolving deltas:   5% (32/621)
2025-07-15T19:13:37.0713833Z Resolving deltas:   6% (38/621)
2025-07-15T19:13:37.0725890Z Resolving deltas:   7% (44/621)
2025-07-15T19:13:37.0727315Z Resolving deltas:   8% (50/621)
2025-07-15T19:13:37.0739034Z Resolving deltas:   9% (56/621)
2025-07-15T19:13:37.0739437Z Resolving deltas:  10% (63/621)
2025-07-15T19:13:37.0795008Z Resolving deltas:  11% (69/621)
2025-07-15T19:13:37.0802181Z Resolving deltas:  12% (75/621)
2025-07-15T19:13:37.0807407Z Resolving deltas:  13% (81/621)
2025-07-15T19:13:37.0828254Z Resolving deltas:  14% (87/621)
2025-07-15T19:13:37.0829225Z Resolving deltas:  15% (94/621)
2025-07-15T19:13:37.0830259Z Resolving deltas:  16% (100/621)
2025-07-15T19:13:37.0910399Z Resolving deltas:  17% (106/621)
2025-07-15T19:13:37.0917492Z Resolving deltas:  18% (112/621)
2025-07-15T19:13:37.0917994Z Resolving deltas:  19% (118/621)
2025-07-15T19:13:37.0918409Z Resolving deltas:  20% (125/621)
2025-07-15T19:13:37.0918792Z Resolving deltas:  21% (131/621)
2025-07-15T19:13:37.0919149Z Resolving deltas:  22% (137/621)
2025-07-15T19:13:37.0919510Z Resolving deltas:  23% (143/621)
2025-07-15T19:13:37.0919866Z Resolving deltas:  24% (150/621)
2025-07-15T19:13:37.0920218Z Resolving deltas:  25% (156/621)
2025-07-15T19:13:37.0920581Z Resolving deltas:  26% (162/621)
2025-07-15T19:13:37.0920937Z Resolving deltas:  27% (168/621)
2025-07-15T19:13:37.0921285Z Resolving deltas:  28% (174/621)
2025-07-15T19:13:37.0921655Z Resolving deltas:  29% (182/621)
2025-07-15T19:13:37.0922029Z Resolving deltas:  30% (187/621)
2025-07-15T19:13:37.0922392Z Resolving deltas:  31% (193/621)
2025-07-15T19:13:37.0922755Z Resolving deltas:  32% (199/621)
2025-07-15T19:13:37.0923118Z Resolving deltas:  33% (205/621)
2025-07-15T19:13:37.0923482Z Resolving deltas:  34% (212/621)
2025-07-15T19:13:37.0923902Z Resolving deltas:  35% (218/621)
2025-07-15T19:13:37.0924624Z Resolving deltas:  36% (224/621)
2025-07-15T19:13:37.0925001Z Resolving deltas:  37% (230/621)
2025-07-15T19:13:37.0934761Z Resolving deltas:  38% (236/621)
2025-07-15T19:13:37.0941205Z Resolving deltas:  39% (243/621)
2025-07-15T19:13:37.0947052Z Resolving deltas:  40% (249/621)
2025-07-15T19:13:37.0951989Z Resolving deltas:  41% (255/621)
2025-07-15T19:13:37.0956025Z Resolving deltas:  42% (261/621)
2025-07-15T19:13:37.0961719Z Resolving deltas:  43% (268/621)
2025-07-15T19:13:37.0968123Z Resolving deltas:  44% (274/621)
2025-07-15T19:13:37.0970057Z Resolving deltas:  45% (280/621)
2025-07-15T19:13:37.0986257Z Resolving deltas:  46% (286/621)
2025-07-15T19:13:37.0989648Z Resolving deltas:  47% (292/621)
2025-07-15T19:13:37.0993918Z Resolving deltas:  48% (299/621)
2025-07-15T19:13:37.0997969Z Resolving deltas:  49% (305/621)
2025-07-15T19:13:37.1005424Z Resolving deltas:  50% (311/621)
2025-07-15T19:13:37.1011092Z Resolving deltas:  51% (317/621)
2025-07-15T19:13:37.1017032Z Resolving deltas:  52% (323/621)
2025-07-15T19:13:37.1022420Z Resolving deltas:  53% (330/621)
2025-07-15T19:13:37.1024928Z Resolving deltas:  54% (336/621)
2025-07-15T19:13:37.1029683Z Resolving deltas:  55% (342/621)
2025-07-15T19:13:37.1038615Z Resolving deltas:  56% (348/621)
2025-07-15T19:13:37.1046141Z Resolving deltas:  57% (354/621)
2025-07-15T19:13:37.1049530Z Resolving deltas:  58% (361/621)
2025-07-15T19:13:37.1057323Z Resolving deltas:  59% (367/621)
2025-07-15T19:13:37.1063271Z Resolving deltas:  60% (373/621)
2025-07-15T19:13:37.1071835Z Resolving deltas:  61% (379/621)
2025-07-15T19:13:37.1077909Z Resolving deltas:  62% (386/621)
2025-07-15T19:13:37.1086242Z Resolving deltas:  63% (392/621)
2025-07-15T19:13:37.1091577Z Resolving deltas:  64% (398/621)
2025-07-15T19:13:37.1097162Z Resolving deltas:  65% (404/621)
2025-07-15T19:13:37.1099826Z Resolving deltas:  66% (410/621)
2025-07-15T19:13:37.1103969Z Resolving deltas:  67% (417/621)
2025-07-15T19:13:37.1109913Z Resolving deltas:  68% (423/621)
2025-07-15T19:13:37.1114476Z Resolving deltas:  69% (429/621)
2025-07-15T19:13:37.1118162Z Resolving deltas:  70% (435/621)
2025-07-15T19:13:37.1124026Z Resolving deltas:  71% (441/621)
2025-07-15T19:13:37.1128089Z Resolving deltas:  72% (448/621)
2025-07-15T19:13:37.1135518Z Resolving deltas:  73% (454/621)
2025-07-15T19:13:37.1144172Z Resolving deltas:  74% (460/621)
2025-07-15T19:13:37.1147476Z Resolving deltas:  75% (466/621)
2025-07-15T19:13:37.1152354Z Resolving deltas:  76% (472/621)
2025-07-15T19:13:37.1158206Z Resolving deltas:  77% (479/621)
2025-07-15T19:13:37.1167034Z Resolving deltas:  78% (485/621)
2025-07-15T19:13:37.1171342Z Resolving deltas:  79% (491/621)
2025-07-15T19:13:37.1174956Z Resolving deltas:  80% (497/621)
2025-07-15T19:13:37.1175775Z Resolving deltas:  81% (504/621)
2025-07-15T19:13:37.1179045Z Resolving deltas:  82% (510/621)
2025-07-15T19:13:37.1192803Z Resolving deltas:  83% (516/621)
2025-07-15T19:13:37.1215978Z Resolving deltas:  84% (522/621)
2025-07-15T19:13:37.1223446Z Resolving deltas:  85% (528/621)
2025-07-15T19:13:37.1226734Z Resolving deltas:  86% (535/621)
2025-07-15T19:13:37.1238125Z Resolving deltas:  87% (541/621)
2025-07-15T19:13:37.1243996Z Resolving deltas:  88% (547/621)
2025-07-15T19:13:37.1256667Z Resolving deltas:  89% (553/621)
2025-07-15T19:13:37.1262448Z Resolving deltas:  90% (559/621)
2025-07-15T19:13:37.1264543Z Resolving deltas:  91% (566/621)
2025-07-15T19:13:37.1265918Z Resolving deltas:  92% (572/621)
2025-07-15T19:13:37.1266974Z Resolving deltas:  93% (579/621)
2025-07-15T19:13:37.1268975Z Resolving deltas:  94% (584/621)
2025-07-15T19:13:37.1269424Z Resolving deltas:  95% (590/621)
2025-07-15T19:13:37.1270196Z Resolving deltas:  96% (597/621)
2025-07-15T19:13:37.1270572Z Resolving deltas:  97% (603/621)
2025-07-15T19:13:37.1270938Z Resolving deltas:  98% (609/621)
2025-07-15T19:13:37.1274169Z Resolving deltas:  99% (615/621)
2025-07-15T19:13:37.1275853Z Resolving deltas: 100% (621/621)
2025-07-15T19:13:37.1276244Z Resolving deltas: 100% (621/621), done.
2025-07-15T19:13:37.1454504Z From https://github.com/***/testing-CI-CD
2025-07-15T19:13:37.1455315Z  * [new ref]         12460485c37c966f594c9813e924a318103aec9e -> origin/main
2025-07-15T19:13:37.1481211Z ##[endgroup]
2025-07-15T19:13:37.1481682Z ##[group]Determining the checkout info
2025-07-15T19:13:37.1483412Z ##[endgroup]
2025-07-15T19:13:37.1483934Z ##[group]Checking out the ref
2025-07-15T19:13:37.1487663Z [command]/usr/bin/git checkout --progress --force -B main refs/remotes/origin/main
2025-07-15T19:13:37.5114371Z Switched to a new branch 'main'
2025-07-15T19:13:37.5116378Z branch 'main' set up to track 'origin/main'.
2025-07-15T19:13:37.5134374Z ##[endgroup]
2025-07-15T19:13:37.5169984Z [command]/usr/bin/git log -1 --format='%H'
2025-07-15T19:13:37.5192598Z '12460485c37c966f594c9813e924a318103aec9e'
2025-07-15T19:13:37.5400782Z ##[group]Run actions/setup-python@v4
2025-07-15T19:13:37.5401052Z with:
2025-07-15T19:13:37.5401231Z   python-version: 3.10
2025-07-15T19:13:37.5401436Z   check-latest: false
2025-07-15T19:13:37.5401783Z   token: ***
2025-07-15T19:13:37.5401977Z   update-environment: true
2025-07-15T19:13:37.5402200Z   allow-prereleases: false
2025-07-15T19:13:37.5402393Z ##[endgroup]
2025-07-15T19:13:37.7306010Z ##[group]Installed versions
2025-07-15T19:13:37.7430634Z Successfully set up CPython (3.10.18)
2025-07-15T19:13:37.7431301Z ##[endgroup]
2025-07-15T19:13:37.7540747Z ##[group]Run python -m pip install --upgrade pip
2025-07-15T19:13:37.7541179Z [36;1mpython -m pip install --upgrade pip[0m
2025-07-15T19:13:37.7541483Z [36;1mpip install -r requirements.txt[0m
2025-07-15T19:13:37.7656921Z shell: /usr/bin/bash -e {0}
2025-07-15T19:13:37.7657164Z env:
2025-07-15T19:13:37.7657415Z   pythonLocation: /opt/hostedtoolcache/Python/3.10.18/x64
2025-07-15T19:13:37.7657835Z   PKG_CONFIG_PATH: /opt/hostedtoolcache/Python/3.10.18/x64/lib/pkgconfig
2025-07-15T19:13:37.7658235Z   Python_ROOT_DIR: /opt/hostedtoolcache/Python/3.10.18/x64
2025-07-15T19:13:37.7658572Z   Python2_ROOT_DIR: /opt/hostedtoolcache/Python/3.10.18/x64
2025-07-15T19:13:37.7658938Z   Python3_ROOT_DIR: /opt/hostedtoolcache/Python/3.10.18/x64
2025-07-15T19:13:37.7659284Z   LD_LIBRARY_PATH: /opt/hostedtoolcache/Python/3.10.18/x64/lib
2025-07-15T19:13:37.7659568Z ##[endgroup]
2025-07-15T19:13:39.9607717Z Requirement already satisfied: pip in /opt/hostedtoolcache/Python/3.10.18/x64/lib/python3.10/site-packages (25.1.1)
2025-07-15T19:13:40.5868433Z Collecting Flask==3.1.0 (from -r requirements.txt (line 1))
2025-07-15T19:13:40.6200664Z   Downloading flask-3.1.0-py3-none-any.whl.metadata (2.7 kB)
2025-07-15T19:13:40.6359861Z Collecting Flask-PyMongo==3.0.1 (from -r requirements.txt (line 2))
2025-07-15T19:13:40.6405980Z   Downloading flask_pymongo-3.0.1-py3-none-any.whl.metadata (3.5 kB)
2025-07-15T19:13:40.6946987Z Collecting pytest==8.2.1 (from -r requirements.txt (line 3))
2025-07-15T19:13:40.6992797Z   Downloading pytest-8.2.1-py3-none-any.whl.metadata (7.6 kB)
2025-07-15T19:13:40.7173350Z Collecting blinker==1.9.0 (from -r requirements.txt (line 4))
2025-07-15T19:13:40.7204439Z   Downloading blinker-1.9.0-py3-none-any.whl.metadata (1.6 kB)
2025-07-15T19:13:40.7437373Z Collecting certifi==2025.7.14 (from -r requirements.txt (line 5))
2025-07-15T19:13:40.7470509Z   Downloading certifi-2025.7.14-py3-none-any.whl.metadata (2.4 kB)
2025-07-15T19:13:40.8420472Z Collecting charset-normalizer==3.4.2 (from -r requirements.txt (line 6))
2025-07-15T19:13:40.8454831Z   Downloading charset_normalizer-3.4.2-cp310-cp310-manylinux_2_17_x86_64.manylinux2014_x86_64.whl.metadata (35 kB)
2025-07-15T19:13:40.8789487Z Collecting click==8.2.1 (from -r requirements.txt (line 7))
2025-07-15T19:13:40.8825549Z   Downloading click-8.2.1-py3-none-any.whl.metadata (2.5 kB)
2025-07-15T19:13:40.8971720Z Collecting dnspython==2.7.0 (from -r requirements.txt (line 8))
2025-07-15T19:13:40.9004372Z   Downloading dnspython-2.7.0-py3-none-any.whl.metadata (5.8 kB)
2025-07-15T19:13:40.9182512Z Collecting idna==3.10 (from -r requirements.txt (line 9))
2025-07-15T19:13:40.9216961Z   Downloading idna-3.10-py3-none-any.whl.metadata (10 kB)
2025-07-15T19:13:40.9341748Z Collecting itsdangerous==2.2.0 (from -r requirements.txt (line 10))
2025-07-15T19:13:40.9374636Z   Downloading itsdangerous-2.2.0-py3-none-any.whl.metadata (1.9 kB)
2025-07-15T19:13:40.9534520Z Collecting Jinja2==3.1.6 (from -r requirements.txt (line 11))
2025-07-15T19:13:40.9567572Z   Downloading jinja2-3.1.6-py3-none-any.whl.metadata (2.9 kB)
2025-07-15T19:13:41.0237465Z Collecting MarkupSafe==3.0.2 (from -r requirements.txt (line 12))
2025-07-15T19:13:41.0272059Z   Downloading MarkupSafe-3.0.2-cp310-cp310-manylinux_2_17_x86_64.manylinux2014_x86_64.whl.metadata (4.0 kB)
2025-07-15T19:13:41.0390560Z Collecting paho-mqtt==2.1.0 (from -r requirements.txt (line 13))
2025-07-15T19:13:41.0429176Z   Downloading paho_mqtt-2.1.0-py3-none-any.whl.metadata (23 kB)
2025-07-15T19:13:41.3716841Z Collecting pymongo==4.13.2 (from -r requirements.txt (line 14))
2025-07-15T19:13:41.3765865Z   Downloading pymongo-4.13.2-cp310-cp310-manylinux_2_17_x86_64.manylinux2014_x86_64.whl.metadata (22 kB)
2025-07-15T19:13:41.3996929Z Collecting python-dotenv==1.1.1 (from -r requirements.txt (line 15))
2025-07-15T19:13:41.4029784Z   Downloading python_dotenv-1.1.1-py3-none-any.whl.metadata (24 kB)
2025-07-15T19:13:41.4307122Z Collecting requests==2.32.4 (from -r requirements.txt (line 16))
2025-07-15T19:13:41.4339742Z   Downloading requests-2.32.4-py3-none-any.whl.metadata (4.9 kB)
2025-07-15T19:13:41.4592636Z Collecting urllib3==2.5.0 (from -r requirements.txt (line 17))
2025-07-15T19:13:41.4628362Z   Downloading urllib3-2.5.0-py3-none-any.whl.metadata (6.5 kB)
2025-07-15T19:13:41.4861278Z Collecting Werkzeug==3.1.3 (from -r requirements.txt (line 18))
2025-07-15T19:13:41.4894375Z   Downloading werkzeug-3.1.3-py3-none-any.whl.metadata (3.7 kB)
2025-07-15T19:13:41.4997744Z Collecting autodevops-cli==0.1.1 (from -r requirements.txt (line 19))
2025-07-15T19:13:41.5040833Z   Downloading autodevops_cli-0.1.1-py3-none-any.whl.metadata (494 bytes)
2025-07-15T19:13:41.5132213Z Collecting iniconfig==2.1.0 (from -r requirements.txt (line 20))
2025-07-15T19:13:41.5165516Z   Downloading iniconfig-2.1.0-py3-none-any.whl.metadata (2.7 kB)
2025-07-15T19:13:41.5279338Z Collecting loguru==0.7.3 (from -r requirements.txt (line 21))
2025-07-15T19:13:41.5315281Z   Downloading loguru-0.7.3-py3-none-any.whl.metadata (22 kB)
2025-07-15T19:13:41.5542055Z Collecting markdown-it-py==3.0.0 (from -r requirements.txt (line 22))
2025-07-15T19:13:41.5576056Z   Downloading markdown_it_py-3.0.0-py3-none-any.whl.metadata (6.9 kB)
2025-07-15T19:13:41.5714554Z Collecting mdurl==0.1.2 (from -r requirements.txt (line 23))
2025-07-15T19:13:41.5748376Z   Downloading mdurl-0.1.2-py3-none-any.whl.metadata (1.6 kB)
2025-07-15T19:13:41.5885716Z Collecting mongomock==4.3.0 (from -r requirements.txt (line 24))
2025-07-15T19:13:41.5930826Z   Downloading mongomock-4.3.0-py2.py3-none-any.whl.metadata (12 kB)
2025-07-15T19:13:41.6101435Z Collecting packaging==25.0 (from -r requirements.txt (line 25))
2025-07-15T19:13:41.6137248Z   Downloading packaging-25.0-py3-none-any.whl.metadata (3.3 kB)
2025-07-15T19:13:41.6257211Z Collecting pluggy==1.6.0 (from -r requirements.txt (line 26))
2025-07-15T19:13:41.6289300Z   Downloading pluggy-1.6.0-py3-none-any.whl.metadata (4.8 kB)
2025-07-15T19:13:41.6488025Z Collecting Pygments==2.19.2 (from -r requirements.txt (line 27))
2025-07-15T19:13:41.6521061Z   Downloading pygments-2.19.2-py3-none-any.whl.metadata (2.5 kB)
2025-07-15T19:13:41.6902833Z Collecting pytz==2025.2 (from -r requirements.txt (line 28))
2025-07-15T19:13:41.6940954Z   Downloading pytz-2025.2-py2.py3-none-any.whl.metadata (22 kB)
2025-07-15T19:13:41.7345957Z Collecting rich==14.0.0 (from -r requirements.txt (line 29))
2025-07-15T19:13:41.7381116Z   Downloading rich-14.0.0-py3-none-any.whl.metadata (18 kB)
2025-07-15T19:13:41.7493135Z Collecting sentinels==1.0.0 (from -r requirements.txt (line 30))
2025-07-15T19:13:41.7540070Z   Downloading sentinels-1.0.0.tar.gz (4.1 kB)
2025-07-15T19:13:41.7661332Z   Installing build dependencies: started
2025-07-15T19:13:42.5941460Z   Installing build dependencies: finished with status 'done'
2025-07-15T19:13:42.5949148Z   Getting requirements to build wheel: started
2025-07-15T19:13:42.9705723Z   Getting requirements to build wheel: finished with status 'done'
2025-07-15T19:13:42.9716127Z   Preparing metadata (pyproject.toml): started
2025-07-15T19:13:43.1546107Z   Preparing metadata (pyproject.toml): finished with status 'done'
2025-07-15T19:13:43.1699409Z Collecting sh==2.2.2 (from -r requirements.txt (line 31))
2025-07-15T19:13:43.1740656Z   Downloading sh-2.2.2-py3-none-any.whl.metadata (3.7 kB)
2025-07-15T19:13:43.2132010Z Collecting exceptiongroup>=1.0.0rc8 (from pytest==8.2.1->-r requirements.txt (line 3))
2025-07-15T19:13:43.2166129Z   Downloading exceptiongroup-1.3.0-py3-none-any.whl.metadata (6.7 kB)
2025-07-15T19:13:43.2335612Z Collecting tomli>=1 (from pytest==8.2.1->-r requirements.txt (line 3))
2025-07-15T19:13:43.2368527Z   Downloading tomli-2.2.1-py3-none-any.whl.metadata (10 kB)
2025-07-15T19:13:43.3130004Z Collecting typing-extensions<5.0,>=4.0.0 (from rich==14.0.0->-r requirements.txt (line 29))
2025-07-15T19:13:43.3163135Z   Downloading typing_extensions-4.14.1-py3-none-any.whl.metadata (3.0 kB)
2025-07-15T19:13:43.3355359Z Downloading flask-3.1.0-py3-none-any.whl (102 kB)
2025-07-15T19:13:43.3433359Z Downloading flask_pymongo-3.0.1-py3-none-any.whl (11 kB)
2025-07-15T19:13:43.3536183Z Downloading pytest-8.2.1-py3-none-any.whl (339 kB)
2025-07-15T19:13:43.3612044Z Downloading pluggy-1.6.0-py3-none-any.whl (20 kB)
2025-07-15T19:13:43.3675790Z Downloading blinker-1.9.0-py3-none-any.whl (8.5 kB)
2025-07-15T19:13:43.3732354Z Downloading certifi-2025.7.14-py3-none-any.whl (162 kB)
2025-07-15T19:13:43.3794961Z Downloading charset_normalizer-3.4.2-cp310-cp310-manylinux_2_17_x86_64.manylinux2014_x86_64.whl (149 kB)
2025-07-15T19:13:43.3861859Z Downloading click-8.2.1-py3-none-any.whl (102 kB)
2025-07-15T19:13:43.3920921Z Downloading dnspython-2.7.0-py3-none-any.whl (313 kB)
2025-07-15T19:13:43.3985055Z Downloading idna-3.10-py3-none-any.whl (70 kB)
2025-07-15T19:13:43.4042192Z Downloading itsdangerous-2.2.0-py3-none-any.whl (16 kB)
2025-07-15T19:13:43.4095941Z Downloading jinja2-3.1.6-py3-none-any.whl (134 kB)
2025-07-15T19:13:43.4156787Z Downloading MarkupSafe-3.0.2-cp310-cp310-manylinux_2_17_x86_64.manylinux2014_x86_64.whl (20 kB)
2025-07-15T19:13:43.4224144Z Downloading paho_mqtt-2.1.0-py3-none-any.whl (67 kB)
2025-07-15T19:13:43.4584202Z Downloading pymongo-4.13.2-cp310-cp310-manylinux_2_17_x86_64.manylinux2014_x86_64.whl (1.2 MB)
2025-07-15T19:13:43.4690039Z    ━━━━━━━━━━━━━━━━━━━━━━━━━━━━━━━━━━━━━━━━ 1.2/1.2 MB 122.5 MB/s eta 0:00:00
2025-07-15T19:13:43.4723456Z Downloading python_dotenv-1.1.1-py3-none-any.whl (20 kB)
2025-07-15T19:13:43.4818184Z Downloading requests-2.32.4-py3-none-any.whl (64 kB)
2025-07-15T19:13:43.4931934Z Downloading urllib3-2.5.0-py3-none-any.whl (129 kB)
2025-07-15T19:13:43.4993011Z Downloading werkzeug-3.1.3-py3-none-any.whl (224 kB)
2025-07-15T19:13:43.5071559Z Downloading autodevops_cli-0.1.1-py3-none-any.whl (4.1 kB)
2025-07-15T19:13:43.5124635Z Downloading iniconfig-2.1.0-py3-none-any.whl (6.0 kB)
2025-07-15T19:13:43.5181123Z Downloading loguru-0.7.3-py3-none-any.whl (61 kB)
2025-07-15T19:13:43.5239189Z Downloading markdown_it_py-3.0.0-py3-none-any.whl (87 kB)
2025-07-15T19:13:43.5306321Z Downloading mdurl-0.1.2-py3-none-any.whl (10.0 kB)
2025-07-15T19:13:43.5371214Z Downloading mongomock-4.3.0-py2.py3-none-any.whl (64 kB)
2025-07-15T19:13:43.5432551Z Downloading packaging-25.0-py3-none-any.whl (66 kB)
2025-07-15T19:13:43.5496611Z Downloading pygments-2.19.2-py3-none-any.whl (1.2 MB)
2025-07-15T19:13:43.5582373Z    ━━━━━━━━━━━━━━━━━━━━━━━━━━━━━━━━━━━━━━━━ 1.2/1.2 MB 161.8 MB/s eta 0:00:00
2025-07-15T19:13:43.5616981Z Downloading pytz-2025.2-py2.py3-none-any.whl (509 kB)
2025-07-15T19:13:43.5687409Z Downloading rich-14.0.0-py3-none-any.whl (243 kB)
2025-07-15T19:13:43.5763476Z Downloading sh-2.2.2-py3-none-any.whl (38 kB)
2025-07-15T19:13:43.5822437Z Downloading typing_extensions-4.14.1-py3-none-any.whl (43 kB)
2025-07-15T19:13:43.5939790Z Downloading exceptiongroup-1.3.0-py3-none-any.whl (16 kB)
2025-07-15T19:13:43.5995497Z Downloading tomli-2.2.1-py3-none-any.whl (14 kB)
2025-07-15T19:13:43.6348267Z Building wheels for collected packages: sentinels
2025-07-15T19:13:43.6357563Z   Building wheel for sentinels (pyproject.toml): started
2025-07-15T19:13:43.8322604Z   Building wheel for sentinels (pyproject.toml): finished with status 'done'
2025-07-15T19:13:43.8328912Z   Created wheel for sentinels: filename=sentinels-1.0.0-py3-none-any.whl size=3229 sha256=9eee95e13719a47c74b7817e8191f8adb004cdca6c1d94e17d378addb7eb9de2
2025-07-15T19:13:43.8331041Z   Stored in directory: /home/runner/.cache/pip/wheels/26/bc/eb/67e56405e0684b3d8c011cf4d18129c41be394775fd5ba2347
2025-07-15T19:13:43.8347322Z Successfully built sentinels
2025-07-15T19:13:43.9092213Z Installing collected packages: sentinels, pytz, urllib3, typing-extensions, tomli, sh, python-dotenv, Pygments, pluggy, paho-mqtt, packaging, mdurl, MarkupSafe, loguru, itsdangerous, iniconfig, idna, dnspython, click, charset-normalizer, certifi, blinker, Werkzeug, requests, pymongo, mongomock, markdown-it-py, Jinja2, exceptiongroup, rich, pytest, Flask, Flask-PyMongo, autodevops-cli
2025-07-15T19:13:46.3758578Z 
2025-07-15T19:13:46.3818253Z Successfully installed Flask-3.1.0 Flask-PyMongo-3.0.1 Jinja2-3.1.6 MarkupSafe-3.0.2 Pygments-2.19.2 Werkzeug-3.1.3 autodevops-cli-0.1.1 blinker-1.9.0 certifi-2025.7.14 charset-normalizer-3.4.2 click-8.2.1 dnspython-2.7.0 exceptiongroup-1.3.0 idna-3.10 iniconfig-2.1.0 itsdangerous-2.2.0 loguru-0.7.3 markdown-it-py-3.0.0 mdurl-0.1.2 mongomock-4.3.0 packaging-25.0 paho-mqtt-2.1.0 pluggy-1.6.0 pymongo-4.13.2 pytest-8.2.1 python-dotenv-1.1.1 pytz-2025.2 requests-2.32.4 rich-14.0.0 sentinels-1.0.0 sh-2.2.2 tomli-2.2.1 typing-extensions-4.14.1 urllib3-2.5.0
2025-07-15T19:13:46.5087305Z ##[group]Run export PYTHONPATH=.
2025-07-15T19:13:46.5087675Z [36;1mexport PYTHONPATH=.[0m
2025-07-15T19:13:46.5088074Z [36;1mpytest test_main.py -v[0m
2025-07-15T19:13:46.5119963Z shell: /usr/bin/bash -e {0}
2025-07-15T19:13:46.5120192Z env:
2025-07-15T19:13:46.5120437Z   pythonLocation: /opt/hostedtoolcache/Python/3.10.18/x64
2025-07-15T19:13:46.5120844Z   PKG_CONFIG_PATH: /opt/hostedtoolcache/Python/3.10.18/x64/lib/pkgconfig
2025-07-15T19:13:46.5121226Z   Python_ROOT_DIR: /opt/hostedtoolcache/Python/3.10.18/x64
2025-07-15T19:13:46.5121559Z   Python2_ROOT_DIR: /opt/hostedtoolcache/Python/3.10.18/x64
2025-07-15T19:13:46.5121901Z   Python3_ROOT_DIR: /opt/hostedtoolcache/Python/3.10.18/x64
2025-07-15T19:13:46.5122245Z   LD_LIBRARY_PATH: /opt/hostedtoolcache/Python/3.10.18/x64/lib
2025-07-15T19:13:46.5122535Z ##[endgroup]
2025-07-15T19:13:46.8780102Z ============================= test session starts ==============================
2025-07-15T19:13:46.8781375Z platform linux -- Python 3.10.18, pytest-8.2.1, pluggy-1.6.0 -- /opt/hostedtoolcache/Python/3.10.18/x64/bin/python
2025-07-15T19:13:46.8782618Z cachedir: .pytest_cache
2025-07-15T19:13:46.8783364Z rootdir: /home/runner/work/testing-CI-CD/testing-CI-CD
2025-07-15T19:13:47.2140654Z collecting ... collected 7 items
2025-07-15T19:13:47.2141110Z 
2025-07-15T19:13:47.2268158Z test_main.py::test_home_page PASSED                                      [ 14%]
2025-07-15T19:13:47.2420054Z test_main.py::test_admin_dashboard PASSED                                [ 28%]
2025-07-15T19:13:47.2484494Z test_main.py::test_student_dashboard PASSED                              [ 42%]
2025-07-15T19:13:47.2527910Z test_main.py::test_generate_attendance_no_input PASSED                   [ 57%]
2025-07-15T19:13:47.2571074Z test_main.py::test_student_generate_attendance_invalid PASSED            [ 71%]
2025-07-15T19:13:47.2631885Z test_main.py::test_register_user_get PASSED                              [ 85%]
2025-07-15T19:13:47.2689827Z test_main.py::test_receive_rfid_missing PASSED                           [100%]
2025-07-15T19:13:47.2690480Z 
2025-07-15T19:13:47.2690731Z ============================== 7 passed in 0.39s ===============================
2025-07-15T19:13:47.3096077Z ##[group]Run docker/login-action@v3
2025-07-15T19:13:47.3096350Z with:
2025-07-15T19:13:47.3096647Z   username: ***
2025-07-15T19:13:47.3096898Z   password: ***
2025-07-15T19:13:47.3097071Z   ecr: auto
2025-07-15T19:13:47.3097237Z   logout: true
2025-07-15T19:13:47.3097400Z env:
2025-07-15T19:13:47.3097627Z   pythonLocation: /opt/hostedtoolcache/Python/3.10.18/x64
2025-07-15T19:13:47.3098023Z   PKG_CONFIG_PATH: /opt/hostedtoolcache/Python/3.10.18/x64/lib/pkgconfig
2025-07-15T19:13:47.3098417Z   Python_ROOT_DIR: /opt/hostedtoolcache/Python/3.10.18/x64
2025-07-15T19:13:47.3098764Z   Python2_ROOT_DIR: /opt/hostedtoolcache/Python/3.10.18/x64
2025-07-15T19:13:47.3099097Z   Python3_ROOT_DIR: /opt/hostedtoolcache/Python/3.10.18/x64
2025-07-15T19:13:47.3099437Z   LD_LIBRARY_PATH: /opt/hostedtoolcache/Python/3.10.18/x64/lib
2025-07-15T19:13:47.3099724Z ##[endgroup]
2025-07-15T19:13:47.5901262Z Logging into Docker Hub...
2025-07-15T19:13:48.3844235Z Login Succeeded!
2025-07-15T19:13:48.3981863Z ##[group]Run docker build -t ***/flask-ci-cd-demo .
2025-07-15T19:13:48.3982302Z [36;1mdocker build -t ***/flask-ci-cd-demo .[0m
2025-07-15T19:13:48.4009958Z shell: /usr/bin/bash -e {0}
2025-07-15T19:13:48.4010177Z env:
2025-07-15T19:13:48.4010420Z   pythonLocation: /opt/hostedtoolcache/Python/3.10.18/x64
2025-07-15T19:13:48.4010821Z   PKG_CONFIG_PATH: /opt/hostedtoolcache/Python/3.10.18/x64/lib/pkgconfig
2025-07-15T19:13:48.4011210Z   Python_ROOT_DIR: /opt/hostedtoolcache/Python/3.10.18/x64
2025-07-15T19:13:48.4011549Z   Python2_ROOT_DIR: /opt/hostedtoolcache/Python/3.10.18/x64
2025-07-15T19:13:48.4011873Z   Python3_ROOT_DIR: /opt/hostedtoolcache/Python/3.10.18/x64
2025-07-15T19:13:48.4012215Z   LD_LIBRARY_PATH: /opt/hostedtoolcache/Python/3.10.18/x64/lib
2025-07-15T19:13:48.4012503Z ##[endgroup]
2025-07-15T19:13:48.9090993Z #0 building with "default" instance using docker driver
2025-07-15T19:13:48.9091479Z 
2025-07-15T19:13:48.9091827Z #1 [internal] load build definition from Dockerfile
2025-07-15T19:13:48.9092262Z #1 transferring dockerfile: 798B done
2025-07-15T19:13:48.9092562Z #1 DONE 0.0s
2025-07-15T19:13:48.9092705Z 
2025-07-15T19:13:48.9092906Z #2 [internal] load metadata for docker.io/library/python:3.10-slim
2025-07-15T19:13:49.1346027Z #2 ...
2025-07-15T19:13:49.1346235Z 
2025-07-15T19:13:49.1346512Z #3 [auth] library/python:pull token for registry-1.docker.io
2025-07-15T19:13:49.1347001Z #3 DONE 0.0s
2025-07-15T19:13:49.2830957Z 
2025-07-15T19:13:49.2831318Z #2 [internal] load metadata for docker.io/library/python:3.10-slim
2025-07-15T19:13:49.7388141Z #2 DONE 1.0s
2025-07-15T19:13:49.8581875Z 
2025-07-15T19:13:49.8582570Z #4 [internal] load .dockerignore
2025-07-15T19:13:49.8610709Z #4 transferring context: 2B done
2025-07-15T19:13:49.8611140Z #4 DONE 0.0s
2025-07-15T19:13:49.8611337Z 
2025-07-15T19:13:49.8611932Z #5 [1/6] FROM docker.io/library/python:3.10-slim@sha256:9dd6774a1276178f94b0cc1fb1f0edd980825d0ea7634847af9940b1b6273c13
2025-07-15T19:13:49.8613299Z #5 resolve docker.io/library/python:3.10-slim@sha256:9dd6774a1276178f94b0cc1fb1f0edd980825d0ea7634847af9940b1b6273c13 done
2025-07-15T19:13:49.8614536Z #5 sha256:9dd6774a1276178f94b0cc1fb1f0edd980825d0ea7634847af9940b1b6273c13 9.13kB / 9.13kB done
2025-07-15T19:13:49.8615971Z #5 sha256:c5dbd5ba857839a0aa9db765ea519c1514a40da811b4cf08c852b72fab4379d5 1.75kB / 1.75kB done
2025-07-15T19:13:49.8617039Z #5 sha256:563dffbdc42507a70677ee28b4bb678ad9074e3c9f75e3043523a38dcdf4f553 5.37kB / 5.37kB done
2025-07-15T19:13:49.8618171Z #5 sha256:3da95a905ed546f99c4564407923a681757d89651a388ec3f1f5e9bf5ed0b39d 0B / 28.23MB 0.1s
2025-07-15T19:13:49.8619190Z #5 sha256:0ebcc011f0ec7a9a900f7366b104730396a59032e64f04f3867a75f25ed48280 0B / 3.51MB 0.1s
2025-07-15T19:13:49.8620221Z #5 sha256:92d63ec5cbeb1348bad42929919fd8e78f38d96e388b5509d2929d76ddafb48e 0B / 15.65MB 0.1s
2025-07-15T19:13:49.9611364Z #5 sha256:3da95a905ed546f99c4564407923a681757d89651a388ec3f1f5e9bf5ed0b39d 13.63MB / 28.23MB 0.2s
2025-07-15T19:13:50.1380993Z #5 sha256:3da95a905ed546f99c4564407923a681757d89651a388ec3f1f5e9bf5ed0b39d 28.23MB / 28.23MB 0.3s
2025-07-15T19:13:50.1391416Z #5 sha256:0ebcc011f0ec7a9a900f7366b104730396a59032e64f04f3867a75f25ed48280 3.51MB / 3.51MB 0.2s done
2025-07-15T19:13:50.1398108Z #5 sha256:92d63ec5cbeb1348bad42929919fd8e78f38d96e388b5509d2929d76ddafb48e 7.34MB / 15.65MB 0.3s
2025-07-15T19:13:50.1399433Z #5 sha256:64b78282ca88b226c404cb8dfdee72b75eea52c9ac7380c0439b6e03992e483f 0B / 248B 0.3s
2025-07-15T19:13:50.1401383Z #5 extracting sha256:3da95a905ed546f99c4564407923a681757d89651a388ec3f1f5e9bf5ed0b39d
2025-07-15T19:13:50.2474149Z #5 sha256:3da95a905ed546f99c4564407923a681757d89651a388ec3f1f5e9bf5ed0b39d 28.23MB / 28.23MB 0.3s done
2025-07-15T19:13:50.2479730Z #5 sha256:92d63ec5cbeb1348bad42929919fd8e78f38d96e388b5509d2929d76ddafb48e 15.65MB / 15.65MB 0.4s done
2025-07-15T19:13:50.2482602Z #5 sha256:64b78282ca88b226c404cb8dfdee72b75eea52c9ac7380c0439b6e03992e483f 248B / 248B 0.3s done
2025-07-15T19:13:50.3477131Z #5 ...
2025-07-15T19:13:50.3477738Z 
2025-07-15T19:13:50.3478013Z #6 [internal] load build context
2025-07-15T19:13:50.3478691Z #6 transferring context: 64.64MB 0.6s done
2025-07-15T19:13:50.3479132Z #6 DONE 0.6s
2025-07-15T19:13:50.3479314Z 
2025-07-15T19:13:50.3479873Z #5 [1/6] FROM docker.io/library/python:3.10-slim@sha256:9dd6774a1276178f94b0cc1fb1f0edd980825d0ea7634847af9940b1b6273c13
2025-07-15T19:13:51.2438599Z #5 extracting sha256:3da95a905ed546f99c4564407923a681757d89651a388ec3f1f5e9bf5ed0b39d 1.1s done
2025-07-15T19:13:51.3860578Z #5 extracting sha256:0ebcc011f0ec7a9a900f7366b104730396a59032e64f04f3867a75f25ed48280 0.1s
2025-07-15T19:13:51.5412212Z #5 extracting sha256:0ebcc011f0ec7a9a900f7366b104730396a59032e64f04f3867a75f25ed48280 0.1s done
2025-07-15T19:13:51.8408423Z #5 extracting sha256:92d63ec5cbeb1348bad42929919fd8e78f38d96e388b5509d2929d76ddafb48e
2025-07-15T19:13:52.5191687Z #5 extracting sha256:92d63ec5cbeb1348bad42929919fd8e78f38d96e388b5509d2929d76ddafb48e 0.6s done
2025-07-15T19:13:52.5192985Z #5 extracting sha256:64b78282ca88b226c404cb8dfdee72b75eea52c9ac7380c0439b6e03992e483f
2025-07-15T19:13:52.7041122Z #5 extracting sha256:64b78282ca88b226c404cb8dfdee72b75eea52c9ac7380c0439b6e03992e483f done
2025-07-15T19:13:52.7041656Z #5 DONE 2.8s
2025-07-15T19:13:52.7041787Z 
2025-07-15T19:13:52.7042284Z #7 [2/6] RUN apt-get update &&     apt-get install -y --no-install-recommends     build-essential     curl     nano     git     && rm -rf /var/lib/apt/lists/*
2025-07-15T19:13:52.7102283Z #7 0.157 Get:1 http://deb.debian.org/debian bookworm InRelease [151 kB]
2025-07-15T19:13:52.8202745Z #7 0.164 Get:2 http://deb.debian.org/debian bookworm-updates InRelease [55.4 kB]
2025-07-15T19:13:52.8203962Z #7 0.165 Get:3 http://deb.debian.org/debian-security bookworm-security InRelease [48.0 kB]
2025-07-15T19:13:52.8204852Z #7 0.217 Get:4 http://deb.debian.org/debian bookworm/main amd64 Packages [8793 kB]
2025-07-15T19:13:52.8205852Z #7 0.267 Get:5 http://deb.debian.org/debian bookworm-updates/main amd64 Packages [756 B]
2025-07-15T19:13:53.0134800Z #7 0.310 Get:6 http://deb.debian.org/debian-security bookworm-security/main amd64 Packages [272 kB]
2025-07-15T19:13:53.5618554Z #7 1.008 Fetched 9320 kB in 1s (10.8 MB/s)
2025-07-15T19:13:53.9253187Z #7 1.008 Reading package lists...
2025-07-15T19:13:54.3053531Z #7 1.388 Reading package lists...
2025-07-15T19:13:54.4794586Z #7 1.761 Building dependency tree...
2025-07-15T19:13:54.4796724Z #7 1.838 Reading state information...
2025-07-15T19:13:54.4797312Z #7 1.926 The following additional packages will be installed:
2025-07-15T19:13:54.4798111Z #7 1.926   binutils binutils-common binutils-x86-64-linux-gnu bzip2 cpp cpp-12 dpkg-dev
2025-07-15T19:13:54.6307990Z #7 1.926   g++ g++-12 gcc gcc-12 git-man libasan8 libatomic1 libbinutils libbrotli1
2025-07-15T19:13:54.6308908Z #7 1.926   libc-dev-bin libc6-dev libcc1-0 libcrypt-dev libctf-nobfd0 libctf0
2025-07-15T19:13:54.6309882Z #7 1.926   libcurl3-gnutls libcurl4 libdpkg-perl liberror-perl libexpat1 libgcc-12-dev
2025-07-15T19:13:54.6311117Z #7 1.926   libgdbm-compat4 libgomp1 libgprofng0 libisl23 libitm1 libjansson4
2025-07-15T19:13:54.6311781Z #7 1.926   libldap-2.5-0 liblsan0 libmpc3 libmpfr6 libnghttp2-14 libnsl-dev libperl5.36
2025-07-15T19:13:54.6312351Z #7 1.926   libpsl5 libquadmath0 librtmp1 libsasl2-2 libsasl2-modules-db libssh2-1
2025-07-15T19:13:54.6312919Z #7 1.927   libstdc++-12-dev libtirpc-dev libtsan2 libubsan1 linux-libc-dev make patch
2025-07-15T19:13:54.6313403Z #7 1.927   perl perl-modules-5.36 rpcsvc-proto xz-utils
2025-07-15T19:13:54.6313726Z #7 1.927 Suggested packages:
2025-07-15T19:13:54.6314117Z #7 1.927   binutils-doc bzip2-doc cpp-doc gcc-12-locales cpp-12-doc debian-keyring
2025-07-15T19:13:54.6314668Z #7 1.927   g++-multilib g++-12-multilib gcc-12-doc gcc-multilib manpages-dev autoconf
2025-07-15T19:13:54.6315368Z #7 1.927   automake libtool flex bison gdb gcc-doc gcc-12-multilib gettext-base
2025-07-15T19:13:54.6315910Z #7 1.927   git-daemon-run | git-daemon-sysvinit git-doc git-email git-gui gitk gitweb
2025-07-15T19:13:54.6316679Z #7 1.927   git-cvs git-mediawiki git-svn glibc-doc gnupg | sq | sqop | pgpainless-cli
2025-07-15T19:13:54.6317243Z #7 1.927   sensible-utils bzr libstdc++-12-doc make-doc hunspell ed diffutils-doc
2025-07-15T19:13:54.6317779Z #7 1.927   perl-doc libterm-readline-gnu-perl | libterm-readline-perl-perl
2025-07-15T19:13:54.6318204Z #7 1.927   libtap-harness-archive-perl
2025-07-15T19:13:54.6318504Z #7 1.927 Recommended packages:
2025-07-15T19:13:54.6318894Z #7 1.927   fakeroot gnupg | sq | sqop | pgpainless-cli libalgorithm-merge-perl less
2025-07-15T19:13:54.6319448Z #7 1.927   ssh-client manpages manpages-dev libc-devtools libfile-fcntllock-perl
2025-07-15T19:13:54.6320007Z #7 1.927   liblocale-gettext-perl libldap-common publicsuffix libsasl2-modules
2025-07-15T19:13:54.7204198Z #7 2.167 The following NEW packages will be installed:
2025-07-15T19:13:54.7204982Z #7 2.167   binutils binutils-common binutils-x86-64-linux-gnu build-essential bzip2 cpp
2025-07-15T19:13:54.8638476Z #7 2.167   cpp-12 curl dpkg-dev g++ g++-12 gcc gcc-12 git git-man libasan8 libatomic1
2025-07-15T19:13:54.8639890Z #7 2.167   libbinutils libbrotli1 libc-dev-bin libc6-dev libcc1-0 libcrypt-dev
2025-07-15T19:13:54.8640529Z #7 2.167   libctf-nobfd0 libctf0 libcurl3-gnutls libcurl4 libdpkg-perl liberror-perl
2025-07-15T19:13:54.8641146Z #7 2.167   libexpat1 libgcc-12-dev libgdbm-compat4 libgomp1 libgprofng0 libisl23
2025-07-15T19:13:54.8641752Z #7 2.167   libitm1 libjansson4 libldap-2.5-0 liblsan0 libmpc3 libmpfr6 libnghttp2-14
2025-07-15T19:13:54.8642332Z #7 2.167   libnsl-dev libperl5.36 libpsl5 libquadmath0 librtmp1 libsasl2-2
2025-07-15T19:13:54.8642898Z #7 2.167   libsasl2-modules-db libssh2-1 libstdc++-12-dev libtirpc-dev libtsan2
2025-07-15T19:13:54.8643515Z #7 2.168   libubsan1 linux-libc-dev make nano patch perl perl-modules-5.36 rpcsvc-proto
2025-07-15T19:13:54.8643989Z #7 2.168   xz-utils
2025-07-15T19:13:54.8644328Z #7 2.310 0 upgraded, 62 newly installed, 0 to remove and 0 not upgraded.
2025-07-15T19:13:54.8644743Z #7 2.310 Need to get 85.7 MB of archives.
2025-07-15T19:13:54.8645365Z #7 2.310 After this operation, 370 MB of additional disk space will be used.
2025-07-15T19:13:54.8646025Z #7 2.310 Get:1 http://deb.debian.org/debian bookworm/main amd64 perl-modules-5.36 all 5.36.0-7+deb12u2 [2815 kB]
2025-07-15T19:13:54.9896602Z #7 2.331 Get:2 http://deb.debian.org/debian bookworm/main amd64 libgdbm-compat4 amd64 1.23-3 [48.2 kB]
2025-07-15T19:13:54.9898375Z #7 2.331 Get:3 http://deb.debian.org/debian bookworm/main amd64 libperl5.36 amd64 5.36.0-7+deb12u2 [4207 kB]
2025-07-15T19:13:54.9899368Z #7 2.346 Get:4 http://deb.debian.org/debian bookworm/main amd64 perl amd64 5.36.0-7+deb12u2 [239 kB]
2025-07-15T19:13:54.9900293Z #7 2.349 Get:5 http://deb.debian.org/debian bookworm/main amd64 nano amd64 7.2-1+deb12u1 [690 kB]
2025-07-15T19:13:54.9901552Z #7 2.354 Get:6 http://deb.debian.org/debian bookworm/main amd64 bzip2 amd64 1.0.8-5+b1 [49.8 kB]
2025-07-15T19:13:54.9902719Z #7 2.356 Get:7 http://deb.debian.org/debian bookworm/main amd64 xz-utils amd64 5.4.1-1 [471 kB]
2025-07-15T19:13:54.9904166Z #7 2.359 Get:8 http://deb.debian.org/debian bookworm/main amd64 binutils-common amd64 2.40-2 [2487 kB]
2025-07-15T19:13:54.9905300Z #7 2.368 Get:9 http://deb.debian.org/debian bookworm/main amd64 libbinutils amd64 2.40-2 [572 kB]
2025-07-15T19:13:54.9906248Z #7 2.370 Get:10 http://deb.debian.org/debian bookworm/main amd64 libctf-nobfd0 amd64 2.40-2 [153 kB]
2025-07-15T19:13:54.9907195Z #7 2.371 Get:11 http://deb.debian.org/debian bookworm/main amd64 libctf0 amd64 2.40-2 [89.8 kB]
2025-07-15T19:13:54.9908137Z #7 2.371 Get:12 http://deb.debian.org/debian bookworm/main amd64 libgprofng0 amd64 2.40-2 [812 kB]
2025-07-15T19:13:54.9909095Z #7 2.374 Get:13 http://deb.debian.org/debian bookworm/main amd64 libjansson4 amd64 2.14-2 [40.8 kB]
2025-07-15T19:13:54.9910141Z #7 2.375 Get:14 http://deb.debian.org/debian bookworm/main amd64 binutils-x86-64-linux-gnu amd64 2.40-2 [2246 kB]
2025-07-15T19:13:54.9911370Z #7 2.383 Get:15 http://deb.debian.org/debian bookworm/main amd64 binutils amd64 2.40-2 [65.0 kB]
2025-07-15T19:13:54.9912393Z #7 2.383 Get:16 http://deb.debian.org/debian bookworm/main amd64 libc-dev-bin amd64 2.36-9+deb12u10 [47.1 kB]
2025-07-15T19:13:54.9913570Z #7 2.383 Get:17 http://deb.debian.org/debian-security bookworm-security/main amd64 linux-libc-dev amd64 6.1.140-1 [2145 kB]
2025-07-15T19:13:54.9914652Z #7 2.387 Get:18 http://deb.debian.org/debian bookworm/main amd64 libcrypt-dev amd64 1:4.4.33-2 [118 kB]
2025-07-15T19:13:54.9915772Z #7 2.388 Get:19 http://deb.debian.org/debian bookworm/main amd64 libtirpc-dev amd64 1.3.3+ds-1 [191 kB]
2025-07-15T19:13:54.9916681Z #7 2.389 Get:20 http://deb.debian.org/debian bookworm/main amd64 libnsl-dev amd64 1.3.0-2 [66.4 kB]
2025-07-15T19:13:54.9917589Z #7 2.389 Get:21 http://deb.debian.org/debian bookworm/main amd64 rpcsvc-proto amd64 1.4.3-1 [63.3 kB]
2025-07-15T19:13:54.9918540Z #7 2.390 Get:22 http://deb.debian.org/debian bookworm/main amd64 libc6-dev amd64 2.36-9+deb12u10 [1903 kB]
2025-07-15T19:13:54.9919453Z #7 2.397 Get:23 http://deb.debian.org/debian bookworm/main amd64 libisl23 amd64 0.25-1.1 [683 kB]
2025-07-15T19:13:54.9920315Z #7 2.399 Get:24 http://deb.debian.org/debian bookworm/main amd64 libmpfr6 amd64 4.2.0-1 [701 kB]
2025-07-15T19:13:54.9921180Z #7 2.402 Get:25 http://deb.debian.org/debian bookworm/main amd64 libmpc3 amd64 1.3.1-1 [51.5 kB]
2025-07-15T19:13:54.9922063Z #7 2.402 Get:26 http://deb.debian.org/debian bookworm/main amd64 cpp-12 amd64 12.2.0-14+deb12u1 [9768 kB]
2025-07-15T19:13:54.9922958Z #7 2.436 Get:27 http://deb.debian.org/debian bookworm/main amd64 cpp amd64 4:12.2.0-3 [6836 B]
2025-07-15T19:13:55.0967224Z #7 2.436 Get:28 http://deb.debian.org/debian bookworm/main amd64 libcc1-0 amd64 12.2.0-14+deb12u1 [41.7 kB]
2025-07-15T19:13:55.0969219Z #7 2.437 Get:29 http://deb.debian.org/debian bookworm/main amd64 libgomp1 amd64 12.2.0-14+deb12u1 [116 kB]
2025-07-15T19:13:55.0970260Z #7 2.437 Get:30 http://deb.debian.org/debian bookworm/main amd64 libitm1 amd64 12.2.0-14+deb12u1 [26.1 kB]
2025-07-15T19:13:55.0971311Z #7 2.438 Get:31 http://deb.debian.org/debian bookworm/main amd64 libatomic1 amd64 12.2.0-14+deb12u1 [9376 B]
2025-07-15T19:13:55.0972315Z #7 2.439 Get:32 http://deb.debian.org/debian bookworm/main amd64 libasan8 amd64 12.2.0-14+deb12u1 [2193 kB]
2025-07-15T19:13:55.0973249Z #7 2.446 Get:33 http://deb.debian.org/debian bookworm/main amd64 liblsan0 amd64 12.2.0-14+deb12u1 [969 kB]
2025-07-15T19:13:55.0974223Z #7 2.450 Get:34 http://deb.debian.org/debian bookworm/main amd64 libtsan2 amd64 12.2.0-14+deb12u1 [2197 kB]
2025-07-15T19:13:55.0975366Z #7 2.457 Get:35 http://deb.debian.org/debian bookworm/main amd64 libubsan1 amd64 12.2.0-14+deb12u1 [883 kB]
2025-07-15T19:13:55.0976378Z #7 2.461 Get:36 http://deb.debian.org/debian bookworm/main amd64 libquadmath0 amd64 12.2.0-14+deb12u1 [145 kB]
2025-07-15T19:13:55.0977425Z #7 2.462 Get:37 http://deb.debian.org/debian bookworm/main amd64 libgcc-12-dev amd64 12.2.0-14+deb12u1 [2437 kB]
2025-07-15T19:13:55.0978592Z #7 2.470 Get:38 http://deb.debian.org/debian bookworm/main amd64 gcc-12 amd64 12.2.0-14+deb12u1 [19.3 MB]
2025-07-15T19:13:55.0979503Z #7 2.536 Get:39 http://deb.debian.org/debian bookworm/main amd64 gcc amd64 4:12.2.0-3 [5216 B]
2025-07-15T19:13:55.0980437Z #7 2.536 Get:40 http://deb.debian.org/debian bookworm/main amd64 libstdc++-12-dev amd64 12.2.0-14+deb12u1 [2047 kB]
2025-07-15T19:13:55.0981438Z #7 2.543 Get:41 http://deb.debian.org/debian bookworm/main amd64 g++-12 amd64 12.2.0-14+deb12u1 [10.7 MB]
2025-07-15T19:13:55.2878330Z #7 2.580 Get:42 http://deb.debian.org/debian bookworm/main amd64 g++ amd64 4:12.2.0-3 [1356 B]
2025-07-15T19:13:55.2879459Z #7 2.580 Get:43 http://deb.debian.org/debian bookworm/main amd64 make amd64 4.3-4.1 [396 kB]
2025-07-15T19:13:55.2880538Z #7 2.582 Get:44 http://deb.debian.org/debian bookworm/main amd64 libdpkg-perl all 1.21.22 [603 kB]
2025-07-15T19:13:55.2881705Z #7 2.584 Get:45 http://deb.debian.org/debian bookworm/main amd64 patch amd64 2.7.6-7 [128 kB]
2025-07-15T19:13:55.2882842Z #7 2.585 Get:46 http://deb.debian.org/debian bookworm/main amd64 dpkg-dev all 1.21.22 [1353 kB]
2025-07-15T19:13:55.2883651Z #7 2.589 Get:47 http://deb.debian.org/debian bookworm/main amd64 build-essential amd64 12.9 [7704 B]
2025-07-15T19:13:55.2884472Z #7 2.590 Get:48 http://deb.debian.org/debian bookworm/main amd64 libbrotli1 amd64 1.0.9-2+b6 [275 kB]
2025-07-15T19:13:55.2885631Z #7 2.591 Get:49 http://deb.debian.org/debian bookworm/main amd64 libsasl2-modules-db amd64 2.1.28+dfsg-10 [20.3 kB]
2025-07-15T19:13:55.2886552Z #7 2.591 Get:50 http://deb.debian.org/debian bookworm/main amd64 libsasl2-2 amd64 2.1.28+dfsg-10 [59.7 kB]
2025-07-15T19:13:55.2887496Z #7 2.592 Get:51 http://deb.debian.org/debian bookworm/main amd64 libldap-2.5-0 amd64 2.5.13+dfsg-5 [183 kB]
2025-07-15T19:13:55.2888828Z #7 2.592 Get:52 http://deb.debian.org/debian bookworm/main amd64 libnghttp2-14 amd64 1.52.0-1+deb12u2 [73.0 kB]
2025-07-15T19:13:55.2889685Z #7 2.593 Get:53 http://deb.debian.org/debian bookworm/main amd64 libpsl5 amd64 0.21.2-1 [58.7 kB]
2025-07-15T19:13:55.2890582Z #7 2.593 Get:54 http://deb.debian.org/debian bookworm/main amd64 librtmp1 amd64 2.4+20151223.gitfa8646d.1-2+b2 [60.8 kB]
2025-07-15T19:13:55.2891487Z #7 2.594 Get:55 http://deb.debian.org/debian bookworm/main amd64 libssh2-1 amd64 1.10.0-3+b1 [179 kB]
2025-07-15T19:13:55.2892276Z #7 2.595 Get:56 http://deb.debian.org/debian bookworm/main amd64 libcurl4 amd64 7.88.1-10+deb12u12 [391 kB]
2025-07-15T19:13:55.2892859Z #7 2.596 Get:57 http://deb.debian.org/debian bookworm/main amd64 curl amd64 7.88.1-10+deb12u12 [315 kB]
2025-07-15T19:13:55.2893555Z #7 2.598 Get:58 http://deb.debian.org/debian bookworm/main amd64 libcurl3-gnutls amd64 7.88.1-10+deb12u12 [386 kB]
2025-07-15T19:13:55.2894304Z #7 2.599 Get:59 http://deb.debian.org/debian bookworm/main amd64 libexpat1 amd64 2.5.0-1+deb12u1 [98.9 kB]
2025-07-15T19:13:55.2894962Z #7 2.600 Get:60 http://deb.debian.org/debian bookworm/main amd64 liberror-perl all 0.17029-2 [29.0 kB]
2025-07-15T19:13:55.2895736Z #7 2.600 Get:61 http://deb.debian.org/debian bookworm/main amd64 git-man all 1:2.39.5-0+deb12u2 [2053 kB]
2025-07-15T19:13:55.2896383Z #7 2.608 Get:62 http://deb.debian.org/debian bookworm/main amd64 git amd64 1:2.39.5-0+deb12u2 [7260 kB]
2025-07-15T19:13:55.2896987Z #7 2.734 debconf: delaying package configuration, since apt-utils is not installed
2025-07-15T19:13:55.4790518Z #7 2.753 Fetched 85.7 MB in 0s (187 MB/s)
2025-07-15T19:13:55.4791196Z #7 2.768 Selecting previously unselected package perl-modules-5.36.
2025-07-15T19:13:55.4791778Z #7 2.768 (Reading database ... 
2025-07-15T19:13:55.4792154Z (Reading database ... 5%
2025-07-15T19:13:55.4792517Z (Reading database ... 10%
2025-07-15T19:13:55.4792879Z (Reading database ... 15%
2025-07-15T19:13:55.4793226Z (Reading database ... 20%
2025-07-15T19:13:55.4793561Z (Reading database ... 25%
2025-07-15T19:13:55.4793903Z (Reading database ... 30%
2025-07-15T19:13:55.4794239Z (Reading database ... 35%
2025-07-15T19:13:55.4794587Z (Reading database ... 40%
2025-07-15T19:13:55.4795515Z (Reading database ... 45%
2025-07-15T19:13:55.4795862Z (Reading database ... 50%
2025-07-15T19:13:55.4796200Z (Reading database ... 55%
2025-07-15T19:13:55.4796551Z (Reading database ... 60%
2025-07-15T19:13:55.4796900Z (Reading database ... 65%
2025-07-15T19:13:55.4797260Z (Reading database ... 70%
2025-07-15T19:13:55.4797602Z (Reading database ... 75%
2025-07-15T19:13:55.4797939Z (Reading database ... 80%
2025-07-15T19:13:55.4798287Z (Reading database ... 85%
2025-07-15T19:13:55.4798631Z (Reading database ... 90%
2025-07-15T19:13:55.4798974Z (Reading database ... 95%
2025-07-15T19:13:55.4799336Z (Reading database ... 100%
2025-07-15T19:13:55.4799843Z (Reading database ... 6688 files and directories currently installed.)
2025-07-15T19:13:55.4800582Z #7 2.774 Preparing to unpack .../00-perl-modules-5.36_5.36.0-7+deb12u2_all.deb ...
2025-07-15T19:13:55.4801279Z #7 2.775 Unpacking perl-modules-5.36 (5.36.0-7+deb12u2) ...
2025-07-15T19:13:55.6191481Z #7 3.065 Selecting previously unselected package libgdbm-compat4:amd64.
2025-07-15T19:13:55.7949426Z #7 3.067 Preparing to unpack .../01-libgdbm-compat4_1.23-3_amd64.deb ...
2025-07-15T19:13:55.7950098Z #7 3.070 Unpacking libgdbm-compat4:amd64 (1.23-3) ...
2025-07-15T19:13:55.7950699Z #7 3.089 Selecting previously unselected package libperl5.36:amd64.
2025-07-15T19:13:55.7951436Z #7 3.090 Preparing to unpack .../02-libperl5.36_5.36.0-7+deb12u2_amd64.deb ...
2025-07-15T19:13:55.7952094Z #7 3.091 Unpacking libperl5.36:amd64 (5.36.0-7+deb12u2) ...
2025-07-15T19:13:55.9212116Z #7 3.368 Selecting previously unselected package perl.
2025-07-15T19:13:56.0281753Z #7 3.369 Preparing to unpack .../03-perl_5.36.0-7+deb12u2_amd64.deb ...
2025-07-15T19:13:56.0282171Z #7 3.375 Unpacking perl (5.36.0-7+deb12u2) ...
2025-07-15T19:13:56.0282515Z #7 3.411 Selecting previously unselected package nano.
2025-07-15T19:13:56.0282893Z #7 3.412 Preparing to unpack .../04-nano_7.2-1+deb12u1_amd64.deb ...
2025-07-15T19:13:56.0283230Z #7 3.414 Unpacking nano (7.2-1+deb12u1) ...
2025-07-15T19:13:56.0283585Z #7 3.475 Selecting previously unselected package bzip2.
2025-07-15T19:13:56.2519425Z #7 3.476 Preparing to unpack .../05-bzip2_1.0.8-5+b1_amd64.deb ...
2025-07-15T19:13:56.2520026Z #7 3.477 Unpacking bzip2 (1.0.8-5+b1) ...
2025-07-15T19:13:56.2520412Z #7 3.497 Selecting previously unselected package xz-utils.
2025-07-15T19:13:56.2520789Z #7 3.498 Preparing to unpack .../06-xz-utils_5.4.1-1_amd64.deb ...
2025-07-15T19:13:56.2521110Z #7 3.499 Unpacking xz-utils (5.4.1-1) ...
2025-07-15T19:13:56.2521580Z #7 3.546 Selecting previously unselected package binutils-common:amd64.
2025-07-15T19:13:56.2522002Z #7 3.547 Preparing to unpack .../07-binutils-common_2.40-2_amd64.deb ...
2025-07-15T19:13:56.2522461Z #7 3.548 Unpacking binutils-common:amd64 (2.40-2) ...
2025-07-15T19:13:56.2659760Z #7 3.712 Selecting previously unselected package libbinutils:amd64.
2025-07-15T19:13:56.3748309Z #7 3.714 Preparing to unpack .../08-libbinutils_2.40-2_amd64.deb ...
2025-07-15T19:13:56.3748931Z #7 3.715 Unpacking libbinutils:amd64 (2.40-2) ...
2025-07-15T19:13:56.3749515Z #7 3.766 Selecting previously unselected package libctf-nobfd0:amd64.
2025-07-15T19:13:56.3750190Z #7 3.768 Preparing to unpack .../09-libctf-nobfd0_2.40-2_amd64.deb ...
2025-07-15T19:13:56.3750768Z #7 3.769 Unpacking libctf-nobfd0:amd64 (2.40-2) ...
2025-07-15T19:13:56.3751342Z #7 3.797 Selecting previously unselected package libctf0:amd64.
2025-07-15T19:13:56.3752024Z #7 3.798 Preparing to unpack .../10-libctf0_2.40-2_amd64.deb ...
2025-07-15T19:13:56.3752640Z #7 3.799 Unpacking libctf0:amd64 (2.40-2) ...
2025-07-15T19:13:56.3753289Z #7 3.821 Selecting previously unselected package libgprofng0:amd64.
2025-07-15T19:13:56.6211020Z #7 3.822 Preparing to unpack .../11-libgprofng0_2.40-2_amd64.deb ...
2025-07-15T19:13:56.6211458Z #7 3.823 Unpacking libgprofng0:amd64 (2.40-2) ...
2025-07-15T19:13:56.6211847Z #7 3.893 Selecting previously unselected package libjansson4:amd64.
2025-07-15T19:13:56.6212299Z #7 3.895 Preparing to unpack .../12-libjansson4_2.14-2_amd64.deb ...
2025-07-15T19:13:56.6212914Z #7 3.896 Unpacking libjansson4:amd64 (2.14-2) ...
2025-07-15T19:13:56.6213318Z #7 3.915 Selecting previously unselected package binutils-x86-64-linux-gnu.
2025-07-15T19:13:56.6213812Z #7 3.916 Preparing to unpack .../13-binutils-x86-64-linux-gnu_2.40-2_amd64.deb ...
2025-07-15T19:13:56.6214251Z #7 3.917 Unpacking binutils-x86-64-linux-gnu (2.40-2) ...
2025-07-15T19:13:56.6377208Z #7 4.084 Selecting previously unselected package binutils.
2025-07-15T19:13:56.8356649Z #7 4.086 Preparing to unpack .../14-binutils_2.40-2_amd64.deb ...
2025-07-15T19:13:56.8357265Z #7 4.087 Unpacking binutils (2.40-2) ...
2025-07-15T19:13:56.8357797Z #7 4.110 Selecting previously unselected package libc-dev-bin.
2025-07-15T19:13:56.8358497Z #7 4.111 Preparing to unpack .../15-libc-dev-bin_2.36-9+deb12u10_amd64.deb ...
2025-07-15T19:13:56.8359119Z #7 4.112 Unpacking libc-dev-bin (2.36-9+deb12u10) ...
2025-07-15T19:13:56.8360099Z #7 4.130 Selecting previously unselected package linux-libc-dev:amd64.
2025-07-15T19:13:56.8360864Z #7 4.130 Preparing to unpack .../16-linux-libc-dev_6.1.140-1_amd64.deb ...
2025-07-15T19:13:56.8361487Z #7 4.131 Unpacking linux-libc-dev:amd64 (6.1.140-1) ...
2025-07-15T19:13:56.8824627Z #7 4.329 Selecting previously unselected package libcrypt-dev:amd64.
2025-07-15T19:13:56.9946225Z #7 4.330 Preparing to unpack .../17-libcrypt-dev_1%3a4.4.33-2_amd64.deb ...
2025-07-15T19:13:56.9946904Z #7 4.336 Unpacking libcrypt-dev:amd64 (1:4.4.33-2) ...
2025-07-15T19:13:56.9947617Z #7 4.361 Selecting previously unselected package libtirpc-dev:amd64.
2025-07-15T19:13:56.9948078Z #7 4.362 Preparing to unpack .../18-libtirpc-dev_1.3.3+ds-1_amd64.deb ...
2025-07-15T19:13:56.9948449Z #7 4.364 Unpacking libtirpc-dev:amd64 (1.3.3+ds-1) ...
2025-07-15T19:13:56.9948791Z #7 4.392 Selecting previously unselected package libnsl-dev:amd64.
2025-07-15T19:13:56.9949184Z #7 4.393 Preparing to unpack .../19-libnsl-dev_1.3.0-2_amd64.deb ...
2025-07-15T19:13:56.9949555Z #7 4.394 Unpacking libnsl-dev:amd64 (1.3.0-2) ...
2025-07-15T19:13:56.9949889Z #7 4.416 Selecting previously unselected package rpcsvc-proto.
2025-07-15T19:13:56.9950269Z #7 4.417 Preparing to unpack .../20-rpcsvc-proto_1.4.3-1_amd64.deb ...
2025-07-15T19:13:56.9950601Z #7 4.418 Unpacking rpcsvc-proto (1.4.3-1) ...
2025-07-15T19:13:56.9950926Z #7 4.441 Selecting previously unselected package libc6-dev:amd64.
2025-07-15T19:13:57.1438487Z #7 4.442 Preparing to unpack .../21-libc6-dev_2.36-9+deb12u10_amd64.deb ...
2025-07-15T19:13:57.1438982Z #7 4.443 Unpacking libc6-dev:amd64 (2.36-9+deb12u10) ...
2025-07-15T19:13:57.1439379Z #7 4.590 Selecting previously unselected package libisl23:amd64.
2025-07-15T19:13:57.2546552Z #7 4.592 Preparing to unpack .../22-libisl23_0.25-1.1_amd64.deb ...
2025-07-15T19:13:57.2546987Z #7 4.594 Unpacking libisl23:amd64 (0.25-1.1) ...
2025-07-15T19:13:57.2547359Z #7 4.656 Selecting previously unselected package libmpfr6:amd64.
2025-07-15T19:13:57.2547799Z #7 4.658 Preparing to unpack .../23-libmpfr6_4.2.0-1_amd64.deb ...
2025-07-15T19:13:57.2548183Z #7 4.659 Unpacking libmpfr6:amd64 (4.2.0-1) ...
2025-07-15T19:13:57.2548546Z #7 4.701 Selecting previously unselected package libmpc3:amd64.
2025-07-15T19:13:57.4289990Z #7 4.702 Preparing to unpack .../24-libmpc3_1.3.1-1_amd64.deb ...
2025-07-15T19:13:57.4290595Z #7 4.704 Unpacking libmpc3:amd64 (1.3.1-1) ...
2025-07-15T19:13:57.4291122Z #7 4.723 Selecting previously unselected package cpp-12.
2025-07-15T19:13:57.4291753Z #7 4.724 Preparing to unpack .../25-cpp-12_12.2.0-14+deb12u1_amd64.deb ...
2025-07-15T19:13:57.4292336Z #7 4.725 Unpacking cpp-12 (12.2.0-14+deb12u1) ...
2025-07-15T19:13:57.7689941Z #7 5.215 Selecting previously unselected package cpp.
2025-07-15T19:13:57.8853184Z #7 5.217 Preparing to unpack .../26-cpp_4%3a12.2.0-3_amd64.deb ...
2025-07-15T19:13:57.8853735Z #7 5.218 Unpacking cpp (4:12.2.0-3) ...
2025-07-15T19:13:57.8854241Z #7 5.237 Selecting previously unselected package libcc1-0:amd64.
2025-07-15T19:13:57.8855841Z #7 5.238 Preparing to unpack .../27-libcc1-0_12.2.0-14+deb12u1_amd64.deb ...
2025-07-15T19:13:57.8856467Z #7 5.239 Unpacking libcc1-0:amd64 (12.2.0-14+deb12u1) ...
2025-07-15T19:13:57.8857050Z #7 5.261 Selecting previously unselected package libgomp1:amd64.
2025-07-15T19:13:57.8857726Z #7 5.261 Preparing to unpack .../28-libgomp1_12.2.0-14+deb12u1_amd64.deb ...
2025-07-15T19:13:57.8858365Z #7 5.263 Unpacking libgomp1:amd64 (12.2.0-14+deb12u1) ...
2025-07-15T19:13:57.8858958Z #7 5.288 Selecting previously unselected package libitm1:amd64.
2025-07-15T19:13:57.8859626Z #7 5.289 Preparing to unpack .../29-libitm1_12.2.0-14+deb12u1_amd64.deb ...
2025-07-15T19:13:57.8860261Z #7 5.290 Unpacking libitm1:amd64 (12.2.0-14+deb12u1) ...
2025-07-15T19:13:57.8860870Z #7 5.309 Selecting previously unselected package libatomic1:amd64.
2025-07-15T19:13:57.8861534Z #7 5.310 Preparing to unpack .../30-libatomic1_12.2.0-14+deb12u1_amd64.deb ...
2025-07-15T19:13:57.8862149Z #7 5.314 Unpacking libatomic1:amd64 (12.2.0-14+deb12u1) ...
2025-07-15T19:13:57.8862969Z #7 5.332 Selecting previously unselected package libasan8:amd64.
2025-07-15T19:13:58.0382251Z #7 5.333 Preparing to unpack .../31-libasan8_12.2.0-14+deb12u1_amd64.deb ...
2025-07-15T19:13:58.0382951Z #7 5.334 Unpacking libasan8:amd64 (12.2.0-14+deb12u1) ...
2025-07-15T19:13:58.0443099Z #7 5.491 Selecting previously unselected package liblsan0:amd64.
2025-07-15T19:13:58.2738568Z #7 5.492 Preparing to unpack .../32-liblsan0_12.2.0-14+deb12u1_amd64.deb ...
2025-07-15T19:13:58.2739018Z #7 5.494 Unpacking liblsan0:amd64 (12.2.0-14+deb12u1) ...
2025-07-15T19:13:58.2739409Z #7 5.570 Selecting previously unselected package libtsan2:amd64.
2025-07-15T19:13:58.2739829Z #7 5.571 Preparing to unpack .../33-libtsan2_12.2.0-14+deb12u1_amd64.deb ...
2025-07-15T19:13:58.2740209Z #7 5.572 Unpacking libtsan2:amd64 (12.2.0-14+deb12u1) ...
2025-07-15T19:13:58.2740569Z #7 5.720 Selecting previously unselected package libubsan1:amd64.
2025-07-15T19:13:58.3749235Z #7 5.722 Preparing to unpack .../34-libubsan1_12.2.0-14+deb12u1_amd64.deb ...
2025-07-15T19:13:58.3749906Z #7 5.723 Unpacking libubsan1:amd64 (12.2.0-14+deb12u1) ...
2025-07-15T19:13:58.3750425Z #7 5.794 Selecting previously unselected package libquadmath0:amd64.
2025-07-15T19:13:58.3750953Z #7 5.795 Preparing to unpack .../35-libquadmath0_12.2.0-14+deb12u1_amd64.deb ...
2025-07-15T19:13:58.3751391Z #7 5.796 Unpacking libquadmath0:amd64 (12.2.0-14+deb12u1) ...
2025-07-15T19:13:58.3751813Z #7 5.820 Selecting previously unselected package libgcc-12-dev:amd64.
2025-07-15T19:13:58.3752350Z #7 5.821 Preparing to unpack .../36-libgcc-12-dev_12.2.0-14+deb12u1_amd64.deb ...
2025-07-15T19:13:58.5266542Z #7 5.823 Unpacking libgcc-12-dev:amd64 (12.2.0-14+deb12u1) ...
2025-07-15T19:13:58.5380573Z #7 5.984 Selecting previously unselected package gcc-12.
2025-07-15T19:13:58.6917556Z #7 5.986 Preparing to unpack .../37-gcc-12_12.2.0-14+deb12u1_amd64.deb ...
2025-07-15T19:13:58.6919715Z #7 5.988 Unpacking gcc-12 (12.2.0-14+deb12u1) ...
2025-07-15T19:13:59.1828265Z #7 6.629 Selecting previously unselected package gcc.
2025-07-15T19:13:59.3582139Z #7 6.631 Preparing to unpack .../38-gcc_4%3a12.2.0-3_amd64.deb ...
2025-07-15T19:13:59.3582797Z #7 6.632 Unpacking gcc (4:12.2.0-3) ...
2025-07-15T19:13:59.3583472Z #7 6.652 Selecting previously unselected package libstdc++-12-dev:amd64.
2025-07-15T19:13:59.3584368Z #7 6.653 Preparing to unpack .../39-libstdc++-12-dev_12.2.0-14+deb12u1_amd64.deb ...
2025-07-15T19:13:59.3585354Z #7 6.654 Unpacking libstdc++-12-dev:amd64 (12.2.0-14+deb12u1) ...
2025-07-15T19:13:59.4168245Z #7 6.863 Selecting previously unselected package g++-12.
2025-07-15T19:13:59.5706899Z #7 6.865 Preparing to unpack .../40-g++-12_12.2.0-14+deb12u1_amd64.deb ...
2025-07-15T19:13:59.5707558Z #7 6.867 Unpacking g++-12 (12.2.0-14+deb12u1) ...
2025-07-15T19:13:59.9271724Z #7 7.373 Selecting previously unselected package g++.
2025-07-15T19:14:00.0422352Z #7 7.375 Preparing to unpack .../41-g++_4%3a12.2.0-3_amd64.deb ...
2025-07-15T19:14:00.0422871Z #7 7.377 Unpacking g++ (4:12.2.0-3) ...
2025-07-15T19:14:00.0423483Z #7 7.391 Selecting previously unselected package make.
2025-07-15T19:14:00.0423861Z #7 7.392 Preparing to unpack .../42-make_4.3-4.1_amd64.deb ...
2025-07-15T19:14:00.0424173Z #7 7.395 Unpacking make (4.3-4.1) ...
2025-07-15T19:14:00.0424490Z #7 7.435 Selecting previously unselected package libdpkg-perl.
2025-07-15T19:14:00.0424881Z #7 7.436 Preparing to unpack .../43-libdpkg-perl_1.21.22_all.deb ...
2025-07-15T19:14:00.0425434Z #7 7.437 Unpacking libdpkg-perl (1.21.22) ...
2025-07-15T19:14:00.0425738Z #7 7.489 Selecting previously unselected package patch.
2025-07-15T19:14:00.1541095Z #7 7.490 Preparing to unpack .../44-patch_2.7.6-7_amd64.deb ...
2025-07-15T19:14:00.1541687Z #7 7.493 Unpacking patch (2.7.6-7) ...
2025-07-15T19:14:00.1542189Z #7 7.515 Selecting previously unselected package dpkg-dev.
2025-07-15T19:14:00.1542753Z #7 7.516 Preparing to unpack .../45-dpkg-dev_1.21.22_all.deb ...
2025-07-15T19:14:00.1543090Z #7 7.517 Unpacking dpkg-dev (1.21.22) ...
2025-07-15T19:14:00.1543701Z #7 7.601 Selecting previously unselected package build-essential.
2025-07-15T19:14:00.2542791Z #7 7.602 Preparing to unpack .../46-build-essential_12.9_amd64.deb ...
2025-07-15T19:14:00.2543609Z #7 7.605 Unpacking build-essential (12.9) ...
2025-07-15T19:14:00.2544209Z #7 7.622 Selecting previously unselected package libbrotli1:amd64.
2025-07-15T19:14:00.2544885Z #7 7.623 Preparing to unpack .../47-libbrotli1_1.0.9-2+b6_amd64.deb ...
2025-07-15T19:14:00.2545640Z #7 7.624 Unpacking libbrotli1:amd64 (1.0.9-2+b6) ...
2025-07-15T19:14:00.2546289Z #7 7.656 Selecting previously unselected package libsasl2-modules-db:amd64.
2025-07-15T19:14:00.2547200Z #7 7.657 Preparing to unpack .../48-libsasl2-modules-db_2.1.28+dfsg-10_amd64.deb ...
2025-07-15T19:14:00.2547947Z #7 7.658 Unpacking libsasl2-modules-db:amd64 (2.1.28+dfsg-10) ...
2025-07-15T19:14:00.2548619Z #7 7.676 Selecting previously unselected package libsasl2-2:amd64.
2025-07-15T19:14:00.2549310Z #7 7.677 Preparing to unpack .../49-libsasl2-2_2.1.28+dfsg-10_amd64.deb ...
2025-07-15T19:14:00.2549954Z #7 7.678 Unpacking libsasl2-2:amd64 (2.1.28+dfsg-10) ...
2025-07-15T19:14:00.2550574Z #7 7.698 Selecting previously unselected package libldap-2.5-0:amd64.
2025-07-15T19:14:00.2551276Z #7 7.699 Preparing to unpack .../50-libldap-2.5-0_2.5.13+dfsg-5_amd64.deb ...
2025-07-15T19:14:00.2551924Z #7 7.701 Unpacking libldap-2.5-0:amd64 (2.5.13+dfsg-5) ...
2025-07-15T19:14:00.3551254Z #7 7.731 Selecting previously unselected package libnghttp2-14:amd64.
2025-07-15T19:14:00.3552198Z #7 7.732 Preparing to unpack .../51-libnghttp2-14_1.52.0-1+deb12u2_amd64.deb ...
2025-07-15T19:14:00.3552956Z #7 7.733 Unpacking libnghttp2-14:amd64 (1.52.0-1+deb12u2) ...
2025-07-15T19:14:00.3553569Z #7 7.754 Selecting previously unselected package libpsl5:amd64.
2025-07-15T19:14:00.3554254Z #7 7.755 Preparing to unpack .../52-libpsl5_0.21.2-1_amd64.deb ...
2025-07-15T19:14:00.3554831Z #7 7.756 Unpacking libpsl5:amd64 (0.21.2-1) ...
2025-07-15T19:14:00.3555679Z #7 7.777 Selecting previously unselected package librtmp1:amd64.
2025-07-15T19:14:00.3556423Z #7 7.778 Preparing to unpack .../53-librtmp1_2.4+20151223.gitfa8646d.1-2+b2_amd64.deb ...
2025-07-15T19:14:00.3556965Z #7 7.779 Unpacking librtmp1:amd64 (2.4+20151223.gitfa8646d.1-2+b2) ...
2025-07-15T19:14:00.3557425Z #7 7.800 Selecting previously unselected package libssh2-1:amd64.
2025-07-15T19:14:00.3557885Z #7 7.801 Preparing to unpack .../54-libssh2-1_1.10.0-3+b1_amd64.deb ...
2025-07-15T19:14:00.3558288Z #7 7.802 Unpacking libssh2-1:amd64 (1.10.0-3+b1) ...
2025-07-15T19:14:00.4570859Z #7 7.831 Selecting previously unselected package libcurl4:amd64.
2025-07-15T19:14:00.4572181Z #7 7.832 Preparing to unpack .../55-libcurl4_7.88.1-10+deb12u12_amd64.deb ...
2025-07-15T19:14:00.4572808Z #7 7.834 Unpacking libcurl4:amd64 (7.88.1-10+deb12u12) ...
2025-07-15T19:14:00.4573416Z #7 7.868 Selecting previously unselected package curl.
2025-07-15T19:14:00.4574014Z #7 7.869 Preparing to unpack .../56-curl_7.88.1-10+deb12u12_amd64.deb ...
2025-07-15T19:14:00.4574836Z #7 7.871 Unpacking curl (7.88.1-10+deb12u12) ...
2025-07-15T19:14:00.4575574Z #7 7.904 Selecting previously unselected package libcurl3-gnutls:amd64.
2025-07-15T19:14:00.6300641Z #7 7.905 Preparing to unpack .../57-libcurl3-gnutls_7.88.1-10+deb12u12_amd64.deb ...
2025-07-15T19:14:00.6301341Z #7 7.906 Unpacking libcurl3-gnutls:amd64 (7.88.1-10+deb12u12) ...
2025-07-15T19:14:00.6301772Z #7 7.945 Selecting previously unselected package libexpat1:amd64.
2025-07-15T19:14:00.6302219Z #7 7.946 Preparing to unpack .../58-libexpat1_2.5.0-1+deb12u1_amd64.deb ...
2025-07-15T19:14:00.6302624Z #7 7.947 Unpacking libexpat1:amd64 (2.5.0-1+deb12u1) ...
2025-07-15T19:14:00.6302997Z #7 7.968 Selecting previously unselected package liberror-perl.
2025-07-15T19:14:00.6303424Z #7 7.969 Preparing to unpack .../59-liberror-perl_0.17029-2_all.deb ...
2025-07-15T19:14:00.6303806Z #7 7.970 Unpacking liberror-perl (0.17029-2) ...
2025-07-15T19:14:00.6304144Z #7 7.988 Selecting previously unselected package git-man.
2025-07-15T19:14:00.6304803Z #7 7.989 Preparing to unpack .../60-git-man_1%3a2.39.5-0+deb12u2_all.deb ...
2025-07-15T19:14:00.6305397Z #7 7.991 Unpacking git-man (1:2.39.5-0+deb12u2) ...
2025-07-15T19:14:00.6305731Z #7 8.076 Selecting previously unselected package git.
2025-07-15T19:14:00.7880251Z #7 8.078 Preparing to unpack .../61-git_1%3a2.39.5-0+deb12u2_amd64.deb ...
2025-07-15T19:14:00.9559493Z #7 8.084 Unpacking git (1:2.39.5-0+deb12u2) ...
2025-07-15T19:14:00.9560097Z #7 8.402 Setting up libexpat1:amd64 (2.5.0-1+deb12u1) ...
2025-07-15T19:14:01.0602343Z #7 8.408 Setting up libpsl5:amd64 (0.21.2-1) ...
2025-07-15T19:14:01.0602928Z #7 8.412 Setting up libbrotli1:amd64 (1.0.9-2+b6) ...
2025-07-15T19:14:01.0603370Z #7 8.416 Setting up binutils-common:amd64 (2.40-2) ...
2025-07-15T19:14:01.0603870Z #7 8.421 Setting up libnghttp2-14:amd64 (1.52.0-1+deb12u2) ...
2025-07-15T19:14:01.0604475Z #7 8.425 Setting up linux-libc-dev:amd64 (6.1.140-1) ...
2025-07-15T19:14:01.0604941Z #7 8.428 Setting up libctf-nobfd0:amd64 (2.40-2) ...
2025-07-15T19:14:01.0605687Z #7 8.432 Setting up libgomp1:amd64 (12.2.0-14+deb12u1) ...
2025-07-15T19:14:01.0606126Z #7 8.435 Setting up bzip2 (1.0.8-5+b1) ...
2025-07-15T19:14:01.0606509Z #7 8.439 Setting up libjansson4:amd64 (2.14-2) ...
2025-07-15T19:14:01.0606980Z #7 8.442 Setting up libsasl2-modules-db:amd64 (2.1.28+dfsg-10) ...
2025-07-15T19:14:01.0607476Z #7 8.444 Setting up perl-modules-5.36 (5.36.0-7+deb12u2) ...
2025-07-15T19:14:01.0608017Z #7 8.448 Setting up libtirpc-dev:amd64 (1.3.3+ds-1) ...
2025-07-15T19:14:01.0608701Z #7 8.451 Setting up rpcsvc-proto (1.4.3-1) ...
2025-07-15T19:14:01.0609319Z #7 8.455 Setting up make (4.3-4.1) ...
2025-07-15T19:14:01.0609956Z #7 8.458 Setting up libmpfr6:amd64 (4.2.0-1) ...
2025-07-15T19:14:01.0610762Z #7 8.461 Setting up librtmp1:amd64 (2.4+20151223.gitfa8646d.1-2+b2) ...
2025-07-15T19:14:01.0611305Z #7 8.464 Setting up xz-utils (5.4.1-1) ...
2025-07-15T19:14:01.0611862Z #7 8.469 update-alternatives: using /usr/bin/xz to provide /usr/bin/lzma (lzma) in auto mode
2025-07-15T19:14:01.0612679Z #7 8.470 update-alternatives: warning: skip creation of /usr/share/man/man1/lzma.1.gz because associated file /usr/share/man/man1/xz.1.gz (of link group lzma) doesn't exist
2025-07-15T19:14:01.0613709Z #7 8.470 update-alternatives: warning: skip creation of /usr/share/man/man1/unlzma.1.gz because associated file /usr/share/man/man1/unxz.1.gz (of link group lzma) doesn't exist
2025-07-15T19:14:01.0614745Z #7 8.470 update-alternatives: warning: skip creation of /usr/share/man/man1/lzcat.1.gz because associated file /usr/share/man/man1/xzcat.1.gz (of link group lzma) doesn't exist
2025-07-15T19:14:01.0615955Z #7 8.471 update-alternatives: warning: skip creation of /usr/share/man/man1/lzmore.1.gz because associated file /usr/share/man/man1/xzmore.1.gz (of link group lzma) doesn't exist
2025-07-15T19:14:01.0616993Z #7 8.471 update-alternatives: warning: skip creation of /usr/share/man/man1/lzless.1.gz because associated file /usr/share/man/man1/xzless.1.gz (of link group lzma) doesn't exist
2025-07-15T19:14:01.0618276Z #7 8.471 update-alternatives: warning: skip creation of /usr/share/man/man1/lzdiff.1.gz because associated file /usr/share/man/man1/xzdiff.1.gz (of link group lzma) doesn't exist
2025-07-15T19:14:01.0619328Z #7 8.471 update-alternatives: warning: skip creation of /usr/share/man/man1/lzcmp.1.gz because associated file /usr/share/man/man1/xzcmp.1.gz (of link group lzma) doesn't exist
2025-07-15T19:14:01.0620348Z #7 8.471 update-alternatives: warning: skip creation of /usr/share/man/man1/lzgrep.1.gz because associated file /usr/share/man/man1/xzgrep.1.gz (of link group lzma) doesn't exist
2025-07-15T19:14:01.0621409Z #7 8.471 update-alternatives: warning: skip creation of /usr/share/man/man1/lzegrep.1.gz because associated file /usr/share/man/man1/xzegrep.1.gz (of link group lzma) doesn't exist
2025-07-15T19:14:01.0622630Z #7 8.472 update-alternatives: warning: skip creation of /usr/share/man/man1/lzfgrep.1.gz because associated file /usr/share/man/man1/xzfgrep.1.gz (of link group lzma) doesn't exist
2025-07-15T19:14:01.0623860Z #7 8.476 Setting up libquadmath0:amd64 (12.2.0-14+deb12u1) ...
2025-07-15T19:14:01.0624420Z #7 8.480 Setting up libmpc3:amd64 (1.3.1-1) ...
2025-07-15T19:14:01.0624767Z #7 8.483 Setting up libatomic1:amd64 (12.2.0-14+deb12u1) ...
2025-07-15T19:14:01.0625441Z #7 8.486 Setting up patch (2.7.6-7) ...
2025-07-15T19:14:01.0625950Z #7 8.489 Setting up libgdbm-compat4:amd64 (1.23-3) ...
2025-07-15T19:14:01.0626503Z #7 8.493 Setting up libsasl2-2:amd64 (2.1.28+dfsg-10) ...
2025-07-15T19:14:01.0627008Z #7 8.497 Setting up libubsan1:amd64 (12.2.0-14+deb12u1) ...
2025-07-15T19:14:01.0627529Z #7 8.501 Setting up nano (7.2-1+deb12u1) ...
2025-07-15T19:14:01.0628204Z #7 8.507 update-alternatives: using /bin/nano to provide /usr/bin/editor (editor) in auto mode
2025-07-15T19:14:01.1611649Z #7 8.507 update-alternatives: warning: skip creation of /usr/share/man/man1/editor.1.gz because associated file /usr/share/man/man1/nano.1.gz (of link group editor) doesn't exist
2025-07-15T19:14:01.1613065Z #7 8.509 update-alternatives: using /bin/nano to provide /usr/bin/pico (pico) in auto mode
2025-07-15T19:14:01.1614218Z #7 8.509 update-alternatives: warning: skip creation of /usr/share/man/man1/pico.1.gz because associated file /usr/share/man/man1/nano.1.gz (of link group pico) doesn't exist
2025-07-15T19:14:01.1615040Z #7 8.511 Setting up libnsl-dev:amd64 (1.3.0-2) ...
2025-07-15T19:14:01.1615666Z #7 8.514 Setting up libcrypt-dev:amd64 (1:4.4.33-2) ...
2025-07-15T19:14:01.1616043Z #7 8.521 Setting up libasan8:amd64 (12.2.0-14+deb12u1) ...
2025-07-15T19:14:01.1616492Z #7 8.524 Setting up git-man (1:2.39.5-0+deb12u2) ...
2025-07-15T19:14:01.1616909Z #7 8.527 Setting up libssh2-1:amd64 (1.10.0-3+b1) ...
2025-07-15T19:14:01.1617328Z #7 8.531 Setting up libtsan2:amd64 (12.2.0-14+deb12u1) ...
2025-07-15T19:14:01.1617675Z #7 8.535 Setting up libbinutils:amd64 (2.40-2) ...
2025-07-15T19:14:01.1618008Z #7 8.538 Setting up libisl23:amd64 (0.25-1.1) ...
2025-07-15T19:14:01.1618359Z #7 8.549 Setting up libc-dev-bin (2.36-9+deb12u10) ...
2025-07-15T19:14:01.1618715Z #7 8.552 Setting up libcc1-0:amd64 (12.2.0-14+deb12u1) ...
2025-07-15T19:14:01.1619079Z #7 8.557 Setting up libperl5.36:amd64 (5.36.0-7+deb12u2) ...
2025-07-15T19:14:01.1619449Z #7 8.560 Setting up liblsan0:amd64 (12.2.0-14+deb12u1) ...
2025-07-15T19:14:01.1619809Z #7 8.564 Setting up libitm1:amd64 (12.2.0-14+deb12u1) ...
2025-07-15T19:14:01.1620139Z #7 8.567 Setting up libctf0:amd64 (2.40-2) ...
2025-07-15T19:14:01.1620589Z #7 8.572 Setting up cpp-12 (12.2.0-14+deb12u1) ...
2025-07-15T19:14:01.1621012Z #7 8.577 Setting up libldap-2.5-0:amd64 (2.5.13+dfsg-5) ...
2025-07-15T19:14:01.1621356Z #7 8.581 Setting up perl (5.36.0-7+deb12u2) ...
2025-07-15T19:14:01.1621678Z #7 8.593 Setting up libgprofng0:amd64 (2.40-2) ...
2025-07-15T19:14:01.1622041Z #7 8.597 Setting up libgcc-12-dev:amd64 (12.2.0-14+deb12u1) ...
2025-07-15T19:14:01.1622347Z #7 8.602 Setting up libdpkg-perl (1.21.22) ...
2025-07-15T19:14:01.1622797Z #7 8.608 Setting up cpp (4:12.2.0-3) ...
2025-07-15T19:14:01.4072550Z #7 8.615 Setting up libcurl4:amd64 (7.88.1-10+deb12u12) ...
2025-07-15T19:14:01.4073226Z #7 8.620 Setting up libc6-dev:amd64 (2.36-9+deb12u10) ...
2025-07-15T19:14:01.4073634Z #7 8.624 Setting up curl (7.88.1-10+deb12u12) ...
2025-07-15T19:14:01.4074045Z #7 8.627 Setting up binutils-x86-64-linux-gnu (2.40-2) ...
2025-07-15T19:14:01.4074496Z #7 8.635 Setting up libstdc++-12-dev:amd64 (12.2.0-14+deb12u1) ...
2025-07-15T19:14:01.4074965Z #7 8.642 Setting up libcurl3-gnutls:amd64 (7.88.1-10+deb12u12) ...
2025-07-15T19:14:01.4075521Z #7 8.646 Setting up binutils (2.40-2) ...
2025-07-15T19:14:01.4075855Z #7 8.653 Setting up dpkg-dev (1.21.22) ...
2025-07-15T19:14:01.4076205Z #7 8.661 Setting up liberror-perl (0.17029-2) ...
2025-07-15T19:14:01.4076566Z #7 8.665 Setting up gcc-12 (12.2.0-14+deb12u1) ...
2025-07-15T19:14:01.4076921Z #7 8.668 Setting up git (1:2.39.5-0+deb12u2) ...
2025-07-15T19:14:01.4077266Z #7 8.676 Setting up g++-12 (12.2.0-14+deb12u1) ...
2025-07-15T19:14:01.4077883Z #7 8.680 Setting up gcc (4:12.2.0-3) ...
2025-07-15T19:14:01.4078208Z #7 8.691 Setting up g++ (4:12.2.0-3) ...
2025-07-15T19:14:01.4078694Z #7 8.695 update-alternatives: using /usr/bin/g++ to provide /usr/bin/c++ (c++) in auto mode
2025-07-15T19:14:01.4079215Z #7 8.697 Setting up build-essential (12.9) ...
2025-07-15T19:14:01.4079618Z #7 8.703 Processing triggers for libc-bin (2.36-9+deb12u10) ...
2025-07-15T19:14:01.8486328Z #7 DONE 9.3s
2025-07-15T19:14:02.0143697Z 
2025-07-15T19:14:02.0144111Z #8 [3/6] WORKDIR /app
2025-07-15T19:14:02.0144480Z #8 DONE 0.0s
2025-07-15T19:14:02.0144660Z 
2025-07-15T19:14:02.0144745Z #9 [4/6] COPY . .
2025-07-15T19:14:02.4531964Z #9 DONE 0.6s
2025-07-15T19:14:02.6042496Z 
2025-07-15T19:14:02.6042916Z #10 [5/6] RUN pip install --upgrade pip
2025-07-15T19:14:03.6606802Z #10 1.207 Requirement already satisfied: pip in /usr/local/lib/python3.10/site-packages (23.0.1)
2025-07-15T19:14:03.7609975Z #10 1.307 Collecting pip
2025-07-15T19:14:03.8711165Z #10 1.339   Downloading pip-25.1.1-py3-none-any.whl (1.8 MB)
2025-07-15T19:14:03.8712244Z #10 1.374      ━━━━━━━━━━━━━━━━━━━━━━━━━━━━━━━━━━━━━━━━ 1.8/1.8 MB 56.4 MB/s eta 0:00:00
2025-07-15T19:14:03.8712837Z #10 1.417 Installing collected packages: pip
2025-07-15T19:14:04.0226481Z #10 1.418   Attempting uninstall: pip
2025-07-15T19:14:04.0227025Z #10 1.418     Found existing installation: pip 23.0.1
2025-07-15T19:14:04.0490460Z #10 1.595     Uninstalling pip-23.0.1:
2025-07-15T19:14:04.2111436Z #10 1.607       Successfully uninstalled pip-23.0.1
2025-07-15T19:14:04.8383245Z #10 2.384 Successfully installed pip-25.1.1
2025-07-15T19:14:04.9891059Z #10 2.385 WARNING: Running pip as the 'root' user can result in broken permissions and conflicting behaviour with the system package manager. It is recommended to use a virtual environment instead: https://pip.pypa.io/warnings/venv
2025-07-15T19:14:05.0045887Z #10 DONE 2.6s
2025-07-15T19:14:05.1561306Z 
2025-07-15T19:14:05.1561884Z #11 [6/6] RUN pip install --no-cache-dir -r requirements.txt
2025-07-15T19:14:05.8598253Z #11 0.854 Collecting Flask==3.1.0 (from -r requirements.txt (line 1))
2025-07-15T19:14:05.9685742Z #11 0.888   Downloading flask-3.1.0-py3-none-any.whl.metadata (2.7 kB)
2025-07-15T19:14:05.9686705Z #11 0.898 Collecting Flask-PyMongo==3.0.1 (from -r requirements.txt (line 2))
2025-07-15T19:14:05.9687336Z #11 0.902   Downloading flask_pymongo-3.0.1-py3-none-any.whl.metadata (3.5 kB)
2025-07-15T19:14:05.9687869Z #11 0.949 Collecting pytest==8.2.1 (from -r requirements.txt (line 3))
2025-07-15T19:14:05.9688385Z #11 0.954   Downloading pytest-8.2.1-py3-none-any.whl.metadata (7.6 kB)
2025-07-15T19:14:05.9688886Z #11 0.963 Collecting blinker==1.9.0 (from -r requirements.txt (line 4))
2025-07-15T19:14:06.0694469Z #11 0.966   Downloading blinker-1.9.0-py3-none-any.whl.metadata (1.6 kB)
2025-07-15T19:14:06.0695459Z #11 0.981 Collecting certifi==2025.7.14 (from -r requirements.txt (line 5))
2025-07-15T19:14:06.0696104Z #11 0.984   Downloading certifi-2025.7.14-py3-none-any.whl.metadata (2.4 kB)
2025-07-15T19:14:06.0697042Z #11 1.061 Collecting charset-normalizer==3.4.2 (from -r requirements.txt (line 6))
2025-07-15T19:14:06.0697834Z #11 1.064   Downloading charset_normalizer-3.4.2-cp310-cp310-manylinux_2_17_x86_64.manylinux2014_x86_64.whl.metadata (35 kB)
2025-07-15T19:14:06.1874039Z #11 1.079 Collecting click==8.2.1 (from -r requirements.txt (line 7))
2025-07-15T19:14:06.1874954Z #11 1.082   Downloading click-8.2.1-py3-none-any.whl.metadata (2.5 kB)
2025-07-15T19:14:06.1875874Z #11 1.090 Collecting dnspython==2.7.0 (from -r requirements.txt (line 8))
2025-07-15T19:14:06.1876419Z #11 1.093   Downloading dnspython-2.7.0-py3-none-any.whl.metadata (5.8 kB)
2025-07-15T19:14:06.1876930Z #11 1.106 Collecting idna==3.10 (from -r requirements.txt (line 9))
2025-07-15T19:14:06.1877391Z #11 1.109   Downloading idna-3.10-py3-none-any.whl.metadata (10 kB)
2025-07-15T19:14:06.1877880Z #11 1.117 Collecting itsdangerous==2.2.0 (from -r requirements.txt (line 10))
2025-07-15T19:14:06.1878679Z #11 1.120   Downloading itsdangerous-2.2.0-py3-none-any.whl.metadata (1.9 kB)
2025-07-15T19:14:06.1879200Z #11 1.131 Collecting Jinja2==3.1.6 (from -r requirements.txt (line 11))
2025-07-15T19:14:06.1879682Z #11 1.133   Downloading jinja2-3.1.6-py3-none-any.whl.metadata (2.9 kB)
2025-07-15T19:14:06.1880181Z #11 1.182 Collecting MarkupSafe==3.0.2 (from -r requirements.txt (line 12))
2025-07-15T19:14:06.3516004Z #11 1.185   Downloading MarkupSafe-3.0.2-cp310-cp310-manylinux_2_17_x86_64.manylinux2014_x86_64.whl.metadata (4.0 kB)
2025-07-15T19:14:06.3516787Z #11 1.192 Collecting paho-mqtt==2.1.0 (from -r requirements.txt (line 13))
2025-07-15T19:14:06.3517349Z #11 1.195   Downloading paho_mqtt-2.1.0-py3-none-any.whl.metadata (23 kB)
2025-07-15T19:14:06.5497462Z #11 1.544 Collecting pymongo==4.13.2 (from -r requirements.txt (line 14))
2025-07-15T19:14:06.7147594Z #11 1.548   Downloading pymongo-4.13.2-cp310-cp310-manylinux_2_17_x86_64.manylinux2014_x86_64.whl.metadata (22 kB)
2025-07-15T19:14:06.7148871Z #11 1.565 Collecting python-dotenv==1.1.1 (from -r requirements.txt (line 15))
2025-07-15T19:14:06.7149593Z #11 1.569   Downloading python_dotenv-1.1.1-py3-none-any.whl.metadata (24 kB)
2025-07-15T19:14:06.7150150Z #11 1.591 Collecting requests==2.32.4 (from -r requirements.txt (line 16))
2025-07-15T19:14:06.7150698Z #11 1.594   Downloading requests-2.32.4-py3-none-any.whl.metadata (4.9 kB)
2025-07-15T19:14:06.7151226Z #11 1.616 Collecting urllib3==2.5.0 (from -r requirements.txt (line 17))
2025-07-15T19:14:06.7151729Z #11 1.619   Downloading urllib3-2.5.0-py3-none-any.whl.metadata (6.5 kB)
2025-07-15T19:14:06.7152236Z #11 1.637 Collecting Werkzeug==3.1.3 (from -r requirements.txt (line 18))
2025-07-15T19:14:06.7152784Z #11 1.640   Downloading werkzeug-3.1.3-py3-none-any.whl.metadata (3.7 kB)
2025-07-15T19:14:06.7153340Z #11 1.709 Collecting autodevops-cli==0.1.1 (from -r requirements.txt (line 19))
2025-07-15T19:14:06.8288377Z #11 1.714   Downloading autodevops_cli-0.1.1-py3-none-any.whl.metadata (494 bytes)
2025-07-15T19:14:06.8289507Z #11 1.720 Collecting iniconfig==2.1.0 (from -r requirements.txt (line 20))
2025-07-15T19:14:06.8290506Z #11 1.722   Downloading iniconfig-2.1.0-py3-none-any.whl.metadata (2.7 kB)
2025-07-15T19:14:06.8291467Z #11 1.733 Collecting loguru==0.7.3 (from -r requirements.txt (line 21))
2025-07-15T19:14:06.8292401Z #11 1.736   Downloading loguru-0.7.3-py3-none-any.whl.metadata (22 kB)
2025-07-15T19:14:06.8293100Z #11 1.753 Collecting markdown-it-py==3.0.0 (from -r requirements.txt (line 22))
2025-07-15T19:14:06.8293792Z #11 1.756   Downloading markdown_it_py-3.0.0-py3-none-any.whl.metadata (6.9 kB)
2025-07-15T19:14:06.8294421Z #11 1.766 Collecting mdurl==0.1.2 (from -r requirements.txt (line 23))
2025-07-15T19:14:06.8295007Z #11 1.769   Downloading mdurl-0.1.2-py3-none-any.whl.metadata (1.6 kB)
2025-07-15T19:14:06.8295806Z #11 1.778 Collecting mongomock==4.3.0 (from -r requirements.txt (line 24))
2025-07-15T19:14:06.8296470Z #11 1.782   Downloading mongomock-4.3.0-py2.py3-none-any.whl.metadata (12 kB)
2025-07-15T19:14:06.8297348Z #11 1.794 Collecting packaging==25.0 (from -r requirements.txt (line 25))
2025-07-15T19:14:06.8297857Z #11 1.796   Downloading packaging-25.0-py3-none-any.whl.metadata (3.3 kB)
2025-07-15T19:14:06.8298283Z #11 1.805 Collecting pluggy==1.6.0 (from -r requirements.txt (line 26))
2025-07-15T19:14:06.8298714Z #11 1.808   Downloading pluggy-1.6.0-py3-none-any.whl.metadata (4.8 kB)
2025-07-15T19:14:06.8299133Z #11 1.823 Collecting Pygments==2.19.2 (from -r requirements.txt (line 27))
2025-07-15T19:14:07.0713189Z #11 1.826   Downloading pygments-2.19.2-py3-none-any.whl.metadata (2.5 kB)
2025-07-15T19:14:07.0713853Z #11 1.859 Collecting pytz==2025.2 (from -r requirements.txt (line 28))
2025-07-15T19:14:07.0714405Z #11 1.862   Downloading pytz-2025.2-py2.py3-none-any.whl.metadata (22 kB)
2025-07-15T19:14:07.0714939Z #11 1.896 Collecting rich==14.0.0 (from -r requirements.txt (line 29))
2025-07-15T19:14:07.0715904Z #11 1.899   Downloading rich-14.0.0-py3-none-any.whl.metadata (18 kB)
2025-07-15T19:14:07.0716463Z #11 1.906 Collecting sentinels==1.0.0 (from -r requirements.txt (line 30))
2025-07-15T19:14:07.0716945Z #11 1.909   Downloading sentinels-1.0.0.tar.gz (4.1 kB)
2025-07-15T19:14:07.0717335Z #11 1.915   Preparing metadata (setup.py): started
2025-07-15T19:14:07.5385678Z #11 2.533   Preparing metadata (setup.py): finished with status 'done'
2025-07-15T19:14:07.6724800Z #11 2.544 Collecting sh==2.2.2 (from -r requirements.txt (line 31))
2025-07-15T19:14:07.6725798Z #11 2.547   Downloading sh-2.2.2-py3-none-any.whl.metadata (3.7 kB)
2025-07-15T19:14:07.6726667Z #11 2.586 Collecting exceptiongroup>=1.0.0rc8 (from pytest==8.2.1->-r requirements.txt (line 3))
2025-07-15T19:14:07.6727656Z #11 2.588   Downloading exceptiongroup-1.3.0-py3-none-any.whl.metadata (6.7 kB)
2025-07-15T19:14:07.6728579Z #11 2.601 Collecting tomli>=1 (from pytest==8.2.1->-r requirements.txt (line 3))
2025-07-15T19:14:07.6729404Z #11 2.604   Downloading tomli-2.2.1-py3-none-any.whl.metadata (10 kB)
2025-07-15T19:14:07.6730341Z #11 2.667 Collecting typing-extensions<5.0,>=4.0.0 (from rich==14.0.0->-r requirements.txt (line 29))
2025-07-15T19:14:07.7745592Z #11 2.671   Downloading typing_extensions-4.14.1-py3-none-any.whl.metadata (3.0 kB)
2025-07-15T19:14:07.7746443Z #11 2.688 Downloading flask-3.1.0-py3-none-any.whl (102 kB)
2025-07-15T19:14:07.7747115Z #11 2.696 Downloading flask_pymongo-3.0.1-py3-none-any.whl (11 kB)
2025-07-15T19:14:07.7747778Z #11 2.699 Downloading pytest-8.2.1-py3-none-any.whl (339 kB)
2025-07-15T19:14:07.7748418Z #11 2.703 Downloading pluggy-1.6.0-py3-none-any.whl (20 kB)
2025-07-15T19:14:07.7749061Z #11 2.706 Downloading blinker-1.9.0-py3-none-any.whl (8.5 kB)
2025-07-15T19:14:07.7749534Z #11 2.709 Downloading certifi-2025.7.14-py3-none-any.whl (162 kB)
2025-07-15T19:14:07.7750189Z #11 2.712 Downloading charset_normalizer-3.4.2-cp310-cp310-manylinux_2_17_x86_64.manylinux2014_x86_64.whl (149 kB)
2025-07-15T19:14:07.7750799Z #11 2.716 Downloading click-8.2.1-py3-none-any.whl (102 kB)
2025-07-15T19:14:07.7751235Z #11 2.719 Downloading dnspython-2.7.0-py3-none-any.whl (313 kB)
2025-07-15T19:14:07.7751644Z #11 2.722 Downloading idna-3.10-py3-none-any.whl (70 kB)
2025-07-15T19:14:07.7752066Z #11 2.725 Downloading itsdangerous-2.2.0-py3-none-any.whl (16 kB)
2025-07-15T19:14:07.7752498Z #11 2.728 Downloading jinja2-3.1.6-py3-none-any.whl (134 kB)
2025-07-15T19:14:07.7753066Z #11 2.731 Downloading MarkupSafe-3.0.2-cp310-cp310-manylinux_2_17_x86_64.manylinux2014_x86_64.whl (20 kB)
2025-07-15T19:14:07.7753652Z #11 2.733 Downloading paho_mqtt-2.1.0-py3-none-any.whl (67 kB)
2025-07-15T19:14:07.7754222Z #11 2.739 Downloading pymongo-4.13.2-cp310-cp310-manylinux_2_17_x86_64.manylinux2014_x86_64.whl (1.2 MB)
2025-07-15T19:14:07.7755081Z #11 2.744    ━━━━━━━━━━━━━━━━━━━━━━━━━━━━━━━━━━━━━━━━ 1.2/1.2 MB 328.8 MB/s eta 0:00:00
2025-07-15T19:14:07.7755659Z #11 2.748 Downloading python_dotenv-1.1.1-py3-none-any.whl (20 kB)
2025-07-15T19:14:07.7756032Z #11 2.751 Downloading requests-2.32.4-py3-none-any.whl (64 kB)
2025-07-15T19:14:07.7756658Z #11 2.754 Downloading urllib3-2.5.0-py3-none-any.whl (129 kB)
2025-07-15T19:14:07.7757009Z #11 2.757 Downloading werkzeug-3.1.3-py3-none-any.whl (224 kB)
2025-07-15T19:14:07.7757381Z #11 2.763 Downloading autodevops_cli-0.1.1-py3-none-any.whl (4.1 kB)
2025-07-15T19:14:07.7757759Z #11 2.766 Downloading iniconfig-2.1.0-py3-none-any.whl (6.0 kB)
2025-07-15T19:14:07.7758100Z #11 2.769 Downloading loguru-0.7.3-py3-none-any.whl (61 kB)
2025-07-15T19:14:07.9990735Z #11 2.772 Downloading markdown_it_py-3.0.0-py3-none-any.whl (87 kB)
2025-07-15T19:14:07.9991471Z #11 2.776 Downloading mdurl-0.1.2-py3-none-any.whl (10.0 kB)
2025-07-15T19:14:07.9992217Z #11 2.778 Downloading mongomock-4.3.0-py2.py3-none-any.whl (64 kB)
2025-07-15T19:14:07.9992886Z #11 2.781 Downloading packaging-25.0-py3-none-any.whl (66 kB)
2025-07-15T19:14:07.9993530Z #11 2.787 Downloading pygments-2.19.2-py3-none-any.whl (1.2 MB)
2025-07-15T19:14:07.9994822Z #11 2.791    ━━━━━━━━━━━━━━━━━━━━━━━━━━━━━━━━━━━━━━━━ 1.2/1.2 MB 554.6 MB/s eta 0:00:00
2025-07-15T19:14:07.9995975Z #11 2.794 Downloading pytz-2025.2-py2.py3-none-any.whl (509 kB)
2025-07-15T19:14:07.9996636Z #11 2.798 Downloading rich-14.0.0-py3-none-any.whl (243 kB)
2025-07-15T19:14:07.9997236Z #11 2.801 Downloading sh-2.2.2-py3-none-any.whl (38 kB)
2025-07-15T19:14:07.9997894Z #11 2.804 Downloading typing_extensions-4.14.1-py3-none-any.whl (43 kB)
2025-07-15T19:14:07.9998628Z #11 2.807 Downloading exceptiongroup-1.3.0-py3-none-any.whl (16 kB)
2025-07-15T19:14:07.9999278Z #11 2.810 Downloading tomli-2.2.1-py3-none-any.whl (14 kB)
2025-07-15T19:14:07.9999863Z #11 2.842 Building wheels for collected packages: sentinels
2025-07-15T19:14:08.0002637Z #11 2.843   DEPRECATION: Building 'sentinels' using the legacy setup.py bdist_wheel mechanism, which will be removed in a future version. pip 25.3 will enforce this behaviour change. A possible replacement is to use the standardized build interface by setting the `--use-pep517` option, (possibly combined with `--no-build-isolation`), or adding a `pyproject.toml` file to the source tree of 'sentinels'. Discussion can be found at https://github.com/pypa/pip/issues/6334
2025-07-15T19:14:08.0005718Z #11 2.843   Building wheel for sentinels (setup.py): started
2025-07-15T19:14:08.6281832Z #11 3.623   Building wheel for sentinels (setup.py): finished with status 'done'
2025-07-15T19:14:08.8502549Z #11 3.623   Created wheel for sentinels: filename=sentinels-1.0.0-py3-none-any.whl size=3175 sha256=ac7870121d3bc1e38e51480fb2dfa91c428d5266e76eb80082e84884b3ff8360
2025-07-15T19:14:08.8504256Z #11 3.623   Stored in directory: /tmp/pip-ephem-wheel-cache-d681f9kl/wheels/26/bc/eb/67e56405e0684b3d8c011cf4d18129c41be394775fd5ba2347
2025-07-15T19:14:08.8505582Z #11 3.625 Successfully built sentinels
2025-07-15T19:14:08.8508009Z #11 3.694 Installing collected packages: sentinels, pytz, urllib3, typing-extensions, tomli, sh, python-dotenv, Pygments, pluggy, paho-mqtt, packaging, mdurl, MarkupSafe, loguru, itsdangerous, iniconfig, idna, dnspython, click, charset-normalizer, certifi, blinker, Werkzeug, requests, pymongo, mongomock, markdown-it-py, Jinja2, exceptiongroup, rich, pytest, Flask, Flask-PyMongo, autodevops-cli
2025-07-15T19:14:10.9278768Z #11 5.922 
2025-07-15T19:14:11.0857507Z #11 5.929 Successfully installed Flask-3.1.0 Flask-PyMongo-3.0.1 Jinja2-3.1.6 MarkupSafe-3.0.2 Pygments-2.19.2 Werkzeug-3.1.3 autodevops-cli-0.1.1 blinker-1.9.0 certifi-2025.7.14 charset-normalizer-3.4.2 click-8.2.1 dnspython-2.7.0 exceptiongroup-1.3.0 idna-3.10 iniconfig-2.1.0 itsdangerous-2.2.0 loguru-0.7.3 markdown-it-py-3.0.0 mdurl-0.1.2 mongomock-4.3.0 packaging-25.0 paho-mqtt-2.1.0 pluggy-1.6.0 pymongo-4.13.2 pytest-8.2.1 python-dotenv-1.1.1 pytz-2025.2 requests-2.32.4 rich-14.0.0 sentinels-1.0.0 sh-2.2.2 tomli-2.2.1 typing-extensions-4.14.1 urllib3-2.5.0
2025-07-15T19:14:11.0861889Z #11 5.929 WARNING: Running pip as the 'root' user can result in broken permissions and conflicting behaviour with the system package manager, possibly rendering your system unusable. It is recommended to use a virtual environment instead: https://pip.pypa.io/warnings/venv. Use the --root-user-action option if you know what you are doing and want to suppress this warning.
2025-07-15T19:14:11.1397275Z #11 DONE 6.1s
2025-07-15T19:14:11.2916642Z 
2025-07-15T19:14:11.2917119Z #12 exporting to image
2025-07-15T19:14:11.2917598Z #12 exporting layers
2025-07-15T19:14:12.9546120Z #12 exporting layers 1.8s done
2025-07-15T19:14:12.9868299Z #12 writing image sha256:ad2c28ca133132085f7be742904f9a023482661e6f98c83aed99884d2a13d6dd done
2025-07-15T19:14:12.9869547Z #12 naming to docker.io/***/flask-ci-cd-demo done
2025-07-15T19:14:12.9869972Z #12 DONE 1.8s
2025-07-15T19:14:12.9957657Z ##[group]Run docker push ***/flask-ci-cd-demo
2025-07-15T19:14:12.9958312Z [36;1mdocker push ***/flask-ci-cd-demo[0m
2025-07-15T19:14:12.9998788Z shell: /usr/bin/bash -e {0}
2025-07-15T19:14:12.9999173Z env:
2025-07-15T19:14:12.9999591Z   pythonLocation: /opt/hostedtoolcache/Python/3.10.18/x64
2025-07-15T19:14:13.0000311Z   PKG_CONFIG_PATH: /opt/hostedtoolcache/Python/3.10.18/x64/lib/pkgconfig
2025-07-15T19:14:13.0000985Z   Python_ROOT_DIR: /opt/hostedtoolcache/Python/3.10.18/x64
2025-07-15T19:14:13.0001601Z   Python2_ROOT_DIR: /opt/hostedtoolcache/Python/3.10.18/x64
2025-07-15T19:14:13.0002211Z   Python3_ROOT_DIR: /opt/hostedtoolcache/Python/3.10.18/x64
2025-07-15T19:14:13.0002813Z   LD_LIBRARY_PATH: /opt/hostedtoolcache/Python/3.10.18/x64/lib
2025-07-15T19:14:13.0003326Z ##[endgroup]
2025-07-15T19:14:13.0154807Z Using default tag: latest
2025-07-15T19:14:13.0174746Z The push refers to repository [docker.io/***/flask-ci-cd-demo]
2025-07-15T19:14:13.2402421Z a603ae94f2a5: Preparing
2025-07-15T19:14:13.2403010Z 1fde8252e3d4: Preparing
2025-07-15T19:14:13.2403626Z ddb156cc0023: Preparing
2025-07-15T19:14:13.2404037Z 263f1db454ec: Preparing
2025-07-15T19:14:13.2404434Z 6d6419c61001: Preparing
2025-07-15T19:14:13.2404813Z 31abbb538de0: Preparing
2025-07-15T19:14:13.2405406Z a2ccf7527b3c: Preparing
2025-07-15T19:14:13.2405764Z abd92ba2021e: Preparing
2025-07-15T19:14:13.2406099Z 1bb35e8b4de1: Preparing
2025-07-15T19:14:13.2406450Z 31abbb538de0: Waiting
2025-07-15T19:14:13.2406793Z a2ccf7527b3c: Waiting
2025-07-15T19:14:13.2407126Z abd92ba2021e: Waiting
2025-07-15T19:14:13.2407457Z 1bb35e8b4de1: Waiting
2025-07-15T19:14:15.5727529Z 263f1db454ec: Pushed
2025-07-15T19:14:15.9881034Z 31abbb538de0: Layer already exists
2025-07-15T19:14:16.4654865Z a2ccf7527b3c: Layer already exists
2025-07-15T19:14:16.5532591Z 1fde8252e3d4: Pushed
2025-07-15T19:14:16.8322749Z abd92ba2021e: Layer already exists
2025-07-15T19:14:16.9187152Z 1bb35e8b4de1: Layer already exists
2025-07-15T19:14:17.6684775Z a603ae94f2a5: Pushed
2025-07-15T19:14:19.1193185Z ddb156cc0023: Pushed
2025-07-15T19:14:29.1472630Z 6d6419c61001: Pushed
2025-07-15T19:14:32.5623774Z latest: digest: sha256:5a376a68430b0e76b474506222bb0004efeab3a014aeb8f58992f217ca761cf5 size: 2212
2025-07-15T19:14:32.5693074Z Post job cleanup.
2025-07-15T19:14:32.8867802Z [command]/usr/bin/docker logout 
2025-07-15T19:14:32.8996347Z Removing login credentials for https://index.docker.io/v1/
2025-07-15T19:14:32.9028770Z ##[group]Post cache
2025-07-15T19:14:32.9030532Z State not set
2025-07-15T19:14:32.9031832Z ##[endgroup]
2025-07-15T19:14:32.9150200Z Post job cleanup.
2025-07-15T19:14:33.0710602Z Post job cleanup.
2025-07-15T19:14:33.1465477Z [command]/usr/bin/git version
2025-07-15T19:14:33.1503541Z git version 2.50.1
2025-07-15T19:14:33.1556772Z Temporarily overriding HOME='/home/runner/work/_temp/81e48dae-24dc-4fe9-a714-4eff98e9dbc4' before making global git config changes
2025-07-15T19:14:33.1557849Z Adding repository directory to the temporary git global config as a safe directory
2025-07-15T19:14:33.1558868Z [command]/usr/bin/git config --global --add safe.directory /home/runner/work/testing-CI-CD/testing-CI-CD
2025-07-15T19:14:33.1584735Z [command]/usr/bin/git config --local --name-only --get-regexp core\.sshCommand
2025-07-15T19:14:33.1617341Z [command]/usr/bin/git submodule foreach --recursive sh -c "git config --local --name-only --get-regexp 'core\.sshCommand' && git config --local --unset-all 'core.sshCommand' || :"
2025-07-15T19:14:33.1860375Z [command]/usr/bin/git config --local --name-only --get-regexp http\.https\:\/\/github\.com\/\.extraheader
2025-07-15T19:14:33.1881734Z http.https://github.com/.extraheader
2025-07-15T19:14:33.1893089Z [command]/usr/bin/git config --local --unset-all http.https://github.com/.extraheader
2025-07-15T19:14:33.1923603Z [command]/usr/bin/git submodule foreach --recursive sh -c "git config --local --name-only --get-regexp 'http\.https\:\/\/github\.com\/\.extraheader' && git config --local --unset-all 'http.https://github.com/.extraheader' || :"
2025-07-15T19:14:33.2259719Z Cleaning up orphan processes
