2025-07-15T17:14:29.5796363Z Current runner version: '2.326.0'
2025-07-15T17:14:29.5820604Z ##[group]Runner Image Provisioner
2025-07-15T17:14:29.5821424Z Hosted Compute Agent
2025-07-15T17:14:29.5821988Z Version: 20250711.363
2025-07-15T17:14:29.5822678Z Commit: 6785254374ce925a23743850c1cb91912ce5c14c
2025-07-15T17:14:29.5823358Z Build Date: 2025-07-11T20:04:25Z
2025-07-15T17:14:29.5824438Z ##[endgroup]
2025-07-15T17:14:29.5826001Z ##[group]Operating System
2025-07-15T17:14:29.5827051Z Ubuntu
2025-07-15T17:14:29.5827965Z 24.04.2
2025-07-15T17:14:29.5828902Z LTS
2025-07-15T17:14:29.5829753Z ##[endgroup]
2025-07-15T17:14:29.5830720Z ##[group]Runner Image
2025-07-15T17:14:29.5831970Z Image: ubuntu-24.04
2025-07-15T17:14:29.5833115Z Version: 20250710.1.0
2025-07-15T17:14:29.5835238Z Included Software: https://github.com/actions/runner-images/blob/ubuntu24/20250710.1/images/ubuntu/Ubuntu2404-Readme.md
2025-07-15T17:14:29.5837708Z Image Release: https://github.com/actions/runner-images/releases/tag/ubuntu24%2F20250710.1
2025-07-15T17:14:29.5838730Z ##[endgroup]
2025-07-15T17:14:29.5839907Z ##[group]GITHUB_TOKEN Permissions
2025-07-15T17:14:29.5842775Z Contents: read
2025-07-15T17:14:29.5844073Z Metadata: read
2025-07-15T17:14:29.5844603Z Packages: read
2025-07-15T17:14:29.5845492Z ##[endgroup]
2025-07-15T17:14:29.5847825Z Secret source: Actions
2025-07-15T17:14:29.5848845Z Prepare workflow directory
2025-07-15T17:14:29.6225802Z Prepare all required actions
2025-07-15T17:14:29.6267685Z Getting action download info
2025-07-15T17:14:29.9662277Z ##[group]Download immutable action package 'actions/checkout@v3'
2025-07-15T17:14:29.9663264Z Version: 3.6.0
2025-07-15T17:14:29.9664799Z Digest: sha256:942562b9c7d4b1f2557f1da21f4d3eb4eb4fd01f2ad78b2a6e187d1b193e0a0f
2025-07-15T17:14:29.9666235Z Source commit SHA: f43a0e5ff2bd294095638e18286ca9a3d1956744
2025-07-15T17:14:29.9666903Z ##[endgroup]
2025-07-15T17:14:30.0659826Z ##[group]Download immutable action package 'actions/setup-python@v4'
2025-07-15T17:14:30.0660698Z Version: 4.9.1
2025-07-15T17:14:30.0661538Z Digest: sha256:f03e505388af670b5a108629e0ba26befc08d5c62b41f46146a45fe29ae509a5
2025-07-15T17:14:30.0662531Z Source commit SHA: 7f4fc3e22c37d6ff65e88745f38bd3157c663f7c
2025-07-15T17:14:30.0663255Z ##[endgroup]
2025-07-15T17:14:30.4731242Z ##[group]Download immutable action package 'docker/login-action@v3'
2025-07-15T17:14:30.4732056Z Version: 3.4.0
2025-07-15T17:14:30.4732848Z Digest: sha256:864ebd28db095e1602e6ef999f46a4f575083ea874918fbccf0994c2a7680450
2025-07-15T17:14:30.4733811Z Source commit SHA: 74a5d142397b4f367a81961eba4e8cd7edddf772
2025-07-15T17:14:30.4734502Z ##[endgroup]
2025-07-15T17:14:31.0318107Z Complete job name: build-test-deploy
2025-07-15T17:14:31.1000312Z ##[group]Run actions/checkout@v3
2025-07-15T17:14:31.1001212Z with:
2025-07-15T17:14:31.1001739Z   repository: ***/testing-CI-CD
2025-07-15T17:14:31.1002394Z   token: ***
2025-07-15T17:14:31.1002818Z   ssh-strict: true
2025-07-15T17:14:31.1003284Z   persist-credentials: true
2025-07-15T17:14:31.1003785Z   clean: true
2025-07-15T17:14:31.1004249Z   sparse-checkout-cone-mode: true
2025-07-15T17:14:31.1004777Z   fetch-depth: 1
2025-07-15T17:14:31.1005439Z   fetch-tags: false
2025-07-15T17:14:31.1005869Z   lfs: false
2025-07-15T17:14:31.1006283Z   submodules: false
2025-07-15T17:14:31.1006945Z   set-safe-directory: true
2025-07-15T17:14:31.1007761Z ##[endgroup]
2025-07-15T17:14:31.1856559Z Syncing repository: ***/testing-CI-CD
2025-07-15T17:14:31.1858373Z ##[group]Getting Git version info
2025-07-15T17:14:31.1859200Z Working directory is '/home/runner/work/testing-CI-CD/testing-CI-CD'
2025-07-15T17:14:31.1860291Z [command]/usr/bin/git version
2025-07-15T17:14:31.1890992Z git version 2.50.1
2025-07-15T17:14:31.1917739Z ##[endgroup]
2025-07-15T17:14:31.1931737Z Temporarily overriding HOME='/home/runner/work/_temp/3287db85-84d3-498f-a465-39d4cfcb8beb' before making global git config changes
2025-07-15T17:14:31.1934114Z Adding repository directory to the temporary git global config as a safe directory
2025-07-15T17:14:31.1936353Z [command]/usr/bin/git config --global --add safe.directory /home/runner/work/testing-CI-CD/testing-CI-CD
2025-07-15T17:14:31.1966783Z Deleting the contents of '/home/runner/work/testing-CI-CD/testing-CI-CD'
2025-07-15T17:14:31.1970300Z ##[group]Initializing the repository
2025-07-15T17:14:31.1972987Z [command]/usr/bin/git init /home/runner/work/testing-CI-CD/testing-CI-CD
2025-07-15T17:14:31.2055882Z hint: Using 'master' as the name for the initial branch. This default branch name
2025-07-15T17:14:31.2057874Z hint: is subject to change. To configure the initial branch name to use in all
2025-07-15T17:14:31.2059941Z hint: of your new repositories, which will suppress this warning, call:
2025-07-15T17:14:31.2060905Z hint:
2025-07-15T17:14:31.2061466Z hint: 	git config --global init.defaultBranch <name>
2025-07-15T17:14:31.2062157Z hint:
2025-07-15T17:14:31.2062802Z hint: Names commonly chosen instead of 'master' are 'main', 'trunk' and
2025-07-15T17:14:31.2063914Z hint: 'development'. The just-created branch can be renamed via this command:
2025-07-15T17:14:31.2064705Z hint:
2025-07-15T17:14:31.2065459Z hint: 	git branch -m <name>
2025-07-15T17:14:31.2065947Z hint:
2025-07-15T17:14:31.2066586Z hint: Disable this message with "git config set advice.defaultBranchName false"
2025-07-15T17:14:31.2067693Z Initialized empty Git repository in /home/runner/work/testing-CI-CD/testing-CI-CD/.git/
2025-07-15T17:14:31.2070399Z [command]/usr/bin/git remote add origin https://github.com/***/testing-CI-CD
2025-07-15T17:14:31.2102245Z ##[endgroup]
2025-07-15T17:14:31.2103027Z ##[group]Disabling automatic garbage collection
2025-07-15T17:14:31.2106644Z [command]/usr/bin/git config --local gc.auto 0
2025-07-15T17:14:31.2132525Z ##[endgroup]
2025-07-15T17:14:31.2133906Z ##[group]Setting up auth
2025-07-15T17:14:31.2138711Z [command]/usr/bin/git config --local --name-only --get-regexp core\.sshCommand
2025-07-15T17:14:31.2165715Z [command]/usr/bin/git submodule foreach --recursive sh -c "git config --local --name-only --get-regexp 'core\.sshCommand' && git config --local --unset-all 'core.sshCommand' || :"
2025-07-15T17:14:31.2458401Z [command]/usr/bin/git config --local --name-only --get-regexp http\.https\:\/\/github\.com\/\.extraheader
2025-07-15T17:14:31.2485326Z [command]/usr/bin/git submodule foreach --recursive sh -c "git config --local --name-only --get-regexp 'http\.https\:\/\/github\.com\/\.extraheader' && git config --local --unset-all 'http.https://github.com/.extraheader' || :"
2025-07-15T17:14:31.2697779Z [command]/usr/bin/git config --local http.https://github.com/.extraheader AUTHORIZATION: basic ***
2025-07-15T17:14:31.2729643Z ##[endgroup]
2025-07-15T17:14:31.2731420Z ##[group]Fetching the repository
2025-07-15T17:14:31.2739569Z [command]/usr/bin/git -c protocol.version=2 fetch --no-tags --prune --progress --no-recurse-submodules --depth=1 origin +8adaa750de29d71c505c1e86623b5155ff6c4b23:refs/remotes/origin/main
2025-07-15T17:14:31.5112113Z remote: Enumerating objects: 4153, done.        
2025-07-15T17:14:31.5114357Z remote: Counting objects:   0% (1/4153)        
2025-07-15T17:14:31.5115855Z remote: Counting objects:   1% (42/4153)        
2025-07-15T17:14:31.5117053Z remote: Counting objects:   2% (84/4153)        
2025-07-15T17:14:31.5118269Z remote: Counting objects:   3% (125/4153)        
2025-07-15T17:14:31.5119522Z remote: Counting objects:   4% (167/4153)        
2025-07-15T17:14:31.5120734Z remote: Counting objects:   5% (208/4153)        
2025-07-15T17:14:31.5121949Z remote: Counting objects:   6% (250/4153)        
2025-07-15T17:14:31.5123104Z remote: Counting objects:   7% (291/4153)        
2025-07-15T17:14:31.5124254Z remote: Counting objects:   8% (333/4153)        
2025-07-15T17:14:31.5125672Z remote: Counting objects:   9% (374/4153)        
2025-07-15T17:14:31.5126865Z remote: Counting objects:  10% (416/4153)        
2025-07-15T17:14:31.5128011Z remote: Counting objects:  11% (457/4153)        
2025-07-15T17:14:31.5129190Z remote: Counting objects:  12% (499/4153)        
2025-07-15T17:14:31.5130386Z remote: Counting objects:  13% (540/4153)        
2025-07-15T17:14:31.5131879Z remote: Counting objects:  14% (582/4153)        
2025-07-15T17:14:31.5133010Z remote: Counting objects:  15% (623/4153)        
2025-07-15T17:14:31.5134137Z remote: Counting objects:  16% (665/4153)        
2025-07-15T17:14:31.5135546Z remote: Counting objects:  17% (707/4153)        
2025-07-15T17:14:31.5136793Z remote: Counting objects:  18% (748/4153)        
2025-07-15T17:14:31.5137950Z remote: Counting objects:  19% (790/4153)        
2025-07-15T17:14:31.5139122Z remote: Counting objects:  20% (831/4153)        
2025-07-15T17:14:31.5140281Z remote: Counting objects:  21% (873/4153)        
2025-07-15T17:14:31.5141430Z remote: Counting objects:  22% (914/4153)        
2025-07-15T17:14:31.5142588Z remote: Counting objects:  23% (956/4153)        
2025-07-15T17:14:31.5143797Z remote: Counting objects:  24% (997/4153)        
2025-07-15T17:14:31.5145241Z remote: Counting objects:  25% (1039/4153)        
2025-07-15T17:14:31.5146598Z remote: Counting objects:  26% (1080/4153)        
2025-07-15T17:14:31.5147807Z remote: Counting objects:  27% (1122/4153)        
2025-07-15T17:14:31.5149081Z remote: Counting objects:  28% (1163/4153)        
2025-07-15T17:14:31.5150273Z remote: Counting objects:  29% (1205/4153)        
2025-07-15T17:14:31.5151469Z remote: Counting objects:  30% (1246/4153)        
2025-07-15T17:14:31.5152639Z remote: Counting objects:  31% (1288/4153)        
2025-07-15T17:14:31.5153817Z remote: Counting objects:  32% (1329/4153)        
2025-07-15T17:14:31.5155244Z remote: Counting objects:  33% (1371/4153)        
2025-07-15T17:14:31.5156536Z remote: Counting objects:  34% (1413/4153)        
2025-07-15T17:14:31.5157740Z remote: Counting objects:  35% (1454/4153)        
2025-07-15T17:14:31.5158917Z remote: Counting objects:  36% (1496/4153)        
2025-07-15T17:14:31.5160068Z remote: Counting objects:  37% (1537/4153)        
2025-07-15T17:14:31.5161239Z remote: Counting objects:  38% (1579/4153)        
2025-07-15T17:14:31.5162451Z remote: Counting objects:  39% (1620/4153)        
2025-07-15T17:14:31.5163645Z remote: Counting objects:  40% (1662/4153)        
2025-07-15T17:14:31.5165041Z remote: Counting objects:  41% (1703/4153)        
2025-07-15T17:14:31.5166265Z remote: Counting objects:  42% (1745/4153)        
2025-07-15T17:14:31.5167442Z remote: Counting objects:  43% (1786/4153)        
2025-07-15T17:14:31.5168560Z remote: Counting objects:  44% (1828/4153)        
2025-07-15T17:14:31.5169686Z remote: Counting objects:  45% (1869/4153)        
2025-07-15T17:14:31.5170797Z remote: Counting objects:  46% (1911/4153)        
2025-07-15T17:14:31.5172157Z remote: Counting objects:  47% (1952/4153)        
2025-07-15T17:14:31.5173280Z remote: Counting objects:  48% (1994/4153)        
2025-07-15T17:14:31.5174412Z remote: Counting objects:  49% (2035/4153)        
2025-07-15T17:14:31.5175794Z remote: Counting objects:  50% (2077/4153)        
2025-07-15T17:14:31.5176921Z remote: Counting objects:  51% (2119/4153)        
2025-07-15T17:14:31.5178083Z remote: Counting objects:  52% (2160/4153)        
2025-07-15T17:14:31.5179244Z remote: Counting objects:  53% (2202/4153)        
2025-07-15T17:14:31.5180400Z remote: Counting objects:  54% (2243/4153)        
2025-07-15T17:14:31.5181507Z remote: Counting objects:  55% (2285/4153)        
2025-07-15T17:14:31.5182587Z remote: Counting objects:  56% (2326/4153)        
2025-07-15T17:14:31.5183691Z remote: Counting objects:  57% (2368/4153)        
2025-07-15T17:14:31.5185058Z remote: Counting objects:  58% (2409/4153)        
2025-07-15T17:14:31.5186195Z remote: Counting objects:  59% (2451/4153)        
2025-07-15T17:14:31.5187345Z remote: Counting objects:  60% (2492/4153)        
2025-07-15T17:14:31.5188493Z remote: Counting objects:  61% (2534/4153)        
2025-07-15T17:14:31.5189568Z remote: Counting objects:  62% (2575/4153)        
2025-07-15T17:14:31.5190726Z remote: Counting objects:  63% (2617/4153)        
2025-07-15T17:14:31.5191919Z remote: Counting objects:  64% (2658/4153)        
2025-07-15T17:14:31.5193387Z remote: Counting objects:  65% (2700/4153)        
2025-07-15T17:14:31.5194608Z remote: Counting objects:  66% (2741/4153)        
2025-07-15T17:14:31.5196015Z remote: Counting objects:  67% (2783/4153)        
2025-07-15T17:14:31.5197177Z remote: Counting objects:  68% (2825/4153)        
2025-07-15T17:14:31.5198368Z remote: Counting objects:  69% (2866/4153)        
2025-07-15T17:14:31.5199512Z remote: Counting objects:  70% (2908/4153)        
2025-07-15T17:14:31.5200706Z remote: Counting objects:  71% (2949/4153)        
2025-07-15T17:14:31.5201882Z remote: Counting objects:  72% (2991/4153)        
2025-07-15T17:14:31.5203092Z remote: Counting objects:  73% (3032/4153)        
2025-07-15T17:14:31.5204300Z remote: Counting objects:  74% (3074/4153)        
2025-07-15T17:14:31.5205752Z remote: Counting objects:  75% (3115/4153)        
2025-07-15T17:14:31.5207011Z remote: Counting objects:  76% (3157/4153)        
2025-07-15T17:14:31.5208204Z remote: Counting objects:  77% (3198/4153)        
2025-07-15T17:14:31.5209410Z remote: Counting objects:  78% (3240/4153)        
2025-07-15T17:14:31.5210612Z remote: Counting objects:  79% (3281/4153)        
2025-07-15T17:14:31.5211765Z remote: Counting objects:  80% (3323/4153)        
2025-07-15T17:14:31.5212911Z remote: Counting objects:  81% (3364/4153)        
2025-07-15T17:14:31.5214013Z remote: Counting objects:  82% (3406/4153)        
2025-07-15T17:14:31.5215401Z remote: Counting objects:  83% (3447/4153)        
2025-07-15T17:14:31.5216511Z remote: Counting objects:  84% (3489/4153)        
2025-07-15T17:14:31.5217625Z remote: Counting objects:  85% (3531/4153)        
2025-07-15T17:14:31.5218738Z remote: Counting objects:  86% (3572/4153)        
2025-07-15T17:14:31.5220813Z remote: Counting objects:  87% (3614/4153)        
2025-07-15T17:14:31.5222139Z remote: Counting objects:  88% (3655/4153)        
2025-07-15T17:14:31.5223459Z remote: Counting objects:  89% (3697/4153)        
2025-07-15T17:14:31.5225148Z remote: Counting objects:  90% (3738/4153)        
2025-07-15T17:14:31.5226637Z remote: Counting objects:  91% (3780/4153)        
2025-07-15T17:14:31.5228059Z remote: Counting objects:  92% (3821/4153)        
2025-07-15T17:14:31.5229515Z remote: Counting objects:  93% (3863/4153)        
2025-07-15T17:14:31.5230961Z remote: Counting objects:  94% (3904/4153)        
2025-07-15T17:14:31.5232348Z remote: Counting objects:  95% (3946/4153)        
2025-07-15T17:14:31.5233739Z remote: Counting objects:  96% (3987/4153)        
2025-07-15T17:14:31.5235382Z remote: Counting objects:  97% (4029/4153)        
2025-07-15T17:14:31.5237018Z remote: Counting objects:  98% (4070/4153)        
2025-07-15T17:14:31.5238419Z remote: Counting objects:  99% (4112/4153)        
2025-07-15T17:14:31.5239789Z remote: Counting objects: 100% (4153/4153)        
2025-07-15T17:14:31.5241257Z remote: Counting objects: 100% (4153/4153), done.        
2025-07-15T17:14:31.5242698Z remote: Compressing objects:   0% (1/3713)        
2025-07-15T17:14:31.5244105Z remote: Compressing objects:   1% (38/3713)        
2025-07-15T17:14:31.5315231Z remote: Compressing objects:   2% (75/3713)        
2025-07-15T17:14:31.5383104Z remote: Compressing objects:   3% (112/3713)        
2025-07-15T17:14:31.5448004Z remote: Compressing objects:   4% (149/3713)        
2025-07-15T17:14:31.5530004Z remote: Compressing objects:   5% (186/3713)        
2025-07-15T17:14:31.5633202Z remote: Compressing objects:   6% (223/3713)        
2025-07-15T17:14:31.5782229Z remote: Compressing objects:   7% (260/3713)        
2025-07-15T17:14:31.5855767Z remote: Compressing objects:   8% (298/3713)        
2025-07-15T17:14:31.6000313Z remote: Compressing objects:   9% (335/3713)        
2025-07-15T17:14:31.6100635Z remote: Compressing objects:  10% (372/3713)        
2025-07-15T17:14:31.6165219Z remote: Compressing objects:  11% (409/3713)        
2025-07-15T17:14:31.6218768Z remote: Compressing objects:  12% (446/3713)        
2025-07-15T17:14:31.6318066Z remote: Compressing objects:  13% (483/3713)        
2025-07-15T17:14:31.6423571Z remote: Compressing objects:  14% (520/3713)        
2025-07-15T17:14:31.6508430Z remote: Compressing objects:  15% (557/3713)        
2025-07-15T17:14:31.6593186Z remote: Compressing objects:  16% (595/3713)        
2025-07-15T17:14:31.6650034Z remote: Compressing objects:  17% (632/3713)        
2025-07-15T17:14:31.6743308Z remote: Compressing objects:  18% (669/3713)        
2025-07-15T17:14:31.6874777Z remote: Compressing objects:  19% (706/3713)        
2025-07-15T17:14:31.6943813Z remote: Compressing objects:  20% (743/3713)        
2025-07-15T17:14:31.7083820Z remote: Compressing objects:  21% (780/3713)        
2025-07-15T17:14:31.7209843Z remote: Compressing objects:  22% (817/3713)        
2025-07-15T17:14:31.7316207Z remote: Compressing objects:  23% (854/3713)        
2025-07-15T17:14:31.7392845Z remote: Compressing objects:  24% (892/3713)        
2025-07-15T17:14:31.7447344Z remote: Compressing objects:  25% (929/3713)        
2025-07-15T17:14:31.7624137Z remote: Compressing objects:  26% (966/3713)        
2025-07-15T17:14:31.7711319Z remote: Compressing objects:  27% (1003/3713)        
2025-07-15T17:14:31.7838561Z remote: Compressing objects:  28% (1040/3713)        
2025-07-15T17:14:31.7954780Z remote: Compressing objects:  29% (1077/3713)        
2025-07-15T17:14:31.8022622Z remote: Compressing objects:  30% (1114/3713)        
2025-07-15T17:14:31.8108454Z remote: Compressing objects:  31% (1152/3713)        
2025-07-15T17:14:31.8202034Z remote: Compressing objects:  32% (1189/3713)        
2025-07-15T17:14:31.8249681Z remote: Compressing objects:  33% (1226/3713)        
2025-07-15T17:14:31.8447114Z remote: Compressing objects:  34% (1263/3713)        
2025-07-15T17:14:31.8509328Z remote: Compressing objects:  35% (1300/3713)        
2025-07-15T17:14:31.8543122Z remote: Compressing objects:  36% (1337/3713)        
2025-07-15T17:14:31.8559843Z remote: Compressing objects:  37% (1374/3713)        
2025-07-15T17:14:31.8583587Z remote: Compressing objects:  38% (1411/3713)        
2025-07-15T17:14:31.8622122Z remote: Compressing objects:  39% (1449/3713)        
2025-07-15T17:14:31.8627499Z remote: Compressing objects:  40% (1486/3713)        
2025-07-15T17:14:31.8634275Z remote: Compressing objects:  41% (1523/3713)        
2025-07-15T17:14:31.8781049Z remote: Compressing objects:  42% (1560/3713)        
2025-07-15T17:14:31.8821462Z remote: Compressing objects:  43% (1597/3713)        
2025-07-15T17:14:31.8826569Z remote: Compressing objects:  44% (1634/3713)        
2025-07-15T17:14:31.9618873Z remote: Compressing objects:  45% (1671/3713)        
2025-07-15T17:14:32.1721174Z remote: Compressing objects:  46% (1708/3713)        
2025-07-15T17:14:32.3083972Z remote: Compressing objects:  47% (1746/3713)        
2025-07-15T17:14:32.4006220Z remote: Compressing objects:  48% (1783/3713)        
2025-07-15T17:14:32.4745961Z remote: Compressing objects:  49% (1820/3713)        
2025-07-15T17:14:32.5137381Z remote: Compressing objects:  50% (1857/3713)        
2025-07-15T17:14:32.5490857Z remote: Compressing objects:  50% (1877/3713)        
2025-07-15T17:14:32.6192503Z remote: Compressing objects:  51% (1894/3713)        
2025-07-15T17:14:32.6693062Z remote: Compressing objects:  52% (1931/3713)        
2025-07-15T17:14:32.7129557Z remote: Compressing objects:  53% (1968/3713)        
2025-07-15T17:14:32.7584558Z remote: Compressing objects:  54% (2006/3713)        
2025-07-15T17:14:32.7982537Z remote: Compressing objects:  55% (2043/3713)        
2025-07-15T17:14:32.8324500Z remote: Compressing objects:  56% (2080/3713)        
2025-07-15T17:14:32.8636219Z remote: Compressing objects:  57% (2117/3713)        
2025-07-15T17:14:32.8924565Z remote: Compressing objects:  58% (2154/3713)        
2025-07-15T17:14:32.9156330Z remote: Compressing objects:  59% (2191/3713)        
2025-07-15T17:14:32.9386994Z remote: Compressing objects:  60% (2228/3713)        
2025-07-15T17:14:32.9550488Z remote: Compressing objects:  61% (2265/3713)        
2025-07-15T17:14:32.9726277Z remote: Compressing objects:  62% (2303/3713)        
2025-07-15T17:14:32.9875569Z remote: Compressing objects:  63% (2340/3713)        
2025-07-15T17:14:33.0038377Z remote: Compressing objects:  64% (2377/3713)        
2025-07-15T17:14:33.0168828Z remote: Compressing objects:  65% (2414/3713)        
2025-07-15T17:14:33.0288779Z remote: Compressing objects:  66% (2451/3713)        
2025-07-15T17:14:33.0405050Z remote: Compressing objects:  67% (2488/3713)        
2025-07-15T17:14:33.0512772Z remote: Compressing objects:  68% (2525/3713)        
2025-07-15T17:14:33.0602182Z remote: Compressing objects:  69% (2562/3713)        
2025-07-15T17:14:33.0691357Z remote: Compressing objects:  70% (2600/3713)        
2025-07-15T17:14:33.0766527Z remote: Compressing objects:  71% (2637/3713)        
2025-07-15T17:14:33.0841162Z remote: Compressing objects:  72% (2674/3713)        
2025-07-15T17:14:33.0900758Z remote: Compressing objects:  73% (2711/3713)        
2025-07-15T17:14:33.0960756Z remote: Compressing objects:  74% (2748/3713)        
2025-07-15T17:14:33.1001341Z remote: Compressing objects:  75% (2785/3713)        
2025-07-15T17:14:33.1051415Z remote: Compressing objects:  76% (2822/3713)        
2025-07-15T17:14:33.1093214Z remote: Compressing objects:  77% (2860/3713)        
2025-07-15T17:14:33.1127730Z remote: Compressing objects:  78% (2897/3713)        
2025-07-15T17:14:33.1157638Z remote: Compressing objects:  79% (2934/3713)        
2025-07-15T17:14:33.1187254Z remote: Compressing objects:  80% (2971/3713)        
2025-07-15T17:14:33.1210213Z remote: Compressing objects:  81% (3008/3713)        
2025-07-15T17:14:33.1227836Z remote: Compressing objects:  82% (3045/3713)        
2025-07-15T17:14:33.1241050Z remote: Compressing objects:  83% (3082/3713)        
2025-07-15T17:14:33.1248731Z remote: Compressing objects:  84% (3119/3713)        
2025-07-15T17:14:33.1251962Z remote: Compressing objects:  85% (3157/3713)        
2025-07-15T17:14:33.1254411Z remote: Compressing objects:  86% (3194/3713)        
2025-07-15T17:14:33.1257641Z remote: Compressing objects:  87% (3231/3713)        
2025-07-15T17:14:33.1280095Z remote: Compressing objects:  88% (3268/3713)        
2025-07-15T17:14:33.1365240Z remote: Compressing objects:  89% (3305/3713)        
2025-07-15T17:14:33.1458383Z remote: Compressing objects:  90% (3342/3713)        
2025-07-15T17:14:33.1462116Z remote: Compressing objects:  91% (3379/3713)        
2025-07-15T17:14:33.1465569Z remote: Compressing objects:  92% (3416/3713)        
2025-07-15T17:14:33.1470209Z remote: Compressing objects:  93% (3454/3713)        
2025-07-15T17:14:33.1474386Z remote: Compressing objects:  94% (3491/3713)        
2025-07-15T17:14:33.1479173Z remote: Compressing objects:  95% (3528/3713)        
2025-07-15T17:14:33.1486796Z remote: Compressing objects:  96% (3565/3713)        
2025-07-15T17:14:33.1491074Z remote: Compressing objects:  97% (3602/3713)        
2025-07-15T17:14:33.1496576Z remote: Compressing objects:  98% (3639/3713)        
2025-07-15T17:14:33.1504043Z remote: Compressing objects:  99% (3676/3713)        
2025-07-15T17:14:33.1506630Z remote: Compressing objects: 100% (3713/3713)        
2025-07-15T17:14:33.1509115Z remote: Compressing objects: 100% (3713/3713), done.        
2025-07-15T17:14:33.1699176Z Receiving objects:   0% (1/4153)
2025-07-15T17:14:33.1737281Z Receiving objects:   1% (42/4153)
2025-07-15T17:14:33.2234360Z Receiving objects:   2% (84/4153)
2025-07-15T17:14:33.2297111Z Receiving objects:   3% (125/4153)
2025-07-15T17:14:33.2478631Z Receiving objects:   4% (167/4153)
2025-07-15T17:14:33.2524045Z Receiving objects:   5% (208/4153)
2025-07-15T17:14:33.2559691Z Receiving objects:   6% (250/4153)
2025-07-15T17:14:33.2722653Z Receiving objects:   7% (291/4153)
2025-07-15T17:14:33.2792107Z Receiving objects:   8% (333/4153)
2025-07-15T17:14:33.2873997Z Receiving objects:   9% (374/4153)
2025-07-15T17:14:33.2936121Z Receiving objects:  10% (416/4153)
2025-07-15T17:14:33.2996658Z Receiving objects:  11% (457/4153)
2025-07-15T17:14:33.3141339Z Receiving objects:  12% (499/4153)
2025-07-15T17:14:33.3155779Z Receiving objects:  13% (540/4153)
2025-07-15T17:14:33.3162394Z Receiving objects:  14% (582/4153)
2025-07-15T17:14:33.3173859Z Receiving objects:  15% (623/4153)
2025-07-15T17:14:33.3188776Z Receiving objects:  16% (665/4153)
2025-07-15T17:14:33.3215608Z Receiving objects:  17% (707/4153)
2025-07-15T17:14:33.3254660Z Receiving objects:  18% (748/4153)
2025-07-15T17:14:33.3288525Z Receiving objects:  19% (790/4153)
2025-07-15T17:14:33.3346540Z Receiving objects:  20% (831/4153)
2025-07-15T17:14:33.3359439Z Receiving objects:  21% (873/4153)
2025-07-15T17:14:33.3446357Z Receiving objects:  22% (914/4153)
2025-07-15T17:14:33.3490829Z Receiving objects:  23% (956/4153)
2025-07-15T17:14:33.3513591Z Receiving objects:  24% (997/4153)
2025-07-15T17:14:33.3526147Z Receiving objects:  25% (1039/4153)
2025-07-15T17:14:33.3541954Z Receiving objects:  26% (1080/4153)
2025-07-15T17:14:33.3555387Z Receiving objects:  27% (1122/4153)
2025-07-15T17:14:33.3571390Z Receiving objects:  28% (1163/4153)
2025-07-15T17:14:33.3616664Z Receiving objects:  29% (1205/4153)
2025-07-15T17:14:33.3657275Z Receiving objects:  30% (1246/4153)
2025-07-15T17:14:33.3688855Z Receiving objects:  31% (1288/4153)
2025-07-15T17:14:33.3718390Z Receiving objects:  32% (1329/4153)
2025-07-15T17:14:33.3748035Z Receiving objects:  33% (1371/4153)
2025-07-15T17:14:33.3772376Z Receiving objects:  34% (1413/4153)
2025-07-15T17:14:33.3797777Z Receiving objects:  35% (1454/4153)
2025-07-15T17:14:33.3832262Z Receiving objects:  36% (1496/4153)
2025-07-15T17:14:33.3867270Z Receiving objects:  37% (1537/4153)
2025-07-15T17:14:33.3889303Z Receiving objects:  38% (1579/4153)
2025-07-15T17:14:33.3926605Z Receiving objects:  39% (1620/4153)
2025-07-15T17:14:33.3985601Z Receiving objects:  40% (1662/4153)
2025-07-15T17:14:33.4100596Z Receiving objects:  41% (1703/4153)
2025-07-15T17:14:33.4127406Z Receiving objects:  42% (1745/4153)
2025-07-15T17:14:33.4211336Z Receiving objects:  43% (1786/4153)
2025-07-15T17:14:33.4251748Z Receiving objects:  44% (1828/4153)
2025-07-15T17:14:33.4292833Z Receiving objects:  45% (1869/4153)
2025-07-15T17:14:33.4331017Z Receiving objects:  46% (1911/4153)
2025-07-15T17:14:33.4395952Z Receiving objects:  47% (1952/4153)
2025-07-15T17:14:33.4524579Z Receiving objects:  48% (1994/4153)
2025-07-15T17:14:33.4571293Z Receiving objects:  49% (2035/4153)
2025-07-15T17:14:33.4608525Z Receiving objects:  50% (2077/4153)
2025-07-15T17:14:33.4692288Z Receiving objects:  51% (2119/4153)
2025-07-15T17:14:33.4770868Z Receiving objects:  52% (2160/4153)
2025-07-15T17:14:33.4824957Z Receiving objects:  53% (2202/4153)
2025-07-15T17:14:33.4871821Z Receiving objects:  54% (2243/4153)
2025-07-15T17:14:33.4922216Z Receiving objects:  55% (2285/4153)
2025-07-15T17:14:33.4958072Z Receiving objects:  56% (2326/4153)
2025-07-15T17:14:33.5000086Z Receiving objects:  57% (2368/4153)
2025-07-15T17:14:33.5025246Z Receiving objects:  58% (2409/4153)
2025-07-15T17:14:33.5046926Z Receiving objects:  59% (2451/4153)
2025-07-15T17:14:33.5060426Z Receiving objects:  60% (2492/4153)
2025-07-15T17:14:33.5124151Z Receiving objects:  61% (2534/4153)
2025-07-15T17:14:33.5166051Z Receiving objects:  62% (2575/4153)
2025-07-15T17:14:33.5209637Z Receiving objects:  63% (2617/4153)
2025-07-15T17:14:33.5285925Z Receiving objects:  64% (2658/4153)
2025-07-15T17:14:33.5322283Z Receiving objects:  65% (2700/4153)
2025-07-15T17:14:33.5445304Z Receiving objects:  66% (2741/4153)
2025-07-15T17:14:33.5515151Z Receiving objects:  67% (2783/4153)
2025-07-15T17:14:33.5554708Z Receiving objects:  68% (2825/4153)
2025-07-15T17:14:33.5589872Z Receiving objects:  69% (2866/4153)
2025-07-15T17:14:33.5657957Z Receiving objects:  70% (2908/4153)
2025-07-15T17:14:33.5696549Z Receiving objects:  71% (2949/4153)
2025-07-15T17:14:33.5730930Z Receiving objects:  72% (2991/4153)
2025-07-15T17:14:33.5749073Z Receiving objects:  73% (3032/4153)
2025-07-15T17:14:33.5764580Z Receiving objects:  74% (3074/4153)
2025-07-15T17:14:33.5775110Z Receiving objects:  75% (3115/4153)
2025-07-15T17:14:33.5796338Z Receiving objects:  76% (3157/4153)
2025-07-15T17:14:33.5850329Z Receiving objects:  77% (3198/4153)
2025-07-15T17:14:33.5979931Z Receiving objects:  78% (3240/4153)
2025-07-15T17:14:33.6050873Z Receiving objects:  79% (3281/4153)
2025-07-15T17:14:33.6096272Z Receiving objects:  80% (3323/4153)
2025-07-15T17:14:33.6129324Z Receiving objects:  81% (3364/4153)
2025-07-15T17:14:33.6166550Z Receiving objects:  82% (3406/4153)
2025-07-15T17:14:33.6175321Z Receiving objects:  83% (3447/4153)
2025-07-15T17:14:33.6186700Z Receiving objects:  84% (3489/4153)
2025-07-15T17:14:33.6199067Z Receiving objects:  85% (3531/4153)
2025-07-15T17:14:33.6208160Z Receiving objects:  86% (3572/4153)
2025-07-15T17:14:33.6216328Z Receiving objects:  87% (3614/4153)
2025-07-15T17:14:33.6226270Z Receiving objects:  88% (3655/4153)
2025-07-15T17:14:33.6230521Z Receiving objects:  89% (3697/4153)
2025-07-15T17:14:33.6240468Z Receiving objects:  90% (3738/4153)
2025-07-15T17:14:33.6268491Z Receiving objects:  91% (3780/4153)
2025-07-15T17:14:33.6278789Z Receiving objects:  92% (3821/4153)
2025-07-15T17:14:33.6296611Z Receiving objects:  93% (3863/4153)
2025-07-15T17:14:33.6301151Z Receiving objects:  94% (3904/4153)
2025-07-15T17:14:33.6348331Z Receiving objects:  95% (3946/4153)
2025-07-15T17:14:33.6370198Z Receiving objects:  96% (3987/4153)
2025-07-15T17:14:33.6429942Z Receiving objects:  97% (4029/4153)
2025-07-15T17:14:33.6466665Z Receiving objects:  98% (4070/4153)
2025-07-15T17:14:33.6501543Z Receiving objects:  99% (4112/4153)
2025-07-15T17:14:33.6502403Z remote: Total 4153 (delta 618), reused 3841 (delta 395), pack-reused 0 (from 0)        
2025-07-15T17:14:33.6519138Z Receiving objects: 100% (4153/4153)
2025-07-15T17:14:33.6519890Z Receiving objects: 100% (4153/4153), 14.00 MiB | 28.05 MiB/s, done.
2025-07-15T17:14:33.6522653Z Resolving deltas:   0% (0/618)
2025-07-15T17:14:33.6523333Z Resolving deltas:   1% (7/618)
2025-07-15T17:14:33.6524037Z Resolving deltas:   2% (13/618)
2025-07-15T17:14:33.6524479Z Resolving deltas:   3% (19/618)
2025-07-15T17:14:33.6526522Z Resolving deltas:   4% (25/618)
2025-07-15T17:14:33.6527098Z Resolving deltas:   5% (31/618)
2025-07-15T17:14:33.6532859Z Resolving deltas:   6% (38/618)
2025-07-15T17:14:33.6534321Z Resolving deltas:   7% (44/618)
2025-07-15T17:14:33.6535485Z Resolving deltas:   8% (50/618)
2025-07-15T17:14:33.6541586Z Resolving deltas:   9% (56/618)
2025-07-15T17:14:33.6542266Z Resolving deltas:  10% (62/618)
2025-07-15T17:14:33.6623949Z Resolving deltas:  11% (68/618)
2025-07-15T17:14:33.6654430Z Resolving deltas:  12% (75/618)
2025-07-15T17:14:33.6657209Z Resolving deltas:  13% (81/618)
2025-07-15T17:14:33.6743448Z Resolving deltas:  14% (87/618)
2025-07-15T17:14:33.6743865Z Resolving deltas:  15% (93/618)
2025-07-15T17:14:33.6749776Z Resolving deltas:  16% (99/618)
2025-07-15T17:14:33.6751393Z Resolving deltas:  17% (106/618)
2025-07-15T17:14:33.6752063Z Resolving deltas:  18% (113/618)
2025-07-15T17:14:33.6752643Z Resolving deltas:  19% (118/618)
2025-07-15T17:14:33.6753089Z Resolving deltas:  20% (124/618)
2025-07-15T17:14:33.6753485Z Resolving deltas:  21% (130/618)
2025-07-15T17:14:33.6753902Z Resolving deltas:  22% (136/618)
2025-07-15T17:14:33.6754299Z Resolving deltas:  23% (143/618)
2025-07-15T17:14:33.6754661Z Resolving deltas:  24% (149/618)
2025-07-15T17:14:33.6755236Z Resolving deltas:  25% (155/618)
2025-07-15T17:14:33.6755612Z Resolving deltas:  26% (161/618)
2025-07-15T17:14:33.6755971Z Resolving deltas:  27% (167/618)
2025-07-15T17:14:33.6756332Z Resolving deltas:  28% (174/618)
2025-07-15T17:14:33.6756696Z Resolving deltas:  29% (181/618)
2025-07-15T17:14:33.6757061Z Resolving deltas:  30% (186/618)
2025-07-15T17:14:33.6757425Z Resolving deltas:  31% (193/618)
2025-07-15T17:14:33.6757788Z Resolving deltas:  32% (198/618)
2025-07-15T17:14:33.6758149Z Resolving deltas:  33% (204/618)
2025-07-15T17:14:33.6758370Z Resolving deltas:  34% (211/618)
2025-07-15T17:14:33.6758595Z Resolving deltas:  35% (217/618)
2025-07-15T17:14:33.6759012Z Resolving deltas:  36% (223/618)
2025-07-15T17:14:33.6759233Z Resolving deltas:  37% (229/618)
2025-07-15T17:14:33.6759448Z Resolving deltas:  38% (235/618)
2025-07-15T17:14:33.6759746Z Resolving deltas:  39% (242/618)
2025-07-15T17:14:33.6761074Z Resolving deltas:  40% (248/618)
2025-07-15T17:14:33.6765544Z Resolving deltas:  41% (254/618)
2025-07-15T17:14:33.6772290Z Resolving deltas:  42% (260/618)
2025-07-15T17:14:33.6774654Z Resolving deltas:  43% (266/618)
2025-07-15T17:14:33.6780717Z Resolving deltas:  44% (272/618)
2025-07-15T17:14:33.6790008Z Resolving deltas:  45% (279/618)
2025-07-15T17:14:33.6797503Z Resolving deltas:  46% (285/618)
2025-07-15T17:14:33.6803870Z Resolving deltas:  47% (291/618)
2025-07-15T17:14:33.6804660Z Resolving deltas:  48% (297/618)
2025-07-15T17:14:33.6813776Z Resolving deltas:  49% (303/618)
2025-07-15T17:14:33.6822106Z Resolving deltas:  50% (309/618)
2025-07-15T17:14:33.6828990Z Resolving deltas:  51% (316/618)
2025-07-15T17:14:33.6832012Z Resolving deltas:  52% (322/618)
2025-07-15T17:14:33.6836799Z Resolving deltas:  53% (329/618)
2025-07-15T17:14:33.6840725Z Resolving deltas:  54% (334/618)
2025-07-15T17:14:33.6850030Z Resolving deltas:  55% (340/618)
2025-07-15T17:14:33.6855598Z Resolving deltas:  56% (347/618)
2025-07-15T17:14:33.6860365Z Resolving deltas:  57% (353/618)
2025-07-15T17:14:33.6868721Z Resolving deltas:  58% (359/618)
2025-07-15T17:14:33.6872467Z Resolving deltas:  59% (365/618)
2025-07-15T17:14:33.6878807Z Resolving deltas:  60% (371/618)
2025-07-15T17:14:33.6887161Z Resolving deltas:  61% (377/618)
2025-07-15T17:14:33.6890727Z Resolving deltas:  62% (384/618)
2025-07-15T17:14:33.6900245Z Resolving deltas:  63% (390/618)
2025-07-15T17:14:33.6906714Z Resolving deltas:  64% (396/618)
2025-07-15T17:14:33.6909976Z Resolving deltas:  65% (402/618)
2025-07-15T17:14:33.6913509Z Resolving deltas:  66% (408/618)
2025-07-15T17:14:33.6916890Z Resolving deltas:  67% (416/618)
2025-07-15T17:14:33.6922215Z Resolving deltas:  68% (421/618)
2025-07-15T17:14:33.6927424Z Resolving deltas:  69% (427/618)
2025-07-15T17:14:33.6933059Z Resolving deltas:  70% (434/618)
2025-07-15T17:14:33.6936979Z Resolving deltas:  71% (439/618)
2025-07-15T17:14:33.6941452Z Resolving deltas:  72% (445/618)
2025-07-15T17:14:33.6948413Z Resolving deltas:  73% (452/618)
2025-07-15T17:14:33.6957890Z Resolving deltas:  74% (458/618)
2025-07-15T17:14:33.6962851Z Resolving deltas:  75% (464/618)
2025-07-15T17:14:33.6966550Z Resolving deltas:  76% (470/618)
2025-07-15T17:14:33.6971419Z Resolving deltas:  77% (476/618)
2025-07-15T17:14:33.6978686Z Resolving deltas:  78% (483/618)
2025-07-15T17:14:33.6983944Z Resolving deltas:  79% (490/618)
2025-07-15T17:14:33.6986094Z Resolving deltas:  80% (495/618)
2025-07-15T17:14:33.6987053Z Resolving deltas:  81% (501/618)
2025-07-15T17:14:33.6990465Z Resolving deltas:  82% (507/618)
2025-07-15T17:14:33.7007925Z Resolving deltas:  83% (513/618)
2025-07-15T17:14:33.7021564Z Resolving deltas:  84% (520/618)
2025-07-15T17:14:33.7034520Z Resolving deltas:  85% (526/618)
2025-07-15T17:14:33.7036806Z Resolving deltas:  86% (532/618)
2025-07-15T17:14:33.7043949Z Resolving deltas:  87% (538/618)
2025-07-15T17:14:33.7057492Z Resolving deltas:  88% (544/618)
2025-07-15T17:14:33.7068704Z Resolving deltas:  89% (551/618)
2025-07-15T17:14:33.7074675Z Resolving deltas:  90% (557/618)
2025-07-15T17:14:33.7076425Z Resolving deltas:  91% (563/618)
2025-07-15T17:14:33.7078121Z Resolving deltas:  92% (569/618)
2025-07-15T17:14:33.7079425Z Resolving deltas:  93% (575/618)
2025-07-15T17:14:33.7081234Z Resolving deltas:  94% (581/618)
2025-07-15T17:14:33.7081884Z Resolving deltas:  95% (588/618)
2025-07-15T17:14:33.7082281Z Resolving deltas:  96% (595/618)
2025-07-15T17:14:33.7082800Z Resolving deltas:  97% (600/618)
2025-07-15T17:14:33.7083176Z Resolving deltas:  98% (606/618)
2025-07-15T17:14:33.7087007Z Resolving deltas:  99% (612/618)
2025-07-15T17:14:33.7088489Z Resolving deltas: 100% (618/618)
2025-07-15T17:14:33.7088885Z Resolving deltas: 100% (618/618), done.
2025-07-15T17:14:33.7281353Z From https://github.com/***/testing-CI-CD
2025-07-15T17:14:33.7282070Z  * [new ref]         8adaa750de29d71c505c1e86623b5155ff6c4b23 -> origin/main
2025-07-15T17:14:33.7308857Z ##[endgroup]
2025-07-15T17:14:33.7309239Z ##[group]Determining the checkout info
2025-07-15T17:14:33.7311629Z ##[endgroup]
2025-07-15T17:14:33.7312249Z ##[group]Checking out the ref
2025-07-15T17:14:33.7317003Z [command]/usr/bin/git checkout --progress --force -B main refs/remotes/origin/main
2025-07-15T17:14:34.0748639Z Switched to a new branch 'main'
2025-07-15T17:14:34.0750118Z branch 'main' set up to track 'origin/main'.
2025-07-15T17:14:34.0768746Z ##[endgroup]
2025-07-15T17:14:34.0813127Z [command]/usr/bin/git log -1 --format='%H'
2025-07-15T17:14:34.0828566Z '8adaa750de29d71c505c1e86623b5155ff6c4b23'
2025-07-15T17:14:34.1043092Z ##[group]Run actions/setup-python@v4
2025-07-15T17:14:34.1043360Z with:
2025-07-15T17:14:34.1043542Z   python-version: 3.10
2025-07-15T17:14:34.1043755Z   check-latest: false
2025-07-15T17:14:34.1044092Z   token: ***
2025-07-15T17:14:34.1044277Z   update-environment: true
2025-07-15T17:14:34.1044498Z   allow-prereleases: false
2025-07-15T17:14:34.1044699Z ##[endgroup]
2025-07-15T17:14:34.2809247Z ##[group]Installed versions
2025-07-15T17:14:34.2910417Z Successfully set up CPython (3.10.18)
2025-07-15T17:14:34.2911222Z ##[endgroup]
2025-07-15T17:14:34.3023007Z ##[group]Run python -m pip install --upgrade pip
2025-07-15T17:14:34.3023423Z [36;1mpython -m pip install --upgrade pip[0m
2025-07-15T17:14:34.3023734Z [36;1mpip install -r requirements.txt[0m
2025-07-15T17:14:34.3070418Z shell: /usr/bin/bash -e {0}
2025-07-15T17:14:34.3070672Z env:
2025-07-15T17:14:34.3070925Z   pythonLocation: /opt/hostedtoolcache/Python/3.10.18/x64
2025-07-15T17:14:34.3071344Z   PKG_CONFIG_PATH: /opt/hostedtoolcache/Python/3.10.18/x64/lib/pkgconfig
2025-07-15T17:14:34.3071741Z   Python_ROOT_DIR: /opt/hostedtoolcache/Python/3.10.18/x64
2025-07-15T17:14:34.3072094Z   Python2_ROOT_DIR: /opt/hostedtoolcache/Python/3.10.18/x64
2025-07-15T17:14:34.3072459Z   Python3_ROOT_DIR: /opt/hostedtoolcache/Python/3.10.18/x64
2025-07-15T17:14:34.3072799Z   LD_LIBRARY_PATH: /opt/hostedtoolcache/Python/3.10.18/x64/lib
2025-07-15T17:14:34.3073090Z ##[endgroup]
2025-07-15T17:14:34.9450687Z Requirement already satisfied: pip in /opt/hostedtoolcache/Python/3.10.18/x64/lib/python3.10/site-packages (25.1.1)
2025-07-15T17:14:35.6987387Z Collecting flask==3.0.2 (from -r requirements.txt (line 1))
2025-07-15T17:14:35.7694530Z   Downloading flask-3.0.2-py3-none-any.whl.metadata (3.6 kB)
2025-07-15T17:14:35.8472840Z Collecting pytest==8.2.1 (from -r requirements.txt (line 2))
2025-07-15T17:14:35.8638645Z   Downloading pytest-8.2.1-py3-none-any.whl.metadata (7.6 kB)
2025-07-15T17:14:35.8911891Z Collecting blinker==1.9.0 (from -r requirements.txt (line 3))
2025-07-15T17:14:35.9073998Z   Downloading blinker-1.9.0-py3-none-any.whl.metadata (1.6 kB)
2025-07-15T17:14:35.9409105Z Collecting certifi==2025.1.31 (from -r requirements.txt (line 4))
2025-07-15T17:14:35.9567637Z   Downloading certifi-2025.1.31-py3-none-any.whl.metadata (2.5 kB)
2025-07-15T17:14:36.0701144Z Collecting charset-normalizer==3.4.1 (from -r requirements.txt (line 5))
2025-07-15T17:14:36.0863922Z   Downloading charset_normalizer-3.4.1-cp310-cp310-manylinux_2_17_x86_64.manylinux2014_x86_64.whl.metadata (35 kB)
2025-07-15T17:14:36.1272442Z Collecting click==8.1.8 (from -r requirements.txt (line 6))
2025-07-15T17:14:36.1443522Z   Downloading click-8.1.8-py3-none-any.whl.metadata (2.3 kB)
2025-07-15T17:14:36.1708925Z Collecting dnspython==2.7.0 (from -r requirements.txt (line 7))
2025-07-15T17:14:36.1865437Z   Downloading dnspython-2.7.0-py3-none-any.whl.metadata (5.8 kB)
2025-07-15T17:14:36.1975046Z ERROR: Cannot install Flask==3.1.0 and flask==3.0.2 because these package versions have conflicting dependencies.
2025-07-15T17:14:36.1979428Z 
2025-07-15T17:14:36.1979612Z The conflict is caused by:
2025-07-15T17:14:36.1980085Z     The user requested flask==3.0.2
2025-07-15T17:14:36.1980554Z     The user requested Flask==3.1.0
2025-07-15T17:14:36.1981296Z 
2025-07-15T17:14:36.1981473Z To fix this you could try to:
2025-07-15T17:14:36.1982024Z 1. loosen the range of package versions you've specified
2025-07-15T17:14:36.1982837Z 2. remove package versions to allow pip to attempt to solve the dependency conflict
2025-07-15T17:14:36.1983390Z 
2025-07-15T17:14:36.1989366Z ERROR: ResolutionImpossible: for help visit https://pip.pypa.io/en/latest/topics/dependency-resolution/#dealing-with-dependency-conflicts
2025-07-15T17:14:36.2437725Z ##[error]Process completed with exit code 1.
2025-07-15T17:14:36.2535566Z Post job cleanup.
2025-07-15T17:14:36.3244725Z [command]/usr/bin/git version
2025-07-15T17:14:36.3278647Z git version 2.50.1
2025-07-15T17:14:36.3322931Z Temporarily overriding HOME='/home/runner/work/_temp/1a893ffb-5ac1-45ab-933b-20123f340a79' before making global git config changes
2025-07-15T17:14:36.3324191Z Adding repository directory to the temporary git global config as a safe directory
2025-07-15T17:14:36.3328088Z [command]/usr/bin/git config --global --add safe.directory /home/runner/work/testing-CI-CD/testing-CI-CD
2025-07-15T17:14:36.3359685Z [command]/usr/bin/git config --local --name-only --get-regexp core\.sshCommand
2025-07-15T17:14:36.3388452Z [command]/usr/bin/git submodule foreach --recursive sh -c "git config --local --name-only --get-regexp 'core\.sshCommand' && git config --local --unset-all 'core.sshCommand' || :"
2025-07-15T17:14:36.3622415Z [command]/usr/bin/git config --local --name-only --get-regexp http\.https\:\/\/github\.com\/\.extraheader
2025-07-15T17:14:36.3641646Z http.https://github.com/.extraheader
2025-07-15T17:14:36.3652583Z [command]/usr/bin/git config --local --unset-all http.https://github.com/.extraheader
2025-07-15T17:14:36.3679289Z [command]/usr/bin/git submodule foreach --recursive sh -c "git config --local --name-only --get-regexp 'http\.https\:\/\/github\.com\/\.extraheader' && git config --local --unset-all 'http.https://github.com/.extraheader' || :"
2025-07-15T17:14:36.3999185Z Cleaning up orphan processes
