2025-07-15T17:51:42.9176600Z Current runner version: '2.326.0'
2025-07-15T17:51:42.9211497Z ##[group]Runner Image Provisioner
2025-07-15T17:51:42.9212805Z Hosted Compute Agent
2025-07-15T17:51:42.9213744Z Version: 20250711.363
2025-07-15T17:51:42.9214993Z Commit: 6785254374ce925a23743850c1cb91912ce5c14c
2025-07-15T17:51:42.9216246Z Build Date: 2025-07-11T20:04:25Z
2025-07-15T17:51:42.9217454Z ##[endgroup]
2025-07-15T17:51:42.9218455Z ##[group]Operating System
2025-07-15T17:51:42.9219398Z Ubuntu
2025-07-15T17:51:42.9220273Z 24.04.2
2025-07-15T17:51:42.9221188Z LTS
2025-07-15T17:51:42.9221972Z ##[endgroup]
2025-07-15T17:51:42.9222991Z ##[group]Runner Image
2025-07-15T17:51:42.9223910Z Image: ubuntu-24.04
2025-07-15T17:51:42.9224832Z Version: 20250710.1.0
2025-07-15T17:51:42.9226802Z Included Software: https://github.com/actions/runner-images/blob/ubuntu24/20250710.1/images/ubuntu/Ubuntu2404-Readme.md
2025-07-15T17:51:42.9229454Z Image Release: https://github.com/actions/runner-images/releases/tag/ubuntu24%2F20250710.1
2025-07-15T17:51:42.9231514Z ##[endgroup]
2025-07-15T17:51:42.9233497Z ##[group]GITHUB_TOKEN Permissions
2025-07-15T17:51:42.9236052Z Contents: read
2025-07-15T17:51:42.9236923Z Metadata: read
2025-07-15T17:51:42.9237915Z Packages: read
2025-07-15T17:51:42.9238856Z ##[endgroup]
2025-07-15T17:51:42.9242028Z Secret source: Actions
2025-07-15T17:51:42.9243372Z Prepare workflow directory
2025-07-15T17:51:42.9728236Z Prepare all required actions
2025-07-15T17:51:42.9787277Z Getting action download info
2025-07-15T17:51:43.2213820Z ##[group]Download immutable action package 'actions/checkout@v3'
2025-07-15T17:51:43.2214953Z Version: 3.6.0
2025-07-15T17:51:43.2215950Z Digest: sha256:942562b9c7d4b1f2557f1da21f4d3eb4eb4fd01f2ad78b2a6e187d1b193e0a0f
2025-07-15T17:51:43.2217058Z Source commit SHA: f43a0e5ff2bd294095638e18286ca9a3d1956744
2025-07-15T17:51:43.2217860Z ##[endgroup]
2025-07-15T17:51:43.3138131Z ##[group]Download immutable action package 'actions/setup-python@v4'
2025-07-15T17:51:43.3139039Z Version: 4.9.1
2025-07-15T17:51:43.3139825Z Digest: sha256:f03e505388af670b5a108629e0ba26befc08d5c62b41f46146a45fe29ae509a5
2025-07-15T17:51:43.3140750Z Source commit SHA: 7f4fc3e22c37d6ff65e88745f38bd3157c663f7c
2025-07-15T17:51:43.3141972Z ##[endgroup]
2025-07-15T17:51:43.5023395Z ##[group]Download immutable action package 'docker/login-action@v3'
2025-07-15T17:51:43.5024189Z Version: 3.4.0
2025-07-15T17:51:43.5025056Z Digest: sha256:864ebd28db095e1602e6ef999f46a4f575083ea874918fbccf0994c2a7680450
2025-07-15T17:51:43.5025967Z Source commit SHA: 74a5d142397b4f367a81961eba4e8cd7edddf772
2025-07-15T17:51:43.5026637Z ##[endgroup]
2025-07-15T17:51:43.8717244Z Complete job name: build-test-deploy
2025-07-15T17:51:43.9521634Z ##[group]Run actions/checkout@v3
2025-07-15T17:51:43.9523067Z with:
2025-07-15T17:51:43.9524004Z   repository: ***/testing-CI-CD
2025-07-15T17:51:43.9525310Z   token: ***
2025-07-15T17:51:43.9526121Z   ssh-strict: true
2025-07-15T17:51:43.9527114Z   persist-credentials: true
2025-07-15T17:51:43.9528026Z   clean: true
2025-07-15T17:51:43.9528870Z   sparse-checkout-cone-mode: true
2025-07-15T17:51:43.9529868Z   fetch-depth: 1
2025-07-15T17:51:43.9530666Z   fetch-tags: false
2025-07-15T17:51:43.9531743Z   lfs: false
2025-07-15T17:51:43.9532505Z   submodules: false
2025-07-15T17:51:43.9533351Z   set-safe-directory: true
2025-07-15T17:51:43.9534679Z ##[endgroup]
2025-07-15T17:51:44.0390456Z Syncing repository: ***/testing-CI-CD
2025-07-15T17:51:44.0393524Z ##[group]Getting Git version info
2025-07-15T17:51:44.0395002Z Working directory is '/home/runner/work/testing-CI-CD/testing-CI-CD'
2025-07-15T17:51:44.0397332Z [command]/usr/bin/git version
2025-07-15T17:51:44.0423244Z git version 2.50.1
2025-07-15T17:51:44.0452079Z ##[endgroup]
2025-07-15T17:51:44.0466540Z Temporarily overriding HOME='/home/runner/work/_temp/700e5fcf-5ee1-4f72-bed5-66a65257ce8e' before making global git config changes
2025-07-15T17:51:44.0469918Z Adding repository directory to the temporary git global config as a safe directory
2025-07-15T17:51:44.0472533Z [command]/usr/bin/git config --global --add safe.directory /home/runner/work/testing-CI-CD/testing-CI-CD
2025-07-15T17:51:44.0505920Z Deleting the contents of '/home/runner/work/testing-CI-CD/testing-CI-CD'
2025-07-15T17:51:44.0509684Z ##[group]Initializing the repository
2025-07-15T17:51:44.0513758Z [command]/usr/bin/git init /home/runner/work/testing-CI-CD/testing-CI-CD
2025-07-15T17:51:44.0569511Z hint: Using 'master' as the name for the initial branch. This default branch name
2025-07-15T17:51:44.0572483Z hint: is subject to change. To configure the initial branch name to use in all
2025-07-15T17:51:44.0575718Z hint: of your new repositories, which will suppress this warning, call:
2025-07-15T17:51:44.0578178Z hint:
2025-07-15T17:51:44.0579794Z hint: 	git config --global init.defaultBranch <name>
2025-07-15T17:51:44.0582014Z hint:
2025-07-15T17:51:44.0583961Z hint: Names commonly chosen instead of 'master' are 'main', 'trunk' and
2025-07-15T17:51:44.0587183Z hint: 'development'. The just-created branch can be renamed via this command:
2025-07-15T17:51:44.0589048Z hint:
2025-07-15T17:51:44.0589801Z hint: 	git branch -m <name>
2025-07-15T17:51:44.0590684Z hint:
2025-07-15T17:51:44.0592167Z hint: Disable this message with "git config set advice.defaultBranchName false"
2025-07-15T17:51:44.0595390Z Initialized empty Git repository in /home/runner/work/testing-CI-CD/testing-CI-CD/.git/
2025-07-15T17:51:44.0600017Z [command]/usr/bin/git remote add origin https://github.com/***/testing-CI-CD
2025-07-15T17:51:44.0615503Z ##[endgroup]
2025-07-15T17:51:44.0618039Z ##[group]Disabling automatic garbage collection
2025-07-15T17:51:44.0620222Z [command]/usr/bin/git config --local gc.auto 0
2025-07-15T17:51:44.0647172Z ##[endgroup]
2025-07-15T17:51:44.0649504Z ##[group]Setting up auth
2025-07-15T17:51:44.0652777Z [command]/usr/bin/git config --local --name-only --get-regexp core\.sshCommand
2025-07-15T17:51:44.0682938Z [command]/usr/bin/git submodule foreach --recursive sh -c "git config --local --name-only --get-regexp 'core\.sshCommand' && git config --local --unset-all 'core.sshCommand' || :"
2025-07-15T17:51:44.0950540Z [command]/usr/bin/git config --local --name-only --get-regexp http\.https\:\/\/github\.com\/\.extraheader
2025-07-15T17:51:44.0977288Z [command]/usr/bin/git submodule foreach --recursive sh -c "git config --local --name-only --get-regexp 'http\.https\:\/\/github\.com\/\.extraheader' && git config --local --unset-all 'http.https://github.com/.extraheader' || :"
2025-07-15T17:51:44.1196432Z [command]/usr/bin/git config --local http.https://github.com/.extraheader AUTHORIZATION: basic ***
2025-07-15T17:51:44.1229094Z ##[endgroup]
2025-07-15T17:51:44.1231063Z ##[group]Fetching the repository
2025-07-15T17:51:44.1237767Z [command]/usr/bin/git -c protocol.version=2 fetch --no-tags --prune --progress --no-recurse-submodules --depth=1 origin +c9d4e67f7d792f51b6fdc2fa06d478797573ecaa:refs/remotes/origin/main
2025-07-15T17:51:44.2965114Z remote: Enumerating objects: 4160, done.        
2025-07-15T17:51:44.2967930Z remote: Counting objects:   0% (1/4160)        
2025-07-15T17:51:44.2969813Z remote: Counting objects:   1% (42/4160)        
2025-07-15T17:51:44.2971673Z remote: Counting objects:   2% (84/4160)        
2025-07-15T17:51:44.2973819Z remote: Counting objects:   3% (125/4160)        
2025-07-15T17:51:44.2975210Z remote: Counting objects:   4% (167/4160)        
2025-07-15T17:51:44.2976570Z remote: Counting objects:   5% (208/4160)        
2025-07-15T17:51:44.2977901Z remote: Counting objects:   6% (250/4160)        
2025-07-15T17:51:44.2980089Z remote: Counting objects:   7% (292/4160)        
2025-07-15T17:51:44.2981765Z remote: Counting objects:   8% (333/4160)        
2025-07-15T17:51:44.2982986Z remote: Counting objects:   9% (375/4160)        
2025-07-15T17:51:44.2984871Z remote: Counting objects:  10% (416/4160)        
2025-07-15T17:51:44.2986520Z remote: Counting objects:  11% (458/4160)        
2025-07-15T17:51:44.2987732Z remote: Counting objects:  12% (500/4160)        
2025-07-15T17:51:44.2988915Z remote: Counting objects:  13% (541/4160)        
2025-07-15T17:51:44.2990428Z remote: Counting objects:  14% (583/4160)        
2025-07-15T17:51:44.2991848Z remote: Counting objects:  15% (624/4160)        
2025-07-15T17:51:44.2993041Z remote: Counting objects:  16% (666/4160)        
2025-07-15T17:51:44.2994226Z remote: Counting objects:  17% (708/4160)        
2025-07-15T17:51:44.2995412Z remote: Counting objects:  18% (749/4160)        
2025-07-15T17:51:44.2996603Z remote: Counting objects:  19% (791/4160)        
2025-07-15T17:51:44.2997782Z remote: Counting objects:  20% (832/4160)        
2025-07-15T17:51:44.2998971Z remote: Counting objects:  21% (874/4160)        
2025-07-15T17:51:44.3000159Z remote: Counting objects:  22% (916/4160)        
2025-07-15T17:51:44.3001562Z remote: Counting objects:  23% (957/4160)        
2025-07-15T17:51:44.3002770Z remote: Counting objects:  24% (999/4160)        
2025-07-15T17:51:44.3003952Z remote: Counting objects:  25% (1040/4160)        
2025-07-15T17:51:44.3005141Z remote: Counting objects:  26% (1082/4160)        
2025-07-15T17:51:44.3006764Z remote: Counting objects:  27% (1124/4160)        
2025-07-15T17:51:44.3008465Z remote: Counting objects:  28% (1165/4160)        
2025-07-15T17:51:44.3009684Z remote: Counting objects:  29% (1207/4160)        
2025-07-15T17:51:44.3011275Z remote: Counting objects:  30% (1248/4160)        
2025-07-15T17:51:44.3012502Z remote: Counting objects:  31% (1290/4160)        
2025-07-15T17:51:44.3013691Z remote: Counting objects:  32% (1332/4160)        
2025-07-15T17:51:44.3014881Z remote: Counting objects:  33% (1373/4160)        
2025-07-15T17:51:44.3016085Z remote: Counting objects:  34% (1415/4160)        
2025-07-15T17:51:44.3017292Z remote: Counting objects:  35% (1456/4160)        
2025-07-15T17:51:44.3018484Z remote: Counting objects:  36% (1498/4160)        
2025-07-15T17:51:44.3019660Z remote: Counting objects:  37% (1540/4160)        
2025-07-15T17:51:44.3020839Z remote: Counting objects:  38% (1581/4160)        
2025-07-15T17:51:44.3022155Z remote: Counting objects:  39% (1623/4160)        
2025-07-15T17:51:44.3023339Z remote: Counting objects:  40% (1664/4160)        
2025-07-15T17:51:44.3024529Z remote: Counting objects:  41% (1706/4160)        
2025-07-15T17:51:44.3025716Z remote: Counting objects:  42% (1748/4160)        
2025-07-15T17:51:44.3026908Z remote: Counting objects:  43% (1789/4160)        
2025-07-15T17:51:44.3028096Z remote: Counting objects:  44% (1831/4160)        
2025-07-15T17:51:44.3029296Z remote: Counting objects:  45% (1872/4160)        
2025-07-15T17:51:44.3030481Z remote: Counting objects:  46% (1914/4160)        
2025-07-15T17:51:44.3031983Z remote: Counting objects:  47% (1956/4160)        
2025-07-15T17:51:44.3033183Z remote: Counting objects:  48% (1997/4160)        
2025-07-15T17:51:44.3034373Z remote: Counting objects:  49% (2039/4160)        
2025-07-15T17:51:44.3035552Z remote: Counting objects:  50% (2080/4160)        
2025-07-15T17:51:44.3036743Z remote: Counting objects:  51% (2122/4160)        
2025-07-15T17:51:44.3037919Z remote: Counting objects:  52% (2164/4160)        
2025-07-15T17:51:44.3039090Z remote: Counting objects:  53% (2205/4160)        
2025-07-15T17:51:44.3040278Z remote: Counting objects:  54% (2247/4160)        
2025-07-15T17:51:44.3041571Z remote: Counting objects:  55% (2288/4160)        
2025-07-15T17:51:44.3042759Z remote: Counting objects:  56% (2330/4160)        
2025-07-15T17:51:44.3043942Z remote: Counting objects:  57% (2372/4160)        
2025-07-15T17:51:44.3045126Z remote: Counting objects:  58% (2413/4160)        
2025-07-15T17:51:44.3046315Z remote: Counting objects:  59% (2455/4160)        
2025-07-15T17:51:44.3047503Z remote: Counting objects:  60% (2496/4160)        
2025-07-15T17:51:44.3048680Z remote: Counting objects:  61% (2538/4160)        
2025-07-15T17:51:44.3049848Z remote: Counting objects:  62% (2580/4160)        
2025-07-15T17:51:44.3051115Z remote: Counting objects:  63% (2621/4160)        
2025-07-15T17:51:44.3052308Z remote: Counting objects:  64% (2663/4160)        
2025-07-15T17:51:44.3053615Z remote: Counting objects:  65% (2704/4160)        
2025-07-15T17:51:44.3054786Z remote: Counting objects:  66% (2746/4160)        
2025-07-15T17:51:44.3055952Z remote: Counting objects:  67% (2788/4160)        
2025-07-15T17:51:44.3057126Z remote: Counting objects:  68% (2829/4160)        
2025-07-15T17:51:44.3058303Z remote: Counting objects:  69% (2871/4160)        
2025-07-15T17:51:44.3059476Z remote: Counting objects:  70% (2912/4160)        
2025-07-15T17:51:44.3060654Z remote: Counting objects:  71% (2954/4160)        
2025-07-15T17:51:44.3061943Z remote: Counting objects:  72% (2996/4160)        
2025-07-15T17:51:44.3063107Z remote: Counting objects:  73% (3037/4160)        
2025-07-15T17:51:44.3064274Z remote: Counting objects:  74% (3079/4160)        
2025-07-15T17:51:44.3065443Z remote: Counting objects:  75% (3120/4160)        
2025-07-15T17:51:44.3066624Z remote: Counting objects:  76% (3162/4160)        
2025-07-15T17:51:44.3067784Z remote: Counting objects:  77% (3204/4160)        
2025-07-15T17:51:44.3068958Z remote: Counting objects:  78% (3245/4160)        
2025-07-15T17:51:44.3070143Z remote: Counting objects:  79% (3287/4160)        
2025-07-15T17:51:44.3071393Z remote: Counting objects:  80% (3328/4160)        
2025-07-15T17:51:44.3072570Z remote: Counting objects:  81% (3370/4160)        
2025-07-15T17:51:44.3073769Z remote: Counting objects:  82% (3412/4160)        
2025-07-15T17:51:44.3074929Z remote: Counting objects:  83% (3453/4160)        
2025-07-15T17:51:44.3076094Z remote: Counting objects:  84% (3495/4160)        
2025-07-15T17:51:44.3077272Z remote: Counting objects:  85% (3536/4160)        
2025-07-15T17:51:44.3078439Z remote: Counting objects:  86% (3578/4160)        
2025-07-15T17:51:44.3079610Z remote: Counting objects:  87% (3620/4160)        
2025-07-15T17:51:44.3080848Z remote: Counting objects:  88% (3661/4160)        
2025-07-15T17:51:44.3083047Z remote: Counting objects:  89% (3703/4160)        
2025-07-15T17:51:44.3084279Z remote: Counting objects:  90% (3744/4160)        
2025-07-15T17:51:44.3085489Z remote: Counting objects:  91% (3786/4160)        
2025-07-15T17:51:44.3086656Z remote: Counting objects:  92% (3828/4160)        
2025-07-15T17:51:44.3087814Z remote: Counting objects:  93% (3869/4160)        
2025-07-15T17:51:44.3088977Z remote: Counting objects:  94% (3911/4160)        
2025-07-15T17:51:44.3090152Z remote: Counting objects:  95% (3952/4160)        
2025-07-15T17:51:44.3091448Z remote: Counting objects:  96% (3994/4160)        
2025-07-15T17:51:44.3092621Z remote: Counting objects:  97% (4036/4160)        
2025-07-15T17:51:44.3093978Z remote: Counting objects:  98% (4077/4160)        
2025-07-15T17:51:44.3095158Z remote: Counting objects:  99% (4119/4160)        
2025-07-15T17:51:44.3096338Z remote: Counting objects: 100% (4160/4160)        
2025-07-15T17:51:44.3097582Z remote: Counting objects: 100% (4160/4160), done.        
2025-07-15T17:51:44.3098826Z remote: Compressing objects:   0% (1/3721)        
2025-07-15T17:51:44.3100060Z remote: Compressing objects:   1% (38/3721)        
2025-07-15T17:51:44.3177085Z remote: Compressing objects:   2% (75/3721)        
2025-07-15T17:51:44.3250683Z remote: Compressing objects:   3% (112/3721)        
2025-07-15T17:51:44.3315907Z remote: Compressing objects:   4% (149/3721)        
2025-07-15T17:51:44.3401204Z remote: Compressing objects:   5% (187/3721)        
2025-07-15T17:51:44.3500541Z remote: Compressing objects:   6% (224/3721)        
2025-07-15T17:51:44.3654289Z remote: Compressing objects:   7% (261/3721)        
2025-07-15T17:51:44.3726235Z remote: Compressing objects:   8% (298/3721)        
2025-07-15T17:51:44.3879496Z remote: Compressing objects:   9% (335/3721)        
2025-07-15T17:51:44.3974856Z remote: Compressing objects:  10% (373/3721)        
2025-07-15T17:51:44.4043502Z remote: Compressing objects:  11% (410/3721)        
2025-07-15T17:51:44.4092421Z remote: Compressing objects:  12% (447/3721)        
2025-07-15T17:51:44.4193404Z remote: Compressing objects:  13% (484/3721)        
2025-07-15T17:51:44.4304170Z remote: Compressing objects:  14% (521/3721)        
2025-07-15T17:51:44.4391366Z remote: Compressing objects:  15% (559/3721)        
2025-07-15T17:51:44.4466016Z remote: Compressing objects:  16% (596/3721)        
2025-07-15T17:51:44.4527804Z remote: Compressing objects:  17% (633/3721)        
2025-07-15T17:51:44.4620624Z remote: Compressing objects:  18% (670/3721)        
2025-07-15T17:51:44.4755757Z remote: Compressing objects:  19% (707/3721)        
2025-07-15T17:51:44.4831369Z remote: Compressing objects:  20% (745/3721)        
2025-07-15T17:51:44.4966687Z remote: Compressing objects:  21% (782/3721)        
2025-07-15T17:51:44.5094535Z remote: Compressing objects:  22% (819/3721)        
2025-07-15T17:51:44.5215481Z remote: Compressing objects:  23% (856/3721)        
2025-07-15T17:51:44.5273477Z remote: Compressing objects:  24% (894/3721)        
2025-07-15T17:51:44.5334458Z remote: Compressing objects:  25% (931/3721)        
2025-07-15T17:51:44.5501620Z remote: Compressing objects:  26% (968/3721)        
2025-07-15T17:51:44.5593624Z remote: Compressing objects:  27% (1005/3721)        
2025-07-15T17:51:44.5723388Z remote: Compressing objects:  28% (1042/3721)        
2025-07-15T17:51:44.5833161Z remote: Compressing objects:  29% (1080/3721)        
2025-07-15T17:51:44.5902862Z remote: Compressing objects:  30% (1117/3721)        
2025-07-15T17:51:44.5994042Z remote: Compressing objects:  31% (1154/3721)        
2025-07-15T17:51:44.6082194Z remote: Compressing objects:  32% (1191/3721)        
2025-07-15T17:51:44.6137793Z remote: Compressing objects:  33% (1228/3721)        
2025-07-15T17:51:44.6321572Z remote: Compressing objects:  34% (1266/3721)        
2025-07-15T17:51:44.6387298Z remote: Compressing objects:  35% (1303/3721)        
2025-07-15T17:51:44.6421256Z remote: Compressing objects:  36% (1340/3721)        
2025-07-15T17:51:44.6439954Z remote: Compressing objects:  37% (1377/3721)        
2025-07-15T17:51:44.6463317Z remote: Compressing objects:  38% (1414/3721)        
2025-07-15T17:51:44.6503686Z remote: Compressing objects:  39% (1452/3721)        
2025-07-15T17:51:44.6508742Z remote: Compressing objects:  40% (1489/3721)        
2025-07-15T17:51:44.6517137Z remote: Compressing objects:  41% (1526/3721)        
2025-07-15T17:51:44.6664129Z remote: Compressing objects:  42% (1563/3721)        
2025-07-15T17:51:44.6704638Z remote: Compressing objects:  43% (1601/3721)        
2025-07-15T17:51:44.6712049Z remote: Compressing objects:  44% (1638/3721)        
2025-07-15T17:51:44.7249502Z remote: Compressing objects:  45% (1675/3721)        
2025-07-15T17:51:44.9300741Z remote: Compressing objects:  46% (1712/3721)        
2025-07-15T17:51:45.0796103Z remote: Compressing objects:  47% (1749/3721)        
2025-07-15T17:51:45.1784788Z remote: Compressing objects:  48% (1787/3721)        
2025-07-15T17:51:45.2463669Z remote: Compressing objects:  49% (1824/3721)        
2025-07-15T17:51:45.2988106Z remote: Compressing objects:  50% (1861/3721)        
2025-07-15T17:51:45.3248599Z remote: Compressing objects:  50% (1886/3721)        
2025-07-15T17:51:45.3943159Z remote: Compressing objects:  51% (1898/3721)        
2025-07-15T17:51:45.4488604Z remote: Compressing objects:  52% (1935/3721)        
2025-07-15T17:51:45.4915357Z remote: Compressing objects:  53% (1973/3721)        
2025-07-15T17:51:45.5365913Z remote: Compressing objects:  54% (2010/3721)        
2025-07-15T17:51:45.5758377Z remote: Compressing objects:  55% (2047/3721)        
2025-07-15T17:51:45.6119743Z remote: Compressing objects:  56% (2084/3721)        
2025-07-15T17:51:45.6438264Z remote: Compressing objects:  57% (2121/3721)        
2025-07-15T17:51:45.6743851Z remote: Compressing objects:  58% (2159/3721)        
2025-07-15T17:51:45.6974598Z remote: Compressing objects:  59% (2196/3721)        
2025-07-15T17:51:45.7206807Z remote: Compressing objects:  60% (2233/3721)        
2025-07-15T17:51:45.7374311Z remote: Compressing objects:  61% (2270/3721)        
2025-07-15T17:51:45.7550479Z remote: Compressing objects:  62% (2308/3721)        
2025-07-15T17:51:45.7700050Z remote: Compressing objects:  63% (2345/3721)        
2025-07-15T17:51:45.7867271Z remote: Compressing objects:  64% (2382/3721)        
2025-07-15T17:51:45.8002688Z remote: Compressing objects:  65% (2419/3721)        
2025-07-15T17:51:45.8123264Z remote: Compressing objects:  66% (2456/3721)        
2025-07-15T17:51:45.8240305Z remote: Compressing objects:  67% (2494/3721)        
2025-07-15T17:51:45.8347046Z remote: Compressing objects:  68% (2531/3721)        
2025-07-15T17:51:45.8433810Z remote: Compressing objects:  69% (2568/3721)        
2025-07-15T17:51:45.8525915Z remote: Compressing objects:  70% (2605/3721)        
2025-07-15T17:51:45.8600697Z remote: Compressing objects:  71% (2642/3721)        
2025-07-15T17:51:45.8674827Z remote: Compressing objects:  72% (2680/3721)        
2025-07-15T17:51:45.8737994Z remote: Compressing objects:  73% (2717/3721)        
2025-07-15T17:51:45.8791712Z remote: Compressing objects:  74% (2754/3721)        
2025-07-15T17:51:45.8839064Z remote: Compressing objects:  75% (2791/3721)        
2025-07-15T17:51:45.8891290Z remote: Compressing objects:  76% (2828/3721)        
2025-07-15T17:51:45.8927005Z remote: Compressing objects:  77% (2866/3721)        
2025-07-15T17:51:45.8967510Z remote: Compressing objects:  78% (2903/3721)        
2025-07-15T17:51:45.8997130Z remote: Compressing objects:  79% (2940/3721)        
2025-07-15T17:51:45.9027539Z remote: Compressing objects:  80% (2977/3721)        
2025-07-15T17:51:45.9050656Z remote: Compressing objects:  81% (3015/3721)        
2025-07-15T17:51:45.9068609Z remote: Compressing objects:  82% (3052/3721)        
2025-07-15T17:51:45.9082566Z remote: Compressing objects:  83% (3089/3721)        
2025-07-15T17:51:45.9090777Z remote: Compressing objects:  84% (3126/3721)        
2025-07-15T17:51:45.9094601Z remote: Compressing objects:  85% (3163/3721)        
2025-07-15T17:51:45.9095560Z remote: Compressing objects:  86% (3201/3721)        
2025-07-15T17:51:45.9099323Z remote: Compressing objects:  87% (3238/3721)        
2025-07-15T17:51:45.9122643Z remote: Compressing objects:  88% (3275/3721)        
2025-07-15T17:51:45.9204453Z remote: Compressing objects:  89% (3312/3721)        
2025-07-15T17:51:45.9303592Z remote: Compressing objects:  90% (3349/3721)        
2025-07-15T17:51:45.9306432Z remote: Compressing objects:  91% (3387/3721)        
2025-07-15T17:51:45.9308715Z remote: Compressing objects:  92% (3424/3721)        
2025-07-15T17:51:45.9312877Z remote: Compressing objects:  93% (3461/3721)        
2025-07-15T17:51:45.9317750Z remote: Compressing objects:  94% (3498/3721)        
2025-07-15T17:51:45.9322555Z remote: Compressing objects:  95% (3535/3721)        
2025-07-15T17:51:45.9329806Z remote: Compressing objects:  96% (3573/3721)        
2025-07-15T17:51:45.9334725Z remote: Compressing objects:  97% (3610/3721)        
2025-07-15T17:51:45.9339822Z remote: Compressing objects:  98% (3647/3721)        
2025-07-15T17:51:45.9346176Z remote: Compressing objects:  99% (3684/3721)        
2025-07-15T17:51:45.9346920Z remote: Compressing objects: 100% (3721/3721)        
2025-07-15T17:51:45.9347484Z remote: Compressing objects: 100% (3721/3721), done.        
2025-07-15T17:51:45.9389809Z Receiving objects:   0% (1/4160)
2025-07-15T17:51:45.9401180Z Receiving objects:   1% (42/4160)
2025-07-15T17:51:45.9545207Z Receiving objects:   2% (84/4160)
2025-07-15T17:51:45.9624562Z Receiving objects:   3% (125/4160)
2025-07-15T17:51:45.9707378Z Receiving objects:   4% (167/4160)
2025-07-15T17:51:45.9768931Z Receiving objects:   5% (208/4160)
2025-07-15T17:51:45.9802611Z Receiving objects:   6% (250/4160)
2025-07-15T17:51:45.9960780Z Receiving objects:   7% (292/4160)
2025-07-15T17:51:46.0009409Z Receiving objects:   8% (333/4160)
2025-07-15T17:51:46.0085736Z Receiving objects:   9% (375/4160)
2025-07-15T17:51:46.0156284Z Receiving objects:  10% (416/4160)
2025-07-15T17:51:46.0231617Z Receiving objects:  11% (458/4160)
2025-07-15T17:51:46.0265606Z Receiving objects:  12% (500/4160)
2025-07-15T17:51:46.0287964Z Receiving objects:  13% (541/4160)
2025-07-15T17:51:46.0295759Z Receiving objects:  14% (583/4160)
2025-07-15T17:51:46.0308287Z Receiving objects:  15% (624/4160)
2025-07-15T17:51:46.0327526Z Receiving objects:  16% (666/4160)
2025-07-15T17:51:46.0355699Z Receiving objects:  17% (708/4160)
2025-07-15T17:51:46.0388240Z Receiving objects:  18% (749/4160)
2025-07-15T17:51:46.0434075Z Receiving objects:  19% (791/4160)
2025-07-15T17:51:46.0484061Z Receiving objects:  20% (832/4160)
2025-07-15T17:51:46.0514420Z Receiving objects:  21% (874/4160)
2025-07-15T17:51:46.0584812Z Receiving objects:  22% (916/4160)
2025-07-15T17:51:46.0637722Z Receiving objects:  23% (957/4160)
2025-07-15T17:51:46.0665001Z Receiving objects:  24% (999/4160)
2025-07-15T17:51:46.0677343Z Receiving objects:  25% (1040/4160)
2025-07-15T17:51:46.0693273Z Receiving objects:  26% (1082/4160)
2025-07-15T17:51:46.0707140Z Receiving objects:  27% (1124/4160)
2025-07-15T17:51:46.0724337Z Receiving objects:  28% (1165/4160)
2025-07-15T17:51:46.0771828Z Receiving objects:  29% (1207/4160)
2025-07-15T17:51:46.0810187Z Receiving objects:  30% (1248/4160)
2025-07-15T17:51:46.0844586Z Receiving objects:  31% (1290/4160)
2025-07-15T17:51:46.0888685Z Receiving objects:  32% (1332/4160)
2025-07-15T17:51:46.0924264Z Receiving objects:  33% (1373/4160)
2025-07-15T17:51:46.0954620Z Receiving objects:  34% (1415/4160)
2025-07-15T17:51:46.0981794Z Receiving objects:  35% (1456/4160)
2025-07-15T17:51:46.1017941Z Receiving objects:  36% (1498/4160)
2025-07-15T17:51:46.1048283Z Receiving objects:  37% (1540/4160)
2025-07-15T17:51:46.1073295Z Receiving objects:  38% (1581/4160)
2025-07-15T17:51:46.1111254Z Receiving objects:  39% (1623/4160)
2025-07-15T17:51:46.1162125Z Receiving objects:  40% (1664/4160)
2025-07-15T17:51:46.1193736Z Receiving objects:  41% (1706/4160)
2025-07-15T17:51:46.1228556Z Receiving objects:  42% (1748/4160)
2025-07-15T17:51:46.1303338Z Receiving objects:  43% (1789/4160)
2025-07-15T17:51:46.1354394Z Receiving objects:  44% (1831/4160)
2025-07-15T17:51:46.1402556Z Receiving objects:  45% (1872/4160)
2025-07-15T17:51:46.1438497Z Receiving objects:  46% (1914/4160)
2025-07-15T17:51:46.1491722Z Receiving objects:  47% (1956/4160)
2025-07-15T17:51:46.1575087Z Receiving objects:  48% (1997/4160)
2025-07-15T17:51:46.1604857Z Receiving objects:  49% (2039/4160)
2025-07-15T17:51:46.1630086Z Receiving objects:  50% (2080/4160)
2025-07-15T17:51:46.1684878Z Receiving objects:  51% (2122/4160)
2025-07-15T17:51:46.1731401Z Receiving objects:  52% (2164/4160)
2025-07-15T17:51:46.1775069Z Receiving objects:  53% (2205/4160)
2025-07-15T17:51:46.1804004Z Receiving objects:  54% (2247/4160)
2025-07-15T17:51:46.1836733Z Receiving objects:  55% (2288/4160)
2025-07-15T17:51:46.1869518Z Receiving objects:  56% (2330/4160)
2025-07-15T17:51:46.1916313Z Receiving objects:  57% (2372/4160)
2025-07-15T17:51:46.1943042Z Receiving objects:  58% (2413/4160)
2025-07-15T17:51:46.1969862Z Receiving objects:  59% (2455/4160)
2025-07-15T17:51:46.1988163Z Receiving objects:  60% (2496/4160)
2025-07-15T17:51:46.2050738Z Receiving objects:  61% (2538/4160)
2025-07-15T17:51:46.2097810Z Receiving objects:  62% (2580/4160)
2025-07-15T17:51:46.2142307Z Receiving objects:  63% (2621/4160)
2025-07-15T17:51:46.2224156Z Receiving objects:  64% (2663/4160)
2025-07-15T17:51:46.2273405Z Receiving objects:  65% (2704/4160)
2025-07-15T17:51:46.2318679Z Receiving objects:  66% (2746/4160)
2025-07-15T17:51:46.2388480Z Receiving objects:  67% (2788/4160)
2025-07-15T17:51:46.2433958Z Receiving objects:  68% (2829/4160)
2025-07-15T17:51:46.2465665Z Receiving objects:  69% (2871/4160)
2025-07-15T17:51:46.2531951Z Receiving objects:  70% (2912/4160)
2025-07-15T17:51:46.2582853Z Receiving objects:  71% (2954/4160)
2025-07-15T17:51:46.2618242Z Receiving objects:  72% (2996/4160)
2025-07-15T17:51:46.2636869Z Receiving objects:  73% (3037/4160)
2025-07-15T17:51:46.2652106Z Receiving objects:  74% (3079/4160)
2025-07-15T17:51:46.2663225Z Receiving objects:  75% (3120/4160)
2025-07-15T17:51:46.2687187Z Receiving objects:  76% (3162/4160)
2025-07-15T17:51:46.2740022Z Receiving objects:  77% (3204/4160)
2025-07-15T17:51:46.2852860Z Receiving objects:  78% (3245/4160)
2025-07-15T17:51:46.2896807Z Receiving objects:  79% (3287/4160)
2025-07-15T17:51:46.2929578Z Receiving objects:  80% (3328/4160)
2025-07-15T17:51:46.2949523Z Receiving objects:  81% (3370/4160)
2025-07-15T17:51:46.2975488Z Receiving objects:  82% (3412/4160)
2025-07-15T17:51:46.2981505Z Receiving objects:  83% (3453/4160)
2025-07-15T17:51:46.2989453Z Receiving objects:  84% (3495/4160)
2025-07-15T17:51:46.2997902Z Receiving objects:  85% (3536/4160)
2025-07-15T17:51:46.3004281Z Receiving objects:  86% (3578/4160)
2025-07-15T17:51:46.3009142Z Receiving objects:  87% (3620/4160)
2025-07-15T17:51:46.3015615Z Receiving objects:  88% (3661/4160)
2025-07-15T17:51:46.3018265Z Receiving objects:  89% (3703/4160)
2025-07-15T17:51:46.3025255Z Receiving objects:  90% (3744/4160)
2025-07-15T17:51:46.3043153Z Receiving objects:  91% (3786/4160)
2025-07-15T17:51:46.3050349Z Receiving objects:  92% (3828/4160)
2025-07-15T17:51:46.3062611Z Receiving objects:  93% (3869/4160)
2025-07-15T17:51:46.3065553Z Receiving objects:  94% (3911/4160)
2025-07-15T17:51:46.3111461Z Receiving objects:  95% (3952/4160)
2025-07-15T17:51:46.3136363Z Receiving objects:  96% (3994/4160)
2025-07-15T17:51:46.3192586Z Receiving objects:  97% (4036/4160)
2025-07-15T17:51:46.3229182Z Receiving objects:  98% (4077/4160)
2025-07-15T17:51:46.3265490Z Receiving objects:  99% (4119/4160)
2025-07-15T17:51:46.3266373Z remote: Total 4160 (delta 620), reused 3835 (delta 394), pack-reused 0 (from 0)        
2025-07-15T17:51:46.3284889Z Receiving objects: 100% (4160/4160)
2025-07-15T17:51:46.3286073Z Receiving objects: 100% (4160/4160), 13.99 MiB | 35.82 MiB/s, done.
2025-07-15T17:51:46.3289012Z Resolving deltas:   0% (0/620)
2025-07-15T17:51:46.3290068Z Resolving deltas:   1% (7/620)
2025-07-15T17:51:46.3290793Z Resolving deltas:   2% (13/620)
2025-07-15T17:51:46.3291396Z Resolving deltas:   3% (20/620)
2025-07-15T17:51:46.3291837Z Resolving deltas:   4% (25/620)
2025-07-15T17:51:46.3294180Z Resolving deltas:   5% (31/620)
2025-07-15T17:51:46.3296310Z Resolving deltas:   6% (38/620)
2025-07-15T17:51:46.3297569Z Resolving deltas:   7% (44/620)
2025-07-15T17:51:46.3298110Z Resolving deltas:   8% (50/620)
2025-07-15T17:51:46.3301323Z Resolving deltas:   9% (56/620)
2025-07-15T17:51:46.3302664Z Resolving deltas:  10% (62/620)
2025-07-15T17:51:46.3373278Z Resolving deltas:  11% (69/620)
2025-07-15T17:51:46.3394183Z Resolving deltas:  12% (75/620)
2025-07-15T17:51:46.3397932Z Resolving deltas:  13% (81/620)
2025-07-15T17:51:46.3477914Z Resolving deltas:  14% (87/620)
2025-07-15T17:51:46.3481724Z Resolving deltas:  15% (93/620)
2025-07-15T17:51:46.3482392Z Resolving deltas:  16% (100/620)
2025-07-15T17:51:46.3482993Z Resolving deltas:  17% (106/620)
2025-07-15T17:51:46.3483625Z Resolving deltas:  18% (113/620)
2025-07-15T17:51:46.3492253Z Resolving deltas:  19% (118/620)
2025-07-15T17:51:46.3492673Z Resolving deltas:  20% (124/620)
2025-07-15T17:51:46.3493042Z Resolving deltas:  21% (131/620)
2025-07-15T17:51:46.3493409Z Resolving deltas:  22% (137/620)
2025-07-15T17:51:46.3493775Z Resolving deltas:  23% (143/620)
2025-07-15T17:51:46.3494235Z Resolving deltas:  24% (149/620)
2025-07-15T17:51:46.3494613Z Resolving deltas:  25% (155/620)
2025-07-15T17:51:46.3494994Z Resolving deltas:  26% (162/620)
2025-07-15T17:51:46.3495363Z Resolving deltas:  27% (168/620)
2025-07-15T17:51:46.3495752Z Resolving deltas:  28% (174/620)
2025-07-15T17:51:46.3496137Z Resolving deltas:  29% (181/620)
2025-07-15T17:51:46.3496498Z Resolving deltas:  30% (186/620)
2025-07-15T17:51:46.3496908Z Resolving deltas:  31% (193/620)
2025-07-15T17:51:46.3497278Z Resolving deltas:  32% (199/620)
2025-07-15T17:51:46.3497640Z Resolving deltas:  33% (205/620)
2025-07-15T17:51:46.3497996Z Resolving deltas:  34% (211/620)
2025-07-15T17:51:46.3498355Z Resolving deltas:  35% (217/620)
2025-07-15T17:51:46.3498963Z Resolving deltas:  36% (224/620)
2025-07-15T17:51:46.3499314Z Resolving deltas:  37% (230/620)
2025-07-15T17:51:46.3506346Z Resolving deltas:  38% (236/620)
2025-07-15T17:51:46.3509850Z Resolving deltas:  39% (242/620)
2025-07-15T17:51:46.3515844Z Resolving deltas:  40% (248/620)
2025-07-15T17:51:46.3522096Z Resolving deltas:  41% (255/620)
2025-07-15T17:51:46.3524899Z Resolving deltas:  42% (261/620)
2025-07-15T17:51:46.3530596Z Resolving deltas:  43% (267/620)
2025-07-15T17:51:46.3536172Z Resolving deltas:  44% (273/620)
2025-07-15T17:51:46.3540321Z Resolving deltas:  45% (280/620)
2025-07-15T17:51:46.3555197Z Resolving deltas:  46% (286/620)
2025-07-15T17:51:46.3557842Z Resolving deltas:  47% (292/620)
2025-07-15T17:51:46.3563393Z Resolving deltas:  48% (298/620)
2025-07-15T17:51:46.3566478Z Resolving deltas:  49% (304/620)
2025-07-15T17:51:46.3573757Z Resolving deltas:  50% (310/620)
2025-07-15T17:51:46.3581905Z Resolving deltas:  51% (317/620)
2025-07-15T17:51:46.3585595Z Resolving deltas:  52% (323/620)
2025-07-15T17:51:46.3591528Z Resolving deltas:  53% (329/620)
2025-07-15T17:51:46.3594149Z Resolving deltas:  54% (335/620)
2025-07-15T17:51:46.3598482Z Resolving deltas:  55% (341/620)
2025-07-15T17:51:46.3610348Z Resolving deltas:  56% (349/620)
2025-07-15T17:51:46.3614848Z Resolving deltas:  57% (354/620)
2025-07-15T17:51:46.3619416Z Resolving deltas:  58% (360/620)
2025-07-15T17:51:46.3627348Z Resolving deltas:  59% (366/620)
2025-07-15T17:51:46.3634052Z Resolving deltas:  60% (372/620)
2025-07-15T17:51:46.3642305Z Resolving deltas:  61% (379/620)
2025-07-15T17:51:46.3645866Z Resolving deltas:  62% (385/620)
2025-07-15T17:51:46.3652707Z Resolving deltas:  63% (391/620)
2025-07-15T17:51:46.3663410Z Resolving deltas:  64% (397/620)
2025-07-15T17:51:46.3666242Z Resolving deltas:  65% (403/620)
2025-07-15T17:51:46.3669631Z Resolving deltas:  66% (410/620)
2025-07-15T17:51:46.3673364Z Resolving deltas:  67% (416/620)
2025-07-15T17:51:46.3676014Z Resolving deltas:  68% (422/620)
2025-07-15T17:51:46.3683258Z Resolving deltas:  69% (428/620)
2025-07-15T17:51:46.3689509Z Resolving deltas:  70% (434/620)
2025-07-15T17:51:46.3692171Z Resolving deltas:  71% (441/620)
2025-07-15T17:51:46.3696531Z Resolving deltas:  72% (447/620)
2025-07-15T17:51:46.3706247Z Resolving deltas:  73% (453/620)
2025-07-15T17:51:46.3713920Z Resolving deltas:  74% (460/620)
2025-07-15T17:51:46.3720658Z Resolving deltas:  75% (465/620)
2025-07-15T17:51:46.3725304Z Resolving deltas:  76% (473/620)
2025-07-15T17:51:46.3729140Z Resolving deltas:  77% (479/620)
2025-07-15T17:51:46.3737016Z Resolving deltas:  78% (484/620)
2025-07-15T17:51:46.3739633Z Resolving deltas:  79% (490/620)
2025-07-15T17:51:46.3744735Z Resolving deltas:  80% (496/620)
2025-07-15T17:51:46.3745276Z Resolving deltas:  81% (503/620)
2025-07-15T17:51:46.3751268Z Resolving deltas:  82% (509/620)
2025-07-15T17:51:46.3766579Z Resolving deltas:  83% (515/620)
2025-07-15T17:51:46.3786952Z Resolving deltas:  84% (521/620)
2025-07-15T17:51:46.3795334Z Resolving deltas:  85% (527/620)
2025-07-15T17:51:46.3798904Z Resolving deltas:  86% (534/620)
2025-07-15T17:51:46.3805826Z Resolving deltas:  87% (540/620)
2025-07-15T17:51:46.3819302Z Resolving deltas:  88% (546/620)
2025-07-15T17:51:46.3827900Z Resolving deltas:  89% (552/620)
2025-07-15T17:51:46.3835403Z Resolving deltas:  90% (558/620)
2025-07-15T17:51:46.3838106Z Resolving deltas:  91% (565/620)
2025-07-15T17:51:46.3838868Z Resolving deltas:  92% (571/620)
2025-07-15T17:51:46.3841185Z Resolving deltas:  93% (577/620)
2025-07-15T17:51:46.3843164Z Resolving deltas:  94% (584/620)
2025-07-15T17:51:46.3843807Z Resolving deltas:  95% (589/620)
2025-07-15T17:51:46.3844947Z Resolving deltas:  96% (596/620)
2025-07-15T17:51:46.3845323Z Resolving deltas:  97% (602/620)
2025-07-15T17:51:46.3845683Z Resolving deltas:  98% (608/620)
2025-07-15T17:51:46.3848608Z Resolving deltas:  99% (614/620)
2025-07-15T17:51:46.3850204Z Resolving deltas: 100% (620/620)
2025-07-15T17:51:46.3850597Z Resolving deltas: 100% (620/620), done.
2025-07-15T17:51:46.4240854Z From https://github.com/***/testing-CI-CD
2025-07-15T17:51:46.4241657Z  * [new ref]         c9d4e67f7d792f51b6fdc2fa06d478797573ecaa -> origin/main
2025-07-15T17:51:46.4266332Z ##[endgroup]
2025-07-15T17:51:46.4266853Z ##[group]Determining the checkout info
2025-07-15T17:51:46.4268499Z ##[endgroup]
2025-07-15T17:51:46.4269017Z ##[group]Checking out the ref
2025-07-15T17:51:46.4272978Z [command]/usr/bin/git checkout --progress --force -B main refs/remotes/origin/main
2025-07-15T17:51:46.7729167Z Switched to a new branch 'main'
2025-07-15T17:51:46.7730456Z branch 'main' set up to track 'origin/main'.
2025-07-15T17:51:46.7749948Z ##[endgroup]
2025-07-15T17:51:46.7789930Z [command]/usr/bin/git log -1 --format='%H'
2025-07-15T17:51:46.7812699Z 'c9d4e67f7d792f51b6fdc2fa06d478797573ecaa'
2025-07-15T17:51:46.8030627Z ##[group]Run actions/setup-python@v4
2025-07-15T17:51:46.8031056Z with:
2025-07-15T17:51:46.8031245Z   python-version: 3.10
2025-07-15T17:51:46.8031458Z   check-latest: false
2025-07-15T17:51:46.8031795Z   token: ***
2025-07-15T17:51:46.8031983Z   update-environment: true
2025-07-15T17:51:46.8032205Z   allow-prereleases: false
2025-07-15T17:51:46.8032421Z ##[endgroup]
2025-07-15T17:51:46.9709323Z ##[group]Installed versions
2025-07-15T17:51:46.9795283Z Successfully set up CPython (3.10.18)
2025-07-15T17:51:46.9796046Z ##[endgroup]
2025-07-15T17:51:46.9916360Z ##[group]Run python -m pip install --upgrade pip
2025-07-15T17:51:46.9916793Z [36;1mpython -m pip install --upgrade pip[0m
2025-07-15T17:51:46.9917091Z [36;1mpip install -r requirements.txt[0m
2025-07-15T17:51:46.9958713Z shell: /usr/bin/bash -e {0}
2025-07-15T17:51:46.9958957Z env:
2025-07-15T17:51:46.9959207Z   pythonLocation: /opt/hostedtoolcache/Python/3.10.18/x64
2025-07-15T17:51:46.9959619Z   PKG_CONFIG_PATH: /opt/hostedtoolcache/Python/3.10.18/x64/lib/pkgconfig
2025-07-15T17:51:46.9960006Z   Python_ROOT_DIR: /opt/hostedtoolcache/Python/3.10.18/x64
2025-07-15T17:51:46.9960346Z   Python2_ROOT_DIR: /opt/hostedtoolcache/Python/3.10.18/x64
2025-07-15T17:51:46.9960708Z   Python3_ROOT_DIR: /opt/hostedtoolcache/Python/3.10.18/x64
2025-07-15T17:51:46.9961306Z   LD_LIBRARY_PATH: /opt/hostedtoolcache/Python/3.10.18/x64/lib
2025-07-15T17:51:46.9961589Z ##[endgroup]
2025-07-15T17:51:49.0361685Z Requirement already satisfied: pip in /opt/hostedtoolcache/Python/3.10.18/x64/lib/python3.10/site-packages (25.1.1)
2025-07-15T17:51:49.6885064Z Collecting Flask==3.1.0 (from -r requirements.txt (line 1))
2025-07-15T17:51:49.7240858Z   Downloading flask-3.1.0-py3-none-any.whl.metadata (2.7 kB)
2025-07-15T17:51:49.7397021Z Collecting Flask-PyMongo==3.0.1 (from -r requirements.txt (line 2))
2025-07-15T17:51:49.7448809Z   Downloading flask_pymongo-3.0.1-py3-none-any.whl.metadata (3.5 kB)
2025-07-15T17:51:49.7980403Z Collecting pytest==8.2.1 (from -r requirements.txt (line 3))
2025-07-15T17:51:49.8027804Z   Downloading pytest-8.2.1-py3-none-any.whl.metadata (7.6 kB)
2025-07-15T17:51:49.8172168Z Collecting blinker==1.9.0 (from -r requirements.txt (line 4))
2025-07-15T17:51:49.8214953Z   Downloading blinker-1.9.0-py3-none-any.whl.metadata (1.6 kB)
2025-07-15T17:51:49.8445897Z Collecting certifi==2025.7.14 (from -r requirements.txt (line 5))
2025-07-15T17:51:49.8486979Z   Downloading certifi-2025.7.14-py3-none-any.whl.metadata (2.4 kB)
2025-07-15T17:51:49.9386934Z Collecting charset-normalizer==3.4.2 (from -r requirements.txt (line 6))
2025-07-15T17:51:49.9435113Z   Downloading charset_normalizer-3.4.2-cp310-cp310-manylinux_2_17_x86_64.manylinux2014_x86_64.whl.metadata (35 kB)
2025-07-15T17:51:49.9662878Z Collecting click==8.2.1 (from -r requirements.txt (line 7))
2025-07-15T17:51:49.9707964Z   Downloading click-8.2.1-py3-none-any.whl.metadata (2.5 kB)
2025-07-15T17:51:49.9855891Z Collecting dnspython==2.7.0 (from -r requirements.txt (line 8))
2025-07-15T17:51:49.9896593Z   Downloading dnspython-2.7.0-py3-none-any.whl.metadata (5.8 kB)
2025-07-15T17:51:50.0092514Z Collecting idna==3.10 (from -r requirements.txt (line 9))
2025-07-15T17:51:50.0137642Z   Downloading idna-3.10-py3-none-any.whl.metadata (10 kB)
2025-07-15T17:51:50.0273225Z Collecting itsdangerous==2.2.0 (from -r requirements.txt (line 10))
2025-07-15T17:51:50.0316352Z   Downloading itsdangerous-2.2.0-py3-none-any.whl.metadata (1.9 kB)
2025-07-15T17:51:50.0483251Z Collecting Jinja2==3.1.6 (from -r requirements.txt (line 11))
2025-07-15T17:51:50.0529024Z   Downloading jinja2-3.1.6-py3-none-any.whl.metadata (2.9 kB)
2025-07-15T17:51:50.1138390Z Collecting MarkupSafe==3.0.2 (from -r requirements.txt (line 12))
2025-07-15T17:51:50.1192143Z   Downloading MarkupSafe-3.0.2-cp310-cp310-manylinux_2_17_x86_64.manylinux2014_x86_64.whl.metadata (4.0 kB)
2025-07-15T17:51:50.1304978Z Collecting paho-mqtt==2.1.0 (from -r requirements.txt (line 13))
2025-07-15T17:51:50.1401295Z   Downloading paho_mqtt-2.1.0-py3-none-any.whl.metadata (23 kB)
2025-07-15T17:51:50.4835518Z Collecting pymongo==4.13.2 (from -r requirements.txt (line 14))
2025-07-15T17:51:50.4883070Z   Downloading pymongo-4.13.2-cp310-cp310-manylinux_2_17_x86_64.manylinux2014_x86_64.whl.metadata (22 kB)
2025-07-15T17:51:50.5127982Z Collecting python-dotenv==1.1.1 (from -r requirements.txt (line 15))
2025-07-15T17:51:50.5174397Z   Downloading python_dotenv-1.1.1-py3-none-any.whl.metadata (24 kB)
2025-07-15T17:51:50.5462979Z Collecting requests==2.32.4 (from -r requirements.txt (line 16))
2025-07-15T17:51:50.5505508Z   Downloading requests-2.32.4-py3-none-any.whl.metadata (4.9 kB)
2025-07-15T17:51:50.5914538Z Collecting urllib3==2.5.0 (from -r requirements.txt (line 17))
2025-07-15T17:51:50.5956996Z   Downloading urllib3-2.5.0-py3-none-any.whl.metadata (6.5 kB)
2025-07-15T17:51:50.6209193Z Collecting Werkzeug==3.1.3 (from -r requirements.txt (line 18))
2025-07-15T17:51:50.6251599Z   Downloading werkzeug-3.1.3-py3-none-any.whl.metadata (3.7 kB)
2025-07-15T17:51:50.6368087Z Collecting autodevops-cli==0.1.1 (from -r requirements.txt (line 19))
2025-07-15T17:51:50.6418445Z   Downloading autodevops_cli-0.1.1-py3-none-any.whl.metadata (494 bytes)
2025-07-15T17:51:50.6520322Z Collecting iniconfig==2.1.0 (from -r requirements.txt (line 20))
2025-07-15T17:51:50.6562557Z   Downloading iniconfig-2.1.0-py3-none-any.whl.metadata (2.7 kB)
2025-07-15T17:51:50.6692646Z Collecting loguru==0.7.3 (from -r requirements.txt (line 21))
2025-07-15T17:51:50.6734176Z   Downloading loguru-0.7.3-py3-none-any.whl.metadata (22 kB)
2025-07-15T17:51:50.6996601Z Collecting markdown-it-py==3.0.0 (from -r requirements.txt (line 22))
2025-07-15T17:51:50.7039332Z   Downloading markdown_it_py-3.0.0-py3-none-any.whl.metadata (6.9 kB)
2025-07-15T17:51:50.7191296Z Collecting mdurl==0.1.2 (from -r requirements.txt (line 23))
2025-07-15T17:51:50.7230510Z   Downloading mdurl-0.1.2-py3-none-any.whl.metadata (1.6 kB)
2025-07-15T17:51:50.7371766Z Collecting mongomock==4.3.0 (from -r requirements.txt (line 24))
2025-07-15T17:51:50.7411202Z   Downloading mongomock-4.3.0-py2.py3-none-any.whl.metadata (12 kB)
2025-07-15T17:51:50.7603574Z Collecting packaging==25.0 (from -r requirements.txt (line 25))
2025-07-15T17:51:50.7646884Z   Downloading packaging-25.0-py3-none-any.whl.metadata (3.3 kB)
2025-07-15T17:51:50.7776238Z Collecting pluggy==1.6.0 (from -r requirements.txt (line 26))
2025-07-15T17:51:50.7818427Z   Downloading pluggy-1.6.0-py3-none-any.whl.metadata (4.8 kB)
2025-07-15T17:51:50.8131919Z Collecting Pygments==2.19.2 (from -r requirements.txt (line 27))
2025-07-15T17:51:50.8173633Z   Downloading pygments-2.19.2-py3-none-any.whl.metadata (2.5 kB)
2025-07-15T17:51:50.8576784Z Collecting pytz==2025.2 (from -r requirements.txt (line 28))
2025-07-15T17:51:50.8622537Z   Downloading pytz-2025.2-py2.py3-none-any.whl.metadata (22 kB)
2025-07-15T17:51:50.9052946Z Collecting rich==14.0.0 (from -r requirements.txt (line 29))
2025-07-15T17:51:50.9098894Z   Downloading rich-14.0.0-py3-none-any.whl.metadata (18 kB)
2025-07-15T17:51:50.9212909Z Collecting sentinels==1.0.0 (from -r requirements.txt (line 30))
2025-07-15T17:51:50.9255589Z   Downloading sentinels-1.0.0.tar.gz (4.1 kB)
2025-07-15T17:51:50.9377593Z   Installing build dependencies: started
2025-07-15T17:51:51.8203551Z   Installing build dependencies: finished with status 'done'
2025-07-15T17:51:51.8211698Z   Getting requirements to build wheel: started
2025-07-15T17:51:52.1795388Z   Getting requirements to build wheel: finished with status 'done'
2025-07-15T17:51:52.1805082Z   Preparing metadata (pyproject.toml): started
2025-07-15T17:51:52.3679510Z   Preparing metadata (pyproject.toml): finished with status 'done'
2025-07-15T17:51:52.3835646Z Collecting sh==2.2.2 (from -r requirements.txt (line 31))
2025-07-15T17:51:52.3890438Z   Downloading sh-2.2.2-py3-none-any.whl.metadata (3.7 kB)
2025-07-15T17:51:52.4343333Z Collecting exceptiongroup>=1.0.0rc8 (from pytest==8.2.1->-r requirements.txt (line 3))
2025-07-15T17:51:52.4386133Z   Downloading exceptiongroup-1.3.0-py3-none-any.whl.metadata (6.7 kB)
2025-07-15T17:51:52.4574392Z Collecting tomli>=1 (from pytest==8.2.1->-r requirements.txt (line 3))
2025-07-15T17:51:52.4616507Z   Downloading tomli-2.2.1-py3-none-any.whl.metadata (10 kB)
2025-07-15T17:51:52.5323482Z Collecting typing-extensions<5.0,>=4.0.0 (from rich==14.0.0->-r requirements.txt (line 29))
2025-07-15T17:51:52.5366033Z   Downloading typing_extensions-4.14.1-py3-none-any.whl.metadata (3.0 kB)
2025-07-15T17:51:52.5552639Z Downloading flask-3.1.0-py3-none-any.whl (102 kB)
2025-07-15T17:51:52.5663411Z Downloading flask_pymongo-3.0.1-py3-none-any.whl (11 kB)
2025-07-15T17:51:52.5741154Z Downloading pytest-8.2.1-py3-none-any.whl (339 kB)
2025-07-15T17:51:52.5898006Z Downloading pluggy-1.6.0-py3-none-any.whl (20 kB)
2025-07-15T17:51:52.5958528Z Downloading blinker-1.9.0-py3-none-any.whl (8.5 kB)
2025-07-15T17:51:52.6023419Z Downloading certifi-2025.7.14-py3-none-any.whl (162 kB)
2025-07-15T17:51:52.6131184Z Downloading charset_normalizer-3.4.2-cp310-cp310-manylinux_2_17_x86_64.manylinux2014_x86_64.whl (149 kB)
2025-07-15T17:51:52.6221180Z Downloading click-8.2.1-py3-none-any.whl (102 kB)
2025-07-15T17:51:52.6292984Z Downloading dnspython-2.7.0-py3-none-any.whl (313 kB)
2025-07-15T17:51:52.6415108Z Downloading idna-3.10-py3-none-any.whl (70 kB)
2025-07-15T17:51:52.6483039Z Downloading itsdangerous-2.2.0-py3-none-any.whl (16 kB)
2025-07-15T17:51:52.6546415Z Downloading jinja2-3.1.6-py3-none-any.whl (134 kB)
2025-07-15T17:51:52.6629255Z Downloading MarkupSafe-3.0.2-cp310-cp310-manylinux_2_17_x86_64.manylinux2014_x86_64.whl (20 kB)
2025-07-15T17:51:52.6687980Z Downloading paho_mqtt-2.1.0-py3-none-any.whl (67 kB)
2025-07-15T17:51:52.6789272Z Downloading pymongo-4.13.2-cp310-cp310-manylinux_2_17_x86_64.manylinux2014_x86_64.whl (1.2 MB)
2025-07-15T17:51:52.7033329Z    ━━━━━━━━━━━━━━━━━━━━━━━━━━━━━━━━━━━━━━━━ 1.2/1.2 MB 50.4 MB/s eta 0:00:00
2025-07-15T17:51:52.7078352Z Downloading python_dotenv-1.1.1-py3-none-any.whl (20 kB)
2025-07-15T17:51:52.7140601Z Downloading requests-2.32.4-py3-none-any.whl (64 kB)
2025-07-15T17:51:52.7204531Z Downloading urllib3-2.5.0-py3-none-any.whl (129 kB)
2025-07-15T17:51:52.7275099Z Downloading werkzeug-3.1.3-py3-none-any.whl (224 kB)
2025-07-15T17:51:52.7386351Z Downloading autodevops_cli-0.1.1-py3-none-any.whl (4.1 kB)
2025-07-15T17:51:52.7451517Z Downloading iniconfig-2.1.0-py3-none-any.whl (6.0 kB)
2025-07-15T17:51:52.7510446Z Downloading loguru-0.7.3-py3-none-any.whl (61 kB)
2025-07-15T17:51:52.7584536Z Downloading markdown_it_py-3.0.0-py3-none-any.whl (87 kB)
2025-07-15T17:51:52.7649392Z Downloading mdurl-0.1.2-py3-none-any.whl (10.0 kB)
2025-07-15T17:51:52.7709399Z Downloading mongomock-4.3.0-py2.py3-none-any.whl (64 kB)
2025-07-15T17:51:52.7770492Z Downloading packaging-25.0-py3-none-any.whl (66 kB)
2025-07-15T17:51:52.7835908Z Downloading pygments-2.19.2-py3-none-any.whl (1.2 MB)
2025-07-15T17:51:52.8025668Z    ━━━━━━━━━━━━━━━━━━━━━━━━━━━━━━━━━━━━━━━━ 1.2/1.2 MB 69.3 MB/s eta 0:00:00
2025-07-15T17:51:52.8068648Z Downloading pytz-2025.2-py2.py3-none-any.whl (509 kB)
2025-07-15T17:51:52.8176377Z Downloading rich-14.0.0-py3-none-any.whl (243 kB)
2025-07-15T17:51:52.8255098Z Downloading sh-2.2.2-py3-none-any.whl (38 kB)
2025-07-15T17:51:52.8316208Z Downloading typing_extensions-4.14.1-py3-none-any.whl (43 kB)
2025-07-15T17:51:52.8376702Z Downloading exceptiongroup-1.3.0-py3-none-any.whl (16 kB)
2025-07-15T17:51:52.8439453Z Downloading tomli-2.2.1-py3-none-any.whl (14 kB)
2025-07-15T17:51:52.8807546Z Building wheels for collected packages: sentinels
2025-07-15T17:51:52.8817711Z   Building wheel for sentinels (pyproject.toml): started
2025-07-15T17:51:53.0902413Z   Building wheel for sentinels (pyproject.toml): finished with status 'done'
2025-07-15T17:51:53.0909036Z   Created wheel for sentinels: filename=sentinels-1.0.0-py3-none-any.whl size=3229 sha256=39989d68b7221f78827e6ed2ec8ba99ff0dda8ce1b5abfc2dc455827f05fe253
2025-07-15T17:51:53.0911489Z   Stored in directory: /home/runner/.cache/pip/wheels/26/bc/eb/67e56405e0684b3d8c011cf4d18129c41be394775fd5ba2347
2025-07-15T17:51:53.0927772Z Successfully built sentinels
2025-07-15T17:51:53.1701196Z Installing collected packages: sentinels, pytz, urllib3, typing-extensions, tomli, sh, python-dotenv, Pygments, pluggy, paho-mqtt, packaging, mdurl, MarkupSafe, loguru, itsdangerous, iniconfig, idna, dnspython, click, charset-normalizer, certifi, blinker, Werkzeug, requests, pymongo, mongomock, markdown-it-py, Jinja2, exceptiongroup, rich, pytest, Flask, Flask-PyMongo, autodevops-cli
2025-07-15T17:51:55.6190172Z 
2025-07-15T17:51:55.6250652Z Successfully installed Flask-3.1.0 Flask-PyMongo-3.0.1 Jinja2-3.1.6 MarkupSafe-3.0.2 Pygments-2.19.2 Werkzeug-3.1.3 autodevops-cli-0.1.1 blinker-1.9.0 certifi-2025.7.14 charset-normalizer-3.4.2 click-8.2.1 dnspython-2.7.0 exceptiongroup-1.3.0 idna-3.10 iniconfig-2.1.0 itsdangerous-2.2.0 loguru-0.7.3 markdown-it-py-3.0.0 mdurl-0.1.2 mongomock-4.3.0 packaging-25.0 paho-mqtt-2.1.0 pluggy-1.6.0 pymongo-4.13.2 pytest-8.2.1 python-dotenv-1.1.1 pytz-2025.2 requests-2.32.4 rich-14.0.0 sentinels-1.0.0 sh-2.2.2 tomli-2.2.1 typing-extensions-4.14.1 urllib3-2.5.0
2025-07-15T17:51:55.7755117Z ##[group]Run export PYTHONPATH=.
2025-07-15T17:51:55.7755437Z [36;1mexport PYTHONPATH=.[0m
2025-07-15T17:51:55.7755695Z [36;1mpytest test_main.py -v[0m
2025-07-15T17:51:55.7783852Z shell: /usr/bin/bash -e {0}
2025-07-15T17:51:55.7784073Z env:
2025-07-15T17:51:55.7784309Z   pythonLocation: /opt/hostedtoolcache/Python/3.10.18/x64
2025-07-15T17:51:55.7784711Z   PKG_CONFIG_PATH: /opt/hostedtoolcache/Python/3.10.18/x64/lib/pkgconfig
2025-07-15T17:51:55.7785094Z   Python_ROOT_DIR: /opt/hostedtoolcache/Python/3.10.18/x64
2025-07-15T17:51:55.7785431Z   Python2_ROOT_DIR: /opt/hostedtoolcache/Python/3.10.18/x64
2025-07-15T17:51:55.7785776Z   Python3_ROOT_DIR: /opt/hostedtoolcache/Python/3.10.18/x64
2025-07-15T17:51:55.7786118Z   LD_LIBRARY_PATH: /opt/hostedtoolcache/Python/3.10.18/x64/lib
2025-07-15T17:51:55.7786404Z ##[endgroup]
2025-07-15T17:51:56.1507312Z ============================= test session starts ==============================
2025-07-15T17:51:56.1508193Z platform linux -- Python 3.10.18, pytest-8.2.1, pluggy-1.6.0 -- /opt/hostedtoolcache/Python/3.10.18/x64/bin/python
2025-07-15T17:51:56.1508937Z cachedir: .pytest_cache
2025-07-15T17:51:56.1509419Z rootdir: /home/runner/work/testing-CI-CD/testing-CI-CD
2025-07-15T17:51:56.4237541Z collecting ... collected 7 items
2025-07-15T17:51:56.4237945Z 
2025-07-15T17:51:56.4372206Z test_main.py::test_home_page PASSED                                      [ 14%]
2025-07-15T17:51:56.4545255Z test_main.py::test_admin_dashboard PASSED                                [ 28%]
2025-07-15T17:51:56.4609541Z test_main.py::test_student_dashboard PASSED                              [ 42%]
2025-07-15T17:51:56.4653353Z test_main.py::test_generate_attendance_no_input PASSED                   [ 57%]
2025-07-15T17:51:56.4696945Z test_main.py::test_student_generate_attendance_invalid PASSED            [ 71%]
2025-07-15T17:51:56.4758509Z test_main.py::test_register_user_get PASSED                              [ 85%]
2025-07-15T17:51:56.4817563Z test_main.py::test_receive_rfid_missing PASSED                           [100%]
2025-07-15T17:51:56.4818231Z 
2025-07-15T17:51:56.4818486Z ============================== 7 passed in 0.33s ===============================
2025-07-15T17:51:56.5292963Z ##[group]Run docker/login-action@v3
2025-07-15T17:51:56.5293230Z with:
2025-07-15T17:51:56.5293530Z   username: ***
2025-07-15T17:51:56.5293785Z   password: ***
2025-07-15T17:51:56.5293957Z   ecr: auto
2025-07-15T17:51:56.5294120Z   logout: true
2025-07-15T17:51:56.5294285Z env:
2025-07-15T17:51:56.5294513Z   pythonLocation: /opt/hostedtoolcache/Python/3.10.18/x64
2025-07-15T17:51:56.5294910Z   PKG_CONFIG_PATH: /opt/hostedtoolcache/Python/3.10.18/x64/lib/pkgconfig
2025-07-15T17:51:56.5295298Z   Python_ROOT_DIR: /opt/hostedtoolcache/Python/3.10.18/x64
2025-07-15T17:51:56.5295649Z   Python2_ROOT_DIR: /opt/hostedtoolcache/Python/3.10.18/x64
2025-07-15T17:51:56.5295994Z   Python3_ROOT_DIR: /opt/hostedtoolcache/Python/3.10.18/x64
2025-07-15T17:51:56.5296344Z   LD_LIBRARY_PATH: /opt/hostedtoolcache/Python/3.10.18/x64/lib
2025-07-15T17:51:56.5296633Z ##[endgroup]
2025-07-15T17:51:56.8146365Z Logging into Docker Hub...
2025-07-15T17:51:57.0292094Z Login Succeeded!
2025-07-15T17:51:57.0425716Z ##[group]Run docker build -t ***/flask-ci-cd-demo .
2025-07-15T17:51:57.0426201Z [36;1mdocker build -t ***/flask-ci-cd-demo .[0m
2025-07-15T17:51:57.0454308Z shell: /usr/bin/bash -e {0}
2025-07-15T17:51:57.0454546Z env:
2025-07-15T17:51:57.0454804Z   pythonLocation: /opt/hostedtoolcache/Python/3.10.18/x64
2025-07-15T17:51:57.0455244Z   PKG_CONFIG_PATH: /opt/hostedtoolcache/Python/3.10.18/x64/lib/pkgconfig
2025-07-15T17:51:57.0455655Z   Python_ROOT_DIR: /opt/hostedtoolcache/Python/3.10.18/x64
2025-07-15T17:51:57.0456021Z   Python2_ROOT_DIR: /opt/hostedtoolcache/Python/3.10.18/x64
2025-07-15T17:51:57.0456374Z   Python3_ROOT_DIR: /opt/hostedtoolcache/Python/3.10.18/x64
2025-07-15T17:51:57.0456732Z   LD_LIBRARY_PATH: /opt/hostedtoolcache/Python/3.10.18/x64/lib
2025-07-15T17:51:57.0457026Z ##[endgroup]
2025-07-15T17:51:57.5798767Z #0 building with "default" instance using docker driver
2025-07-15T17:51:57.5799128Z 
2025-07-15T17:51:57.5799394Z #1 [internal] load build definition from Dockerfile
2025-07-15T17:51:57.5799826Z #1 transferring dockerfile: 798B done
2025-07-15T17:51:57.5800151Z #1 DONE 0.0s
2025-07-15T17:51:57.5800290Z 
2025-07-15T17:51:57.5800499Z #2 [auth] library/python:pull token for registry-1.docker.io
2025-07-15T17:51:57.5801114Z #2 DONE 0.0s
2025-07-15T17:51:57.5801263Z 
2025-07-15T17:51:57.5801485Z #3 [internal] load metadata for docker.io/library/python:3.10-slim
2025-07-15T17:51:57.7176060Z #3 DONE 0.3s
2025-07-15T17:51:57.8333529Z 
2025-07-15T17:51:57.8335583Z #4 [internal] load .dockerignore
2025-07-15T17:51:57.8336089Z #4 transferring context: 2B done
2025-07-15T17:51:57.8336497Z #4 DONE 0.0s
2025-07-15T17:51:57.8336691Z 
2025-07-15T17:51:57.8337294Z #5 [1/6] FROM docker.io/library/python:3.10-slim@sha256:9dd6774a1276178f94b0cc1fb1f0edd980825d0ea7634847af9940b1b6273c13
2025-07-15T17:51:57.8338560Z #5 resolve docker.io/library/python:3.10-slim@sha256:9dd6774a1276178f94b0cc1fb1f0edd980825d0ea7634847af9940b1b6273c13 done
2025-07-15T17:51:57.8339809Z #5 sha256:92d63ec5cbeb1348bad42929919fd8e78f38d96e388b5509d2929d76ddafb48e 3.15MB / 15.65MB 0.1s
2025-07-15T17:51:57.8340832Z #5 sha256:64b78282ca88b226c404cb8dfdee72b75eea52c9ac7380c0439b6e03992e483f 0B / 248B 0.1s
2025-07-15T17:51:57.8342085Z #5 sha256:9dd6774a1276178f94b0cc1fb1f0edd980825d0ea7634847af9940b1b6273c13 9.13kB / 9.13kB done
2025-07-15T17:51:57.8343398Z #5 sha256:c5dbd5ba857839a0aa9db765ea519c1514a40da811b4cf08c852b72fab4379d5 1.75kB / 1.75kB done
2025-07-15T17:51:57.8375347Z #5 sha256:563dffbdc42507a70677ee28b4bb678ad9074e3c9f75e3043523a38dcdf4f553 5.37kB / 5.37kB done
2025-07-15T17:51:57.8376397Z #5 sha256:3da95a905ed546f99c4564407923a681757d89651a388ec3f1f5e9bf5ed0b39d 0B / 28.23MB 0.1s
2025-07-15T17:51:57.8377478Z #5 sha256:0ebcc011f0ec7a9a900f7366b104730396a59032e64f04f3867a75f25ed48280 3.51MB / 3.51MB 0.1s done
2025-07-15T17:51:57.9380407Z #5 sha256:92d63ec5cbeb1348bad42929919fd8e78f38d96e388b5509d2929d76ddafb48e 15.65MB / 15.65MB 0.2s done
2025-07-15T17:51:57.9393009Z #5 sha256:64b78282ca88b226c404cb8dfdee72b75eea52c9ac7380c0439b6e03992e483f 248B / 248B 0.1s done
2025-07-15T17:51:57.9394116Z #5 sha256:3da95a905ed546f99c4564407923a681757d89651a388ec3f1f5e9bf5ed0b39d 7.34MB / 28.23MB 0.2s
2025-07-15T17:51:58.0376457Z #5 sha256:3da95a905ed546f99c4564407923a681757d89651a388ec3f1f5e9bf5ed0b39d 16.78MB / 28.23MB 0.3s
2025-07-15T17:51:58.1378416Z #5 sha256:3da95a905ed546f99c4564407923a681757d89651a388ec3f1f5e9bf5ed0b39d 28.23MB / 28.23MB 0.4s done
2025-07-15T17:51:58.2887460Z #5 extracting sha256:3da95a905ed546f99c4564407923a681757d89651a388ec3f1f5e9bf5ed0b39d 0.1s
2025-07-15T17:51:58.3916763Z #5 ...
2025-07-15T17:51:58.3917072Z 
2025-07-15T17:51:58.3917238Z #6 [internal] load build context
2025-07-15T17:51:58.3917692Z #6 transferring context: 64.53MB 0.6s done
2025-07-15T17:51:58.3918101Z #6 DONE 0.6s
2025-07-15T17:51:58.3918274Z 
2025-07-15T17:51:58.3918829Z #5 [1/6] FROM docker.io/library/python:3.10-slim@sha256:9dd6774a1276178f94b0cc1fb1f0edd980825d0ea7634847af9940b1b6273c13
2025-07-15T17:51:59.2698381Z #5 extracting sha256:3da95a905ed546f99c4564407923a681757d89651a388ec3f1f5e9bf5ed0b39d 1.1s done
2025-07-15T17:51:59.4111338Z #5 extracting sha256:0ebcc011f0ec7a9a900f7366b104730396a59032e64f04f3867a75f25ed48280 0.1s
2025-07-15T17:51:59.5667340Z #5 extracting sha256:0ebcc011f0ec7a9a900f7366b104730396a59032e64f04f3867a75f25ed48280 0.1s done
2025-07-15T17:51:59.9308735Z #5 extracting sha256:92d63ec5cbeb1348bad42929919fd8e78f38d96e388b5509d2929d76ddafb48e
2025-07-15T17:52:00.6171361Z #5 extracting sha256:92d63ec5cbeb1348bad42929919fd8e78f38d96e388b5509d2929d76ddafb48e 0.6s done
2025-07-15T17:52:00.6172574Z #5 extracting sha256:64b78282ca88b226c404cb8dfdee72b75eea52c9ac7380c0439b6e03992e483f
2025-07-15T17:52:00.7970382Z #5 extracting sha256:64b78282ca88b226c404cb8dfdee72b75eea52c9ac7380c0439b6e03992e483f done
2025-07-15T17:52:00.7971221Z #5 DONE 2.9s
2025-07-15T17:52:00.7971361Z 
2025-07-15T17:52:00.7971831Z #7 [2/6] RUN apt-get update &&     apt-get install -y --no-install-recommends     build-essential     curl     nano     git     && rm -rf /var/lib/apt/lists/*
2025-07-15T17:52:00.8079940Z #7 0.161 Get:1 http://deb.debian.org/debian bookworm InRelease [151 kB]
2025-07-15T17:52:00.9201987Z #7 0.171 Get:2 http://deb.debian.org/debian bookworm-updates InRelease [55.4 kB]
2025-07-15T17:52:00.9202900Z #7 0.172 Get:3 http://deb.debian.org/debian-security bookworm-security InRelease [48.0 kB]
2025-07-15T17:52:00.9203867Z #7 0.226 Get:4 http://deb.debian.org/debian bookworm/main amd64 Packages [8793 kB]
2025-07-15T17:52:00.9204705Z #7 0.273 Get:5 http://deb.debian.org/debian bookworm-updates/main amd64 Packages [756 B]
2025-07-15T17:52:01.1154626Z #7 0.318 Get:6 http://deb.debian.org/debian-security bookworm-security/main amd64 Packages [272 kB]
2025-07-15T17:52:01.6692605Z #7 1.023 Fetched 9320 kB in 1s (10.6 MB/s)
2025-07-15T17:52:02.0545892Z #7 1.023 Reading package lists...
2025-07-15T17:52:02.4485787Z #7 1.425 Reading package lists...
2025-07-15T17:52:02.6380192Z #7 1.812 Building dependency tree...
2025-07-15T17:52:02.6382313Z #7 1.900 Reading state information...
2025-07-15T17:52:02.6383122Z #7 1.991 The following additional packages will be installed:
2025-07-15T17:52:02.6384128Z #7 1.991   binutils binutils-common binutils-x86-64-linux-gnu bzip2 cpp cpp-12 dpkg-dev
2025-07-15T17:52:02.7900411Z #7 1.991   g++ g++-12 gcc gcc-12 git-man libasan8 libatomic1 libbinutils libbrotli1
2025-07-15T17:52:02.7901271Z #7 1.991   libc-dev-bin libc6-dev libcc1-0 libcrypt-dev libctf-nobfd0 libctf0
2025-07-15T17:52:02.7901916Z #7 1.991   libcurl3-gnutls libcurl4 libdpkg-perl liberror-perl libexpat1 libgcc-12-dev
2025-07-15T17:52:02.7902551Z #7 1.992   libgdbm-compat4 libgomp1 libgprofng0 libisl23 libitm1 libjansson4
2025-07-15T17:52:02.7903149Z #7 1.992   libldap-2.5-0 liblsan0 libmpc3 libmpfr6 libnghttp2-14 libnsl-dev libperl5.36
2025-07-15T17:52:02.7903763Z #7 1.992   libpsl5 libquadmath0 librtmp1 libsasl2-2 libsasl2-modules-db libssh2-1
2025-07-15T17:52:02.7904405Z #7 1.992   libstdc++-12-dev libtirpc-dev libtsan2 libubsan1 linux-libc-dev make patch
2025-07-15T17:52:02.7905305Z #7 1.992   perl perl-modules-5.36 rpcsvc-proto xz-utils
2025-07-15T17:52:02.7905663Z #7 1.993 Suggested packages:
2025-07-15T17:52:02.7906084Z #7 1.993   binutils-doc bzip2-doc cpp-doc gcc-12-locales cpp-12-doc debian-keyring
2025-07-15T17:52:02.7906677Z #7 1.993   g++-multilib g++-12-multilib gcc-12-doc gcc-multilib manpages-dev autoconf
2025-07-15T17:52:02.7907260Z #7 1.993   automake libtool flex bison gdb gcc-doc gcc-12-multilib gettext-base
2025-07-15T17:52:02.7907845Z #7 1.993   git-daemon-run | git-daemon-sysvinit git-doc git-email git-gui gitk gitweb
2025-07-15T17:52:02.7908458Z #7 1.993   git-cvs git-mediawiki git-svn glibc-doc gnupg | sq | sqop | pgpainless-cli
2025-07-15T17:52:02.7909065Z #7 1.993   sensible-utils bzr libstdc++-12-doc make-doc hunspell ed diffutils-doc
2025-07-15T17:52:02.7909646Z #7 1.993   perl-doc libterm-readline-gnu-perl | libterm-readline-perl-perl
2025-07-15T17:52:02.7910103Z #7 1.993   libtap-harness-archive-perl
2025-07-15T17:52:02.7910626Z #7 1.993 Recommended packages:
2025-07-15T17:52:02.7911142Z #7 1.993   fakeroot gnupg | sq | sqop | pgpainless-cli libalgorithm-merge-perl less
2025-07-15T17:52:02.7911624Z #7 1.993   ssh-client manpages manpages-dev libc-devtools libfile-fcntllock-perl
2025-07-15T17:52:02.7912143Z #7 1.993   liblocale-gettext-perl libldap-common publicsuffix libsasl2-modules
2025-07-15T17:52:02.9606439Z #7 2.314 The following NEW packages will be installed:
2025-07-15T17:52:02.9607340Z #7 2.314   binutils binutils-common binutils-x86-64-linux-gnu build-essential bzip2 cpp
2025-07-15T17:52:03.0636642Z #7 2.314   cpp-12 curl dpkg-dev g++ g++-12 gcc gcc-12 git git-man libasan8 libatomic1
2025-07-15T17:52:03.0639187Z #7 2.314   libbinutils libbrotli1 libc-dev-bin libc6-dev libcc1-0 libcrypt-dev
2025-07-15T17:52:03.0640302Z #7 2.314   libctf-nobfd0 libctf0 libcurl3-gnutls libcurl4 libdpkg-perl liberror-perl
2025-07-15T17:52:03.0641663Z #7 2.314   libexpat1 libgcc-12-dev libgdbm-compat4 libgomp1 libgprofng0 libisl23
2025-07-15T17:52:03.0642684Z #7 2.314   libitm1 libjansson4 libldap-2.5-0 liblsan0 libmpc3 libmpfr6 libnghttp2-14
2025-07-15T17:52:03.0643334Z #7 2.315   libnsl-dev libperl5.36 libpsl5 libquadmath0 librtmp1 libsasl2-2
2025-07-15T17:52:03.0643973Z #7 2.315   libsasl2-modules-db libssh2-1 libstdc++-12-dev libtirpc-dev libtsan2
2025-07-15T17:52:03.0644660Z #7 2.315   libubsan1 linux-libc-dev make nano patch perl perl-modules-5.36 rpcsvc-proto
2025-07-15T17:52:03.0645244Z #7 2.315   xz-utils
2025-07-15T17:52:03.0645624Z #7 2.359 0 upgraded, 62 newly installed, 0 to remove and 0 not upgraded.
2025-07-15T17:52:03.0646110Z #7 2.359 Need to get 85.7 MB of archives.
2025-07-15T17:52:03.0646462Z #7 2.359 After this operation, 370 MB of additional disk space will be used.
2025-07-15T17:52:03.0647021Z #7 2.359 Get:1 http://deb.debian.org/debian bookworm/main amd64 perl-modules-5.36 all 5.36.0-7+deb12u2 [2815 kB]
2025-07-15T17:52:03.0647636Z #7 2.417 Get:2 http://deb.debian.org/debian bookworm/main amd64 libgdbm-compat4 amd64 1.23-3 [48.2 kB]
2025-07-15T17:52:03.1899423Z #7 2.418 Get:3 http://deb.debian.org/debian bookworm/main amd64 libperl5.36 amd64 5.36.0-7+deb12u2 [4207 kB]
2025-07-15T17:52:03.1900698Z #7 2.436 Get:4 http://deb.debian.org/debian bookworm/main amd64 perl amd64 5.36.0-7+deb12u2 [239 kB]
2025-07-15T17:52:03.1902084Z #7 2.437 Get:5 http://deb.debian.org/debian bookworm/main amd64 nano amd64 7.2-1+deb12u1 [690 kB]
2025-07-15T17:52:03.1903081Z #7 2.440 Get:6 http://deb.debian.org/debian bookworm/main amd64 bzip2 amd64 1.0.8-5+b1 [49.8 kB]
2025-07-15T17:52:03.1903933Z #7 2.440 Get:7 http://deb.debian.org/debian bookworm/main amd64 xz-utils amd64 5.4.1-1 [471 kB]
2025-07-15T17:52:03.1905058Z #7 2.443 Get:8 http://deb.debian.org/debian bookworm/main amd64 binutils-common amd64 2.40-2 [2487 kB]
2025-07-15T17:52:03.1906136Z #7 2.452 Get:9 http://deb.debian.org/debian bookworm/main amd64 libbinutils amd64 2.40-2 [572 kB]
2025-07-15T17:52:03.1906871Z #7 2.454 Get:10 http://deb.debian.org/debian bookworm/main amd64 libctf-nobfd0 amd64 2.40-2 [153 kB]
2025-07-15T17:52:03.1907799Z #7 2.455 Get:11 http://deb.debian.org/debian bookworm/main amd64 libctf0 amd64 2.40-2 [89.8 kB]
2025-07-15T17:52:03.1908470Z #7 2.456 Get:12 http://deb.debian.org/debian bookworm/main amd64 libgprofng0 amd64 2.40-2 [812 kB]
2025-07-15T17:52:03.1909001Z #7 2.459 Get:13 http://deb.debian.org/debian bookworm/main amd64 libjansson4 amd64 2.14-2 [40.8 kB]
2025-07-15T17:52:03.1909829Z #7 2.460 Get:14 http://deb.debian.org/debian bookworm/main amd64 binutils-x86-64-linux-gnu amd64 2.40-2 [2246 kB]
2025-07-15T17:52:03.1910878Z #7 2.470 Get:15 http://deb.debian.org/debian bookworm/main amd64 binutils amd64 2.40-2 [65.0 kB]
2025-07-15T17:52:03.1911927Z #7 2.470 Get:16 http://deb.debian.org/debian bookworm/main amd64 libc-dev-bin amd64 2.36-9+deb12u10 [47.1 kB]
2025-07-15T17:52:03.1913008Z #7 2.471 Get:17 http://deb.debian.org/debian-security bookworm-security/main amd64 linux-libc-dev amd64 6.1.140-1 [2145 kB]
2025-07-15T17:52:03.1914283Z #7 2.478 Get:18 http://deb.debian.org/debian bookworm/main amd64 libcrypt-dev amd64 1:4.4.33-2 [118 kB]
2025-07-15T17:52:03.1915212Z #7 2.479 Get:19 http://deb.debian.org/debian bookworm/main amd64 libtirpc-dev amd64 1.3.3+ds-1 [191 kB]
2025-07-15T17:52:03.1916099Z #7 2.480 Get:20 http://deb.debian.org/debian bookworm/main amd64 libnsl-dev amd64 1.3.0-2 [66.4 kB]
2025-07-15T17:52:03.1916993Z #7 2.480 Get:21 http://deb.debian.org/debian bookworm/main amd64 rpcsvc-proto amd64 1.4.3-1 [63.3 kB]
2025-07-15T17:52:03.1917922Z #7 2.484 Get:22 http://deb.debian.org/debian bookworm/main amd64 libc6-dev amd64 2.36-9+deb12u10 [1903 kB]
2025-07-15T17:52:03.1918831Z #7 2.493 Get:23 http://deb.debian.org/debian bookworm/main amd64 libisl23 amd64 0.25-1.1 [683 kB]
2025-07-15T17:52:03.1919689Z #7 2.496 Get:24 http://deb.debian.org/debian bookworm/main amd64 libmpfr6 amd64 4.2.0-1 [701 kB]
2025-07-15T17:52:03.1920530Z #7 2.500 Get:25 http://deb.debian.org/debian bookworm/main amd64 libmpc3 amd64 1.3.1-1 [51.5 kB]
2025-07-15T17:52:03.1921620Z #7 2.500 Get:26 http://deb.debian.org/debian bookworm/main amd64 cpp-12 amd64 12.2.0-14+deb12u1 [9768 kB]
2025-07-15T17:52:03.1922503Z #7 2.543 Get:27 http://deb.debian.org/debian bookworm/main amd64 cpp amd64 4:12.2.0-3 [6836 B]
2025-07-15T17:52:03.3141442Z #7 2.543 Get:28 http://deb.debian.org/debian bookworm/main amd64 libcc1-0 amd64 12.2.0-14+deb12u1 [41.7 kB]
2025-07-15T17:52:03.3142552Z #7 2.544 Get:29 http://deb.debian.org/debian bookworm/main amd64 libgomp1 amd64 12.2.0-14+deb12u1 [116 kB]
2025-07-15T17:52:03.3143483Z #7 2.545 Get:30 http://deb.debian.org/debian bookworm/main amd64 libitm1 amd64 12.2.0-14+deb12u1 [26.1 kB]
2025-07-15T17:52:03.3144246Z #7 2.545 Get:31 http://deb.debian.org/debian bookworm/main amd64 libatomic1 amd64 12.2.0-14+deb12u1 [9376 B]
2025-07-15T17:52:03.3144960Z #7 2.546 Get:32 http://deb.debian.org/debian bookworm/main amd64 libasan8 amd64 12.2.0-14+deb12u1 [2193 kB]
2025-07-15T17:52:03.3146047Z #7 2.556 Get:33 http://deb.debian.org/debian bookworm/main amd64 liblsan0 amd64 12.2.0-14+deb12u1 [969 kB]
2025-07-15T17:52:03.3146806Z #7 2.560 Get:34 http://deb.debian.org/debian bookworm/main amd64 libtsan2 amd64 12.2.0-14+deb12u1 [2197 kB]
2025-07-15T17:52:03.3147619Z #7 2.570 Get:35 http://deb.debian.org/debian bookworm/main amd64 libubsan1 amd64 12.2.0-14+deb12u1 [883 kB]
2025-07-15T17:52:03.3148684Z #7 2.574 Get:36 http://deb.debian.org/debian bookworm/main amd64 libquadmath0 amd64 12.2.0-14+deb12u1 [145 kB]
2025-07-15T17:52:03.3149767Z #7 2.575 Get:37 http://deb.debian.org/debian bookworm/main amd64 libgcc-12-dev amd64 12.2.0-14+deb12u1 [2437 kB]
2025-07-15T17:52:03.3150832Z #7 2.586 Get:38 http://deb.debian.org/debian bookworm/main amd64 gcc-12 amd64 12.2.0-14+deb12u1 [19.3 MB]
2025-07-15T17:52:03.3151847Z #7 2.667 Get:39 http://deb.debian.org/debian bookworm/main amd64 gcc amd64 4:12.2.0-3 [5216 B]
2025-07-15T17:52:03.5253670Z #7 2.667 Get:40 http://deb.debian.org/debian bookworm/main amd64 libstdc++-12-dev amd64 12.2.0-14+deb12u1 [2047 kB]
2025-07-15T17:52:03.5255440Z #7 2.676 Get:41 http://deb.debian.org/debian bookworm/main amd64 g++-12 amd64 12.2.0-14+deb12u1 [10.7 MB]
2025-07-15T17:52:03.5256559Z #7 2.713 Get:42 http://deb.debian.org/debian bookworm/main amd64 g++ amd64 4:12.2.0-3 [1356 B]
2025-07-15T17:52:03.5257485Z #7 2.714 Get:43 http://deb.debian.org/debian bookworm/main amd64 make amd64 4.3-4.1 [396 kB]
2025-07-15T17:52:03.5258188Z #7 2.715 Get:44 http://deb.debian.org/debian bookworm/main amd64 libdpkg-perl all 1.21.22 [603 kB]
2025-07-15T17:52:03.5258888Z #7 2.718 Get:45 http://deb.debian.org/debian bookworm/main amd64 patch amd64 2.7.6-7 [128 kB]
2025-07-15T17:52:03.5259540Z #7 2.719 Get:46 http://deb.debian.org/debian bookworm/main amd64 dpkg-dev all 1.21.22 [1353 kB]
2025-07-15T17:52:03.5260256Z #7 2.724 Get:47 http://deb.debian.org/debian bookworm/main amd64 build-essential amd64 12.9 [7704 B]
2025-07-15T17:52:03.5261254Z #7 2.724 Get:48 http://deb.debian.org/debian bookworm/main amd64 libbrotli1 amd64 1.0.9-2+b6 [275 kB]
2025-07-15T17:52:03.5262213Z #7 2.725 Get:49 http://deb.debian.org/debian bookworm/main amd64 libsasl2-modules-db amd64 2.1.28+dfsg-10 [20.3 kB]
2025-07-15T17:52:03.5263012Z #7 2.726 Get:50 http://deb.debian.org/debian bookworm/main amd64 libsasl2-2 amd64 2.1.28+dfsg-10 [59.7 kB]
2025-07-15T17:52:03.5263892Z #7 2.726 Get:51 http://deb.debian.org/debian bookworm/main amd64 libldap-2.5-0 amd64 2.5.13+dfsg-5 [183 kB]
2025-07-15T17:52:03.5265197Z #7 2.727 Get:52 http://deb.debian.org/debian bookworm/main amd64 libnghttp2-14 amd64 1.52.0-1+deb12u2 [73.0 kB]
2025-07-15T17:52:03.5266049Z #7 2.729 Get:53 http://deb.debian.org/debian bookworm/main amd64 libpsl5 amd64 0.21.2-1 [58.7 kB]
2025-07-15T17:52:03.5266634Z #7 2.730 Get:54 http://deb.debian.org/debian bookworm/main amd64 librtmp1 amd64 2.4+20151223.gitfa8646d.1-2+b2 [60.8 kB]
2025-07-15T17:52:03.5267223Z #7 2.731 Get:55 http://deb.debian.org/debian bookworm/main amd64 libssh2-1 amd64 1.10.0-3+b1 [179 kB]
2025-07-15T17:52:03.5267783Z #7 2.736 Get:56 http://deb.debian.org/debian bookworm/main amd64 libcurl4 amd64 7.88.1-10+deb12u12 [391 kB]
2025-07-15T17:52:03.5268330Z #7 2.739 Get:57 http://deb.debian.org/debian bookworm/main amd64 curl amd64 7.88.1-10+deb12u12 [315 kB]
2025-07-15T17:52:03.5268911Z #7 2.740 Get:58 http://deb.debian.org/debian bookworm/main amd64 libcurl3-gnutls amd64 7.88.1-10+deb12u12 [386 kB]
2025-07-15T17:52:03.5269492Z #7 2.742 Get:59 http://deb.debian.org/debian bookworm/main amd64 libexpat1 amd64 2.5.0-1+deb12u1 [98.9 kB]
2025-07-15T17:52:03.5270054Z #7 2.743 Get:60 http://deb.debian.org/debian bookworm/main amd64 liberror-perl all 0.17029-2 [29.0 kB]
2025-07-15T17:52:03.5270604Z #7 2.743 Get:61 http://deb.debian.org/debian bookworm/main amd64 git-man all 1:2.39.5-0+deb12u2 [2053 kB]
2025-07-15T17:52:03.5271328Z #7 2.752 Get:62 http://deb.debian.org/debian bookworm/main amd64 git amd64 1:2.39.5-0+deb12u2 [7260 kB]
2025-07-15T17:52:03.5271834Z #7 2.879 debconf: delaying package configuration, since apt-utils is not installed
2025-07-15T17:52:03.7208318Z #7 2.902 Fetched 85.7 MB in 0s (186 MB/s)
2025-07-15T17:52:03.7209035Z #7 2.916 Selecting previously unselected package perl-modules-5.36.
2025-07-15T17:52:03.7209615Z #7 2.916 (Reading database ... 
2025-07-15T17:52:03.7209995Z (Reading database ... 5%
2025-07-15T17:52:03.7210358Z (Reading database ... 10%
2025-07-15T17:52:03.7210712Z (Reading database ... 15%
2025-07-15T17:52:03.7211230Z (Reading database ... 20%
2025-07-15T17:52:03.7211571Z (Reading database ... 25%
2025-07-15T17:52:03.7211917Z (Reading database ... 30%
2025-07-15T17:52:03.7212252Z (Reading database ... 35%
2025-07-15T17:52:03.7212593Z (Reading database ... 40%
2025-07-15T17:52:03.7212936Z (Reading database ... 45%
2025-07-15T17:52:03.7213265Z (Reading database ... 50%
2025-07-15T17:52:03.7213601Z (Reading database ... 55%
2025-07-15T17:52:03.7213935Z (Reading database ... 60%
2025-07-15T17:52:03.7214260Z (Reading database ... 65%
2025-07-15T17:52:03.7214595Z (Reading database ... 70%
2025-07-15T17:52:03.7214933Z (Reading database ... 75%
2025-07-15T17:52:03.7215557Z (Reading database ... 80%
2025-07-15T17:52:03.7215882Z (Reading database ... 85%
2025-07-15T17:52:03.7216207Z (Reading database ... 90%
2025-07-15T17:52:03.7216525Z (Reading database ... 95%
2025-07-15T17:52:03.7216851Z (Reading database ... 100%
2025-07-15T17:52:03.7217332Z (Reading database ... 6688 files and directories currently installed.)
2025-07-15T17:52:03.7218038Z #7 2.923 Preparing to unpack .../00-perl-modules-5.36_5.36.0-7+deb12u2_all.deb ...
2025-07-15T17:52:03.7218688Z #7 2.924 Unpacking perl-modules-5.36 (5.36.0-7+deb12u2) ...
2025-07-15T17:52:03.8619690Z #7 3.215 Selecting previously unselected package libgdbm-compat4:amd64.
2025-07-15T17:52:04.0345768Z #7 3.217 Preparing to unpack .../01-libgdbm-compat4_1.23-3_amd64.deb ...
2025-07-15T17:52:04.0347159Z #7 3.218 Unpacking libgdbm-compat4:amd64 (1.23-3) ...
2025-07-15T17:52:04.0347873Z #7 3.235 Selecting previously unselected package libperl5.36:amd64.
2025-07-15T17:52:04.0349005Z #7 3.237 Preparing to unpack .../02-libperl5.36_5.36.0-7+deb12u2_amd64.deb ...
2025-07-15T17:52:04.0349806Z #7 3.237 Unpacking libperl5.36:amd64 (5.36.0-7+deb12u2) ...
2025-07-15T17:52:04.1821670Z #7 3.535 Selecting previously unselected package perl.
2025-07-15T17:52:04.2832822Z #7 3.537 Preparing to unpack .../03-perl_5.36.0-7+deb12u2_amd64.deb ...
2025-07-15T17:52:04.2833301Z #7 3.542 Unpacking perl (5.36.0-7+deb12u2) ...
2025-07-15T17:52:04.2833751Z #7 3.573 Selecting previously unselected package nano.
2025-07-15T17:52:04.2834143Z #7 3.574 Preparing to unpack .../04-nano_7.2-1+deb12u1_amd64.deb ...
2025-07-15T17:52:04.2834642Z #7 3.575 Unpacking nano (7.2-1+deb12u1) ...
2025-07-15T17:52:04.2834965Z #7 3.635 Selecting previously unselected package bzip2.
2025-07-15T17:52:04.2835434Z #7 3.637 Preparing to unpack .../05-bzip2_1.0.8-5+b1_amd64.deb ...
2025-07-15T17:52:04.5023578Z #7 3.637 Unpacking bzip2 (1.0.8-5+b1) ...
2025-07-15T17:52:04.5024161Z #7 3.656 Selecting previously unselected package xz-utils.
2025-07-15T17:52:04.5024807Z #7 3.657 Preparing to unpack .../06-xz-utils_5.4.1-1_amd64.deb ...
2025-07-15T17:52:04.5025356Z #7 3.658 Unpacking xz-utils (5.4.1-1) ...
2025-07-15T17:52:04.5025915Z #7 3.703 Selecting previously unselected package binutils-common:amd64.
2025-07-15T17:52:04.5026614Z #7 3.704 Preparing to unpack .../07-binutils-common_2.40-2_amd64.deb ...
2025-07-15T17:52:04.5027206Z #7 3.705 Unpacking binutils-common:amd64 (2.40-2) ...
2025-07-15T17:52:04.5177496Z #7 3.871 Selecting previously unselected package libbinutils:amd64.
2025-07-15T17:52:04.6178389Z #7 3.873 Preparing to unpack .../08-libbinutils_2.40-2_amd64.deb ...
2025-07-15T17:52:04.6178969Z #7 3.873 Unpacking libbinutils:amd64 (2.40-2) ...
2025-07-15T17:52:04.6179496Z #7 3.923 Selecting previously unselected package libctf-nobfd0:amd64.
2025-07-15T17:52:04.6180004Z #7 3.924 Preparing to unpack .../09-libctf-nobfd0_2.40-2_amd64.deb ...
2025-07-15T17:52:04.6180424Z #7 3.925 Unpacking libctf-nobfd0:amd64 (2.40-2) ...
2025-07-15T17:52:04.6180795Z #7 3.948 Selecting previously unselected package libctf0:amd64.
2025-07-15T17:52:04.6181487Z #7 3.949 Preparing to unpack .../10-libctf0_2.40-2_amd64.deb ...
2025-07-15T17:52:04.6181839Z #7 3.950 Unpacking libctf0:amd64 (2.40-2) ...
2025-07-15T17:52:04.6182269Z #7 3.970 Selecting previously unselected package libgprofng0:amd64.
2025-07-15T17:52:04.6182778Z #7 3.971 Preparing to unpack .../11-libgprofng0_2.40-2_amd64.deb ...
2025-07-15T17:52:04.8553698Z #7 3.972 Unpacking libgprofng0:amd64 (2.40-2) ...
2025-07-15T17:52:04.8554475Z #7 4.038 Selecting previously unselected package libjansson4:amd64.
2025-07-15T17:52:04.8555018Z #7 4.040 Preparing to unpack .../12-libjansson4_2.14-2_amd64.deb ...
2025-07-15T17:52:04.8555453Z #7 4.040 Unpacking libjansson4:amd64 (2.14-2) ...
2025-07-15T17:52:04.8555930Z #7 4.056 Selecting previously unselected package binutils-x86-64-linux-gnu.
2025-07-15T17:52:04.8556516Z #7 4.057 Preparing to unpack .../13-binutils-x86-64-linux-gnu_2.40-2_amd64.deb ...
2025-07-15T17:52:04.8557020Z #7 4.058 Unpacking binutils-x86-64-linux-gnu (2.40-2) ...
2025-07-15T17:52:04.8746457Z #7 4.228 Selecting previously unselected package binutils.
2025-07-15T17:52:05.0685813Z #7 4.229 Preparing to unpack .../14-binutils_2.40-2_amd64.deb ...
2025-07-15T17:52:05.0686292Z #7 4.230 Unpacking binutils (2.40-2) ...
2025-07-15T17:52:05.0686704Z #7 4.251 Selecting previously unselected package libc-dev-bin.
2025-07-15T17:52:05.0687234Z #7 4.253 Preparing to unpack .../15-libc-dev-bin_2.36-9+deb12u10_amd64.deb ...
2025-07-15T17:52:05.0687715Z #7 4.254 Unpacking libc-dev-bin (2.36-9+deb12u10) ...
2025-07-15T17:52:05.0688181Z #7 4.269 Selecting previously unselected package linux-libc-dev:amd64.
2025-07-15T17:52:05.0688731Z #7 4.271 Preparing to unpack .../16-linux-libc-dev_6.1.140-1_amd64.deb ...
2025-07-15T17:52:05.0689211Z #7 4.271 Unpacking linux-libc-dev:amd64 (6.1.140-1) ...
2025-07-15T17:52:05.1036395Z #7 4.457 Selecting previously unselected package libcrypt-dev:amd64.
2025-07-15T17:52:05.2037025Z #7 4.459 Preparing to unpack .../17-libcrypt-dev_1%3a4.4.33-2_amd64.deb ...
2025-07-15T17:52:05.2037857Z #7 4.464 Unpacking libcrypt-dev:amd64 (1:4.4.33-2) ...
2025-07-15T17:52:05.2038265Z #7 4.485 Selecting previously unselected package libtirpc-dev:amd64.
2025-07-15T17:52:05.2038694Z #7 4.487 Preparing to unpack .../18-libtirpc-dev_1.3.3+ds-1_amd64.deb ...
2025-07-15T17:52:05.2039062Z #7 4.487 Unpacking libtirpc-dev:amd64 (1.3.3+ds-1) ...
2025-07-15T17:52:05.2039405Z #7 4.514 Selecting previously unselected package libnsl-dev:amd64.
2025-07-15T17:52:05.2039784Z #7 4.515 Preparing to unpack .../19-libnsl-dev_1.3.0-2_amd64.deb ...
2025-07-15T17:52:05.2040116Z #7 4.516 Unpacking libnsl-dev:amd64 (1.3.0-2) ...
2025-07-15T17:52:05.2040434Z #7 4.535 Selecting previously unselected package rpcsvc-proto.
2025-07-15T17:52:05.2040812Z #7 4.536 Preparing to unpack .../20-rpcsvc-proto_1.4.3-1_amd64.deb ...
2025-07-15T17:52:05.2041512Z #7 4.537 Unpacking rpcsvc-proto (1.4.3-1) ...
2025-07-15T17:52:05.2041836Z #7 4.557 Selecting previously unselected package libc6-dev:amd64.
2025-07-15T17:52:05.3510548Z #7 4.559 Preparing to unpack .../21-libc6-dev_2.36-9+deb12u10_amd64.deb ...
2025-07-15T17:52:05.3511342Z #7 4.559 Unpacking libc6-dev:amd64 (2.36-9+deb12u10) ...
2025-07-15T17:52:05.4512857Z #7 4.704 Selecting previously unselected package libisl23:amd64.
2025-07-15T17:52:05.4513577Z #7 4.706 Preparing to unpack .../22-libisl23_0.25-1.1_amd64.deb ...
2025-07-15T17:52:05.4514169Z #7 4.707 Unpacking libisl23:amd64 (0.25-1.1) ...
2025-07-15T17:52:05.4514722Z #7 4.762 Selecting previously unselected package libmpfr6:amd64.
2025-07-15T17:52:05.4515355Z #7 4.764 Preparing to unpack .../23-libmpfr6_4.2.0-1_amd64.deb ...
2025-07-15T17:52:05.4515894Z #7 4.765 Unpacking libmpfr6:amd64 (4.2.0-1) ...
2025-07-15T17:52:05.4516435Z #7 4.803 Selecting previously unselected package libmpc3:amd64.
2025-07-15T17:52:05.4516889Z #7 4.805 Preparing to unpack .../24-libmpc3_1.3.1-1_amd64.deb ...
2025-07-15T17:52:05.6213593Z #7 4.806 Unpacking libmpc3:amd64 (1.3.1-1) ...
2025-07-15T17:52:05.6214266Z #7 4.822 Selecting previously unselected package cpp-12.
2025-07-15T17:52:05.6214913Z #7 4.824 Preparing to unpack .../25-cpp-12_12.2.0-14+deb12u1_amd64.deb ...
2025-07-15T17:52:05.6215523Z #7 4.824 Unpacking cpp-12 (12.2.0-14+deb12u1) ...
2025-07-15T17:52:05.9591651Z #7 5.312 Selecting previously unselected package cpp.
2025-07-15T17:52:06.2067529Z #7 5.314 Preparing to unpack .../26-cpp_4%3a12.2.0-3_amd64.deb ...
2025-07-15T17:52:06.2068119Z #7 5.315 Unpacking cpp (4:12.2.0-3) ...
2025-07-15T17:52:06.2068511Z #7 5.330 Selecting previously unselected package libcc1-0:amd64.
2025-07-15T17:52:06.2068968Z #7 5.331 Preparing to unpack .../27-libcc1-0_12.2.0-14+deb12u1_amd64.deb ...
2025-07-15T17:52:06.2069385Z #7 5.332 Unpacking libcc1-0:amd64 (12.2.0-14+deb12u1) ...
2025-07-15T17:52:06.2069784Z #7 5.349 Selecting previously unselected package libgomp1:amd64.
2025-07-15T17:52:06.2070369Z #7 5.350 Preparing to unpack .../28-libgomp1_12.2.0-14+deb12u1_amd64.deb ...
2025-07-15T17:52:06.2070809Z #7 5.351 Unpacking libgomp1:amd64 (12.2.0-14+deb12u1) ...
2025-07-15T17:52:06.2072067Z #7 5.373 Selecting previously unselected package libitm1:amd64.
2025-07-15T17:52:06.2072508Z #7 5.375 Preparing to unpack .../29-libitm1_12.2.0-14+deb12u1_amd64.deb ...
2025-07-15T17:52:06.2072915Z #7 5.376 Unpacking libitm1:amd64 (12.2.0-14+deb12u1) ...
2025-07-15T17:52:06.2073300Z #7 5.392 Selecting previously unselected package libatomic1:amd64.
2025-07-15T17:52:06.2073746Z #7 5.393 Preparing to unpack .../30-libatomic1_12.2.0-14+deb12u1_amd64.deb ...
2025-07-15T17:52:06.2074163Z #7 5.394 Unpacking libatomic1:amd64 (12.2.0-14+deb12u1) ...
2025-07-15T17:52:06.2074550Z #7 5.410 Selecting previously unselected package libasan8:amd64.
2025-07-15T17:52:06.2074974Z #7 5.411 Preparing to unpack .../31-libasan8_12.2.0-14+deb12u1_amd64.deb ...
2025-07-15T17:52:06.2075381Z #7 5.412 Unpacking libasan8:amd64 (12.2.0-14+deb12u1) ...
2025-07-15T17:52:06.2075754Z #7 5.560 Selecting previously unselected package liblsan0:amd64.
2025-07-15T17:52:06.4372031Z #7 5.562 Preparing to unpack .../32-liblsan0_12.2.0-14+deb12u1_amd64.deb ...
2025-07-15T17:52:06.4373867Z #7 5.563 Unpacking liblsan0:amd64 (12.2.0-14+deb12u1) ...
2025-07-15T17:52:06.4374757Z #7 5.638 Selecting previously unselected package libtsan2:amd64.
2025-07-15T17:52:06.4375758Z #7 5.639 Preparing to unpack .../33-libtsan2_12.2.0-14+deb12u1_amd64.deb ...
2025-07-15T17:52:06.4376426Z #7 5.640 Unpacking libtsan2:amd64 (12.2.0-14+deb12u1) ...
2025-07-15T17:52:06.4417382Z #7 5.795 Selecting previously unselected package libubsan1:amd64.
2025-07-15T17:52:06.6887590Z #7 5.797 Preparing to unpack .../34-libubsan1_12.2.0-14+deb12u1_amd64.deb ...
2025-07-15T17:52:06.6889102Z #7 5.798 Unpacking libubsan1:amd64 (12.2.0-14+deb12u1) ...
2025-07-15T17:52:06.6889711Z #7 5.865 Selecting previously unselected package libquadmath0:amd64.
2025-07-15T17:52:06.6890389Z #7 5.867 Preparing to unpack .../35-libquadmath0_12.2.0-14+deb12u1_amd64.deb ...
2025-07-15T17:52:06.6891136Z #7 5.868 Unpacking libquadmath0:amd64 (12.2.0-14+deb12u1) ...
2025-07-15T17:52:06.6891747Z #7 5.890 Selecting previously unselected package libgcc-12-dev:amd64.
2025-07-15T17:52:06.6892366Z #7 5.891 Preparing to unpack .../36-libgcc-12-dev_12.2.0-14+deb12u1_amd64.deb ...
2025-07-15T17:52:06.6892924Z #7 5.892 Unpacking libgcc-12-dev:amd64 (12.2.0-14+deb12u1) ...
2025-07-15T17:52:06.6893400Z #7 6.042 Selecting previously unselected package gcc-12.
2025-07-15T17:52:06.8420513Z #7 6.044 Preparing to unpack .../37-gcc-12_12.2.0-14+deb12u1_amd64.deb ...
2025-07-15T17:52:06.8421654Z #7 6.045 Unpacking gcc-12 (12.2.0-14+deb12u1) ...
2025-07-15T17:52:07.3375184Z #7 6.691 Selecting previously unselected package gcc.
2025-07-15T17:52:07.5103066Z #7 6.692 Preparing to unpack .../38-gcc_4%3a12.2.0-3_amd64.deb ...
2025-07-15T17:52:07.5103597Z #7 6.693 Unpacking gcc (4:12.2.0-3) ...
2025-07-15T17:52:07.5104006Z #7 6.711 Selecting previously unselected package libstdc++-12-dev:amd64.
2025-07-15T17:52:07.5104710Z #7 6.713 Preparing to unpack .../39-libstdc++-12-dev_12.2.0-14+deb12u1_amd64.deb ...
2025-07-15T17:52:07.5105345Z #7 6.713 Unpacking libstdc++-12-dev:amd64 (12.2.0-14+deb12u1) ...
2025-07-15T17:52:07.5550684Z #7 6.908 Selecting previously unselected package g++-12.
2025-07-15T17:52:07.7080766Z #7 6.910 Preparing to unpack .../40-g++-12_12.2.0-14+deb12u1_amd64.deb ...
2025-07-15T17:52:07.7081352Z #7 6.911 Unpacking g++-12 (12.2.0-14+deb12u1) ...
2025-07-15T17:52:08.0644325Z #7 7.418 Selecting previously unselected package g++.
2025-07-15T17:52:08.1776701Z #7 7.419 Preparing to unpack .../41-g++_4%3a12.2.0-3_amd64.deb ...
2025-07-15T17:52:08.1777286Z #7 7.421 Unpacking g++ (4:12.2.0-3) ...
2025-07-15T17:52:08.1777599Z #7 7.434 Selecting previously unselected package make.
2025-07-15T17:52:08.1778073Z #7 7.436 Preparing to unpack .../42-make_4.3-4.1_amd64.deb ...
2025-07-15T17:52:08.1778392Z #7 7.436 Unpacking make (4.3-4.1) ...
2025-07-15T17:52:08.1778757Z #7 7.474 Selecting previously unselected package libdpkg-perl.
2025-07-15T17:52:08.1779244Z #7 7.476 Preparing to unpack .../43-libdpkg-perl_1.21.22_all.deb ...
2025-07-15T17:52:08.1779986Z #7 7.477 Unpacking libdpkg-perl (1.21.22) ...
2025-07-15T17:52:08.1780315Z #7 7.531 Selecting previously unselected package patch.
2025-07-15T17:52:08.2873905Z #7 7.533 Preparing to unpack .../44-patch_2.7.6-7_amd64.deb ...
2025-07-15T17:52:08.2874786Z #7 7.534 Unpacking patch (2.7.6-7) ...
2025-07-15T17:52:08.2875509Z #7 7.555 Selecting previously unselected package dpkg-dev.
2025-07-15T17:52:08.2876071Z #7 7.557 Preparing to unpack .../45-dpkg-dev_1.21.22_all.deb ...
2025-07-15T17:52:08.2876405Z #7 7.558 Unpacking dpkg-dev (1.21.22) ...
2025-07-15T17:52:08.2876855Z #7 7.641 Selecting previously unselected package build-essential.
2025-07-15T17:52:08.4084185Z #7 7.642 Preparing to unpack .../46-build-essential_12.9_amd64.deb ...
2025-07-15T17:52:08.4084793Z #7 7.643 Unpacking build-essential (12.9) ...
2025-07-15T17:52:08.4085207Z #7 7.659 Selecting previously unselected package libbrotli1:amd64.
2025-07-15T17:52:08.4085971Z #7 7.661 Preparing to unpack .../47-libbrotli1_1.0.9-2+b6_amd64.deb ...
2025-07-15T17:52:08.4086399Z #7 7.661 Unpacking libbrotli1:amd64 (1.0.9-2+b6) ...
2025-07-15T17:52:08.4086835Z #7 7.693 Selecting previously unselected package libsasl2-modules-db:amd64.
2025-07-15T17:52:08.4087380Z #7 7.695 Preparing to unpack .../48-libsasl2-modules-db_2.1.28+dfsg-10_amd64.deb ...
2025-07-15T17:52:08.4087880Z #7 7.696 Unpacking libsasl2-modules-db:amd64 (2.1.28+dfsg-10) ...
2025-07-15T17:52:08.4088328Z #7 7.711 Selecting previously unselected package libsasl2-2:amd64.
2025-07-15T17:52:08.4088791Z #7 7.713 Preparing to unpack .../49-libsasl2-2_2.1.28+dfsg-10_amd64.deb ...
2025-07-15T17:52:08.4089257Z #7 7.714 Unpacking libsasl2-2:amd64 (2.1.28+dfsg-10) ...
2025-07-15T17:52:08.4089680Z #7 7.733 Selecting previously unselected package libldap-2.5-0:amd64.
2025-07-15T17:52:08.4090162Z #7 7.734 Preparing to unpack .../50-libldap-2.5-0_2.5.13+dfsg-5_amd64.deb ...
2025-07-15T17:52:08.4090603Z #7 7.735 Unpacking libldap-2.5-0:amd64 (2.5.13+dfsg-5) ...
2025-07-15T17:52:08.4091283Z #7 7.762 Selecting previously unselected package libnghttp2-14:amd64.
2025-07-15T17:52:08.5344494Z #7 7.763 Preparing to unpack .../51-libnghttp2-14_1.52.0-1+deb12u2_amd64.deb ...
2025-07-15T17:52:08.5345882Z #7 7.764 Unpacking libnghttp2-14:amd64 (1.52.0-1+deb12u2) ...
2025-07-15T17:52:08.5346493Z #7 7.783 Selecting previously unselected package libpsl5:amd64.
2025-07-15T17:52:08.5347069Z #7 7.785 Preparing to unpack .../52-libpsl5_0.21.2-1_amd64.deb ...
2025-07-15T17:52:08.5347595Z #7 7.786 Unpacking libpsl5:amd64 (0.21.2-1) ...
2025-07-15T17:52:08.5348082Z #7 7.803 Selecting previously unselected package librtmp1:amd64.
2025-07-15T17:52:08.5348719Z #7 7.805 Preparing to unpack .../53-librtmp1_2.4+20151223.gitfa8646d.1-2+b2_amd64.deb ...
2025-07-15T17:52:08.5349356Z #7 7.806 Unpacking librtmp1:amd64 (2.4+20151223.gitfa8646d.1-2+b2) ...
2025-07-15T17:52:08.5349910Z #7 7.824 Selecting previously unselected package libssh2-1:amd64.
2025-07-15T17:52:08.5350513Z #7 7.826 Preparing to unpack .../54-libssh2-1_1.10.0-3+b1_amd64.deb ...
2025-07-15T17:52:08.5351250Z #7 7.827 Unpacking libssh2-1:amd64 (1.10.0-3+b1) ...
2025-07-15T17:52:08.5351736Z #7 7.852 Selecting previously unselected package libcurl4:amd64.
2025-07-15T17:52:08.5352292Z #7 7.853 Preparing to unpack .../55-libcurl4_7.88.1-10+deb12u12_amd64.deb ...
2025-07-15T17:52:08.5352824Z #7 7.854 Unpacking libcurl4:amd64 (7.88.1-10+deb12u12) ...
2025-07-15T17:52:08.5353276Z #7 7.888 Selecting previously unselected package curl.
2025-07-15T17:52:08.6441226Z #7 7.890 Preparing to unpack .../56-curl_7.88.1-10+deb12u12_amd64.deb ...
2025-07-15T17:52:08.6441660Z #7 7.891 Unpacking curl (7.88.1-10+deb12u12) ...
2025-07-15T17:52:08.6442029Z #7 7.920 Selecting previously unselected package libcurl3-gnutls:amd64.
2025-07-15T17:52:08.6442482Z #7 7.922 Preparing to unpack .../57-libcurl3-gnutls_7.88.1-10+deb12u12_amd64.deb ...
2025-07-15T17:52:08.6442918Z #7 7.923 Unpacking libcurl3-gnutls:amd64 (7.88.1-10+deb12u12) ...
2025-07-15T17:52:08.6443568Z #7 7.957 Selecting previously unselected package libexpat1:amd64.
2025-07-15T17:52:08.6443974Z #7 7.958 Preparing to unpack .../58-libexpat1_2.5.0-1+deb12u1_amd64.deb ...
2025-07-15T17:52:08.6444332Z #7 7.959 Unpacking libexpat1:amd64 (2.5.0-1+deb12u1) ...
2025-07-15T17:52:08.6444678Z #7 7.979 Selecting previously unselected package liberror-perl.
2025-07-15T17:52:08.6445083Z #7 7.980 Preparing to unpack .../59-liberror-perl_0.17029-2_all.deb ...
2025-07-15T17:52:08.6445433Z #7 7.981 Unpacking liberror-perl (0.17029-2) ...
2025-07-15T17:52:08.6445738Z #7 7.997 Selecting previously unselected package git-man.
2025-07-15T17:52:08.8875332Z #7 7.999 Preparing to unpack .../60-git-man_1%3a2.39.5-0+deb12u2_all.deb ...
2025-07-15T17:52:08.8876030Z #7 8.000 Unpacking git-man (1:2.39.5-0+deb12u2) ...
2025-07-15T17:52:08.8876588Z #7 8.083 Selecting previously unselected package git.
2025-07-15T17:52:08.8877232Z #7 8.085 Preparing to unpack .../61-git_1%3a2.39.5-0+deb12u2_amd64.deb ...
2025-07-15T17:52:08.8878191Z #7 8.090 Unpacking git (1:2.39.5-0+deb12u2) ...
2025-07-15T17:52:09.0632413Z #7 8.416 Setting up libexpat1:amd64 (2.5.0-1+deb12u1) ...
2025-07-15T17:52:09.1652871Z #7 8.419 Setting up libpsl5:amd64 (0.21.2-1) ...
2025-07-15T17:52:09.1654706Z #7 8.422 Setting up libbrotli1:amd64 (1.0.9-2+b6) ...
2025-07-15T17:52:09.1655423Z #7 8.424 Setting up binutils-common:amd64 (2.40-2) ...
2025-07-15T17:52:09.1656188Z #7 8.427 Setting up libnghttp2-14:amd64 (1.52.0-1+deb12u2) ...
2025-07-15T17:52:09.1656811Z #7 8.429 Setting up linux-libc-dev:amd64 (6.1.140-1) ...
2025-07-15T17:52:09.1657365Z #7 8.431 Setting up libctf-nobfd0:amd64 (2.40-2) ...
2025-07-15T17:52:09.1657872Z #7 8.434 Setting up libgomp1:amd64 (12.2.0-14+deb12u1) ...
2025-07-15T17:52:09.1658376Z #7 8.436 Setting up bzip2 (1.0.8-5+b1) ...
2025-07-15T17:52:09.1658803Z #7 8.438 Setting up libjansson4:amd64 (2.14-2) ...
2025-07-15T17:52:09.1659416Z #7 8.440 Setting up libsasl2-modules-db:amd64 (2.1.28+dfsg-10) ...
2025-07-15T17:52:09.1659893Z #7 8.443 Setting up perl-modules-5.36 (5.36.0-7+deb12u2) ...
2025-07-15T17:52:09.1660441Z #7 8.445 Setting up libtirpc-dev:amd64 (1.3.3+ds-1) ...
2025-07-15T17:52:09.1660777Z #7 8.447 Setting up rpcsvc-proto (1.4.3-1) ...
2025-07-15T17:52:09.1661229Z #7 8.449 Setting up make (4.3-4.1) ...
2025-07-15T17:52:09.1661504Z #7 8.451 Setting up libmpfr6:amd64 (4.2.0-1) ...
2025-07-15T17:52:09.1661850Z #7 8.453 Setting up librtmp1:amd64 (2.4+20151223.gitfa8646d.1-2+b2) ...
2025-07-15T17:52:09.1662244Z #7 8.456 Setting up xz-utils (5.4.1-1) ...
2025-07-15T17:52:09.1662737Z #7 8.460 update-alternatives: using /usr/bin/xz to provide /usr/bin/lzma (lzma) in auto mode
2025-07-15T17:52:09.1663565Z #7 8.460 update-alternatives: warning: skip creation of /usr/share/man/man1/lzma.1.gz because associated file /usr/share/man/man1/xz.1.gz (of link group lzma) doesn't exist
2025-07-15T17:52:09.1665106Z #7 8.461 update-alternatives: warning: skip creation of /usr/share/man/man1/unlzma.1.gz because associated file /usr/share/man/man1/unxz.1.gz (of link group lzma) doesn't exist
2025-07-15T17:52:09.1666256Z #7 8.461 update-alternatives: warning: skip creation of /usr/share/man/man1/lzcat.1.gz because associated file /usr/share/man/man1/xzcat.1.gz (of link group lzma) doesn't exist
2025-07-15T17:52:09.1667923Z #7 8.461 update-alternatives: warning: skip creation of /usr/share/man/man1/lzmore.1.gz because associated file /usr/share/man/man1/xzmore.1.gz (of link group lzma) doesn't exist
2025-07-15T17:52:09.1669426Z #7 8.461 update-alternatives: warning: skip creation of /usr/share/man/man1/lzless.1.gz because associated file /usr/share/man/man1/xzless.1.gz (of link group lzma) doesn't exist
2025-07-15T17:52:09.1670821Z #7 8.461 update-alternatives: warning: skip creation of /usr/share/man/man1/lzdiff.1.gz because associated file /usr/share/man/man1/xzdiff.1.gz (of link group lzma) doesn't exist
2025-07-15T17:52:09.1672109Z #7 8.462 update-alternatives: warning: skip creation of /usr/share/man/man1/lzcmp.1.gz because associated file /usr/share/man/man1/xzcmp.1.gz (of link group lzma) doesn't exist
2025-07-15T17:52:09.1673893Z #7 8.462 update-alternatives: warning: skip creation of /usr/share/man/man1/lzgrep.1.gz because associated file /usr/share/man/man1/xzgrep.1.gz (of link group lzma) doesn't exist
2025-07-15T17:52:09.1675235Z #7 8.462 update-alternatives: warning: skip creation of /usr/share/man/man1/lzegrep.1.gz because associated file /usr/share/man/man1/xzegrep.1.gz (of link group lzma) doesn't exist
2025-07-15T17:52:09.1676538Z #7 8.462 update-alternatives: warning: skip creation of /usr/share/man/man1/lzfgrep.1.gz because associated file /usr/share/man/man1/xzfgrep.1.gz (of link group lzma) doesn't exist
2025-07-15T17:52:09.1677525Z #7 8.465 Setting up libquadmath0:amd64 (12.2.0-14+deb12u1) ...
2025-07-15T17:52:09.1678074Z #7 8.467 Setting up libmpc3:amd64 (1.3.1-1) ...
2025-07-15T17:52:09.1678614Z #7 8.470 Setting up libatomic1:amd64 (12.2.0-14+deb12u1) ...
2025-07-15T17:52:09.1679145Z #7 8.472 Setting up patch (2.7.6-7) ...
2025-07-15T17:52:09.1679899Z #7 8.474 Setting up libgdbm-compat4:amd64 (1.23-3) ...
2025-07-15T17:52:09.1680274Z #7 8.476 Setting up libsasl2-2:amd64 (2.1.28+dfsg-10) ...
2025-07-15T17:52:09.1680611Z #7 8.478 Setting up libubsan1:amd64 (12.2.0-14+deb12u1) ...
2025-07-15T17:52:09.1681124Z #7 8.481 Setting up nano (7.2-1+deb12u1) ...
2025-07-15T17:52:09.1681615Z #7 8.485 update-alternatives: using /bin/nano to provide /usr/bin/editor (editor) in auto mode
2025-07-15T17:52:09.1682444Z #7 8.485 update-alternatives: warning: skip creation of /usr/share/man/man1/editor.1.gz because associated file /usr/share/man/man1/nano.1.gz (of link group editor) doesn't exist
2025-07-15T17:52:09.1683230Z #7 8.487 update-alternatives: using /bin/nano to provide /usr/bin/pico (pico) in auto mode
2025-07-15T17:52:09.1684020Z #7 8.487 update-alternatives: warning: skip creation of /usr/share/man/man1/pico.1.gz because associated file /usr/share/man/man1/nano.1.gz (of link group pico) doesn't exist
2025-07-15T17:52:09.1684773Z #7 8.489 Setting up libnsl-dev:amd64 (1.3.0-2) ...
2025-07-15T17:52:09.1685080Z #7 8.491 Setting up libcrypt-dev:amd64 (1:4.4.33-2) ...
2025-07-15T17:52:09.1685382Z #7 8.498 Setting up libasan8:amd64 (12.2.0-14+deb12u1) ...
2025-07-15T17:52:09.1685684Z #7 8.501 Setting up git-man (1:2.39.5-0+deb12u2) ...
2025-07-15T17:52:09.1685970Z #7 8.503 Setting up libssh2-1:amd64 (1.10.0-3+b1) ...
2025-07-15T17:52:09.1686265Z #7 8.506 Setting up libtsan2:amd64 (12.2.0-14+deb12u1) ...
2025-07-15T17:52:09.1686649Z #7 8.508 Setting up libbinutils:amd64 (2.40-2) ...
2025-07-15T17:52:09.1686979Z #7 8.511 Setting up libisl23:amd64 (0.25-1.1) ...
2025-07-15T17:52:09.1687263Z #7 8.514 Setting up libc-dev-bin (2.36-9+deb12u10) ...
2025-07-15T17:52:09.1687556Z #7 8.516 Setting up libcc1-0:amd64 (12.2.0-14+deb12u1) ...
2025-07-15T17:52:09.1687866Z #7 8.519 Setting up libperl5.36:amd64 (5.36.0-7+deb12u2) ...
2025-07-15T17:52:09.4063955Z #7 8.521 Setting up liblsan0:amd64 (12.2.0-14+deb12u1) ...
2025-07-15T17:52:09.4065138Z #7 8.524 Setting up libitm1:amd64 (12.2.0-14+deb12u1) ...
2025-07-15T17:52:09.4066268Z #7 8.526 Setting up libctf0:amd64 (2.40-2) ...
2025-07-15T17:52:09.4066986Z #7 8.529 Setting up cpp-12 (12.2.0-14+deb12u1) ...
2025-07-15T17:52:09.4067702Z #7 8.531 Setting up libldap-2.5-0:amd64 (2.5.13+dfsg-5) ...
2025-07-15T17:52:09.4068470Z #7 8.534 Setting up perl (5.36.0-7+deb12u2) ...
2025-07-15T17:52:09.4069201Z #7 8.543 Setting up libgprofng0:amd64 (2.40-2) ...
2025-07-15T17:52:09.4070017Z #7 8.545 Setting up libgcc-12-dev:amd64 (12.2.0-14+deb12u1) ...
2025-07-15T17:52:09.4070620Z #7 8.548 Setting up libdpkg-perl (1.21.22) ...
2025-07-15T17:52:09.4071291Z #7 8.550 Setting up cpp (4:12.2.0-3) ...
2025-07-15T17:52:09.4071768Z #7 8.555 Setting up libcurl4:amd64 (7.88.1-10+deb12u12) ...
2025-07-15T17:52:09.4072304Z #7 8.557 Setting up libc6-dev:amd64 (2.36-9+deb12u10) ...
2025-07-15T17:52:09.4072881Z #7 8.560 Setting up curl (7.88.1-10+deb12u12) ...
2025-07-15T17:52:09.4073394Z #7 8.562 Setting up binutils-x86-64-linux-gnu (2.40-2) ...
2025-07-15T17:52:09.4074280Z #7 8.564 Setting up libstdc++-12-dev:amd64 (12.2.0-14+deb12u1) ...
2025-07-15T17:52:09.4074847Z #7 8.566 Setting up libcurl3-gnutls:amd64 (7.88.1-10+deb12u12) ...
2025-07-15T17:52:09.4075388Z #7 8.569 Setting up binutils (2.40-2) ...
2025-07-15T17:52:09.4086758Z #7 8.571 Setting up dpkg-dev (1.21.22) ...
2025-07-15T17:52:09.4087300Z #7 8.575 Setting up liberror-perl (0.17029-2) ...
2025-07-15T17:52:09.4087804Z #7 8.578 Setting up gcc-12 (12.2.0-14+deb12u1) ...
2025-07-15T17:52:09.4088284Z #7 8.581 Setting up git (1:2.39.5-0+deb12u2) ...
2025-07-15T17:52:09.4088760Z #7 8.589 Setting up g++-12 (12.2.0-14+deb12u1) ...
2025-07-15T17:52:09.4089218Z #7 8.592 Setting up gcc (4:12.2.0-3) ...
2025-07-15T17:52:09.4089644Z #7 8.600 Setting up g++ (4:12.2.0-3) ...
2025-07-15T17:52:09.4090313Z #7 8.604 update-alternatives: using /usr/bin/g++ to provide /usr/bin/c++ (c++) in auto mode
2025-07-15T17:52:09.4091496Z #7 8.606 Setting up build-essential (12.9) ...
2025-07-15T17:52:09.4093631Z #7 8.609 Processing triggers for libc-bin (2.36-9+deb12u10) ...
2025-07-15T17:52:09.8810131Z #7 DONE 9.2s
2025-07-15T17:52:10.0411039Z 
2025-07-15T17:52:10.0411464Z #8 [3/6] WORKDIR /app
2025-07-15T17:52:10.0411846Z #8 DONE 0.0s
2025-07-15T17:52:10.0412036Z 
2025-07-15T17:52:10.0412161Z #9 [4/6] COPY . .
2025-07-15T17:52:10.4713727Z #9 DONE 0.6s
2025-07-15T17:52:10.6230783Z 
2025-07-15T17:52:10.6231469Z #10 [5/6] RUN pip install --upgrade pip
2025-07-15T17:52:11.7315389Z #10 1.259 Requirement already satisfied: pip in /usr/local/lib/python3.10/site-packages (23.0.1)
2025-07-15T17:52:11.8414418Z #10 1.369 Collecting pip
2025-07-15T17:52:11.9738937Z #10 1.410   Downloading pip-25.1.1-py3-none-any.whl (1.8 MB)
2025-07-15T17:52:11.9740763Z #10 1.458      ━━━━━━━━━━━━━━━━━━━━━━━━━━━━━━━━━━━━━━━━ 1.8/1.8 MB 39.7 MB/s eta 0:00:00
2025-07-15T17:52:11.9741719Z #10 1.502 Installing collected packages: pip
2025-07-15T17:52:12.1253112Z #10 1.502   Attempting uninstall: pip
2025-07-15T17:52:12.1253543Z #10 1.503     Found existing installation: pip 23.0.1
2025-07-15T17:52:12.1516043Z #10 1.680     Uninstalling pip-23.0.1:
2025-07-15T17:52:12.3125112Z #10 1.690       Successfully uninstalled pip-23.0.1
2025-07-15T17:52:12.9426942Z #10 2.471 Successfully installed pip-25.1.1
2025-07-15T17:52:13.0935459Z #10 2.471 WARNING: Running pip as the 'root' user can result in broken permissions and conflicting behaviour with the system package manager. It is recommended to use a virtual environment instead: https://pip.pypa.io/warnings/venv
2025-07-15T17:52:13.1316024Z #10 DONE 2.7s
2025-07-15T17:52:13.2827587Z 
2025-07-15T17:52:13.2828157Z #11 [6/6] RUN pip install --no-cache-dir -r requirements.txt
2025-07-15T17:52:13.9929855Z #11 0.861 Collecting Flask==3.1.0 (from -r requirements.txt (line 1))
2025-07-15T17:52:14.1105704Z #11 0.917   Downloading flask-3.1.0-py3-none-any.whl.metadata (2.7 kB)
2025-07-15T17:52:14.1106675Z #11 0.929 Collecting Flask-PyMongo==3.0.1 (from -r requirements.txt (line 2))
2025-07-15T17:52:14.1107648Z #11 0.934   Downloading flask_pymongo-3.0.1-py3-none-any.whl.metadata (3.5 kB)
2025-07-15T17:52:14.1108553Z #11 0.978 Collecting pytest==8.2.1 (from -r requirements.txt (line 3))
2025-07-15T17:52:14.2258466Z #11 0.982   Downloading pytest-8.2.1-py3-none-any.whl.metadata (7.6 kB)
2025-07-15T17:52:14.2260122Z #11 0.991 Collecting blinker==1.9.0 (from -r requirements.txt (line 4))
2025-07-15T17:52:14.2261099Z #11 0.995   Downloading blinker-1.9.0-py3-none-any.whl.metadata (1.6 kB)
2025-07-15T17:52:14.2261893Z #11 1.010 Collecting certifi==2025.7.14 (from -r requirements.txt (line 5))
2025-07-15T17:52:14.2262639Z #11 1.014   Downloading certifi-2025.7.14-py3-none-any.whl.metadata (2.4 kB)
2025-07-15T17:52:14.2263472Z #11 1.094 Collecting charset-normalizer==3.4.2 (from -r requirements.txt (line 6))
2025-07-15T17:52:14.3619999Z #11 1.098   Downloading charset_normalizer-3.4.2-cp310-cp310-manylinux_2_17_x86_64.manylinux2014_x86_64.whl.metadata (35 kB)
2025-07-15T17:52:14.3621321Z #11 1.115 Collecting click==8.2.1 (from -r requirements.txt (line 7))
2025-07-15T17:52:14.3622510Z #11 1.118   Downloading click-8.2.1-py3-none-any.whl.metadata (2.5 kB)
2025-07-15T17:52:14.3623264Z #11 1.128 Collecting dnspython==2.7.0 (from -r requirements.txt (line 8))
2025-07-15T17:52:14.3624008Z #11 1.131   Downloading dnspython-2.7.0-py3-none-any.whl.metadata (5.8 kB)
2025-07-15T17:52:14.3624790Z #11 1.145 Collecting idna==3.10 (from -r requirements.txt (line 9))
2025-07-15T17:52:14.3625482Z #11 1.149   Downloading idna-3.10-py3-none-any.whl.metadata (10 kB)
2025-07-15T17:52:14.3626200Z #11 1.157 Collecting itsdangerous==2.2.0 (from -r requirements.txt (line 10))
2025-07-15T17:52:14.3626941Z #11 1.162   Downloading itsdangerous-2.2.0-py3-none-any.whl.metadata (1.9 kB)
2025-07-15T17:52:14.3627678Z #11 1.174 Collecting Jinja2==3.1.6 (from -r requirements.txt (line 11))
2025-07-15T17:52:14.3628288Z #11 1.178   Downloading jinja2-3.1.6-py3-none-any.whl.metadata (2.9 kB)
2025-07-15T17:52:14.3628966Z #11 1.230 Collecting MarkupSafe==3.0.2 (from -r requirements.txt (line 12))
2025-07-15T17:52:14.5296166Z #11 1.235   Downloading MarkupSafe-3.0.2-cp310-cp310-manylinux_2_17_x86_64.manylinux2014_x86_64.whl.metadata (4.0 kB)
2025-07-15T17:52:14.5297353Z #11 1.242 Collecting paho-mqtt==2.1.0 (from -r requirements.txt (line 13))
2025-07-15T17:52:14.5298143Z #11 1.247   Downloading paho_mqtt-2.1.0-py3-none-any.whl.metadata (23 kB)
2025-07-15T17:52:14.6958277Z #11 1.564 Collecting pymongo==4.13.2 (from -r requirements.txt (line 14))
2025-07-15T17:52:14.7972778Z #11 1.569   Downloading pymongo-4.13.2-cp310-cp310-manylinux_2_17_x86_64.manylinux2014_x86_64.whl.metadata (22 kB)
2025-07-15T17:52:14.7973844Z #11 1.589 Collecting python-dotenv==1.1.1 (from -r requirements.txt (line 15))
2025-07-15T17:52:14.7974695Z #11 1.593   Downloading python_dotenv-1.1.1-py3-none-any.whl.metadata (24 kB)
2025-07-15T17:52:14.7975507Z #11 1.617 Collecting requests==2.32.4 (from -r requirements.txt (line 16))
2025-07-15T17:52:14.7976279Z #11 1.621   Downloading requests-2.32.4-py3-none-any.whl.metadata (4.9 kB)
2025-07-15T17:52:14.7977127Z #11 1.642 Collecting urllib3==2.5.0 (from -r requirements.txt (line 17))
2025-07-15T17:52:14.7977912Z #11 1.646   Downloading urllib3-2.5.0-py3-none-any.whl.metadata (6.5 kB)
2025-07-15T17:52:14.7978645Z #11 1.665 Collecting Werkzeug==3.1.3 (from -r requirements.txt (line 18))
2025-07-15T17:52:14.9012091Z #11 1.669   Downloading werkzeug-3.1.3-py3-none-any.whl.metadata (3.7 kB)
2025-07-15T17:52:14.9013309Z #11 1.677 Collecting autodevops-cli==0.1.1 (from -r requirements.txt (line 19))
2025-07-15T17:52:14.9014528Z #11 1.682   Downloading autodevops_cli-0.1.1-py3-none-any.whl.metadata (494 bytes)
2025-07-15T17:52:14.9015588Z #11 1.689 Collecting iniconfig==2.1.0 (from -r requirements.txt (line 20))
2025-07-15T17:52:14.9016263Z #11 1.692   Downloading iniconfig-2.1.0-py3-none-any.whl.metadata (2.7 kB)
2025-07-15T17:52:14.9016858Z #11 1.702 Collecting loguru==0.7.3 (from -r requirements.txt (line 21))
2025-07-15T17:52:14.9017478Z #11 1.705   Downloading loguru-0.7.3-py3-none-any.whl.metadata (22 kB)
2025-07-15T17:52:14.9018093Z #11 1.724 Collecting markdown-it-py==3.0.0 (from -r requirements.txt (line 22))
2025-07-15T17:52:14.9018729Z #11 1.727   Downloading markdown_it_py-3.0.0-py3-none-any.whl.metadata (6.9 kB)
2025-07-15T17:52:14.9019324Z #11 1.737 Collecting mdurl==0.1.2 (from -r requirements.txt (line 23))
2025-07-15T17:52:14.9019871Z #11 1.743   Downloading mdurl-0.1.2-py3-none-any.whl.metadata (1.6 kB)
2025-07-15T17:52:14.9020443Z #11 1.752 Collecting mongomock==4.3.0 (from -r requirements.txt (line 24))
2025-07-15T17:52:14.9021279Z #11 1.756   Downloading mongomock-4.3.0-py2.py3-none-any.whl.metadata (12 kB)
2025-07-15T17:52:14.9021908Z #11 1.769 Collecting packaging==25.0 (from -r requirements.txt (line 25))
2025-07-15T17:52:15.0098154Z #11 1.773   Downloading packaging-25.0-py3-none-any.whl.metadata (3.3 kB)
2025-07-15T17:52:15.0099173Z #11 1.782 Collecting pluggy==1.6.0 (from -r requirements.txt (line 26))
2025-07-15T17:52:15.0100182Z #11 1.785   Downloading pluggy-1.6.0-py3-none-any.whl.metadata (4.8 kB)
2025-07-15T17:52:15.0101667Z #11 1.802 Collecting Pygments==2.19.2 (from -r requirements.txt (line 27))
2025-07-15T17:52:15.0102480Z #11 1.805   Downloading pygments-2.19.2-py3-none-any.whl.metadata (2.5 kB)
2025-07-15T17:52:15.0103083Z #11 1.839 Collecting pytz==2025.2 (from -r requirements.txt (line 28))
2025-07-15T17:52:15.0103667Z #11 1.842   Downloading pytz-2025.2-py2.py3-none-any.whl.metadata (22 kB)
2025-07-15T17:52:15.0104243Z #11 1.878 Collecting rich==14.0.0 (from -r requirements.txt (line 29))
2025-07-15T17:52:15.1810714Z #11 1.882   Downloading rich-14.0.0-py3-none-any.whl.metadata (18 kB)
2025-07-15T17:52:15.1811648Z #11 1.888 Collecting sentinels==1.0.0 (from -r requirements.txt (line 30))
2025-07-15T17:52:15.6727470Z #11 1.892   Downloading sentinels-1.0.0.tar.gz (4.1 kB)
2025-07-15T17:52:15.6728174Z #11 1.899   Preparing metadata (setup.py): started
2025-07-15T17:52:15.6728748Z #11 2.540   Preparing metadata (setup.py): finished with status 'done'
2025-07-15T17:52:15.8152253Z #11 2.553 Collecting sh==2.2.2 (from -r requirements.txt (line 31))
2025-07-15T17:52:15.8153076Z #11 2.559   Downloading sh-2.2.2-py3-none-any.whl.metadata (3.7 kB)
2025-07-15T17:52:15.8153925Z #11 2.595 Collecting exceptiongroup>=1.0.0rc8 (from pytest==8.2.1->-r requirements.txt (line 3))
2025-07-15T17:52:15.8154846Z #11 2.599   Downloading exceptiongroup-1.3.0-py3-none-any.whl.metadata (6.7 kB)
2025-07-15T17:52:15.8155691Z #11 2.613 Collecting tomli>=1 (from pytest==8.2.1->-r requirements.txt (line 3))
2025-07-15T17:52:15.8156412Z #11 2.616   Downloading tomli-2.2.1-py3-none-any.whl.metadata (10 kB)
2025-07-15T17:52:15.8157234Z #11 2.683 Collecting typing-extensions<5.0,>=4.0.0 (from rich==14.0.0->-r requirements.txt (line 29))
2025-07-15T17:52:15.9306954Z #11 2.687   Downloading typing_extensions-4.14.1-py3-none-any.whl.metadata (3.0 kB)
2025-07-15T17:52:15.9307941Z #11 2.706 Downloading flask-3.1.0-py3-none-any.whl (102 kB)
2025-07-15T17:52:15.9308737Z #11 2.712 Downloading flask_pymongo-3.0.1-py3-none-any.whl (11 kB)
2025-07-15T17:52:15.9309545Z #11 2.717 Downloading pytest-8.2.1-py3-none-any.whl (339 kB)
2025-07-15T17:52:15.9310051Z #11 2.728 Downloading pluggy-1.6.0-py3-none-any.whl (20 kB)
2025-07-15T17:52:15.9310590Z #11 2.733 Downloading blinker-1.9.0-py3-none-any.whl (8.5 kB)
2025-07-15T17:52:15.9311276Z #11 2.736 Downloading certifi-2025.7.14-py3-none-any.whl (162 kB)
2025-07-15T17:52:15.9311960Z #11 2.742 Downloading charset_normalizer-3.4.2-cp310-cp310-manylinux_2_17_x86_64.manylinux2014_x86_64.whl (149 kB)
2025-07-15T17:52:15.9312610Z #11 2.748 Downloading click-8.2.1-py3-none-any.whl (102 kB)
2025-07-15T17:52:15.9313063Z #11 2.752 Downloading dnspython-2.7.0-py3-none-any.whl (313 kB)
2025-07-15T17:52:15.9313501Z #11 2.759 Downloading idna-3.10-py3-none-any.whl (70 kB)
2025-07-15T17:52:15.9313943Z #11 2.763 Downloading itsdangerous-2.2.0-py3-none-any.whl (16 kB)
2025-07-15T17:52:15.9314400Z #11 2.767 Downloading jinja2-3.1.6-py3-none-any.whl (134 kB)
2025-07-15T17:52:15.9315020Z #11 2.772 Downloading MarkupSafe-3.0.2-cp310-cp310-manylinux_2_17_x86_64.manylinux2014_x86_64.whl (20 kB)
2025-07-15T17:52:15.9315630Z #11 2.777 Downloading paho_mqtt-2.1.0-py3-none-any.whl (67 kB)
2025-07-15T17:52:15.9316122Z #11 2.781 Downloading pymongo-4.13.2-cp310-cp310-manylinux_2_17_x86_64.manylinux2014_x86_64.whl (1.2 MB)
2025-07-15T17:52:16.0322312Z #11 2.799    ━━━━━━━━━━━━━━━━━━━━━━━━━━━━━━━━━━━━━━━━ 1.2/1.2 MB 85.1 MB/s eta 0:00:00
2025-07-15T17:52:16.0323127Z #11 2.802 Downloading python_dotenv-1.1.1-py3-none-any.whl (20 kB)
2025-07-15T17:52:16.0323686Z #11 2.806 Downloading requests-2.32.4-py3-none-any.whl (64 kB)
2025-07-15T17:52:16.0324152Z #11 2.818 Downloading urllib3-2.5.0-py3-none-any.whl (129 kB)
2025-07-15T17:52:16.0324593Z #11 2.823 Downloading werkzeug-3.1.3-py3-none-any.whl (224 kB)
2025-07-15T17:52:16.0325073Z #11 2.829 Downloading autodevops_cli-0.1.1-py3-none-any.whl (4.1 kB)
2025-07-15T17:52:16.0325556Z #11 2.833 Downloading iniconfig-2.1.0-py3-none-any.whl (6.0 kB)
2025-07-15T17:52:16.0326286Z #11 2.838 Downloading loguru-0.7.3-py3-none-any.whl (61 kB)
2025-07-15T17:52:16.0326752Z #11 2.842 Downloading markdown_it_py-3.0.0-py3-none-any.whl (87 kB)
2025-07-15T17:52:16.0327226Z #11 2.849 Downloading mdurl-0.1.2-py3-none-any.whl (10.0 kB)
2025-07-15T17:52:16.0327712Z #11 2.852 Downloading mongomock-4.3.0-py2.py3-none-any.whl (64 kB)
2025-07-15T17:52:16.0328205Z #11 2.856 Downloading packaging-25.0-py3-none-any.whl (66 kB)
2025-07-15T17:52:16.0328663Z #11 2.860 Downloading pygments-2.19.2-py3-none-any.whl (1.2 MB)
2025-07-15T17:52:16.0329244Z #11 2.874    ━━━━━━━━━━━━━━━━━━━━━━━━━━━━━━━━━━━━━━━━ 1.2/1.2 MB 106.2 MB/s eta 0:00:00
2025-07-15T17:52:16.0329693Z #11 2.878 Downloading pytz-2025.2-py2.py3-none-any.whl (509 kB)
2025-07-15T17:52:16.0330126Z #11 2.885 Downloading rich-14.0.0-py3-none-any.whl (243 kB)
2025-07-15T17:52:16.0330534Z #11 2.890 Downloading sh-2.2.2-py3-none-any.whl (38 kB)
2025-07-15T17:52:16.0331157Z #11 2.893 Downloading typing_extensions-4.14.1-py3-none-any.whl (43 kB)
2025-07-15T17:52:16.0331841Z #11 2.896 Downloading exceptiongroup-1.3.0-py3-none-any.whl (16 kB)
2025-07-15T17:52:16.0332307Z #11 2.900 Downloading tomli-2.2.1-py3-none-any.whl (14 kB)
2025-07-15T17:52:16.2160748Z #11 2.932 Building wheels for collected packages: sentinels
2025-07-15T17:52:16.2163216Z #11 2.933   DEPRECATION: Building 'sentinels' using the legacy setup.py bdist_wheel mechanism, which will be removed in a future version. pip 25.3 will enforce this behaviour change. A possible replacement is to use the standardized build interface by setting the `--use-pep517` option, (possibly combined with `--no-build-isolation`), or adding a `pyproject.toml` file to the source tree of 'sentinels'. Discussion can be found at https://github.com/pypa/pip/issues/6334
2025-07-15T17:52:16.2165262Z #11 2.934   Building wheel for sentinels (setup.py): started
2025-07-15T17:52:16.8640503Z #11 3.732   Building wheel for sentinels (setup.py): finished with status 'done'
2025-07-15T17:52:17.0863203Z #11 3.732   Created wheel for sentinels: filename=sentinels-1.0.0-py3-none-any.whl size=3175 sha256=fb0668747d78fe2fab00e91b89321660bdf3704e9d1949f4c989051332b01b52
2025-07-15T17:52:17.0864446Z #11 3.733   Stored in directory: /tmp/pip-ephem-wheel-cache-qlorurz5/wheels/26/bc/eb/67e56405e0684b3d8c011cf4d18129c41be394775fd5ba2347
2025-07-15T17:52:17.0865159Z #11 3.734 Successfully built sentinels
2025-07-15T17:52:17.0866895Z #11 3.804 Installing collected packages: sentinels, pytz, urllib3, typing-extensions, tomli, sh, python-dotenv, Pygments, pluggy, paho-mqtt, packaging, mdurl, MarkupSafe, loguru, itsdangerous, iniconfig, idna, dnspython, click, charset-normalizer, certifi, blinker, Werkzeug, requests, pymongo, mongomock, markdown-it-py, Jinja2, exceptiongroup, rich, pytest, Flask, Flask-PyMongo, autodevops-cli
2025-07-15T17:52:19.2159417Z #11 6.084 
2025-07-15T17:52:19.3738106Z #11 6.091 Successfully installed Flask-3.1.0 Flask-PyMongo-3.0.1 Jinja2-3.1.6 MarkupSafe-3.0.2 Pygments-2.19.2 Werkzeug-3.1.3 autodevops-cli-0.1.1 blinker-1.9.0 certifi-2025.7.14 charset-normalizer-3.4.2 click-8.2.1 dnspython-2.7.0 exceptiongroup-1.3.0 idna-3.10 iniconfig-2.1.0 itsdangerous-2.2.0 loguru-0.7.3 markdown-it-py-3.0.0 mdurl-0.1.2 mongomock-4.3.0 packaging-25.0 paho-mqtt-2.1.0 pluggy-1.6.0 pymongo-4.13.2 pytest-8.2.1 python-dotenv-1.1.1 pytz-2025.2 requests-2.32.4 rich-14.0.0 sentinels-1.0.0 sh-2.2.2 tomli-2.2.1 typing-extensions-4.14.1 urllib3-2.5.0
2025-07-15T17:52:19.3742891Z #11 6.091 WARNING: Running pip as the 'root' user can result in broken permissions and conflicting behaviour with the system package manager, possibly rendering your system unusable. It is recommended to use a virtual environment instead: https://pip.pypa.io/warnings/venv. Use the --root-user-action option if you know what you are doing and want to suppress this warning.
2025-07-15T17:52:19.4556938Z #11 DONE 6.3s
2025-07-15T17:52:19.6072057Z 
2025-07-15T17:52:19.6072810Z #12 exporting to image
2025-07-15T17:52:19.6073545Z #12 exporting layers
2025-07-15T17:52:21.2697485Z #12 exporting layers 1.8s done
2025-07-15T17:52:21.2856980Z #12 writing image sha256:0855fc69c11739081068dce6f36b4e788e984b5bcfe6bec21fd2285f065ce644 done
2025-07-15T17:52:21.2860472Z #12 naming to docker.io/***/flask-ci-cd-demo done
2025-07-15T17:52:21.2861211Z #12 DONE 1.8s
2025-07-15T17:52:21.2949418Z ##[group]Run docker push ***/flask-ci-cd-demo
2025-07-15T17:52:21.2950054Z [36;1mdocker push ***/flask-ci-cd-demo[0m
2025-07-15T17:52:21.2990617Z shell: /usr/bin/bash -e {0}
2025-07-15T17:52:21.2991280Z env:
2025-07-15T17:52:21.2991706Z   pythonLocation: /opt/hostedtoolcache/Python/3.10.18/x64
2025-07-15T17:52:21.2992396Z   PKG_CONFIG_PATH: /opt/hostedtoolcache/Python/3.10.18/x64/lib/pkgconfig
2025-07-15T17:52:21.2993066Z   Python_ROOT_DIR: /opt/hostedtoolcache/Python/3.10.18/x64
2025-07-15T17:52:21.2993650Z   Python2_ROOT_DIR: /opt/hostedtoolcache/Python/3.10.18/x64
2025-07-15T17:52:21.2994245Z   Python3_ROOT_DIR: /opt/hostedtoolcache/Python/3.10.18/x64
2025-07-15T17:52:21.2994869Z   LD_LIBRARY_PATH: /opt/hostedtoolcache/Python/3.10.18/x64/lib
2025-07-15T17:52:21.2995356Z ##[endgroup]
2025-07-15T17:52:21.3162925Z Using default tag: latest
2025-07-15T17:52:21.3176707Z The push refers to repository [docker.io/***/flask-ci-cd-demo]
2025-07-15T17:52:21.3628325Z 00840419fc33: Preparing
2025-07-15T17:52:21.3628760Z 9767bb199dc3: Preparing
2025-07-15T17:52:21.3629126Z d038a12cea66: Preparing
2025-07-15T17:52:21.3629457Z b69589c38196: Preparing
2025-07-15T17:52:21.3629800Z bd3469702991: Preparing
2025-07-15T17:52:21.3630151Z 31abbb538de0: Preparing
2025-07-15T17:52:21.3630415Z a2ccf7527b3c: Preparing
2025-07-15T17:52:21.3630618Z abd92ba2021e: Preparing
2025-07-15T17:52:21.3630802Z 1bb35e8b4de1: Preparing
2025-07-15T17:52:21.3631192Z 31abbb538de0: Waiting
2025-07-15T17:52:21.3631556Z a2ccf7527b3c: Waiting
2025-07-15T17:52:21.3631829Z abd92ba2021e: Waiting
2025-07-15T17:52:21.3632009Z 1bb35e8b4de1: Waiting
2025-07-15T17:52:22.3880097Z b69589c38196: Pushed
2025-07-15T17:52:22.4819794Z 31abbb538de0: Layer already exists
2025-07-15T17:52:22.5824129Z a2ccf7527b3c: Layer already exists
2025-07-15T17:52:22.6721825Z abd92ba2021e: Layer already exists
2025-07-15T17:52:22.7589002Z 1bb35e8b4de1: Layer already exists
2025-07-15T17:52:23.2751160Z 9767bb199dc3: Pushed
2025-07-15T17:52:24.2700437Z 00840419fc33: Pushed
2025-07-15T17:52:25.7010756Z d038a12cea66: Pushed
2025-07-15T17:52:35.6863090Z bd3469702991: Pushed
2025-07-15T17:52:37.4092783Z latest: digest: sha256:9d16b1ba763c22c6567e4d986be3269647992a556d2e065021f0f7b241ebf540 size: 2212
2025-07-15T17:52:37.4159614Z Post job cleanup.
2025-07-15T17:52:37.7130275Z [command]/usr/bin/docker logout 
2025-07-15T17:52:37.7266699Z Removing login credentials for https://index.docker.io/v1/
2025-07-15T17:52:37.7300298Z ##[group]Post cache
2025-07-15T17:52:37.7301920Z State not set
2025-07-15T17:52:37.7303102Z ##[endgroup]
2025-07-15T17:52:37.7428871Z Post job cleanup.
2025-07-15T17:52:37.9123446Z Post job cleanup.
2025-07-15T17:52:37.9847513Z [command]/usr/bin/git version
2025-07-15T17:52:37.9882856Z git version 2.50.1
2025-07-15T17:52:37.9925103Z Temporarily overriding HOME='/home/runner/work/_temp/7616c8d7-9c02-4317-abed-6dafbf783716' before making global git config changes
2025-07-15T17:52:37.9925982Z Adding repository directory to the temporary git global config as a safe directory
2025-07-15T17:52:37.9928947Z [command]/usr/bin/git config --global --add safe.directory /home/runner/work/testing-CI-CD/testing-CI-CD
2025-07-15T17:52:37.9958753Z [command]/usr/bin/git config --local --name-only --get-regexp core\.sshCommand
2025-07-15T17:52:37.9987248Z [command]/usr/bin/git submodule foreach --recursive sh -c "git config --local --name-only --get-regexp 'core\.sshCommand' && git config --local --unset-all 'core.sshCommand' || :"
2025-07-15T17:52:38.0217820Z [command]/usr/bin/git config --local --name-only --get-regexp http\.https\:\/\/github\.com\/\.extraheader
2025-07-15T17:52:38.0237494Z http.https://github.com/.extraheader
2025-07-15T17:52:38.0248676Z [command]/usr/bin/git config --local --unset-all http.https://github.com/.extraheader
2025-07-15T17:52:38.0277382Z [command]/usr/bin/git submodule foreach --recursive sh -c "git config --local --name-only --get-regexp 'http\.https\:\/\/github\.com\/\.extraheader' && git config --local --unset-all 'http.https://github.com/.extraheader' || :"
2025-07-15T17:52:38.0615088Z Cleaning up orphan processes
