2025-07-15T10:46:05.7323700Z Current runner version: '2.326.0'
2025-07-15T10:46:05.7348900Z ##[group]Runner Image Provisioner
2025-07-15T10:46:05.7349756Z Hosted Compute Agent
2025-07-15T10:46:05.7350401Z Version: 20250711.363
2025-07-15T10:46:05.7350973Z Commit: 6785254374ce925a23743850c1cb91912ce5c14c
2025-07-15T10:46:05.7351667Z Build Date: 2025-07-11T20:04:25Z
2025-07-15T10:46:05.7352336Z ##[endgroup]
2025-07-15T10:46:05.7353091Z ##[group]Operating System
2025-07-15T10:46:05.7353670Z Ubuntu
2025-07-15T10:46:05.7354196Z 24.04.2
2025-07-15T10:46:05.7354651Z LTS
2025-07-15T10:46:05.7355074Z ##[endgroup]
2025-07-15T10:46:05.7355659Z ##[group]Runner Image
2025-07-15T10:46:05.7356212Z Image: ubuntu-24.04
2025-07-15T10:46:05.7356688Z Version: 20250710.1.0
2025-07-15T10:46:05.7357740Z Included Software: https://github.com/actions/runner-images/blob/ubuntu24/20250710.1/images/ubuntu/Ubuntu2404-Readme.md
2025-07-15T10:46:05.7359243Z Image Release: https://github.com/actions/runner-images/releases/tag/ubuntu24%2F20250710.1
2025-07-15T10:46:05.7360333Z ##[endgroup]
2025-07-15T10:46:05.7361395Z ##[group]GITHUB_TOKEN Permissions
2025-07-15T10:46:05.7363739Z Contents: read
2025-07-15T10:46:05.7364302Z Metadata: read
2025-07-15T10:46:05.7364776Z Packages: read
2025-07-15T10:46:05.7365379Z ##[endgroup]
2025-07-15T10:46:05.7367410Z Secret source: Actions
2025-07-15T10:46:05.7368081Z Prepare workflow directory
2025-07-15T10:46:05.7804413Z Prepare all required actions
2025-07-15T10:46:05.7860319Z Getting action download info
2025-07-15T10:46:06.1991002Z ##[group]Download immutable action package 'actions/checkout@v3'
2025-07-15T10:46:06.1992243Z Version: 3.6.0
2025-07-15T10:46:06.1993508Z Digest: sha256:942562b9c7d4b1f2557f1da21f4d3eb4eb4fd01f2ad78b2a6e187d1b193e0a0f
2025-07-15T10:46:06.1994774Z Source commit SHA: f43a0e5ff2bd294095638e18286ca9a3d1956744
2025-07-15T10:46:06.1995670Z ##[endgroup]
2025-07-15T10:46:06.2985385Z ##[group]Download immutable action package 'actions/setup-python@v4'
2025-07-15T10:46:06.2986248Z Version: 4.9.1
2025-07-15T10:46:06.2987051Z Digest: sha256:f03e505388af670b5a108629e0ba26befc08d5c62b41f46146a45fe29ae509a5
2025-07-15T10:46:06.2988186Z Source commit SHA: 7f4fc3e22c37d6ff65e88745f38bd3157c663f7c
2025-07-15T10:46:06.2988940Z ##[endgroup]
2025-07-15T10:46:06.5540592Z ##[group]Download immutable action package 'docker/login-action@v3'
2025-07-15T10:46:06.5541442Z Version: 3.4.0
2025-07-15T10:46:06.5542270Z Digest: sha256:864ebd28db095e1602e6ef999f46a4f575083ea874918fbccf0994c2a7680450
2025-07-15T10:46:06.5543590Z Source commit SHA: 74a5d142397b4f367a81961eba4e8cd7edddf772
2025-07-15T10:46:06.5544335Z ##[endgroup]
2025-07-15T10:46:06.9054247Z Complete job name: build-test-deploy
2025-07-15T10:46:06.9756784Z ##[group]Run actions/checkout@v3
2025-07-15T10:46:06.9757699Z with:
2025-07-15T10:46:06.9758204Z   repository: ***/testing-CI-CD
2025-07-15T10:46:06.9758878Z   token: ***
2025-07-15T10:46:06.9759285Z   ssh-strict: true
2025-07-15T10:46:06.9759737Z   persist-credentials: true
2025-07-15T10:46:06.9760225Z   clean: true
2025-07-15T10:46:06.9760678Z   sparse-checkout-cone-mode: true
2025-07-15T10:46:06.9761209Z   fetch-depth: 1
2025-07-15T10:46:06.9761612Z   fetch-tags: false
2025-07-15T10:46:06.9762024Z   lfs: false
2025-07-15T10:46:06.9762408Z   submodules: false
2025-07-15T10:46:06.9762832Z   set-safe-directory: true
2025-07-15T10:46:06.9763750Z ##[endgroup]
2025-07-15T10:46:07.0607094Z Syncing repository: ***/testing-CI-CD
2025-07-15T10:46:07.0609129Z ##[group]Getting Git version info
2025-07-15T10:46:07.0610175Z Working directory is '/home/runner/work/testing-CI-CD/testing-CI-CD'
2025-07-15T10:46:07.0611319Z [command]/usr/bin/git version
2025-07-15T10:46:07.0645719Z git version 2.50.1
2025-07-15T10:46:07.0673914Z ##[endgroup]
2025-07-15T10:46:07.0690839Z Temporarily overriding HOME='/home/runner/work/_temp/093769f9-5cc7-4c82-b872-8321453f17c2' before making global git config changes
2025-07-15T10:46:07.0693932Z Adding repository directory to the temporary git global config as a safe directory
2025-07-15T10:46:07.0696462Z [command]/usr/bin/git config --global --add safe.directory /home/runner/work/testing-CI-CD/testing-CI-CD
2025-07-15T10:46:07.0731413Z Deleting the contents of '/home/runner/work/testing-CI-CD/testing-CI-CD'
2025-07-15T10:46:07.0735320Z ##[group]Initializing the repository
2025-07-15T10:46:07.0739262Z [command]/usr/bin/git init /home/runner/work/testing-CI-CD/testing-CI-CD
2025-07-15T10:46:07.0814874Z hint: Using 'master' as the name for the initial branch. This default branch name
2025-07-15T10:46:07.0816865Z hint: is subject to change. To configure the initial branch name to use in all
2025-07-15T10:46:07.0818274Z hint: of your new repositories, which will suppress this warning, call:
2025-07-15T10:46:07.0819652Z hint:
2025-07-15T10:46:07.0820606Z hint: 	git config --global init.defaultBranch <name>
2025-07-15T10:46:07.0821772Z hint:
2025-07-15T10:46:07.0822848Z hint: Names commonly chosen instead of 'master' are 'main', 'trunk' and
2025-07-15T10:46:07.0825381Z hint: 'development'. The just-created branch can be renamed via this command:
2025-07-15T10:46:07.0826816Z hint:
2025-07-15T10:46:07.0827480Z hint: 	git branch -m <name>
2025-07-15T10:46:07.0828283Z hint:
2025-07-15T10:46:07.0829452Z hint: Disable this message with "git config set advice.defaultBranchName false"
2025-07-15T10:46:07.0831542Z Initialized empty Git repository in /home/runner/work/testing-CI-CD/testing-CI-CD/.git/
2025-07-15T10:46:07.0835057Z [command]/usr/bin/git remote add origin https://github.com/***/testing-CI-CD
2025-07-15T10:46:07.0861940Z ##[endgroup]
2025-07-15T10:46:07.0863452Z ##[group]Disabling automatic garbage collection
2025-07-15T10:46:07.0865246Z [command]/usr/bin/git config --local gc.auto 0
2025-07-15T10:46:07.0891967Z ##[endgroup]
2025-07-15T10:46:07.0893503Z ##[group]Setting up auth
2025-07-15T10:46:07.0898326Z [command]/usr/bin/git config --local --name-only --get-regexp core\.sshCommand
2025-07-15T10:46:07.0926398Z [command]/usr/bin/git submodule foreach --recursive sh -c "git config --local --name-only --get-regexp 'core\.sshCommand' && git config --local --unset-all 'core.sshCommand' || :"
2025-07-15T10:46:07.1197499Z [command]/usr/bin/git config --local --name-only --get-regexp http\.https\:\/\/github\.com\/\.extraheader
2025-07-15T10:46:07.1228294Z [command]/usr/bin/git submodule foreach --recursive sh -c "git config --local --name-only --get-regexp 'http\.https\:\/\/github\.com\/\.extraheader' && git config --local --unset-all 'http.https://github.com/.extraheader' || :"
2025-07-15T10:46:07.1450456Z [command]/usr/bin/git config --local http.https://github.com/.extraheader AUTHORIZATION: basic ***
2025-07-15T10:46:07.1483656Z ##[endgroup]
2025-07-15T10:46:07.1484861Z ##[group]Fetching the repository
2025-07-15T10:46:07.1491847Z [command]/usr/bin/git -c protocol.version=2 fetch --no-tags --prune --progress --no-recurse-submodules --depth=1 origin +6b0c58fd991c1d194bda6d09ca72b98eb757e9bf:refs/remotes/origin/main
2025-07-15T10:46:07.3543162Z remote: Enumerating objects: 1725, done.        
2025-07-15T10:46:07.3544456Z remote: Counting objects:   0% (1/1725)        
2025-07-15T10:46:07.3545278Z remote: Counting objects:   1% (18/1725)        
2025-07-15T10:46:07.3546025Z remote: Counting objects:   2% (35/1725)        
2025-07-15T10:46:07.3546762Z remote: Counting objects:   3% (52/1725)        
2025-07-15T10:46:07.3547506Z remote: Counting objects:   4% (69/1725)        
2025-07-15T10:46:07.3548234Z remote: Counting objects:   5% (87/1725)        
2025-07-15T10:46:07.3548980Z remote: Counting objects:   6% (104/1725)        
2025-07-15T10:46:07.3549726Z remote: Counting objects:   7% (121/1725)        
2025-07-15T10:46:07.3550465Z remote: Counting objects:   8% (138/1725)        
2025-07-15T10:46:07.3551220Z remote: Counting objects:   9% (156/1725)        
2025-07-15T10:46:07.3551966Z remote: Counting objects:  10% (173/1725)        
2025-07-15T10:46:07.3552705Z remote: Counting objects:  11% (190/1725)        
2025-07-15T10:46:07.3553562Z remote: Counting objects:  12% (207/1725)        
2025-07-15T10:46:07.3554236Z remote: Counting objects:  13% (225/1725)        
2025-07-15T10:46:07.3555196Z remote: Counting objects:  14% (242/1725)        
2025-07-15T10:46:07.3555840Z remote: Counting objects:  15% (259/1725)        
2025-07-15T10:46:07.3556776Z remote: Counting objects:  16% (276/1725)        
2025-07-15T10:46:07.3557612Z remote: Counting objects:  17% (294/1725)        
2025-07-15T10:46:07.3558724Z remote: Counting objects:  18% (311/1725)        
2025-07-15T10:46:07.3559836Z remote: Counting objects:  19% (328/1725)        
2025-07-15T10:46:07.3560947Z remote: Counting objects:  20% (345/1725)        
2025-07-15T10:46:07.3561962Z remote: Counting objects:  21% (363/1725)        
2025-07-15T10:46:07.3562650Z remote: Counting objects:  22% (380/1725)        
2025-07-15T10:46:07.3563441Z remote: Counting objects:  23% (397/1725)        
2025-07-15T10:46:07.3564088Z remote: Counting objects:  24% (414/1725)        
2025-07-15T10:46:07.3564740Z remote: Counting objects:  25% (432/1725)        
2025-07-15T10:46:07.3565386Z remote: Counting objects:  26% (449/1725)        
2025-07-15T10:46:07.3566033Z remote: Counting objects:  27% (466/1725)        
2025-07-15T10:46:07.3566674Z remote: Counting objects:  28% (483/1725)        
2025-07-15T10:46:07.3567322Z remote: Counting objects:  29% (501/1725)        
2025-07-15T10:46:07.3567960Z remote: Counting objects:  30% (518/1725)        
2025-07-15T10:46:07.3568594Z remote: Counting objects:  31% (535/1725)        
2025-07-15T10:46:07.3569245Z remote: Counting objects:  32% (552/1725)        
2025-07-15T10:46:07.3569884Z remote: Counting objects:  33% (570/1725)        
2025-07-15T10:46:07.3570578Z remote: Counting objects:  34% (587/1725)        
2025-07-15T10:46:07.3571218Z remote: Counting objects:  35% (604/1725)        
2025-07-15T10:46:07.3571851Z remote: Counting objects:  36% (621/1725)        
2025-07-15T10:46:07.3572496Z remote: Counting objects:  37% (639/1725)        
2025-07-15T10:46:07.3573232Z remote: Counting objects:  38% (656/1725)        
2025-07-15T10:46:07.3573870Z remote: Counting objects:  39% (673/1725)        
2025-07-15T10:46:07.3574585Z remote: Counting objects:  40% (690/1725)        
2025-07-15T10:46:07.3575232Z remote: Counting objects:  41% (708/1725)        
2025-07-15T10:46:07.3575885Z remote: Counting objects:  42% (725/1725)        
2025-07-15T10:46:07.3576524Z remote: Counting objects:  43% (742/1725)        
2025-07-15T10:46:07.3577164Z remote: Counting objects:  44% (759/1725)        
2025-07-15T10:46:07.3577883Z remote: Counting objects:  45% (777/1725)        
2025-07-15T10:46:07.3578533Z remote: Counting objects:  46% (794/1725)        
2025-07-15T10:46:07.3579403Z remote: Counting objects:  47% (811/1725)        
2025-07-15T10:46:07.3580071Z remote: Counting objects:  48% (828/1725)        
2025-07-15T10:46:07.3580723Z remote: Counting objects:  49% (846/1725)        
2025-07-15T10:46:07.3581481Z remote: Counting objects:  50% (863/1725)        
2025-07-15T10:46:07.3582478Z remote: Counting objects:  51% (880/1725)        
2025-07-15T10:46:07.3583699Z remote: Counting objects:  52% (897/1725)        
2025-07-15T10:46:07.3584561Z remote: Counting objects:  53% (915/1725)        
2025-07-15T10:46:07.3585202Z remote: Counting objects:  54% (932/1725)        
2025-07-15T10:46:07.3585855Z remote: Counting objects:  55% (949/1725)        
2025-07-15T10:46:07.3586513Z remote: Counting objects:  56% (966/1725)        
2025-07-15T10:46:07.3587164Z remote: Counting objects:  57% (984/1725)        
2025-07-15T10:46:07.3587818Z remote: Counting objects:  58% (1001/1725)        
2025-07-15T10:46:07.3588469Z remote: Counting objects:  59% (1018/1725)        
2025-07-15T10:46:07.3589119Z remote: Counting objects:  60% (1035/1725)        
2025-07-15T10:46:07.3589767Z remote: Counting objects:  61% (1053/1725)        
2025-07-15T10:46:07.3590418Z remote: Counting objects:  62% (1070/1725)        
2025-07-15T10:46:07.3591052Z remote: Counting objects:  63% (1087/1725)        
2025-07-15T10:46:07.3591711Z remote: Counting objects:  64% (1104/1725)        
2025-07-15T10:46:07.3592538Z remote: Counting objects:  65% (1122/1725)        
2025-07-15T10:46:07.3593333Z remote: Counting objects:  66% (1139/1725)        
2025-07-15T10:46:07.3593976Z remote: Counting objects:  67% (1156/1725)        
2025-07-15T10:46:07.3594618Z remote: Counting objects:  68% (1173/1725)        
2025-07-15T10:46:07.3595317Z remote: Counting objects:  69% (1191/1725)        
2025-07-15T10:46:07.3596011Z remote: Counting objects:  70% (1208/1725)        
2025-07-15T10:46:07.3596698Z remote: Counting objects:  71% (1225/1725)        
2025-07-15T10:46:07.3597401Z remote: Counting objects:  72% (1242/1725)        
2025-07-15T10:46:07.3598104Z remote: Counting objects:  73% (1260/1725)        
2025-07-15T10:46:07.3598797Z remote: Counting objects:  74% (1277/1725)        
2025-07-15T10:46:07.3599508Z remote: Counting objects:  75% (1294/1725)        
2025-07-15T10:46:07.3600208Z remote: Counting objects:  76% (1311/1725)        
2025-07-15T10:46:07.3600905Z remote: Counting objects:  77% (1329/1725)        
2025-07-15T10:46:07.3601605Z remote: Counting objects:  78% (1346/1725)        
2025-07-15T10:46:07.3602302Z remote: Counting objects:  79% (1363/1725)        
2025-07-15T10:46:07.3603072Z remote: Counting objects:  80% (1380/1725)        
2025-07-15T10:46:07.3603716Z remote: Counting objects:  81% (1398/1725)        
2025-07-15T10:46:07.3604359Z remote: Counting objects:  82% (1415/1725)        
2025-07-15T10:46:07.3605000Z remote: Counting objects:  83% (1432/1725)        
2025-07-15T10:46:07.3605638Z remote: Counting objects:  84% (1449/1725)        
2025-07-15T10:46:07.3606281Z remote: Counting objects:  85% (1467/1725)        
2025-07-15T10:46:07.3606930Z remote: Counting objects:  86% (1484/1725)        
2025-07-15T10:46:07.3607566Z remote: Counting objects:  87% (1501/1725)        
2025-07-15T10:46:07.3608213Z remote: Counting objects:  88% (1518/1725)        
2025-07-15T10:46:07.3608849Z remote: Counting objects:  89% (1536/1725)        
2025-07-15T10:46:07.3609484Z remote: Counting objects:  90% (1553/1725)        
2025-07-15T10:46:07.3610132Z remote: Counting objects:  91% (1570/1725)        
2025-07-15T10:46:07.3610827Z remote: Counting objects:  92% (1587/1725)        
2025-07-15T10:46:07.3611556Z remote: Counting objects:  93% (1605/1725)        
2025-07-15T10:46:07.3612260Z remote: Counting objects:  94% (1622/1725)        
2025-07-15T10:46:07.3613039Z remote: Counting objects:  95% (1639/1725)        
2025-07-15T10:46:07.3613696Z remote: Counting objects:  96% (1656/1725)        
2025-07-15T10:46:07.3614368Z remote: Counting objects:  97% (1674/1725)        
2025-07-15T10:46:07.3615013Z remote: Counting objects:  98% (1691/1725)        
2025-07-15T10:46:07.3615791Z remote: Counting objects:  99% (1708/1725)        
2025-07-15T10:46:07.3616442Z remote: Counting objects: 100% (1725/1725)        
2025-07-15T10:46:07.3617145Z remote: Counting objects: 100% (1725/1725), done.        
2025-07-15T10:46:07.3617852Z remote: Compressing objects:   0% (1/1623)        
2025-07-15T10:46:07.3618566Z remote: Compressing objects:   1% (17/1623)        
2025-07-15T10:46:07.3619298Z remote: Compressing objects:   2% (33/1623)        
2025-07-15T10:46:07.3620019Z remote: Compressing objects:   3% (49/1623)        
2025-07-15T10:46:07.3620732Z remote: Compressing objects:   4% (65/1623)        
2025-07-15T10:46:07.3621450Z remote: Compressing objects:   5% (82/1623)        
2025-07-15T10:46:07.3622168Z remote: Compressing objects:   6% (98/1623)        
2025-07-15T10:46:07.3623011Z remote: Compressing objects:   7% (114/1623)        
2025-07-15T10:46:07.3623761Z remote: Compressing objects:   8% (130/1623)        
2025-07-15T10:46:07.3624505Z remote: Compressing objects:   9% (147/1623)        
2025-07-15T10:46:07.3625239Z remote: Compressing objects:  10% (163/1623)        
2025-07-15T10:46:07.3625973Z remote: Compressing objects:  11% (179/1623)        
2025-07-15T10:46:07.3626707Z remote: Compressing objects:  12% (195/1623)        
2025-07-15T10:46:07.3627437Z remote: Compressing objects:  13% (211/1623)        
2025-07-15T10:46:07.3628299Z remote: Compressing objects:  14% (228/1623)        
2025-07-15T10:46:07.3629034Z remote: Compressing objects:  15% (244/1623)        
2025-07-15T10:46:07.3629765Z remote: Compressing objects:  16% (260/1623)        
2025-07-15T10:46:07.3630491Z remote: Compressing objects:  17% (276/1623)        
2025-07-15T10:46:07.3631224Z remote: Compressing objects:  18% (293/1623)        
2025-07-15T10:46:07.3631964Z remote: Compressing objects:  19% (309/1623)        
2025-07-15T10:46:07.3632701Z remote: Compressing objects:  20% (325/1623)        
2025-07-15T10:46:07.3633569Z remote: Compressing objects:  21% (341/1623)        
2025-07-15T10:46:07.3634289Z remote: Compressing objects:  22% (358/1623)        
2025-07-15T10:46:07.3634960Z remote: Compressing objects:  23% (374/1623)        
2025-07-15T10:46:07.3635631Z remote: Compressing objects:  24% (390/1623)        
2025-07-15T10:46:07.3636302Z remote: Compressing objects:  25% (406/1623)        
2025-07-15T10:46:07.3636973Z remote: Compressing objects:  26% (422/1623)        
2025-07-15T10:46:07.3637647Z remote: Compressing objects:  27% (439/1623)        
2025-07-15T10:46:07.3638379Z remote: Compressing objects:  28% (455/1623)        
2025-07-15T10:46:07.3639113Z remote: Compressing objects:  29% (471/1623)        
2025-07-15T10:46:07.3639839Z remote: Compressing objects:  30% (487/1623)        
2025-07-15T10:46:07.3640572Z remote: Compressing objects:  31% (504/1623)        
2025-07-15T10:46:07.3641356Z remote: Compressing objects:  32% (520/1623)        
2025-07-15T10:46:07.3642086Z remote: Compressing objects:  33% (536/1623)        
2025-07-15T10:46:07.3642820Z remote: Compressing objects:  34% (552/1623)        
2025-07-15T10:46:07.3643636Z remote: Compressing objects:  35% (569/1623)        
2025-07-15T10:46:07.3644301Z remote: Compressing objects:  36% (585/1623)        
2025-07-15T10:46:07.3644971Z remote: Compressing objects:  37% (601/1623)        
2025-07-15T10:46:07.3645643Z remote: Compressing objects:  38% (617/1623)        
2025-07-15T10:46:07.3646331Z remote: Compressing objects:  39% (633/1623)        
2025-07-15T10:46:07.3646998Z remote: Compressing objects:  40% (650/1623)        
2025-07-15T10:46:07.3647673Z remote: Compressing objects:  41% (666/1623)        
2025-07-15T10:46:07.3648341Z remote: Compressing objects:  42% (682/1623)        
2025-07-15T10:46:07.4089371Z remote: Compressing objects:  43% (698/1623)        
2025-07-15T10:46:07.4591279Z remote: Compressing objects:  44% (715/1623)        
2025-07-15T10:46:07.4888382Z remote: Compressing objects:  45% (731/1623)        
2025-07-15T10:46:07.5018930Z remote: Compressing objects:  46% (747/1623)        
2025-07-15T10:46:07.5149531Z remote: Compressing objects:  47% (763/1623)        
2025-07-15T10:46:07.5296644Z remote: Compressing objects:  48% (780/1623)        
2025-07-15T10:46:07.5396893Z remote: Compressing objects:  49% (796/1623)        
2025-07-15T10:46:07.5569602Z remote: Compressing objects:  50% (812/1623)        
2025-07-15T10:46:07.5720781Z remote: Compressing objects:  51% (828/1623)        
2025-07-15T10:46:07.5726826Z remote: Compressing objects:  52% (844/1623)        
2025-07-15T10:46:07.5816300Z remote: Compressing objects:  53% (861/1623)        
2025-07-15T10:46:07.5885382Z remote: Compressing objects:  54% (877/1623)        
2025-07-15T10:46:07.5887113Z remote: Compressing objects:  55% (893/1623)        
2025-07-15T10:46:07.5923738Z remote: Compressing objects:  56% (909/1623)        
2025-07-15T10:46:07.5975615Z remote: Compressing objects:  57% (926/1623)        
2025-07-15T10:46:07.6028665Z remote: Compressing objects:  58% (942/1623)        
2025-07-15T10:46:07.6097777Z remote: Compressing objects:  59% (958/1623)        
2025-07-15T10:46:07.6125075Z remote: Compressing objects:  60% (974/1623)        
2025-07-15T10:46:07.6163384Z remote: Compressing objects:  61% (991/1623)        
2025-07-15T10:46:07.6189293Z remote: Compressing objects:  62% (1007/1623)        
2025-07-15T10:46:07.6191085Z remote: Compressing objects:  63% (1023/1623)        
2025-07-15T10:46:07.6193386Z remote: Compressing objects:  64% (1039/1623)        
2025-07-15T10:46:07.6228272Z remote: Compressing objects:  65% (1055/1623)        
2025-07-15T10:46:07.6238627Z remote: Compressing objects:  66% (1072/1623)        
2025-07-15T10:46:07.6259508Z remote: Compressing objects:  67% (1088/1623)        
2025-07-15T10:46:07.6289915Z remote: Compressing objects:  68% (1104/1623)        
2025-07-15T10:46:07.6312414Z remote: Compressing objects:  69% (1120/1623)        
2025-07-15T10:46:07.6326581Z remote: Compressing objects:  70% (1137/1623)        
2025-07-15T10:46:07.6343426Z remote: Compressing objects:  71% (1153/1623)        
2025-07-15T10:46:07.6362694Z remote: Compressing objects:  72% (1169/1623)        
2025-07-15T10:46:07.6383347Z remote: Compressing objects:  73% (1185/1623)        
2025-07-15T10:46:07.6395266Z remote: Compressing objects:  74% (1202/1623)        
2025-07-15T10:46:07.6397015Z remote: Compressing objects:  75% (1218/1623)        
2025-07-15T10:46:07.6402046Z remote: Compressing objects:  76% (1234/1623)        
2025-07-15T10:46:07.6403969Z remote: Compressing objects:  77% (1250/1623)        
2025-07-15T10:46:07.6412773Z remote: Compressing objects:  78% (1266/1623)        
2025-07-15T10:46:07.6416494Z remote: Compressing objects:  79% (1283/1623)        
2025-07-15T10:46:07.6441597Z remote: Compressing objects:  80% (1299/1623)        
2025-07-15T10:46:07.6453817Z remote: Compressing objects:  81% (1315/1623)        
2025-07-15T10:46:07.6456265Z remote: Compressing objects:  82% (1331/1623)        
2025-07-15T10:46:07.6458612Z remote: Compressing objects:  83% (1348/1623)        
2025-07-15T10:46:07.6461239Z remote: Compressing objects:  84% (1364/1623)        
2025-07-15T10:46:07.6463970Z remote: Compressing objects:  85% (1380/1623)        
2025-07-15T10:46:07.6466407Z remote: Compressing objects:  86% (1396/1623)        
2025-07-15T10:46:07.6468872Z remote: Compressing objects:  87% (1413/1623)        
2025-07-15T10:46:07.6471312Z remote: Compressing objects:  88% (1429/1623)        
2025-07-15T10:46:07.6473722Z remote: Compressing objects:  89% (1445/1623)        
2025-07-15T10:46:07.6476129Z remote: Compressing objects:  90% (1461/1623)        
2025-07-15T10:46:07.6478456Z remote: Compressing objects:  91% (1477/1623)        
2025-07-15T10:46:07.6480734Z remote: Compressing objects:  92% (1494/1623)        
2025-07-15T10:46:07.6483420Z remote: Compressing objects:  93% (1510/1623)        
2025-07-15T10:46:07.6485893Z remote: Compressing objects:  94% (1526/1623)        
2025-07-15T10:46:07.6488366Z remote: Compressing objects:  95% (1542/1623)        
2025-07-15T10:46:07.6490533Z remote: Compressing objects:  96% (1559/1623)        
2025-07-15T10:46:07.6492229Z remote: Compressing objects:  97% (1575/1623)        
2025-07-15T10:46:07.6494081Z remote: Compressing objects:  98% (1591/1623)        
2025-07-15T10:46:07.6495725Z remote: Compressing objects:  99% (1607/1623)        
2025-07-15T10:46:07.6497939Z remote: Compressing objects: 100% (1623/1623)        
2025-07-15T10:46:07.6500624Z remote: Compressing objects: 100% (1623/1623), done.        
2025-07-15T10:46:07.6502848Z Receiving objects:   0% (1/1725)
2025-07-15T10:46:07.6504287Z Receiving objects:   1% (18/1725)
2025-07-15T10:46:07.6618038Z Receiving objects:   2% (35/1725)
2025-07-15T10:46:07.6854420Z Receiving objects:   3% (52/1725)
2025-07-15T10:46:07.6956214Z Receiving objects:   4% (69/1725)
2025-07-15T10:46:07.6996150Z Receiving objects:   5% (87/1725)
2025-07-15T10:46:07.7050279Z Receiving objects:   6% (104/1725)
2025-07-15T10:46:07.7100155Z Receiving objects:   7% (121/1725)
2025-07-15T10:46:07.7154157Z Receiving objects:   8% (138/1725)
2025-07-15T10:46:07.7178003Z Receiving objects:   9% (156/1725)
2025-07-15T10:46:07.7202795Z Receiving objects:  10% (173/1725)
2025-07-15T10:46:07.7210861Z Receiving objects:  11% (190/1725)
2025-07-15T10:46:07.7238462Z Receiving objects:  12% (207/1725)
2025-07-15T10:46:07.7278946Z Receiving objects:  13% (225/1725)
2025-07-15T10:46:07.7293873Z Receiving objects:  14% (242/1725)
2025-07-15T10:46:07.7334612Z Receiving objects:  15% (259/1725)
2025-07-15T10:46:07.7350419Z Receiving objects:  16% (276/1725)
2025-07-15T10:46:07.7372535Z Receiving objects:  17% (294/1725)
2025-07-15T10:46:07.7377025Z Receiving objects:  18% (311/1725)
2025-07-15T10:46:07.7386690Z Receiving objects:  19% (328/1725)
2025-07-15T10:46:07.7405299Z Receiving objects:  20% (345/1725)
2025-07-15T10:46:07.7455041Z Receiving objects:  21% (363/1725)
2025-07-15T10:46:07.7488903Z Receiving objects:  22% (380/1725)
2025-07-15T10:46:07.7508269Z Receiving objects:  23% (397/1725)
2025-07-15T10:46:07.7516150Z Receiving objects:  24% (414/1725)
2025-07-15T10:46:07.7535592Z Receiving objects:  25% (432/1725)
2025-07-15T10:46:07.7563129Z Receiving objects:  26% (449/1725)
2025-07-15T10:46:07.7576318Z Receiving objects:  27% (466/1725)
2025-07-15T10:46:07.7595562Z Receiving objects:  28% (483/1725)
2025-07-15T10:46:07.7612783Z Receiving objects:  29% (501/1725)
2025-07-15T10:46:07.7665596Z Receiving objects:  30% (518/1725)
2025-07-15T10:46:07.7676535Z Receiving objects:  31% (535/1725)
2025-07-15T10:46:07.7684727Z Receiving objects:  32% (552/1725)
2025-07-15T10:46:07.7704754Z Receiving objects:  33% (570/1725)
2025-07-15T10:46:07.7717101Z Receiving objects:  34% (587/1725)
2025-07-15T10:46:07.7729317Z Receiving objects:  35% (604/1725)
2025-07-15T10:46:07.7741095Z Receiving objects:  36% (621/1725)
2025-07-15T10:46:07.7753278Z Receiving objects:  37% (639/1725)
2025-07-15T10:46:07.7766182Z Receiving objects:  38% (656/1725)
2025-07-15T10:46:07.7782380Z Receiving objects:  39% (673/1725)
2025-07-15T10:46:07.7804769Z Receiving objects:  40% (690/1725)
2025-07-15T10:46:07.7823858Z Receiving objects:  41% (708/1725)
2025-07-15T10:46:07.7835089Z Receiving objects:  42% (725/1725)
2025-07-15T10:46:07.7849640Z Receiving objects:  43% (742/1725)
2025-07-15T10:46:07.7857566Z Receiving objects:  44% (759/1725)
2025-07-15T10:46:07.7869007Z Receiving objects:  45% (777/1725)
2025-07-15T10:46:07.7900883Z Receiving objects:  46% (794/1725)
2025-07-15T10:46:07.7908947Z Receiving objects:  47% (811/1725)
2025-07-15T10:46:07.7945962Z Receiving objects:  48% (828/1725)
2025-07-15T10:46:07.7957410Z Receiving objects:  49% (846/1725)
2025-07-15T10:46:07.7991657Z Receiving objects:  50% (863/1725)
2025-07-15T10:46:07.8006204Z Receiving objects:  51% (880/1725)
2025-07-15T10:46:07.8013243Z Receiving objects:  52% (897/1725)
2025-07-15T10:46:07.8039171Z Receiving objects:  53% (915/1725)
2025-07-15T10:46:07.8046434Z Receiving objects:  54% (932/1725)
2025-07-15T10:46:07.8056379Z Receiving objects:  55% (949/1725)
2025-07-15T10:46:07.8079423Z Receiving objects:  56% (966/1725)
2025-07-15T10:46:07.8125595Z Receiving objects:  57% (984/1725)
2025-07-15T10:46:07.8144395Z Receiving objects:  58% (1001/1725)
2025-07-15T10:46:07.8175891Z Receiving objects:  59% (1018/1725)
2025-07-15T10:46:07.8193695Z Receiving objects:  60% (1035/1725)
2025-07-15T10:46:07.8221926Z Receiving objects:  61% (1053/1725)
2025-07-15T10:46:07.8230651Z Receiving objects:  62% (1070/1725)
2025-07-15T10:46:07.8249936Z Receiving objects:  63% (1087/1725)
2025-07-15T10:46:07.8271713Z Receiving objects:  64% (1104/1725)
2025-07-15T10:46:07.8287611Z Receiving objects:  65% (1122/1725)
2025-07-15T10:46:07.8345803Z Receiving objects:  66% (1139/1725)
2025-07-15T10:46:07.8389869Z Receiving objects:  67% (1156/1725)
2025-07-15T10:46:07.8423152Z Receiving objects:  68% (1173/1725)
2025-07-15T10:46:07.8430594Z Receiving objects:  69% (1191/1725)
2025-07-15T10:46:07.8454734Z Receiving objects:  70% (1208/1725)
2025-07-15T10:46:07.8467421Z Receiving objects:  71% (1225/1725)
2025-07-15T10:46:07.8477379Z Receiving objects:  72% (1242/1725)
2025-07-15T10:46:07.8502697Z Receiving objects:  73% (1260/1725)
2025-07-15T10:46:07.8526362Z Receiving objects:  74% (1277/1725)
2025-07-15T10:46:07.8541562Z Receiving objects:  75% (1294/1725)
2025-07-15T10:46:07.8568022Z Receiving objects:  76% (1311/1725)
2025-07-15T10:46:07.8598104Z Receiving objects:  77% (1329/1725)
2025-07-15T10:46:07.8606627Z Receiving objects:  78% (1346/1725)
2025-07-15T10:46:07.8620680Z Receiving objects:  79% (1363/1725)
2025-07-15T10:46:07.8636296Z Receiving objects:  80% (1380/1725)
2025-07-15T10:46:07.8656041Z Receiving objects:  81% (1398/1725)
2025-07-15T10:46:07.8667606Z Receiving objects:  82% (1415/1725)
2025-07-15T10:46:07.8676525Z Receiving objects:  83% (1432/1725)
2025-07-15T10:46:07.8694717Z Receiving objects:  84% (1449/1725)
2025-07-15T10:46:07.8718344Z Receiving objects:  85% (1467/1725)
2025-07-15T10:46:07.8739446Z Receiving objects:  86% (1484/1725)
2025-07-15T10:46:07.8747800Z Receiving objects:  87% (1501/1725)
2025-07-15T10:46:07.8760694Z Receiving objects:  88% (1518/1725)
2025-07-15T10:46:07.8773753Z Receiving objects:  89% (1536/1725)
2025-07-15T10:46:07.8778801Z Receiving objects:  90% (1553/1725)
2025-07-15T10:46:07.8791977Z Receiving objects:  91% (1570/1725)
2025-07-15T10:46:07.8797090Z Receiving objects:  92% (1587/1725)
2025-07-15T10:46:07.8831600Z Receiving objects:  93% (1605/1725)
2025-07-15T10:46:07.8851689Z Receiving objects:  94% (1622/1725)
2025-07-15T10:46:07.8868425Z Receiving objects:  95% (1639/1725)
2025-07-15T10:46:07.8885823Z Receiving objects:  96% (1656/1725)
2025-07-15T10:46:07.8902852Z Receiving objects:  97% (1674/1725)
2025-07-15T10:46:07.8922651Z Receiving objects:  98% (1691/1725)
2025-07-15T10:46:07.8930273Z Receiving objects:  99% (1708/1725)
2025-07-15T10:46:07.8932829Z remote: Total 1725 (delta 81), reused 1706 (delta 78), pack-reused 0 (from 0)        
2025-07-15T10:46:07.8950421Z Receiving objects: 100% (1725/1725)
2025-07-15T10:46:07.8952757Z Receiving objects: 100% (1725/1725), 6.99 MiB | 28.27 MiB/s, done.
2025-07-15T10:46:07.8955469Z Resolving deltas:   0% (0/81)
2025-07-15T10:46:07.8957112Z Resolving deltas:   1% (1/81)
2025-07-15T10:46:07.8958925Z Resolving deltas:   2% (2/81)
2025-07-15T10:46:07.8960666Z Resolving deltas:   3% (3/81)
2025-07-15T10:46:07.8962372Z Resolving deltas:   4% (4/81)
2025-07-15T10:46:07.8964274Z Resolving deltas:   6% (5/81)
2025-07-15T10:46:07.8966059Z Resolving deltas:   7% (6/81)
2025-07-15T10:46:07.8967624Z Resolving deltas:   9% (8/81)
2025-07-15T10:46:07.8968681Z Resolving deltas:  11% (9/81)
2025-07-15T10:46:07.8970159Z Resolving deltas:  12% (10/81)
2025-07-15T10:46:07.8971819Z Resolving deltas:  13% (11/81)
2025-07-15T10:46:07.8973622Z Resolving deltas:  14% (12/81)
2025-07-15T10:46:07.8974899Z Resolving deltas:  16% (13/81)
2025-07-15T10:46:07.8975968Z Resolving deltas:  17% (14/81)
2025-07-15T10:46:07.8977501Z Resolving deltas:  18% (15/81)
2025-07-15T10:46:07.8979138Z Resolving deltas:  19% (16/81)
2025-07-15T10:46:07.8980775Z Resolving deltas:  20% (17/81)
2025-07-15T10:46:07.8982709Z Resolving deltas:  22% (18/81)
2025-07-15T10:46:07.8984587Z Resolving deltas:  23% (19/81)
2025-07-15T10:46:07.8986254Z Resolving deltas:  24% (20/81)
2025-07-15T10:46:07.8987875Z Resolving deltas:  25% (21/81)
2025-07-15T10:46:07.8989490Z Resolving deltas:  27% (22/81)
2025-07-15T10:46:07.8990920Z Resolving deltas:  28% (23/81)
2025-07-15T10:46:07.8992158Z Resolving deltas:  29% (24/81)
2025-07-15T10:46:07.8993935Z Resolving deltas:  30% (25/81)
2025-07-15T10:46:07.8995548Z Resolving deltas:  32% (26/81)
2025-07-15T10:46:07.8997160Z Resolving deltas:  33% (27/81)
2025-07-15T10:46:07.8998798Z Resolving deltas:  34% (28/81)
2025-07-15T10:46:07.9068934Z Resolving deltas:  35% (29/81)
2025-07-15T10:46:07.9072582Z Resolving deltas:  37% (30/81)
2025-07-15T10:46:07.9074237Z Resolving deltas:  39% (32/81)
2025-07-15T10:46:07.9075294Z Resolving deltas:  40% (33/81)
2025-07-15T10:46:07.9076317Z Resolving deltas:  41% (34/81)
2025-07-15T10:46:07.9077359Z Resolving deltas:  43% (35/81)
2025-07-15T10:46:07.9078429Z Resolving deltas:  44% (36/81)
2025-07-15T10:46:07.9079613Z Resolving deltas:  45% (37/81)
2025-07-15T10:46:07.9080630Z Resolving deltas:  46% (38/81)
2025-07-15T10:46:07.9081840Z Resolving deltas:  48% (39/81)
2025-07-15T10:46:07.9083177Z Resolving deltas:  50% (41/81)
2025-07-15T10:46:07.9084238Z Resolving deltas:  51% (42/81)
2025-07-15T10:46:07.9085238Z Resolving deltas:  53% (43/81)
2025-07-15T10:46:07.9086515Z Resolving deltas:  54% (44/81)
2025-07-15T10:46:07.9087508Z Resolving deltas:  55% (45/81)
2025-07-15T10:46:07.9088534Z Resolving deltas:  56% (46/81)
2025-07-15T10:46:07.9089688Z Resolving deltas:  58% (47/81)
2025-07-15T10:46:07.9090779Z Resolving deltas:  59% (48/81)
2025-07-15T10:46:07.9092041Z Resolving deltas:  60% (49/81)
2025-07-15T10:46:07.9093229Z Resolving deltas:  61% (50/81)
2025-07-15T10:46:07.9094227Z Resolving deltas:  62% (51/81)
2025-07-15T10:46:07.9095468Z Resolving deltas:  64% (52/81)
2025-07-15T10:46:07.9096906Z Resolving deltas:  65% (53/81)
2025-07-15T10:46:07.9098032Z Resolving deltas:  66% (54/81)
2025-07-15T10:46:07.9099023Z Resolving deltas:  67% (55/81)
2025-07-15T10:46:07.9100323Z Resolving deltas:  69% (56/81)
2025-07-15T10:46:07.9101655Z Resolving deltas:  70% (57/81)
2025-07-15T10:46:07.9103355Z Resolving deltas:  71% (58/81)
2025-07-15T10:46:07.9104383Z Resolving deltas:  72% (59/81)
2025-07-15T10:46:07.9105651Z Resolving deltas:  75% (61/81)
2025-07-15T10:46:07.9106760Z Resolving deltas:  76% (62/81)
2025-07-15T10:46:07.9108418Z Resolving deltas:  77% (63/81)
2025-07-15T10:46:07.9109474Z Resolving deltas:  79% (64/81)
2025-07-15T10:46:07.9110898Z Resolving deltas:  80% (65/81)
2025-07-15T10:46:07.9111928Z Resolving deltas:  81% (66/81)
2025-07-15T10:46:07.9113188Z Resolving deltas:  82% (67/81)
2025-07-15T10:46:07.9114486Z Resolving deltas:  83% (68/81)
2025-07-15T10:46:07.9115482Z Resolving deltas:  85% (69/81)
2025-07-15T10:46:07.9116761Z Resolving deltas:  86% (70/81)
2025-07-15T10:46:07.9117769Z Resolving deltas:  87% (71/81)
2025-07-15T10:46:07.9118773Z Resolving deltas:  88% (72/81)
2025-07-15T10:46:07.9119766Z Resolving deltas:  90% (73/81)
2025-07-15T10:46:07.9120740Z Resolving deltas:  91% (74/81)
2025-07-15T10:46:07.9122187Z Resolving deltas:  92% (75/81)
2025-07-15T10:46:07.9123904Z Resolving deltas:  93% (76/81)
2025-07-15T10:46:07.9125187Z Resolving deltas:  95% (77/81)
2025-07-15T10:46:07.9126196Z Resolving deltas:  96% (78/81)
2025-07-15T10:46:07.9127201Z Resolving deltas:  97% (79/81)
2025-07-15T10:46:07.9128559Z Resolving deltas:  98% (80/81)
2025-07-15T10:46:07.9130151Z Resolving deltas: 100% (81/81)
2025-07-15T10:46:07.9131745Z Resolving deltas: 100% (81/81), done.
2025-07-15T10:46:07.9199840Z From https://github.com/***/testing-CI-CD
2025-07-15T10:46:07.9203947Z  * [new ref]         6b0c58fd991c1d194bda6d09ca72b98eb757e9bf -> origin/main
2025-07-15T10:46:07.9227671Z ##[endgroup]
2025-07-15T10:46:07.9229314Z ##[group]Determining the checkout info
2025-07-15T10:46:07.9230963Z ##[endgroup]
2025-07-15T10:46:07.9232306Z ##[group]Checking out the ref
2025-07-15T10:46:07.9234699Z [command]/usr/bin/git checkout --progress --force -B main refs/remotes/origin/main
2025-07-15T10:46:08.0706673Z Switched to a new branch 'main'
2025-07-15T10:46:08.0708620Z branch 'main' set up to track 'origin/main'.
2025-07-15T10:46:08.0720276Z ##[endgroup]
2025-07-15T10:46:08.0755488Z [command]/usr/bin/git log -1 --format='%H'
2025-07-15T10:46:08.0776770Z '6b0c58fd991c1d194bda6d09ca72b98eb757e9bf'
2025-07-15T10:46:08.1057406Z ##[group]Run actions/setup-python@v4
2025-07-15T10:46:08.1058487Z with:
2025-07-15T10:46:08.1059265Z   python-version: 3.10
2025-07-15T10:46:08.1060148Z   check-latest: false
2025-07-15T10:46:08.1061269Z   token: ***
2025-07-15T10:46:08.1062083Z   update-environment: true
2025-07-15T10:46:08.1063248Z   allow-prereleases: false
2025-07-15T10:46:08.1064181Z ##[endgroup]
2025-07-15T10:46:08.2763845Z ##[group]Installed versions
2025-07-15T10:46:08.2880635Z Successfully set up CPython (3.10.18)
2025-07-15T10:46:08.2883453Z ##[endgroup]
2025-07-15T10:46:08.3031234Z ##[group]Run python -m pip install --upgrade pip
2025-07-15T10:46:08.3032598Z [36;1mpython -m pip install --upgrade pip[0m
2025-07-15T10:46:08.3033963Z [36;1mpip install -r requirements.txt[0m
2025-07-15T10:46:08.3144772Z shell: /usr/bin/bash -e {0}
2025-07-15T10:46:08.3145705Z env:
2025-07-15T10:46:08.3146643Z   pythonLocation: /opt/hostedtoolcache/Python/3.10.18/x64
2025-07-15T10:46:08.3148474Z   PKG_CONFIG_PATH: /opt/hostedtoolcache/Python/3.10.18/x64/lib/pkgconfig
2025-07-15T10:46:08.3150069Z   Python_ROOT_DIR: /opt/hostedtoolcache/Python/3.10.18/x64
2025-07-15T10:46:08.3151511Z   Python2_ROOT_DIR: /opt/hostedtoolcache/Python/3.10.18/x64
2025-07-15T10:46:08.3153108Z   Python3_ROOT_DIR: /opt/hostedtoolcache/Python/3.10.18/x64
2025-07-15T10:46:08.3154558Z   LD_LIBRARY_PATH: /opt/hostedtoolcache/Python/3.10.18/x64/lib
2025-07-15T10:46:08.3155811Z ##[endgroup]
2025-07-15T10:46:10.4350853Z Requirement already satisfied: pip in /opt/hostedtoolcache/Python/3.10.18/x64/lib/python3.10/site-packages (25.1.1)
2025-07-15T10:46:11.0836714Z Collecting flask==3.0.2 (from -r requirements.txt (line 1))
2025-07-15T10:46:11.1285866Z   Downloading flask-3.0.2-py3-none-any.whl.metadata (3.6 kB)
2025-07-15T10:46:11.1813484Z Collecting pytest==8.2.1 (from -r requirements.txt (line 2))
2025-07-15T10:46:11.1854156Z   Downloading pytest-8.2.1-py3-none-any.whl.metadata (7.6 kB)
2025-07-15T10:46:11.2130231Z Collecting Werkzeug>=3.0.0 (from flask==3.0.2->-r requirements.txt (line 1))
2025-07-15T10:46:11.2167386Z   Downloading werkzeug-3.1.3-py3-none-any.whl.metadata (3.7 kB)
2025-07-15T10:46:11.2338498Z Collecting Jinja2>=3.1.2 (from flask==3.0.2->-r requirements.txt (line 1))
2025-07-15T10:46:11.2376088Z   Downloading jinja2-3.1.6-py3-none-any.whl.metadata (2.9 kB)
2025-07-15T10:46:11.2512846Z Collecting itsdangerous>=2.1.2 (from flask==3.0.2->-r requirements.txt (line 1))
2025-07-15T10:46:11.2556412Z   Downloading itsdangerous-2.2.0-py3-none-any.whl.metadata (1.9 kB)
2025-07-15T10:46:11.2748017Z Collecting click>=8.1.3 (from flask==3.0.2->-r requirements.txt (line 1))
2025-07-15T10:46:11.2784720Z   Downloading click-8.2.1-py3-none-any.whl.metadata (2.5 kB)
2025-07-15T10:46:11.2921522Z Collecting blinker>=1.6.2 (from flask==3.0.2->-r requirements.txt (line 1))
2025-07-15T10:46:11.2956765Z   Downloading blinker-1.9.0-py3-none-any.whl.metadata (1.6 kB)
2025-07-15T10:46:11.3077840Z Collecting iniconfig (from pytest==8.2.1->-r requirements.txt (line 2))
2025-07-15T10:46:11.3113603Z   Downloading iniconfig-2.1.0-py3-none-any.whl.metadata (2.7 kB)
2025-07-15T10:46:11.3301571Z Collecting packaging (from pytest==8.2.1->-r requirements.txt (line 2))
2025-07-15T10:46:11.3339933Z   Downloading packaging-25.0-py3-none-any.whl.metadata (3.3 kB)
2025-07-15T10:46:11.3485439Z Collecting pluggy<2.0,>=1.5 (from pytest==8.2.1->-r requirements.txt (line 2))
2025-07-15T10:46:11.3526287Z   Downloading pluggy-1.6.0-py3-none-any.whl.metadata (4.8 kB)
2025-07-15T10:46:11.3684169Z Collecting exceptiongroup>=1.0.0rc8 (from pytest==8.2.1->-r requirements.txt (line 2))
2025-07-15T10:46:11.3722012Z   Downloading exceptiongroup-1.3.0-py3-none-any.whl.metadata (6.7 kB)
2025-07-15T10:46:11.3901186Z Collecting tomli>=1 (from pytest==8.2.1->-r requirements.txt (line 2))
2025-07-15T10:46:11.3941731Z   Downloading tomli-2.2.1-py3-none-any.whl.metadata (10 kB)
2025-07-15T10:46:11.4164601Z Collecting typing-extensions>=4.6.0 (from exceptiongroup>=1.0.0rc8->pytest==8.2.1->-r requirements.txt (line 2))
2025-07-15T10:46:11.4204007Z   Downloading typing_extensions-4.14.1-py3-none-any.whl.metadata (3.0 kB)
2025-07-15T10:46:11.4882027Z Collecting MarkupSafe>=2.0 (from Jinja2>=3.1.2->flask==3.0.2->-r requirements.txt (line 1))
2025-07-15T10:46:11.4932763Z   Downloading MarkupSafe-3.0.2-cp310-cp310-manylinux_2_17_x86_64.manylinux2014_x86_64.whl.metadata (4.0 kB)
2025-07-15T10:46:11.5077885Z Downloading flask-3.0.2-py3-none-any.whl (101 kB)
2025-07-15T10:46:11.5186781Z Downloading pytest-8.2.1-py3-none-any.whl (339 kB)
2025-07-15T10:46:11.5298184Z Downloading pluggy-1.6.0-py3-none-any.whl (20 kB)
2025-07-15T10:46:11.5365994Z Downloading blinker-1.9.0-py3-none-any.whl (8.5 kB)
2025-07-15T10:46:11.5444639Z Downloading click-8.2.1-py3-none-any.whl (102 kB)
2025-07-15T10:46:11.5507071Z Downloading exceptiongroup-1.3.0-py3-none-any.whl (16 kB)
2025-07-15T10:46:11.5570831Z Downloading itsdangerous-2.2.0-py3-none-any.whl (16 kB)
2025-07-15T10:46:11.5628669Z Downloading jinja2-3.1.6-py3-none-any.whl (134 kB)
2025-07-15T10:46:11.5692542Z Downloading MarkupSafe-3.0.2-cp310-cp310-manylinux_2_17_x86_64.manylinux2014_x86_64.whl (20 kB)
2025-07-15T10:46:11.5750243Z Downloading tomli-2.2.1-py3-none-any.whl (14 kB)
2025-07-15T10:46:11.5810425Z Downloading typing_extensions-4.14.1-py3-none-any.whl (43 kB)
2025-07-15T10:46:11.5876866Z Downloading werkzeug-3.1.3-py3-none-any.whl (224 kB)
2025-07-15T10:46:11.5947412Z Downloading iniconfig-2.1.0-py3-none-any.whl (6.0 kB)
2025-07-15T10:46:11.6009978Z Downloading packaging-25.0-py3-none-any.whl (66 kB)
2025-07-15T10:46:11.6458540Z Installing collected packages: typing-extensions, tomli, pluggy, packaging, MarkupSafe, itsdangerous, iniconfig, click, blinker, Werkzeug, Jinja2, exceptiongroup, pytest, flask
2025-07-15T10:46:12.2705543Z 
2025-07-15T10:46:12.2736383Z Successfully installed Jinja2-3.1.6 MarkupSafe-3.0.2 Werkzeug-3.1.3 blinker-1.9.0 click-8.2.1 exceptiongroup-1.3.0 flask-3.0.2 iniconfig-2.1.0 itsdangerous-2.2.0 packaging-25.0 pluggy-1.6.0 pytest-8.2.1 tomli-2.2.1 typing-extensions-4.14.1
2025-07-15T10:46:12.3386926Z ##[group]Run export PYTHONPATH=$PYTHONPATH:$(pwd)
2025-07-15T10:46:12.3387317Z [36;1mexport PYTHONPATH=$PYTHONPATH:$(pwd)[0m
2025-07-15T10:46:12.3387585Z [36;1mpytest[0m
2025-07-15T10:46:12.3417266Z shell: /usr/bin/bash -e {0}
2025-07-15T10:46:12.3417502Z env:
2025-07-15T10:46:12.3417759Z   pythonLocation: /opt/hostedtoolcache/Python/3.10.18/x64
2025-07-15T10:46:12.3418176Z   PKG_CONFIG_PATH: /opt/hostedtoolcache/Python/3.10.18/x64/lib/pkgconfig
2025-07-15T10:46:12.3418569Z   Python_ROOT_DIR: /opt/hostedtoolcache/Python/3.10.18/x64
2025-07-15T10:46:12.3418922Z   Python2_ROOT_DIR: /opt/hostedtoolcache/Python/3.10.18/x64
2025-07-15T10:46:12.3419277Z   Python3_ROOT_DIR: /opt/hostedtoolcache/Python/3.10.18/x64
2025-07-15T10:46:12.3419625Z   LD_LIBRARY_PATH: /opt/hostedtoolcache/Python/3.10.18/x64/lib
2025-07-15T10:46:12.3419924Z ##[endgroup]
2025-07-15T10:46:12.8954249Z ============================= test session starts ==============================
2025-07-15T10:46:12.8955622Z platform linux -- Python 3.10.18, pytest-8.2.1, pluggy-1.6.0
2025-07-15T10:46:12.8956190Z rootdir: /home/runner/work/testing-CI-CD/testing-CI-CD
2025-07-15T10:46:12.8956632Z collected 1 item
2025-07-15T10:46:12.8956811Z 
2025-07-15T10:46:12.9066855Z test/test_main.py .                                                      [100%]
2025-07-15T10:46:12.9067243Z 
2025-07-15T10:46:12.9067435Z ============================== 1 passed in 0.14s ===============================
2025-07-15T10:46:12.9484054Z ##[group]Run docker/login-action@v3
2025-07-15T10:46:12.9484334Z with:
2025-07-15T10:46:12.9484777Z   username: ***
2025-07-15T10:46:12.9485030Z   password: ***
2025-07-15T10:46:12.9485223Z   ecr: auto
2025-07-15T10:46:12.9485394Z   logout: true
2025-07-15T10:46:12.9485568Z env:
2025-07-15T10:46:12.9485815Z   pythonLocation: /opt/hostedtoolcache/Python/3.10.18/x64
2025-07-15T10:46:12.9486219Z   PKG_CONFIG_PATH: /opt/hostedtoolcache/Python/3.10.18/x64/lib/pkgconfig
2025-07-15T10:46:12.9486621Z   Python_ROOT_DIR: /opt/hostedtoolcache/Python/3.10.18/x64
2025-07-15T10:46:12.9486972Z   Python2_ROOT_DIR: /opt/hostedtoolcache/Python/3.10.18/x64
2025-07-15T10:46:12.9487323Z   Python3_ROOT_DIR: /opt/hostedtoolcache/Python/3.10.18/x64
2025-07-15T10:46:12.9487684Z   LD_LIBRARY_PATH: /opt/hostedtoolcache/Python/3.10.18/x64/lib
2025-07-15T10:46:12.9487969Z ##[endgroup]
2025-07-15T10:46:13.2523297Z Logging into Docker Hub...
2025-07-15T10:46:13.5841491Z Login Succeeded!
2025-07-15T10:46:13.5970329Z ##[group]Run docker build -t ***/flask-ci-cd-demo .
2025-07-15T10:46:13.5970765Z [36;1mdocker build -t ***/flask-ci-cd-demo .[0m
2025-07-15T10:46:13.5999624Z shell: /usr/bin/bash -e {0}
2025-07-15T10:46:13.5999876Z env:
2025-07-15T10:46:13.6000130Z   pythonLocation: /opt/hostedtoolcache/Python/3.10.18/x64
2025-07-15T10:46:13.6000549Z   PKG_CONFIG_PATH: /opt/hostedtoolcache/Python/3.10.18/x64/lib/pkgconfig
2025-07-15T10:46:13.6000949Z   Python_ROOT_DIR: /opt/hostedtoolcache/Python/3.10.18/x64
2025-07-15T10:46:13.6001486Z   Python2_ROOT_DIR: /opt/hostedtoolcache/Python/3.10.18/x64
2025-07-15T10:46:13.6001862Z   Python3_ROOT_DIR: /opt/hostedtoolcache/Python/3.10.18/x64
2025-07-15T10:46:13.6002230Z   LD_LIBRARY_PATH: /opt/hostedtoolcache/Python/3.10.18/x64/lib
2025-07-15T10:46:13.6002528Z ##[endgroup]
2025-07-15T10:46:14.1462510Z #0 building with "default" instance using docker driver
2025-07-15T10:46:14.1463224Z 
2025-07-15T10:46:14.1463571Z #1 [internal] load build definition from Dockerfile
2025-07-15T10:46:14.1463950Z #1 transferring dockerfile: 714B done
2025-07-15T10:46:14.1464248Z #1 DONE 0.0s
2025-07-15T10:46:14.1464392Z 
2025-07-15T10:46:14.1464593Z #2 [auth] library/python:pull token for registry-1.docker.io
2025-07-15T10:46:14.1464986Z #2 DONE 0.0s
2025-07-15T10:46:14.1465117Z 
2025-07-15T10:46:14.1465333Z #3 [internal] load metadata for docker.io/library/python:3.10-slim
2025-07-15T10:46:14.3724025Z #3 DONE 0.4s
2025-07-15T10:46:14.4919238Z 
2025-07-15T10:46:14.4919966Z #4 [internal] load .dockerignore
2025-07-15T10:46:14.4920281Z #4 transferring context: 2B done
2025-07-15T10:46:14.4920524Z #4 DONE 0.0s
2025-07-15T10:46:14.4920638Z 
2025-07-15T10:46:14.4920991Z #5 [1/6] FROM docker.io/library/python:3.10-slim@sha256:9dd6774a1276178f94b0cc1fb1f0edd980825d0ea7634847af9940b1b6273c13
2025-07-15T10:46:14.4923420Z #5 resolve docker.io/library/python:3.10-slim@sha256:9dd6774a1276178f94b0cc1fb1f0edd980825d0ea7634847af9940b1b6273c13 done
2025-07-15T10:46:14.4924717Z #5 sha256:9dd6774a1276178f94b0cc1fb1f0edd980825d0ea7634847af9940b1b6273c13 9.13kB / 9.13kB done
2025-07-15T10:46:14.4925759Z #5 sha256:c5dbd5ba857839a0aa9db765ea519c1514a40da811b4cf08c852b72fab4379d5 1.75kB / 1.75kB done
2025-07-15T10:46:14.4928527Z #5 sha256:563dffbdc42507a70677ee28b4bb678ad9074e3c9f75e3043523a38dcdf4f553 5.37kB / 5.37kB done
2025-07-15T10:46:14.4929599Z #5 sha256:3da95a905ed546f99c4564407923a681757d89651a388ec3f1f5e9bf5ed0b39d 8.39MB / 28.23MB 0.1s
2025-07-15T10:46:14.4930655Z #5 sha256:0ebcc011f0ec7a9a900f7366b104730396a59032e64f04f3867a75f25ed48280 0B / 3.51MB 0.1s
2025-07-15T10:46:14.4932617Z #5 sha256:92d63ec5cbeb1348bad42929919fd8e78f38d96e388b5509d2929d76ddafb48e 0B / 15.65MB 0.1s
2025-07-15T10:46:14.5949810Z #5 sha256:3da95a905ed546f99c4564407923a681757d89651a388ec3f1f5e9bf5ed0b39d 28.23MB / 28.23MB 0.2s done
2025-07-15T10:46:14.5953095Z #5 sha256:0ebcc011f0ec7a9a900f7366b104730396a59032e64f04f3867a75f25ed48280 3.51MB / 3.51MB 0.1s done
2025-07-15T10:46:14.5960500Z #5 sha256:92d63ec5cbeb1348bad42929919fd8e78f38d96e388b5509d2929d76ddafb48e 15.65MB / 15.65MB 0.2s
2025-07-15T10:46:14.5961712Z #5 sha256:64b78282ca88b226c404cb8dfdee72b75eea52c9ac7380c0439b6e03992e483f 248B / 248B 0.2s done
2025-07-15T10:46:14.7403978Z #5 ...
2025-07-15T10:46:14.7410298Z 
2025-07-15T10:46:14.7410526Z #6 [internal] load build context
2025-07-15T10:46:14.7411013Z #6 transferring context: 28.91MB 0.3s done
2025-07-15T10:46:14.7411424Z #6 DONE 0.3s
2025-07-15T10:46:14.7411593Z 
2025-07-15T10:46:14.7412172Z #5 [1/6] FROM docker.io/library/python:3.10-slim@sha256:9dd6774a1276178f94b0cc1fb1f0edd980825d0ea7634847af9940b1b6273c13
2025-07-15T10:46:14.7413644Z #5 sha256:92d63ec5cbeb1348bad42929919fd8e78f38d96e388b5509d2929d76ddafb48e 15.65MB / 15.65MB 0.2s done
2025-07-15T10:46:14.7414734Z #5 extracting sha256:3da95a905ed546f99c4564407923a681757d89651a388ec3f1f5e9bf5ed0b39d 0.1s
2025-07-15T10:46:15.6665202Z #5 extracting sha256:3da95a905ed546f99c4564407923a681757d89651a388ec3f1f5e9bf5ed0b39d 1.0s done
2025-07-15T10:46:15.8127852Z #5 extracting sha256:0ebcc011f0ec7a9a900f7366b104730396a59032e64f04f3867a75f25ed48280 0.1s
2025-07-15T10:46:15.9681377Z #5 extracting sha256:0ebcc011f0ec7a9a900f7366b104730396a59032e64f04f3867a75f25ed48280 0.1s done
2025-07-15T10:46:16.0394798Z #5 extracting sha256:92d63ec5cbeb1348bad42929919fd8e78f38d96e388b5509d2929d76ddafb48e
2025-07-15T10:46:16.7333143Z #5 extracting sha256:92d63ec5cbeb1348bad42929919fd8e78f38d96e388b5509d2929d76ddafb48e 0.6s done
2025-07-15T10:46:16.7334357Z #5 extracting sha256:64b78282ca88b226c404cb8dfdee72b75eea52c9ac7380c0439b6e03992e483f
2025-07-15T10:46:16.9156666Z #5 extracting sha256:64b78282ca88b226c404cb8dfdee72b75eea52c9ac7380c0439b6e03992e483f done
2025-07-15T10:46:16.9157216Z #5 DONE 2.4s
2025-07-15T10:46:16.9157353Z 
2025-07-15T10:46:16.9157940Z #7 [2/6] RUN apt-get update &&     apt-get install -y --no-install-recommends     build-essential     curl     nano     iputils-ping     net-tools     git     && rm -rf /var/lib/apt/lists/*
2025-07-15T10:46:16.9220449Z #7 0.157 Get:1 http://deb.debian.org/debian bookworm InRelease [151 kB]
2025-07-15T10:46:17.0408759Z #7 0.166 Get:2 http://deb.debian.org/debian bookworm-updates InRelease [55.4 kB]
2025-07-15T10:46:17.0409698Z #7 0.167 Get:3 http://deb.debian.org/debian-security bookworm-security InRelease [48.0 kB]
2025-07-15T10:46:17.0410575Z #7 0.224 Get:4 http://deb.debian.org/debian bookworm/main amd64 Packages [8793 kB]
2025-07-15T10:46:17.0411406Z #7 0.275 Get:5 http://deb.debian.org/debian bookworm-updates/main amd64 Packages [756 B]
2025-07-15T10:46:17.2358857Z #7 0.320 Get:6 http://deb.debian.org/debian-security bookworm-security/main amd64 Packages [272 kB]
2025-07-15T10:46:17.7978276Z #7 1.032 Fetched 9320 kB in 1s (10.5 MB/s)
2025-07-15T10:46:18.1997293Z #7 1.032 Reading package lists...
2025-07-15T10:46:18.6279537Z #7 1.451 Reading package lists...
2025-07-15T10:46:18.7362197Z #7 1.872 Building dependency tree...
2025-07-15T10:46:18.7363081Z #7 1.971 Reading state information...
2025-07-15T10:46:18.9821239Z #7 2.065 The following additional packages will be installed:
2025-07-15T10:46:18.9822139Z #7 2.065   binutils binutils-common binutils-x86-64-linux-gnu bzip2 cpp cpp-12 dpkg-dev
2025-07-15T10:46:18.9823270Z #7 2.065   g++ g++-12 gcc gcc-12 git-man libasan8 libatomic1 libbinutils libbrotli1
2025-07-15T10:46:18.9824084Z #7 2.065   libc-dev-bin libc6-dev libcap2-bin libcc1-0 libcrypt-dev libctf-nobfd0
2025-07-15T10:46:18.9824971Z #7 2.065   libctf0 libcurl3-gnutls libcurl4 libdpkg-perl liberror-perl libexpat1
2025-07-15T10:46:18.9825841Z #7 2.065   libgcc-12-dev libgdbm-compat4 libgomp1 libgprofng0 libisl23 libitm1
2025-07-15T10:46:18.9826707Z #7 2.065   libjansson4 libldap-2.5-0 liblsan0 libmpc3 libmpfr6 libnghttp2-14 libnsl-dev
2025-07-15T10:46:18.9827378Z #7 2.065   libperl5.36 libpsl5 libquadmath0 librtmp1 libsasl2-2 libsasl2-modules-db
2025-07-15T10:46:18.9827974Z #7 2.065   libssh2-1 libstdc++-12-dev libtirpc-dev libtsan2 libubsan1 linux-libc-dev
2025-07-15T10:46:18.9828523Z #7 2.066   make patch perl perl-modules-5.36 rpcsvc-proto xz-utils
2025-07-15T10:46:18.9828915Z #7 2.066 Suggested packages:
2025-07-15T10:46:18.9829332Z #7 2.066   binutils-doc bzip2-doc cpp-doc gcc-12-locales cpp-12-doc debian-keyring
2025-07-15T10:46:18.9829867Z #7 2.066   g++-multilib g++-12-multilib gcc-12-doc gcc-multilib manpages-dev autoconf
2025-07-15T10:46:18.9830334Z #7 2.066   automake libtool flex bison gdb gcc-doc gcc-12-multilib gettext-base
2025-07-15T10:46:18.9830800Z #7 2.066   git-daemon-run | git-daemon-sysvinit git-doc git-email git-gui gitk gitweb
2025-07-15T10:46:18.9831285Z #7 2.066   git-cvs git-mediawiki git-svn glibc-doc gnupg | sq | sqop | pgpainless-cli
2025-07-15T10:46:18.9831769Z #7 2.066   sensible-utils bzr libstdc++-12-doc make-doc hunspell ed diffutils-doc
2025-07-15T10:46:18.9832226Z #7 2.066   perl-doc libterm-readline-gnu-perl | libterm-readline-perl-perl
2025-07-15T10:46:18.9832601Z #7 2.066   libtap-harness-archive-perl
2025-07-15T10:46:18.9832867Z #7 2.066 Recommended packages:
2025-07-15T10:46:18.9833765Z #7 2.066   fakeroot gnupg | sq | sqop | pgpainless-cli libalgorithm-merge-perl less
2025-07-15T10:46:18.9834214Z #7 2.066   ssh-client manpages manpages-dev libc-devtools libpam-cap
2025-07-15T10:46:18.9834666Z #7 2.066   libfile-fcntllock-perl liblocale-gettext-perl libldap-common publicsuffix
2025-07-15T10:46:18.9835053Z #7 2.066   libsasl2-modules
2025-07-15T10:46:19.0946045Z #7 2.329 The following NEW packages will be installed:
2025-07-15T10:46:19.0947051Z #7 2.329   binutils binutils-common binutils-x86-64-linux-gnu build-essential bzip2 cpp
2025-07-15T10:46:19.2047762Z #7 2.329   cpp-12 curl dpkg-dev g++ g++-12 gcc gcc-12 git git-man iputils-ping libasan8
2025-07-15T10:46:19.2049078Z #7 2.329   libatomic1 libbinutils libbrotli1 libc-dev-bin libc6-dev libcap2-bin
2025-07-15T10:46:19.2052451Z #7 2.330   libcc1-0 libcrypt-dev libctf-nobfd0 libctf0 libcurl3-gnutls libcurl4
2025-07-15T10:46:19.2053712Z #7 2.330   libdpkg-perl liberror-perl libexpat1 libgcc-12-dev libgdbm-compat4 libgomp1
2025-07-15T10:46:19.2056153Z #7 2.330   libgprofng0 libisl23 libitm1 libjansson4 libldap-2.5-0 liblsan0 libmpc3
2025-07-15T10:46:19.2057071Z #7 2.330   libmpfr6 libnghttp2-14 libnsl-dev libperl5.36 libpsl5 libquadmath0 librtmp1
2025-07-15T10:46:19.2058178Z #7 2.330   libsasl2-2 libsasl2-modules-db libssh2-1 libstdc++-12-dev libtirpc-dev
2025-07-15T10:46:19.2059018Z #7 2.330   libtsan2 libubsan1 linux-libc-dev make nano net-tools patch perl
2025-07-15T10:46:19.2059847Z #7 2.330   perl-modules-5.36 rpcsvc-proto xz-utils
2025-07-15T10:46:19.2060534Z #7 2.406 0 upgraded, 65 newly installed, 0 to remove and 0 not upgraded.
2025-07-15T10:46:19.2061136Z #7 2.406 Need to get 86.0 MB of archives.
2025-07-15T10:46:19.2063639Z #7 2.406 After this operation, 371 MB of additional disk space will be used.
2025-07-15T10:46:19.2064646Z #7 2.406 Get:1 http://deb.debian.org/debian bookworm/main amd64 perl-modules-5.36 all 5.36.0-7+deb12u2 [2815 kB]
2025-07-15T10:46:19.2065788Z #7 2.424 Get:2 http://deb.debian.org/debian bookworm/main amd64 libgdbm-compat4 amd64 1.23-3 [48.2 kB]
2025-07-15T10:46:19.2068260Z #7 2.425 Get:3 http://deb.debian.org/debian bookworm/main amd64 libperl5.36 amd64 5.36.0-7+deb12u2 [4207 kB]
2025-07-15T10:46:19.2068865Z #7 2.439 Get:4 http://deb.debian.org/debian bookworm/main amd64 perl amd64 5.36.0-7+deb12u2 [239 kB]
2025-07-15T10:46:19.3073276Z #7 2.440 Get:5 http://deb.debian.org/debian bookworm/main amd64 libcap2-bin amd64 1:2.66-4+deb12u1 [34.8 kB]
2025-07-15T10:46:19.3074457Z #7 2.441 Get:6 http://deb.debian.org/debian bookworm/main amd64 iputils-ping amd64 3:20221126-1+deb12u1 [47.2 kB]
2025-07-15T10:46:19.3075530Z #7 2.441 Get:7 http://deb.debian.org/debian bookworm/main amd64 nano amd64 7.2-1+deb12u1 [690 kB]
2025-07-15T10:46:19.3076418Z #7 2.444 Get:8 http://deb.debian.org/debian bookworm/main amd64 bzip2 amd64 1.0.8-5+b1 [49.8 kB]
2025-07-15T10:46:19.3077306Z #7 2.445 Get:9 http://deb.debian.org/debian bookworm/main amd64 xz-utils amd64 5.4.1-1 [471 kB]
2025-07-15T10:46:19.3078260Z #7 2.447 Get:10 http://deb.debian.org/debian bookworm/main amd64 binutils-common amd64 2.40-2 [2487 kB]
2025-07-15T10:46:19.3079189Z #7 2.456 Get:11 http://deb.debian.org/debian bookworm/main amd64 libbinutils amd64 2.40-2 [572 kB]
2025-07-15T10:46:19.3080088Z #7 2.458 Get:12 http://deb.debian.org/debian bookworm/main amd64 libctf-nobfd0 amd64 2.40-2 [153 kB]
2025-07-15T10:46:19.3080976Z #7 2.459 Get:13 http://deb.debian.org/debian bookworm/main amd64 libctf0 amd64 2.40-2 [89.8 kB]
2025-07-15T10:46:19.3081859Z #7 2.460 Get:14 http://deb.debian.org/debian bookworm/main amd64 libgprofng0 amd64 2.40-2 [812 kB]
2025-07-15T10:46:19.3082796Z #7 2.463 Get:15 http://deb.debian.org/debian bookworm/main amd64 libjansson4 amd64 2.14-2 [40.8 kB]
2025-07-15T10:46:19.3083972Z #7 2.463 Get:16 http://deb.debian.org/debian bookworm/main amd64 binutils-x86-64-linux-gnu amd64 2.40-2 [2246 kB]
2025-07-15T10:46:19.3084909Z #7 2.471 Get:17 http://deb.debian.org/debian bookworm/main amd64 binutils amd64 2.40-2 [65.0 kB]
2025-07-15T10:46:19.3086120Z #7 2.472 Get:18 http://deb.debian.org/debian bookworm/main amd64 libc-dev-bin amd64 2.36-9+deb12u10 [47.1 kB]
2025-07-15T10:46:19.3087219Z #7 2.472 Get:19 http://deb.debian.org/debian-security bookworm-security/main amd64 linux-libc-dev amd64 6.1.140-1 [2145 kB]
2025-07-15T10:46:19.3088317Z #7 2.477 Get:20 http://deb.debian.org/debian bookworm/main amd64 libcrypt-dev amd64 1:4.4.33-2 [118 kB]
2025-07-15T10:46:19.3089262Z #7 2.478 Get:21 http://deb.debian.org/debian bookworm/main amd64 libtirpc-dev amd64 1.3.3+ds-1 [191 kB]
2025-07-15T10:46:19.3090393Z #7 2.478 Get:22 http://deb.debian.org/debian bookworm/main amd64 libnsl-dev amd64 1.3.0-2 [66.4 kB]
2025-07-15T10:46:19.3091312Z #7 2.479 Get:23 http://deb.debian.org/debian bookworm/main amd64 rpcsvc-proto amd64 1.4.3-1 [63.3 kB]
2025-07-15T10:46:19.3092251Z #7 2.479 Get:24 http://deb.debian.org/debian bookworm/main amd64 libc6-dev amd64 2.36-9+deb12u10 [1903 kB]
2025-07-15T10:46:19.3093334Z #7 2.487 Get:25 http://deb.debian.org/debian bookworm/main amd64 libisl23 amd64 0.25-1.1 [683 kB]
2025-07-15T10:46:19.3094210Z #7 2.490 Get:26 http://deb.debian.org/debian bookworm/main amd64 libmpfr6 amd64 4.2.0-1 [701 kB]
2025-07-15T10:46:19.3095039Z #7 2.492 Get:27 http://deb.debian.org/debian bookworm/main amd64 libmpc3 amd64 1.3.1-1 [51.5 kB]
2025-07-15T10:46:19.3095960Z #7 2.493 Get:28 http://deb.debian.org/debian bookworm/main amd64 cpp-12 amd64 12.2.0-14+deb12u1 [9768 kB]
2025-07-15T10:46:19.3122036Z #7 2.528 Get:29 http://deb.debian.org/debian bookworm/main amd64 cpp amd64 4:12.2.0-3 [6836 B]
2025-07-15T10:46:19.3123270Z #7 2.528 Get:30 http://deb.debian.org/debian bookworm/main amd64 libcc1-0 amd64 12.2.0-14+deb12u1 [41.7 kB]
2025-07-15T10:46:19.3124272Z #7 2.529 Get:31 http://deb.debian.org/debian bookworm/main amd64 libgomp1 amd64 12.2.0-14+deb12u1 [116 kB]
2025-07-15T10:46:19.3125288Z #7 2.529 Get:32 http://deb.debian.org/debian bookworm/main amd64 libitm1 amd64 12.2.0-14+deb12u1 [26.1 kB]
2025-07-15T10:46:19.3126288Z #7 2.530 Get:33 http://deb.debian.org/debian bookworm/main amd64 libatomic1 amd64 12.2.0-14+deb12u1 [9376 B]
2025-07-15T10:46:19.3127237Z #7 2.530 Get:34 http://deb.debian.org/debian bookworm/main amd64 libasan8 amd64 12.2.0-14+deb12u1 [2193 kB]
2025-07-15T10:46:19.3128217Z #7 2.538 Get:35 http://deb.debian.org/debian bookworm/main amd64 liblsan0 amd64 12.2.0-14+deb12u1 [969 kB]
2025-07-15T10:46:19.3129182Z #7 2.542 Get:36 http://deb.debian.org/debian bookworm/main amd64 libtsan2 amd64 12.2.0-14+deb12u1 [2197 kB]
2025-07-15T10:46:19.4440261Z #7 2.551 Get:37 http://deb.debian.org/debian bookworm/main amd64 libubsan1 amd64 12.2.0-14+deb12u1 [883 kB]
2025-07-15T10:46:19.4441327Z #7 2.554 Get:38 http://deb.debian.org/debian bookworm/main amd64 libquadmath0 amd64 12.2.0-14+deb12u1 [145 kB]
2025-07-15T10:46:19.4442373Z #7 2.555 Get:39 http://deb.debian.org/debian bookworm/main amd64 libgcc-12-dev amd64 12.2.0-14+deb12u1 [2437 kB]
2025-07-15T10:46:19.4443618Z #7 2.564 Get:40 http://deb.debian.org/debian bookworm/main amd64 gcc-12 amd64 12.2.0-14+deb12u1 [19.3 MB]
2025-07-15T10:46:19.4444544Z #7 2.632 Get:41 http://deb.debian.org/debian bookworm/main amd64 gcc amd64 4:12.2.0-3 [5216 B]
2025-07-15T10:46:19.4445532Z #7 2.633 Get:42 http://deb.debian.org/debian bookworm/main amd64 libstdc++-12-dev amd64 12.2.0-14+deb12u1 [2047 kB]
2025-07-15T10:46:19.4446504Z #7 2.640 Get:43 http://deb.debian.org/debian bookworm/main amd64 g++-12 amd64 12.2.0-14+deb12u1 [10.7 MB]
2025-07-15T10:46:19.4447406Z #7 2.679 Get:44 http://deb.debian.org/debian bookworm/main amd64 g++ amd64 4:12.2.0-3 [1356 B]
2025-07-15T10:46:19.4448232Z #7 2.679 Get:45 http://deb.debian.org/debian bookworm/main amd64 make amd64 4.3-4.1 [396 kB]
2025-07-15T10:46:19.5992299Z #7 2.680 Get:46 http://deb.debian.org/debian bookworm/main amd64 libdpkg-perl all 1.21.22 [603 kB]
2025-07-15T10:46:19.5993389Z #7 2.683 Get:47 http://deb.debian.org/debian bookworm/main amd64 patch amd64 2.7.6-7 [128 kB]
2025-07-15T10:46:19.5994109Z #7 2.684 Get:48 http://deb.debian.org/debian bookworm/main amd64 dpkg-dev all 1.21.22 [1353 kB]
2025-07-15T10:46:19.5995123Z #7 2.689 Get:49 http://deb.debian.org/debian bookworm/main amd64 build-essential amd64 12.9 [7704 B]
2025-07-15T10:46:19.5995906Z #7 2.689 Get:50 http://deb.debian.org/debian bookworm/main amd64 libbrotli1 amd64 1.0.9-2+b6 [275 kB]
2025-07-15T10:46:19.5996726Z #7 2.690 Get:51 http://deb.debian.org/debian bookworm/main amd64 libsasl2-modules-db amd64 2.1.28+dfsg-10 [20.3 kB]
2025-07-15T10:46:19.5997553Z #7 2.691 Get:52 http://deb.debian.org/debian bookworm/main amd64 libsasl2-2 amd64 2.1.28+dfsg-10 [59.7 kB]
2025-07-15T10:46:19.5998490Z #7 2.691 Get:53 http://deb.debian.org/debian bookworm/main amd64 libldap-2.5-0 amd64 2.5.13+dfsg-5 [183 kB]
2025-07-15T10:46:19.5999318Z #7 2.692 Get:54 http://deb.debian.org/debian bookworm/main amd64 libnghttp2-14 amd64 1.52.0-1+deb12u2 [73.0 kB]
2025-07-15T10:46:19.6000089Z #7 2.692 Get:55 http://deb.debian.org/debian bookworm/main amd64 libpsl5 amd64 0.21.2-1 [58.7 kB]
2025-07-15T10:46:19.6000915Z #7 2.693 Get:56 http://deb.debian.org/debian bookworm/main amd64 librtmp1 amd64 2.4+20151223.gitfa8646d.1-2+b2 [60.8 kB]
2025-07-15T10:46:19.6001658Z #7 2.693 Get:57 http://deb.debian.org/debian bookworm/main amd64 libssh2-1 amd64 1.10.0-3+b1 [179 kB]
2025-07-15T10:46:19.6002253Z #7 2.694 Get:58 http://deb.debian.org/debian bookworm/main amd64 libcurl4 amd64 7.88.1-10+deb12u12 [391 kB]
2025-07-15T10:46:19.6002837Z #7 2.696 Get:59 http://deb.debian.org/debian bookworm/main amd64 curl amd64 7.88.1-10+deb12u12 [315 kB]
2025-07-15T10:46:19.6003687Z #7 2.697 Get:60 http://deb.debian.org/debian bookworm/main amd64 libcurl3-gnutls amd64 7.88.1-10+deb12u12 [386 kB]
2025-07-15T10:46:19.6004697Z #7 2.699 Get:61 http://deb.debian.org/debian bookworm/main amd64 libexpat1 amd64 2.5.0-1+deb12u1 [98.9 kB]
2025-07-15T10:46:19.6005557Z #7 2.699 Get:62 http://deb.debian.org/debian bookworm/main amd64 liberror-perl all 0.17029-2 [29.0 kB]
2025-07-15T10:46:19.6006156Z #7 2.700 Get:63 http://deb.debian.org/debian bookworm/main amd64 git-man all 1:2.39.5-0+deb12u2 [2053 kB]
2025-07-15T10:46:19.6006746Z #7 2.707 Get:64 http://deb.debian.org/debian bookworm/main amd64 git amd64 1:2.39.5-0+deb12u2 [7260 kB]
2025-07-15T10:46:19.6007390Z #7 2.733 Get:65 http://deb.debian.org/debian-security bookworm-security/main amd64 net-tools amd64 2.10-0.1+deb12u2 [243 kB]
2025-07-15T10:46:19.6008008Z #7 2.834 debconf: delaying package configuration, since apt-utils is not installed
2025-07-15T10:46:19.7939883Z #7 2.856 Fetched 86.0 MB in 0s (217 MB/s)
2025-07-15T10:46:19.7940562Z #7 2.871 Selecting previously unselected package perl-modules-5.36.
2025-07-15T10:46:19.7941210Z #7 2.871 (Reading database ... 
2025-07-15T10:46:19.7941609Z (Reading database ... 5%
2025-07-15T10:46:19.7941987Z (Reading database ... 10%
2025-07-15T10:46:19.7942363Z (Reading database ... 15%
2025-07-15T10:46:19.7942722Z (Reading database ... 20%
2025-07-15T10:46:19.7943266Z (Reading database ... 25%
2025-07-15T10:46:19.7943622Z (Reading database ... 30%
2025-07-15T10:46:19.7943978Z (Reading database ... 35%
2025-07-15T10:46:19.7944355Z (Reading database ... 40%
2025-07-15T10:46:19.7944715Z (Reading database ... 45%
2025-07-15T10:46:19.7945066Z (Reading database ... 50%
2025-07-15T10:46:19.7945424Z (Reading database ... 55%
2025-07-15T10:46:19.7945821Z (Reading database ... 60%
2025-07-15T10:46:19.7946177Z (Reading database ... 65%
2025-07-15T10:46:19.7946534Z (Reading database ... 70%
2025-07-15T10:46:19.7946893Z (Reading database ... 75%
2025-07-15T10:46:19.7947242Z (Reading database ... 80%
2025-07-15T10:46:19.7947602Z (Reading database ... 85%
2025-07-15T10:46:19.7947969Z (Reading database ... 90%
2025-07-15T10:46:19.7948322Z (Reading database ... 95%
2025-07-15T10:46:19.7948682Z (Reading database ... 100%
2025-07-15T10:46:19.7949210Z (Reading database ... 6688 files and directories currently installed.)
2025-07-15T10:46:19.7949973Z #7 2.877 Preparing to unpack .../00-perl-modules-5.36_5.36.0-7+deb12u2_all.deb ...
2025-07-15T10:46:19.7950675Z #7 2.878 Unpacking perl-modules-5.36 (5.36.0-7+deb12u2) ...
2025-07-15T10:46:19.9396257Z #7 3.174 Selecting previously unselected package libgdbm-compat4:amd64.
2025-07-15T10:46:20.1168618Z #7 3.176 Preparing to unpack .../01-libgdbm-compat4_1.23-3_amd64.deb ...
2025-07-15T10:46:20.1169369Z #7 3.178 Unpacking libgdbm-compat4:amd64 (1.23-3) ...
2025-07-15T10:46:20.1169896Z #7 3.199 Selecting previously unselected package libperl5.36:amd64.
2025-07-15T10:46:20.1170424Z #7 3.200 Preparing to unpack .../02-libperl5.36_5.36.0-7+deb12u2_amd64.deb ...
2025-07-15T10:46:20.1170896Z #7 3.201 Unpacking libperl5.36:amd64 (5.36.0-7+deb12u2) ...
2025-07-15T10:46:20.2591937Z #7 3.494 Selecting previously unselected package perl.
2025-07-15T10:46:20.4150660Z #7 3.495 Preparing to unpack .../03-perl_5.36.0-7+deb12u2_amd64.deb ...
2025-07-15T10:46:20.4151185Z #7 3.501 Unpacking perl (5.36.0-7+deb12u2) ...
2025-07-15T10:46:20.4151548Z #7 3.533 Selecting previously unselected package libcap2-bin.
2025-07-15T10:46:20.4151980Z #7 3.534 Preparing to unpack .../04-libcap2-bin_1%3a2.66-4+deb12u1_amd64.deb ...
2025-07-15T10:46:20.4152451Z #7 3.536 Unpacking libcap2-bin (1:2.66-4+deb12u1) ...
2025-07-15T10:46:20.4152797Z #7 3.554 Selecting previously unselected package iputils-ping.
2025-07-15T10:46:20.4153438Z #7 3.555 Preparing to unpack .../05-iputils-ping_3%3a20221126-1+deb12u1_amd64.deb ...
2025-07-15T10:46:20.4153856Z #7 3.556 Unpacking iputils-ping (3:20221126-1+deb12u1) ...
2025-07-15T10:46:20.4154180Z #7 3.578 Selecting previously unselected package nano.
2025-07-15T10:46:20.4154540Z #7 3.580 Preparing to unpack .../06-nano_7.2-1+deb12u1_amd64.deb ...
2025-07-15T10:46:20.4154887Z #7 3.582 Unpacking nano (7.2-1+deb12u1) ...
2025-07-15T10:46:20.4155182Z #7 3.650 Selecting previously unselected package bzip2.
2025-07-15T10:46:20.6433640Z #7 3.651 Preparing to unpack .../07-bzip2_1.0.8-5+b1_amd64.deb ...
2025-07-15T10:46:20.6434264Z #7 3.653 Unpacking bzip2 (1.0.8-5+b1) ...
2025-07-15T10:46:20.6434656Z #7 3.674 Selecting previously unselected package xz-utils.
2025-07-15T10:46:20.6435133Z #7 3.676 Preparing to unpack .../08-xz-utils_5.4.1-1_amd64.deb ...
2025-07-15T10:46:20.6435525Z #7 3.677 Unpacking xz-utils (5.4.1-1) ...
2025-07-15T10:46:20.6435946Z #7 3.725 Selecting previously unselected package binutils-common:amd64.
2025-07-15T10:46:20.6436697Z #7 3.726 Preparing to unpack .../09-binutils-common_2.40-2_amd64.deb ...
2025-07-15T10:46:20.6437405Z #7 3.728 Unpacking binutils-common:amd64 (2.40-2) ...
2025-07-15T10:46:20.6861386Z #7 3.921 Selecting previously unselected package libbinutils:amd64.
2025-07-15T10:46:20.8133570Z #7 3.922 Preparing to unpack .../10-libbinutils_2.40-2_amd64.deb ...
2025-07-15T10:46:20.8134234Z #7 3.924 Unpacking libbinutils:amd64 (2.40-2) ...
2025-07-15T10:46:20.8134810Z #7 3.981 Selecting previously unselected package libctf-nobfd0:amd64.
2025-07-15T10:46:20.8135465Z #7 3.983 Preparing to unpack .../11-libctf-nobfd0_2.40-2_amd64.deb ...
2025-07-15T10:46:20.8136016Z #7 3.985 Unpacking libctf-nobfd0:amd64 (2.40-2) ...
2025-07-15T10:46:20.8136530Z #7 4.016 Selecting previously unselected package libctf0:amd64.
2025-07-15T10:46:20.8137111Z #7 4.018 Preparing to unpack .../12-libctf0_2.40-2_amd64.deb ...
2025-07-15T10:46:20.8137607Z #7 4.020 Unpacking libctf0:amd64 (2.40-2) ...
2025-07-15T10:46:20.8138116Z #7 4.048 Selecting previously unselected package libgprofng0:amd64.
2025-07-15T10:46:20.9144434Z #7 4.050 Preparing to unpack .../13-libgprofng0_2.40-2_amd64.deb ...
2025-07-15T10:46:20.9144936Z #7 4.052 Unpacking libgprofng0:amd64 (2.40-2) ...
2025-07-15T10:46:20.9145374Z #7 4.124 Selecting previously unselected package libjansson4:amd64.
2025-07-15T10:46:20.9145911Z #7 4.125 Preparing to unpack .../14-libjansson4_2.14-2_amd64.deb ...
2025-07-15T10:46:20.9146327Z #7 4.127 Unpacking libjansson4:amd64 (2.14-2) ...
2025-07-15T10:46:20.9146784Z #7 4.148 Selecting previously unselected package binutils-x86-64-linux-gnu.
2025-07-15T10:46:20.9147607Z #7 4.149 Preparing to unpack .../15-binutils-x86-64-linux-gnu_2.40-2_amd64.deb ...
2025-07-15T10:46:21.0666153Z #7 4.151 Unpacking binutils-x86-64-linux-gnu (2.40-2) ...
2025-07-15T10:46:21.0919702Z #7 4.327 Selecting previously unselected package binutils.
2025-07-15T10:46:21.2953750Z #7 4.328 Preparing to unpack .../16-binutils_2.40-2_amd64.deb ...
2025-07-15T10:46:21.2954370Z #7 4.330 Unpacking binutils (2.40-2) ...
2025-07-15T10:46:21.2954955Z #7 4.354 Selecting previously unselected package libc-dev-bin.
2025-07-15T10:46:21.2955674Z #7 4.355 Preparing to unpack .../17-libc-dev-bin_2.36-9+deb12u10_amd64.deb ...
2025-07-15T10:46:21.2956317Z #7 4.357 Unpacking libc-dev-bin (2.36-9+deb12u10) ...
2025-07-15T10:46:21.2957269Z #7 4.376 Selecting previously unselected package linux-libc-dev:amd64.
2025-07-15T10:46:21.2958010Z #7 4.378 Preparing to unpack .../18-linux-libc-dev_6.1.140-1_amd64.deb ...
2025-07-15T10:46:21.2958672Z #7 4.380 Unpacking linux-libc-dev:amd64 (6.1.140-1) ...
2025-07-15T10:46:21.3455055Z #7 4.580 Selecting previously unselected package libcrypt-dev:amd64.
2025-07-15T10:46:21.4545443Z #7 4.582 Preparing to unpack .../19-libcrypt-dev_1%3a4.4.33-2_amd64.deb ...
2025-07-15T10:46:21.4546077Z #7 4.587 Unpacking libcrypt-dev:amd64 (1:4.4.33-2) ...
2025-07-15T10:46:21.4546464Z #7 4.610 Selecting previously unselected package libtirpc-dev:amd64.
2025-07-15T10:46:21.4546916Z #7 4.612 Preparing to unpack .../20-libtirpc-dev_1.3.3+ds-1_amd64.deb ...
2025-07-15T10:46:21.4547310Z #7 4.613 Unpacking libtirpc-dev:amd64 (1.3.3+ds-1) ...
2025-07-15T10:46:21.4547684Z #7 4.642 Selecting previously unselected package libnsl-dev:amd64.
2025-07-15T10:46:21.4548095Z #7 4.644 Preparing to unpack .../21-libnsl-dev_1.3.0-2_amd64.deb ...
2025-07-15T10:46:21.4548461Z #7 4.645 Unpacking libnsl-dev:amd64 (1.3.0-2) ...
2025-07-15T10:46:21.4548811Z #7 4.665 Selecting previously unselected package rpcsvc-proto.
2025-07-15T10:46:21.4549204Z #7 4.666 Preparing to unpack .../22-rpcsvc-proto_1.4.3-1_amd64.deb ...
2025-07-15T10:46:21.4549559Z #7 4.668 Unpacking rpcsvc-proto (1.4.3-1) ...
2025-07-15T10:46:21.4549900Z #7 4.689 Selecting previously unselected package libc6-dev:amd64.
2025-07-15T10:46:21.6077505Z #7 4.691 Preparing to unpack .../23-libc6-dev_2.36-9+deb12u10_amd64.deb ...
2025-07-15T10:46:21.6077960Z #7 4.692 Unpacking libc6-dev:amd64 (2.36-9+deb12u10) ...
2025-07-15T10:46:21.6102420Z #7 4.845 Selecting previously unselected package libisl23:amd64.
2025-07-15T10:46:21.7144982Z #7 4.847 Preparing to unpack .../24-libisl23_0.25-1.1_amd64.deb ...
2025-07-15T10:46:21.7145575Z #7 4.848 Unpacking libisl23:amd64 (0.25-1.1) ...
2025-07-15T10:46:21.7146113Z #7 4.905 Selecting previously unselected package libmpfr6:amd64.
2025-07-15T10:46:21.7146752Z #7 4.907 Preparing to unpack .../25-libmpfr6_4.2.0-1_amd64.deb ...
2025-07-15T10:46:21.7147258Z #7 4.908 Unpacking libmpfr6:amd64 (4.2.0-1) ...
2025-07-15T10:46:21.7147746Z #7 4.949 Selecting previously unselected package libmpc3:amd64.
2025-07-15T10:46:21.8892575Z #7 4.951 Preparing to unpack .../26-libmpc3_1.3.1-1_amd64.deb ...
2025-07-15T10:46:21.8893392Z #7 4.952 Unpacking libmpc3:amd64 (1.3.1-1) ...
2025-07-15T10:46:21.8893842Z #7 4.971 Selecting previously unselected package cpp-12.
2025-07-15T10:46:21.8894331Z #7 4.972 Preparing to unpack .../27-cpp-12_12.2.0-14+deb12u1_amd64.deb ...
2025-07-15T10:46:21.8894764Z #7 4.973 Unpacking cpp-12 (12.2.0-14+deb12u1) ...
2025-07-15T10:46:22.2442458Z #7 5.479 Selecting previously unselected package cpp.
2025-07-15T10:46:22.3530079Z #7 5.481 Preparing to unpack .../28-cpp_4%3a12.2.0-3_amd64.deb ...
2025-07-15T10:46:22.3530617Z #7 5.482 Unpacking cpp (4:12.2.0-3) ...
2025-07-15T10:46:22.3531006Z #7 5.499 Selecting previously unselected package libcc1-0:amd64.
2025-07-15T10:46:22.3531527Z #7 5.501 Preparing to unpack .../29-libcc1-0_12.2.0-14+deb12u1_amd64.deb ...
2025-07-15T10:46:22.3532022Z #7 5.502 Unpacking libcc1-0:amd64 (12.2.0-14+deb12u1) ...
2025-07-15T10:46:22.3532399Z #7 5.521 Selecting previously unselected package libgomp1:amd64.
2025-07-15T10:46:22.3533110Z #7 5.523 Preparing to unpack .../30-libgomp1_12.2.0-14+deb12u1_amd64.deb ...
2025-07-15T10:46:22.3533860Z #7 5.524 Unpacking libgomp1:amd64 (12.2.0-14+deb12u1) ...
2025-07-15T10:46:22.3534328Z #7 5.547 Selecting previously unselected package libitm1:amd64.
2025-07-15T10:46:22.3534852Z #7 5.549 Preparing to unpack .../31-libitm1_12.2.0-14+deb12u1_amd64.deb ...
2025-07-15T10:46:22.3535267Z #7 5.550 Unpacking libitm1:amd64 (12.2.0-14+deb12u1) ...
2025-07-15T10:46:22.3535756Z #7 5.569 Selecting previously unselected package libatomic1:amd64.
2025-07-15T10:46:22.3536232Z #7 5.570 Preparing to unpack .../32-libatomic1_12.2.0-14+deb12u1_amd64.deb ...
2025-07-15T10:46:22.3537232Z #7 5.571 Unpacking libatomic1:amd64 (12.2.0-14+deb12u1) ...
2025-07-15T10:46:22.3537767Z #7 5.588 Selecting previously unselected package libasan8:amd64.
2025-07-15T10:46:22.5039198Z #7 5.589 Preparing to unpack .../33-libasan8_12.2.0-14+deb12u1_amd64.deb ...
2025-07-15T10:46:22.5039865Z #7 5.591 Unpacking libasan8:amd64 (12.2.0-14+deb12u1) ...
2025-07-15T10:46:22.5040435Z #7 5.739 Selecting previously unselected package liblsan0:amd64.
2025-07-15T10:46:22.7343493Z #7 5.740 Preparing to unpack .../34-liblsan0_12.2.0-14+deb12u1_amd64.deb ...
2025-07-15T10:46:22.7343979Z #7 5.741 Unpacking liblsan0:amd64 (12.2.0-14+deb12u1) ...
2025-07-15T10:46:22.7344379Z #7 5.816 Selecting previously unselected package libtsan2:amd64.
2025-07-15T10:46:22.7344811Z #7 5.818 Preparing to unpack .../35-libtsan2_12.2.0-14+deb12u1_amd64.deb ...
2025-07-15T10:46:22.7345211Z #7 5.819 Unpacking libtsan2:amd64 (12.2.0-14+deb12u1) ...
2025-07-15T10:46:22.7376208Z #7 5.972 Selecting previously unselected package libubsan1:amd64.
2025-07-15T10:46:22.8380715Z #7 5.974 Preparing to unpack .../36-libubsan1_12.2.0-14+deb12u1_amd64.deb ...
2025-07-15T10:46:22.8381307Z #7 5.976 Unpacking libubsan1:amd64 (12.2.0-14+deb12u1) ...
2025-07-15T10:46:22.8381725Z #7 6.045 Selecting previously unselected package libquadmath0:amd64.
2025-07-15T10:46:22.8382198Z #7 6.046 Preparing to unpack .../37-libquadmath0_12.2.0-14+deb12u1_amd64.deb ...
2025-07-15T10:46:22.8382621Z #7 6.047 Unpacking libquadmath0:amd64 (12.2.0-14+deb12u1) ...
2025-07-15T10:46:22.8383324Z #7 6.070 Selecting previously unselected package libgcc-12-dev:amd64.
2025-07-15T10:46:22.8383843Z #7 6.072 Preparing to unpack .../38-libgcc-12-dev_12.2.0-14+deb12u1_amd64.deb ...
2025-07-15T10:46:22.8384272Z #7 6.073 Unpacking libgcc-12-dev:amd64 (12.2.0-14+deb12u1) ...
2025-07-15T10:46:22.9931160Z #7 6.228 Selecting previously unselected package gcc-12.
2025-07-15T10:46:23.1463509Z #7 6.229 Preparing to unpack .../39-gcc-12_12.2.0-14+deb12u1_amd64.deb ...
2025-07-15T10:46:23.1464458Z #7 6.230 Unpacking gcc-12 (12.2.0-14+deb12u1) ...
2025-07-15T10:46:23.6485642Z #7 6.883 Selecting previously unselected package gcc.
2025-07-15T10:46:23.8214606Z #7 6.885 Preparing to unpack .../40-gcc_4%3a12.2.0-3_amd64.deb ...
2025-07-15T10:46:23.8215076Z #7 6.886 Unpacking gcc (4:12.2.0-3) ...
2025-07-15T10:46:23.8215641Z #7 6.903 Selecting previously unselected package libstdc++-12-dev:amd64.
2025-07-15T10:46:23.8216423Z #7 6.905 Preparing to unpack .../41-libstdc++-12-dev_12.2.0-14+deb12u1_amd64.deb ...
2025-07-15T10:46:23.8217006Z #7 6.906 Unpacking libstdc++-12-dev:amd64 (12.2.0-14+deb12u1) ...
2025-07-15T10:46:23.8790079Z #7 7.114 Selecting previously unselected package g++-12.
2025-07-15T10:46:24.0325093Z #7 7.115 Preparing to unpack .../42-g++-12_12.2.0-14+deb12u1_amd64.deb ...
2025-07-15T10:46:24.0325656Z #7 7.116 Unpacking g++-12 (12.2.0-14+deb12u1) ...
2025-07-15T10:46:24.3962697Z #7 7.631 Selecting previously unselected package g++.
2025-07-15T10:46:24.5115444Z #7 7.633 Preparing to unpack .../43-g++_4%3a12.2.0-3_amd64.deb ...
2025-07-15T10:46:24.5116059Z #7 7.634 Unpacking g++ (4:12.2.0-3) ...
2025-07-15T10:46:24.5116521Z #7 7.649 Selecting previously unselected package make.
2025-07-15T10:46:24.5117054Z #7 7.651 Preparing to unpack .../44-make_4.3-4.1_amd64.deb ...
2025-07-15T10:46:24.5117534Z #7 7.652 Unpacking make (4.3-4.1) ...
2025-07-15T10:46:24.5118012Z #7 7.690 Selecting previously unselected package libdpkg-perl.
2025-07-15T10:46:24.5119143Z #7 7.692 Preparing to unpack .../45-libdpkg-perl_1.21.22_all.deb ...
2025-07-15T10:46:24.5119758Z #7 7.693 Unpacking libdpkg-perl (1.21.22) ...
2025-07-15T10:46:24.5120217Z #7 7.746 Selecting previously unselected package patch.
2025-07-15T10:46:24.6314076Z #7 7.748 Preparing to unpack .../46-patch_2.7.6-7_amd64.deb ...
2025-07-15T10:46:24.6314676Z #7 7.749 Unpacking patch (2.7.6-7) ...
2025-07-15T10:46:24.6315173Z #7 7.775 Selecting previously unselected package dpkg-dev.
2025-07-15T10:46:24.6315745Z #7 7.776 Preparing to unpack .../47-dpkg-dev_1.21.22_all.deb ...
2025-07-15T10:46:24.6316584Z #7 7.777 Unpacking dpkg-dev (1.21.22) ...
2025-07-15T10:46:24.6317098Z #7 7.866 Selecting previously unselected package build-essential.
2025-07-15T10:46:24.7600277Z #7 7.868 Preparing to unpack .../48-build-essential_12.9_amd64.deb ...
2025-07-15T10:46:24.7600709Z #7 7.869 Unpacking build-essential (12.9) ...
2025-07-15T10:46:24.7601082Z #7 7.885 Selecting previously unselected package libbrotli1:amd64.
2025-07-15T10:46:24.7601569Z #7 7.887 Preparing to unpack .../49-libbrotli1_1.0.9-2+b6_amd64.deb ...
2025-07-15T10:46:24.7601960Z #7 7.888 Unpacking libbrotli1:amd64 (1.0.9-2+b6) ...
2025-07-15T10:46:24.7602366Z #7 7.920 Selecting previously unselected package libsasl2-modules-db:amd64.
2025-07-15T10:46:24.7602870Z #7 7.921 Preparing to unpack .../50-libsasl2-modules-db_2.1.28+dfsg-10_amd64.deb ...
2025-07-15T10:46:24.7603628Z #7 7.922 Unpacking libsasl2-modules-db:amd64 (2.1.28+dfsg-10) ...
2025-07-15T10:46:24.7604038Z #7 7.938 Selecting previously unselected package libsasl2-2:amd64.
2025-07-15T10:46:24.7604478Z #7 7.940 Preparing to unpack .../51-libsasl2-2_2.1.28+dfsg-10_amd64.deb ...
2025-07-15T10:46:24.7604872Z #7 7.941 Unpacking libsasl2-2:amd64 (2.1.28+dfsg-10) ...
2025-07-15T10:46:24.7605251Z #7 7.961 Selecting previously unselected package libldap-2.5-0:amd64.
2025-07-15T10:46:24.7605697Z #7 7.963 Preparing to unpack .../52-libldap-2.5-0_2.5.13+dfsg-5_amd64.deb ...
2025-07-15T10:46:24.7606096Z #7 7.964 Unpacking libldap-2.5-0:amd64 (2.5.13+dfsg-5) ...
2025-07-15T10:46:24.7606499Z #7 7.995 Selecting previously unselected package libnghttp2-14:amd64.
2025-07-15T10:46:24.8748848Z #7 7.996 Preparing to unpack .../53-libnghttp2-14_1.52.0-1+deb12u2_amd64.deb ...
2025-07-15T10:46:24.8749559Z #7 7.998 Unpacking libnghttp2-14:amd64 (1.52.0-1+deb12u2) ...
2025-07-15T10:46:24.8750149Z #7 8.020 Selecting previously unselected package libpsl5:amd64.
2025-07-15T10:46:24.8750792Z #7 8.021 Preparing to unpack .../54-libpsl5_0.21.2-1_amd64.deb ...
2025-07-15T10:46:24.8751380Z #7 8.023 Unpacking libpsl5:amd64 (0.21.2-1) ...
2025-07-15T10:46:24.8751921Z #7 8.042 Selecting previously unselected package librtmp1:amd64.
2025-07-15T10:46:24.8752609Z #7 8.044 Preparing to unpack .../55-librtmp1_2.4+20151223.gitfa8646d.1-2+b2_amd64.deb ...
2025-07-15T10:46:24.8753493Z #7 8.045 Unpacking librtmp1:amd64 (2.4+20151223.gitfa8646d.1-2+b2) ...
2025-07-15T10:46:24.8754108Z #7 8.075 Selecting previously unselected package libssh2-1:amd64.
2025-07-15T10:46:24.8754721Z #7 8.077 Preparing to unpack .../56-libssh2-1_1.10.0-3+b1_amd64.deb ...
2025-07-15T10:46:24.8755264Z #7 8.078 Unpacking libssh2-1:amd64 (1.10.0-3+b1) ...
2025-07-15T10:46:24.8755786Z #7 8.110 Selecting previously unselected package libcurl4:amd64.
2025-07-15T10:46:24.9865427Z #7 8.112 Preparing to unpack .../57-libcurl4_7.88.1-10+deb12u12_amd64.deb ...
2025-07-15T10:46:24.9866072Z #7 8.113 Unpacking libcurl4:amd64 (7.88.1-10+deb12u12) ...
2025-07-15T10:46:24.9866594Z #7 8.148 Selecting previously unselected package curl.
2025-07-15T10:46:24.9867233Z #7 8.149 Preparing to unpack .../58-curl_7.88.1-10+deb12u12_amd64.deb ...
2025-07-15T10:46:24.9867753Z #7 8.150 Unpacking curl (7.88.1-10+deb12u12) ...
2025-07-15T10:46:24.9868300Z #7 8.182 Selecting previously unselected package libcurl3-gnutls:amd64.
2025-07-15T10:46:24.9868973Z #7 8.184 Preparing to unpack .../59-libcurl3-gnutls_7.88.1-10+deb12u12_amd64.deb ...
2025-07-15T10:46:24.9869585Z #7 8.185 Unpacking libcurl3-gnutls:amd64 (7.88.1-10+deb12u12) ...
2025-07-15T10:46:24.9870439Z #7 8.221 Selecting previously unselected package libexpat1:amd64.
2025-07-15T10:46:25.1233682Z #7 8.223 Preparing to unpack .../60-libexpat1_2.5.0-1+deb12u1_amd64.deb ...
2025-07-15T10:46:25.1234376Z #7 8.224 Unpacking libexpat1:amd64 (2.5.0-1+deb12u1) ...
2025-07-15T10:46:25.1234807Z #7 8.251 Selecting previously unselected package liberror-perl.
2025-07-15T10:46:25.1235230Z #7 8.253 Preparing to unpack .../61-liberror-perl_0.17029-2_all.deb ...
2025-07-15T10:46:25.1235606Z #7 8.254 Unpacking liberror-perl (0.17029-2) ...
2025-07-15T10:46:25.1236275Z #7 8.272 Selecting previously unselected package git-man.
2025-07-15T10:46:25.1236680Z #7 8.273 Preparing to unpack .../62-git-man_1%3a2.39.5-0+deb12u2_all.deb ...
2025-07-15T10:46:25.1237056Z #7 8.275 Unpacking git-man (1:2.39.5-0+deb12u2) ...
2025-07-15T10:46:25.1237372Z #7 8.358 Selecting previously unselected package git.
2025-07-15T10:46:25.2817955Z #7 8.360 Preparing to unpack .../63-git_1%3a2.39.5-0+deb12u2_amd64.deb ...
2025-07-15T10:46:25.2819655Z #7 8.366 Unpacking git (1:2.39.5-0+deb12u2) ...
2025-07-15T10:46:25.4407610Z #7 8.675 Selecting previously unselected package net-tools.
2025-07-15T10:46:25.5411221Z #7 8.677 Preparing to unpack .../64-net-tools_2.10-0.1+deb12u2_amd64.deb ...
2025-07-15T10:46:25.5412498Z #7 8.678 Unpacking net-tools (2.10-0.1+deb12u2) ...
2025-07-15T10:46:25.5413295Z #7 8.719 Setting up libexpat1:amd64 (2.5.0-1+deb12u1) ...
2025-07-15T10:46:25.5413905Z #7 8.722 Setting up net-tools (2.10-0.1+deb12u2) ...
2025-07-15T10:46:25.5414490Z #7 8.725 Setting up libpsl5:amd64 (0.21.2-1) ...
2025-07-15T10:46:25.5415045Z #7 8.728 Setting up libbrotli1:amd64 (1.0.9-2+b6) ...
2025-07-15T10:46:25.5415624Z #7 8.731 Setting up binutils-common:amd64 (2.40-2) ...
2025-07-15T10:46:25.5416244Z #7 8.734 Setting up libnghttp2-14:amd64 (1.52.0-1+deb12u2) ...
2025-07-15T10:46:25.5416877Z #7 8.737 Setting up linux-libc-dev:amd64 (6.1.140-1) ...
2025-07-15T10:46:25.5417463Z #7 8.739 Setting up libctf-nobfd0:amd64 (2.40-2) ...
2025-07-15T10:46:25.5418059Z #7 8.742 Setting up libgomp1:amd64 (12.2.0-14+deb12u1) ...
2025-07-15T10:46:25.5418623Z #7 8.745 Setting up bzip2 (1.0.8-5+b1) ...
2025-07-15T10:46:25.5419135Z #7 8.747 Setting up libjansson4:amd64 (2.14-2) ...
2025-07-15T10:46:25.5419775Z #7 8.750 Setting up libsasl2-modules-db:amd64 (2.1.28+dfsg-10) ...
2025-07-15T10:46:25.5420424Z #7 8.752 Setting up libcap2-bin (1:2.66-4+deb12u1) ...
2025-07-15T10:46:25.5421038Z #7 8.755 Setting up perl-modules-5.36 (5.36.0-7+deb12u2) ...
2025-07-15T10:46:25.5421664Z #7 8.757 Setting up libtirpc-dev:amd64 (1.3.3+ds-1) ...
2025-07-15T10:46:25.5422274Z #7 8.759 Setting up rpcsvc-proto (1.4.3-1) ...
2025-07-15T10:46:25.5422763Z #7 8.763 Setting up make (4.3-4.1) ...
2025-07-15T10:46:25.5423412Z #7 8.766 Setting up libmpfr6:amd64 (4.2.0-1) ...
2025-07-15T10:46:25.5424031Z #7 8.769 Setting up librtmp1:amd64 (2.4+20151223.gitfa8646d.1-2+b2) ...
2025-07-15T10:46:25.5424609Z #7 8.771 Setting up xz-utils (5.4.1-1) ...
2025-07-15T10:46:25.5425274Z #7 8.775 update-alternatives: using /usr/bin/xz to provide /usr/bin/lzma (lzma) in auto mode
2025-07-15T10:46:25.5426604Z #7 8.776 update-alternatives: warning: skip creation of /usr/share/man/man1/lzma.1.gz because associated file /usr/share/man/man1/xz.1.gz (of link group lzma) doesn't exist
2025-07-15T10:46:25.6491690Z #7 8.776 update-alternatives: warning: skip creation of /usr/share/man/man1/unlzma.1.gz because associated file /usr/share/man/man1/unxz.1.gz (of link group lzma) doesn't exist
2025-07-15T10:46:25.6493773Z #7 8.776 update-alternatives: warning: skip creation of /usr/share/man/man1/lzcat.1.gz because associated file /usr/share/man/man1/xzcat.1.gz (of link group lzma) doesn't exist
2025-07-15T10:46:25.6495663Z #7 8.777 update-alternatives: warning: skip creation of /usr/share/man/man1/lzmore.1.gz because associated file /usr/share/man/man1/xzmore.1.gz (of link group lzma) doesn't exist
2025-07-15T10:46:25.6497901Z #7 8.777 update-alternatives: warning: skip creation of /usr/share/man/man1/lzless.1.gz because associated file /usr/share/man/man1/xzless.1.gz (of link group lzma) doesn't exist
2025-07-15T10:46:25.6499471Z #7 8.777 update-alternatives: warning: skip creation of /usr/share/man/man1/lzdiff.1.gz because associated file /usr/share/man/man1/xzdiff.1.gz (of link group lzma) doesn't exist
2025-07-15T10:46:25.6500788Z #7 8.777 update-alternatives: warning: skip creation of /usr/share/man/man1/lzcmp.1.gz because associated file /usr/share/man/man1/xzcmp.1.gz (of link group lzma) doesn't exist
2025-07-15T10:46:25.6502115Z #7 8.777 update-alternatives: warning: skip creation of /usr/share/man/man1/lzgrep.1.gz because associated file /usr/share/man/man1/xzgrep.1.gz (of link group lzma) doesn't exist
2025-07-15T10:46:25.6505759Z #7 8.777 update-alternatives: warning: skip creation of /usr/share/man/man1/lzegrep.1.gz because associated file /usr/share/man/man1/xzegrep.1.gz (of link group lzma) doesn't exist
2025-07-15T10:46:25.6506927Z #7 8.778 update-alternatives: warning: skip creation of /usr/share/man/man1/lzfgrep.1.gz because associated file /usr/share/man/man1/xzfgrep.1.gz (of link group lzma) doesn't exist
2025-07-15T10:46:25.6507854Z #7 8.781 Setting up libquadmath0:amd64 (12.2.0-14+deb12u1) ...
2025-07-15T10:46:25.6508185Z #7 8.783 Setting up libmpc3:amd64 (1.3.1-1) ...
2025-07-15T10:46:25.6508493Z #7 8.786 Setting up libatomic1:amd64 (12.2.0-14+deb12u1) ...
2025-07-15T10:46:25.6508796Z #7 8.788 Setting up patch (2.7.6-7) ...
2025-07-15T10:46:25.6509086Z #7 8.791 Setting up libgdbm-compat4:amd64 (1.23-3) ...
2025-07-15T10:46:25.6509412Z #7 8.793 Setting up libsasl2-2:amd64 (2.1.28+dfsg-10) ...
2025-07-15T10:46:25.6509874Z #7 8.796 Setting up libubsan1:amd64 (12.2.0-14+deb12u1) ...
2025-07-15T10:46:25.6510385Z #7 8.798 Setting up nano (7.2-1+deb12u1) ...
2025-07-15T10:46:25.6510859Z #7 8.806 update-alternatives: using /bin/nano to provide /usr/bin/editor (editor) in auto mode
2025-07-15T10:46:25.6511687Z #7 8.806 update-alternatives: warning: skip creation of /usr/share/man/man1/editor.1.gz because associated file /usr/share/man/man1/nano.1.gz (of link group editor) doesn't exist
2025-07-15T10:46:25.6512721Z #7 8.808 update-alternatives: using /bin/nano to provide /usr/bin/pico (pico) in auto mode
2025-07-15T10:46:25.6513860Z #7 8.808 update-alternatives: warning: skip creation of /usr/share/man/man1/pico.1.gz because associated file /usr/share/man/man1/nano.1.gz (of link group pico) doesn't exist
2025-07-15T10:46:25.6514670Z #7 8.810 Setting up libnsl-dev:amd64 (1.3.0-2) ...
2025-07-15T10:46:25.6515123Z #7 8.813 Setting up libcrypt-dev:amd64 (1:4.4.33-2) ...
2025-07-15T10:46:25.6515460Z #7 8.820 Setting up libasan8:amd64 (12.2.0-14+deb12u1) ...
2025-07-15T10:46:25.6515834Z #7 8.823 Setting up git-man (1:2.39.5-0+deb12u2) ...
2025-07-15T10:46:25.6516206Z #7 8.826 Setting up libssh2-1:amd64 (1.10.0-3+b1) ...
2025-07-15T10:46:25.6516509Z #7 8.828 Setting up libtsan2:amd64 (12.2.0-14+deb12u1) ...
2025-07-15T10:46:25.6516813Z #7 8.831 Setting up libbinutils:amd64 (2.40-2) ...
2025-07-15T10:46:25.6517105Z #7 8.833 Setting up libisl23:amd64 (0.25-1.1) ...
2025-07-15T10:46:25.6517463Z #7 8.835 Setting up libc-dev-bin (2.36-9+deb12u10) ...
2025-07-15T10:46:25.6518010Z #7 8.838 Setting up iputils-ping (3:20221126-1+deb12u1) ...
2025-07-15T10:46:25.6518585Z #7 8.849 Setting up libcc1-0:amd64 (12.2.0-14+deb12u1) ...
2025-07-15T10:46:25.6519418Z #7 8.852 Setting up libperl5.36:amd64 (5.36.0-7+deb12u2) ...
2025-07-15T10:46:25.6519888Z #7 8.855 Setting up liblsan0:amd64 (12.2.0-14+deb12u1) ...
2025-07-15T10:46:25.6520660Z #7 8.859 Setting up libitm1:amd64 (12.2.0-14+deb12u1) ...
2025-07-15T10:46:25.6521061Z #7 8.862 Setting up libctf0:amd64 (2.40-2) ...
2025-07-15T10:46:25.6521470Z #7 8.865 Setting up cpp-12 (12.2.0-14+deb12u1) ...
2025-07-15T10:46:25.6521789Z #7 8.868 Setting up libldap-2.5-0:amd64 (2.5.13+dfsg-5) ...
2025-07-15T10:46:25.6522107Z #7 8.871 Setting up perl (5.36.0-7+deb12u2) ...
2025-07-15T10:46:25.6522437Z #7 8.884 Setting up libgprofng0:amd64 (2.40-2) ...
2025-07-15T10:46:25.8753417Z #7 8.887 Setting up libgcc-12-dev:amd64 (12.2.0-14+deb12u1) ...
2025-07-15T10:46:25.8754038Z #7 8.890 Setting up libdpkg-perl (1.21.22) ...
2025-07-15T10:46:25.8754532Z #7 8.893 Setting up cpp (4:12.2.0-3) ...
2025-07-15T10:46:25.8755028Z #7 8.898 Setting up libcurl4:amd64 (7.88.1-10+deb12u12) ...
2025-07-15T10:46:25.8755577Z #7 8.903 Setting up libc6-dev:amd64 (2.36-9+deb12u10) ...
2025-07-15T10:46:25.8756078Z #7 8.906 Setting up curl (7.88.1-10+deb12u12) ...
2025-07-15T10:46:25.8756603Z #7 8.909 Setting up binutils-x86-64-linux-gnu (2.40-2) ...
2025-07-15T10:46:25.8757385Z #7 8.911 Setting up libstdc++-12-dev:amd64 (12.2.0-14+deb12u1) ...
2025-07-15T10:46:25.8757990Z #7 8.914 Setting up libcurl3-gnutls:amd64 (7.88.1-10+deb12u12) ...
2025-07-15T10:46:25.8758520Z #7 8.916 Setting up binutils (2.40-2) ...
2025-07-15T10:46:25.8758955Z #7 8.919 Setting up dpkg-dev (1.21.22) ...
2025-07-15T10:46:25.8759408Z #7 8.924 Setting up liberror-perl (0.17029-2) ...
2025-07-15T10:46:25.8759899Z #7 8.927 Setting up gcc-12 (12.2.0-14+deb12u1) ...
2025-07-15T10:46:25.8760382Z #7 8.930 Setting up git (1:2.39.5-0+deb12u2) ...
2025-07-15T10:46:25.8760846Z #7 8.938 Setting up g++-12 (12.2.0-14+deb12u1) ...
2025-07-15T10:46:25.8761288Z #7 8.941 Setting up gcc (4:12.2.0-3) ...
2025-07-15T10:46:25.8761663Z #7 8.951 Setting up g++ (4:12.2.0-3) ...
2025-07-15T10:46:25.8762251Z #7 8.954 update-alternatives: using /usr/bin/g++ to provide /usr/bin/c++ (c++) in auto mode
2025-07-15T10:46:25.8763091Z #7 8.956 Setting up build-essential (12.9) ...
2025-07-15T10:46:25.8763643Z #7 8.959 Processing triggers for libc-bin (2.36-9+deb12u10) ...
2025-07-15T10:46:26.3301320Z #7 DONE 9.6s
2025-07-15T10:46:26.4905699Z 
2025-07-15T10:46:26.4906081Z #8 [3/6] WORKDIR /app
2025-07-15T10:46:26.4906377Z #8 DONE 0.0s
2025-07-15T10:46:26.4906523Z 
2025-07-15T10:46:26.4906616Z #9 [4/6] COPY . .
2025-07-15T10:46:26.5763367Z #9 DONE 0.2s
2025-07-15T10:46:26.7273693Z 
2025-07-15T10:46:26.7274214Z #10 [5/6] RUN pip install --upgrade pip
2025-07-15T10:46:27.8176230Z #10 1.240 Requirement already satisfied: pip in /usr/local/lib/python3.10/site-packages (23.0.1)
2025-07-15T10:46:27.9404144Z #10 1.363 Collecting pip
2025-07-15T10:46:28.0598412Z #10 1.397   Downloading pip-25.1.1-py3-none-any.whl (1.8 MB)
2025-07-15T10:46:28.0600717Z #10 1.438      ━━━━━━━━━━━━━━━━━━━━━━━━━━━━━━━━━━━━━━━━ 1.8/1.8 MB 47.5 MB/s eta 0:00:00
2025-07-15T10:46:28.0602452Z #10 1.483 Installing collected packages: pip
2025-07-15T10:46:28.2113433Z #10 1.483   Attempting uninstall: pip
2025-07-15T10:46:28.2114037Z #10 1.484     Found existing installation: pip 23.0.1
2025-07-15T10:46:28.2362229Z #10 1.659     Uninstalling pip-23.0.1:
2025-07-15T10:46:28.3979193Z #10 1.670       Successfully uninstalled pip-23.0.1
2025-07-15T10:46:29.0475420Z #10 2.470 Successfully installed pip-25.1.1
2025-07-15T10:46:29.1984266Z #10 2.471 WARNING: Running pip as the 'root' user can result in broken permissions and conflicting behaviour with the system package manager. It is recommended to use a virtual environment instead: https://pip.pypa.io/warnings/venv
2025-07-15T10:46:29.2212373Z #10 DONE 2.6s
2025-07-15T10:46:29.3725026Z 
2025-07-15T10:46:29.3725749Z #11 [6/6] RUN pip install --no-cache-dir -r requirements.txt
2025-07-15T10:46:30.0944709Z #11 0.872 Collecting flask==3.0.2 (from -r requirements.txt (line 1))
2025-07-15T10:46:30.2045677Z #11 0.908   Downloading flask-3.0.2-py3-none-any.whl.metadata (3.6 kB)
2025-07-15T10:46:30.2046519Z #11 0.956 Collecting pytest==8.2.1 (from -r requirements.txt (line 2))
2025-07-15T10:46:30.2047301Z #11 0.960   Downloading pytest-8.2.1-py3-none-any.whl.metadata (7.6 kB)
2025-07-15T10:46:30.2048157Z #11 0.983 Collecting Werkzeug>=3.0.0 (from flask==3.0.2->-r requirements.txt (line 1))
2025-07-15T10:46:30.3060394Z #11 0.986   Downloading werkzeug-3.1.3-py3-none-any.whl.metadata (3.7 kB)
2025-07-15T10:46:30.3061240Z #11 0.999 Collecting Jinja2>=3.1.2 (from flask==3.0.2->-r requirements.txt (line 1))
2025-07-15T10:46:30.3061947Z #11 1.003   Downloading jinja2-3.1.6-py3-none-any.whl.metadata (2.9 kB)
2025-07-15T10:46:30.3063108Z #11 1.011 Collecting itsdangerous>=2.1.2 (from flask==3.0.2->-r requirements.txt (line 1))
2025-07-15T10:46:30.3063815Z #11 1.015   Downloading itsdangerous-2.2.0-py3-none-any.whl.metadata (1.9 kB)
2025-07-15T10:46:30.3064415Z #11 1.028 Collecting click>=8.1.3 (from flask==3.0.2->-r requirements.txt (line 1))
2025-07-15T10:46:30.3064984Z #11 1.032   Downloading click-8.2.1-py3-none-any.whl.metadata (2.5 kB)
2025-07-15T10:46:30.3065554Z #11 1.040 Collecting blinker>=1.6.2 (from flask==3.0.2->-r requirements.txt (line 1))
2025-07-15T10:46:30.3066302Z #11 1.043   Downloading blinker-1.9.0-py3-none-any.whl.metadata (1.6 kB)
2025-07-15T10:46:30.3066881Z #11 1.050 Collecting iniconfig (from pytest==8.2.1->-r requirements.txt (line 2))
2025-07-15T10:46:30.3067475Z #11 1.053   Downloading iniconfig-2.1.0-py3-none-any.whl.metadata (2.7 kB)
2025-07-15T10:46:30.3068064Z #11 1.067 Collecting packaging (from pytest==8.2.1->-r requirements.txt (line 2))
2025-07-15T10:46:30.3068657Z #11 1.071   Downloading packaging-25.0-py3-none-any.whl.metadata (3.3 kB)
2025-07-15T10:46:30.3069250Z #11 1.081 Collecting pluggy<2.0,>=1.5 (from pytest==8.2.1->-r requirements.txt (line 2))
2025-07-15T10:46:30.3069831Z #11 1.084   Downloading pluggy-1.6.0-py3-none-any.whl.metadata (4.8 kB)
2025-07-15T10:46:30.4134396Z #11 1.095 Collecting exceptiongroup>=1.0.0rc8 (from pytest==8.2.1->-r requirements.txt (line 2))
2025-07-15T10:46:30.4135678Z #11 1.099   Downloading exceptiongroup-1.3.0-py3-none-any.whl.metadata (6.7 kB)
2025-07-15T10:46:30.4136666Z #11 1.112 Collecting tomli>=1 (from pytest==8.2.1->-r requirements.txt (line 2))
2025-07-15T10:46:30.4137403Z #11 1.115   Downloading tomli-2.2.1-py3-none-any.whl.metadata (10 kB)
2025-07-15T10:46:30.4138145Z #11 1.133 Collecting typing-extensions>=4.6.0 (from exceptiongroup>=1.0.0rc8->pytest==8.2.1->-r requirements.txt (line 2))
2025-07-15T10:46:30.4138968Z #11 1.139   Downloading typing_extensions-4.14.1-py3-none-any.whl.metadata (3.0 kB)
2025-07-15T10:46:30.4139678Z #11 1.191 Collecting MarkupSafe>=2.0 (from Jinja2>=3.1.2->flask==3.0.2->-r requirements.txt (line 1))
2025-07-15T10:46:30.5240136Z #11 1.195   Downloading MarkupSafe-3.0.2-cp310-cp310-manylinux_2_17_x86_64.manylinux2014_x86_64.whl.metadata (4.0 kB)
2025-07-15T10:46:30.5241060Z #11 1.210 Downloading flask-3.0.2-py3-none-any.whl (101 kB)
2025-07-15T10:46:30.5241669Z #11 1.215 Downloading pytest-8.2.1-py3-none-any.whl (339 kB)
2025-07-15T10:46:30.5242247Z #11 1.227 Downloading pluggy-1.6.0-py3-none-any.whl (20 kB)
2025-07-15T10:46:30.5242631Z #11 1.230 Downloading blinker-1.9.0-py3-none-any.whl (8.5 kB)
2025-07-15T10:46:30.5243245Z #11 1.237 Downloading click-8.2.1-py3-none-any.whl (102 kB)
2025-07-15T10:46:30.5243674Z #11 1.241 Downloading exceptiongroup-1.3.0-py3-none-any.whl (16 kB)
2025-07-15T10:46:30.5244079Z #11 1.244 Downloading itsdangerous-2.2.0-py3-none-any.whl (16 kB)
2025-07-15T10:46:30.5244466Z #11 1.247 Downloading jinja2-3.1.6-py3-none-any.whl (134 kB)
2025-07-15T10:46:30.5244970Z #11 1.251 Downloading MarkupSafe-3.0.2-cp310-cp310-manylinux_2_17_x86_64.manylinux2014_x86_64.whl (20 kB)
2025-07-15T10:46:30.5245457Z #11 1.254 Downloading tomli-2.2.1-py3-none-any.whl (14 kB)
2025-07-15T10:46:30.5245842Z #11 1.257 Downloading typing_extensions-4.14.1-py3-none-any.whl (43 kB)
2025-07-15T10:46:30.5246234Z #11 1.261 Downloading werkzeug-3.1.3-py3-none-any.whl (224 kB)
2025-07-15T10:46:30.5246592Z #11 1.264 Downloading iniconfig-2.1.0-py3-none-any.whl (6.0 kB)
2025-07-15T10:46:30.5246954Z #11 1.268 Downloading packaging-25.0-py3-none-any.whl (66 kB)
2025-07-15T10:46:30.5247724Z #11 1.302 Installing collected packages: typing-extensions, tomli, pluggy, packaging, MarkupSafe, itsdangerous, iniconfig, click, blinker, Werkzeug, Jinja2, exceptiongroup, pytest, flask
2025-07-15T10:46:31.0843719Z #11 1.862 
2025-07-15T10:46:31.2387385Z #11 1.866 Successfully installed Jinja2-3.1.6 MarkupSafe-3.0.2 Werkzeug-3.1.3 blinker-1.9.0 click-8.2.1 exceptiongroup-1.3.0 flask-3.0.2 iniconfig-2.1.0 itsdangerous-2.2.0 packaging-25.0 pluggy-1.6.0 pytest-8.2.1 tomli-2.2.1 typing-extensions-4.14.1
2025-07-15T10:46:31.2389331Z #11 1.866 WARNING: Running pip as the 'root' user can result in broken permissions and conflicting behaviour with the system package manager, possibly rendering your system unusable. It is recommended to use a virtual environment instead: https://pip.pypa.io/warnings/venv. Use the --root-user-action option if you know what you are doing and want to suppress this warning.
2025-07-15T10:46:31.2406437Z #11 DONE 2.0s
2025-07-15T10:46:31.3928758Z 
2025-07-15T10:46:31.3930114Z #12 exporting to image
2025-07-15T10:46:31.3930561Z #12 exporting layers
2025-07-15T10:46:33.0308741Z #12 exporting layers 1.8s done
2025-07-15T10:46:33.0499062Z #12 writing image sha256:3ddfa788a2da47a6604e3f3ba77d72d23ff4afdf07ebdf95d58393aa430f6da8 done
2025-07-15T10:46:33.0500256Z #12 naming to docker.io/***/flask-ci-cd-demo done
2025-07-15T10:46:33.0500872Z #12 DONE 1.8s
2025-07-15T10:46:33.0570551Z ##[group]Run docker push ***/flask-ci-cd-demo
2025-07-15T10:46:33.0571207Z [36;1mdocker push ***/flask-ci-cd-demo[0m
2025-07-15T10:46:33.0612506Z shell: /usr/bin/bash -e {0}
2025-07-15T10:46:33.0613074Z env:
2025-07-15T10:46:33.0613490Z   pythonLocation: /opt/hostedtoolcache/Python/3.10.18/x64
2025-07-15T10:46:33.0614211Z   PKG_CONFIG_PATH: /opt/hostedtoolcache/Python/3.10.18/x64/lib/pkgconfig
2025-07-15T10:46:33.0614918Z   Python_ROOT_DIR: /opt/hostedtoolcache/Python/3.10.18/x64
2025-07-15T10:46:33.0615555Z   Python2_ROOT_DIR: /opt/hostedtoolcache/Python/3.10.18/x64
2025-07-15T10:46:33.0616197Z   Python3_ROOT_DIR: /opt/hostedtoolcache/Python/3.10.18/x64
2025-07-15T10:46:33.0616848Z   LD_LIBRARY_PATH: /opt/hostedtoolcache/Python/3.10.18/x64/lib
2025-07-15T10:46:33.0617368Z ##[endgroup]
2025-07-15T10:46:33.0769289Z Using default tag: latest
2025-07-15T10:46:33.0785143Z The push refers to repository [docker.io/***/flask-ci-cd-demo]
2025-07-15T10:46:33.1438836Z fb662f29d934: Preparing
2025-07-15T10:46:33.1439273Z aa31c0ec9b67: Preparing
2025-07-15T10:46:33.1439631Z ee015dfa4452: Preparing
2025-07-15T10:46:33.1439969Z 1d90d45acf6d: Preparing
2025-07-15T10:46:33.1440217Z aeb83b0cb6d1: Preparing
2025-07-15T10:46:33.1440434Z 31abbb538de0: Preparing
2025-07-15T10:46:33.1440657Z a2ccf7527b3c: Preparing
2025-07-15T10:46:33.1440862Z abd92ba2021e: Preparing
2025-07-15T10:46:33.1441103Z 1bb35e8b4de1: Preparing
2025-07-15T10:46:33.1441459Z 31abbb538de0: Waiting
2025-07-15T10:46:33.1441775Z a2ccf7527b3c: Waiting
2025-07-15T10:46:33.1441970Z abd92ba2021e: Waiting
2025-07-15T10:46:33.1442165Z 1bb35e8b4de1: Waiting
2025-07-15T10:46:34.6248031Z 1d90d45acf6d: Pushed
2025-07-15T10:46:34.7684331Z 31abbb538de0: Layer already exists
2025-07-15T10:46:34.9027231Z a2ccf7527b3c: Layer already exists
2025-07-15T10:46:35.0405255Z fb662f29d934: Pushed
2025-07-15T10:46:35.0529978Z abd92ba2021e: Layer already exists
2025-07-15T10:46:35.1628493Z aa31c0ec9b67: Pushed
2025-07-15T10:46:35.1732433Z 1bb35e8b4de1: Layer already exists
2025-07-15T10:46:36.2722160Z ee015dfa4452: Pushed
2025-07-15T10:46:47.5020734Z aeb83b0cb6d1: Pushed
2025-07-15T10:46:49.7297489Z latest: digest: sha256:f9097d0f9670d6779c273a0cab01cd9e23754e428aa2198f9672bee4678f9369 size: 2212
2025-07-15T10:46:49.7381785Z Post job cleanup.
2025-07-15T10:46:50.0360284Z [command]/usr/bin/docker logout 
2025-07-15T10:46:50.0493931Z Removing login credentials for https://index.docker.io/v1/
2025-07-15T10:46:50.0527691Z ##[group]Post cache
2025-07-15T10:46:50.0529122Z State not set
2025-07-15T10:46:50.0530908Z ##[endgroup]
2025-07-15T10:46:50.0661249Z Post job cleanup.
2025-07-15T10:46:50.2299619Z Post job cleanup.
2025-07-15T10:46:50.3034789Z [command]/usr/bin/git version
2025-07-15T10:46:50.3070182Z git version 2.50.1
2025-07-15T10:46:50.3113523Z Temporarily overriding HOME='/home/runner/work/_temp/445f6ccc-3c8b-4269-9258-b8ad640a1baa' before making global git config changes
2025-07-15T10:46:50.3114455Z Adding repository directory to the temporary git global config as a safe directory
2025-07-15T10:46:50.3117544Z [command]/usr/bin/git config --global --add safe.directory /home/runner/work/testing-CI-CD/testing-CI-CD
2025-07-15T10:46:50.3151604Z [command]/usr/bin/git config --local --name-only --get-regexp core\.sshCommand
2025-07-15T10:46:50.3184364Z [command]/usr/bin/git submodule foreach --recursive sh -c "git config --local --name-only --get-regexp 'core\.sshCommand' && git config --local --unset-all 'core.sshCommand' || :"
2025-07-15T10:46:50.3419838Z [command]/usr/bin/git config --local --name-only --get-regexp http\.https\:\/\/github\.com\/\.extraheader
2025-07-15T10:46:50.3440800Z http.https://github.com/.extraheader
2025-07-15T10:46:50.3452392Z [command]/usr/bin/git config --local --unset-all http.https://github.com/.extraheader
2025-07-15T10:46:50.3481093Z [command]/usr/bin/git submodule foreach --recursive sh -c "git config --local --name-only --get-regexp 'http\.https\:\/\/github\.com\/\.extraheader' && git config --local --unset-all 'http.https://github.com/.extraheader' || :"
2025-07-15T10:46:50.3816704Z Cleaning up orphan processes
