2025-07-15T20:00:58.8732639Z Current runner version: '2.326.0'
2025-07-15T20:00:58.8755142Z ##[group]Runner Image Provisioner
2025-07-15T20:00:58.8756362Z Hosted Compute Agent
2025-07-15T20:00:58.8756941Z Version: 20250711.363
2025-07-15T20:00:58.8757547Z Commit: 6785254374ce925a23743850c1cb91912ce5c14c
2025-07-15T20:00:58.8758297Z Build Date: 2025-07-11T20:04:25Z
2025-07-15T20:00:58.8758885Z ##[endgroup]
2025-07-15T20:00:58.8759440Z ##[group]Operating System
2025-07-15T20:00:58.8760025Z Ubuntu
2025-07-15T20:00:58.8760472Z 24.04.2
2025-07-15T20:00:58.8760928Z LTS
2025-07-15T20:00:58.8761424Z ##[endgroup]
2025-07-15T20:00:58.8761901Z ##[group]Runner Image
2025-07-15T20:00:58.8762499Z Image: ubuntu-24.04
2025-07-15T20:00:58.8763161Z Version: 20250710.1.0
2025-07-15T20:00:58.8764126Z Included Software: https://github.com/actions/runner-images/blob/ubuntu24/20250710.1/images/ubuntu/Ubuntu2404-Readme.md
2025-07-15T20:00:58.8765996Z Image Release: https://github.com/actions/runner-images/releases/tag/ubuntu24%2F20250710.1
2025-07-15T20:00:58.8767045Z ##[endgroup]
2025-07-15T20:00:58.8768231Z ##[group]GITHUB_TOKEN Permissions
2025-07-15T20:00:58.8770150Z Contents: read
2025-07-15T20:00:58.8770686Z Metadata: read
2025-07-15T20:00:58.8771284Z Packages: read
2025-07-15T20:00:58.8771827Z ##[endgroup]
2025-07-15T20:00:58.8773712Z Secret source: Actions
2025-07-15T20:00:58.8774532Z Prepare workflow directory
2025-07-15T20:00:58.9088414Z Prepare all required actions
2025-07-15T20:00:58.9126098Z Getting action download info
2025-07-15T20:00:59.2301104Z ##[group]Download immutable action package 'actions/checkout@v3'
2025-07-15T20:00:59.2302087Z Version: 3.6.0
2025-07-15T20:00:59.2303225Z Digest: sha256:942562b9c7d4b1f2557f1da21f4d3eb4eb4fd01f2ad78b2a6e187d1b193e0a0f
2025-07-15T20:00:59.2304378Z Source commit SHA: f43a0e5ff2bd294095638e18286ca9a3d1956744
2025-07-15T20:00:59.2305050Z ##[endgroup]
2025-07-15T20:00:59.3284846Z ##[group]Download immutable action package 'actions/setup-python@v4'
2025-07-15T20:00:59.3285932Z Version: 4.9.1
2025-07-15T20:00:59.3286834Z Digest: sha256:f03e505388af670b5a108629e0ba26befc08d5c62b41f46146a45fe29ae509a5
2025-07-15T20:00:59.3287741Z Source commit SHA: 7f4fc3e22c37d6ff65e88745f38bd3157c663f7c
2025-07-15T20:00:59.3288413Z ##[endgroup]
2025-07-15T20:00:59.5213071Z ##[group]Download immutable action package 'docker/login-action@v3'
2025-07-15T20:00:59.5213974Z Version: 3.4.0
2025-07-15T20:00:59.5214753Z Digest: sha256:864ebd28db095e1602e6ef999f46a4f575083ea874918fbccf0994c2a7680450
2025-07-15T20:00:59.5215907Z Source commit SHA: 74a5d142397b4f367a81961eba4e8cd7edddf772
2025-07-15T20:00:59.5216725Z ##[endgroup]
2025-07-15T20:00:59.8306333Z Complete job name: build-test-deploy
2025-07-15T20:00:59.9001303Z ##[group]Run actions/checkout@v3
2025-07-15T20:00:59.9002177Z with:
2025-07-15T20:00:59.9002704Z   repository: ***/testing-CI-CD
2025-07-15T20:00:59.9003356Z   token: ***
2025-07-15T20:00:59.9003792Z   ssh-strict: true
2025-07-15T20:00:59.9004261Z   persist-credentials: true
2025-07-15T20:00:59.9004753Z   clean: true
2025-07-15T20:00:59.9005219Z   sparse-checkout-cone-mode: true
2025-07-15T20:00:59.9005988Z   fetch-depth: 1
2025-07-15T20:00:59.9006443Z   fetch-tags: false
2025-07-15T20:00:59.9006876Z   lfs: false
2025-07-15T20:00:59.9007293Z   submodules: false
2025-07-15T20:00:59.9007758Z   set-safe-directory: true
2025-07-15T20:00:59.9008535Z ##[endgroup]
2025-07-15T20:00:59.9843494Z Syncing repository: ***/testing-CI-CD
2025-07-15T20:00:59.9845271Z ##[group]Getting Git version info
2025-07-15T20:00:59.9846439Z Working directory is '/home/runner/work/testing-CI-CD/testing-CI-CD'
2025-07-15T20:00:59.9847562Z [command]/usr/bin/git version
2025-07-15T20:00:59.9906605Z git version 2.50.1
2025-07-15T20:00:59.9933186Z ##[endgroup]
2025-07-15T20:00:59.9949097Z Temporarily overriding HOME='/home/runner/work/_temp/2f44727a-e4da-410d-b280-116fb3302e80' before making global git config changes
2025-07-15T20:00:59.9951841Z Adding repository directory to the temporary git global config as a safe directory
2025-07-15T20:00:59.9954215Z [command]/usr/bin/git config --global --add safe.directory /home/runner/work/testing-CI-CD/testing-CI-CD
2025-07-15T20:00:59.9986574Z Deleting the contents of '/home/runner/work/testing-CI-CD/testing-CI-CD'
2025-07-15T20:00:59.9990505Z ##[group]Initializing the repository
2025-07-15T20:00:59.9994190Z [command]/usr/bin/git init /home/runner/work/testing-CI-CD/testing-CI-CD
2025-07-15T20:01:00.0054195Z hint: Using 'master' as the name for the initial branch. This default branch name
2025-07-15T20:01:00.0055746Z hint: is subject to change. To configure the initial branch name to use in all
2025-07-15T20:01:00.0057455Z hint: of your new repositories, which will suppress this warning, call:
2025-07-15T20:01:00.0058387Z hint:
2025-07-15T20:01:00.0059416Z hint: 	git config --global init.defaultBranch <name>
2025-07-15T20:01:00.0060649Z hint:
2025-07-15T20:01:00.0061816Z hint: Names commonly chosen instead of 'master' are 'main', 'trunk' and
2025-07-15T20:01:00.0063828Z hint: 'development'. The just-created branch can be renamed via this command:
2025-07-15T20:01:00.0065368Z hint:
2025-07-15T20:01:00.0066348Z hint: 	git branch -m <name>
2025-07-15T20:01:00.0067242Z hint:
2025-07-15T20:01:00.0068466Z hint: Disable this message with "git config set advice.defaultBranchName false"
2025-07-15T20:01:00.0070560Z Initialized empty Git repository in /home/runner/work/testing-CI-CD/testing-CI-CD/.git/
2025-07-15T20:01:00.0073680Z [command]/usr/bin/git remote add origin https://github.com/***/testing-CI-CD
2025-07-15T20:01:00.0100653Z ##[endgroup]
2025-07-15T20:01:00.0102044Z ##[group]Disabling automatic garbage collection
2025-07-15T20:01:00.0103530Z [command]/usr/bin/git config --local gc.auto 0
2025-07-15T20:01:00.0129317Z ##[endgroup]
2025-07-15T20:01:00.0130063Z ##[group]Setting up auth
2025-07-15T20:01:00.0133856Z [command]/usr/bin/git config --local --name-only --get-regexp core\.sshCommand
2025-07-15T20:01:00.0159438Z [command]/usr/bin/git submodule foreach --recursive sh -c "git config --local --name-only --get-regexp 'core\.sshCommand' && git config --local --unset-all 'core.sshCommand' || :"
2025-07-15T20:01:00.0440221Z [command]/usr/bin/git config --local --name-only --get-regexp http\.https\:\/\/github\.com\/\.extraheader
2025-07-15T20:01:00.0466511Z [command]/usr/bin/git submodule foreach --recursive sh -c "git config --local --name-only --get-regexp 'http\.https\:\/\/github\.com\/\.extraheader' && git config --local --unset-all 'http.https://github.com/.extraheader' || :"
2025-07-15T20:01:00.0679793Z [command]/usr/bin/git config --local http.https://github.com/.extraheader AUTHORIZATION: basic ***
2025-07-15T20:01:00.0710104Z ##[endgroup]
2025-07-15T20:01:00.0711158Z ##[group]Fetching the repository
2025-07-15T20:01:00.0717691Z [command]/usr/bin/git -c protocol.version=2 fetch --no-tags --prune --progress --no-recurse-submodules --depth=1 origin +01d402c0e92ee4c50322fbbfd72a8c14a6c206d9:refs/remotes/origin/main
2025-07-15T20:01:00.2270632Z remote: Enumerating objects: 4168, done.        
2025-07-15T20:01:00.2274661Z remote: Counting objects:   0% (1/4168)        
2025-07-15T20:01:00.2276484Z remote: Counting objects:   1% (42/4168)        
2025-07-15T20:01:00.2277895Z remote: Counting objects:   2% (84/4168)        
2025-07-15T20:01:00.2313220Z remote: Counting objects:   3% (126/4168)        
2025-07-15T20:01:00.2314334Z remote: Counting objects:   4% (167/4168)        
2025-07-15T20:01:00.2315281Z remote: Counting objects:   5% (209/4168)        
2025-07-15T20:01:00.2316533Z remote: Counting objects:   6% (251/4168)        
2025-07-15T20:01:00.2317482Z remote: Counting objects:   7% (292/4168)        
2025-07-15T20:01:00.2318422Z remote: Counting objects:   8% (334/4168)        
2025-07-15T20:01:00.2319575Z remote: Counting objects:   9% (376/4168)        
2025-07-15T20:01:00.2320731Z remote: Counting objects:  10% (417/4168)        
2025-07-15T20:01:00.2321781Z remote: Counting objects:  11% (459/4168)        
2025-07-15T20:01:00.2322824Z remote: Counting objects:  12% (501/4168)        
2025-07-15T20:01:00.2323892Z remote: Counting objects:  13% (542/4168)        
2025-07-15T20:01:00.2325357Z remote: Counting objects:  14% (584/4168)        
2025-07-15T20:01:00.2326693Z remote: Counting objects:  15% (626/4168)        
2025-07-15T20:01:00.2327757Z remote: Counting objects:  16% (667/4168)        
2025-07-15T20:01:00.2328814Z remote: Counting objects:  17% (709/4168)        
2025-07-15T20:01:00.2329878Z remote: Counting objects:  18% (751/4168)        
2025-07-15T20:01:00.2330947Z remote: Counting objects:  19% (792/4168)        
2025-07-15T20:01:00.2331992Z remote: Counting objects:  20% (834/4168)        
2025-07-15T20:01:00.2333103Z remote: Counting objects:  21% (876/4168)        
2025-07-15T20:01:00.2334175Z remote: Counting objects:  22% (917/4168)        
2025-07-15T20:01:00.2335248Z remote: Counting objects:  23% (959/4168)        
2025-07-15T20:01:00.2336593Z remote: Counting objects:  24% (1001/4168)        
2025-07-15T20:01:00.2337800Z remote: Counting objects:  25% (1042/4168)        
2025-07-15T20:01:00.2339038Z remote: Counting objects:  26% (1084/4168)        
2025-07-15T20:01:00.2340306Z remote: Counting objects:  27% (1126/4168)        
2025-07-15T20:01:00.2341536Z remote: Counting objects:  28% (1168/4168)        
2025-07-15T20:01:00.2342736Z remote: Counting objects:  29% (1209/4168)        
2025-07-15T20:01:00.2343996Z remote: Counting objects:  30% (1251/4168)        
2025-07-15T20:01:00.2345205Z remote: Counting objects:  31% (1293/4168)        
2025-07-15T20:01:00.2346674Z remote: Counting objects:  32% (1334/4168)        
2025-07-15T20:01:00.2347904Z remote: Counting objects:  33% (1376/4168)        
2025-07-15T20:01:00.2349162Z remote: Counting objects:  34% (1418/4168)        
2025-07-15T20:01:00.2350377Z remote: Counting objects:  35% (1459/4168)        
2025-07-15T20:01:00.2351604Z remote: Counting objects:  36% (1501/4168)        
2025-07-15T20:01:00.2352839Z remote: Counting objects:  37% (1543/4168)        
2025-07-15T20:01:00.2354086Z remote: Counting objects:  38% (1584/4168)        
2025-07-15T20:01:00.2355308Z remote: Counting objects:  39% (1626/4168)        
2025-07-15T20:01:00.2356781Z remote: Counting objects:  40% (1668/4168)        
2025-07-15T20:01:00.2358003Z remote: Counting objects:  41% (1709/4168)        
2025-07-15T20:01:00.2359181Z remote: Counting objects:  42% (1751/4168)        
2025-07-15T20:01:00.2360361Z remote: Counting objects:  43% (1793/4168)        
2025-07-15T20:01:00.2361703Z remote: Counting objects:  44% (1834/4168)        
2025-07-15T20:01:00.2362895Z remote: Counting objects:  45% (1876/4168)        
2025-07-15T20:01:00.2364107Z remote: Counting objects:  46% (1918/4168)        
2025-07-15T20:01:00.2365996Z remote: Counting objects:  47% (1959/4168)        
2025-07-15T20:01:00.2367303Z remote: Counting objects:  48% (2001/4168)        
2025-07-15T20:01:00.2368534Z remote: Counting objects:  49% (2043/4168)        
2025-07-15T20:01:00.2369746Z remote: Counting objects:  50% (2084/4168)        
2025-07-15T20:01:00.2370940Z remote: Counting objects:  51% (2126/4168)        
2025-07-15T20:01:00.2372158Z remote: Counting objects:  52% (2168/4168)        
2025-07-15T20:01:00.2373366Z remote: Counting objects:  53% (2210/4168)        
2025-07-15T20:01:00.2374578Z remote: Counting objects:  54% (2251/4168)        
2025-07-15T20:01:00.2375966Z remote: Counting objects:  55% (2293/4168)        
2025-07-15T20:01:00.2377198Z remote: Counting objects:  56% (2335/4168)        
2025-07-15T20:01:00.2378403Z remote: Counting objects:  57% (2376/4168)        
2025-07-15T20:01:00.2379596Z remote: Counting objects:  58% (2418/4168)        
2025-07-15T20:01:00.2380809Z remote: Counting objects:  59% (2460/4168)        
2025-07-15T20:01:00.2382028Z remote: Counting objects:  60% (2501/4168)        
2025-07-15T20:01:00.2383194Z remote: Counting objects:  61% (2543/4168)        
2025-07-15T20:01:00.2384323Z remote: Counting objects:  62% (2585/4168)        
2025-07-15T20:01:00.2385457Z remote: Counting objects:  63% (2626/4168)        
2025-07-15T20:01:00.2386830Z remote: Counting objects:  64% (2668/4168)        
2025-07-15T20:01:00.2388216Z remote: Counting objects:  65% (2710/4168)        
2025-07-15T20:01:00.2389350Z remote: Counting objects:  66% (2751/4168)        
2025-07-15T20:01:00.2390502Z remote: Counting objects:  67% (2793/4168)        
2025-07-15T20:01:00.2391651Z remote: Counting objects:  68% (2835/4168)        
2025-07-15T20:01:00.2392830Z remote: Counting objects:  69% (2876/4168)        
2025-07-15T20:01:00.2393967Z remote: Counting objects:  70% (2918/4168)        
2025-07-15T20:01:00.2395074Z remote: Counting objects:  71% (2960/4168)        
2025-07-15T20:01:00.2396408Z remote: Counting objects:  72% (3001/4168)        
2025-07-15T20:01:00.2397516Z remote: Counting objects:  73% (3043/4168)        
2025-07-15T20:01:00.2398620Z remote: Counting objects:  74% (3085/4168)        
2025-07-15T20:01:00.2399699Z remote: Counting objects:  75% (3126/4168)        
2025-07-15T20:01:00.2400811Z remote: Counting objects:  76% (3168/4168)        
2025-07-15T20:01:00.2401914Z remote: Counting objects:  77% (3210/4168)        
2025-07-15T20:01:00.2403032Z remote: Counting objects:  78% (3252/4168)        
2025-07-15T20:01:00.2404193Z remote: Counting objects:  79% (3293/4168)        
2025-07-15T20:01:00.2405339Z remote: Counting objects:  80% (3335/4168)        
2025-07-15T20:01:00.2406668Z remote: Counting objects:  81% (3377/4168)        
2025-07-15T20:01:00.2407767Z remote: Counting objects:  82% (3418/4168)        
2025-07-15T20:01:00.2408849Z remote: Counting objects:  83% (3460/4168)        
2025-07-15T20:01:00.2409949Z remote: Counting objects:  84% (3502/4168)        
2025-07-15T20:01:00.2411076Z remote: Counting objects:  85% (3543/4168)        
2025-07-15T20:01:00.2412252Z remote: Counting objects:  86% (3585/4168)        
2025-07-15T20:01:00.2413353Z remote: Counting objects:  87% (3627/4168)        
2025-07-15T20:01:00.2414455Z remote: Counting objects:  88% (3668/4168)        
2025-07-15T20:01:00.2415721Z remote: Counting objects:  89% (3710/4168)        
2025-07-15T20:01:00.2416824Z remote: Counting objects:  90% (3752/4168)        
2025-07-15T20:01:00.2417910Z remote: Counting objects:  91% (3793/4168)        
2025-07-15T20:01:00.2418987Z remote: Counting objects:  92% (3835/4168)        
2025-07-15T20:01:00.2420075Z remote: Counting objects:  93% (3877/4168)        
2025-07-15T20:01:00.2421198Z remote: Counting objects:  94% (3918/4168)        
2025-07-15T20:01:00.2422316Z remote: Counting objects:  95% (3960/4168)        
2025-07-15T20:01:00.2423446Z remote: Counting objects:  96% (4002/4168)        
2025-07-15T20:01:00.2424526Z remote: Counting objects:  97% (4043/4168)        
2025-07-15T20:01:00.2426110Z remote: Counting objects:  98% (4085/4168)        
2025-07-15T20:01:00.2427489Z remote: Counting objects:  99% (4127/4168)        
2025-07-15T20:01:00.2428840Z remote: Counting objects: 100% (4168/4168)        
2025-07-15T20:01:00.2430040Z remote: Counting objects: 100% (4168/4168), done.        
2025-07-15T20:01:00.2431270Z remote: Compressing objects:   0% (1/3729)        
2025-07-15T20:01:00.2432460Z remote: Compressing objects:   1% (38/3729)        
2025-07-15T20:01:00.2470287Z remote: Compressing objects:   2% (75/3729)        
2025-07-15T20:01:00.2546048Z remote: Compressing objects:   3% (112/3729)        
2025-07-15T20:01:00.2604746Z remote: Compressing objects:   4% (150/3729)        
2025-07-15T20:01:00.2688799Z remote: Compressing objects:   5% (187/3729)        
2025-07-15T20:01:00.2788897Z remote: Compressing objects:   6% (224/3729)        
2025-07-15T20:01:00.2941625Z remote: Compressing objects:   7% (262/3729)        
2025-07-15T20:01:00.3014898Z remote: Compressing objects:   8% (299/3729)        
2025-07-15T20:01:00.3160208Z remote: Compressing objects:   9% (336/3729)        
2025-07-15T20:01:00.3261003Z remote: Compressing objects:  10% (373/3729)        
2025-07-15T20:01:00.3323644Z remote: Compressing objects:  11% (411/3729)        
2025-07-15T20:01:00.3383131Z remote: Compressing objects:  12% (448/3729)        
2025-07-15T20:01:00.3501656Z remote: Compressing objects:  13% (485/3729)        
2025-07-15T20:01:00.3632235Z remote: Compressing objects:  14% (523/3729)        
2025-07-15T20:01:00.3717458Z remote: Compressing objects:  15% (560/3729)        
2025-07-15T20:01:00.3807983Z remote: Compressing objects:  16% (597/3729)        
2025-07-15T20:01:00.3862152Z remote: Compressing objects:  17% (634/3729)        
2025-07-15T20:01:00.3955180Z remote: Compressing objects:  18% (672/3729)        
2025-07-15T20:01:00.4089278Z remote: Compressing objects:  19% (709/3729)        
2025-07-15T20:01:00.4161920Z remote: Compressing objects:  20% (746/3729)        
2025-07-15T20:01:00.4295687Z remote: Compressing objects:  21% (784/3729)        
2025-07-15T20:01:00.4422551Z remote: Compressing objects:  22% (821/3729)        
2025-07-15T20:01:00.4518819Z remote: Compressing objects:  23% (858/3729)        
2025-07-15T20:01:00.4600142Z remote: Compressing objects:  24% (895/3729)        
2025-07-15T20:01:00.4662089Z remote: Compressing objects:  25% (933/3729)        
2025-07-15T20:01:00.4822845Z remote: Compressing objects:  26% (970/3729)        
2025-07-15T20:01:00.4914906Z remote: Compressing objects:  27% (1007/3729)        
2025-07-15T20:01:00.5046319Z remote: Compressing objects:  28% (1045/3729)        
2025-07-15T20:01:00.5155662Z remote: Compressing objects:  29% (1082/3729)        
2025-07-15T20:01:00.5223911Z remote: Compressing objects:  30% (1119/3729)        
2025-07-15T20:01:00.5318157Z remote: Compressing objects:  31% (1156/3729)        
2025-07-15T20:01:00.5406052Z remote: Compressing objects:  32% (1194/3729)        
2025-07-15T20:01:00.5461839Z remote: Compressing objects:  33% (1231/3729)        
2025-07-15T20:01:00.5647144Z remote: Compressing objects:  34% (1268/3729)        
2025-07-15T20:01:00.5713783Z remote: Compressing objects:  35% (1306/3729)        
2025-07-15T20:01:00.5746227Z remote: Compressing objects:  36% (1343/3729)        
2025-07-15T20:01:00.5763808Z remote: Compressing objects:  37% (1380/3729)        
2025-07-15T20:01:00.5785081Z remote: Compressing objects:  38% (1418/3729)        
2025-07-15T20:01:00.5824721Z remote: Compressing objects:  39% (1455/3729)        
2025-07-15T20:01:00.5829473Z remote: Compressing objects:  40% (1492/3729)        
2025-07-15T20:01:00.5838550Z remote: Compressing objects:  41% (1529/3729)        
2025-07-15T20:01:00.5981787Z remote: Compressing objects:  42% (1567/3729)        
2025-07-15T20:01:00.6021921Z remote: Compressing objects:  43% (1604/3729)        
2025-07-15T20:01:00.6028286Z remote: Compressing objects:  44% (1641/3729)        
2025-07-15T20:01:00.6289562Z remote: Compressing objects:  45% (1679/3729)        
2025-07-15T20:01:00.8421628Z remote: Compressing objects:  46% (1716/3729)        
2025-07-15T20:01:00.9947830Z remote: Compressing objects:  47% (1753/3729)        
2025-07-15T20:01:01.0995752Z remote: Compressing objects:  48% (1790/3729)        
2025-07-15T20:01:01.1680472Z remote: Compressing objects:  49% (1828/3729)        
2025-07-15T20:01:01.2322222Z remote: Compressing objects:  50% (1865/3729)        
2025-07-15T20:01:01.2457937Z remote: Compressing objects:  50% (1895/3729)        
2025-07-15T20:01:01.3179299Z remote: Compressing objects:  51% (1902/3729)        
2025-07-15T20:01:01.3749092Z remote: Compressing objects:  52% (1940/3729)        
2025-07-15T20:01:01.4187174Z remote: Compressing objects:  53% (1977/3729)        
2025-07-15T20:01:01.4613282Z remote: Compressing objects:  54% (2014/3729)        
2025-07-15T20:01:01.5023207Z remote: Compressing objects:  55% (2051/3729)        
2025-07-15T20:01:01.5387330Z remote: Compressing objects:  56% (2089/3729)        
2025-07-15T20:01:01.5707425Z remote: Compressing objects:  57% (2126/3729)        
2025-07-15T20:01:01.6008024Z remote: Compressing objects:  58% (2163/3729)        
2025-07-15T20:01:01.6241076Z remote: Compressing objects:  59% (2201/3729)        
2025-07-15T20:01:01.6478426Z remote: Compressing objects:  60% (2238/3729)        
2025-07-15T20:01:01.6645032Z remote: Compressing objects:  61% (2275/3729)        
2025-07-15T20:01:01.6823948Z remote: Compressing objects:  62% (2312/3729)        
2025-07-15T20:01:01.6974922Z remote: Compressing objects:  63% (2350/3729)        
2025-07-15T20:01:01.7140742Z remote: Compressing objects:  64% (2387/3729)        
2025-07-15T20:01:01.7275691Z remote: Compressing objects:  65% (2424/3729)        
2025-07-15T20:01:01.7391451Z remote: Compressing objects:  66% (2462/3729)        
2025-07-15T20:01:01.7511112Z remote: Compressing objects:  67% (2499/3729)        
2025-07-15T20:01:01.7626170Z remote: Compressing objects:  68% (2536/3729)        
2025-07-15T20:01:01.7713570Z remote: Compressing objects:  69% (2574/3729)        
2025-07-15T20:01:01.7795950Z remote: Compressing objects:  70% (2611/3729)        
2025-07-15T20:01:01.7872657Z remote: Compressing objects:  71% (2648/3729)        
2025-07-15T20:01:01.7950721Z remote: Compressing objects:  72% (2685/3729)        
2025-07-15T20:01:01.8013800Z remote: Compressing objects:  73% (2723/3729)        
2025-07-15T20:01:01.8068738Z remote: Compressing objects:  74% (2760/3729)        
2025-07-15T20:01:01.8118285Z remote: Compressing objects:  75% (2797/3729)        
2025-07-15T20:01:01.8179570Z remote: Compressing objects:  76% (2835/3729)        
2025-07-15T20:01:01.8204089Z remote: Compressing objects:  77% (2872/3729)        
2025-07-15T20:01:01.8243795Z remote: Compressing objects:  78% (2909/3729)        
2025-07-15T20:01:01.8274781Z remote: Compressing objects:  79% (2946/3729)        
2025-07-15T20:01:01.8315951Z remote: Compressing objects:  80% (2984/3729)        
2025-07-15T20:01:01.8333401Z remote: Compressing objects:  81% (3021/3729)        
2025-07-15T20:01:01.8346174Z remote: Compressing objects:  82% (3058/3729)        
2025-07-15T20:01:01.8359658Z remote: Compressing objects:  83% (3096/3729)        
2025-07-15T20:01:01.8367848Z remote: Compressing objects:  84% (3133/3729)        
2025-07-15T20:01:01.8373471Z remote: Compressing objects:  85% (3170/3729)        
2025-07-15T20:01:01.8375154Z remote: Compressing objects:  86% (3207/3729)        
2025-07-15T20:01:01.8380803Z remote: Compressing objects:  87% (3245/3729)        
2025-07-15T20:01:01.8399065Z remote: Compressing objects:  88% (3282/3729)        
2025-07-15T20:01:01.8481640Z remote: Compressing objects:  89% (3319/3729)        
2025-07-15T20:01:01.8578757Z remote: Compressing objects:  90% (3357/3729)        
2025-07-15T20:01:01.8582721Z remote: Compressing objects:  91% (3394/3729)        
2025-07-15T20:01:01.8585934Z remote: Compressing objects:  92% (3431/3729)        
2025-07-15T20:01:01.8590664Z remote: Compressing objects:  93% (3468/3729)        
2025-07-15T20:01:01.8595837Z remote: Compressing objects:  94% (3506/3729)        
2025-07-15T20:01:01.8600459Z remote: Compressing objects:  95% (3543/3729)        
2025-07-15T20:01:01.8608061Z remote: Compressing objects:  96% (3580/3729)        
2025-07-15T20:01:01.8612071Z remote: Compressing objects:  97% (3618/3729)        
2025-07-15T20:01:01.8621477Z remote: Compressing objects:  98% (3655/3729)        
2025-07-15T20:01:01.8624238Z remote: Compressing objects:  99% (3692/3729)        
2025-07-15T20:01:01.8626959Z remote: Compressing objects: 100% (3729/3729)        
2025-07-15T20:01:01.8629612Z remote: Compressing objects: 100% (3729/3729), done.        
2025-07-15T20:01:01.8678869Z Receiving objects:   0% (1/4168)
2025-07-15T20:01:01.8688186Z Receiving objects:   1% (42/4168)
2025-07-15T20:01:01.8771353Z Receiving objects:   2% (84/4168)
2025-07-15T20:01:01.8864679Z Receiving objects:   3% (126/4168)
2025-07-15T20:01:01.8930385Z Receiving objects:   4% (167/4168)
2025-07-15T20:01:01.8999556Z Receiving objects:   5% (209/4168)
2025-07-15T20:01:01.9026704Z Receiving objects:   6% (251/4168)
2025-07-15T20:01:01.9178328Z Receiving objects:   7% (292/4168)
2025-07-15T20:01:01.9224744Z Receiving objects:   8% (334/4168)
2025-07-15T20:01:01.9285446Z Receiving objects:   9% (376/4168)
2025-07-15T20:01:01.9367009Z Receiving objects:  10% (417/4168)
2025-07-15T20:01:01.9441579Z Receiving objects:  11% (459/4168)
2025-07-15T20:01:01.9471660Z Receiving objects:  12% (501/4168)
2025-07-15T20:01:01.9499357Z Receiving objects:  13% (542/4168)
2025-07-15T20:01:01.9506506Z Receiving objects:  14% (584/4168)
2025-07-15T20:01:01.9519801Z Receiving objects:  15% (626/4168)
2025-07-15T20:01:01.9529004Z Receiving objects:  16% (667/4168)
2025-07-15T20:01:01.9565977Z Receiving objects:  17% (709/4168)
2025-07-15T20:01:01.9591026Z Receiving objects:  18% (751/4168)
2025-07-15T20:01:01.9639640Z Receiving objects:  19% (792/4168)
2025-07-15T20:01:01.9681675Z Receiving objects:  20% (834/4168)
2025-07-15T20:01:01.9712947Z Receiving objects:  21% (876/4168)
2025-07-15T20:01:01.9784488Z Receiving objects:  22% (917/4168)
2025-07-15T20:01:01.9838748Z Receiving objects:  23% (959/4168)
2025-07-15T20:01:01.9880366Z Receiving objects:  24% (1001/4168)
2025-07-15T20:01:01.9891325Z Receiving objects:  25% (1042/4168)
2025-07-15T20:01:01.9907537Z Receiving objects:  26% (1084/4168)
2025-07-15T20:01:01.9920338Z Receiving objects:  27% (1126/4168)
2025-07-15T20:01:01.9937444Z Receiving objects:  28% (1168/4168)
2025-07-15T20:01:01.9984923Z Receiving objects:  29% (1209/4168)
2025-07-15T20:01:02.0011671Z Receiving objects:  30% (1251/4168)
2025-07-15T20:01:02.0054884Z Receiving objects:  31% (1293/4168)
2025-07-15T20:01:02.0088773Z Receiving objects:  32% (1334/4168)
2025-07-15T20:01:02.0116324Z Receiving objects:  33% (1376/4168)
2025-07-15T20:01:02.0145899Z Receiving objects:  34% (1418/4168)
2025-07-15T20:01:02.0175744Z Receiving objects:  35% (1459/4168)
2025-07-15T20:01:02.0211496Z Receiving objects:  36% (1501/4168)
2025-07-15T20:01:02.0241976Z Receiving objects:  37% (1543/4168)
2025-07-15T20:01:02.0267896Z Receiving objects:  38% (1584/4168)
2025-07-15T20:01:02.0307577Z Receiving objects:  39% (1626/4168)
2025-07-15T20:01:02.0333050Z Receiving objects:  40% (1668/4168)
2025-07-15T20:01:02.0376361Z Receiving objects:  41% (1709/4168)
2025-07-15T20:01:02.0416482Z Receiving objects:  42% (1751/4168)
2025-07-15T20:01:02.0484797Z Receiving objects:  43% (1793/4168)
2025-07-15T20:01:02.0539727Z Receiving objects:  44% (1834/4168)
2025-07-15T20:01:02.0587430Z Receiving objects:  45% (1876/4168)
2025-07-15T20:01:02.0620068Z Receiving objects:  46% (1918/4168)
2025-07-15T20:01:02.0665773Z Receiving objects:  47% (1959/4168)
2025-07-15T20:01:02.0750767Z Receiving objects:  48% (2001/4168)
2025-07-15T20:01:02.0781984Z Receiving objects:  49% (2043/4168)
2025-07-15T20:01:02.0808942Z Receiving objects:  50% (2084/4168)
2025-07-15T20:01:02.0852231Z Receiving objects:  51% (2126/4168)
2025-07-15T20:01:02.0906466Z Receiving objects:  52% (2168/4168)
2025-07-15T20:01:02.0950769Z Receiving objects:  53% (2210/4168)
2025-07-15T20:01:02.0977837Z Receiving objects:  54% (2251/4168)
2025-07-15T20:01:02.1014657Z Receiving objects:  55% (2293/4168)
2025-07-15T20:01:02.1042587Z Receiving objects:  56% (2335/4168)
2025-07-15T20:01:02.1089912Z Receiving objects:  57% (2376/4168)
2025-07-15T20:01:02.1114686Z Receiving objects:  58% (2418/4168)
2025-07-15T20:01:02.1139168Z Receiving objects:  59% (2460/4168)
2025-07-15T20:01:02.1154056Z Receiving objects:  60% (2501/4168)
2025-07-15T20:01:02.1215918Z Receiving objects:  61% (2543/4168)
2025-07-15T20:01:02.1255910Z Receiving objects:  62% (2585/4168)
2025-07-15T20:01:02.1297283Z Receiving objects:  63% (2626/4168)
2025-07-15T20:01:02.1367495Z Receiving objects:  64% (2668/4168)
2025-07-15T20:01:02.1451007Z Receiving objects:  65% (2710/4168)
2025-07-15T20:01:02.1497007Z Receiving objects:  66% (2751/4168)
2025-07-15T20:01:02.1560505Z Receiving objects:  67% (2793/4168)
2025-07-15T20:01:02.1605927Z Receiving objects:  68% (2835/4168)
2025-07-15T20:01:02.1638157Z Receiving objects:  69% (2876/4168)
2025-07-15T20:01:02.1758749Z Receiving objects:  70% (2918/4168)
2025-07-15T20:01:02.1795214Z Receiving objects:  71% (2960/4168)
2025-07-15T20:01:02.1830378Z Receiving objects:  72% (3001/4168)
2025-07-15T20:01:02.1851280Z Receiving objects:  73% (3043/4168)
2025-07-15T20:01:02.1867085Z Receiving objects:  74% (3085/4168)
2025-07-15T20:01:02.1878160Z Receiving objects:  75% (3126/4168)
2025-07-15T20:01:02.1901334Z Receiving objects:  76% (3168/4168)
2025-07-15T20:01:02.1954915Z Receiving objects:  77% (3210/4168)
2025-07-15T20:01:02.2059433Z Receiving objects:  78% (3252/4168)
2025-07-15T20:01:02.2108496Z Receiving objects:  79% (3293/4168)
2025-07-15T20:01:02.2144367Z Receiving objects:  80% (3335/4168)
2025-07-15T20:01:02.2167263Z Receiving objects:  81% (3377/4168)
2025-07-15T20:01:02.2191891Z Receiving objects:  82% (3418/4168)
2025-07-15T20:01:02.2198288Z Receiving objects:  83% (3460/4168)
2025-07-15T20:01:02.2206026Z Receiving objects:  84% (3502/4168)
2025-07-15T20:01:02.2214625Z Receiving objects:  85% (3543/4168)
2025-07-15T20:01:02.2220922Z Receiving objects:  86% (3585/4168)
2025-07-15T20:01:02.2227029Z Receiving objects:  87% (3627/4168)
2025-07-15T20:01:02.2233343Z Receiving objects:  88% (3668/4168)
2025-07-15T20:01:02.2236730Z Receiving objects:  89% (3710/4168)
2025-07-15T20:01:02.2244086Z Receiving objects:  90% (3752/4168)
2025-07-15T20:01:02.2262375Z Receiving objects:  91% (3793/4168)
2025-07-15T20:01:02.2270156Z Receiving objects:  92% (3835/4168)
2025-07-15T20:01:02.2278288Z Receiving objects:  93% (3877/4168)
2025-07-15T20:01:02.2285073Z Receiving objects:  94% (3918/4168)
2025-07-15T20:01:02.2331005Z Receiving objects:  95% (3960/4168)
2025-07-15T20:01:02.2355125Z Receiving objects:  96% (4002/4168)
2025-07-15T20:01:02.2415688Z Receiving objects:  97% (4043/4168)
2025-07-15T20:01:02.2452811Z Receiving objects:  98% (4085/4168)
2025-07-15T20:01:02.2492206Z Receiving objects:  99% (4127/4168)
2025-07-15T20:01:02.2493721Z remote: Total 4168 (delta 621), reused 3842 (delta 394), pack-reused 0 (from 0)        
2025-07-15T20:01:02.2509474Z Receiving objects: 100% (4168/4168)
2025-07-15T20:01:02.2510298Z Receiving objects: 100% (4168/4168), 14.00 MiB | 36.40 MiB/s, done.
2025-07-15T20:01:02.2516144Z Resolving deltas:   0% (0/621)
2025-07-15T20:01:02.2518534Z Resolving deltas:   1% (7/621)
2025-07-15T20:01:02.2518939Z Resolving deltas:   2% (13/621)
2025-07-15T20:01:02.2520888Z Resolving deltas:   3% (19/621)
2025-07-15T20:01:02.2521853Z Resolving deltas:   4% (25/621)
2025-07-15T20:01:02.2523201Z Resolving deltas:   5% (32/621)
2025-07-15T20:01:02.2528663Z Resolving deltas:   6% (38/621)
2025-07-15T20:01:02.2529788Z Resolving deltas:   7% (44/621)
2025-07-15T20:01:02.2530191Z Resolving deltas:   8% (50/621)
2025-07-15T20:01:02.2536142Z Resolving deltas:   9% (56/621)
2025-07-15T20:01:02.2536906Z Resolving deltas:  10% (63/621)
2025-07-15T20:01:02.2613574Z Resolving deltas:  11% (69/621)
2025-07-15T20:01:02.2625955Z Resolving deltas:  12% (75/621)
2025-07-15T20:01:02.2645256Z Resolving deltas:  13% (81/621)
2025-07-15T20:01:02.2649451Z Resolving deltas:  14% (88/621)
2025-07-15T20:01:02.2650204Z Resolving deltas:  15% (94/621)
2025-07-15T20:01:02.2651045Z Resolving deltas:  16% (100/621)
2025-07-15T20:01:02.2651569Z Resolving deltas:  17% (106/621)
2025-07-15T20:01:02.2651963Z Resolving deltas:  18% (112/621)
2025-07-15T20:01:02.2733150Z Resolving deltas:  19% (118/621)
2025-07-15T20:01:02.2733701Z Resolving deltas:  20% (125/621)
2025-07-15T20:01:02.2737012Z Resolving deltas:  21% (131/621)
2025-07-15T20:01:02.2744287Z Resolving deltas:  22% (137/621)
2025-07-15T20:01:02.2744739Z Resolving deltas:  23% (143/621)
2025-07-15T20:01:02.2745126Z Resolving deltas:  24% (150/621)
2025-07-15T20:01:02.2745743Z Resolving deltas:  25% (156/621)
2025-07-15T20:01:02.2746145Z Resolving deltas:  26% (162/621)
2025-07-15T20:01:02.2746551Z Resolving deltas:  27% (168/621)
2025-07-15T20:01:02.2746953Z Resolving deltas:  28% (174/621)
2025-07-15T20:01:02.2747332Z Resolving deltas:  29% (182/621)
2025-07-15T20:01:02.2747736Z Resolving deltas:  30% (187/621)
2025-07-15T20:01:02.2748137Z Resolving deltas:  31% (193/621)
2025-07-15T20:01:02.2748508Z Resolving deltas:  32% (199/621)
2025-07-15T20:01:02.2748886Z Resolving deltas:  33% (205/621)
2025-07-15T20:01:02.2749231Z Resolving deltas:  34% (212/621)
2025-07-15T20:01:02.2749635Z Resolving deltas:  35% (218/621)
2025-07-15T20:01:02.2750274Z Resolving deltas:  36% (224/621)
2025-07-15T20:01:02.2750646Z Resolving deltas:  37% (230/621)
2025-07-15T20:01:02.2750922Z Resolving deltas:  38% (236/621)
2025-07-15T20:01:02.2751189Z Resolving deltas:  39% (243/621)
2025-07-15T20:01:02.2751481Z Resolving deltas:  40% (249/621)
2025-07-15T20:01:02.2754592Z Resolving deltas:  41% (255/621)
2025-07-15T20:01:02.2757550Z Resolving deltas:  42% (261/621)
2025-07-15T20:01:02.2764523Z Resolving deltas:  43% (268/621)
2025-07-15T20:01:02.2770645Z Resolving deltas:  44% (274/621)
2025-07-15T20:01:02.2775135Z Resolving deltas:  45% (280/621)
2025-07-15T20:01:02.2786788Z Resolving deltas:  46% (287/621)
2025-07-15T20:01:02.2792405Z Resolving deltas:  47% (292/621)
2025-07-15T20:01:02.2795933Z Resolving deltas:  48% (299/621)
2025-07-15T20:01:02.2801284Z Resolving deltas:  49% (305/621)
2025-07-15T20:01:02.2808777Z Resolving deltas:  50% (311/621)
2025-07-15T20:01:02.2814001Z Resolving deltas:  51% (317/621)
2025-07-15T20:01:02.2821206Z Resolving deltas:  52% (324/621)
2025-07-15T20:01:02.2826514Z Resolving deltas:  53% (330/621)
2025-07-15T20:01:02.2829021Z Resolving deltas:  54% (336/621)
2025-07-15T20:01:02.2832430Z Resolving deltas:  55% (342/621)
2025-07-15T20:01:02.2844003Z Resolving deltas:  56% (348/621)
2025-07-15T20:01:02.2850396Z Resolving deltas:  57% (354/621)
2025-07-15T20:01:02.2854946Z Resolving deltas:  58% (361/621)
2025-07-15T20:01:02.2862878Z Resolving deltas:  59% (367/621)
2025-07-15T20:01:02.2869800Z Resolving deltas:  60% (373/621)
2025-07-15T20:01:02.2877688Z Resolving deltas:  61% (380/621)
2025-07-15T20:01:02.2881412Z Resolving deltas:  62% (386/621)
2025-07-15T20:01:02.2888654Z Resolving deltas:  63% (392/621)
2025-07-15T20:01:02.2897358Z Resolving deltas:  64% (398/621)
2025-07-15T20:01:02.2899830Z Resolving deltas:  65% (404/621)
2025-07-15T20:01:02.2903204Z Resolving deltas:  66% (410/621)
2025-07-15T20:01:02.2907577Z Resolving deltas:  67% (417/621)
2025-07-15T20:01:02.2913272Z Resolving deltas:  68% (423/621)
2025-07-15T20:01:02.2917834Z Resolving deltas:  69% (429/621)
2025-07-15T20:01:02.2922179Z Resolving deltas:  70% (435/621)
2025-07-15T20:01:02.2927380Z Resolving deltas:  71% (441/621)
2025-07-15T20:01:02.2930708Z Resolving deltas:  72% (448/621)
2025-07-15T20:01:02.2939293Z Resolving deltas:  73% (454/621)
2025-07-15T20:01:02.2948371Z Resolving deltas:  74% (460/621)
2025-07-15T20:01:02.2952353Z Resolving deltas:  75% (466/621)
2025-07-15T20:01:02.2958428Z Resolving deltas:  76% (472/621)
2025-07-15T20:01:02.2962113Z Resolving deltas:  77% (479/621)
2025-07-15T20:01:02.2969789Z Resolving deltas:  78% (485/621)
2025-07-15T20:01:02.2974905Z Resolving deltas:  79% (491/621)
2025-07-15T20:01:02.2976226Z Resolving deltas:  80% (497/621)
2025-07-15T20:01:02.2978395Z Resolving deltas:  81% (504/621)
2025-07-15T20:01:02.2982372Z Resolving deltas:  82% (510/621)
2025-07-15T20:01:02.3001473Z Resolving deltas:  83% (516/621)
2025-07-15T20:01:02.3012149Z Resolving deltas:  84% (523/621)
2025-07-15T20:01:02.3027403Z Resolving deltas:  85% (528/621)
2025-07-15T20:01:02.3029510Z Resolving deltas:  86% (535/621)
2025-07-15T20:01:02.3041966Z Resolving deltas:  87% (541/621)
2025-07-15T20:01:02.3049985Z Resolving deltas:  88% (547/621)
2025-07-15T20:01:02.3061708Z Resolving deltas:  89% (553/621)
2025-07-15T20:01:02.3067592Z Resolving deltas:  90% (559/621)
2025-07-15T20:01:02.3069219Z Resolving deltas:  91% (566/621)
2025-07-15T20:01:02.3070132Z Resolving deltas:  92% (572/621)
2025-07-15T20:01:02.3072280Z Resolving deltas:  93% (578/621)
2025-07-15T20:01:02.3073966Z Resolving deltas:  94% (584/621)
2025-07-15T20:01:02.3075153Z Resolving deltas:  95% (590/621)
2025-07-15T20:01:02.3076430Z Resolving deltas:  96% (597/621)
2025-07-15T20:01:02.3076845Z Resolving deltas:  97% (603/621)
2025-07-15T20:01:02.3077232Z Resolving deltas:  98% (609/621)
2025-07-15T20:01:02.3081193Z Resolving deltas:  99% (615/621)
2025-07-15T20:01:02.3082620Z Resolving deltas: 100% (621/621)
2025-07-15T20:01:02.3083045Z Resolving deltas: 100% (621/621), done.
2025-07-15T20:01:02.3254488Z From https://github.com/***/testing-CI-CD
2025-07-15T20:01:02.3254980Z  * [new ref]         01d402c0e92ee4c50322fbbfd72a8c14a6c206d9 -> origin/main
2025-07-15T20:01:02.3282068Z ##[endgroup]
2025-07-15T20:01:02.3282714Z ##[group]Determining the checkout info
2025-07-15T20:01:02.3285086Z ##[endgroup]
2025-07-15T20:01:02.3286023Z ##[group]Checking out the ref
2025-07-15T20:01:02.3290152Z [command]/usr/bin/git checkout --progress --force -B main refs/remotes/origin/main
2025-07-15T20:01:02.6750784Z Switched to a new branch 'main'
2025-07-15T20:01:02.6753707Z branch 'main' set up to track 'origin/main'.
2025-07-15T20:01:02.6772050Z ##[endgroup]
2025-07-15T20:01:02.6810185Z [command]/usr/bin/git log -1 --format='%H'
2025-07-15T20:01:02.6831112Z '01d402c0e92ee4c50322fbbfd72a8c14a6c206d9'
2025-07-15T20:01:02.7044830Z ##[group]Run actions/setup-python@v4
2025-07-15T20:01:02.7045108Z with:
2025-07-15T20:01:02.7045296Z   python-version: 3.10
2025-07-15T20:01:02.7045686Z   check-latest: false
2025-07-15T20:01:02.7046052Z   token: ***
2025-07-15T20:01:02.7046236Z   update-environment: true
2025-07-15T20:01:02.7046453Z   allow-prereleases: false
2025-07-15T20:01:02.7046655Z ##[endgroup]
2025-07-15T20:01:02.8680594Z ##[group]Installed versions
2025-07-15T20:01:02.8775926Z Successfully set up CPython (3.10.18)
2025-07-15T20:01:02.8776700Z ##[endgroup]
2025-07-15T20:01:02.8891316Z ##[group]Run python -m pip install --upgrade pip
2025-07-15T20:01:02.8891722Z [36;1mpython -m pip install --upgrade pip[0m
2025-07-15T20:01:02.8892016Z [36;1mpip install -r requirements.txt[0m
2025-07-15T20:01:02.8932060Z shell: /usr/bin/bash -e {0}
2025-07-15T20:01:02.8932304Z env:
2025-07-15T20:01:02.8932550Z   pythonLocation: /opt/hostedtoolcache/Python/3.10.18/x64
2025-07-15T20:01:02.8932968Z   PKG_CONFIG_PATH: /opt/hostedtoolcache/Python/3.10.18/x64/lib/pkgconfig
2025-07-15T20:01:02.8933355Z   Python_ROOT_DIR: /opt/hostedtoolcache/Python/3.10.18/x64
2025-07-15T20:01:02.8933699Z   Python2_ROOT_DIR: /opt/hostedtoolcache/Python/3.10.18/x64
2025-07-15T20:01:02.8934057Z   Python3_ROOT_DIR: /opt/hostedtoolcache/Python/3.10.18/x64
2025-07-15T20:01:02.8934399Z   LD_LIBRARY_PATH: /opt/hostedtoolcache/Python/3.10.18/x64/lib
2025-07-15T20:01:02.8934680Z ##[endgroup]
2025-07-15T20:01:03.4573116Z Requirement already satisfied: pip in /opt/hostedtoolcache/Python/3.10.18/x64/lib/python3.10/site-packages (25.1.1)
2025-07-15T20:01:04.1099372Z Collecting Flask==3.1.0 (from -r requirements.txt (line 1))
2025-07-15T20:01:04.1434450Z   Downloading flask-3.1.0-py3-none-any.whl.metadata (2.7 kB)
2025-07-15T20:01:04.1594689Z Collecting Flask-PyMongo==3.0.1 (from -r requirements.txt (line 2))
2025-07-15T20:01:04.1640441Z   Downloading flask_pymongo-3.0.1-py3-none-any.whl.metadata (3.5 kB)
2025-07-15T20:01:04.2161590Z Collecting pytest==8.2.1 (from -r requirements.txt (line 3))
2025-07-15T20:01:04.2197587Z   Downloading pytest-8.2.1-py3-none-any.whl.metadata (7.6 kB)
2025-07-15T20:01:04.2328356Z Collecting blinker==1.9.0 (from -r requirements.txt (line 4))
2025-07-15T20:01:04.2361271Z   Downloading blinker-1.9.0-py3-none-any.whl.metadata (1.6 kB)
2025-07-15T20:01:04.2547808Z Collecting certifi==2025.7.14 (from -r requirements.txt (line 5))
2025-07-15T20:01:04.2582479Z   Downloading certifi-2025.7.14-py3-none-any.whl.metadata (2.4 kB)
2025-07-15T20:01:04.3441624Z Collecting charset-normalizer==3.4.2 (from -r requirements.txt (line 6))
2025-07-15T20:01:04.3478507Z   Downloading charset_normalizer-3.4.2-cp310-cp310-manylinux_2_17_x86_64.manylinux2014_x86_64.whl.metadata (35 kB)
2025-07-15T20:01:04.3694218Z Collecting click==8.2.1 (from -r requirements.txt (line 7))
2025-07-15T20:01:04.3730767Z   Downloading click-8.2.1-py3-none-any.whl.metadata (2.5 kB)
2025-07-15T20:01:04.3859799Z Collecting dnspython==2.7.0 (from -r requirements.txt (line 8))
2025-07-15T20:01:04.3893034Z   Downloading dnspython-2.7.0-py3-none-any.whl.metadata (5.8 kB)
2025-07-15T20:01:04.4065991Z Collecting idna==3.10 (from -r requirements.txt (line 9))
2025-07-15T20:01:04.4106721Z   Downloading idna-3.10-py3-none-any.whl.metadata (10 kB)
2025-07-15T20:01:04.4233568Z Collecting itsdangerous==2.2.0 (from -r requirements.txt (line 10))
2025-07-15T20:01:04.4265944Z   Downloading itsdangerous-2.2.0-py3-none-any.whl.metadata (1.9 kB)
2025-07-15T20:01:04.4419572Z Collecting Jinja2==3.1.6 (from -r requirements.txt (line 11))
2025-07-15T20:01:04.4452651Z   Downloading jinja2-3.1.6-py3-none-any.whl.metadata (2.9 kB)
2025-07-15T20:01:04.5022935Z Collecting MarkupSafe==3.0.2 (from -r requirements.txt (line 12))
2025-07-15T20:01:04.5058223Z   Downloading MarkupSafe-3.0.2-cp310-cp310-manylinux_2_17_x86_64.manylinux2014_x86_64.whl.metadata (4.0 kB)
2025-07-15T20:01:04.5163123Z Collecting paho-mqtt==2.1.0 (from -r requirements.txt (line 13))
2025-07-15T20:01:04.5199555Z   Downloading paho_mqtt-2.1.0-py3-none-any.whl.metadata (23 kB)
2025-07-15T20:01:04.8570179Z Collecting pymongo==4.13.2 (from -r requirements.txt (line 14))
2025-07-15T20:01:04.8609439Z   Downloading pymongo-4.13.2-cp310-cp310-manylinux_2_17_x86_64.manylinux2014_x86_64.whl.metadata (22 kB)
2025-07-15T20:01:04.8834654Z Collecting python-dotenv==1.1.1 (from -r requirements.txt (line 15))
2025-07-15T20:01:04.8871922Z   Downloading python_dotenv-1.1.1-py3-none-any.whl.metadata (24 kB)
2025-07-15T20:01:04.9146401Z Collecting requests==2.32.4 (from -r requirements.txt (line 16))
2025-07-15T20:01:04.9186085Z   Downloading requests-2.32.4-py3-none-any.whl.metadata (4.9 kB)
2025-07-15T20:01:04.9444643Z Collecting urllib3==2.5.0 (from -r requirements.txt (line 17))
2025-07-15T20:01:04.9481580Z   Downloading urllib3-2.5.0-py3-none-any.whl.metadata (6.5 kB)
2025-07-15T20:01:04.9715939Z Collecting Werkzeug==3.1.3 (from -r requirements.txt (line 18))
2025-07-15T20:01:04.9749736Z   Downloading werkzeug-3.1.3-py3-none-any.whl.metadata (3.7 kB)
2025-07-15T20:01:04.9856695Z Collecting autodevops-cli==0.1.1 (from -r requirements.txt (line 19))
2025-07-15T20:01:04.9899323Z   Downloading autodevops_cli-0.1.1-py3-none-any.whl.metadata (494 bytes)
2025-07-15T20:01:04.9992861Z Collecting iniconfig==2.1.0 (from -r requirements.txt (line 20))
2025-07-15T20:01:05.0027292Z   Downloading iniconfig-2.1.0-py3-none-any.whl.metadata (2.7 kB)
2025-07-15T20:01:05.0146430Z Collecting loguru==0.7.3 (from -r requirements.txt (line 21))
2025-07-15T20:01:05.0187093Z   Downloading loguru-0.7.3-py3-none-any.whl.metadata (22 kB)
2025-07-15T20:01:05.0422161Z Collecting markdown-it-py==3.0.0 (from -r requirements.txt (line 22))
2025-07-15T20:01:05.0457719Z   Downloading markdown_it_py-3.0.0-py3-none-any.whl.metadata (6.9 kB)
2025-07-15T20:01:05.0601797Z Collecting mdurl==0.1.2 (from -r requirements.txt (line 23))
2025-07-15T20:01:05.0634068Z   Downloading mdurl-0.1.2-py3-none-any.whl.metadata (1.6 kB)
2025-07-15T20:01:05.0766076Z Collecting mongomock==4.3.0 (from -r requirements.txt (line 24))
2025-07-15T20:01:05.0810730Z   Downloading mongomock-4.3.0-py2.py3-none-any.whl.metadata (12 kB)
2025-07-15T20:01:05.0982546Z Collecting packaging==25.0 (from -r requirements.txt (line 25))
2025-07-15T20:01:05.1026707Z   Downloading packaging-25.0-py3-none-any.whl.metadata (3.3 kB)
2025-07-15T20:01:05.1147958Z Collecting pluggy==1.6.0 (from -r requirements.txt (line 26))
2025-07-15T20:01:05.1180501Z   Downloading pluggy-1.6.0-py3-none-any.whl.metadata (4.8 kB)
2025-07-15T20:01:05.1387768Z Collecting Pygments==2.19.2 (from -r requirements.txt (line 27))
2025-07-15T20:01:05.1425789Z   Downloading pygments-2.19.2-py3-none-any.whl.metadata (2.5 kB)
2025-07-15T20:01:05.1812293Z Collecting pytz==2025.2 (from -r requirements.txt (line 28))
2025-07-15T20:01:05.1846178Z   Downloading pytz-2025.2-py2.py3-none-any.whl.metadata (22 kB)
2025-07-15T20:01:05.2373332Z Collecting rich==14.0.0 (from -r requirements.txt (line 29))
2025-07-15T20:01:05.2408453Z   Downloading rich-14.0.0-py3-none-any.whl.metadata (18 kB)
2025-07-15T20:01:05.2515785Z Collecting sentinels==1.0.0 (from -r requirements.txt (line 30))
2025-07-15T20:01:05.2550505Z   Downloading sentinels-1.0.0.tar.gz (4.1 kB)
2025-07-15T20:01:05.2678358Z   Installing build dependencies: started
2025-07-15T20:01:06.1056395Z   Installing build dependencies: finished with status 'done'
2025-07-15T20:01:06.1063841Z   Getting requirements to build wheel: started
2025-07-15T20:01:06.4928821Z   Getting requirements to build wheel: finished with status 'done'
2025-07-15T20:01:06.4938297Z   Preparing metadata (pyproject.toml): started
2025-07-15T20:01:06.6719507Z   Preparing metadata (pyproject.toml): finished with status 'done'
2025-07-15T20:01:06.6871126Z Collecting sh==2.2.2 (from -r requirements.txt (line 31))
2025-07-15T20:01:06.6906134Z   Downloading sh-2.2.2-py3-none-any.whl.metadata (3.7 kB)
2025-07-15T20:01:06.7335040Z Collecting exceptiongroup>=1.0.0rc8 (from pytest==8.2.1->-r requirements.txt (line 3))
2025-07-15T20:01:06.7372403Z   Downloading exceptiongroup-1.3.0-py3-none-any.whl.metadata (6.7 kB)
2025-07-15T20:01:06.7548866Z Collecting tomli>=1 (from pytest==8.2.1->-r requirements.txt (line 3))
2025-07-15T20:01:06.7582458Z   Downloading tomli-2.2.1-py3-none-any.whl.metadata (10 kB)
2025-07-15T20:01:06.8347550Z Collecting typing-extensions<5.0,>=4.0.0 (from rich==14.0.0->-r requirements.txt (line 29))
2025-07-15T20:01:06.8380436Z   Downloading typing_extensions-4.14.1-py3-none-any.whl.metadata (3.0 kB)
2025-07-15T20:01:06.8559208Z Downloading flask-3.1.0-py3-none-any.whl (102 kB)
2025-07-15T20:01:06.8629767Z Downloading flask_pymongo-3.0.1-py3-none-any.whl (11 kB)
2025-07-15T20:01:06.8705631Z Downloading pytest-8.2.1-py3-none-any.whl (339 kB)
2025-07-15T20:01:06.8781799Z Downloading pluggy-1.6.0-py3-none-any.whl (20 kB)
2025-07-15T20:01:06.8835271Z Downloading blinker-1.9.0-py3-none-any.whl (8.5 kB)
2025-07-15T20:01:06.8888951Z Downloading certifi-2025.7.14-py3-none-any.whl (162 kB)
2025-07-15T20:01:06.8949083Z Downloading charset_normalizer-3.4.2-cp310-cp310-manylinux_2_17_x86_64.manylinux2014_x86_64.whl (149 kB)
2025-07-15T20:01:06.9006136Z Downloading click-8.2.1-py3-none-any.whl (102 kB)
2025-07-15T20:01:06.9063669Z Downloading dnspython-2.7.0-py3-none-any.whl (313 kB)
2025-07-15T20:01:06.9132765Z Downloading idna-3.10-py3-none-any.whl (70 kB)
2025-07-15T20:01:06.9192436Z Downloading itsdangerous-2.2.0-py3-none-any.whl (16 kB)
2025-07-15T20:01:06.9248903Z Downloading jinja2-3.1.6-py3-none-any.whl (134 kB)
2025-07-15T20:01:06.9308975Z Downloading MarkupSafe-3.0.2-cp310-cp310-manylinux_2_17_x86_64.manylinux2014_x86_64.whl (20 kB)
2025-07-15T20:01:06.9361137Z Downloading paho_mqtt-2.1.0-py3-none-any.whl (67 kB)
2025-07-15T20:01:06.9418684Z Downloading pymongo-4.13.2-cp310-cp310-manylinux_2_17_x86_64.manylinux2014_x86_64.whl (1.2 MB)
2025-07-15T20:01:06.9532268Z    ━━━━━━━━━━━━━━━━━━━━━━━━━━━━━━━━━━━━━━━━ 1.2/1.2 MB 129.5 MB/s eta 0:00:00
2025-07-15T20:01:06.9566735Z Downloading python_dotenv-1.1.1-py3-none-any.whl (20 kB)
2025-07-15T20:01:06.9623177Z Downloading requests-2.32.4-py3-none-any.whl (64 kB)
2025-07-15T20:01:06.9721235Z Downloading urllib3-2.5.0-py3-none-any.whl (129 kB)
2025-07-15T20:01:06.9781616Z Downloading werkzeug-3.1.3-py3-none-any.whl (224 kB)
2025-07-15T20:01:06.9897908Z Downloading autodevops_cli-0.1.1-py3-none-any.whl (4.1 kB)
2025-07-15T20:01:06.9954161Z Downloading iniconfig-2.1.0-py3-none-any.whl (6.0 kB)
2025-07-15T20:01:07.0007270Z Downloading loguru-0.7.3-py3-none-any.whl (61 kB)
2025-07-15T20:01:07.0066793Z Downloading markdown_it_py-3.0.0-py3-none-any.whl (87 kB)
2025-07-15T20:01:07.0123891Z Downloading mdurl-0.1.2-py3-none-any.whl (10.0 kB)
2025-07-15T20:01:07.0175820Z Downloading mongomock-4.3.0-py2.py3-none-any.whl (64 kB)
2025-07-15T20:01:07.0233522Z Downloading packaging-25.0-py3-none-any.whl (66 kB)
2025-07-15T20:01:07.0292957Z Downloading pygments-2.19.2-py3-none-any.whl (1.2 MB)
2025-07-15T20:01:07.0387887Z    ━━━━━━━━━━━━━━━━━━━━━━━━━━━━━━━━━━━━━━━━ 1.2/1.2 MB 150.0 MB/s eta 0:00:00
2025-07-15T20:01:07.0423688Z Downloading pytz-2025.2-py2.py3-none-any.whl (509 kB)
2025-07-15T20:01:07.0501666Z Downloading rich-14.0.0-py3-none-any.whl (243 kB)
2025-07-15T20:01:07.0568629Z Downloading sh-2.2.2-py3-none-any.whl (38 kB)
2025-07-15T20:01:07.0623985Z Downloading typing_extensions-4.14.1-py3-none-any.whl (43 kB)
2025-07-15T20:01:07.0677969Z Downloading exceptiongroup-1.3.0-py3-none-any.whl (16 kB)
2025-07-15T20:01:07.0734760Z Downloading tomli-2.2.1-py3-none-any.whl (14 kB)
2025-07-15T20:01:07.1102983Z Building wheels for collected packages: sentinels
2025-07-15T20:01:07.1112597Z   Building wheel for sentinels (pyproject.toml): started
2025-07-15T20:01:07.3115727Z   Building wheel for sentinels (pyproject.toml): finished with status 'done'
2025-07-15T20:01:07.3122197Z   Created wheel for sentinels: filename=sentinels-1.0.0-py3-none-any.whl size=3229 sha256=8902046265d106085bbb52a0ff2f1eaec9b0ac80880c641d06d022db16158f6c
2025-07-15T20:01:07.3124454Z   Stored in directory: /home/runner/.cache/pip/wheels/26/bc/eb/67e56405e0684b3d8c011cf4d18129c41be394775fd5ba2347
2025-07-15T20:01:07.3140589Z Successfully built sentinels
2025-07-15T20:01:07.3884711Z Installing collected packages: sentinels, pytz, urllib3, typing-extensions, tomli, sh, python-dotenv, Pygments, pluggy, paho-mqtt, packaging, mdurl, MarkupSafe, loguru, itsdangerous, iniconfig, idna, dnspython, click, charset-normalizer, certifi, blinker, Werkzeug, requests, pymongo, mongomock, markdown-it-py, Jinja2, exceptiongroup, rich, pytest, Flask, Flask-PyMongo, autodevops-cli
2025-07-15T20:01:09.8392869Z 
2025-07-15T20:01:09.8453808Z Successfully installed Flask-3.1.0 Flask-PyMongo-3.0.1 Jinja2-3.1.6 MarkupSafe-3.0.2 Pygments-2.19.2 Werkzeug-3.1.3 autodevops-cli-0.1.1 blinker-1.9.0 certifi-2025.7.14 charset-normalizer-3.4.2 click-8.2.1 dnspython-2.7.0 exceptiongroup-1.3.0 idna-3.10 iniconfig-2.1.0 itsdangerous-2.2.0 loguru-0.7.3 markdown-it-py-3.0.0 mdurl-0.1.2 mongomock-4.3.0 packaging-25.0 paho-mqtt-2.1.0 pluggy-1.6.0 pymongo-4.13.2 pytest-8.2.1 python-dotenv-1.1.1 pytz-2025.2 requests-2.32.4 rich-14.0.0 sentinels-1.0.0 sh-2.2.2 tomli-2.2.1 typing-extensions-4.14.1 urllib3-2.5.0
2025-07-15T20:01:09.9750458Z ##[group]Run export PYTHONPATH=.
2025-07-15T20:01:09.9750799Z [36;1mexport PYTHONPATH=.[0m
2025-07-15T20:01:09.9751060Z [36;1mpytest test_main.py -v[0m
2025-07-15T20:01:09.9779509Z shell: /usr/bin/bash -e {0}
2025-07-15T20:01:09.9779727Z env:
2025-07-15T20:01:09.9779971Z   pythonLocation: /opt/hostedtoolcache/Python/3.10.18/x64
2025-07-15T20:01:09.9780375Z   PKG_CONFIG_PATH: /opt/hostedtoolcache/Python/3.10.18/x64/lib/pkgconfig
2025-07-15T20:01:09.9780773Z   Python_ROOT_DIR: /opt/hostedtoolcache/Python/3.10.18/x64
2025-07-15T20:01:09.9781130Z   Python2_ROOT_DIR: /opt/hostedtoolcache/Python/3.10.18/x64
2025-07-15T20:01:09.9781490Z   Python3_ROOT_DIR: /opt/hostedtoolcache/Python/3.10.18/x64
2025-07-15T20:01:09.9781846Z   LD_LIBRARY_PATH: /opt/hostedtoolcache/Python/3.10.18/x64/lib
2025-07-15T20:01:09.9782155Z ##[endgroup]
2025-07-15T20:01:10.6115024Z ============================= test session starts ==============================
2025-07-15T20:01:10.6116193Z platform linux -- Python 3.10.18, pytest-8.2.1, pluggy-1.6.0 -- /opt/hostedtoolcache/Python/3.10.18/x64/bin/python
2025-07-15T20:01:10.6117263Z cachedir: .pytest_cache
2025-07-15T20:01:10.6117889Z rootdir: /home/runner/work/testing-CI-CD/testing-CI-CD
2025-07-15T20:01:10.8177353Z collecting ... collected 7 items
2025-07-15T20:01:10.8177832Z 
2025-07-15T20:01:10.8262733Z test_main.py::test_home_page PASSED                                      [ 14%]
2025-07-15T20:01:10.8413346Z test_main.py::test_admin_dashboard PASSED                                [ 28%]
2025-07-15T20:01:10.8478040Z test_main.py::test_student_dashboard PASSED                              [ 42%]
2025-07-15T20:01:10.8520862Z test_main.py::test_generate_attendance_no_input PASSED                   [ 57%]
2025-07-15T20:01:10.8563742Z test_main.py::test_student_generate_attendance_invalid PASSED            [ 71%]
2025-07-15T20:01:10.8625750Z test_main.py::test_register_user_get PASSED                              [ 85%]
2025-07-15T20:01:10.8683279Z test_main.py::test_receive_rfid_missing PASSED                           [100%]
2025-07-15T20:01:10.8683861Z 
2025-07-15T20:01:10.8684038Z ============================== 7 passed in 0.26s ===============================
2025-07-15T20:01:10.9102008Z ##[group]Run docker/login-action@v3
2025-07-15T20:01:10.9102273Z with:
2025-07-15T20:01:10.9102582Z   username: ***
2025-07-15T20:01:10.9102827Z   password: ***
2025-07-15T20:01:10.9102999Z   ecr: auto
2025-07-15T20:01:10.9103165Z   logout: true
2025-07-15T20:01:10.9103340Z env:
2025-07-15T20:01:10.9103566Z   pythonLocation: /opt/hostedtoolcache/Python/3.10.18/x64
2025-07-15T20:01:10.9103973Z   PKG_CONFIG_PATH: /opt/hostedtoolcache/Python/3.10.18/x64/lib/pkgconfig
2025-07-15T20:01:10.9104367Z   Python_ROOT_DIR: /opt/hostedtoolcache/Python/3.10.18/x64
2025-07-15T20:01:10.9104711Z   Python2_ROOT_DIR: /opt/hostedtoolcache/Python/3.10.18/x64
2025-07-15T20:01:10.9105055Z   Python3_ROOT_DIR: /opt/hostedtoolcache/Python/3.10.18/x64
2025-07-15T20:01:10.9105406Z   LD_LIBRARY_PATH: /opt/hostedtoolcache/Python/3.10.18/x64/lib
2025-07-15T20:01:10.9105902Z ##[endgroup]
2025-07-15T20:01:11.2015385Z Logging into Docker Hub...
2025-07-15T20:01:11.3563438Z Login Succeeded!
2025-07-15T20:01:11.3708892Z ##[group]Run docker build -t ***/flask-ci-cd-demo .
2025-07-15T20:01:11.3709337Z [36;1mdocker build -t ***/flask-ci-cd-demo .[0m
2025-07-15T20:01:11.3738111Z shell: /usr/bin/bash -e {0}
2025-07-15T20:01:11.3738339Z env:
2025-07-15T20:01:11.3738589Z   pythonLocation: /opt/hostedtoolcache/Python/3.10.18/x64
2025-07-15T20:01:11.3738992Z   PKG_CONFIG_PATH: /opt/hostedtoolcache/Python/3.10.18/x64/lib/pkgconfig
2025-07-15T20:01:11.3739387Z   Python_ROOT_DIR: /opt/hostedtoolcache/Python/3.10.18/x64
2025-07-15T20:01:11.3739757Z   Python2_ROOT_DIR: /opt/hostedtoolcache/Python/3.10.18/x64
2025-07-15T20:01:11.3740118Z   Python3_ROOT_DIR: /opt/hostedtoolcache/Python/3.10.18/x64
2025-07-15T20:01:11.3740471Z   LD_LIBRARY_PATH: /opt/hostedtoolcache/Python/3.10.18/x64/lib
2025-07-15T20:01:11.3740760Z ##[endgroup]
2025-07-15T20:01:11.7824538Z #0 building with "default" instance using docker driver
2025-07-15T20:01:11.7825044Z 
2025-07-15T20:01:11.7825378Z #1 [internal] load build definition from Dockerfile
2025-07-15T20:01:11.7826146Z #1 transferring dockerfile: 798B done
2025-07-15T20:01:11.7826463Z #1 DONE 0.0s
2025-07-15T20:01:11.7826595Z 
2025-07-15T20:01:11.7826792Z #2 [auth] library/python:pull token for registry-1.docker.io
2025-07-15T20:01:11.7827179Z #2 DONE 0.0s
2025-07-15T20:01:11.7827314Z 
2025-07-15T20:01:11.7827526Z #3 [internal] load metadata for docker.io/library/python:3.10-slim
2025-07-15T20:01:11.9464846Z #3 DONE 0.3s
2025-07-15T20:01:12.0640175Z 
2025-07-15T20:01:12.0640703Z #4 [internal] load .dockerignore
2025-07-15T20:01:12.0641185Z #4 transferring context: 2B done
2025-07-15T20:01:12.0641552Z #4 DONE 0.0s
2025-07-15T20:01:12.0641689Z 
2025-07-15T20:01:12.0642051Z #5 [1/6] FROM docker.io/library/python:3.10-slim@sha256:9dd6774a1276178f94b0cc1fb1f0edd980825d0ea7634847af9940b1b6273c13
2025-07-15T20:01:12.0642801Z #5 resolve docker.io/library/python:3.10-slim@sha256:9dd6774a1276178f94b0cc1fb1f0edd980825d0ea7634847af9940b1b6273c13 done
2025-07-15T20:01:12.0643836Z #5 sha256:92d63ec5cbeb1348bad42929919fd8e78f38d96e388b5509d2929d76ddafb48e 1.05MB / 15.65MB 0.1s
2025-07-15T20:01:12.0644990Z #5 sha256:9dd6774a1276178f94b0cc1fb1f0edd980825d0ea7634847af9940b1b6273c13 9.13kB / 9.13kB done
2025-07-15T20:01:12.0646306Z #5 sha256:c5dbd5ba857839a0aa9db765ea519c1514a40da811b4cf08c852b72fab4379d5 1.75kB / 1.75kB done
2025-07-15T20:01:12.0647682Z #5 sha256:563dffbdc42507a70677ee28b4bb678ad9074e3c9f75e3043523a38dcdf4f553 5.37kB / 5.37kB done
2025-07-15T20:01:12.0648911Z #5 sha256:3da95a905ed546f99c4564407923a681757d89651a388ec3f1f5e9bf5ed0b39d 9.44MB / 28.23MB 0.1s
2025-07-15T20:01:12.0650043Z #5 sha256:0ebcc011f0ec7a9a900f7366b104730396a59032e64f04f3867a75f25ed48280 0B / 3.51MB 0.1s
2025-07-15T20:01:12.1670969Z #5 sha256:92d63ec5cbeb1348bad42929919fd8e78f38d96e388b5509d2929d76ddafb48e 8.39MB / 15.65MB 0.2s
2025-07-15T20:01:12.1679376Z #5 sha256:3da95a905ed546f99c4564407923a681757d89651a388ec3f1f5e9bf5ed0b39d 19.92MB / 28.23MB 0.2s
2025-07-15T20:01:12.1680873Z #5 sha256:0ebcc011f0ec7a9a900f7366b104730396a59032e64f04f3867a75f25ed48280 3.51MB / 3.51MB 0.1s done
2025-07-15T20:01:12.1682011Z #5 sha256:64b78282ca88b226c404cb8dfdee72b75eea52c9ac7380c0439b6e03992e483f 248B / 248B 0.2s done
2025-07-15T20:01:12.2671319Z #5 sha256:92d63ec5cbeb1348bad42929919fd8e78f38d96e388b5509d2929d76ddafb48e 15.65MB / 15.65MB 0.3s done
2025-07-15T20:01:12.2703385Z #5 sha256:3da95a905ed546f99c4564407923a681757d89651a388ec3f1f5e9bf5ed0b39d 23.07MB / 28.23MB 0.3s
2025-07-15T20:01:12.4667085Z #5 sha256:3da95a905ed546f99c4564407923a681757d89651a388ec3f1f5e9bf5ed0b39d 28.23MB / 28.23MB 0.4s done
2025-07-15T20:01:12.4668542Z #5 extracting sha256:3da95a905ed546f99c4564407923a681757d89651a388ec3f1f5e9bf5ed0b39d 0.1s
2025-07-15T20:01:12.6700968Z #5 ...
2025-07-15T20:01:12.6702072Z 
2025-07-15T20:01:12.6702719Z #6 [internal] load build context
2025-07-15T20:01:12.6703504Z #6 transferring context: 64.64MB 0.6s done
2025-07-15T20:01:12.6704044Z #6 DONE 0.6s
2025-07-15T20:01:12.6704234Z 
2025-07-15T20:01:12.6705147Z #5 [1/6] FROM docker.io/library/python:3.10-slim@sha256:9dd6774a1276178f94b0cc1fb1f0edd980825d0ea7634847af9940b1b6273c13
2025-07-15T20:01:13.4749706Z #5 extracting sha256:3da95a905ed546f99c4564407923a681757d89651a388ec3f1f5e9bf5ed0b39d 1.1s done
2025-07-15T20:01:13.6141029Z #5 extracting sha256:0ebcc011f0ec7a9a900f7366b104730396a59032e64f04f3867a75f25ed48280 0.1s
2025-07-15T20:01:13.7697829Z #5 extracting sha256:0ebcc011f0ec7a9a900f7366b104730396a59032e64f04f3867a75f25ed48280 0.1s done
2025-07-15T20:01:14.1224997Z #5 extracting sha256:92d63ec5cbeb1348bad42929919fd8e78f38d96e388b5509d2929d76ddafb48e
2025-07-15T20:01:14.7931609Z #5 extracting sha256:92d63ec5cbeb1348bad42929919fd8e78f38d96e388b5509d2929d76ddafb48e 0.6s done
2025-07-15T20:01:14.7933622Z #5 extracting sha256:64b78282ca88b226c404cb8dfdee72b75eea52c9ac7380c0439b6e03992e483f
2025-07-15T20:01:14.9663706Z #5 extracting sha256:64b78282ca88b226c404cb8dfdee72b75eea52c9ac7380c0439b6e03992e483f done
2025-07-15T20:01:14.9664304Z #5 DONE 2.9s
2025-07-15T20:01:14.9664479Z 
2025-07-15T20:01:14.9665054Z #7 [2/6] RUN apt-get update &&     apt-get install -y --no-install-recommends     build-essential     curl     nano     git     && rm -rf /var/lib/apt/lists/*
2025-07-15T20:01:14.9965102Z #7 0.181 Get:1 http://deb.debian.org/debian bookworm InRelease [151 kB]
2025-07-15T20:01:15.1069314Z #7 0.190 Get:2 http://deb.debian.org/debian bookworm-updates InRelease [55.4 kB]
2025-07-15T20:01:15.1070277Z #7 0.190 Get:3 http://deb.debian.org/debian-security bookworm-security InRelease [48.0 kB]
2025-07-15T20:01:15.1071236Z #7 0.244 Get:4 http://deb.debian.org/debian bookworm/main amd64 Packages [8793 kB]
2025-07-15T20:01:15.1072186Z #7 0.291 Get:5 http://deb.debian.org/debian bookworm-updates/main amd64 Packages [756 B]
2025-07-15T20:01:15.3006836Z #7 0.334 Get:6 http://deb.debian.org/debian-security bookworm-security/main amd64 Packages [272 kB]
2025-07-15T20:01:15.8458116Z #7 1.030 Fetched 9320 kB in 1s (10.5 MB/s)
2025-07-15T20:01:16.2087581Z #7 1.030 Reading package lists...
2025-07-15T20:01:16.5906283Z #7 1.410 Reading package lists...
2025-07-15T20:01:16.7658644Z #7 1.785 Building dependency tree...
2025-07-15T20:01:16.7659407Z #7 1.862 Reading state information...
2025-07-15T20:01:16.7660230Z #7 1.950 The following additional packages will be installed:
2025-07-15T20:01:16.7660988Z #7 1.950   binutils binutils-common binutils-x86-64-linux-gnu bzip2 cpp cpp-12 dpkg-dev
2025-07-15T20:01:16.9171912Z #7 1.950   g++ g++-12 gcc gcc-12 git-man libasan8 libatomic1 libbinutils libbrotli1
2025-07-15T20:01:16.9172755Z #7 1.950   libc-dev-bin libc6-dev libcc1-0 libcrypt-dev libctf-nobfd0 libctf0
2025-07-15T20:01:16.9173629Z #7 1.950   libcurl3-gnutls libcurl4 libdpkg-perl liberror-perl libexpat1 libgcc-12-dev
2025-07-15T20:01:16.9174491Z #7 1.950   libgdbm-compat4 libgomp1 libgprofng0 libisl23 libitm1 libjansson4
2025-07-15T20:01:16.9175348Z #7 1.950   libldap-2.5-0 liblsan0 libmpc3 libmpfr6 libnghttp2-14 libnsl-dev libperl5.36
2025-07-15T20:01:16.9176468Z #7 1.950   libpsl5 libquadmath0 librtmp1 libsasl2-2 libsasl2-modules-db libssh2-1
2025-07-15T20:01:16.9177686Z #7 1.950   libstdc++-12-dev libtirpc-dev libtsan2 libubsan1 linux-libc-dev make patch
2025-07-15T20:01:16.9178426Z #7 1.950   perl perl-modules-5.36 rpcsvc-proto xz-utils
2025-07-15T20:01:16.9178920Z #7 1.951 Suggested packages:
2025-07-15T20:01:16.9179508Z #7 1.951   binutils-doc bzip2-doc cpp-doc gcc-12-locales cpp-12-doc debian-keyring
2025-07-15T20:01:16.9180334Z #7 1.951   g++-multilib g++-12-multilib gcc-12-doc gcc-multilib manpages-dev autoconf
2025-07-15T20:01:16.9181167Z #7 1.951   automake libtool flex bison gdb gcc-doc gcc-12-multilib gettext-base
2025-07-15T20:01:16.9182004Z #7 1.951   git-daemon-run | git-daemon-sysvinit git-doc git-email git-gui gitk gitweb
2025-07-15T20:01:16.9182885Z #7 1.951   git-cvs git-mediawiki git-svn glibc-doc gnupg | sq | sqop | pgpainless-cli
2025-07-15T20:01:16.9183750Z #7 1.951   sensible-utils bzr libstdc++-12-doc make-doc hunspell ed diffutils-doc
2025-07-15T20:01:16.9184817Z #7 1.951   perl-doc libterm-readline-gnu-perl | libterm-readline-perl-perl
2025-07-15T20:01:16.9185633Z #7 1.951   libtap-harness-archive-perl
2025-07-15T20:01:16.9186068Z #7 1.951 Recommended packages:
2025-07-15T20:01:16.9186666Z #7 1.951   fakeroot gnupg | sq | sqop | pgpainless-cli libalgorithm-merge-perl less
2025-07-15T20:01:16.9187507Z #7 1.951   ssh-client manpages manpages-dev libc-devtools libfile-fcntllock-perl
2025-07-15T20:01:16.9188354Z #7 1.951   liblocale-gettext-perl libldap-common publicsuffix libsasl2-modules
2025-07-15T20:01:17.0057653Z #7 2.190 The following NEW packages will be installed:
2025-07-15T20:01:17.0058478Z #7 2.190   binutils binutils-common binutils-x86-64-linux-gnu build-essential bzip2 cpp
2025-07-15T20:01:17.1095294Z #7 2.190   cpp-12 curl dpkg-dev g++ g++-12 gcc gcc-12 git git-man libasan8 libatomic1
2025-07-15T20:01:17.1096332Z #7 2.190   libbinutils libbrotli1 libc-dev-bin libc6-dev libcc1-0 libcrypt-dev
2025-07-15T20:01:17.1097189Z #7 2.190   libctf-nobfd0 libctf0 libcurl3-gnutls libcurl4 libdpkg-perl liberror-perl
2025-07-15T20:01:17.1097998Z #7 2.190   libexpat1 libgcc-12-dev libgdbm-compat4 libgomp1 libgprofng0 libisl23
2025-07-15T20:01:17.1098494Z #7 2.190   libitm1 libjansson4 libldap-2.5-0 liblsan0 libmpc3 libmpfr6 libnghttp2-14
2025-07-15T20:01:17.1099293Z #7 2.190   libnsl-dev libperl5.36 libpsl5 libquadmath0 librtmp1 libsasl2-2
2025-07-15T20:01:17.1102158Z #7 2.190   libsasl2-modules-db libssh2-1 libstdc++-12-dev libtirpc-dev libtsan2
2025-07-15T20:01:17.1102691Z #7 2.191   libubsan1 linux-libc-dev make nano patch perl perl-modules-5.36 rpcsvc-proto
2025-07-15T20:01:17.1103077Z #7 2.191   xz-utils
2025-07-15T20:01:17.1103416Z #7 2.225 0 upgraded, 62 newly installed, 0 to remove and 0 not upgraded.
2025-07-15T20:01:17.1103771Z #7 2.225 Need to get 85.7 MB of archives.
2025-07-15T20:01:17.1104121Z #7 2.225 After this operation, 370 MB of additional disk space will be used.
2025-07-15T20:01:17.1106246Z #7 2.225 Get:1 http://deb.debian.org/debian bookworm/main amd64 perl-modules-5.36 all 5.36.0-7+deb12u2 [2815 kB]
2025-07-15T20:01:17.1107133Z #7 2.241 Get:2 http://deb.debian.org/debian bookworm/main amd64 libgdbm-compat4 amd64 1.23-3 [48.2 kB]
2025-07-15T20:01:17.1108064Z #7 2.242 Get:3 http://deb.debian.org/debian bookworm/main amd64 libperl5.36 amd64 5.36.0-7+deb12u2 [4207 kB]
2025-07-15T20:01:17.1109254Z #7 2.258 Get:4 http://deb.debian.org/debian bookworm/main amd64 perl amd64 5.36.0-7+deb12u2 [239 kB]
2025-07-15T20:01:17.1111768Z #7 2.259 Get:5 http://deb.debian.org/debian bookworm/main amd64 nano amd64 7.2-1+deb12u1 [690 kB]
2025-07-15T20:01:17.1112335Z #7 2.261 Get:6 http://deb.debian.org/debian bookworm/main amd64 bzip2 amd64 1.0.8-5+b1 [49.8 kB]
2025-07-15T20:01:17.1113243Z #7 2.262 Get:7 http://deb.debian.org/debian bookworm/main amd64 xz-utils amd64 5.4.1-1 [471 kB]
2025-07-15T20:01:17.1114367Z #7 2.264 Get:8 http://deb.debian.org/debian bookworm/main amd64 binutils-common amd64 2.40-2 [2487 kB]
2025-07-15T20:01:17.1116892Z #7 2.273 Get:9 http://deb.debian.org/debian bookworm/main amd64 libbinutils amd64 2.40-2 [572 kB]
2025-07-15T20:01:17.1117787Z #7 2.275 Get:10 http://deb.debian.org/debian bookworm/main amd64 libctf-nobfd0 amd64 2.40-2 [153 kB]
2025-07-15T20:01:17.1118786Z #7 2.276 Get:11 http://deb.debian.org/debian bookworm/main amd64 libctf0 amd64 2.40-2 [89.8 kB]
2025-07-15T20:01:17.1119870Z #7 2.277 Get:12 http://deb.debian.org/debian bookworm/main amd64 libgprofng0 amd64 2.40-2 [812 kB]
2025-07-15T20:01:17.1122450Z #7 2.280 Get:13 http://deb.debian.org/debian bookworm/main amd64 libjansson4 amd64 2.14-2 [40.8 kB]
2025-07-15T20:01:17.1123077Z #7 2.280 Get:14 http://deb.debian.org/debian bookworm/main amd64 binutils-x86-64-linux-gnu amd64 2.40-2 [2246 kB]
2025-07-15T20:01:17.1123663Z #7 2.288 Get:15 http://deb.debian.org/debian bookworm/main amd64 binutils amd64 2.40-2 [65.0 kB]
2025-07-15T20:01:17.1124216Z #7 2.289 Get:16 http://deb.debian.org/debian bookworm/main amd64 libc-dev-bin amd64 2.36-9+deb12u10 [47.1 kB]
2025-07-15T20:01:17.1125128Z #7 2.289 Get:17 http://deb.debian.org/debian-security bookworm-security/main amd64 linux-libc-dev amd64 6.1.140-1 [2145 kB]
2025-07-15T20:01:17.1127543Z #7 2.293 Get:18 http://deb.debian.org/debian bookworm/main amd64 libcrypt-dev amd64 1:4.4.33-2 [118 kB]
2025-07-15T20:01:17.2611023Z #7 2.294 Get:19 http://deb.debian.org/debian bookworm/main amd64 libtirpc-dev amd64 1.3.3+ds-1 [191 kB]
2025-07-15T20:01:17.2614259Z #7 2.295 Get:20 http://deb.debian.org/debian bookworm/main amd64 libnsl-dev amd64 1.3.0-2 [66.4 kB]
2025-07-15T20:01:17.2615900Z #7 2.296 Get:21 http://deb.debian.org/debian bookworm/main amd64 rpcsvc-proto amd64 1.4.3-1 [63.3 kB]
2025-07-15T20:01:17.2617268Z #7 2.296 Get:22 http://deb.debian.org/debian bookworm/main amd64 libc6-dev amd64 2.36-9+deb12u10 [1903 kB]
2025-07-15T20:01:17.2618599Z #7 2.303 Get:23 http://deb.debian.org/debian bookworm/main amd64 libisl23 amd64 0.25-1.1 [683 kB]
2025-07-15T20:01:17.2619854Z #7 2.306 Get:24 http://deb.debian.org/debian bookworm/main amd64 libmpfr6 amd64 4.2.0-1 [701 kB]
2025-07-15T20:01:17.2620874Z #7 2.309 Get:25 http://deb.debian.org/debian bookworm/main amd64 libmpc3 amd64 1.3.1-1 [51.5 kB]
2025-07-15T20:01:17.2621832Z #7 2.309 Get:26 http://deb.debian.org/debian bookworm/main amd64 cpp-12 amd64 12.2.0-14+deb12u1 [9768 kB]
2025-07-15T20:01:17.2622791Z #7 2.344 Get:27 http://deb.debian.org/debian bookworm/main amd64 cpp amd64 4:12.2.0-3 [6836 B]
2025-07-15T20:01:17.2623749Z #7 2.344 Get:28 http://deb.debian.org/debian bookworm/main amd64 libcc1-0 amd64 12.2.0-14+deb12u1 [41.7 kB]
2025-07-15T20:01:17.2624755Z #7 2.345 Get:29 http://deb.debian.org/debian bookworm/main amd64 libgomp1 amd64 12.2.0-14+deb12u1 [116 kB]
2025-07-15T20:01:17.2625901Z #7 2.345 Get:30 http://deb.debian.org/debian bookworm/main amd64 libitm1 amd64 12.2.0-14+deb12u1 [26.1 kB]
2025-07-15T20:01:17.2626917Z #7 2.346 Get:31 http://deb.debian.org/debian bookworm/main amd64 libatomic1 amd64 12.2.0-14+deb12u1 [9376 B]
2025-07-15T20:01:17.2627801Z #7 2.346 Get:32 http://deb.debian.org/debian bookworm/main amd64 libasan8 amd64 12.2.0-14+deb12u1 [2193 kB]
2025-07-15T20:01:17.2628414Z #7 2.354 Get:33 http://deb.debian.org/debian bookworm/main amd64 liblsan0 amd64 12.2.0-14+deb12u1 [969 kB]
2025-07-15T20:01:17.2629000Z #7 2.358 Get:34 http://deb.debian.org/debian bookworm/main amd64 libtsan2 amd64 12.2.0-14+deb12u1 [2197 kB]
2025-07-15T20:01:17.2629934Z #7 2.366 Get:35 http://deb.debian.org/debian bookworm/main amd64 libubsan1 amd64 12.2.0-14+deb12u1 [883 kB]
2025-07-15T20:01:17.2630553Z #7 2.369 Get:36 http://deb.debian.org/debian bookworm/main amd64 libquadmath0 amd64 12.2.0-14+deb12u1 [145 kB]
2025-07-15T20:01:17.2631289Z #7 2.370 Get:37 http://deb.debian.org/debian bookworm/main amd64 libgcc-12-dev amd64 12.2.0-14+deb12u1 [2437 kB]
2025-07-15T20:01:17.2632386Z #7 2.379 Get:38 http://deb.debian.org/debian bookworm/main amd64 gcc-12 amd64 12.2.0-14+deb12u1 [19.3 MB]
2025-07-15T20:01:17.2633336Z #7 2.445 Get:39 http://deb.debian.org/debian bookworm/main amd64 gcc amd64 4:12.2.0-3 [5216 B]
2025-07-15T20:01:17.4523533Z #7 2.446 Get:40 http://deb.debian.org/debian bookworm/main amd64 libstdc++-12-dev amd64 12.2.0-14+deb12u1 [2047 kB]
2025-07-15T20:01:17.4524752Z #7 2.453 Get:41 http://deb.debian.org/debian bookworm/main amd64 g++-12 amd64 12.2.0-14+deb12u1 [10.7 MB]
2025-07-15T20:01:17.4525949Z #7 2.491 Get:42 http://deb.debian.org/debian bookworm/main amd64 g++ amd64 4:12.2.0-3 [1356 B]
2025-07-15T20:01:17.4526883Z #7 2.491 Get:43 http://deb.debian.org/debian bookworm/main amd64 make amd64 4.3-4.1 [396 kB]
2025-07-15T20:01:17.4527839Z #7 2.493 Get:44 http://deb.debian.org/debian bookworm/main amd64 libdpkg-perl all 1.21.22 [603 kB]
2025-07-15T20:01:17.4528792Z #7 2.495 Get:45 http://deb.debian.org/debian bookworm/main amd64 patch amd64 2.7.6-7 [128 kB]
2025-07-15T20:01:17.4529690Z #7 2.496 Get:46 http://deb.debian.org/debian bookworm/main amd64 dpkg-dev all 1.21.22 [1353 kB]
2025-07-15T20:01:17.4530651Z #7 2.501 Get:47 http://deb.debian.org/debian bookworm/main amd64 build-essential amd64 12.9 [7704 B]
2025-07-15T20:01:17.4531918Z #7 2.501 Get:48 http://deb.debian.org/debian bookworm/main amd64 libbrotli1 amd64 1.0.9-2+b6 [275 kB]
2025-07-15T20:01:17.4533003Z #7 2.502 Get:49 http://deb.debian.org/debian bookworm/main amd64 libsasl2-modules-db amd64 2.1.28+dfsg-10 [20.3 kB]
2025-07-15T20:01:17.4534111Z #7 2.503 Get:50 http://deb.debian.org/debian bookworm/main amd64 libsasl2-2 amd64 2.1.28+dfsg-10 [59.7 kB]
2025-07-15T20:01:17.4535132Z #7 2.503 Get:51 http://deb.debian.org/debian bookworm/main amd64 libldap-2.5-0 amd64 2.5.13+dfsg-5 [183 kB]
2025-07-15T20:01:17.4536183Z #7 2.504 Get:52 http://deb.debian.org/debian bookworm/main amd64 libnghttp2-14 amd64 1.52.0-1+deb12u2 [73.0 kB]
2025-07-15T20:01:17.4536895Z #7 2.505 Get:53 http://deb.debian.org/debian bookworm/main amd64 libpsl5 amd64 0.21.2-1 [58.7 kB]
2025-07-15T20:01:17.4537953Z #7 2.505 Get:54 http://deb.debian.org/debian bookworm/main amd64 librtmp1 amd64 2.4+20151223.gitfa8646d.1-2+b2 [60.8 kB]
2025-07-15T20:01:17.4539084Z #7 2.506 Get:55 http://deb.debian.org/debian bookworm/main amd64 libssh2-1 amd64 1.10.0-3+b1 [179 kB]
2025-07-15T20:01:17.4540115Z #7 2.507 Get:56 http://deb.debian.org/debian bookworm/main amd64 libcurl4 amd64 7.88.1-10+deb12u12 [391 kB]
2025-07-15T20:01:17.4541200Z #7 2.508 Get:57 http://deb.debian.org/debian bookworm/main amd64 curl amd64 7.88.1-10+deb12u12 [315 kB]
2025-07-15T20:01:17.4542270Z #7 2.510 Get:58 http://deb.debian.org/debian bookworm/main amd64 libcurl3-gnutls amd64 7.88.1-10+deb12u12 [386 kB]
2025-07-15T20:01:17.4543366Z #7 2.511 Get:59 http://deb.debian.org/debian bookworm/main amd64 libexpat1 amd64 2.5.0-1+deb12u1 [98.9 kB]
2025-07-15T20:01:17.4544381Z #7 2.512 Get:60 http://deb.debian.org/debian bookworm/main amd64 liberror-perl all 0.17029-2 [29.0 kB]
2025-07-15T20:01:17.4545411Z #7 2.512 Get:61 http://deb.debian.org/debian bookworm/main amd64 git-man all 1:2.39.5-0+deb12u2 [2053 kB]
2025-07-15T20:01:17.4546623Z #7 2.519 Get:62 http://deb.debian.org/debian bookworm/main amd64 git amd64 1:2.39.5-0+deb12u2 [7260 kB]
2025-07-15T20:01:17.4547520Z #7 2.636 debconf: delaying package configuration, since apt-utils is not installed
2025-07-15T20:01:17.6426916Z #7 2.655 Fetched 85.7 MB in 0s (247 MB/s)
2025-07-15T20:01:17.6427585Z #7 2.669 Selecting previously unselected package perl-modules-5.36.
2025-07-15T20:01:17.6428187Z #7 2.669 (Reading database ... 
2025-07-15T20:01:17.6428575Z (Reading database ... 5%
2025-07-15T20:01:17.6428947Z (Reading database ... 10%
2025-07-15T20:01:17.6429312Z (Reading database ... 15%
2025-07-15T20:01:17.6429660Z (Reading database ... 20%
2025-07-15T20:01:17.6430037Z (Reading database ... 25%
2025-07-15T20:01:17.6430396Z (Reading database ... 30%
2025-07-15T20:01:17.6430744Z (Reading database ... 35%
2025-07-15T20:01:17.6431097Z (Reading database ... 40%
2025-07-15T20:01:17.6431456Z (Reading database ... 45%
2025-07-15T20:01:17.6431802Z (Reading database ... 50%
2025-07-15T20:01:17.6432152Z (Reading database ... 55%
2025-07-15T20:01:17.6432505Z (Reading database ... 60%
2025-07-15T20:01:17.6432846Z (Reading database ... 65%
2025-07-15T20:01:17.6433478Z (Reading database ... 70%
2025-07-15T20:01:17.6433825Z (Reading database ... 75%
2025-07-15T20:01:17.6434165Z (Reading database ... 80%
2025-07-15T20:01:17.6434511Z (Reading database ... 85%
2025-07-15T20:01:17.6434853Z (Reading database ... 90%
2025-07-15T20:01:17.6435196Z (Reading database ... 95%
2025-07-15T20:01:17.6435727Z (Reading database ... 100%
2025-07-15T20:01:17.6436271Z (Reading database ... 6688 files and directories currently installed.)
2025-07-15T20:01:17.6437060Z #7 2.676 Preparing to unpack .../00-perl-modules-5.36_5.36.0-7+deb12u2_all.deb ...
2025-07-15T20:01:17.6437767Z #7 2.676 Unpacking perl-modules-5.36 (5.36.0-7+deb12u2) ...
2025-07-15T20:01:17.7933983Z #7 2.977 Selecting previously unselected package libgdbm-compat4:amd64.
2025-07-15T20:01:17.9670311Z #7 2.979 Preparing to unpack .../01-libgdbm-compat4_1.23-3_amd64.deb ...
2025-07-15T20:01:17.9670868Z #7 2.981 Unpacking libgdbm-compat4:amd64 (1.23-3) ...
2025-07-15T20:01:17.9671920Z #7 2.999 Selecting previously unselected package libperl5.36:amd64.
2025-07-15T20:01:17.9672695Z #7 3.000 Preparing to unpack .../02-libperl5.36_5.36.0-7+deb12u2_amd64.deb ...
2025-07-15T20:01:17.9673425Z #7 3.001 Unpacking libperl5.36:amd64 (5.36.0-7+deb12u2) ...
2025-07-15T20:01:18.1018409Z #7 3.286 Selecting previously unselected package perl.
2025-07-15T20:01:18.2160935Z #7 3.287 Preparing to unpack .../03-perl_5.36.0-7+deb12u2_amd64.deb ...
2025-07-15T20:01:18.2161366Z #7 3.293 Unpacking perl (5.36.0-7+deb12u2) ...
2025-07-15T20:01:18.2161693Z #7 3.321 Selecting previously unselected package nano.
2025-07-15T20:01:18.2162070Z #7 3.322 Preparing to unpack .../04-nano_7.2-1+deb12u1_amd64.deb ...
2025-07-15T20:01:18.2162399Z #7 3.323 Unpacking nano (7.2-1+deb12u1) ...
2025-07-15T20:01:18.2162704Z #7 3.380 Selecting previously unselected package bzip2.
2025-07-15T20:01:18.2163058Z #7 3.381 Preparing to unpack .../05-bzip2_1.0.8-5+b1_amd64.deb ...
2025-07-15T20:01:18.2163372Z #7 3.382 Unpacking bzip2 (1.0.8-5+b1) ...
2025-07-15T20:01:18.2163695Z #7 3.400 Selecting previously unselected package xz-utils.
2025-07-15T20:01:18.4163640Z #7 3.401 Preparing to unpack .../06-xz-utils_5.4.1-1_amd64.deb ...
2025-07-15T20:01:18.4164444Z #7 3.404 Unpacking xz-utils (5.4.1-1) ...
2025-07-15T20:01:18.4165062Z #7 3.448 Selecting previously unselected package binutils-common:amd64.
2025-07-15T20:01:18.4165870Z #7 3.449 Preparing to unpack .../07-binutils-common_2.40-2_amd64.deb ...
2025-07-15T20:01:18.4166398Z #7 3.450 Unpacking binutils-common:amd64 (2.40-2) ...
2025-07-15T20:01:18.4305926Z #7 3.615 Selecting previously unselected package libbinutils:amd64.
2025-07-15T20:01:18.5340255Z #7 3.616 Preparing to unpack .../08-libbinutils_2.40-2_amd64.deb ...
2025-07-15T20:01:18.5340922Z #7 3.617 Unpacking libbinutils:amd64 (2.40-2) ...
2025-07-15T20:01:18.5341484Z #7 3.668 Selecting previously unselected package libctf-nobfd0:amd64.
2025-07-15T20:01:18.5341907Z #7 3.670 Preparing to unpack .../09-libctf-nobfd0_2.40-2_amd64.deb ...
2025-07-15T20:01:18.5342308Z #7 3.671 Unpacking libctf-nobfd0:amd64 (2.40-2) ...
2025-07-15T20:01:18.5342655Z #7 3.695 Selecting previously unselected package libctf0:amd64.
2025-07-15T20:01:18.5343032Z #7 3.696 Preparing to unpack .../10-libctf0_2.40-2_amd64.deb ...
2025-07-15T20:01:18.5343344Z #7 3.697 Unpacking libctf0:amd64 (2.40-2) ...
2025-07-15T20:01:18.5343676Z #7 3.718 Selecting previously unselected package libgprofng0:amd64.
2025-07-15T20:01:18.7727448Z #7 3.719 Preparing to unpack .../11-libgprofng0_2.40-2_amd64.deb ...
2025-07-15T20:01:18.7727914Z #7 3.720 Unpacking libgprofng0:amd64 (2.40-2) ...
2025-07-15T20:01:18.7728363Z #7 3.787 Selecting previously unselected package libjansson4:amd64.
2025-07-15T20:01:18.7728865Z #7 3.788 Preparing to unpack .../12-libjansson4_2.14-2_amd64.deb ...
2025-07-15T20:01:18.7729294Z #7 3.789 Unpacking libjansson4:amd64 (2.14-2) ...
2025-07-15T20:01:18.7729740Z #7 3.805 Selecting previously unselected package binutils-x86-64-linux-gnu.
2025-07-15T20:01:18.7730592Z #7 3.806 Preparing to unpack .../13-binutils-x86-64-linux-gnu_2.40-2_amd64.deb ...
2025-07-15T20:01:18.7731079Z #7 3.806 Unpacking binutils-x86-64-linux-gnu (2.40-2) ...
2025-07-15T20:01:18.7876408Z #7 3.972 Selecting previously unselected package binutils.
2025-07-15T20:01:18.9793950Z #7 3.973 Preparing to unpack .../14-binutils_2.40-2_amd64.deb ...
2025-07-15T20:01:18.9794566Z #7 3.974 Unpacking binutils (2.40-2) ...
2025-07-15T20:01:18.9795033Z #7 3.994 Selecting previously unselected package libc-dev-bin.
2025-07-15T20:01:18.9795725Z #7 3.995 Preparing to unpack .../15-libc-dev-bin_2.36-9+deb12u10_amd64.deb ...
2025-07-15T20:01:18.9796205Z #7 3.996 Unpacking libc-dev-bin (2.36-9+deb12u10) ...
2025-07-15T20:01:18.9796658Z #7 4.011 Selecting previously unselected package linux-libc-dev:amd64.
2025-07-15T20:01:18.9797173Z #7 4.012 Preparing to unpack .../16-linux-libc-dev_6.1.140-1_amd64.deb ...
2025-07-15T20:01:18.9797614Z #7 4.013 Unpacking linux-libc-dev:amd64 (6.1.140-1) ...
2025-07-15T20:01:19.0318873Z #7 4.216 Selecting previously unselected package libcrypt-dev:amd64.
2025-07-15T20:01:19.1322668Z #7 4.218 Preparing to unpack .../17-libcrypt-dev_1%3a4.4.33-2_amd64.deb ...
2025-07-15T20:01:19.1323508Z #7 4.223 Unpacking libcrypt-dev:amd64 (1:4.4.33-2) ...
2025-07-15T20:01:19.1324123Z #7 4.243 Selecting previously unselected package libtirpc-dev:amd64.
2025-07-15T20:01:19.1324571Z #7 4.245 Preparing to unpack .../18-libtirpc-dev_1.3.3+ds-1_amd64.deb ...
2025-07-15T20:01:19.1324952Z #7 4.246 Unpacking libtirpc-dev:amd64 (1.3.3+ds-1) ...
2025-07-15T20:01:19.1325311Z #7 4.273 Selecting previously unselected package libnsl-dev:amd64.
2025-07-15T20:01:19.1326080Z #7 4.274 Preparing to unpack .../19-libnsl-dev_1.3.0-2_amd64.deb ...
2025-07-15T20:01:19.1326421Z #7 4.275 Unpacking libnsl-dev:amd64 (1.3.0-2) ...
2025-07-15T20:01:19.1326893Z #7 4.293 Selecting previously unselected package rpcsvc-proto.
2025-07-15T20:01:19.1327329Z #7 4.294 Preparing to unpack .../20-rpcsvc-proto_1.4.3-1_amd64.deb ...
2025-07-15T20:01:19.1327695Z #7 4.295 Unpacking rpcsvc-proto (1.4.3-1) ...
2025-07-15T20:01:19.1328141Z #7 4.315 Selecting previously unselected package libc6-dev:amd64.
2025-07-15T20:01:19.1328923Z #7 4.316 Preparing to unpack .../21-libc6-dev_2.36-9+deb12u10_amd64.deb ...
2025-07-15T20:01:19.2834882Z #7 4.317 Unpacking libc6-dev:amd64 (2.36-9+deb12u10) ...
2025-07-15T20:01:19.2962848Z #7 4.480 Selecting previously unselected package libisl23:amd64.
2025-07-15T20:01:19.3969700Z #7 4.482 Preparing to unpack .../22-libisl23_0.25-1.1_amd64.deb ...
2025-07-15T20:01:19.3970308Z #7 4.483 Unpacking libisl23:amd64 (0.25-1.1) ...
2025-07-15T20:01:19.3970853Z #7 4.539 Selecting previously unselected package libmpfr6:amd64.
2025-07-15T20:01:19.3971484Z #7 4.540 Preparing to unpack .../23-libmpfr6_4.2.0-1_amd64.deb ...
2025-07-15T20:01:19.3972013Z #7 4.541 Unpacking libmpfr6:amd64 (4.2.0-1) ...
2025-07-15T20:01:19.3972536Z #7 4.581 Selecting previously unselected package libmpc3:amd64.
2025-07-15T20:01:19.5678707Z #7 4.582 Preparing to unpack .../24-libmpc3_1.3.1-1_amd64.deb ...
2025-07-15T20:01:19.5679229Z #7 4.583 Unpacking libmpc3:amd64 (1.3.1-1) ...
2025-07-15T20:01:19.5679655Z #7 4.600 Selecting previously unselected package cpp-12.
2025-07-15T20:01:19.5680159Z #7 4.601 Preparing to unpack .../25-cpp-12_12.2.0-14+deb12u1_amd64.deb ...
2025-07-15T20:01:19.5680633Z #7 4.601 Unpacking cpp-12 (12.2.0-14+deb12u1) ...
2025-07-15T20:01:19.8998215Z #7 5.084 Selecting previously unselected package cpp.
2025-07-15T20:01:20.1440578Z #7 5.086 Preparing to unpack .../26-cpp_4%3a12.2.0-3_amd64.deb ...
2025-07-15T20:01:20.1441725Z #7 5.086 Unpacking cpp (4:12.2.0-3) ...
2025-07-15T20:01:20.1442480Z #7 5.101 Selecting previously unselected package libcc1-0:amd64.
2025-07-15T20:01:20.1442940Z #7 5.102 Preparing to unpack .../27-libcc1-0_12.2.0-14+deb12u1_amd64.deb ...
2025-07-15T20:01:20.1443342Z #7 5.103 Unpacking libcc1-0:amd64 (12.2.0-14+deb12u1) ...
2025-07-15T20:01:20.1443702Z #7 5.120 Selecting previously unselected package libgomp1:amd64.
2025-07-15T20:01:20.1444383Z #7 5.121 Preparing to unpack .../28-libgomp1_12.2.0-14+deb12u1_amd64.deb ...
2025-07-15T20:01:20.1444762Z #7 5.122 Unpacking libgomp1:amd64 (12.2.0-14+deb12u1) ...
2025-07-15T20:01:20.1445124Z #7 5.143 Selecting previously unselected package libitm1:amd64.
2025-07-15T20:01:20.1445783Z #7 5.144 Preparing to unpack .../29-libitm1_12.2.0-14+deb12u1_amd64.deb ...
2025-07-15T20:01:20.1446190Z #7 5.145 Unpacking libitm1:amd64 (12.2.0-14+deb12u1) ...
2025-07-15T20:01:20.1446554Z #7 5.161 Selecting previously unselected package libatomic1:amd64.
2025-07-15T20:01:20.1446971Z #7 5.162 Preparing to unpack .../30-libatomic1_12.2.0-14+deb12u1_amd64.deb ...
2025-07-15T20:01:20.1447351Z #7 5.163 Unpacking libatomic1:amd64 (12.2.0-14+deb12u1) ...
2025-07-15T20:01:20.1447704Z #7 5.178 Selecting previously unselected package libasan8:amd64.
2025-07-15T20:01:20.1448103Z #7 5.179 Preparing to unpack .../31-libasan8_12.2.0-14+deb12u1_amd64.deb ...
2025-07-15T20:01:20.1448468Z #7 5.179 Unpacking libasan8:amd64 (12.2.0-14+deb12u1) ...
2025-07-15T20:01:20.1449000Z #7 5.328 Selecting previously unselected package liblsan0:amd64.
2025-07-15T20:01:20.3671771Z #7 5.330 Preparing to unpack .../32-liblsan0_12.2.0-14+deb12u1_amd64.deb ...
2025-07-15T20:01:20.3672531Z #7 5.331 Unpacking liblsan0:amd64 (12.2.0-14+deb12u1) ...
2025-07-15T20:01:20.3673033Z #7 5.403 Selecting previously unselected package libtsan2:amd64.
2025-07-15T20:01:20.3673519Z #7 5.404 Preparing to unpack .../33-libtsan2_12.2.0-14+deb12u1_amd64.deb ...
2025-07-15T20:01:20.3674028Z #7 5.405 Unpacking libtsan2:amd64 (12.2.0-14+deb12u1) ...
2025-07-15T20:01:20.3674511Z #7 5.551 Selecting previously unselected package libubsan1:amd64.
2025-07-15T20:01:20.6083271Z #7 5.553 Preparing to unpack .../34-libubsan1_12.2.0-14+deb12u1_amd64.deb ...
2025-07-15T20:01:20.6083971Z #7 5.554 Unpacking libubsan1:amd64 (12.2.0-14+deb12u1) ...
2025-07-15T20:01:20.6084545Z #7 5.624 Selecting previously unselected package libquadmath0:amd64.
2025-07-15T20:01:20.6085240Z #7 5.625 Preparing to unpack .../35-libquadmath0_12.2.0-14+deb12u1_amd64.deb ...
2025-07-15T20:01:20.6086120Z #7 5.626 Unpacking libquadmath0:amd64 (12.2.0-14+deb12u1) ...
2025-07-15T20:01:20.6086696Z #7 5.647 Selecting previously unselected package libgcc-12-dev:amd64.
2025-07-15T20:01:20.6087335Z #7 5.648 Preparing to unpack .../36-libgcc-12-dev_12.2.0-14+deb12u1_amd64.deb ...
2025-07-15T20:01:20.6087921Z #7 5.649 Unpacking libgcc-12-dev:amd64 (12.2.0-14+deb12u1) ...
2025-07-15T20:01:20.6088420Z #7 5.792 Selecting previously unselected package gcc-12.
2025-07-15T20:01:20.7615142Z #7 5.794 Preparing to unpack .../37-gcc-12_12.2.0-14+deb12u1_amd64.deb ...
2025-07-15T20:01:20.7619866Z #7 5.795 Unpacking gcc-12 (12.2.0-14+deb12u1) ...
2025-07-15T20:01:21.2542060Z #7 6.438 Selecting previously unselected package gcc.
2025-07-15T20:01:21.4265861Z #7 6.440 Preparing to unpack .../38-gcc_4%3a12.2.0-3_amd64.deb ...
2025-07-15T20:01:21.4266517Z #7 6.441 Unpacking gcc (4:12.2.0-3) ...
2025-07-15T20:01:21.4267009Z #7 6.458 Selecting previously unselected package libstdc++-12-dev:amd64.
2025-07-15T20:01:21.4267623Z #7 6.459 Preparing to unpack .../39-libstdc++-12-dev_12.2.0-14+deb12u1_amd64.deb ...
2025-07-15T20:01:21.4268208Z #7 6.460 Unpacking libstdc++-12-dev:amd64 (12.2.0-14+deb12u1) ...
2025-07-15T20:01:21.4698673Z #7 6.654 Selecting previously unselected package g++-12.
2025-07-15T20:01:21.6233677Z #7 6.656 Preparing to unpack .../40-g++-12_12.2.0-14+deb12u1_amd64.deb ...
2025-07-15T20:01:21.6234358Z #7 6.657 Unpacking g++-12 (12.2.0-14+deb12u1) ...
2025-07-15T20:01:21.9828227Z #7 7.167 Selecting previously unselected package g++.
2025-07-15T20:01:22.0922025Z #7 7.169 Preparing to unpack .../41-g++_4%3a12.2.0-3_amd64.deb ...
2025-07-15T20:01:22.0922631Z #7 7.170 Unpacking g++ (4:12.2.0-3) ...
2025-07-15T20:01:22.0923098Z #7 7.183 Selecting previously unselected package make.
2025-07-15T20:01:22.0923656Z #7 7.184 Preparing to unpack .../42-make_4.3-4.1_amd64.deb ...
2025-07-15T20:01:22.0924145Z #7 7.185 Unpacking make (4.3-4.1) ...
2025-07-15T20:01:22.0924945Z #7 7.221 Selecting previously unselected package libdpkg-perl.
2025-07-15T20:01:22.0925760Z #7 7.222 Preparing to unpack .../43-libdpkg-perl_1.21.22_all.deb ...
2025-07-15T20:01:22.0926324Z #7 7.223 Unpacking libdpkg-perl (1.21.22) ...
2025-07-15T20:01:22.0926806Z #7 7.276 Selecting previously unselected package patch.
2025-07-15T20:01:22.2000900Z #7 7.278 Preparing to unpack .../44-patch_2.7.6-7_amd64.deb ...
2025-07-15T20:01:22.2001473Z #7 7.278 Unpacking patch (2.7.6-7) ...
2025-07-15T20:01:22.2001994Z #7 7.299 Selecting previously unselected package dpkg-dev.
2025-07-15T20:01:22.2002617Z #7 7.300 Preparing to unpack .../45-dpkg-dev_1.21.22_all.deb ...
2025-07-15T20:01:22.2002999Z #7 7.301 Unpacking dpkg-dev (1.21.22) ...
2025-07-15T20:01:22.2003437Z #7 7.384 Selecting previously unselected package build-essential.
2025-07-15T20:01:22.3150498Z #7 7.385 Preparing to unpack .../46-build-essential_12.9_amd64.deb ...
2025-07-15T20:01:22.3151073Z #7 7.386 Unpacking build-essential (12.9) ...
2025-07-15T20:01:22.3151685Z #7 7.402 Selecting previously unselected package libbrotli1:amd64.
2025-07-15T20:01:22.3152141Z #7 7.403 Preparing to unpack .../47-libbrotli1_1.0.9-2+b6_amd64.deb ...
2025-07-15T20:01:22.3152509Z #7 7.404 Unpacking libbrotli1:amd64 (1.0.9-2+b6) ...
2025-07-15T20:01:22.3152896Z #7 7.434 Selecting previously unselected package libsasl2-modules-db:amd64.
2025-07-15T20:01:22.3153362Z #7 7.435 Preparing to unpack .../48-libsasl2-modules-db_2.1.28+dfsg-10_amd64.deb ...
2025-07-15T20:01:22.3153794Z #7 7.436 Unpacking libsasl2-modules-db:amd64 (2.1.28+dfsg-10) ...
2025-07-15T20:01:22.3154195Z #7 7.452 Selecting previously unselected package libsasl2-2:amd64.
2025-07-15T20:01:22.3154621Z #7 7.453 Preparing to unpack .../49-libsasl2-2_2.1.28+dfsg-10_amd64.deb ...
2025-07-15T20:01:22.3155024Z #7 7.453 Unpacking libsasl2-2:amd64 (2.1.28+dfsg-10) ...
2025-07-15T20:01:22.3155418Z #7 7.472 Selecting previously unselected package libldap-2.5-0:amd64.
2025-07-15T20:01:22.3156116Z #7 7.473 Preparing to unpack .../50-libldap-2.5-0_2.5.13+dfsg-5_amd64.deb ...
2025-07-15T20:01:22.3156524Z #7 7.473 Unpacking libldap-2.5-0:amd64 (2.5.13+dfsg-5) ...
2025-07-15T20:01:22.3156916Z #7 7.499 Selecting previously unselected package libnghttp2-14:amd64.
2025-07-15T20:01:22.4357021Z #7 7.500 Preparing to unpack .../51-libnghttp2-14_1.52.0-1+deb12u2_amd64.deb ...
2025-07-15T20:01:22.4357770Z #7 7.501 Unpacking libnghttp2-14:amd64 (1.52.0-1+deb12u2) ...
2025-07-15T20:01:22.4358356Z #7 7.519 Selecting previously unselected package libpsl5:amd64.
2025-07-15T20:01:22.4358777Z #7 7.520 Preparing to unpack .../52-libpsl5_0.21.2-1_amd64.deb ...
2025-07-15T20:01:22.4359116Z #7 7.521 Unpacking libpsl5:amd64 (0.21.2-1) ...
2025-07-15T20:01:22.4359457Z #7 7.539 Selecting previously unselected package librtmp1:amd64.
2025-07-15T20:01:22.4359905Z #7 7.540 Preparing to unpack .../53-librtmp1_2.4+20151223.gitfa8646d.1-2+b2_amd64.deb ...
2025-07-15T20:01:22.4360367Z #7 7.541 Unpacking librtmp1:amd64 (2.4+20151223.gitfa8646d.1-2+b2) ...
2025-07-15T20:01:22.4360776Z #7 7.558 Selecting previously unselected package libssh2-1:amd64.
2025-07-15T20:01:22.4361164Z #7 7.559 Preparing to unpack .../54-libssh2-1_1.10.0-3+b1_amd64.deb ...
2025-07-15T20:01:22.4361512Z #7 7.560 Unpacking libssh2-1:amd64 (1.10.0-3+b1) ...
2025-07-15T20:01:22.4361845Z #7 7.585 Selecting previously unselected package libcurl4:amd64.
2025-07-15T20:01:22.4362234Z #7 7.586 Preparing to unpack .../55-libcurl4_7.88.1-10+deb12u12_amd64.deb ...
2025-07-15T20:01:22.4362611Z #7 7.587 Unpacking libcurl4:amd64 (7.88.1-10+deb12u12) ...
2025-07-15T20:01:22.4362931Z #7 7.620 Selecting previously unselected package curl.
2025-07-15T20:01:22.5414321Z #7 7.621 Preparing to unpack .../56-curl_7.88.1-10+deb12u12_amd64.deb ...
2025-07-15T20:01:22.5415161Z #7 7.622 Unpacking curl (7.88.1-10+deb12u12) ...
2025-07-15T20:01:22.5415885Z #7 7.651 Selecting previously unselected package libcurl3-gnutls:amd64.
2025-07-15T20:01:22.5416675Z #7 7.652 Preparing to unpack .../57-libcurl3-gnutls_7.88.1-10+deb12u12_amd64.deb ...
2025-07-15T20:01:22.5417628Z #7 7.653 Unpacking libcurl3-gnutls:amd64 (7.88.1-10+deb12u12) ...
2025-07-15T20:01:22.5418243Z #7 7.687 Selecting previously unselected package libexpat1:amd64.
2025-07-15T20:01:22.5418864Z #7 7.688 Preparing to unpack .../58-libexpat1_2.5.0-1+deb12u1_amd64.deb ...
2025-07-15T20:01:22.5419504Z #7 7.689 Unpacking libexpat1:amd64 (2.5.0-1+deb12u1) ...
2025-07-15T20:01:22.5420015Z #7 7.708 Selecting previously unselected package liberror-perl.
2025-07-15T20:01:22.5420423Z #7 7.709 Preparing to unpack .../59-liberror-perl_0.17029-2_all.deb ...
2025-07-15T20:01:22.5420790Z #7 7.710 Unpacking liberror-perl (0.17029-2) ...
2025-07-15T20:01:22.5421121Z #7 7.726 Selecting previously unselected package git-man.
2025-07-15T20:01:22.7807746Z #7 7.727 Preparing to unpack .../60-git-man_1%3a2.39.5-0+deb12u2_all.deb ...
2025-07-15T20:01:22.7808470Z #7 7.728 Unpacking git-man (1:2.39.5-0+deb12u2) ...
2025-07-15T20:01:22.7809030Z #7 7.808 Selecting previously unselected package git.
2025-07-15T20:01:22.7810025Z #7 7.809 Preparing to unpack .../61-git_1%3a2.39.5-0+deb12u2_amd64.deb ...
2025-07-15T20:01:22.7810660Z #7 7.814 Unpacking git (1:2.39.5-0+deb12u2) ...
2025-07-15T20:01:22.9471920Z #7 8.131 Setting up libexpat1:amd64 (2.5.0-1+deb12u1) ...
2025-07-15T20:01:23.0490090Z #7 8.134 Setting up libpsl5:amd64 (0.21.2-1) ...
2025-07-15T20:01:23.0490949Z #7 8.136 Setting up libbrotli1:amd64 (1.0.9-2+b6) ...
2025-07-15T20:01:23.0491733Z #7 8.138 Setting up binutils-common:amd64 (2.40-2) ...
2025-07-15T20:01:23.0492419Z #7 8.141 Setting up libnghttp2-14:amd64 (1.52.0-1+deb12u2) ...
2025-07-15T20:01:23.0493103Z #7 8.143 Setting up linux-libc-dev:amd64 (6.1.140-1) ...
2025-07-15T20:01:23.0493843Z #7 8.145 Setting up libctf-nobfd0:amd64 (2.40-2) ...
2025-07-15T20:01:23.0494574Z #7 8.147 Setting up libgomp1:amd64 (12.2.0-14+deb12u1) ...
2025-07-15T20:01:23.0495154Z #7 8.149 Setting up bzip2 (1.0.8-5+b1) ...
2025-07-15T20:01:23.0495766Z #7 8.151 Setting up libjansson4:amd64 (2.14-2) ...
2025-07-15T20:01:23.0496261Z #7 8.153 Setting up libsasl2-modules-db:amd64 (2.1.28+dfsg-10) ...
2025-07-15T20:01:23.0496742Z #7 8.156 Setting up perl-modules-5.36 (5.36.0-7+deb12u2) ...
2025-07-15T20:01:23.0497268Z #7 8.158 Setting up libtirpc-dev:amd64 (1.3.3+ds-1) ...
2025-07-15T20:01:23.0497652Z #7 8.160 Setting up rpcsvc-proto (1.4.3-1) ...
2025-07-15T20:01:23.0497991Z #7 8.162 Setting up make (4.3-4.1) ...
2025-07-15T20:01:23.0498319Z #7 8.164 Setting up libmpfr6:amd64 (4.2.0-1) ...
2025-07-15T20:01:23.0498855Z #7 8.166 Setting up librtmp1:amd64 (2.4+20151223.gitfa8646d.1-2+b2) ...
2025-07-15T20:01:23.0499194Z #7 8.168 Setting up xz-utils (5.4.1-1) ...
2025-07-15T20:01:23.0499860Z #7 8.172 update-alternatives: using /usr/bin/xz to provide /usr/bin/lzma (lzma) in auto mode
2025-07-15T20:01:23.0501008Z #7 8.173 update-alternatives: warning: skip creation of /usr/share/man/man1/lzma.1.gz because associated file /usr/share/man/man1/xz.1.gz (of link group lzma) doesn't exist
2025-07-15T20:01:23.0502442Z #7 8.173 update-alternatives: warning: skip creation of /usr/share/man/man1/unlzma.1.gz because associated file /usr/share/man/man1/unxz.1.gz (of link group lzma) doesn't exist
2025-07-15T20:01:23.0504373Z #7 8.173 update-alternatives: warning: skip creation of /usr/share/man/man1/lzcat.1.gz because associated file /usr/share/man/man1/xzcat.1.gz (of link group lzma) doesn't exist
2025-07-15T20:01:23.0505889Z #7 8.173 update-alternatives: warning: skip creation of /usr/share/man/man1/lzmore.1.gz because associated file /usr/share/man/man1/xzmore.1.gz (of link group lzma) doesn't exist
2025-07-15T20:01:23.0507170Z #7 8.174 update-alternatives: warning: skip creation of /usr/share/man/man1/lzless.1.gz because associated file /usr/share/man/man1/xzless.1.gz (of link group lzma) doesn't exist
2025-07-15T20:01:23.0508734Z #7 8.174 update-alternatives: warning: skip creation of /usr/share/man/man1/lzdiff.1.gz because associated file /usr/share/man/man1/xzdiff.1.gz (of link group lzma) doesn't exist
2025-07-15T20:01:23.0510470Z #7 8.174 update-alternatives: warning: skip creation of /usr/share/man/man1/lzcmp.1.gz because associated file /usr/share/man/man1/xzcmp.1.gz (of link group lzma) doesn't exist
2025-07-15T20:01:23.0512474Z #7 8.174 update-alternatives: warning: skip creation of /usr/share/man/man1/lzgrep.1.gz because associated file /usr/share/man/man1/xzgrep.1.gz (of link group lzma) doesn't exist
2025-07-15T20:01:23.0514411Z #7 8.174 update-alternatives: warning: skip creation of /usr/share/man/man1/lzegrep.1.gz because associated file /usr/share/man/man1/xzegrep.1.gz (of link group lzma) doesn't exist
2025-07-15T20:01:23.0515950Z #7 8.175 update-alternatives: warning: skip creation of /usr/share/man/man1/lzfgrep.1.gz because associated file /usr/share/man/man1/xzfgrep.1.gz (of link group lzma) doesn't exist
2025-07-15T20:01:23.0517165Z #7 8.177 Setting up libquadmath0:amd64 (12.2.0-14+deb12u1) ...
2025-07-15T20:01:23.0517491Z #7 8.179 Setting up libmpc3:amd64 (1.3.1-1) ...
2025-07-15T20:01:23.0518112Z #7 8.182 Setting up libatomic1:amd64 (12.2.0-14+deb12u1) ...
2025-07-15T20:01:23.0518559Z #7 8.184 Setting up patch (2.7.6-7) ...
2025-07-15T20:01:23.0519062Z #7 8.186 Setting up libgdbm-compat4:amd64 (1.23-3) ...
2025-07-15T20:01:23.0519632Z #7 8.188 Setting up libsasl2-2:amd64 (2.1.28+dfsg-10) ...
2025-07-15T20:01:23.0520217Z #7 8.190 Setting up libubsan1:amd64 (12.2.0-14+deb12u1) ...
2025-07-15T20:01:23.0520549Z #7 8.192 Setting up nano (7.2-1+deb12u1) ...
2025-07-15T20:01:23.0521073Z #7 8.197 update-alternatives: using /bin/nano to provide /usr/bin/editor (editor) in auto mode
2025-07-15T20:01:23.0522010Z #7 8.197 update-alternatives: warning: skip creation of /usr/share/man/man1/editor.1.gz because associated file /usr/share/man/man1/nano.1.gz (of link group editor) doesn't exist
2025-07-15T20:01:23.0522924Z #7 8.199 update-alternatives: using /bin/nano to provide /usr/bin/pico (pico) in auto mode
2025-07-15T20:01:23.0524281Z #7 8.199 update-alternatives: warning: skip creation of /usr/share/man/man1/pico.1.gz because associated file /usr/share/man/man1/nano.1.gz (of link group pico) doesn't exist
2025-07-15T20:01:23.0525081Z #7 8.201 Setting up libnsl-dev:amd64 (1.3.0-2) ...
2025-07-15T20:01:23.0525376Z #7 8.203 Setting up libcrypt-dev:amd64 (1:4.4.33-2) ...
2025-07-15T20:01:23.0526030Z #7 8.210 Setting up libasan8:amd64 (12.2.0-14+deb12u1) ...
2025-07-15T20:01:23.0526578Z #7 8.212 Setting up git-man (1:2.39.5-0+deb12u2) ...
2025-07-15T20:01:23.0527090Z #7 8.214 Setting up libssh2-1:amd64 (1.10.0-3+b1) ...
2025-07-15T20:01:23.0527640Z #7 8.217 Setting up libtsan2:amd64 (12.2.0-14+deb12u1) ...
2025-07-15T20:01:23.0528151Z #7 8.219 Setting up libbinutils:amd64 (2.40-2) ...
2025-07-15T20:01:23.0528443Z #7 8.221 Setting up libisl23:amd64 (0.25-1.1) ...
2025-07-15T20:01:23.0528851Z #7 8.223 Setting up libc-dev-bin (2.36-9+deb12u10) ...
2025-07-15T20:01:23.0529274Z #7 8.226 Setting up libcc1-0:amd64 (12.2.0-14+deb12u1) ...
2025-07-15T20:01:23.0529593Z #7 8.228 Setting up libperl5.36:amd64 (5.36.0-7+deb12u2) ...
2025-07-15T20:01:23.0530039Z #7 8.231 Setting up liblsan0:amd64 (12.2.0-14+deb12u1) ...
2025-07-15T20:01:23.0530351Z #7 8.233 Setting up libitm1:amd64 (12.2.0-14+deb12u1) ...
2025-07-15T20:01:23.2875393Z #7 8.236 Setting up libctf0:amd64 (2.40-2) ...
2025-07-15T20:01:23.2876152Z #7 8.238 Setting up cpp-12 (12.2.0-14+deb12u1) ...
2025-07-15T20:01:23.2876689Z #7 8.240 Setting up libldap-2.5-0:amd64 (2.5.13+dfsg-5) ...
2025-07-15T20:01:23.2877224Z #7 8.242 Setting up perl (5.36.0-7+deb12u2) ...
2025-07-15T20:01:23.2877706Z #7 8.252 Setting up libgprofng0:amd64 (2.40-2) ...
2025-07-15T20:01:23.2878245Z #7 8.254 Setting up libgcc-12-dev:amd64 (12.2.0-14+deb12u1) ...
2025-07-15T20:01:23.2878787Z #7 8.259 Setting up libdpkg-perl (1.21.22) ...
2025-07-15T20:01:23.2879234Z #7 8.261 Setting up cpp (4:12.2.0-3) ...
2025-07-15T20:01:23.2879711Z #7 8.266 Setting up libcurl4:amd64 (7.88.1-10+deb12u12) ...
2025-07-15T20:01:23.2880253Z #7 8.268 Setting up libc6-dev:amd64 (2.36-9+deb12u10) ...
2025-07-15T20:01:23.2881101Z #7 8.271 Setting up curl (7.88.1-10+deb12u12) ...
2025-07-15T20:01:23.2881627Z #7 8.273 Setting up binutils-x86-64-linux-gnu (2.40-2) ...
2025-07-15T20:01:23.2882213Z #7 8.275 Setting up libstdc++-12-dev:amd64 (12.2.0-14+deb12u1) ...
2025-07-15T20:01:23.2882838Z #7 8.278 Setting up libcurl3-gnutls:amd64 (7.88.1-10+deb12u12) ...
2025-07-15T20:01:23.2883373Z #7 8.281 Setting up binutils (2.40-2) ...
2025-07-15T20:01:23.2883804Z #7 8.284 Setting up dpkg-dev (1.21.22) ...
2025-07-15T20:01:23.2884261Z #7 8.288 Setting up liberror-perl (0.17029-2) ...
2025-07-15T20:01:23.2884741Z #7 8.291 Setting up gcc-12 (12.2.0-14+deb12u1) ...
2025-07-15T20:01:23.2885208Z #7 8.294 Setting up git (1:2.39.5-0+deb12u2) ...
2025-07-15T20:01:23.2886234Z #7 8.301 Setting up g++-12 (12.2.0-14+deb12u1) ...
2025-07-15T20:01:23.2886683Z #7 8.303 Setting up gcc (4:12.2.0-3) ...
2025-07-15T20:01:23.2887089Z #7 8.313 Setting up g++ (4:12.2.0-3) ...
2025-07-15T20:01:23.2887722Z #7 8.316 update-alternatives: using /usr/bin/g++ to provide /usr/bin/c++ (c++) in auto mode
2025-07-15T20:01:23.2888579Z #7 8.318 Setting up build-essential (12.9) ...
2025-07-15T20:01:23.2889088Z #7 8.321 Processing triggers for libc-bin (2.36-9+deb12u10) ...
2025-07-15T20:01:23.7908121Z #7 DONE 9.0s
2025-07-15T20:01:23.9504553Z 
2025-07-15T20:01:23.9504934Z #8 [3/6] WORKDIR /app
2025-07-15T20:01:23.9505403Z #8 DONE 0.0s
2025-07-15T20:01:23.9505672Z 
2025-07-15T20:01:23.9505746Z #9 [4/6] COPY . .
2025-07-15T20:01:24.3888250Z #9 DONE 0.6s
2025-07-15T20:01:24.5398792Z 
2025-07-15T20:01:24.5399297Z #10 [5/6] RUN pip install --upgrade pip
2025-07-15T20:01:25.6180439Z #10 1.228 Requirement already satisfied: pip in /usr/local/lib/python3.10/site-packages (23.0.1)
2025-07-15T20:01:25.7322365Z #10 1.343 Collecting pip
2025-07-15T20:01:25.8451838Z #10 1.378   Downloading pip-25.1.1-py3-none-any.whl (1.8 MB)
2025-07-15T20:01:25.8453190Z #10 1.412      ━━━━━━━━━━━━━━━━━━━━━━━━━━━━━━━━━━━━━━━━ 1.8/1.8 MB 56.0 MB/s eta 0:00:00
2025-07-15T20:01:25.8453886Z #10 1.456 Installing collected packages: pip
2025-07-15T20:01:25.9965261Z #10 1.456   Attempting uninstall: pip
2025-07-15T20:01:25.9966025Z #10 1.457     Found existing installation: pip 23.0.1
2025-07-15T20:01:26.0235861Z #10 1.634     Uninstalling pip-23.0.1:
2025-07-15T20:01:26.1841902Z #10 1.644       Successfully uninstalled pip-23.0.1
2025-07-15T20:01:26.8105057Z #10 2.421 Successfully installed pip-25.1.1
2025-07-15T20:01:26.9619091Z #10 2.421 WARNING: Running pip as the 'root' user can result in broken permissions and conflicting behaviour with the system package manager. It is recommended to use a virtual environment instead: https://pip.pypa.io/warnings/venv
2025-07-15T20:01:26.9849454Z #10 DONE 2.6s
2025-07-15T20:01:27.1360966Z 
2025-07-15T20:01:27.1361402Z #11 [6/6] RUN pip install --no-cache-dir -r requirements.txt
2025-07-15T20:01:27.8311576Z #11 0.845 Collecting Flask==3.1.0 (from -r requirements.txt (line 1))
2025-07-15T20:01:27.9327962Z #11 0.879   Downloading flask-3.1.0-py3-none-any.whl.metadata (2.7 kB)
2025-07-15T20:01:27.9328896Z #11 0.889 Collecting Flask-PyMongo==3.0.1 (from -r requirements.txt (line 2))
2025-07-15T20:01:27.9329788Z #11 0.893   Downloading flask_pymongo-3.0.1-py3-none-any.whl.metadata (3.5 kB)
2025-07-15T20:01:27.9330617Z #11 0.935 Collecting pytest==8.2.1 (from -r requirements.txt (line 3))
2025-07-15T20:01:27.9331433Z #11 0.938   Downloading pytest-8.2.1-py3-none-any.whl.metadata (7.6 kB)
2025-07-15T20:01:27.9332226Z #11 0.947 Collecting blinker==1.9.0 (from -r requirements.txt (line 4))
2025-07-15T20:01:28.0476268Z #11 0.951   Downloading blinker-1.9.0-py3-none-any.whl.metadata (1.6 kB)
2025-07-15T20:01:28.0477121Z #11 0.965 Collecting certifi==2025.7.14 (from -r requirements.txt (line 5))
2025-07-15T20:01:28.0477975Z #11 0.968   Downloading certifi-2025.7.14-py3-none-any.whl.metadata (2.4 kB)
2025-07-15T20:01:28.0478884Z #11 1.043 Collecting charset-normalizer==3.4.2 (from -r requirements.txt (line 6))
2025-07-15T20:01:28.0480084Z #11 1.047   Downloading charset_normalizer-3.4.2-cp310-cp310-manylinux_2_17_x86_64.manylinux2014_x86_64.whl.metadata (35 kB)
2025-07-15T20:01:28.0481508Z #11 1.062 Collecting click==8.2.1 (from -r requirements.txt (line 7))
2025-07-15T20:01:28.1535016Z #11 1.065   Downloading click-8.2.1-py3-none-any.whl.metadata (2.5 kB)
2025-07-15T20:01:28.1537347Z #11 1.074 Collecting dnspython==2.7.0 (from -r requirements.txt (line 8))
2025-07-15T20:01:28.1538203Z #11 1.077   Downloading dnspython-2.7.0-py3-none-any.whl.metadata (5.8 kB)
2025-07-15T20:01:28.1539015Z #11 1.090 Collecting idna==3.10 (from -r requirements.txt (line 9))
2025-07-15T20:01:28.1539742Z #11 1.094   Downloading idna-3.10-py3-none-any.whl.metadata (10 kB)
2025-07-15T20:01:28.1540523Z #11 1.102 Collecting itsdangerous==2.2.0 (from -r requirements.txt (line 10))
2025-07-15T20:01:28.1541373Z #11 1.105   Downloading itsdangerous-2.2.0-py3-none-any.whl.metadata (1.9 kB)
2025-07-15T20:01:28.1542200Z #11 1.116 Collecting Jinja2==3.1.6 (from -r requirements.txt (line 11))
2025-07-15T20:01:28.1543278Z #11 1.119   Downloading jinja2-3.1.6-py3-none-any.whl.metadata (2.9 kB)
2025-07-15T20:01:28.1543898Z #11 1.168 Collecting MarkupSafe==3.0.2 (from -r requirements.txt (line 12))
2025-07-15T20:01:28.3190145Z #11 1.171   Downloading MarkupSafe-3.0.2-cp310-cp310-manylinux_2_17_x86_64.manylinux2014_x86_64.whl.metadata (4.0 kB)
2025-07-15T20:01:28.3190989Z #11 1.178 Collecting paho-mqtt==2.1.0 (from -r requirements.txt (line 13))
2025-07-15T20:01:28.3191578Z #11 1.183   Downloading paho_mqtt-2.1.0-py3-none-any.whl.metadata (23 kB)
2025-07-15T20:01:28.4720648Z #11 1.486 Collecting pymongo==4.13.2 (from -r requirements.txt (line 14))
2025-07-15T20:01:28.5777318Z #11 1.490   Downloading pymongo-4.13.2-cp310-cp310-manylinux_2_17_x86_64.manylinux2014_x86_64.whl.metadata (22 kB)
2025-07-15T20:01:28.5778645Z #11 1.507 Collecting python-dotenv==1.1.1 (from -r requirements.txt (line 15))
2025-07-15T20:01:28.5779334Z #11 1.511   Downloading python_dotenv-1.1.1-py3-none-any.whl.metadata (24 kB)
2025-07-15T20:01:28.5779972Z #11 1.533 Collecting requests==2.32.4 (from -r requirements.txt (line 16))
2025-07-15T20:01:28.5780566Z #11 1.537   Downloading requests-2.32.4-py3-none-any.whl.metadata (4.9 kB)
2025-07-15T20:01:28.5781143Z #11 1.557 Collecting urllib3==2.5.0 (from -r requirements.txt (line 17))
2025-07-15T20:01:28.5781695Z #11 1.560   Downloading urllib3-2.5.0-py3-none-any.whl.metadata (6.5 kB)
2025-07-15T20:01:28.5782316Z #11 1.579 Collecting Werkzeug==3.1.3 (from -r requirements.txt (line 18))
2025-07-15T20:01:28.5782828Z #11 1.582   Downloading werkzeug-3.1.3-py3-none-any.whl.metadata (3.7 kB)
2025-07-15T20:01:28.5783374Z #11 1.592 Collecting autodevops-cli==0.1.1 (from -r requirements.txt (line 19))
2025-07-15T20:01:28.6912885Z #11 1.597   Downloading autodevops_cli-0.1.1-py3-none-any.whl.metadata (494 bytes)
2025-07-15T20:01:28.6913908Z #11 1.602 Collecting iniconfig==2.1.0 (from -r requirements.txt (line 20))
2025-07-15T20:01:28.6914671Z #11 1.606   Downloading iniconfig-2.1.0-py3-none-any.whl.metadata (2.7 kB)
2025-07-15T20:01:28.6915232Z #11 1.614 Collecting loguru==0.7.3 (from -r requirements.txt (line 21))
2025-07-15T20:01:28.6916031Z #11 1.617   Downloading loguru-0.7.3-py3-none-any.whl.metadata (22 kB)
2025-07-15T20:01:28.6916583Z #11 1.634 Collecting markdown-it-py==3.0.0 (from -r requirements.txt (line 22))
2025-07-15T20:01:28.6917148Z #11 1.637   Downloading markdown_it_py-3.0.0-py3-none-any.whl.metadata (6.9 kB)
2025-07-15T20:01:28.6917670Z #11 1.647 Collecting mdurl==0.1.2 (from -r requirements.txt (line 23))
2025-07-15T20:01:28.6918153Z #11 1.650   Downloading mdurl-0.1.2-py3-none-any.whl.metadata (1.6 kB)
2025-07-15T20:01:28.6918661Z #11 1.659 Collecting mongomock==4.3.0 (from -r requirements.txt (line 24))
2025-07-15T20:01:28.6919203Z #11 1.663   Downloading mongomock-4.3.0-py2.py3-none-any.whl.metadata (12 kB)
2025-07-15T20:01:28.6919795Z #11 1.676 Collecting packaging==25.0 (from -r requirements.txt (line 25))
2025-07-15T20:01:28.6920321Z #11 1.679   Downloading packaging-25.0-py3-none-any.whl.metadata (3.3 kB)
2025-07-15T20:01:28.6921091Z #11 1.687 Collecting pluggy==1.6.0 (from -r requirements.txt (line 26))
2025-07-15T20:01:28.6921598Z #11 1.690   Downloading pluggy-1.6.0-py3-none-any.whl.metadata (4.8 kB)
2025-07-15T20:01:28.6922105Z #11 1.706 Collecting Pygments==2.19.2 (from -r requirements.txt (line 27))
2025-07-15T20:01:28.9351819Z #11 1.709   Downloading pygments-2.19.2-py3-none-any.whl.metadata (2.5 kB)
2025-07-15T20:01:28.9352673Z #11 1.741 Collecting pytz==2025.2 (from -r requirements.txt (line 28))
2025-07-15T20:01:28.9353207Z #11 1.745   Downloading pytz-2025.2-py2.py3-none-any.whl.metadata (22 kB)
2025-07-15T20:01:28.9353731Z #11 1.779 Collecting rich==14.0.0 (from -r requirements.txt (line 29))
2025-07-15T20:01:28.9354232Z #11 1.783   Downloading rich-14.0.0-py3-none-any.whl.metadata (18 kB)
2025-07-15T20:01:28.9354746Z #11 1.789 Collecting sentinels==1.0.0 (from -r requirements.txt (line 30))
2025-07-15T20:01:28.9355228Z #11 1.792   Downloading sentinels-1.0.0.tar.gz (4.1 kB)
2025-07-15T20:01:28.9356157Z #11 1.799   Preparing metadata (setup.py): started
2025-07-15T20:01:29.4039158Z #11 2.418   Preparing metadata (setup.py): finished with status 'done'
2025-07-15T20:01:29.5420332Z #11 2.430 Collecting sh==2.2.2 (from -r requirements.txt (line 31))
2025-07-15T20:01:29.5421354Z #11 2.433   Downloading sh-2.2.2-py3-none-any.whl.metadata (3.7 kB)
2025-07-15T20:01:29.5422204Z #11 2.470 Collecting exceptiongroup>=1.0.0rc8 (from pytest==8.2.1->-r requirements.txt (line 3))
2025-07-15T20:01:29.5422971Z #11 2.473   Downloading exceptiongroup-1.3.0-py3-none-any.whl.metadata (6.7 kB)
2025-07-15T20:01:29.5423679Z #11 2.485 Collecting tomli>=1 (from pytest==8.2.1->-r requirements.txt (line 3))
2025-07-15T20:01:29.5424300Z #11 2.489   Downloading tomli-2.2.1-py3-none-any.whl.metadata (10 kB)
2025-07-15T20:01:29.5424999Z #11 2.556 Collecting typing-extensions<5.0,>=4.0.0 (from rich==14.0.0->-r requirements.txt (line 29))
2025-07-15T20:01:29.6448331Z #11 2.560   Downloading typing_extensions-4.14.1-py3-none-any.whl.metadata (3.0 kB)
2025-07-15T20:01:29.6449377Z #11 2.573 Downloading flask-3.1.0-py3-none-any.whl (102 kB)
2025-07-15T20:01:29.6450150Z #11 2.578 Downloading flask_pymongo-3.0.1-py3-none-any.whl (11 kB)
2025-07-15T20:01:29.6450624Z #11 2.582 Downloading pytest-8.2.1-py3-none-any.whl (339 kB)
2025-07-15T20:01:29.6451102Z #11 2.588 Downloading pluggy-1.6.0-py3-none-any.whl (20 kB)
2025-07-15T20:01:29.6451545Z #11 2.591 Downloading blinker-1.9.0-py3-none-any.whl (8.5 kB)
2025-07-15T20:01:29.6452059Z #11 2.594 Downloading certifi-2025.7.14-py3-none-any.whl (162 kB)
2025-07-15T20:01:29.6452854Z #11 2.598 Downloading charset_normalizer-3.4.2-cp310-cp310-manylinux_2_17_x86_64.manylinux2014_x86_64.whl (149 kB)
2025-07-15T20:01:29.6453547Z #11 2.602 Downloading click-8.2.1-py3-none-any.whl (102 kB)
2025-07-15T20:01:29.6454014Z #11 2.605 Downloading dnspython-2.7.0-py3-none-any.whl (313 kB)
2025-07-15T20:01:29.6454477Z #11 2.609 Downloading idna-3.10-py3-none-any.whl (70 kB)
2025-07-15T20:01:29.6454942Z #11 2.613 Downloading itsdangerous-2.2.0-py3-none-any.whl (16 kB)
2025-07-15T20:01:29.6455707Z #11 2.617 Downloading jinja2-3.1.6-py3-none-any.whl (134 kB)
2025-07-15T20:01:29.6456391Z #11 2.620 Downloading MarkupSafe-3.0.2-cp310-cp310-manylinux_2_17_x86_64.manylinux2014_x86_64.whl (20 kB)
2025-07-15T20:01:29.6457058Z #11 2.623 Downloading paho_mqtt-2.1.0-py3-none-any.whl (67 kB)
2025-07-15T20:01:29.6457719Z #11 2.628 Downloading pymongo-4.13.2-cp310-cp310-manylinux_2_17_x86_64.manylinux2014_x86_64.whl (1.2 MB)
2025-07-15T20:01:29.6458700Z #11 2.633    ━━━━━━━━━━━━━━━━━━━━━━━━━━━━━━━━━━━━━━━━ 1.2/1.2 MB 349.2 MB/s eta 0:00:00
2025-07-15T20:01:29.6459201Z #11 2.638 Downloading python_dotenv-1.1.1-py3-none-any.whl (20 kB)
2025-07-15T20:01:29.6459696Z #11 2.641 Downloading requests-2.32.4-py3-none-any.whl (64 kB)
2025-07-15T20:01:29.6460165Z #11 2.644 Downloading urllib3-2.5.0-py3-none-any.whl (129 kB)
2025-07-15T20:01:29.6460629Z #11 2.648 Downloading werkzeug-3.1.3-py3-none-any.whl (224 kB)
2025-07-15T20:01:29.6461139Z #11 2.653 Downloading autodevops_cli-0.1.1-py3-none-any.whl (4.1 kB)
2025-07-15T20:01:29.6461858Z #11 2.656 Downloading iniconfig-2.1.0-py3-none-any.whl (6.0 kB)
2025-07-15T20:01:29.6462326Z #11 2.659 Downloading loguru-0.7.3-py3-none-any.whl (61 kB)
2025-07-15T20:01:29.8726513Z #11 2.663 Downloading markdown_it_py-3.0.0-py3-none-any.whl (87 kB)
2025-07-15T20:01:29.8727354Z #11 2.667 Downloading mdurl-0.1.2-py3-none-any.whl (10.0 kB)
2025-07-15T20:01:29.8728080Z #11 2.670 Downloading mongomock-4.3.0-py2.py3-none-any.whl (64 kB)
2025-07-15T20:01:29.8728777Z #11 2.674 Downloading packaging-25.0-py3-none-any.whl (66 kB)
2025-07-15T20:01:29.8729421Z #11 2.677 Downloading pygments-2.19.2-py3-none-any.whl (1.2 MB)
2025-07-15T20:01:29.8730483Z #11 2.682    ━━━━━━━━━━━━━━━━━━━━━━━━━━━━━━━━━━━━━━━━ 1.2/1.2 MB 361.9 MB/s eta 0:00:00
2025-07-15T20:01:29.8731180Z #11 2.685 Downloading pytz-2025.2-py2.py3-none-any.whl (509 kB)
2025-07-15T20:01:29.8731842Z #11 2.690 Downloading rich-14.0.0-py3-none-any.whl (243 kB)
2025-07-15T20:01:29.8732778Z #11 2.694 Downloading sh-2.2.2-py3-none-any.whl (38 kB)
2025-07-15T20:01:29.8733520Z #11 2.697 Downloading typing_extensions-4.14.1-py3-none-any.whl (43 kB)
2025-07-15T20:01:29.8734299Z #11 2.700 Downloading exceptiongroup-1.3.0-py3-none-any.whl (16 kB)
2025-07-15T20:01:29.8734981Z #11 2.704 Downloading tomli-2.2.1-py3-none-any.whl (14 kB)
2025-07-15T20:01:29.8735841Z #11 2.736 Building wheels for collected packages: sentinels
2025-07-15T20:01:29.8738848Z #11 2.736   DEPRECATION: Building 'sentinels' using the legacy setup.py bdist_wheel mechanism, which will be removed in a future version. pip 25.3 will enforce this behaviour change. A possible replacement is to use the standardized build interface by setting the `--use-pep517` option, (possibly combined with `--no-build-isolation`), or adding a `pyproject.toml` file to the source tree of 'sentinels'. Discussion can be found at https://github.com/pypa/pip/issues/6334
2025-07-15T20:01:29.8741824Z #11 2.737   Building wheel for sentinels (setup.py): started
2025-07-15T20:01:30.5049016Z #11 3.519   Building wheel for sentinels (setup.py): finished with status 'done'
2025-07-15T20:01:30.7279377Z #11 3.520   Created wheel for sentinels: filename=sentinels-1.0.0-py3-none-any.whl size=3175 sha256=bfe6aa7f8f923b31bda8493c97631dec7a2a992c87d48a87f61cd34c5efe8434
2025-07-15T20:01:30.7281103Z #11 3.520   Stored in directory: /tmp/pip-ephem-wheel-cache-xd0abdrk/wheels/26/bc/eb/67e56405e0684b3d8c011cf4d18129c41be394775fd5ba2347
2025-07-15T20:01:30.7282108Z #11 3.522 Successfully built sentinels
2025-07-15T20:01:30.7284570Z #11 3.592 Installing collected packages: sentinels, pytz, urllib3, typing-extensions, tomli, sh, python-dotenv, Pygments, pluggy, paho-mqtt, packaging, mdurl, MarkupSafe, loguru, itsdangerous, iniconfig, idna, dnspython, click, charset-normalizer, certifi, blinker, Werkzeug, requests, pymongo, mongomock, markdown-it-py, Jinja2, exceptiongroup, rich, pytest, Flask, Flask-PyMongo, autodevops-cli
2025-07-15T20:01:32.7992571Z #11 5.814 
2025-07-15T20:01:32.9571452Z #11 5.820 Successfully installed Flask-3.1.0 Flask-PyMongo-3.0.1 Jinja2-3.1.6 MarkupSafe-3.0.2 Pygments-2.19.2 Werkzeug-3.1.3 autodevops-cli-0.1.1 blinker-1.9.0 certifi-2025.7.14 charset-normalizer-3.4.2 click-8.2.1 dnspython-2.7.0 exceptiongroup-1.3.0 idna-3.10 iniconfig-2.1.0 itsdangerous-2.2.0 loguru-0.7.3 markdown-it-py-3.0.0 mdurl-0.1.2 mongomock-4.3.0 packaging-25.0 paho-mqtt-2.1.0 pluggy-1.6.0 pymongo-4.13.2 pytest-8.2.1 python-dotenv-1.1.1 pytz-2025.2 requests-2.32.4 rich-14.0.0 sentinels-1.0.0 sh-2.2.2 tomli-2.2.1 typing-extensions-4.14.1 urllib3-2.5.0
2025-07-15T20:01:32.9574957Z #11 5.821 WARNING: Running pip as the 'root' user can result in broken permissions and conflicting behaviour with the system package manager, possibly rendering your system unusable. It is recommended to use a virtual environment instead: https://pip.pypa.io/warnings/venv. Use the --root-user-action option if you know what you are doing and want to suppress this warning.
2025-07-15T20:01:33.0211688Z #11 DONE 6.0s
2025-07-15T20:01:33.1732246Z 
2025-07-15T20:01:33.1732933Z #12 exporting to image
2025-07-15T20:01:33.1733367Z #12 exporting layers
2025-07-15T20:01:34.7774056Z #12 exporting layers 1.8s done
2025-07-15T20:01:34.7932071Z #12 writing image sha256:6f11161273c6f42d5efa730d5d7096a7be38901b745b97b6f64b6a86f2fdf650 done
2025-07-15T20:01:34.7933755Z #12 naming to docker.io/***/flask-ci-cd-demo done
2025-07-15T20:01:34.7934219Z #12 DONE 1.8s
2025-07-15T20:01:34.8014051Z ##[group]Run docker push ***/flask-ci-cd-demo
2025-07-15T20:01:34.8014434Z [36;1mdocker push ***/flask-ci-cd-demo[0m
2025-07-15T20:01:34.8042776Z shell: /usr/bin/bash -e {0}
2025-07-15T20:01:34.8042997Z env:
2025-07-15T20:01:34.8043240Z   pythonLocation: /opt/hostedtoolcache/Python/3.10.18/x64
2025-07-15T20:01:34.8043653Z   PKG_CONFIG_PATH: /opt/hostedtoolcache/Python/3.10.18/x64/lib/pkgconfig
2025-07-15T20:01:34.8044054Z   Python_ROOT_DIR: /opt/hostedtoolcache/Python/3.10.18/x64
2025-07-15T20:01:34.8044404Z   Python2_ROOT_DIR: /opt/hostedtoolcache/Python/3.10.18/x64
2025-07-15T20:01:34.8044773Z   Python3_ROOT_DIR: /opt/hostedtoolcache/Python/3.10.18/x64
2025-07-15T20:01:34.8045115Z   LD_LIBRARY_PATH: /opt/hostedtoolcache/Python/3.10.18/x64/lib
2025-07-15T20:01:34.8045407Z ##[endgroup]
2025-07-15T20:01:34.8179256Z Using default tag: latest
2025-07-15T20:01:34.8203900Z The push refers to repository [docker.io/***/flask-ci-cd-demo]
2025-07-15T20:01:34.8374146Z 5dce91ff185b: Preparing
2025-07-15T20:01:34.8374538Z 949a8edc3c2c: Preparing
2025-07-15T20:01:34.8374875Z 164a95d18452: Preparing
2025-07-15T20:01:34.8375125Z 061dda49fe04: Preparing
2025-07-15T20:01:34.8375319Z 673f71a89ffa: Preparing
2025-07-15T20:01:34.8375716Z 31abbb538de0: Preparing
2025-07-15T20:01:34.8375938Z a2ccf7527b3c: Preparing
2025-07-15T20:01:34.8376141Z abd92ba2021e: Preparing
2025-07-15T20:01:34.8376334Z 1bb35e8b4de1: Preparing
2025-07-15T20:01:34.8376528Z 31abbb538de0: Waiting
2025-07-15T20:01:34.8376712Z a2ccf7527b3c: Waiting
2025-07-15T20:01:34.8376895Z abd92ba2021e: Waiting
2025-07-15T20:01:34.8377105Z 1bb35e8b4de1: Waiting
2025-07-15T20:01:35.8565778Z 061dda49fe04: Pushed
2025-07-15T20:01:35.9359215Z 31abbb538de0: Layer already exists
2025-07-15T20:01:36.0109674Z a2ccf7527b3c: Layer already exists
2025-07-15T20:01:36.1025667Z abd92ba2021e: Layer already exists
2025-07-15T20:01:36.1883195Z 1bb35e8b4de1: Layer already exists
2025-07-15T20:01:36.6309380Z 949a8edc3c2c: Pushed
2025-07-15T20:01:39.1288627Z 164a95d18452: Pushed
2025-07-15T20:01:39.8911623Z 5dce91ff185b: Pushed
2025-07-15T20:01:49.4651838Z 673f71a89ffa: Pushed
2025-07-15T20:01:51.5630628Z latest: digest: sha256:3534c03b53bf48b409afb976d5882ce5757ea82c1476ebbff36c6f08c6a30f2b size: 2212
2025-07-15T20:01:51.5694856Z Post job cleanup.
2025-07-15T20:01:51.8510683Z [command]/usr/bin/docker logout 
2025-07-15T20:01:51.8640395Z Removing login credentials for https://index.docker.io/v1/
2025-07-15T20:01:51.8673436Z ##[group]Post cache
2025-07-15T20:01:51.8675102Z State not set
2025-07-15T20:01:51.8676947Z ##[endgroup]
2025-07-15T20:01:51.8796083Z Post job cleanup.
2025-07-15T20:01:52.0377653Z Post job cleanup.
2025-07-15T20:01:52.1088597Z [command]/usr/bin/git version
2025-07-15T20:01:52.1122630Z git version 2.50.1
2025-07-15T20:01:52.1165909Z Temporarily overriding HOME='/home/runner/work/_temp/883e4880-d0e1-4e66-8dc4-a580aa29a779' before making global git config changes
2025-07-15T20:01:52.1167212Z Adding repository directory to the temporary git global config as a safe directory
2025-07-15T20:01:52.1170656Z [command]/usr/bin/git config --global --add safe.directory /home/runner/work/testing-CI-CD/testing-CI-CD
2025-07-15T20:01:52.1201295Z [command]/usr/bin/git config --local --name-only --get-regexp core\.sshCommand
2025-07-15T20:01:52.1231361Z [command]/usr/bin/git submodule foreach --recursive sh -c "git config --local --name-only --get-regexp 'core\.sshCommand' && git config --local --unset-all 'core.sshCommand' || :"
2025-07-15T20:01:52.1458981Z [command]/usr/bin/git config --local --name-only --get-regexp http\.https\:\/\/github\.com\/\.extraheader
2025-07-15T20:01:52.1478267Z http.https://github.com/.extraheader
2025-07-15T20:01:52.1489520Z [command]/usr/bin/git config --local --unset-all http.https://github.com/.extraheader
2025-07-15T20:01:52.1518349Z [command]/usr/bin/git submodule foreach --recursive sh -c "git config --local --name-only --get-regexp 'http\.https\:\/\/github\.com\/\.extraheader' && git config --local --unset-all 'http.https://github.com/.extraheader' || :"
2025-07-15T20:01:52.1841412Z Cleaning up orphan processes
