2025-07-15T19:16:41.8877793Z Current runner version: '2.326.0'
2025-07-15T19:16:41.8902534Z ##[group]Runner Image Provisioner
2025-07-15T19:16:41.8903412Z Hosted Compute Agent
2025-07-15T19:16:41.8903971Z Version: 20250711.363
2025-07-15T19:16:41.8904658Z Commit: 6785254374ce925a23743850c1cb91912ce5c14c
2025-07-15T19:16:41.8905363Z Build Date: 2025-07-11T20:04:25Z
2025-07-15T19:16:41.8905953Z ##[endgroup]
2025-07-15T19:16:41.8906557Z ##[group]Operating System
2025-07-15T19:16:41.8907119Z Ubuntu
2025-07-15T19:16:41.8907567Z 24.04.2
2025-07-15T19:16:41.8908055Z LTS
2025-07-15T19:16:41.8908568Z ##[endgroup]
2025-07-15T19:16:41.8909085Z ##[group]Runner Image
2025-07-15T19:16:41.8909702Z Image: ubuntu-24.04
2025-07-15T19:16:41.8910328Z Version: 20250710.1.0
2025-07-15T19:16:41.8911332Z Included Software: https://github.com/actions/runner-images/blob/ubuntu24/20250710.1/images/ubuntu/Ubuntu2404-Readme.md
2025-07-15T19:16:41.8912906Z Image Release: https://github.com/actions/runner-images/releases/tag/ubuntu24%2F20250710.1
2025-07-15T19:16:41.8913992Z ##[endgroup]
2025-07-15T19:16:41.8915088Z ##[group]GITHUB_TOKEN Permissions
2025-07-15T19:16:41.8917119Z Contents: read
2025-07-15T19:16:41.8917797Z Metadata: read
2025-07-15T19:16:41.8918290Z Packages: read
2025-07-15T19:16:41.8918782Z ##[endgroup]
2025-07-15T19:16:41.8921282Z Secret source: Actions
2025-07-15T19:16:41.8922250Z Prepare workflow directory
2025-07-15T19:16:41.9247934Z Prepare all required actions
2025-07-15T19:16:41.9285254Z Getting action download info
2025-07-15T19:16:42.4116797Z ##[group]Download immutable action package 'actions/checkout@v3'
2025-07-15T19:16:42.4117949Z Version: 3.6.0
2025-07-15T19:16:42.4119034Z Digest: sha256:942562b9c7d4b1f2557f1da21f4d3eb4eb4fd01f2ad78b2a6e187d1b193e0a0f
2025-07-15T19:16:42.4120539Z Source commit SHA: f43a0e5ff2bd294095638e18286ca9a3d1956744
2025-07-15T19:16:42.4121326Z ##[endgroup]
2025-07-15T19:16:42.5494954Z ##[group]Download immutable action package 'actions/setup-python@v4'
2025-07-15T19:16:42.5495889Z Version: 4.9.1
2025-07-15T19:16:42.5496681Z Digest: sha256:f03e505388af670b5a108629e0ba26befc08d5c62b41f46146a45fe29ae509a5
2025-07-15T19:16:42.5497570Z Source commit SHA: 7f4fc3e22c37d6ff65e88745f38bd3157c663f7c
2025-07-15T19:16:42.5498338Z ##[endgroup]
2025-07-15T19:16:42.8554896Z ##[group]Download immutable action package 'docker/login-action@v3'
2025-07-15T19:16:42.8555810Z Version: 3.4.0
2025-07-15T19:16:42.8556549Z Digest: sha256:864ebd28db095e1602e6ef999f46a4f575083ea874918fbccf0994c2a7680450
2025-07-15T19:16:42.8557487Z Source commit SHA: 74a5d142397b4f367a81961eba4e8cd7edddf772
2025-07-15T19:16:42.8558255Z ##[endgroup]
2025-07-15T19:16:43.3009269Z Complete job name: build-test-deploy
2025-07-15T19:16:43.3813406Z ##[group]Run actions/checkout@v3
2025-07-15T19:16:43.3814754Z with:
2025-07-15T19:16:43.3815649Z   repository: ***/testing-CI-CD
2025-07-15T19:16:43.3816835Z   token: ***
2025-07-15T19:16:43.3817613Z   ssh-strict: true
2025-07-15T19:16:43.3818454Z   persist-credentials: true
2025-07-15T19:16:43.3819361Z   clean: true
2025-07-15T19:16:43.3820366Z   sparse-checkout-cone-mode: true
2025-07-15T19:16:43.3821379Z   fetch-depth: 1
2025-07-15T19:16:43.3822186Z   fetch-tags: false
2025-07-15T19:16:43.3822980Z   lfs: false
2025-07-15T19:16:43.3823732Z   submodules: false
2025-07-15T19:16:43.3824568Z   set-safe-directory: true
2025-07-15T19:16:43.3825758Z ##[endgroup]
2025-07-15T19:16:43.4704304Z Syncing repository: ***/testing-CI-CD
2025-07-15T19:16:43.4706906Z ##[group]Getting Git version info
2025-07-15T19:16:43.4708344Z Working directory is '/home/runner/work/testing-CI-CD/testing-CI-CD'
2025-07-15T19:16:43.4710681Z [command]/usr/bin/git version
2025-07-15T19:16:43.4766162Z git version 2.50.1
2025-07-15T19:16:43.4793524Z ##[endgroup]
2025-07-15T19:16:43.4811371Z Temporarily overriding HOME='/home/runner/work/_temp/4848ccf6-dd0b-40d3-b860-7e0f042926e3' before making global git config changes
2025-07-15T19:16:43.4816161Z Adding repository directory to the temporary git global config as a safe directory
2025-07-15T19:16:43.4820162Z [command]/usr/bin/git config --global --add safe.directory /home/runner/work/testing-CI-CD/testing-CI-CD
2025-07-15T19:16:43.4853079Z Deleting the contents of '/home/runner/work/testing-CI-CD/testing-CI-CD'
2025-07-15T19:16:43.4856994Z ##[group]Initializing the repository
2025-07-15T19:16:43.4860698Z [command]/usr/bin/git init /home/runner/work/testing-CI-CD/testing-CI-CD
2025-07-15T19:16:43.4953575Z hint: Using 'master' as the name for the initial branch. This default branch name
2025-07-15T19:16:43.4956412Z hint: is subject to change. To configure the initial branch name to use in all
2025-07-15T19:16:43.4959549Z hint: of your new repositories, which will suppress this warning, call:
2025-07-15T19:16:43.4962289Z hint:
2025-07-15T19:16:43.4963954Z hint: 	git config --global init.defaultBranch <name>
2025-07-15T19:16:43.4965974Z hint:
2025-07-15T19:16:43.4968122Z hint: Names commonly chosen instead of 'master' are 'main', 'trunk' and
2025-07-15T19:16:43.4971481Z hint: 'development'. The just-created branch can be renamed via this command:
2025-07-15T19:16:43.4973852Z hint:
2025-07-15T19:16:43.4974677Z hint: 	git branch -m <name>
2025-07-15T19:16:43.4975595Z hint:
2025-07-15T19:16:43.4976833Z hint: Disable this message with "git config set advice.defaultBranchName false"
2025-07-15T19:16:43.4979678Z Initialized empty Git repository in /home/runner/work/testing-CI-CD/testing-CI-CD/.git/
2025-07-15T19:16:43.4985194Z [command]/usr/bin/git remote add origin https://github.com/***/testing-CI-CD
2025-07-15T19:16:43.5001525Z ##[endgroup]
2025-07-15T19:16:43.5004054Z ##[group]Disabling automatic garbage collection
2025-07-15T19:16:43.5006264Z [command]/usr/bin/git config --local gc.auto 0
2025-07-15T19:16:43.5032483Z ##[endgroup]
2025-07-15T19:16:43.5034909Z ##[group]Setting up auth
2025-07-15T19:16:43.5038104Z [command]/usr/bin/git config --local --name-only --get-regexp core\.sshCommand
2025-07-15T19:16:43.5068947Z [command]/usr/bin/git submodule foreach --recursive sh -c "git config --local --name-only --get-regexp 'core\.sshCommand' && git config --local --unset-all 'core.sshCommand' || :"
2025-07-15T19:16:43.5362474Z [command]/usr/bin/git config --local --name-only --get-regexp http\.https\:\/\/github\.com\/\.extraheader
2025-07-15T19:16:43.5392770Z [command]/usr/bin/git submodule foreach --recursive sh -c "git config --local --name-only --get-regexp 'http\.https\:\/\/github\.com\/\.extraheader' && git config --local --unset-all 'http.https://github.com/.extraheader' || :"
2025-07-15T19:16:43.5606403Z [command]/usr/bin/git config --local http.https://github.com/.extraheader AUTHORIZATION: basic ***
2025-07-15T19:16:43.5638968Z ##[endgroup]
2025-07-15T19:16:43.5640943Z ##[group]Fetching the repository
2025-07-15T19:16:43.5647783Z [command]/usr/bin/git -c protocol.version=2 fetch --no-tags --prune --progress --no-recurse-submodules --depth=1 origin +41a7903d5b182d77235ec883e448983b0a046696:refs/remotes/origin/main
2025-07-15T19:16:43.9394973Z remote: Enumerating objects: 4167, done.        
2025-07-15T19:16:43.9396349Z remote: Counting objects:   0% (1/4167)        
2025-07-15T19:16:43.9397595Z remote: Counting objects:   1% (42/4167)        
2025-07-15T19:16:43.9399495Z remote: Counting objects:   2% (84/4167)        
2025-07-15T19:16:43.9401783Z remote: Counting objects:   3% (126/4167)        
2025-07-15T19:16:43.9403414Z remote: Counting objects:   4% (167/4167)        
2025-07-15T19:16:43.9405111Z remote: Counting objects:   5% (209/4167)        
2025-07-15T19:16:43.9406434Z remote: Counting objects:   6% (251/4167)        
2025-07-15T19:16:43.9407631Z remote: Counting objects:   7% (292/4167)        
2025-07-15T19:16:43.9408849Z remote: Counting objects:   8% (334/4167)        
2025-07-15T19:16:43.9410275Z remote: Counting objects:   9% (376/4167)        
2025-07-15T19:16:43.9411499Z remote: Counting objects:  10% (417/4167)        
2025-07-15T19:16:43.9412688Z remote: Counting objects:  11% (459/4167)        
2025-07-15T19:16:43.9413864Z remote: Counting objects:  12% (501/4167)        
2025-07-15T19:16:43.9415044Z remote: Counting objects:  13% (542/4167)        
2025-07-15T19:16:43.9416507Z remote: Counting objects:  14% (584/4167)        
2025-07-15T19:16:43.9417692Z remote: Counting objects:  15% (626/4167)        
2025-07-15T19:16:43.9418883Z remote: Counting objects:  16% (667/4167)        
2025-07-15T19:16:43.9420294Z remote: Counting objects:  17% (709/4167)        
2025-07-15T19:16:43.9421518Z remote: Counting objects:  18% (751/4167)        
2025-07-15T19:16:43.9422709Z remote: Counting objects:  19% (792/4167)        
2025-07-15T19:16:43.9423927Z remote: Counting objects:  20% (834/4167)        
2025-07-15T19:16:43.9425114Z remote: Counting objects:  21% (876/4167)        
2025-07-15T19:16:43.9426293Z remote: Counting objects:  22% (917/4167)        
2025-07-15T19:16:43.9427464Z remote: Counting objects:  23% (959/4167)        
2025-07-15T19:16:43.9428648Z remote: Counting objects:  24% (1001/4167)        
2025-07-15T19:16:43.9429830Z remote: Counting objects:  25% (1042/4167)        
2025-07-15T19:16:43.9431242Z remote: Counting objects:  26% (1084/4167)        
2025-07-15T19:16:43.9432421Z remote: Counting objects:  27% (1126/4167)        
2025-07-15T19:16:43.9433601Z remote: Counting objects:  28% (1167/4167)        
2025-07-15T19:16:43.9434786Z remote: Counting objects:  29% (1209/4167)        
2025-07-15T19:16:43.9435960Z remote: Counting objects:  30% (1251/4167)        
2025-07-15T19:16:43.9437147Z remote: Counting objects:  31% (1292/4167)        
2025-07-15T19:16:43.9438330Z remote: Counting objects:  32% (1334/4167)        
2025-07-15T19:16:43.9439504Z remote: Counting objects:  33% (1376/4167)        
2025-07-15T19:16:43.9440902Z remote: Counting objects:  34% (1417/4167)        
2025-07-15T19:16:43.9442079Z remote: Counting objects:  35% (1459/4167)        
2025-07-15T19:16:43.9443392Z remote: Counting objects:  36% (1501/4167)        
2025-07-15T19:16:43.9444556Z remote: Counting objects:  37% (1542/4167)        
2025-07-15T19:16:43.9445731Z remote: Counting objects:  38% (1584/4167)        
2025-07-15T19:16:43.9446949Z remote: Counting objects:  39% (1626/4167)        
2025-07-15T19:16:43.9448115Z remote: Counting objects:  40% (1667/4167)        
2025-07-15T19:16:43.9449286Z remote: Counting objects:  41% (1709/4167)        
2025-07-15T19:16:43.9450677Z remote: Counting objects:  42% (1751/4167)        
2025-07-15T19:16:43.9451870Z remote: Counting objects:  43% (1792/4167)        
2025-07-15T19:16:43.9453040Z remote: Counting objects:  44% (1834/4167)        
2025-07-15T19:16:43.9454208Z remote: Counting objects:  45% (1876/4167)        
2025-07-15T19:16:43.9455374Z remote: Counting objects:  46% (1917/4167)        
2025-07-15T19:16:43.9456730Z remote: Counting objects:  47% (1959/4167)        
2025-07-15T19:16:43.9457937Z remote: Counting objects:  48% (2001/4167)        
2025-07-15T19:16:43.9459113Z remote: Counting objects:  49% (2042/4167)        
2025-07-15T19:16:43.9460493Z remote: Counting objects:  50% (2084/4167)        
2025-07-15T19:16:43.9462227Z remote: Counting objects:  51% (2126/4167)        
2025-07-15T19:16:43.9463477Z remote: Counting objects:  52% (2167/4167)        
2025-07-15T19:16:43.9464677Z remote: Counting objects:  53% (2209/4167)        
2025-07-15T19:16:43.9466053Z remote: Counting objects:  54% (2251/4167)        
2025-07-15T19:16:43.9467568Z remote: Counting objects:  55% (2292/4167)        
2025-07-15T19:16:43.9468747Z remote: Counting objects:  56% (2334/4167)        
2025-07-15T19:16:43.9469915Z remote: Counting objects:  57% (2376/4167)        
2025-07-15T19:16:43.9471250Z remote: Counting objects:  58% (2417/4167)        
2025-07-15T19:16:43.9472446Z remote: Counting objects:  59% (2459/4167)        
2025-07-15T19:16:43.9473643Z remote: Counting objects:  60% (2501/4167)        
2025-07-15T19:16:43.9474809Z remote: Counting objects:  61% (2542/4167)        
2025-07-15T19:16:43.9475996Z remote: Counting objects:  62% (2584/4167)        
2025-07-15T19:16:43.9477172Z remote: Counting objects:  63% (2626/4167)        
2025-07-15T19:16:43.9478367Z remote: Counting objects:  64% (2667/4167)        
2025-07-15T19:16:43.9479796Z remote: Counting objects:  65% (2709/4167)        
2025-07-15T19:16:43.9481395Z remote: Counting objects:  66% (2751/4167)        
2025-07-15T19:16:43.9482571Z remote: Counting objects:  67% (2792/4167)        
2025-07-15T19:16:43.9483727Z remote: Counting objects:  68% (2834/4167)        
2025-07-15T19:16:43.9484882Z remote: Counting objects:  69% (2876/4167)        
2025-07-15T19:16:43.9486041Z remote: Counting objects:  70% (2917/4167)        
2025-07-15T19:16:43.9487199Z remote: Counting objects:  71% (2959/4167)        
2025-07-15T19:16:43.9488341Z remote: Counting objects:  72% (3001/4167)        
2025-07-15T19:16:43.9489535Z remote: Counting objects:  73% (3042/4167)        
2025-07-15T19:16:43.9490864Z remote: Counting objects:  74% (3084/4167)        
2025-07-15T19:16:43.9492002Z remote: Counting objects:  75% (3126/4167)        
2025-07-15T19:16:43.9493185Z remote: Counting objects:  76% (3167/4167)        
2025-07-15T19:16:43.9494343Z remote: Counting objects:  77% (3209/4167)        
2025-07-15T19:16:43.9495508Z remote: Counting objects:  78% (3251/4167)        
2025-07-15T19:16:43.9496669Z remote: Counting objects:  79% (3292/4167)        
2025-07-15T19:16:43.9497822Z remote: Counting objects:  80% (3334/4167)        
2025-07-15T19:16:43.9498982Z remote: Counting objects:  81% (3376/4167)        
2025-07-15T19:16:43.9500268Z remote: Counting objects:  82% (3417/4167)        
2025-07-15T19:16:43.9501444Z remote: Counting objects:  83% (3459/4167)        
2025-07-15T19:16:43.9502621Z remote: Counting objects:  84% (3501/4167)        
2025-07-15T19:16:43.9503782Z remote: Counting objects:  85% (3542/4167)        
2025-07-15T19:16:43.9504950Z remote: Counting objects:  86% (3584/4167)        
2025-07-15T19:16:43.9506105Z remote: Counting objects:  87% (3626/4167)        
2025-07-15T19:16:43.9507262Z remote: Counting objects:  88% (3667/4167)        
2025-07-15T19:16:43.9508426Z remote: Counting objects:  89% (3709/4167)        
2025-07-15T19:16:43.9509578Z remote: Counting objects:  90% (3751/4167)        
2025-07-15T19:16:43.9510851Z remote: Counting objects:  91% (3792/4167)        
2025-07-15T19:16:43.9512005Z remote: Counting objects:  92% (3834/4167)        
2025-07-15T19:16:43.9513177Z remote: Counting objects:  93% (3876/4167)        
2025-07-15T19:16:43.9514323Z remote: Counting objects:  94% (3917/4167)        
2025-07-15T19:16:43.9515496Z remote: Counting objects:  95% (3959/4167)        
2025-07-15T19:16:43.9516636Z remote: Counting objects:  96% (4001/4167)        
2025-07-15T19:16:43.9517795Z remote: Counting objects:  97% (4042/4167)        
2025-07-15T19:16:43.9519099Z remote: Counting objects:  98% (4084/4167)        
2025-07-15T19:16:44.0039272Z remote: Counting objects:  99% (4126/4167)        
2025-07-15T19:16:44.0040893Z remote: Counting objects: 100% (4167/4167)        
2025-07-15T19:16:44.0042179Z remote: Counting objects: 100% (4167/4167), done.        
2025-07-15T19:16:44.0043456Z remote: Compressing objects:   0% (1/3728)        
2025-07-15T19:16:44.0044679Z remote: Compressing objects:   1% (38/3728)        
2025-07-15T19:16:44.0045856Z remote: Compressing objects:   2% (75/3728)        
2025-07-15T19:16:44.0047064Z remote: Compressing objects:   3% (112/3728)        
2025-07-15T19:16:44.0048279Z remote: Compressing objects:   4% (150/3728)        
2025-07-15T19:16:44.0049512Z remote: Compressing objects:   5% (187/3728)        
2025-07-15T19:16:44.0051067Z remote: Compressing objects:   6% (224/3728)        
2025-07-15T19:16:44.0719363Z remote: Compressing objects:   7% (261/3728)        
2025-07-15T19:16:44.0721577Z remote: Compressing objects:   8% (299/3728)        
2025-07-15T19:16:44.0723211Z remote: Compressing objects:   9% (336/3728)        
2025-07-15T19:16:44.0724571Z remote: Compressing objects:  10% (373/3728)        
2025-07-15T19:16:44.0725790Z remote: Compressing objects:  11% (411/3728)        
2025-07-15T19:16:44.0727258Z remote: Compressing objects:  12% (448/3728)        
2025-07-15T19:16:44.0728635Z remote: Compressing objects:  13% (485/3728)        
2025-07-15T19:16:44.1358661Z remote: Compressing objects:  14% (522/3728)        
2025-07-15T19:16:44.1360358Z remote: Compressing objects:  15% (560/3728)        
2025-07-15T19:16:44.1361644Z remote: Compressing objects:  16% (597/3728)        
2025-07-15T19:16:44.1362874Z remote: Compressing objects:  17% (634/3728)        
2025-07-15T19:16:44.1364124Z remote: Compressing objects:  18% (672/3728)        
2025-07-15T19:16:44.1365350Z remote: Compressing objects:  19% (709/3728)        
2025-07-15T19:16:44.1366616Z remote: Compressing objects:  20% (746/3728)        
2025-07-15T19:16:44.1996382Z remote: Compressing objects:  21% (783/3728)        
2025-07-15T19:16:44.1998476Z remote: Compressing objects:  22% (821/3728)        
2025-07-15T19:16:44.1999730Z remote: Compressing objects:  23% (858/3728)        
2025-07-15T19:16:44.2001320Z remote: Compressing objects:  24% (895/3728)        
2025-07-15T19:16:44.2002544Z remote: Compressing objects:  25% (932/3728)        
2025-07-15T19:16:44.2003770Z remote: Compressing objects:  26% (970/3728)        
2025-07-15T19:16:44.2664066Z remote: Compressing objects:  27% (1007/3728)        
2025-07-15T19:16:44.2665776Z remote: Compressing objects:  28% (1044/3728)        
2025-07-15T19:16:44.2667322Z remote: Compressing objects:  29% (1082/3728)        
2025-07-15T19:16:44.2668549Z remote: Compressing objects:  30% (1119/3728)        
2025-07-15T19:16:44.2669767Z remote: Compressing objects:  31% (1156/3728)        
2025-07-15T19:16:44.2671232Z remote: Compressing objects:  32% (1193/3728)        
2025-07-15T19:16:44.2672455Z remote: Compressing objects:  33% (1231/3728)        
2025-07-15T19:16:44.3291282Z remote: Compressing objects:  34% (1268/3728)        
2025-07-15T19:16:44.3292841Z remote: Compressing objects:  35% (1305/3728)        
2025-07-15T19:16:44.3294092Z remote: Compressing objects:  36% (1343/3728)        
2025-07-15T19:16:44.3295303Z remote: Compressing objects:  37% (1380/3728)        
2025-07-15T19:16:44.3296511Z remote: Compressing objects:  38% (1417/3728)        
2025-07-15T19:16:44.3297733Z remote: Compressing objects:  39% (1454/3728)        
2025-07-15T19:16:44.3298946Z remote: Compressing objects:  40% (1492/3728)        
2025-07-15T19:16:44.3300340Z remote: Compressing objects:  41% (1529/3728)        
2025-07-15T19:16:44.3301575Z remote: Compressing objects:  42% (1566/3728)        
2025-07-15T19:16:44.3302781Z remote: Compressing objects:  43% (1604/3728)        
2025-07-15T19:16:44.3303975Z remote: Compressing objects:  44% (1641/3728)        
2025-07-15T19:16:44.3944391Z remote: Compressing objects:  45% (1678/3728)        
2025-07-15T19:16:44.8357852Z remote: Compressing objects:  46% (1715/3728)        
2025-07-15T19:16:44.8359350Z remote: Compressing objects:  47% (1753/3728)        
2025-07-15T19:16:44.8360372Z remote: Compressing objects:  48% (1790/3728)        
2025-07-15T19:16:44.8999739Z remote: Compressing objects:  49% (1827/3728)        
2025-07-15T19:16:44.9652597Z remote: Compressing objects:  50% (1864/3728)        
2025-07-15T19:16:44.9653650Z remote: Compressing objects:  50% (1892/3728)        
2025-07-15T19:16:45.3151450Z remote: Compressing objects:  51% (1902/3728)        
2025-07-15T19:16:45.3152368Z remote: Compressing objects:  52% (1939/3728)        
2025-07-15T19:16:45.3153126Z remote: Compressing objects:  53% (1976/3728)        
2025-07-15T19:16:45.3154016Z remote: Compressing objects:  54% (2014/3728)        
2025-07-15T19:16:45.3154751Z remote: Compressing objects:  55% (2051/3728)        
2025-07-15T19:16:45.3155447Z remote: Compressing objects:  56% (2088/3728)        
2025-07-15T19:16:45.3156173Z remote: Compressing objects:  57% (2125/3728)        
2025-07-15T19:16:45.3798577Z remote: Compressing objects:  58% (2163/3728)        
2025-07-15T19:16:45.3799543Z remote: Compressing objects:  59% (2200/3728)        
2025-07-15T19:16:45.3800507Z remote: Compressing objects:  60% (2237/3728)        
2025-07-15T19:16:45.4451327Z remote: Compressing objects:  61% (2275/3728)        
2025-07-15T19:16:45.4453319Z remote: Compressing objects:  62% (2312/3728)        
2025-07-15T19:16:45.4454083Z remote: Compressing objects:  63% (2349/3728)        
2025-07-15T19:16:45.4454831Z remote: Compressing objects:  64% (2386/3728)        
2025-07-15T19:16:45.5106541Z remote: Compressing objects:  65% (2424/3728)        
2025-07-15T19:16:45.5107234Z remote: Compressing objects:  66% (2461/3728)        
2025-07-15T19:16:45.5107613Z remote: Compressing objects:  67% (2498/3728)        
2025-07-15T19:16:45.5107963Z remote: Compressing objects:  68% (2536/3728)        
2025-07-15T19:16:45.5108320Z remote: Compressing objects:  69% (2573/3728)        
2025-07-15T19:16:45.5108701Z remote: Compressing objects:  70% (2610/3728)        
2025-07-15T19:16:45.5109103Z remote: Compressing objects:  71% (2647/3728)        
2025-07-15T19:16:45.5757403Z remote: Compressing objects:  72% (2685/3728)        
2025-07-15T19:16:45.5758244Z remote: Compressing objects:  73% (2722/3728)        
2025-07-15T19:16:45.5758960Z remote: Compressing objects:  74% (2759/3728)        
2025-07-15T19:16:45.5759550Z remote: Compressing objects:  75% (2796/3728)        
2025-07-15T19:16:45.5760204Z remote: Compressing objects:  76% (2834/3728)        
2025-07-15T19:16:45.5760650Z remote: Compressing objects:  77% (2871/3728)        
2025-07-15T19:16:45.5761092Z remote: Compressing objects:  78% (2908/3728)        
2025-07-15T19:16:45.5761570Z remote: Compressing objects:  79% (2946/3728)        
2025-07-15T19:16:45.5761980Z remote: Compressing objects:  80% (2983/3728)        
2025-07-15T19:16:45.5762353Z remote: Compressing objects:  81% (3020/3728)        
2025-07-15T19:16:45.5762714Z remote: Compressing objects:  82% (3057/3728)        
2025-07-15T19:16:45.5763068Z remote: Compressing objects:  83% (3095/3728)        
2025-07-15T19:16:45.5763421Z remote: Compressing objects:  84% (3132/3728)        
2025-07-15T19:16:45.5763770Z remote: Compressing objects:  85% (3169/3728)        
2025-07-15T19:16:45.5764138Z remote: Compressing objects:  86% (3207/3728)        
2025-07-15T19:16:45.5764576Z remote: Compressing objects:  87% (3244/3728)        
2025-07-15T19:16:45.5765042Z remote: Compressing objects:  88% (3281/3728)        
2025-07-15T19:16:45.5765407Z remote: Compressing objects:  89% (3318/3728)        
2025-07-15T19:16:45.5844295Z remote: Compressing objects:  90% (3356/3728)        
2025-07-15T19:16:45.5844928Z remote: Compressing objects:  91% (3393/3728)        
2025-07-15T19:16:45.5845536Z remote: Compressing objects:  92% (3430/3728)        
2025-07-15T19:16:45.5846141Z remote: Compressing objects:  93% (3468/3728)        
2025-07-15T19:16:45.5847247Z remote: Compressing objects:  94% (3505/3728)        
2025-07-15T19:16:45.5847730Z remote: Compressing objects:  95% (3542/3728)        
2025-07-15T19:16:45.5848117Z remote: Compressing objects:  96% (3579/3728)        
2025-07-15T19:16:45.5848487Z remote: Compressing objects:  97% (3617/3728)        
2025-07-15T19:16:45.5848845Z remote: Compressing objects:  98% (3654/3728)        
2025-07-15T19:16:45.5849218Z remote: Compressing objects:  99% (3691/3728)        
2025-07-15T19:16:45.5849582Z remote: Compressing objects: 100% (3728/3728)        
2025-07-15T19:16:45.5850193Z remote: Compressing objects: 100% (3728/3728), done.        
2025-07-15T19:16:45.6228075Z Receiving objects:   0% (1/4167)
2025-07-15T19:16:45.6237990Z Receiving objects:   1% (42/4167)
2025-07-15T19:16:45.6621267Z Receiving objects:   2% (84/4167)
2025-07-15T19:16:45.6831514Z Receiving objects:   3% (126/4167)
2025-07-15T19:16:45.6973892Z Receiving objects:   4% (167/4167)
2025-07-15T19:16:45.7037081Z Receiving objects:   5% (209/4167)
2025-07-15T19:16:45.7066191Z Receiving objects:   6% (251/4167)
2025-07-15T19:16:45.7213186Z Receiving objects:   7% (292/4167)
2025-07-15T19:16:45.7258742Z Receiving objects:   8% (334/4167)
2025-07-15T19:16:45.7324944Z Receiving objects:   9% (376/4167)
2025-07-15T19:16:45.7396939Z Receiving objects:  10% (417/4167)
2025-07-15T19:16:45.7465858Z Receiving objects:  11% (459/4167)
2025-07-15T19:16:45.7495107Z Receiving objects:  12% (501/4167)
2025-07-15T19:16:45.7526309Z Receiving objects:  13% (542/4167)
2025-07-15T19:16:45.7535547Z Receiving objects:  14% (584/4167)
2025-07-15T19:16:45.7605060Z Receiving objects:  15% (626/4167)
2025-07-15T19:16:45.7614496Z Receiving objects:  16% (667/4167)
2025-07-15T19:16:45.7649464Z Receiving objects:  17% (709/4167)
2025-07-15T19:16:45.7674573Z Receiving objects:  18% (751/4167)
2025-07-15T19:16:45.7722969Z Receiving objects:  19% (792/4167)
2025-07-15T19:16:45.7765360Z Receiving objects:  20% (834/4167)
2025-07-15T19:16:45.7795975Z Receiving objects:  21% (876/4167)
2025-07-15T19:16:45.7863663Z Receiving objects:  22% (917/4167)
2025-07-15T19:16:45.7913234Z Receiving objects:  23% (959/4167)
2025-07-15T19:16:45.7951028Z Receiving objects:  24% (1001/4167)
2025-07-15T19:16:45.7961135Z Receiving objects:  25% (1042/4167)
2025-07-15T19:16:45.7977642Z Receiving objects:  26% (1084/4167)
2025-07-15T19:16:45.7989928Z Receiving objects:  27% (1126/4167)
2025-07-15T19:16:45.8007310Z Receiving objects:  28% (1167/4167)
2025-07-15T19:16:45.8052642Z Receiving objects:  29% (1209/4167)
2025-07-15T19:16:45.8078227Z Receiving objects:  30% (1251/4167)
2025-07-15T19:16:45.8118409Z Receiving objects:  31% (1292/4167)
2025-07-15T19:16:45.8153279Z Receiving objects:  32% (1334/4167)
2025-07-15T19:16:45.8178206Z Receiving objects:  33% (1376/4167)
2025-07-15T19:16:45.8207935Z Receiving objects:  34% (1417/4167)
2025-07-15T19:16:45.8237449Z Receiving objects:  35% (1459/4167)
2025-07-15T19:16:45.8272689Z Receiving objects:  36% (1501/4167)
2025-07-15T19:16:45.8305302Z Receiving objects:  37% (1542/4167)
2025-07-15T19:16:45.8330495Z Receiving objects:  38% (1584/4167)
2025-07-15T19:16:45.8380299Z Receiving objects:  39% (1626/4167)
2025-07-15T19:16:45.8497112Z Receiving objects:  40% (1667/4167)
2025-07-15T19:16:45.8533656Z Receiving objects:  41% (1709/4167)
2025-07-15T19:16:45.8571463Z Receiving objects:  42% (1751/4167)
2025-07-15T19:16:45.8640602Z Receiving objects:  43% (1792/4167)
2025-07-15T19:16:45.8694091Z Receiving objects:  44% (1834/4167)
2025-07-15T19:16:45.8741116Z Receiving objects:  45% (1876/4167)
2025-07-15T19:16:45.8773250Z Receiving objects:  46% (1917/4167)
2025-07-15T19:16:45.8819592Z Receiving objects:  47% (1959/4167)
2025-07-15T19:16:45.8903686Z Receiving objects:  48% (2001/4167)
2025-07-15T19:16:45.8934894Z Receiving objects:  49% (2042/4167)
2025-07-15T19:16:45.8961548Z Receiving objects:  50% (2084/4167)
2025-07-15T19:16:45.9004905Z Receiving objects:  51% (2126/4167)
2025-07-15T19:16:45.9056540Z Receiving objects:  52% (2167/4167)
2025-07-15T19:16:45.9101346Z Receiving objects:  53% (2209/4167)
2025-07-15T19:16:45.9127129Z Receiving objects:  54% (2251/4167)
2025-07-15T19:16:45.9160928Z Receiving objects:  55% (2292/4167)
2025-07-15T19:16:45.9192199Z Receiving objects:  56% (2334/4167)
2025-07-15T19:16:45.9241229Z Receiving objects:  57% (2376/4167)
2025-07-15T19:16:45.9265419Z Receiving objects:  58% (2417/4167)
2025-07-15T19:16:45.9288934Z Receiving objects:  59% (2459/4167)
2025-07-15T19:16:45.9302929Z Receiving objects:  60% (2501/4167)
2025-07-15T19:16:45.9368299Z Receiving objects:  61% (2542/4167)
2025-07-15T19:16:45.9410491Z Receiving objects:  62% (2584/4167)
2025-07-15T19:16:45.9454205Z Receiving objects:  63% (2626/4167)
2025-07-15T19:16:45.9534784Z Receiving objects:  64% (2667/4167)
2025-07-15T19:16:45.9656647Z Receiving objects:  65% (2709/4167)
2025-07-15T19:16:45.9706205Z Receiving objects:  66% (2751/4167)
2025-07-15T19:16:45.9773866Z Receiving objects:  67% (2792/4167)
2025-07-15T19:16:45.9822398Z Receiving objects:  68% (2834/4167)
2025-07-15T19:16:45.9856299Z Receiving objects:  69% (2876/4167)
2025-07-15T19:16:45.9922176Z Receiving objects:  70% (2917/4167)
2025-07-15T19:16:45.9960575Z Receiving objects:  71% (2959/4167)
2025-07-15T19:16:45.9994298Z Receiving objects:  72% (3001/4167)
2025-07-15T19:16:46.0014183Z Receiving objects:  73% (3042/4167)
2025-07-15T19:16:46.0030197Z Receiving objects:  74% (3084/4167)
2025-07-15T19:16:46.0040130Z Receiving objects:  75% (3126/4167)
2025-07-15T19:16:46.0062719Z Receiving objects:  76% (3167/4167)
2025-07-15T19:16:46.0116292Z Receiving objects:  77% (3209/4167)
2025-07-15T19:16:46.0253431Z Receiving objects:  78% (3251/4167)
2025-07-15T19:16:46.0298507Z Receiving objects:  79% (3292/4167)
2025-07-15T19:16:46.0333950Z Receiving objects:  80% (3334/4167)
2025-07-15T19:16:46.0357480Z Receiving objects:  81% (3376/4167)
2025-07-15T19:16:46.0379599Z Receiving objects:  82% (3417/4167)
2025-07-15T19:16:46.0385516Z Receiving objects:  83% (3459/4167)
2025-07-15T19:16:46.0393121Z Receiving objects:  84% (3501/4167)
2025-07-15T19:16:46.0401106Z Receiving objects:  85% (3542/4167)
2025-07-15T19:16:46.0407353Z Receiving objects:  86% (3584/4167)
2025-07-15T19:16:46.0413377Z Receiving objects:  87% (3626/4167)
2025-07-15T19:16:46.0419378Z Receiving objects:  88% (3667/4167)
2025-07-15T19:16:46.0423006Z Receiving objects:  89% (3709/4167)
2025-07-15T19:16:46.0429794Z Receiving objects:  90% (3751/4167)
2025-07-15T19:16:46.0447731Z Receiving objects:  91% (3792/4167)
2025-07-15T19:16:46.0455284Z Receiving objects:  92% (3834/4167)
2025-07-15T19:16:46.0463965Z Receiving objects:  93% (3876/4167)
2025-07-15T19:16:46.0470483Z Receiving objects:  94% (3917/4167)
2025-07-15T19:16:46.0528747Z Receiving objects:  95% (3959/4167)
2025-07-15T19:16:46.0553452Z Receiving objects:  96% (4001/4167)
2025-07-15T19:16:46.0614564Z Receiving objects:  97% (4042/4167)
2025-07-15T19:16:46.0650677Z Receiving objects:  98% (4084/4167)
2025-07-15T19:16:46.0695507Z Receiving objects:  99% (4126/4167)
2025-07-15T19:16:46.0696328Z remote: Total 4167 (delta 621), reused 3841 (delta 394), pack-reused 0 (from 0)        
2025-07-15T19:16:46.0714612Z Receiving objects: 100% (4167/4167)
2025-07-15T19:16:46.0715282Z Receiving objects: 100% (4167/4167), 14.00 MiB | 28.91 MiB/s, done.
2025-07-15T19:16:46.0722135Z Resolving deltas:   0% (0/621)
2025-07-15T19:16:46.0722982Z Resolving deltas:   1% (7/621)
2025-07-15T19:16:46.0724224Z Resolving deltas:   2% (13/621)
2025-07-15T19:16:46.0724623Z Resolving deltas:   3% (19/621)
2025-07-15T19:16:46.0730537Z Resolving deltas:   4% (25/621)
2025-07-15T19:16:46.0731687Z Resolving deltas:   5% (32/621)
2025-07-15T19:16:46.0732316Z Resolving deltas:   6% (38/621)
2025-07-15T19:16:46.0735176Z Resolving deltas:   7% (44/621)
2025-07-15T19:16:46.0735737Z Resolving deltas:   8% (50/621)
2025-07-15T19:16:46.0751023Z Resolving deltas:   9% (56/621)
2025-07-15T19:16:46.0752173Z Resolving deltas:  10% (63/621)
2025-07-15T19:16:46.0821439Z Resolving deltas:  11% (69/621)
2025-07-15T19:16:46.0842972Z Resolving deltas:  12% (75/621)
2025-07-15T19:16:46.0852080Z Resolving deltas:  13% (82/621)
2025-07-15T19:16:46.0855843Z Resolving deltas:  14% (87/621)
2025-07-15T19:16:46.0856250Z Resolving deltas:  15% (94/621)
2025-07-15T19:16:46.0856627Z Resolving deltas:  16% (100/621)
2025-07-15T19:16:46.0857936Z Resolving deltas:  17% (106/621)
2025-07-15T19:16:46.0947759Z Resolving deltas:  18% (112/621)
2025-07-15T19:16:46.0952701Z Resolving deltas:  19% (118/621)
2025-07-15T19:16:46.0953420Z Resolving deltas:  20% (125/621)
2025-07-15T19:16:46.0953842Z Resolving deltas:  21% (131/621)
2025-07-15T19:16:46.0954276Z Resolving deltas:  22% (137/621)
2025-07-15T19:16:46.0954681Z Resolving deltas:  23% (143/621)
2025-07-15T19:16:46.0955075Z Resolving deltas:  24% (150/621)
2025-07-15T19:16:46.0955487Z Resolving deltas:  25% (156/621)
2025-07-15T19:16:46.0955860Z Resolving deltas:  26% (162/621)
2025-07-15T19:16:46.0956225Z Resolving deltas:  27% (168/621)
2025-07-15T19:16:46.0956600Z Resolving deltas:  28% (174/621)
2025-07-15T19:16:46.0956962Z Resolving deltas:  29% (181/621)
2025-07-15T19:16:46.0957344Z Resolving deltas:  30% (187/621)
2025-07-15T19:16:46.0957741Z Resolving deltas:  31% (194/621)
2025-07-15T19:16:46.0958113Z Resolving deltas:  32% (199/621)
2025-07-15T19:16:46.0958474Z Resolving deltas:  33% (205/621)
2025-07-15T19:16:46.0958841Z Resolving deltas:  34% (212/621)
2025-07-15T19:16:46.0959203Z Resolving deltas:  35% (218/621)
2025-07-15T19:16:46.0959901Z Resolving deltas:  36% (224/621)
2025-07-15T19:16:46.0960447Z Resolving deltas:  37% (230/621)
2025-07-15T19:16:46.0960819Z Resolving deltas:  38% (236/621)
2025-07-15T19:16:46.0961179Z Resolving deltas:  39% (243/621)
2025-07-15T19:16:46.0961547Z Resolving deltas:  40% (249/621)
2025-07-15T19:16:46.0961956Z Resolving deltas:  41% (255/621)
2025-07-15T19:16:46.0967183Z Resolving deltas:  42% (261/621)
2025-07-15T19:16:46.0972141Z Resolving deltas:  43% (268/621)
2025-07-15T19:16:46.0978227Z Resolving deltas:  44% (274/621)
2025-07-15T19:16:46.0981488Z Resolving deltas:  45% (280/621)
2025-07-15T19:16:46.0993649Z Resolving deltas:  46% (286/621)
2025-07-15T19:16:46.0998908Z Resolving deltas:  47% (292/621)
2025-07-15T19:16:46.1002541Z Resolving deltas:  48% (300/621)
2025-07-15T19:16:46.1007264Z Resolving deltas:  49% (305/621)
2025-07-15T19:16:46.1013685Z Resolving deltas:  50% (311/621)
2025-07-15T19:16:46.1018957Z Resolving deltas:  51% (317/621)
2025-07-15T19:16:46.1025007Z Resolving deltas:  52% (323/621)
2025-07-15T19:16:46.1030383Z Resolving deltas:  53% (330/621)
2025-07-15T19:16:46.1033006Z Resolving deltas:  54% (336/621)
2025-07-15T19:16:46.1036634Z Resolving deltas:  55% (342/621)
2025-07-15T19:16:46.1046990Z Resolving deltas:  56% (348/621)
2025-07-15T19:16:46.1052796Z Resolving deltas:  57% (354/621)
2025-07-15T19:16:46.1062570Z Resolving deltas:  58% (361/621)
2025-07-15T19:16:46.1065885Z Resolving deltas:  59% (368/621)
2025-07-15T19:16:46.1072502Z Resolving deltas:  60% (373/621)
2025-07-15T19:16:46.1081124Z Resolving deltas:  61% (380/621)
2025-07-15T19:16:46.1084831Z Resolving deltas:  62% (386/621)
2025-07-15T19:16:46.1092233Z Resolving deltas:  63% (392/621)
2025-07-15T19:16:46.1101224Z Resolving deltas:  64% (398/621)
2025-07-15T19:16:46.1103330Z Resolving deltas:  65% (404/621)
2025-07-15T19:16:46.1106768Z Resolving deltas:  66% (410/621)
2025-07-15T19:16:46.1111021Z Resolving deltas:  67% (417/621)
2025-07-15T19:16:46.1116396Z Resolving deltas:  68% (423/621)
2025-07-15T19:16:46.1121372Z Resolving deltas:  69% (429/621)
2025-07-15T19:16:46.1125852Z Resolving deltas:  70% (436/621)
2025-07-15T19:16:46.1130804Z Resolving deltas:  71% (441/621)
2025-07-15T19:16:46.1134106Z Resolving deltas:  72% (448/621)
2025-07-15T19:16:46.1145240Z Resolving deltas:  73% (454/621)
2025-07-15T19:16:46.1152662Z Resolving deltas:  74% (461/621)
2025-07-15T19:16:46.1156447Z Resolving deltas:  75% (466/621)
2025-07-15T19:16:46.1163735Z Resolving deltas:  76% (472/621)
2025-07-15T19:16:46.1167302Z Resolving deltas:  77% (480/621)
2025-07-15T19:16:46.1175575Z Resolving deltas:  78% (485/621)
2025-07-15T19:16:46.1180312Z Resolving deltas:  79% (491/621)
2025-07-15T19:16:46.1182062Z Resolving deltas:  80% (497/621)
2025-07-15T19:16:46.1184309Z Resolving deltas:  81% (504/621)
2025-07-15T19:16:46.1187928Z Resolving deltas:  82% (510/621)
2025-07-15T19:16:46.1205592Z Resolving deltas:  83% (517/621)
2025-07-15T19:16:46.1216954Z Resolving deltas:  84% (523/621)
2025-07-15T19:16:46.1231674Z Resolving deltas:  85% (528/621)
2025-07-15T19:16:46.1233854Z Resolving deltas:  86% (536/621)
2025-07-15T19:16:46.1241937Z Resolving deltas:  87% (541/621)
2025-07-15T19:16:46.1253662Z Resolving deltas:  88% (547/621)
2025-07-15T19:16:46.1262563Z Resolving deltas:  89% (553/621)
2025-07-15T19:16:46.1270801Z Resolving deltas:  90% (559/621)
2025-07-15T19:16:46.1272442Z Resolving deltas:  91% (566/621)
2025-07-15T19:16:46.1274841Z Resolving deltas:  92% (572/621)
2025-07-15T19:16:46.1275586Z Resolving deltas:  93% (579/621)
2025-07-15T19:16:46.1277101Z Resolving deltas:  94% (585/621)
2025-07-15T19:16:46.1279384Z Resolving deltas:  95% (590/621)
2025-07-15T19:16:46.1280788Z Resolving deltas:  96% (597/621)
2025-07-15T19:16:46.1281166Z Resolving deltas:  97% (603/621)
2025-07-15T19:16:46.1281532Z Resolving deltas:  98% (609/621)
2025-07-15T19:16:46.1284381Z Resolving deltas:  99% (615/621)
2025-07-15T19:16:46.1287669Z Resolving deltas: 100% (621/621)
2025-07-15T19:16:46.1288072Z Resolving deltas: 100% (621/621), done.
2025-07-15T19:16:46.1465711Z From https://github.com/***/testing-CI-CD
2025-07-15T19:16:46.1466245Z  * [new ref]         41a7903d5b182d77235ec883e448983b0a046696 -> origin/main
2025-07-15T19:16:46.1522730Z ##[endgroup]
2025-07-15T19:16:46.1523355Z ##[group]Determining the checkout info
2025-07-15T19:16:46.1525301Z ##[endgroup]
2025-07-15T19:16:46.1525899Z ##[group]Checking out the ref
2025-07-15T19:16:46.1530399Z [command]/usr/bin/git checkout --progress --force -B main refs/remotes/origin/main
2025-07-15T19:16:46.5072671Z Switched to a new branch 'main'
2025-07-15T19:16:46.5074688Z branch 'main' set up to track 'origin/main'.
2025-07-15T19:16:46.5093195Z ##[endgroup]
2025-07-15T19:16:46.5141996Z [command]/usr/bin/git log -1 --format='%H'
2025-07-15T19:16:46.5159035Z '41a7903d5b182d77235ec883e448983b0a046696'
2025-07-15T19:16:46.5385518Z ##[group]Run actions/setup-python@v4
2025-07-15T19:16:46.5385802Z with:
2025-07-15T19:16:46.5385985Z   python-version: 3.10
2025-07-15T19:16:46.5386205Z   check-latest: false
2025-07-15T19:16:46.5386572Z   token: ***
2025-07-15T19:16:46.5386763Z   update-environment: true
2025-07-15T19:16:46.5386989Z   allow-prereleases: false
2025-07-15T19:16:46.5387197Z ##[endgroup]
2025-07-15T19:16:46.7057050Z ##[group]Installed versions
2025-07-15T19:16:46.7165528Z Successfully set up CPython (3.10.18)
2025-07-15T19:16:46.7166172Z ##[endgroup]
2025-07-15T19:16:46.7279206Z ##[group]Run python -m pip install --upgrade pip
2025-07-15T19:16:46.7279619Z [36;1mpython -m pip install --upgrade pip[0m
2025-07-15T19:16:46.7279917Z [36;1mpip install -r requirements.txt[0m
2025-07-15T19:16:46.7381573Z shell: /usr/bin/bash -e {0}
2025-07-15T19:16:46.7381820Z env:
2025-07-15T19:16:46.7382066Z   pythonLocation: /opt/hostedtoolcache/Python/3.10.18/x64
2025-07-15T19:16:46.7382490Z   PKG_CONFIG_PATH: /opt/hostedtoolcache/Python/3.10.18/x64/lib/pkgconfig
2025-07-15T19:16:46.7382885Z   Python_ROOT_DIR: /opt/hostedtoolcache/Python/3.10.18/x64
2025-07-15T19:16:46.7383222Z   Python2_ROOT_DIR: /opt/hostedtoolcache/Python/3.10.18/x64
2025-07-15T19:16:46.7383584Z   Python3_ROOT_DIR: /opt/hostedtoolcache/Python/3.10.18/x64
2025-07-15T19:16:46.7383924Z   LD_LIBRARY_PATH: /opt/hostedtoolcache/Python/3.10.18/x64/lib
2025-07-15T19:16:46.7384202Z ##[endgroup]
2025-07-15T19:16:50.1046809Z Requirement already satisfied: pip in /opt/hostedtoolcache/Python/3.10.18/x64/lib/python3.10/site-packages (25.1.1)
2025-07-15T19:16:51.2233673Z Collecting Flask==3.1.0 (from -r requirements.txt (line 1))
2025-07-15T19:16:51.2597052Z   Downloading flask-3.1.0-py3-none-any.whl.metadata (2.7 kB)
2025-07-15T19:16:51.2751743Z Collecting Flask-PyMongo==3.0.1 (from -r requirements.txt (line 2))
2025-07-15T19:16:51.2793893Z   Downloading flask_pymongo-3.0.1-py3-none-any.whl.metadata (3.5 kB)
2025-07-15T19:16:51.3332003Z Collecting pytest==8.2.1 (from -r requirements.txt (line 3))
2025-07-15T19:16:51.3383498Z   Downloading pytest-8.2.1-py3-none-any.whl.metadata (7.6 kB)
2025-07-15T19:16:51.3527307Z Collecting blinker==1.9.0 (from -r requirements.txt (line 4))
2025-07-15T19:16:51.3563999Z   Downloading blinker-1.9.0-py3-none-any.whl.metadata (1.6 kB)
2025-07-15T19:16:51.3761811Z Collecting certifi==2025.7.14 (from -r requirements.txt (line 5))
2025-07-15T19:16:51.3797165Z   Downloading certifi-2025.7.14-py3-none-any.whl.metadata (2.4 kB)
2025-07-15T19:16:51.4685873Z Collecting charset-normalizer==3.4.2 (from -r requirements.txt (line 6))
2025-07-15T19:16:51.4724233Z   Downloading charset_normalizer-3.4.2-cp310-cp310-manylinux_2_17_x86_64.manylinux2014_x86_64.whl.metadata (35 kB)
2025-07-15T19:16:51.4936899Z Collecting click==8.2.1 (from -r requirements.txt (line 7))
2025-07-15T19:16:51.4976851Z   Downloading click-8.2.1-py3-none-any.whl.metadata (2.5 kB)
2025-07-15T19:16:51.5113987Z Collecting dnspython==2.7.0 (from -r requirements.txt (line 8))
2025-07-15T19:16:51.5150388Z   Downloading dnspython-2.7.0-py3-none-any.whl.metadata (5.8 kB)
2025-07-15T19:16:51.5427102Z Collecting idna==3.10 (from -r requirements.txt (line 9))
2025-07-15T19:16:51.5460153Z   Downloading idna-3.10-py3-none-any.whl.metadata (10 kB)
2025-07-15T19:16:51.5591506Z Collecting itsdangerous==2.2.0 (from -r requirements.txt (line 10))
2025-07-15T19:16:51.5624475Z   Downloading itsdangerous-2.2.0-py3-none-any.whl.metadata (1.9 kB)
2025-07-15T19:16:51.5786631Z Collecting Jinja2==3.1.6 (from -r requirements.txt (line 11))
2025-07-15T19:16:51.5820847Z   Downloading jinja2-3.1.6-py3-none-any.whl.metadata (2.9 kB)
2025-07-15T19:16:51.6401556Z Collecting MarkupSafe==3.0.2 (from -r requirements.txt (line 12))
2025-07-15T19:16:51.6459366Z   Downloading MarkupSafe-3.0.2-cp310-cp310-manylinux_2_17_x86_64.manylinux2014_x86_64.whl.metadata (4.0 kB)
2025-07-15T19:16:51.6573956Z Collecting paho-mqtt==2.1.0 (from -r requirements.txt (line 13))
2025-07-15T19:16:51.6620686Z   Downloading paho_mqtt-2.1.0-py3-none-any.whl.metadata (23 kB)
2025-07-15T19:16:52.0051633Z Collecting pymongo==4.13.2 (from -r requirements.txt (line 14))
2025-07-15T19:16:52.0125773Z   Downloading pymongo-4.13.2-cp310-cp310-manylinux_2_17_x86_64.manylinux2014_x86_64.whl.metadata (22 kB)
2025-07-15T19:16:52.0667780Z Collecting python-dotenv==1.1.1 (from -r requirements.txt (line 15))
2025-07-15T19:16:52.0703460Z   Downloading python_dotenv-1.1.1-py3-none-any.whl.metadata (24 kB)
2025-07-15T19:16:52.1131858Z Collecting requests==2.32.4 (from -r requirements.txt (line 16))
2025-07-15T19:16:52.1167404Z   Downloading requests-2.32.4-py3-none-any.whl.metadata (4.9 kB)
2025-07-15T19:16:52.1445587Z Collecting urllib3==2.5.0 (from -r requirements.txt (line 17))
2025-07-15T19:16:52.1478858Z   Downloading urllib3-2.5.0-py3-none-any.whl.metadata (6.5 kB)
2025-07-15T19:16:52.1729600Z Collecting Werkzeug==3.1.3 (from -r requirements.txt (line 18))
2025-07-15T19:16:52.1765254Z   Downloading werkzeug-3.1.3-py3-none-any.whl.metadata (3.7 kB)
2025-07-15T19:16:52.1886875Z Collecting autodevops-cli==0.1.1 (from -r requirements.txt (line 19))
2025-07-15T19:16:52.1926466Z   Downloading autodevops_cli-0.1.1-py3-none-any.whl.metadata (494 bytes)
2025-07-15T19:16:52.2041739Z Collecting iniconfig==2.1.0 (from -r requirements.txt (line 20))
2025-07-15T19:16:52.2077306Z   Downloading iniconfig-2.1.0-py3-none-any.whl.metadata (2.7 kB)
2025-07-15T19:16:52.2231517Z Collecting loguru==0.7.3 (from -r requirements.txt (line 21))
2025-07-15T19:16:52.2266747Z   Downloading loguru-0.7.3-py3-none-any.whl.metadata (22 kB)
2025-07-15T19:16:52.2512996Z Collecting markdown-it-py==3.0.0 (from -r requirements.txt (line 22))
2025-07-15T19:16:52.2545128Z   Downloading markdown_it_py-3.0.0-py3-none-any.whl.metadata (6.9 kB)
2025-07-15T19:16:52.2701000Z Collecting mdurl==0.1.2 (from -r requirements.txt (line 23))
2025-07-15T19:16:52.2733788Z   Downloading mdurl-0.1.2-py3-none-any.whl.metadata (1.6 kB)
2025-07-15T19:16:52.2878230Z Collecting mongomock==4.3.0 (from -r requirements.txt (line 24))
2025-07-15T19:16:52.2920384Z   Downloading mongomock-4.3.0-py2.py3-none-any.whl.metadata (12 kB)
2025-07-15T19:16:52.3099554Z Collecting packaging==25.0 (from -r requirements.txt (line 25))
2025-07-15T19:16:52.3152198Z   Downloading packaging-25.0-py3-none-any.whl.metadata (3.3 kB)
2025-07-15T19:16:52.3293202Z Collecting pluggy==1.6.0 (from -r requirements.txt (line 26))
2025-07-15T19:16:52.3328169Z   Downloading pluggy-1.6.0-py3-none-any.whl.metadata (4.8 kB)
2025-07-15T19:16:52.3534263Z Collecting Pygments==2.19.2 (from -r requirements.txt (line 27))
2025-07-15T19:16:52.3566651Z   Downloading pygments-2.19.2-py3-none-any.whl.metadata (2.5 kB)
2025-07-15T19:16:52.3962322Z Collecting pytz==2025.2 (from -r requirements.txt (line 28))
2025-07-15T19:16:52.3998086Z   Downloading pytz-2025.2-py2.py3-none-any.whl.metadata (22 kB)
2025-07-15T19:16:52.4428723Z Collecting rich==14.0.0 (from -r requirements.txt (line 29))
2025-07-15T19:16:52.4467977Z   Downloading rich-14.0.0-py3-none-any.whl.metadata (18 kB)
2025-07-15T19:16:52.4595841Z Collecting sentinels==1.0.0 (from -r requirements.txt (line 30))
2025-07-15T19:16:52.4632078Z   Downloading sentinels-1.0.0.tar.gz (4.1 kB)
2025-07-15T19:16:52.4778009Z   Installing build dependencies: started
2025-07-15T19:16:53.8273330Z   Installing build dependencies: finished with status 'done'
2025-07-15T19:16:53.8281514Z   Getting requirements to build wheel: started
2025-07-15T19:16:54.2742503Z   Getting requirements to build wheel: finished with status 'done'
2025-07-15T19:16:54.2752725Z   Preparing metadata (pyproject.toml): started
2025-07-15T19:16:54.4659802Z   Preparing metadata (pyproject.toml): finished with status 'done'
2025-07-15T19:16:54.4834932Z Collecting sh==2.2.2 (from -r requirements.txt (line 31))
2025-07-15T19:16:54.4877742Z   Downloading sh-2.2.2-py3-none-any.whl.metadata (3.7 kB)
2025-07-15T19:16:54.5318829Z Collecting exceptiongroup>=1.0.0rc8 (from pytest==8.2.1->-r requirements.txt (line 3))
2025-07-15T19:16:54.5355624Z   Downloading exceptiongroup-1.3.0-py3-none-any.whl.metadata (6.7 kB)
2025-07-15T19:16:54.5544176Z Collecting tomli>=1 (from pytest==8.2.1->-r requirements.txt (line 3))
2025-07-15T19:16:54.5587585Z   Downloading tomli-2.2.1-py3-none-any.whl.metadata (10 kB)
2025-07-15T19:16:54.6365704Z Collecting typing-extensions<5.0,>=4.0.0 (from rich==14.0.0->-r requirements.txt (line 29))
2025-07-15T19:16:54.6401012Z   Downloading typing_extensions-4.14.1-py3-none-any.whl.metadata (3.0 kB)
2025-07-15T19:16:54.6587046Z Downloading flask-3.1.0-py3-none-any.whl (102 kB)
2025-07-15T19:16:54.6675547Z Downloading flask_pymongo-3.0.1-py3-none-any.whl (11 kB)
2025-07-15T19:16:54.6744793Z Downloading pytest-8.2.1-py3-none-any.whl (339 kB)
2025-07-15T19:16:54.6827285Z Downloading pluggy-1.6.0-py3-none-any.whl (20 kB)
2025-07-15T19:16:54.6890935Z Downloading blinker-1.9.0-py3-none-any.whl (8.5 kB)
2025-07-15T19:16:54.6946704Z Downloading certifi-2025.7.14-py3-none-any.whl (162 kB)
2025-07-15T19:16:54.7010743Z Downloading charset_normalizer-3.4.2-cp310-cp310-manylinux_2_17_x86_64.manylinux2014_x86_64.whl (149 kB)
2025-07-15T19:16:54.7074706Z Downloading click-8.2.1-py3-none-any.whl (102 kB)
2025-07-15T19:16:54.7135098Z Downloading dnspython-2.7.0-py3-none-any.whl (313 kB)
2025-07-15T19:16:54.7208634Z Downloading idna-3.10-py3-none-any.whl (70 kB)
2025-07-15T19:16:54.7274845Z Downloading itsdangerous-2.2.0-py3-none-any.whl (16 kB)
2025-07-15T19:16:54.7341988Z Downloading jinja2-3.1.6-py3-none-any.whl (134 kB)
2025-07-15T19:16:54.7408071Z Downloading MarkupSafe-3.0.2-cp310-cp310-manylinux_2_17_x86_64.manylinux2014_x86_64.whl (20 kB)
2025-07-15T19:16:54.7478188Z Downloading paho_mqtt-2.1.0-py3-none-any.whl (67 kB)
2025-07-15T19:16:54.7553736Z Downloading pymongo-4.13.2-cp310-cp310-manylinux_2_17_x86_64.manylinux2014_x86_64.whl (1.2 MB)
2025-07-15T19:16:54.7652491Z    ━━━━━━━━━━━━━━━━━━━━━━━━━━━━━━━━━━━━━━━━ 1.2/1.2 MB 135.2 MB/s eta 0:00:00
2025-07-15T19:16:54.7689158Z Downloading python_dotenv-1.1.1-py3-none-any.whl (20 kB)
2025-07-15T19:16:54.7755791Z Downloading requests-2.32.4-py3-none-any.whl (64 kB)
2025-07-15T19:16:54.7850382Z Downloading urllib3-2.5.0-py3-none-any.whl (129 kB)
2025-07-15T19:16:54.7910569Z Downloading werkzeug-3.1.3-py3-none-any.whl (224 kB)
2025-07-15T19:16:54.7982581Z Downloading autodevops_cli-0.1.1-py3-none-any.whl (4.1 kB)
2025-07-15T19:16:54.8042351Z Downloading iniconfig-2.1.0-py3-none-any.whl (6.0 kB)
2025-07-15T19:16:54.8116424Z Downloading loguru-0.7.3-py3-none-any.whl (61 kB)
2025-07-15T19:16:54.8176493Z Downloading markdown_it_py-3.0.0-py3-none-any.whl (87 kB)
2025-07-15T19:16:54.8236585Z Downloading mdurl-0.1.2-py3-none-any.whl (10.0 kB)
2025-07-15T19:16:54.8305663Z Downloading mongomock-4.3.0-py2.py3-none-any.whl (64 kB)
2025-07-15T19:16:54.8362012Z Downloading packaging-25.0-py3-none-any.whl (66 kB)
2025-07-15T19:16:54.8423249Z Downloading pygments-2.19.2-py3-none-any.whl (1.2 MB)
2025-07-15T19:16:54.8524179Z    ━━━━━━━━━━━━━━━━━━━━━━━━━━━━━━━━━━━━━━━━ 1.2/1.2 MB 132.8 MB/s eta 0:00:00
2025-07-15T19:16:54.8563881Z Downloading pytz-2025.2-py2.py3-none-any.whl (509 kB)
2025-07-15T19:16:54.8648175Z Downloading rich-14.0.0-py3-none-any.whl (243 kB)
2025-07-15T19:16:54.8709585Z Downloading sh-2.2.2-py3-none-any.whl (38 kB)
2025-07-15T19:16:54.8772396Z Downloading typing_extensions-4.14.1-py3-none-any.whl (43 kB)
2025-07-15T19:16:54.8834757Z Downloading exceptiongroup-1.3.0-py3-none-any.whl (16 kB)
2025-07-15T19:16:54.8901747Z Downloading tomli-2.2.1-py3-none-any.whl (14 kB)
2025-07-15T19:16:54.9288951Z Building wheels for collected packages: sentinels
2025-07-15T19:16:54.9298794Z   Building wheel for sentinels (pyproject.toml): started
2025-07-15T19:16:55.1371759Z   Building wheel for sentinels (pyproject.toml): finished with status 'done'
2025-07-15T19:16:55.1378371Z   Created wheel for sentinels: filename=sentinels-1.0.0-py3-none-any.whl size=3229 sha256=59d70547d320b346acae3db4cf8bd13b8a258196e274ee49b15766d4d0d69201
2025-07-15T19:16:55.1380737Z   Stored in directory: /home/runner/.cache/pip/wheels/26/bc/eb/67e56405e0684b3d8c011cf4d18129c41be394775fd5ba2347
2025-07-15T19:16:55.1397169Z Successfully built sentinels
2025-07-15T19:16:55.2147898Z Installing collected packages: sentinels, pytz, urllib3, typing-extensions, tomli, sh, python-dotenv, Pygments, pluggy, paho-mqtt, packaging, mdurl, MarkupSafe, loguru, itsdangerous, iniconfig, idna, dnspython, click, charset-normalizer, certifi, blinker, Werkzeug, requests, pymongo, mongomock, markdown-it-py, Jinja2, exceptiongroup, rich, pytest, Flask, Flask-PyMongo, autodevops-cli
2025-07-15T19:16:57.6870809Z 
2025-07-15T19:16:57.6931509Z Successfully installed Flask-3.1.0 Flask-PyMongo-3.0.1 Jinja2-3.1.6 MarkupSafe-3.0.2 Pygments-2.19.2 Werkzeug-3.1.3 autodevops-cli-0.1.1 blinker-1.9.0 certifi-2025.7.14 charset-normalizer-3.4.2 click-8.2.1 dnspython-2.7.0 exceptiongroup-1.3.0 idna-3.10 iniconfig-2.1.0 itsdangerous-2.2.0 loguru-0.7.3 markdown-it-py-3.0.0 mdurl-0.1.2 mongomock-4.3.0 packaging-25.0 paho-mqtt-2.1.0 pluggy-1.6.0 pymongo-4.13.2 pytest-8.2.1 python-dotenv-1.1.1 pytz-2025.2 requests-2.32.4 rich-14.0.0 sentinels-1.0.0 sh-2.2.2 tomli-2.2.1 typing-extensions-4.14.1 urllib3-2.5.0
2025-07-15T19:16:57.8393895Z ##[group]Run export PYTHONPATH=.
2025-07-15T19:16:57.8394227Z [36;1mexport PYTHONPATH=.[0m
2025-07-15T19:16:57.8394476Z [36;1mpytest test_main.py -v[0m
2025-07-15T19:16:57.8422545Z shell: /usr/bin/bash -e {0}
2025-07-15T19:16:57.8422760Z env:
2025-07-15T19:16:57.8422999Z   pythonLocation: /opt/hostedtoolcache/Python/3.10.18/x64
2025-07-15T19:16:57.8423415Z   PKG_CONFIG_PATH: /opt/hostedtoolcache/Python/3.10.18/x64/lib/pkgconfig
2025-07-15T19:16:57.8423801Z   Python_ROOT_DIR: /opt/hostedtoolcache/Python/3.10.18/x64
2025-07-15T19:16:57.8424152Z   Python2_ROOT_DIR: /opt/hostedtoolcache/Python/3.10.18/x64
2025-07-15T19:16:57.8424502Z   Python3_ROOT_DIR: /opt/hostedtoolcache/Python/3.10.18/x64
2025-07-15T19:16:57.8424842Z   LD_LIBRARY_PATH: /opt/hostedtoolcache/Python/3.10.18/x64/lib
2025-07-15T19:16:57.8425133Z ##[endgroup]
2025-07-15T19:16:58.2845041Z ============================= test session starts ==============================
2025-07-15T19:16:58.2845848Z platform linux -- Python 3.10.18, pytest-8.2.1, pluggy-1.6.0 -- /opt/hostedtoolcache/Python/3.10.18/x64/bin/python
2025-07-15T19:16:58.2846516Z cachedir: .pytest_cache
2025-07-15T19:16:58.2846932Z rootdir: /home/runner/work/testing-CI-CD/testing-CI-CD
2025-07-15T19:16:58.6247882Z collecting ... collected 7 items
2025-07-15T19:16:58.6248228Z 
2025-07-15T19:16:58.6400982Z test_main.py::test_home_page PASSED                                      [ 14%]
2025-07-15T19:16:58.6587487Z test_main.py::test_admin_dashboard PASSED                                [ 28%]
2025-07-15T19:16:58.6652484Z test_main.py::test_student_dashboard PASSED                              [ 42%]
2025-07-15T19:16:58.6695748Z test_main.py::test_generate_attendance_no_input PASSED                   [ 57%]
2025-07-15T19:16:58.6738809Z test_main.py::test_student_generate_attendance_invalid PASSED            [ 71%]
2025-07-15T19:16:58.6799762Z test_main.py::test_register_user_get PASSED                              [ 85%]
2025-07-15T19:16:58.6858874Z test_main.py::test_receive_rfid_missing PASSED                           [100%]
2025-07-15T19:16:58.6859380Z 
2025-07-15T19:16:58.6859544Z ============================== 7 passed in 0.40s ===============================
2025-07-15T19:16:58.7358021Z ##[group]Run docker/login-action@v3
2025-07-15T19:16:58.7358296Z with:
2025-07-15T19:16:58.7358603Z   username: ***
2025-07-15T19:16:58.7358864Z   password: ***
2025-07-15T19:16:58.7359043Z   ecr: auto
2025-07-15T19:16:58.7359210Z   logout: true
2025-07-15T19:16:58.7359376Z env:
2025-07-15T19:16:58.7359607Z   pythonLocation: /opt/hostedtoolcache/Python/3.10.18/x64
2025-07-15T19:16:58.7360171Z   PKG_CONFIG_PATH: /opt/hostedtoolcache/Python/3.10.18/x64/lib/pkgconfig
2025-07-15T19:16:58.7360568Z   Python_ROOT_DIR: /opt/hostedtoolcache/Python/3.10.18/x64
2025-07-15T19:16:58.7360915Z   Python2_ROOT_DIR: /opt/hostedtoolcache/Python/3.10.18/x64
2025-07-15T19:16:58.7361262Z   Python3_ROOT_DIR: /opt/hostedtoolcache/Python/3.10.18/x64
2025-07-15T19:16:58.7361610Z   LD_LIBRARY_PATH: /opt/hostedtoolcache/Python/3.10.18/x64/lib
2025-07-15T19:16:58.7361893Z ##[endgroup]
2025-07-15T19:16:59.0273710Z Logging into Docker Hub...
2025-07-15T19:17:01.3297953Z Login Succeeded!
2025-07-15T19:17:01.3429671Z ##[group]Run docker build -t ***/flask-ci-cd-demo .
2025-07-15T19:17:01.3430402Z [36;1mdocker build -t ***/flask-ci-cd-demo .[0m
2025-07-15T19:17:01.3458211Z shell: /usr/bin/bash -e {0}
2025-07-15T19:17:01.3458437Z env:
2025-07-15T19:17:01.3458685Z   pythonLocation: /opt/hostedtoolcache/Python/3.10.18/x64
2025-07-15T19:17:01.3459090Z   PKG_CONFIG_PATH: /opt/hostedtoolcache/Python/3.10.18/x64/lib/pkgconfig
2025-07-15T19:17:01.3459476Z   Python_ROOT_DIR: /opt/hostedtoolcache/Python/3.10.18/x64
2025-07-15T19:17:01.3459822Z   Python2_ROOT_DIR: /opt/hostedtoolcache/Python/3.10.18/x64
2025-07-15T19:17:01.3460391Z   Python3_ROOT_DIR: /opt/hostedtoolcache/Python/3.10.18/x64
2025-07-15T19:17:01.3460740Z   LD_LIBRARY_PATH: /opt/hostedtoolcache/Python/3.10.18/x64/lib
2025-07-15T19:17:01.3461030Z ##[endgroup]
2025-07-15T19:17:04.9839709Z #0 building with "default" instance using docker driver
2025-07-15T19:17:04.9840266Z 
2025-07-15T19:17:04.9840533Z #1 [internal] load build definition from Dockerfile
2025-07-15T19:17:04.9840961Z #1 transferring dockerfile: 798B done
2025-07-15T19:17:04.9841287Z #1 DONE 0.0s
2025-07-15T19:17:04.9841407Z 
2025-07-15T19:17:04.9841614Z #2 [internal] load metadata for docker.io/library/python:3.10-slim
2025-07-15T19:17:05.2243755Z #2 ...
2025-07-15T19:17:05.2244053Z 
2025-07-15T19:17:05.2244427Z #3 [auth] library/python:pull token for registry-1.docker.io
2025-07-15T19:17:05.2264154Z #3 DONE 0.0s
2025-07-15T19:17:05.3753069Z 
2025-07-15T19:17:05.3753817Z #2 [internal] load metadata for docker.io/library/python:3.10-slim
2025-07-15T19:17:05.8632933Z #2 DONE 1.0s
2025-07-15T19:17:05.9900709Z 
2025-07-15T19:17:05.9901288Z #4 [internal] load .dockerignore
2025-07-15T19:17:05.9901755Z #4 transferring context: 2B done
2025-07-15T19:17:05.9902147Z #4 DONE 0.0s
2025-07-15T19:17:05.9902327Z 
2025-07-15T19:17:05.9902902Z #5 [1/6] FROM docker.io/library/python:3.10-slim@sha256:9dd6774a1276178f94b0cc1fb1f0edd980825d0ea7634847af9940b1b6273c13
2025-07-15T19:17:05.9904225Z #5 resolve docker.io/library/python:3.10-slim@sha256:9dd6774a1276178f94b0cc1fb1f0edd980825d0ea7634847af9940b1b6273c13 done
2025-07-15T19:17:06.0905948Z #5 sha256:0ebcc011f0ec7a9a900f7366b104730396a59032e64f04f3867a75f25ed48280 0B / 3.51MB 0.1s
2025-07-15T19:17:06.0907070Z #5 sha256:92d63ec5cbeb1348bad42929919fd8e78f38d96e388b5509d2929d76ddafb48e 0B / 15.65MB 0.1s
2025-07-15T19:17:06.0908103Z #5 sha256:9dd6774a1276178f94b0cc1fb1f0edd980825d0ea7634847af9940b1b6273c13 9.13kB / 9.13kB done
2025-07-15T19:17:06.0909158Z #5 sha256:c5dbd5ba857839a0aa9db765ea519c1514a40da811b4cf08c852b72fab4379d5 1.75kB / 1.75kB done
2025-07-15T19:17:06.0910383Z #5 sha256:563dffbdc42507a70677ee28b4bb678ad9074e3c9f75e3043523a38dcdf4f553 5.37kB / 5.37kB done
2025-07-15T19:17:06.0911390Z #5 sha256:3da95a905ed546f99c4564407923a681757d89651a388ec3f1f5e9bf5ed0b39d 0B / 28.23MB 0.1s
2025-07-15T19:17:06.1906812Z #5 sha256:3da95a905ed546f99c4564407923a681757d89651a388ec3f1f5e9bf5ed0b39d 23.07MB / 28.23MB 0.2s
2025-07-15T19:17:06.2930202Z #5 sha256:0ebcc011f0ec7a9a900f7366b104730396a59032e64f04f3867a75f25ed48280 3.51MB / 3.51MB 0.2s done
2025-07-15T19:17:06.2931365Z #5 sha256:92d63ec5cbeb1348bad42929919fd8e78f38d96e388b5509d2929d76ddafb48e 13.63MB / 15.65MB 0.4s
2025-07-15T19:17:06.2933187Z #5 sha256:3da95a905ed546f99c4564407923a681757d89651a388ec3f1f5e9bf5ed0b39d 28.23MB / 28.23MB 0.2s done
2025-07-15T19:17:06.2936631Z #5 sha256:64b78282ca88b226c404cb8dfdee72b75eea52c9ac7380c0439b6e03992e483f 248B / 248B 0.4s done
2025-07-15T19:17:06.2937652Z #5 extracting sha256:3da95a905ed546f99c4564407923a681757d89651a388ec3f1f5e9bf5ed0b39d
2025-07-15T19:17:06.4476874Z #5 sha256:92d63ec5cbeb1348bad42929919fd8e78f38d96e388b5509d2929d76ddafb48e 15.65MB / 15.65MB 0.5s done
2025-07-15T19:17:06.5506467Z #5 ...
2025-07-15T19:17:06.5506694Z 
2025-07-15T19:17:06.5506878Z #6 [internal] load build context
2025-07-15T19:17:06.5507320Z #6 transferring context: 64.64MB 0.6s done
2025-07-15T19:17:06.5507726Z #6 DONE 0.6s
2025-07-15T19:17:06.5507911Z 
2025-07-15T19:17:06.5508773Z #5 [1/6] FROM docker.io/library/python:3.10-slim@sha256:9dd6774a1276178f94b0cc1fb1f0edd980825d0ea7634847af9940b1b6273c13
2025-07-15T19:17:07.4070746Z #5 extracting sha256:3da95a905ed546f99c4564407923a681757d89651a388ec3f1f5e9bf5ed0b39d 1.2s done
2025-07-15T19:17:07.5563222Z #5 extracting sha256:0ebcc011f0ec7a9a900f7366b104730396a59032e64f04f3867a75f25ed48280 0.1s
2025-07-15T19:17:07.7117808Z #5 extracting sha256:0ebcc011f0ec7a9a900f7366b104730396a59032e64f04f3867a75f25ed48280 0.1s done
2025-07-15T19:17:07.9905808Z #5 extracting sha256:92d63ec5cbeb1348bad42929919fd8e78f38d96e388b5509d2929d76ddafb48e
2025-07-15T19:17:08.7265246Z #5 extracting sha256:92d63ec5cbeb1348bad42929919fd8e78f38d96e388b5509d2929d76ddafb48e 0.6s done
2025-07-15T19:17:08.7266221Z #5 extracting sha256:64b78282ca88b226c404cb8dfdee72b75eea52c9ac7380c0439b6e03992e483f done
2025-07-15T19:17:08.7266866Z #5 DONE 2.8s
2025-07-15T19:17:08.8781116Z 
2025-07-15T19:17:08.8782170Z #7 [2/6] RUN apt-get update &&     apt-get install -y --no-install-recommends     build-essential     curl     nano     git     && rm -rf /var/lib/apt/lists/*
2025-07-15T19:17:08.9101092Z #7 0.183 Get:1 http://deb.debian.org/debian bookworm InRelease [151 kB]
2025-07-15T19:17:09.0406271Z #7 0.191 Get:2 http://deb.debian.org/debian bookworm-updates InRelease [55.4 kB]
2025-07-15T19:17:09.0407223Z #7 0.191 Get:3 http://deb.debian.org/debian-security bookworm-security InRelease [48.0 kB]
2025-07-15T19:17:09.0409122Z #7 0.251 Get:4 http://deb.debian.org/debian bookworm/main amd64 Packages [8793 kB]
2025-07-15T19:17:09.0410643Z #7 0.313 Get:5 http://deb.debian.org/debian bookworm-updates/main amd64 Packages [756 B]
2025-07-15T19:17:09.2121027Z #7 0.334 Get:6 http://deb.debian.org/debian-security bookworm-security/main amd64 Packages [272 kB]
2025-07-15T19:17:09.7956616Z #7 1.068 Fetched 9320 kB in 1s (10.4 MB/s)
2025-07-15T19:17:10.1970606Z #7 1.068 Reading package lists...
2025-07-15T19:17:10.6006322Z #7 1.486 Reading package lists...
2025-07-15T19:17:10.7882563Z #7 1.883 Building dependency tree...
2025-07-15T19:17:10.7885443Z #7 1.969 Reading state information...
2025-07-15T19:17:10.7888213Z #7 2.061 The following additional packages will be installed:
2025-07-15T19:17:10.7889043Z #7 2.061   binutils binutils-common binutils-x86-64-linux-gnu bzip2 cpp cpp-12 dpkg-dev
2025-07-15T19:17:10.9401627Z #7 2.061   g++ g++-12 gcc gcc-12 git-man libasan8 libatomic1 libbinutils libbrotli1
2025-07-15T19:17:10.9402431Z #7 2.061   libc-dev-bin libc6-dev libcc1-0 libcrypt-dev libctf-nobfd0 libctf0
2025-07-15T19:17:10.9403007Z #7 2.061   libcurl3-gnutls libcurl4 libdpkg-perl liberror-perl libexpat1 libgcc-12-dev
2025-07-15T19:17:10.9403580Z #7 2.061   libgdbm-compat4 libgomp1 libgprofng0 libisl23 libitm1 libjansson4
2025-07-15T19:17:10.9404123Z #7 2.061   libldap-2.5-0 liblsan0 libmpc3 libmpfr6 libnghttp2-14 libnsl-dev libperl5.36
2025-07-15T19:17:10.9404702Z #7 2.061   libpsl5 libquadmath0 librtmp1 libsasl2-2 libsasl2-modules-db libssh2-1
2025-07-15T19:17:10.9405648Z #7 2.061   libstdc++-12-dev libtirpc-dev libtsan2 libubsan1 linux-libc-dev make patch
2025-07-15T19:17:10.9406126Z #7 2.062   perl perl-modules-5.36 rpcsvc-proto xz-utils
2025-07-15T19:17:10.9406455Z #7 2.062 Suggested packages:
2025-07-15T19:17:10.9406849Z #7 2.062   binutils-doc bzip2-doc cpp-doc gcc-12-locales cpp-12-doc debian-keyring
2025-07-15T19:17:10.9407394Z #7 2.062   g++-multilib g++-12-multilib gcc-12-doc gcc-multilib manpages-dev autoconf
2025-07-15T19:17:10.9407931Z #7 2.062   automake libtool flex bison gdb gcc-doc gcc-12-multilib gettext-base
2025-07-15T19:17:10.9408488Z #7 2.062   git-daemon-run | git-daemon-sysvinit git-doc git-email git-gui gitk gitweb
2025-07-15T19:17:10.9409057Z #7 2.062   git-cvs git-mediawiki git-svn glibc-doc gnupg | sq | sqop | pgpainless-cli
2025-07-15T19:17:10.9409607Z #7 2.062   sensible-utils bzr libstdc++-12-doc make-doc hunspell ed diffutils-doc
2025-07-15T19:17:10.9410254Z #7 2.062   perl-doc libterm-readline-gnu-perl | libterm-readline-perl-perl
2025-07-15T19:17:10.9410822Z #7 2.062   libtap-harness-archive-perl
2025-07-15T19:17:10.9411103Z #7 2.062 Recommended packages:
2025-07-15T19:17:10.9411467Z #7 2.062   fakeroot gnupg | sq | sqop | pgpainless-cli libalgorithm-merge-perl less
2025-07-15T19:17:10.9411981Z #7 2.062   ssh-client manpages manpages-dev libc-devtools libfile-fcntllock-perl
2025-07-15T19:17:10.9412501Z #7 2.062   liblocale-gettext-perl libldap-common publicsuffix libsasl2-modules
2025-07-15T19:17:11.1062468Z #7 2.379 The following NEW packages will be installed:
2025-07-15T19:17:11.1063306Z #7 2.379   binutils binutils-common binutils-x86-64-linux-gnu build-essential bzip2 cpp
2025-07-15T19:17:11.2109043Z #7 2.379   cpp-12 curl dpkg-dev g++ g++-12 gcc gcc-12 git git-man libasan8 libatomic1
2025-07-15T19:17:11.2109778Z #7 2.380   libbinutils libbrotli1 libc-dev-bin libc6-dev libcc1-0 libcrypt-dev
2025-07-15T19:17:11.2110567Z #7 2.380   libctf-nobfd0 libctf0 libcurl3-gnutls libcurl4 libdpkg-perl liberror-perl
2025-07-15T19:17:11.2111195Z #7 2.380   libexpat1 libgcc-12-dev libgdbm-compat4 libgomp1 libgprofng0 libisl23
2025-07-15T19:17:11.2111781Z #7 2.380   libitm1 libjansson4 libldap-2.5-0 liblsan0 libmpc3 libmpfr6 libnghttp2-14
2025-07-15T19:17:11.2112337Z #7 2.380   libnsl-dev libperl5.36 libpsl5 libquadmath0 librtmp1 libsasl2-2
2025-07-15T19:17:11.2112880Z #7 2.380   libsasl2-modules-db libssh2-1 libstdc++-12-dev libtirpc-dev libtsan2
2025-07-15T19:17:11.2113469Z #7 2.381   libubsan1 linux-libc-dev make nano patch perl perl-modules-5.36 rpcsvc-proto
2025-07-15T19:17:11.2113969Z #7 2.381   xz-utils
2025-07-15T19:17:11.2114478Z #7 2.404 0 upgraded, 62 newly installed, 0 to remove and 0 not upgraded.
2025-07-15T19:17:11.2115121Z #7 2.404 Need to get 85.7 MB of archives.
2025-07-15T19:17:11.2115784Z #7 2.404 After this operation, 370 MB of additional disk space will be used.
2025-07-15T19:17:11.2116840Z #7 2.404 Get:1 http://deb.debian.org/debian bookworm/main amd64 perl-modules-5.36 all 5.36.0-7+deb12u2 [2815 kB]
2025-07-15T19:17:11.2117550Z #7 2.418 Get:2 http://deb.debian.org/debian bookworm/main amd64 libgdbm-compat4 amd64 1.23-3 [48.2 kB]
2025-07-15T19:17:11.2118248Z #7 2.419 Get:3 http://deb.debian.org/debian bookworm/main amd64 libperl5.36 amd64 5.36.0-7+deb12u2 [4207 kB]
2025-07-15T19:17:11.2118920Z #7 2.435 Get:4 http://deb.debian.org/debian bookworm/main amd64 perl amd64 5.36.0-7+deb12u2 [239 kB]
2025-07-15T19:17:11.2119691Z #7 2.436 Get:5 http://deb.debian.org/debian bookworm/main amd64 nano amd64 7.2-1+deb12u1 [690 kB]
2025-07-15T19:17:11.2120541Z #7 2.439 Get:6 http://deb.debian.org/debian bookworm/main amd64 bzip2 amd64 1.0.8-5+b1 [49.8 kB]
2025-07-15T19:17:11.2121157Z #7 2.440 Get:7 http://deb.debian.org/debian bookworm/main amd64 xz-utils amd64 5.4.1-1 [471 kB]
2025-07-15T19:17:11.2121792Z #7 2.442 Get:8 http://deb.debian.org/debian bookworm/main amd64 binutils-common amd64 2.40-2 [2487 kB]
2025-07-15T19:17:11.2122434Z #7 2.451 Get:9 http://deb.debian.org/debian bookworm/main amd64 libbinutils amd64 2.40-2 [572 kB]
2025-07-15T19:17:11.2123307Z #7 2.454 Get:10 http://deb.debian.org/debian bookworm/main amd64 libctf-nobfd0 amd64 2.40-2 [153 kB]
2025-07-15T19:17:11.2123940Z #7 2.455 Get:11 http://deb.debian.org/debian bookworm/main amd64 libctf0 amd64 2.40-2 [89.8 kB]
2025-07-15T19:17:11.2124542Z #7 2.455 Get:12 http://deb.debian.org/debian bookworm/main amd64 libgprofng0 amd64 2.40-2 [812 kB]
2025-07-15T19:17:11.2125191Z #7 2.459 Get:13 http://deb.debian.org/debian bookworm/main amd64 libjansson4 amd64 2.14-2 [40.8 kB]
2025-07-15T19:17:11.2126121Z #7 2.459 Get:14 http://deb.debian.org/debian bookworm/main amd64 binutils-x86-64-linux-gnu amd64 2.40-2 [2246 kB]
2025-07-15T19:17:11.2127041Z #7 2.468 Get:15 http://deb.debian.org/debian bookworm/main amd64 binutils amd64 2.40-2 [65.0 kB]
2025-07-15T19:17:11.2127845Z #7 2.468 Get:16 http://deb.debian.org/debian bookworm/main amd64 libc-dev-bin amd64 2.36-9+deb12u10 [47.1 kB]
2025-07-15T19:17:11.2128818Z #7 2.469 Get:17 http://deb.debian.org/debian-security bookworm-security/main amd64 linux-libc-dev amd64 6.1.140-1 [2145 kB]
2025-07-15T19:17:11.2129778Z #7 2.474 Get:18 http://deb.debian.org/debian bookworm/main amd64 libcrypt-dev amd64 1:4.4.33-2 [118 kB]
2025-07-15T19:17:11.2130492Z #7 2.474 Get:19 http://deb.debian.org/debian bookworm/main amd64 libtirpc-dev amd64 1.3.3+ds-1 [191 kB]
2025-07-15T19:17:11.2131027Z #7 2.475 Get:20 http://deb.debian.org/debian bookworm/main amd64 libnsl-dev amd64 1.3.0-2 [66.4 kB]
2025-07-15T19:17:11.2131564Z #7 2.476 Get:21 http://deb.debian.org/debian bookworm/main amd64 rpcsvc-proto amd64 1.4.3-1 [63.3 kB]
2025-07-15T19:17:11.2132270Z #7 2.476 Get:22 http://deb.debian.org/debian bookworm/main amd64 libc6-dev amd64 2.36-9+deb12u10 [1903 kB]
2025-07-15T19:17:11.2133252Z #7 2.484 Get:23 http://deb.debian.org/debian bookworm/main amd64 libisl23 amd64 0.25-1.1 [683 kB]
2025-07-15T19:17:11.3619156Z #7 2.487 Get:24 http://deb.debian.org/debian bookworm/main amd64 libmpfr6 amd64 4.2.0-1 [701 kB]
2025-07-15T19:17:11.3620578Z #7 2.490 Get:25 http://deb.debian.org/debian bookworm/main amd64 libmpc3 amd64 1.3.1-1 [51.5 kB]
2025-07-15T19:17:11.3621633Z #7 2.490 Get:26 http://deb.debian.org/debian bookworm/main amd64 cpp-12 amd64 12.2.0-14+deb12u1 [9768 kB]
2025-07-15T19:17:11.3622616Z #7 2.527 Get:27 http://deb.debian.org/debian bookworm/main amd64 cpp amd64 4:12.2.0-3 [6836 B]
2025-07-15T19:17:11.3623403Z #7 2.527 Get:28 http://deb.debian.org/debian bookworm/main amd64 libcc1-0 amd64 12.2.0-14+deb12u1 [41.7 kB]
2025-07-15T19:17:11.3624527Z #7 2.527 Get:29 http://deb.debian.org/debian bookworm/main amd64 libgomp1 amd64 12.2.0-14+deb12u1 [116 kB]
2025-07-15T19:17:11.3625638Z #7 2.528 Get:30 http://deb.debian.org/debian bookworm/main amd64 libitm1 amd64 12.2.0-14+deb12u1 [26.1 kB]
2025-07-15T19:17:11.3626757Z #7 2.528 Get:31 http://deb.debian.org/debian bookworm/main amd64 libatomic1 amd64 12.2.0-14+deb12u1 [9376 B]
2025-07-15T19:17:11.3627707Z #7 2.529 Get:32 http://deb.debian.org/debian bookworm/main amd64 libasan8 amd64 12.2.0-14+deb12u1 [2193 kB]
2025-07-15T19:17:11.3628651Z #7 2.537 Get:33 http://deb.debian.org/debian bookworm/main amd64 liblsan0 amd64 12.2.0-14+deb12u1 [969 kB]
2025-07-15T19:17:11.3629597Z #7 2.541 Get:34 http://deb.debian.org/debian bookworm/main amd64 libtsan2 amd64 12.2.0-14+deb12u1 [2197 kB]
2025-07-15T19:17:11.3630697Z #7 2.550 Get:35 http://deb.debian.org/debian bookworm/main amd64 libubsan1 amd64 12.2.0-14+deb12u1 [883 kB]
2025-07-15T19:17:11.3631645Z #7 2.553 Get:36 http://deb.debian.org/debian bookworm/main amd64 libquadmath0 amd64 12.2.0-14+deb12u1 [145 kB]
2025-07-15T19:17:11.3632635Z #7 2.554 Get:37 http://deb.debian.org/debian bookworm/main amd64 libgcc-12-dev amd64 12.2.0-14+deb12u1 [2437 kB]
2025-07-15T19:17:11.3633596Z #7 2.563 Get:38 http://deb.debian.org/debian bookworm/main amd64 gcc-12 amd64 12.2.0-14+deb12u1 [19.3 MB]
2025-07-15T19:17:11.3634469Z #7 2.635 Get:39 http://deb.debian.org/debian bookworm/main amd64 gcc amd64 4:12.2.0-3 [5216 B]
2025-07-15T19:17:11.5639550Z #7 2.635 Get:40 http://deb.debian.org/debian bookworm/main amd64 libstdc++-12-dev amd64 12.2.0-14+deb12u1 [2047 kB]
2025-07-15T19:17:11.5641799Z #7 2.643 Get:41 http://deb.debian.org/debian bookworm/main amd64 g++-12 amd64 12.2.0-14+deb12u1 [10.7 MB]
2025-07-15T19:17:11.5642714Z #7 2.684 Get:42 http://deb.debian.org/debian bookworm/main amd64 g++ amd64 4:12.2.0-3 [1356 B]
2025-07-15T19:17:11.5643547Z #7 2.684 Get:43 http://deb.debian.org/debian bookworm/main amd64 make amd64 4.3-4.1 [396 kB]
2025-07-15T19:17:11.5644358Z #7 2.686 Get:44 http://deb.debian.org/debian bookworm/main amd64 libdpkg-perl all 1.21.22 [603 kB]
2025-07-15T19:17:11.5645185Z #7 2.688 Get:45 http://deb.debian.org/debian bookworm/main amd64 patch amd64 2.7.6-7 [128 kB]
2025-07-15T19:17:11.5646009Z #7 2.689 Get:46 http://deb.debian.org/debian bookworm/main amd64 dpkg-dev all 1.21.22 [1353 kB]
2025-07-15T19:17:11.5646892Z #7 2.694 Get:47 http://deb.debian.org/debian bookworm/main amd64 build-essential amd64 12.9 [7704 B]
2025-07-15T19:17:11.5647796Z #7 2.694 Get:48 http://deb.debian.org/debian bookworm/main amd64 libbrotli1 amd64 1.0.9-2+b6 [275 kB]
2025-07-15T19:17:11.5648975Z #7 2.695 Get:49 http://deb.debian.org/debian bookworm/main amd64 libsasl2-modules-db amd64 2.1.28+dfsg-10 [20.3 kB]
2025-07-15T19:17:11.5650190Z #7 2.696 Get:50 http://deb.debian.org/debian bookworm/main amd64 libsasl2-2 amd64 2.1.28+dfsg-10 [59.7 kB]
2025-07-15T19:17:11.5651170Z #7 2.696 Get:51 http://deb.debian.org/debian bookworm/main amd64 libldap-2.5-0 amd64 2.5.13+dfsg-5 [183 kB]
2025-07-15T19:17:11.5652165Z #7 2.697 Get:52 http://deb.debian.org/debian bookworm/main amd64 libnghttp2-14 amd64 1.52.0-1+deb12u2 [73.0 kB]
2025-07-15T19:17:11.5653116Z #7 2.698 Get:53 http://deb.debian.org/debian bookworm/main amd64 libpsl5 amd64 0.21.2-1 [58.7 kB]
2025-07-15T19:17:11.5654092Z #7 2.698 Get:54 http://deb.debian.org/debian bookworm/main amd64 librtmp1 amd64 2.4+20151223.gitfa8646d.1-2+b2 [60.8 kB]
2025-07-15T19:17:11.5654918Z #7 2.699 Get:55 http://deb.debian.org/debian bookworm/main amd64 libssh2-1 amd64 1.10.0-3+b1 [179 kB]
2025-07-15T19:17:11.5655674Z #7 2.700 Get:56 http://deb.debian.org/debian bookworm/main amd64 libcurl4 amd64 7.88.1-10+deb12u12 [391 kB]
2025-07-15T19:17:11.5656394Z #7 2.701 Get:57 http://deb.debian.org/debian bookworm/main amd64 curl amd64 7.88.1-10+deb12u12 [315 kB]
2025-07-15T19:17:11.5657324Z #7 2.703 Get:58 http://deb.debian.org/debian bookworm/main amd64 libcurl3-gnutls amd64 7.88.1-10+deb12u12 [386 kB]
2025-07-15T19:17:11.5658321Z #7 2.704 Get:59 http://deb.debian.org/debian bookworm/main amd64 libexpat1 amd64 2.5.0-1+deb12u1 [98.9 kB]
2025-07-15T19:17:11.5659292Z #7 2.705 Get:60 http://deb.debian.org/debian bookworm/main amd64 liberror-perl all 0.17029-2 [29.0 kB]
2025-07-15T19:17:11.5660427Z #7 2.705 Get:61 http://deb.debian.org/debian bookworm/main amd64 git-man all 1:2.39.5-0+deb12u2 [2053 kB]
2025-07-15T19:17:11.5661380Z #7 2.713 Get:62 http://deb.debian.org/debian bookworm/main amd64 git amd64 1:2.39.5-0+deb12u2 [7260 kB]
2025-07-15T19:17:11.5662254Z #7 2.837 debconf: delaying package configuration, since apt-utils is not installed
2025-07-15T19:17:11.7577260Z #7 2.859 Fetched 85.7 MB in 0s (244 MB/s)
2025-07-15T19:17:11.7577731Z #7 2.873 Selecting previously unselected package perl-modules-5.36.
2025-07-15T19:17:11.7578141Z #7 2.873 (Reading database ... 
2025-07-15T19:17:11.7578415Z (Reading database ... 5%
2025-07-15T19:17:11.7578662Z (Reading database ... 10%
2025-07-15T19:17:11.7578909Z (Reading database ... 15%
2025-07-15T19:17:11.7579151Z (Reading database ... 20%
2025-07-15T19:17:11.7579388Z (Reading database ... 25%
2025-07-15T19:17:11.7579624Z (Reading database ... 30%
2025-07-15T19:17:11.7579865Z (Reading database ... 35%
2025-07-15T19:17:11.7580275Z (Reading database ... 40%
2025-07-15T19:17:11.7580517Z (Reading database ... 45%
2025-07-15T19:17:11.7580752Z (Reading database ... 50%
2025-07-15T19:17:11.7580984Z (Reading database ... 55%
2025-07-15T19:17:11.7581321Z (Reading database ... 60%
2025-07-15T19:17:11.7581677Z (Reading database ... 65%
2025-07-15T19:17:11.7582023Z (Reading database ... 70%
2025-07-15T19:17:11.7582653Z (Reading database ... 75%
2025-07-15T19:17:11.7583034Z (Reading database ... 80%
2025-07-15T19:17:11.7583399Z (Reading database ... 85%
2025-07-15T19:17:11.7583756Z (Reading database ... 90%
2025-07-15T19:17:11.7584119Z (Reading database ... 95%
2025-07-15T19:17:11.7584451Z (Reading database ... 100%
2025-07-15T19:17:11.7584966Z (Reading database ... 6688 files and directories currently installed.)
2025-07-15T19:17:11.7585728Z #7 2.879 Preparing to unpack .../00-perl-modules-5.36_5.36.0-7+deb12u2_all.deb ...
2025-07-15T19:17:11.7586392Z #7 2.880 Unpacking perl-modules-5.36 (5.36.0-7+deb12u2) ...
2025-07-15T19:17:11.8899731Z #7 3.163 Selecting previously unselected package libgdbm-compat4:amd64.
2025-07-15T19:17:12.0641805Z #7 3.164 Preparing to unpack .../01-libgdbm-compat4_1.23-3_amd64.deb ...
2025-07-15T19:17:12.0642460Z #7 3.166 Unpacking libgdbm-compat4:amd64 (1.23-3) ...
2025-07-15T19:17:12.0643048Z #7 3.184 Selecting previously unselected package libperl5.36:amd64.
2025-07-15T19:17:12.0644156Z #7 3.185 Preparing to unpack .../02-libperl5.36_5.36.0-7+deb12u2_amd64.deb ...
2025-07-15T19:17:12.0644795Z #7 3.187 Unpacking libperl5.36:amd64 (5.36.0-7+deb12u2) ...
2025-07-15T19:17:12.2042581Z #7 3.477 Selecting previously unselected package perl.
2025-07-15T19:17:12.3238262Z #7 3.478 Preparing to unpack .../03-perl_5.36.0-7+deb12u2_amd64.deb ...
2025-07-15T19:17:12.3238710Z #7 3.484 Unpacking perl (5.36.0-7+deb12u2) ...
2025-07-15T19:17:12.3239040Z #7 3.513 Selecting previously unselected package nano.
2025-07-15T19:17:12.3239423Z #7 3.514 Preparing to unpack .../04-nano_7.2-1+deb12u1_amd64.deb ...
2025-07-15T19:17:12.3239762Z #7 3.515 Unpacking nano (7.2-1+deb12u1) ...
2025-07-15T19:17:12.3240345Z #7 3.574 Selecting previously unselected package bzip2.
2025-07-15T19:17:12.3240719Z #7 3.576 Preparing to unpack .../05-bzip2_1.0.8-5+b1_amd64.deb ...
2025-07-15T19:17:12.3241049Z #7 3.577 Unpacking bzip2 (1.0.8-5+b1) ...
2025-07-15T19:17:12.3241369Z #7 3.597 Selecting previously unselected package xz-utils.
2025-07-15T19:17:12.5294337Z #7 3.598 Preparing to unpack .../06-xz-utils_5.4.1-1_amd64.deb ...
2025-07-15T19:17:12.5294940Z #7 3.599 Unpacking xz-utils (5.4.1-1) ...
2025-07-15T19:17:12.5295526Z #7 3.649 Selecting previously unselected package binutils-common:amd64.
2025-07-15T19:17:12.5296234Z #7 3.650 Preparing to unpack .../07-binutils-common_2.40-2_amd64.deb ...
2025-07-15T19:17:12.5296831Z #7 3.652 Unpacking binutils-common:amd64 (2.40-2) ...
2025-07-15T19:17:12.5482310Z #7 3.821 Selecting previously unselected package libbinutils:amd64.
2025-07-15T19:17:12.6526911Z #7 3.823 Preparing to unpack .../08-libbinutils_2.40-2_amd64.deb ...
2025-07-15T19:17:12.6528342Z #7 3.824 Unpacking libbinutils:amd64 (2.40-2) ...
2025-07-15T19:17:12.6528904Z #7 3.876 Selecting previously unselected package libctf-nobfd0:amd64.
2025-07-15T19:17:12.6529519Z #7 3.877 Preparing to unpack .../09-libctf-nobfd0_2.40-2_amd64.deb ...
2025-07-15T19:17:12.6530222Z #7 3.878 Unpacking libctf-nobfd0:amd64 (2.40-2) ...
2025-07-15T19:17:12.6530767Z #7 3.903 Selecting previously unselected package libctf0:amd64.
2025-07-15T19:17:12.6531284Z #7 3.904 Preparing to unpack .../10-libctf0_2.40-2_amd64.deb ...
2025-07-15T19:17:12.6531745Z #7 3.905 Unpacking libctf0:amd64 (2.40-2) ...
2025-07-15T19:17:12.6532217Z #7 3.925 Selecting previously unselected package libgprofng0:amd64.
2025-07-15T19:17:12.8926060Z #7 3.927 Preparing to unpack .../11-libgprofng0_2.40-2_amd64.deb ...
2025-07-15T19:17:12.8926696Z #7 3.928 Unpacking libgprofng0:amd64 (2.40-2) ...
2025-07-15T19:17:12.8927310Z #7 3.995 Selecting previously unselected package libjansson4:amd64.
2025-07-15T19:17:12.8927982Z #7 3.996 Preparing to unpack .../12-libjansson4_2.14-2_amd64.deb ...
2025-07-15T19:17:12.8928556Z #7 3.997 Unpacking libjansson4:amd64 (2.14-2) ...
2025-07-15T19:17:12.8929182Z #7 4.013 Selecting previously unselected package binutils-x86-64-linux-gnu.
2025-07-15T19:17:12.8930125Z #7 4.014 Preparing to unpack .../13-binutils-x86-64-linux-gnu_2.40-2_amd64.deb ...
2025-07-15T19:17:12.8931221Z #7 4.015 Unpacking binutils-x86-64-linux-gnu (2.40-2) ...
2025-07-15T19:17:12.9155536Z #7 4.188 Selecting previously unselected package binutils.
2025-07-15T19:17:13.1174062Z #7 4.190 Preparing to unpack .../14-binutils_2.40-2_amd64.deb ...
2025-07-15T19:17:13.1174652Z #7 4.191 Unpacking binutils (2.40-2) ...
2025-07-15T19:17:13.1175176Z #7 4.218 Selecting previously unselected package libc-dev-bin.
2025-07-15T19:17:13.1175859Z #7 4.219 Preparing to unpack .../15-libc-dev-bin_2.36-9+deb12u10_amd64.deb ...
2025-07-15T19:17:13.1176463Z #7 4.220 Unpacking libc-dev-bin (2.36-9+deb12u10) ...
2025-07-15T19:17:13.1177112Z #7 4.238 Selecting previously unselected package linux-libc-dev:amd64.
2025-07-15T19:17:13.1177804Z #7 4.239 Preparing to unpack .../16-linux-libc-dev_6.1.140-1_amd64.deb ...
2025-07-15T19:17:13.1178402Z #7 4.240 Unpacking linux-libc-dev:amd64 (6.1.140-1) ...
2025-07-15T19:17:13.1541601Z #7 4.427 Selecting previously unselected package libcrypt-dev:amd64.
2025-07-15T19:17:13.2586206Z #7 4.429 Preparing to unpack .../17-libcrypt-dev_1%3a4.4.33-2_amd64.deb ...
2025-07-15T19:17:13.2586695Z #7 4.434 Unpacking libcrypt-dev:amd64 (1:4.4.33-2) ...
2025-07-15T19:17:13.2587069Z #7 4.456 Selecting previously unselected package libtirpc-dev:amd64.
2025-07-15T19:17:13.2587491Z #7 4.457 Preparing to unpack .../18-libtirpc-dev_1.3.3+ds-1_amd64.deb ...
2025-07-15T19:17:13.2587845Z #7 4.458 Unpacking libtirpc-dev:amd64 (1.3.3+ds-1) ...
2025-07-15T19:17:13.2588191Z #7 4.487 Selecting previously unselected package libnsl-dev:amd64.
2025-07-15T19:17:13.2588565Z #7 4.489 Preparing to unpack .../19-libnsl-dev_1.3.0-2_amd64.deb ...
2025-07-15T19:17:13.2588888Z #7 4.490 Unpacking libnsl-dev:amd64 (1.3.0-2) ...
2025-07-15T19:17:13.2589215Z #7 4.508 Selecting previously unselected package rpcsvc-proto.
2025-07-15T19:17:13.2589601Z #7 4.509 Preparing to unpack .../20-rpcsvc-proto_1.4.3-1_amd64.deb ...
2025-07-15T19:17:13.2590165Z #7 4.511 Unpacking rpcsvc-proto (1.4.3-1) ...
2025-07-15T19:17:13.2590713Z #7 4.531 Selecting previously unselected package libc6-dev:amd64.
2025-07-15T19:17:13.4079695Z #7 4.533 Preparing to unpack .../21-libc6-dev_2.36-9+deb12u10_amd64.deb ...
2025-07-15T19:17:13.4080486Z #7 4.534 Unpacking libc6-dev:amd64 (2.36-9+deb12u10) ...
2025-07-15T19:17:13.4080873Z #7 4.681 Selecting previously unselected package libisl23:amd64.
2025-07-15T19:17:13.5091414Z #7 4.682 Preparing to unpack .../22-libisl23_0.25-1.1_amd64.deb ...
2025-07-15T19:17:13.5092042Z #7 4.683 Unpacking libisl23:amd64 (0.25-1.1) ...
2025-07-15T19:17:13.5092427Z #7 4.741 Selecting previously unselected package libmpfr6:amd64.
2025-07-15T19:17:13.5092821Z #7 4.742 Preparing to unpack .../23-libmpfr6_4.2.0-1_amd64.deb ...
2025-07-15T19:17:13.5093177Z #7 4.743 Unpacking libmpfr6:amd64 (4.2.0-1) ...
2025-07-15T19:17:13.5093513Z #7 4.782 Selecting previously unselected package libmpc3:amd64.
2025-07-15T19:17:13.6827545Z #7 4.783 Preparing to unpack .../24-libmpc3_1.3.1-1_amd64.deb ...
2025-07-15T19:17:13.6828215Z #7 4.784 Unpacking libmpc3:amd64 (1.3.1-1) ...
2025-07-15T19:17:13.6828656Z #7 4.801 Selecting previously unselected package cpp-12.
2025-07-15T19:17:13.6829161Z #7 4.803 Preparing to unpack .../25-cpp-12_12.2.0-14+deb12u1_amd64.deb ...
2025-07-15T19:17:13.6829619Z #7 4.805 Unpacking cpp-12 (12.2.0-14+deb12u1) ...
2025-07-15T19:17:14.0324272Z #7 5.305 Selecting previously unselected package cpp.
2025-07-15T19:17:14.1407752Z #7 5.307 Preparing to unpack .../26-cpp_4%3a12.2.0-3_amd64.deb ...
2025-07-15T19:17:14.1408388Z #7 5.308 Unpacking cpp (4:12.2.0-3) ...
2025-07-15T19:17:14.1408916Z #7 5.328 Selecting previously unselected package libcc1-0:amd64.
2025-07-15T19:17:14.1409572Z #7 5.329 Preparing to unpack .../27-libcc1-0_12.2.0-14+deb12u1_amd64.deb ...
2025-07-15T19:17:14.1410862Z #7 5.330 Unpacking libcc1-0:amd64 (12.2.0-14+deb12u1) ...
2025-07-15T19:17:14.1411256Z #7 5.352 Selecting previously unselected package libgomp1:amd64.
2025-07-15T19:17:14.1411669Z #7 5.353 Preparing to unpack .../28-libgomp1_12.2.0-14+deb12u1_amd64.deb ...
2025-07-15T19:17:14.1412330Z #7 5.354 Unpacking libgomp1:amd64 (12.2.0-14+deb12u1) ...
2025-07-15T19:17:14.1412686Z #7 5.377 Selecting previously unselected package libitm1:amd64.
2025-07-15T19:17:14.1413083Z #7 5.378 Preparing to unpack .../29-libitm1_12.2.0-14+deb12u1_amd64.deb ...
2025-07-15T19:17:14.1413452Z #7 5.379 Unpacking libitm1:amd64 (12.2.0-14+deb12u1) ...
2025-07-15T19:17:14.1413804Z #7 5.396 Selecting previously unselected package libatomic1:amd64.
2025-07-15T19:17:14.1414233Z #7 5.397 Preparing to unpack .../30-libatomic1_12.2.0-14+deb12u1_amd64.deb ...
2025-07-15T19:17:14.1414614Z #7 5.398 Unpacking libatomic1:amd64 (12.2.0-14+deb12u1) ...
2025-07-15T19:17:14.1414964Z #7 5.414 Selecting previously unselected package libasan8:amd64.
2025-07-15T19:17:14.2908513Z #7 5.415 Preparing to unpack .../31-libasan8_12.2.0-14+deb12u1_amd64.deb ...
2025-07-15T19:17:14.2909240Z #7 5.416 Unpacking libasan8:amd64 (12.2.0-14+deb12u1) ...
2025-07-15T19:17:14.2909832Z #7 5.564 Selecting previously unselected package liblsan0:amd64.
2025-07-15T19:17:14.5195061Z #7 5.565 Preparing to unpack .../32-liblsan0_12.2.0-14+deb12u1_amd64.deb ...
2025-07-15T19:17:14.5195749Z #7 5.566 Unpacking liblsan0:amd64 (12.2.0-14+deb12u1) ...
2025-07-15T19:17:14.5196300Z #7 5.639 Selecting previously unselected package libtsan2:amd64.
2025-07-15T19:17:14.5196920Z #7 5.641 Preparing to unpack .../33-libtsan2_12.2.0-14+deb12u1_amd64.deb ...
2025-07-15T19:17:14.5197494Z #7 5.642 Unpacking libtsan2:amd64 (12.2.0-14+deb12u1) ...
2025-07-15T19:17:14.5198016Z #7 5.792 Selecting previously unselected package libubsan1:amd64.
2025-07-15T19:17:14.6225992Z #7 5.794 Preparing to unpack .../34-libubsan1_12.2.0-14+deb12u1_amd64.deb ...
2025-07-15T19:17:14.6227256Z #7 5.795 Unpacking libubsan1:amd64 (12.2.0-14+deb12u1) ...
2025-07-15T19:17:14.6227835Z #7 5.868 Selecting previously unselected package libquadmath0:amd64.
2025-07-15T19:17:14.6228471Z #7 5.869 Preparing to unpack .../35-libquadmath0_12.2.0-14+deb12u1_amd64.deb ...
2025-07-15T19:17:14.6229080Z #7 5.870 Unpacking libquadmath0:amd64 (12.2.0-14+deb12u1) ...
2025-07-15T19:17:14.6229628Z #7 5.895 Selecting previously unselected package libgcc-12-dev:amd64.
2025-07-15T19:17:14.7712394Z #7 5.897 Preparing to unpack .../36-libgcc-12-dev_12.2.0-14+deb12u1_amd64.deb ...
2025-07-15T19:17:14.7713085Z #7 5.898 Unpacking libgcc-12-dev:amd64 (12.2.0-14+deb12u1) ...
2025-07-15T19:17:14.7713612Z #7 6.044 Selecting previously unselected package gcc-12.
2025-07-15T19:17:14.9244980Z #7 6.046 Preparing to unpack .../37-gcc-12_12.2.0-14+deb12u1_amd64.deb ...
2025-07-15T19:17:14.9248014Z #7 6.047 Unpacking gcc-12 (12.2.0-14+deb12u1) ...
2025-07-15T19:17:15.4299594Z #7 6.703 Selecting previously unselected package gcc.
2025-07-15T19:17:15.6069164Z #7 6.704 Preparing to unpack .../38-gcc_4%3a12.2.0-3_amd64.deb ...
2025-07-15T19:17:15.6069635Z #7 6.706 Unpacking gcc (4:12.2.0-3) ...
2025-07-15T19:17:15.6070197Z #7 6.726 Selecting previously unselected package libstdc++-12-dev:amd64.
2025-07-15T19:17:15.6070729Z #7 6.728 Preparing to unpack .../39-libstdc++-12-dev_12.2.0-14+deb12u1_amd64.deb ...
2025-07-15T19:17:15.6071182Z #7 6.729 Unpacking libstdc++-12-dev:amd64 (12.2.0-14+deb12u1) ...
2025-07-15T19:17:15.6604009Z #7 6.933 Selecting previously unselected package g++-12.
2025-07-15T19:17:15.8139834Z #7 6.935 Preparing to unpack .../40-g++-12_12.2.0-14+deb12u1_amd64.deb ...
2025-07-15T19:17:15.8140645Z #7 6.936 Unpacking g++-12 (12.2.0-14+deb12u1) ...
2025-07-15T19:17:16.1822860Z #7 7.455 Selecting previously unselected package g++.
2025-07-15T19:17:16.3024115Z #7 7.457 Preparing to unpack .../41-g++_4%3a12.2.0-3_amd64.deb ...
2025-07-15T19:17:16.3025001Z #7 7.458 Unpacking g++ (4:12.2.0-3) ...
2025-07-15T19:17:16.3025685Z #7 7.473 Selecting previously unselected package make.
2025-07-15T19:17:16.3026101Z #7 7.475 Preparing to unpack .../42-make_4.3-4.1_amd64.deb ...
2025-07-15T19:17:16.3026413Z #7 7.476 Unpacking make (4.3-4.1) ...
2025-07-15T19:17:16.3026723Z #7 7.517 Selecting previously unselected package libdpkg-perl.
2025-07-15T19:17:16.3027400Z #7 7.519 Preparing to unpack .../43-libdpkg-perl_1.21.22_all.deb ...
2025-07-15T19:17:16.3027763Z #7 7.520 Unpacking libdpkg-perl (1.21.22) ...
2025-07-15T19:17:16.3028072Z #7 7.575 Selecting previously unselected package patch.
2025-07-15T19:17:16.4218431Z #7 7.577 Preparing to unpack .../44-patch_2.7.6-7_amd64.deb ...
2025-07-15T19:17:16.4219019Z #7 7.578 Unpacking patch (2.7.6-7) ...
2025-07-15T19:17:16.4219346Z #7 7.604 Selecting previously unselected package dpkg-dev.
2025-07-15T19:17:16.4219719Z #7 7.606 Preparing to unpack .../45-dpkg-dev_1.21.22_all.deb ...
2025-07-15T19:17:16.4220304Z #7 7.607 Unpacking dpkg-dev (1.21.22) ...
2025-07-15T19:17:16.4220637Z #7 7.695 Selecting previously unselected package build-essential.
2025-07-15T19:17:16.5331210Z #7 7.696 Preparing to unpack .../46-build-essential_12.9_amd64.deb ...
2025-07-15T19:17:16.5331889Z #7 7.697 Unpacking build-essential (12.9) ...
2025-07-15T19:17:16.5332461Z #7 7.719 Selecting previously unselected package libbrotli1:amd64.
2025-07-15T19:17:16.5333441Z #7 7.721 Preparing to unpack .../47-libbrotli1_1.0.9-2+b6_amd64.deb ...
2025-07-15T19:17:16.5334029Z #7 7.722 Unpacking libbrotli1:amd64 (1.0.9-2+b6) ...
2025-07-15T19:17:16.5334444Z #7 7.758 Selecting previously unselected package libsasl2-modules-db:amd64.
2025-07-15T19:17:16.5334932Z #7 7.760 Preparing to unpack .../48-libsasl2-modules-db_2.1.28+dfsg-10_amd64.deb ...
2025-07-15T19:17:16.5335374Z #7 7.761 Unpacking libsasl2-modules-db:amd64 (2.1.28+dfsg-10) ...
2025-07-15T19:17:16.5335771Z #7 7.780 Selecting previously unselected package libsasl2-2:amd64.
2025-07-15T19:17:16.5336175Z #7 7.782 Preparing to unpack .../49-libsasl2-2_2.1.28+dfsg-10_amd64.deb ...
2025-07-15T19:17:16.5336548Z #7 7.783 Unpacking libsasl2-2:amd64 (2.1.28+dfsg-10) ...
2025-07-15T19:17:16.5336916Z #7 7.806 Selecting previously unselected package libldap-2.5-0:amd64.
2025-07-15T19:17:16.6427513Z #7 7.808 Preparing to unpack .../50-libldap-2.5-0_2.5.13+dfsg-5_amd64.deb ...
2025-07-15T19:17:16.6428014Z #7 7.809 Unpacking libldap-2.5-0:amd64 (2.5.13+dfsg-5) ...
2025-07-15T19:17:16.6428411Z #7 7.838 Selecting previously unselected package libnghttp2-14:amd64.
2025-07-15T19:17:16.6428850Z #7 7.840 Preparing to unpack .../51-libnghttp2-14_1.52.0-1+deb12u2_amd64.deb ...
2025-07-15T19:17:16.6429236Z #7 7.841 Unpacking libnghttp2-14:amd64 (1.52.0-1+deb12u2) ...
2025-07-15T19:17:16.6429602Z #7 7.865 Selecting previously unselected package libpsl5:amd64.
2025-07-15T19:17:16.6430509Z #7 7.867 Preparing to unpack .../52-libpsl5_0.21.2-1_amd64.deb ...
2025-07-15T19:17:16.6430942Z #7 7.868 Unpacking libpsl5:amd64 (0.21.2-1) ...
2025-07-15T19:17:16.6431270Z #7 7.890 Selecting previously unselected package librtmp1:amd64.
2025-07-15T19:17:16.6431697Z #7 7.893 Preparing to unpack .../53-librtmp1_2.4+20151223.gitfa8646d.1-2+b2_amd64.deb ...
2025-07-15T19:17:16.6432130Z #7 7.894 Unpacking librtmp1:amd64 (2.4+20151223.gitfa8646d.1-2+b2) ...
2025-07-15T19:17:16.6432503Z #7 7.915 Selecting previously unselected package libssh2-1:amd64.
2025-07-15T19:17:16.7506188Z #7 7.917 Preparing to unpack .../54-libssh2-1_1.10.0-3+b1_amd64.deb ...
2025-07-15T19:17:16.7506777Z #7 7.918 Unpacking libssh2-1:amd64 (1.10.0-3+b1) ...
2025-07-15T19:17:16.7507173Z #7 7.948 Selecting previously unselected package libcurl4:amd64.
2025-07-15T19:17:16.7507622Z #7 7.950 Preparing to unpack .../55-libcurl4_7.88.1-10+deb12u12_amd64.deb ...
2025-07-15T19:17:16.7508002Z #7 7.952 Unpacking libcurl4:amd64 (7.88.1-10+deb12u12) ...
2025-07-15T19:17:16.7508330Z #7 7.988 Selecting previously unselected package curl.
2025-07-15T19:17:16.7508698Z #7 7.989 Preparing to unpack .../56-curl_7.88.1-10+deb12u12_amd64.deb ...
2025-07-15T19:17:16.7509043Z #7 7.990 Unpacking curl (7.88.1-10+deb12u12) ...
2025-07-15T19:17:16.7509439Z #7 8.023 Selecting previously unselected package libcurl3-gnutls:amd64.
2025-07-15T19:17:16.9271516Z #7 8.025 Preparing to unpack .../57-libcurl3-gnutls_7.88.1-10+deb12u12_amd64.deb ...
2025-07-15T19:17:16.9272119Z #7 8.026 Unpacking libcurl3-gnutls:amd64 (7.88.1-10+deb12u12) ...
2025-07-15T19:17:16.9272869Z #7 8.063 Selecting previously unselected package libexpat1:amd64.
2025-07-15T19:17:16.9273291Z #7 8.065 Preparing to unpack .../58-libexpat1_2.5.0-1+deb12u1_amd64.deb ...
2025-07-15T19:17:16.9273673Z #7 8.066 Unpacking libexpat1:amd64 (2.5.0-1+deb12u1) ...
2025-07-15T19:17:16.9274014Z #7 8.090 Selecting previously unselected package liberror-perl.
2025-07-15T19:17:16.9274398Z #7 8.092 Preparing to unpack .../59-liberror-perl_0.17029-2_all.deb ...
2025-07-15T19:17:16.9274753Z #7 8.093 Unpacking liberror-perl (0.17029-2) ...
2025-07-15T19:17:16.9275079Z #7 8.113 Selecting previously unselected package git-man.
2025-07-15T19:17:16.9275465Z #7 8.115 Preparing to unpack .../60-git-man_1%3a2.39.5-0+deb12u2_all.deb ...
2025-07-15T19:17:16.9275826Z #7 8.115 Unpacking git-man (1:2.39.5-0+deb12u2) ...
2025-07-15T19:17:16.9276134Z #7 8.200 Selecting previously unselected package git.
2025-07-15T19:17:17.0850491Z #7 8.202 Preparing to unpack .../61-git_1%3a2.39.5-0+deb12u2_amd64.deb ...
2025-07-15T19:17:17.0851181Z #7 8.207 Unpacking git (1:2.39.5-0+deb12u2) ...
2025-07-15T19:17:17.2561855Z #7 8.529 Setting up libexpat1:amd64 (2.5.0-1+deb12u1) ...
2025-07-15T19:17:17.3582563Z #7 8.532 Setting up libpsl5:amd64 (0.21.2-1) ...
2025-07-15T19:17:17.3583195Z #7 8.536 Setting up libbrotli1:amd64 (1.0.9-2+b6) ...
2025-07-15T19:17:17.3583926Z #7 8.539 Setting up binutils-common:amd64 (2.40-2) ...
2025-07-15T19:17:17.3584775Z #7 8.544 Setting up libnghttp2-14:amd64 (1.52.0-1+deb12u2) ...
2025-07-15T19:17:17.3585258Z #7 8.548 Setting up linux-libc-dev:amd64 (6.1.140-1) ...
2025-07-15T19:17:17.3585813Z #7 8.551 Setting up libctf-nobfd0:amd64 (2.40-2) ...
2025-07-15T19:17:17.3586258Z #7 8.554 Setting up libgomp1:amd64 (12.2.0-14+deb12u1) ...
2025-07-15T19:17:17.3586785Z #7 8.558 Setting up bzip2 (1.0.8-5+b1) ...
2025-07-15T19:17:17.3587081Z #7 8.562 Setting up libjansson4:amd64 (2.14-2) ...
2025-07-15T19:17:17.3587532Z #7 8.565 Setting up libsasl2-modules-db:amd64 (2.1.28+dfsg-10) ...
2025-07-15T19:17:17.3588136Z #7 8.569 Setting up perl-modules-5.36 (5.36.0-7+deb12u2) ...
2025-07-15T19:17:17.3588716Z #7 8.572 Setting up libtirpc-dev:amd64 (1.3.3+ds-1) ...
2025-07-15T19:17:17.3589237Z #7 8.574 Setting up rpcsvc-proto (1.4.3-1) ...
2025-07-15T19:17:17.3589696Z #7 8.577 Setting up make (4.3-4.1) ...
2025-07-15T19:17:17.3590361Z #7 8.580 Setting up libmpfr6:amd64 (4.2.0-1) ...
2025-07-15T19:17:17.3590913Z #7 8.582 Setting up librtmp1:amd64 (2.4+20151223.gitfa8646d.1-2+b2) ...
2025-07-15T19:17:17.3591389Z #7 8.585 Setting up xz-utils (5.4.1-1) ...
2025-07-15T19:17:17.3591789Z #7 8.596 update-alternatives: using /usr/bin/xz to provide /usr/bin/lzma (lzma) in auto mode
2025-07-15T19:17:17.3592579Z #7 8.596 update-alternatives: warning: skip creation of /usr/share/man/man1/lzma.1.gz because associated file /usr/share/man/man1/xz.1.gz (of link group lzma) doesn't exist
2025-07-15T19:17:17.3593647Z #7 8.596 update-alternatives: warning: skip creation of /usr/share/man/man1/unlzma.1.gz because associated file /usr/share/man/man1/unxz.1.gz (of link group lzma) doesn't exist
2025-07-15T19:17:17.3594692Z #7 8.597 update-alternatives: warning: skip creation of /usr/share/man/man1/lzcat.1.gz because associated file /usr/share/man/man1/xzcat.1.gz (of link group lzma) doesn't exist
2025-07-15T19:17:17.3595731Z #7 8.597 update-alternatives: warning: skip creation of /usr/share/man/man1/lzmore.1.gz because associated file /usr/share/man/man1/xzmore.1.gz (of link group lzma) doesn't exist
2025-07-15T19:17:17.3596769Z #7 8.597 update-alternatives: warning: skip creation of /usr/share/man/man1/lzless.1.gz because associated file /usr/share/man/man1/xzless.1.gz (of link group lzma) doesn't exist
2025-07-15T19:17:17.3597809Z #7 8.597 update-alternatives: warning: skip creation of /usr/share/man/man1/lzdiff.1.gz because associated file /usr/share/man/man1/xzdiff.1.gz (of link group lzma) doesn't exist
2025-07-15T19:17:17.3598855Z #7 8.598 update-alternatives: warning: skip creation of /usr/share/man/man1/lzcmp.1.gz because associated file /usr/share/man/man1/xzcmp.1.gz (of link group lzma) doesn't exist
2025-07-15T19:17:17.3600354Z #7 8.598 update-alternatives: warning: skip creation of /usr/share/man/man1/lzgrep.1.gz because associated file /usr/share/man/man1/xzgrep.1.gz (of link group lzma) doesn't exist
2025-07-15T19:17:17.3601591Z #7 8.598 update-alternatives: warning: skip creation of /usr/share/man/man1/lzegrep.1.gz because associated file /usr/share/man/man1/xzegrep.1.gz (of link group lzma) doesn't exist
2025-07-15T19:17:17.3603549Z #7 8.598 update-alternatives: warning: skip creation of /usr/share/man/man1/lzfgrep.1.gz because associated file /usr/share/man/man1/xzfgrep.1.gz (of link group lzma) doesn't exist
2025-07-15T19:17:17.3604829Z #7 8.601 Setting up libquadmath0:amd64 (12.2.0-14+deb12u1) ...
2025-07-15T19:17:17.3605381Z #7 8.605 Setting up libmpc3:amd64 (1.3.1-1) ...
2025-07-15T19:17:17.3605762Z #7 8.608 Setting up libatomic1:amd64 (12.2.0-14+deb12u1) ...
2025-07-15T19:17:17.3606316Z #7 8.611 Setting up patch (2.7.6-7) ...
2025-07-15T19:17:17.3606604Z #7 8.616 Setting up libgdbm-compat4:amd64 (1.23-3) ...
2025-07-15T19:17:17.3606914Z #7 8.619 Setting up libsasl2-2:amd64 (2.1.28+dfsg-10) ...
2025-07-15T19:17:17.3607219Z #7 8.622 Setting up libubsan1:amd64 (12.2.0-14+deb12u1) ...
2025-07-15T19:17:17.3607642Z #7 8.625 Setting up nano (7.2-1+deb12u1) ...
2025-07-15T19:17:17.3608188Z #7 8.631 update-alternatives: using /bin/nano to provide /usr/bin/editor (editor) in auto mode
2025-07-15T19:17:17.4587777Z #7 8.631 update-alternatives: warning: skip creation of /usr/share/man/man1/editor.1.gz because associated file /usr/share/man/man1/nano.1.gz (of link group editor) doesn't exist
2025-07-15T19:17:17.4588964Z #7 8.633 update-alternatives: using /bin/nano to provide /usr/bin/pico (pico) in auto mode
2025-07-15T19:17:17.4590218Z #7 8.633 update-alternatives: warning: skip creation of /usr/share/man/man1/pico.1.gz because associated file /usr/share/man/man1/nano.1.gz (of link group pico) doesn't exist
2025-07-15T19:17:17.4591128Z #7 8.636 Setting up libnsl-dev:amd64 (1.3.0-2) ...
2025-07-15T19:17:17.4591602Z #7 8.639 Setting up libcrypt-dev:amd64 (1:4.4.33-2) ...
2025-07-15T19:17:17.4591951Z #7 8.646 Setting up libasan8:amd64 (12.2.0-14+deb12u1) ...
2025-07-15T19:17:17.4592371Z #7 8.650 Setting up git-man (1:2.39.5-0+deb12u2) ...
2025-07-15T19:17:17.4592728Z #7 8.653 Setting up libssh2-1:amd64 (1.10.0-3+b1) ...
2025-07-15T19:17:17.4593073Z #7 8.657 Setting up libtsan2:amd64 (12.2.0-14+deb12u1) ...
2025-07-15T19:17:17.4593505Z #7 8.660 Setting up libbinutils:amd64 (2.40-2) ...
2025-07-15T19:17:17.4593808Z #7 8.663 Setting up libisl23:amd64 (0.25-1.1) ...
2025-07-15T19:17:17.4594125Z #7 8.666 Setting up libc-dev-bin (2.36-9+deb12u10) ...
2025-07-15T19:17:17.4594647Z #7 8.669 Setting up libcc1-0:amd64 (12.2.0-14+deb12u1) ...
2025-07-15T19:17:17.4594996Z #7 8.672 Setting up libperl5.36:amd64 (5.36.0-7+deb12u2) ...
2025-07-15T19:17:17.4595340Z #7 8.675 Setting up liblsan0:amd64 (12.2.0-14+deb12u1) ...
2025-07-15T19:17:17.4595690Z #7 8.679 Setting up libitm1:amd64 (12.2.0-14+deb12u1) ...
2025-07-15T19:17:17.4595998Z #7 8.682 Setting up libctf0:amd64 (2.40-2) ...
2025-07-15T19:17:17.4596303Z #7 8.685 Setting up cpp-12 (12.2.0-14+deb12u1) ...
2025-07-15T19:17:17.4596718Z #7 8.689 Setting up libldap-2.5-0:amd64 (2.5.13+dfsg-5) ...
2025-07-15T19:17:17.4597214Z #7 8.693 Setting up perl (5.36.0-7+deb12u2) ...
2025-07-15T19:17:17.4597523Z #7 8.704 Setting up libgprofng0:amd64 (2.40-2) ...
2025-07-15T19:17:17.4597863Z #7 8.708 Setting up libgcc-12-dev:amd64 (12.2.0-14+deb12u1) ...
2025-07-15T19:17:17.4598314Z #7 8.711 Setting up libdpkg-perl (1.21.22) ...
2025-07-15T19:17:17.4598618Z #7 8.714 Setting up cpp (4:12.2.0-3) ...
2025-07-15T19:17:17.4599037Z #7 8.720 Setting up libcurl4:amd64 (7.88.1-10+deb12u12) ...
2025-07-15T19:17:17.4599381Z #7 8.723 Setting up libc6-dev:amd64 (2.36-9+deb12u10) ...
2025-07-15T19:17:17.4599693Z #7 8.727 Setting up curl (7.88.1-10+deb12u12) ...
2025-07-15T19:17:17.4600262Z #7 8.732 Setting up binutils-x86-64-linux-gnu (2.40-2) ...
2025-07-15T19:17:17.6783921Z #7 8.735 Setting up libstdc++-12-dev:amd64 (12.2.0-14+deb12u1) ...
2025-07-15T19:17:17.6784605Z #7 8.740 Setting up libcurl3-gnutls:amd64 (7.88.1-10+deb12u12) ...
2025-07-15T19:17:17.6785169Z #7 8.745 Setting up binutils (2.40-2) ...
2025-07-15T19:17:17.6785655Z #7 8.748 Setting up dpkg-dev (1.21.22) ...
2025-07-15T19:17:17.6786154Z #7 8.754 Setting up liberror-perl (0.17029-2) ...
2025-07-15T19:17:17.6786731Z #7 8.758 Setting up gcc-12 (12.2.0-14+deb12u1) ...
2025-07-15T19:17:17.6787244Z #7 8.762 Setting up git (1:2.39.5-0+deb12u2) ...
2025-07-15T19:17:17.6787865Z #7 8.773 Setting up g++-12 (12.2.0-14+deb12u1) ...
2025-07-15T19:17:17.6788446Z #7 8.776 Setting up gcc (4:12.2.0-3) ...
2025-07-15T19:17:17.6788930Z #7 8.788 Setting up g++ (4:12.2.0-3) ...
2025-07-15T19:17:17.6789710Z #7 8.794 update-alternatives: using /usr/bin/g++ to provide /usr/bin/c++ (c++) in auto mode
2025-07-15T19:17:17.6790733Z #7 8.797 Setting up build-essential (12.9) ...
2025-07-15T19:17:17.6791719Z #7 8.801 Processing triggers for libc-bin (2.36-9+deb12u10) ...
2025-07-15T19:17:18.1382406Z #7 DONE 9.4s
2025-07-15T19:17:18.3007699Z 
2025-07-15T19:17:18.3008061Z #8 [3/6] WORKDIR /app
2025-07-15T19:17:18.3008416Z #8 DONE 0.0s
2025-07-15T19:17:18.3008589Z 
2025-07-15T19:17:18.3008703Z #9 [4/6] COPY . .
2025-07-15T19:17:18.7381877Z #9 DONE 0.6s
2025-07-15T19:17:18.8915471Z 
2025-07-15T19:17:18.8915935Z #10 [5/6] RUN pip install --upgrade pip
2025-07-15T19:17:20.0221811Z #10 1.283 Requirement already satisfied: pip in /usr/local/lib/python3.10/site-packages (23.0.1)
2025-07-15T19:17:20.1358672Z #10 1.397 Collecting pip
2025-07-15T19:17:20.2530421Z #10 1.431   Downloading pip-25.1.1-py3-none-any.whl (1.8 MB)
2025-07-15T19:17:20.2531984Z #10 1.470      ━━━━━━━━━━━━━━━━━━━━━━━━━━━━━━━━━━━━━━━━ 1.8/1.8 MB 50.0 MB/s eta 0:00:00
2025-07-15T19:17:20.2533227Z #10 1.514 Installing collected packages: pip
2025-07-15T19:17:20.4044757Z #10 1.514   Attempting uninstall: pip
2025-07-15T19:17:20.4045399Z #10 1.515     Found existing installation: pip 23.0.1
2025-07-15T19:17:20.4321207Z #10 1.693     Uninstalling pip-23.0.1:
2025-07-15T19:17:20.5970472Z #10 1.708       Successfully uninstalled pip-23.0.1
2025-07-15T19:17:21.2626933Z #10 2.524 Successfully installed pip-25.1.1
2025-07-15T19:17:21.4134720Z #10 2.524 WARNING: Running pip as the 'root' user can result in broken permissions and conflicting behaviour with the system package manager. It is recommended to use a virtual environment instead: https://pip.pypa.io/warnings/venv
2025-07-15T19:17:21.4528155Z #10 DONE 2.7s
2025-07-15T19:17:21.6041949Z 
2025-07-15T19:17:21.6042547Z #11 [6/6] RUN pip install --no-cache-dir -r requirements.txt
2025-07-15T19:17:22.3158181Z #11 0.862 Collecting Flask==3.1.0 (from -r requirements.txt (line 1))
2025-07-15T19:17:22.4176726Z #11 0.899   Downloading flask-3.1.0-py3-none-any.whl.metadata (2.7 kB)
2025-07-15T19:17:22.4177395Z #11 0.910 Collecting Flask-PyMongo==3.0.1 (from -r requirements.txt (line 2))
2025-07-15T19:17:22.4201035Z #11 0.915   Downloading flask_pymongo-3.0.1-py3-none-any.whl.metadata (3.5 kB)
2025-07-15T19:17:22.4201967Z #11 0.959 Collecting pytest==8.2.1 (from -r requirements.txt (line 3))
2025-07-15T19:17:22.4202563Z #11 0.964   Downloading pytest-8.2.1-py3-none-any.whl.metadata (7.6 kB)
2025-07-15T19:17:22.5281468Z #11 0.974 Collecting blinker==1.9.0 (from -r requirements.txt (line 4))
2025-07-15T19:17:22.5282106Z #11 0.977   Downloading blinker-1.9.0-py3-none-any.whl.metadata (1.6 kB)
2025-07-15T19:17:22.5282675Z #11 0.991 Collecting certifi==2025.7.14 (from -r requirements.txt (line 5))
2025-07-15T19:17:22.5283223Z #11 0.995   Downloading certifi-2025.7.14-py3-none-any.whl.metadata (2.4 kB)
2025-07-15T19:17:22.5283805Z #11 1.074 Collecting charset-normalizer==3.4.2 (from -r requirements.txt (line 6))
2025-07-15T19:17:22.6518198Z #11 1.078   Downloading charset_normalizer-3.4.2-cp310-cp310-manylinux_2_17_x86_64.manylinux2014_x86_64.whl.metadata (35 kB)
2025-07-15T19:17:22.6520706Z #11 1.094 Collecting click==8.2.1 (from -r requirements.txt (line 7))
2025-07-15T19:17:22.6521465Z #11 1.098   Downloading click-8.2.1-py3-none-any.whl.metadata (2.5 kB)
2025-07-15T19:17:22.6522214Z #11 1.106 Collecting dnspython==2.7.0 (from -r requirements.txt (line 8))
2025-07-15T19:17:22.6522963Z #11 1.109   Downloading dnspython-2.7.0-py3-none-any.whl.metadata (5.8 kB)
2025-07-15T19:17:22.6523724Z #11 1.122 Collecting idna==3.10 (from -r requirements.txt (line 9))
2025-07-15T19:17:22.6524408Z #11 1.125   Downloading idna-3.10-py3-none-any.whl.metadata (10 kB)
2025-07-15T19:17:22.6525086Z #11 1.133 Collecting itsdangerous==2.2.0 (from -r requirements.txt (line 10))
2025-07-15T19:17:22.6525852Z #11 1.136   Downloading itsdangerous-2.2.0-py3-none-any.whl.metadata (1.9 kB)
2025-07-15T19:17:22.6526583Z #11 1.146 Collecting Jinja2==3.1.6 (from -r requirements.txt (line 11))
2025-07-15T19:17:22.6527242Z #11 1.150   Downloading jinja2-3.1.6-py3-none-any.whl.metadata (2.9 kB)
2025-07-15T19:17:22.6528147Z #11 1.198 Collecting MarkupSafe==3.0.2 (from -r requirements.txt (line 12))
2025-07-15T19:17:22.8178714Z #11 1.202   Downloading MarkupSafe-3.0.2-cp310-cp310-manylinux_2_17_x86_64.manylinux2014_x86_64.whl.metadata (4.0 kB)
2025-07-15T19:17:22.8179787Z #11 1.209 Collecting paho-mqtt==2.1.0 (from -r requirements.txt (line 13))
2025-07-15T19:17:22.8180841Z #11 1.214   Downloading paho_mqtt-2.1.0-py3-none-any.whl.metadata (23 kB)
2025-07-15T19:17:22.9783849Z #11 1.525 Collecting pymongo==4.13.2 (from -r requirements.txt (line 14))
2025-07-15T19:17:23.0818068Z #11 1.529   Downloading pymongo-4.13.2-cp310-cp310-manylinux_2_17_x86_64.manylinux2014_x86_64.whl.metadata (22 kB)
2025-07-15T19:17:23.0819824Z #11 1.551 Collecting python-dotenv==1.1.1 (from -r requirements.txt (line 15))
2025-07-15T19:17:23.0820872Z #11 1.558   Downloading python_dotenv-1.1.1-py3-none-any.whl.metadata (24 kB)
2025-07-15T19:17:23.0821663Z #11 1.580 Collecting requests==2.32.4 (from -r requirements.txt (line 16))
2025-07-15T19:17:23.0822467Z #11 1.584   Downloading requests-2.32.4-py3-none-any.whl.metadata (4.9 kB)
2025-07-15T19:17:23.0823243Z #11 1.605 Collecting urllib3==2.5.0 (from -r requirements.txt (line 17))
2025-07-15T19:17:23.0823958Z #11 1.608   Downloading urllib3-2.5.0-py3-none-any.whl.metadata (6.5 kB)
2025-07-15T19:17:23.0824722Z #11 1.628 Collecting Werkzeug==3.1.3 (from -r requirements.txt (line 18))
2025-07-15T19:17:23.1820831Z #11 1.632   Downloading werkzeug-3.1.3-py3-none-any.whl.metadata (3.7 kB)
2025-07-15T19:17:23.1822667Z #11 1.643 Collecting autodevops-cli==0.1.1 (from -r requirements.txt (line 19))
2025-07-15T19:17:23.1823557Z #11 1.647   Downloading autodevops_cli-0.1.1-py3-none-any.whl.metadata (494 bytes)
2025-07-15T19:17:23.1824396Z #11 1.653 Collecting iniconfig==2.1.0 (from -r requirements.txt (line 20))
2025-07-15T19:17:23.1825196Z #11 1.656   Downloading iniconfig-2.1.0-py3-none-any.whl.metadata (2.7 kB)
2025-07-15T19:17:23.1825953Z #11 1.664 Collecting loguru==0.7.3 (from -r requirements.txt (line 21))
2025-07-15T19:17:23.1826672Z #11 1.667   Downloading loguru-0.7.3-py3-none-any.whl.metadata (22 kB)
2025-07-15T19:17:23.1827423Z #11 1.684 Collecting markdown-it-py==3.0.0 (from -r requirements.txt (line 22))
2025-07-15T19:17:23.1828219Z #11 1.687   Downloading markdown_it_py-3.0.0-py3-none-any.whl.metadata (6.9 kB)
2025-07-15T19:17:23.1828963Z #11 1.696 Collecting mdurl==0.1.2 (from -r requirements.txt (line 23))
2025-07-15T19:17:23.1829692Z #11 1.699   Downloading mdurl-0.1.2-py3-none-any.whl.metadata (1.6 kB)
2025-07-15T19:17:23.1830671Z #11 1.709 Collecting mongomock==4.3.0 (from -r requirements.txt (line 24))
2025-07-15T19:17:23.1831478Z #11 1.713   Downloading mongomock-4.3.0-py2.py3-none-any.whl.metadata (12 kB)
2025-07-15T19:17:23.1832290Z #11 1.725 Collecting packaging==25.0 (from -r requirements.txt (line 25))
2025-07-15T19:17:23.1833082Z #11 1.728   Downloading packaging-25.0-py3-none-any.whl.metadata (3.3 kB)
2025-07-15T19:17:23.2876001Z #11 1.737 Collecting pluggy==1.6.0 (from -r requirements.txt (line 26))
2025-07-15T19:17:23.2876960Z #11 1.740   Downloading pluggy-1.6.0-py3-none-any.whl.metadata (4.8 kB)
2025-07-15T19:17:23.2877412Z #11 1.756 Collecting Pygments==2.19.2 (from -r requirements.txt (line 27))
2025-07-15T19:17:23.2877972Z #11 1.759   Downloading pygments-2.19.2-py3-none-any.whl.metadata (2.5 kB)
2025-07-15T19:17:23.2878467Z #11 1.793 Collecting pytz==2025.2 (from -r requirements.txt (line 28))
2025-07-15T19:17:23.2878957Z #11 1.797   Downloading pytz-2025.2-py2.py3-none-any.whl.metadata (22 kB)
2025-07-15T19:17:23.2879480Z #11 1.834 Collecting rich==14.0.0 (from -r requirements.txt (line 29))
2025-07-15T19:17:23.4586837Z #11 1.837   Downloading rich-14.0.0-py3-none-any.whl.metadata (18 kB)
2025-07-15T19:17:23.4587685Z #11 1.844 Collecting sentinels==1.0.0 (from -r requirements.txt (line 30))
2025-07-15T19:17:23.4588376Z #11 1.848   Downloading sentinels-1.0.0.tar.gz (4.1 kB)
2025-07-15T19:17:23.4588930Z #11 1.854   Preparing metadata (setup.py): started
2025-07-15T19:17:23.9515210Z #11 2.498   Preparing metadata (setup.py): finished with status 'done'
2025-07-15T19:17:24.0879096Z #11 2.509 Collecting sh==2.2.2 (from -r requirements.txt (line 31))
2025-07-15T19:17:24.0880188Z #11 2.512   Downloading sh-2.2.2-py3-none-any.whl.metadata (3.7 kB)
2025-07-15T19:17:24.0880971Z #11 2.550 Collecting exceptiongroup>=1.0.0rc8 (from pytest==8.2.1->-r requirements.txt (line 3))
2025-07-15T19:17:24.0881689Z #11 2.558   Downloading exceptiongroup-1.3.0-py3-none-any.whl.metadata (6.7 kB)
2025-07-15T19:17:24.0882295Z #11 2.571 Collecting tomli>=1 (from pytest==8.2.1->-r requirements.txt (line 3))
2025-07-15T19:17:24.0882830Z #11 2.574   Downloading tomli-2.2.1-py3-none-any.whl.metadata (10 kB)
2025-07-15T19:17:24.0883440Z #11 2.634 Collecting typing-extensions<5.0,>=4.0.0 (from rich==14.0.0->-r requirements.txt (line 29))
2025-07-15T19:17:24.1893265Z #11 2.638   Downloading typing_extensions-4.14.1-py3-none-any.whl.metadata (3.0 kB)
2025-07-15T19:17:24.1895240Z #11 2.653 Downloading flask-3.1.0-py3-none-any.whl (102 kB)
2025-07-15T19:17:24.1895998Z #11 2.659 Downloading flask_pymongo-3.0.1-py3-none-any.whl (11 kB)
2025-07-15T19:17:24.1896746Z #11 2.664 Downloading pytest-8.2.1-py3-none-any.whl (339 kB)
2025-07-15T19:17:24.1897382Z #11 2.668 Downloading pluggy-1.6.0-py3-none-any.whl (20 kB)
2025-07-15T19:17:24.1898012Z #11 2.671 Downloading blinker-1.9.0-py3-none-any.whl (8.5 kB)
2025-07-15T19:17:24.1898659Z #11 2.674 Downloading certifi-2025.7.14-py3-none-any.whl (162 kB)
2025-07-15T19:17:24.1899600Z #11 2.678 Downloading charset_normalizer-3.4.2-cp310-cp310-manylinux_2_17_x86_64.manylinux2014_x86_64.whl (149 kB)
2025-07-15T19:17:24.1900808Z #11 2.681 Downloading click-8.2.1-py3-none-any.whl (102 kB)
2025-07-15T19:17:24.1901342Z #11 2.685 Downloading dnspython-2.7.0-py3-none-any.whl (313 kB)
2025-07-15T19:17:24.1901731Z #11 2.689 Downloading idna-3.10-py3-none-any.whl (70 kB)
2025-07-15T19:17:24.1902103Z #11 2.692 Downloading itsdangerous-2.2.0-py3-none-any.whl (16 kB)
2025-07-15T19:17:24.1902477Z #11 2.695 Downloading jinja2-3.1.6-py3-none-any.whl (134 kB)
2025-07-15T19:17:24.1902976Z #11 2.698 Downloading MarkupSafe-3.0.2-cp310-cp310-manylinux_2_17_x86_64.manylinux2014_x86_64.whl (20 kB)
2025-07-15T19:17:24.1903494Z #11 2.703 Downloading paho_mqtt-2.1.0-py3-none-any.whl (67 kB)
2025-07-15T19:17:24.1903974Z #11 2.708 Downloading pymongo-4.13.2-cp310-cp310-manylinux_2_17_x86_64.manylinux2014_x86_64.whl (1.2 MB)
2025-07-15T19:17:24.1904745Z #11 2.713    ━━━━━━━━━━━━━━━━━━━━━━━━━━━━━━━━━━━━━━━━ 1.2/1.2 MB 493.9 MB/s eta 0:00:00
2025-07-15T19:17:24.1905127Z #11 2.716 Downloading python_dotenv-1.1.1-py3-none-any.whl (20 kB)
2025-07-15T19:17:24.1905499Z #11 2.719 Downloading requests-2.32.4-py3-none-any.whl (64 kB)
2025-07-15T19:17:24.1905850Z #11 2.722 Downloading urllib3-2.5.0-py3-none-any.whl (129 kB)
2025-07-15T19:17:24.1906198Z #11 2.725 Downloading werkzeug-3.1.3-py3-none-any.whl (224 kB)
2025-07-15T19:17:24.1906579Z #11 2.729 Downloading autodevops_cli-0.1.1-py3-none-any.whl (4.1 kB)
2025-07-15T19:17:24.1906963Z #11 2.732 Downloading iniconfig-2.1.0-py3-none-any.whl (6.0 kB)
2025-07-15T19:17:24.1907602Z #11 2.736 Downloading loguru-0.7.3-py3-none-any.whl (61 kB)
2025-07-15T19:17:24.4183493Z #11 2.739 Downloading markdown_it_py-3.0.0-py3-none-any.whl (87 kB)
2025-07-15T19:17:24.4184253Z #11 2.742 Downloading mdurl-0.1.2-py3-none-any.whl (10.0 kB)
2025-07-15T19:17:24.4184923Z #11 2.747 Downloading mongomock-4.3.0-py2.py3-none-any.whl (64 kB)
2025-07-15T19:17:24.4185578Z #11 2.750 Downloading packaging-25.0-py3-none-any.whl (66 kB)
2025-07-15T19:17:24.4186210Z #11 2.753 Downloading pygments-2.19.2-py3-none-any.whl (1.2 MB)
2025-07-15T19:17:24.4187254Z #11 2.758    ━━━━━━━━━━━━━━━━━━━━━━━━━━━━━━━━━━━━━━━━ 1.2/1.2 MB 420.0 MB/s eta 0:00:00
2025-07-15T19:17:24.4187900Z #11 2.761 Downloading pytz-2025.2-py2.py3-none-any.whl (509 kB)
2025-07-15T19:17:24.4188524Z #11 2.765 Downloading rich-14.0.0-py3-none-any.whl (243 kB)
2025-07-15T19:17:24.4189101Z #11 2.769 Downloading sh-2.2.2-py3-none-any.whl (38 kB)
2025-07-15T19:17:24.4190454Z #11 2.773 Downloading typing_extensions-4.14.1-py3-none-any.whl (43 kB)
2025-07-15T19:17:24.4191272Z #11 2.777 Downloading exceptiongroup-1.3.0-py3-none-any.whl (16 kB)
2025-07-15T19:17:24.4191931Z #11 2.780 Downloading tomli-2.2.1-py3-none-any.whl (14 kB)
2025-07-15T19:17:24.4192508Z #11 2.813 Building wheels for collected packages: sentinels
2025-07-15T19:17:24.4195205Z #11 2.814   DEPRECATION: Building 'sentinels' using the legacy setup.py bdist_wheel mechanism, which will be removed in a future version. pip 25.3 will enforce this behaviour change. A possible replacement is to use the standardized build interface by setting the `--use-pep517` option, (possibly combined with `--no-build-isolation`), or adding a `pyproject.toml` file to the source tree of 'sentinels'. Discussion can be found at https://github.com/pypa/pip/issues/6334
2025-07-15T19:17:24.4198261Z #11 2.814   Building wheel for sentinels (setup.py): started
2025-07-15T19:17:25.0814174Z #11 3.628   Building wheel for sentinels (setup.py): finished with status 'done'
2025-07-15T19:17:25.3042918Z #11 3.628   Created wheel for sentinels: filename=sentinels-1.0.0-py3-none-any.whl size=3175 sha256=d1074ccbfd4e7c4406d4d78039f5d02e998e0592e05389f69d9b3a7a68e31914
2025-07-15T19:17:25.3044560Z #11 3.628   Stored in directory: /tmp/pip-ephem-wheel-cache-ig59ag3x/wheels/26/bc/eb/67e56405e0684b3d8c011cf4d18129c41be394775fd5ba2347
2025-07-15T19:17:25.3045544Z #11 3.630 Successfully built sentinels
2025-07-15T19:17:25.3047845Z #11 3.700 Installing collected packages: sentinels, pytz, urllib3, typing-extensions, tomli, sh, python-dotenv, Pygments, pluggy, paho-mqtt, packaging, mdurl, MarkupSafe, loguru, itsdangerous, iniconfig, idna, dnspython, click, charset-normalizer, certifi, blinker, Werkzeug, requests, pymongo, mongomock, markdown-it-py, Jinja2, exceptiongroup, rich, pytest, Flask, Flask-PyMongo, autodevops-cli
2025-07-15T19:17:27.4614940Z #11 6.008 
2025-07-15T19:17:27.6195894Z #11 6.015 Successfully installed Flask-3.1.0 Flask-PyMongo-3.0.1 Jinja2-3.1.6 MarkupSafe-3.0.2 Pygments-2.19.2 Werkzeug-3.1.3 autodevops-cli-0.1.1 blinker-1.9.0 certifi-2025.7.14 charset-normalizer-3.4.2 click-8.2.1 dnspython-2.7.0 exceptiongroup-1.3.0 idna-3.10 iniconfig-2.1.0 itsdangerous-2.2.0 loguru-0.7.3 markdown-it-py-3.0.0 mdurl-0.1.2 mongomock-4.3.0 packaging-25.0 paho-mqtt-2.1.0 pluggy-1.6.0 pymongo-4.13.2 pytest-8.2.1 python-dotenv-1.1.1 pytz-2025.2 requests-2.32.4 rich-14.0.0 sentinels-1.0.0 sh-2.2.2 tomli-2.2.1 typing-extensions-4.14.1 urllib3-2.5.0
2025-07-15T19:17:27.6200490Z #11 6.015 WARNING: Running pip as the 'root' user can result in broken permissions and conflicting behaviour with the system package manager, possibly rendering your system unusable. It is recommended to use a virtual environment instead: https://pip.pypa.io/warnings/venv. Use the --root-user-action option if you know what you are doing and want to suppress this warning.
2025-07-15T19:17:27.7255478Z #11 DONE 6.3s
2025-07-15T19:17:27.8780697Z 
2025-07-15T19:17:27.8781566Z #12 exporting to image
2025-07-15T19:17:27.8783143Z #12 exporting layers
2025-07-15T19:17:29.5028549Z #12 exporting layers 1.8s done
2025-07-15T19:17:29.5315122Z #12 writing image sha256:7e6de314ae3c86fe23f9bd56c458de231b49a82af89ef997568baaa12ef306af done
2025-07-15T19:17:29.5316377Z #12 naming to docker.io/***/flask-ci-cd-demo done
2025-07-15T19:17:29.5316880Z #12 DONE 1.8s
2025-07-15T19:17:29.5397580Z ##[group]Run docker push ***/flask-ci-cd-demo
2025-07-15T19:17:29.5397974Z [36;1mdocker push ***/flask-ci-cd-demo[0m
2025-07-15T19:17:29.5425833Z shell: /usr/bin/bash -e {0}
2025-07-15T19:17:29.5426062Z env:
2025-07-15T19:17:29.5426308Z   pythonLocation: /opt/hostedtoolcache/Python/3.10.18/x64
2025-07-15T19:17:29.5426709Z   PKG_CONFIG_PATH: /opt/hostedtoolcache/Python/3.10.18/x64/lib/pkgconfig
2025-07-15T19:17:29.5427100Z   Python_ROOT_DIR: /opt/hostedtoolcache/Python/3.10.18/x64
2025-07-15T19:17:29.5427442Z   Python2_ROOT_DIR: /opt/hostedtoolcache/Python/3.10.18/x64
2025-07-15T19:17:29.5427790Z   Python3_ROOT_DIR: /opt/hostedtoolcache/Python/3.10.18/x64
2025-07-15T19:17:29.5428135Z   LD_LIBRARY_PATH: /opt/hostedtoolcache/Python/3.10.18/x64/lib
2025-07-15T19:17:29.5428425Z ##[endgroup]
2025-07-15T19:17:29.5574106Z Using default tag: latest
2025-07-15T19:17:29.5587722Z The push refers to repository [docker.io/***/flask-ci-cd-demo]
2025-07-15T19:17:29.7828366Z 7268e46699c1: Preparing
2025-07-15T19:17:29.7828802Z d97d46314af8: Preparing
2025-07-15T19:17:29.7829108Z 1b5397764a26: Preparing
2025-07-15T19:17:29.7829446Z 5b2af7ea214f: Preparing
2025-07-15T19:17:29.7829781Z 890c3911231b: Preparing
2025-07-15T19:17:29.7830389Z 31abbb538de0: Preparing
2025-07-15T19:17:29.7830752Z a2ccf7527b3c: Preparing
2025-07-15T19:17:29.7831094Z abd92ba2021e: Preparing
2025-07-15T19:17:29.7831453Z 1bb35e8b4de1: Preparing
2025-07-15T19:17:29.7831835Z 31abbb538de0: Waiting
2025-07-15T19:17:29.7832299Z a2ccf7527b3c: Waiting
2025-07-15T19:17:29.7832673Z abd92ba2021e: Waiting
2025-07-15T19:17:29.7832873Z 1bb35e8b4de1: Waiting
2025-07-15T19:17:32.1018946Z 5b2af7ea214f: Pushed
2025-07-15T19:17:32.4406616Z 31abbb538de0: Layer already exists
2025-07-15T19:17:32.7915250Z a2ccf7527b3c: Layer already exists
2025-07-15T19:17:33.1560978Z abd92ba2021e: Layer already exists
2025-07-15T19:17:33.3491129Z d97d46314af8: Pushed
2025-07-15T19:17:33.5510425Z 1bb35e8b4de1: Layer already exists
2025-07-15T19:17:34.2550601Z 7268e46699c1: Pushed
2025-07-15T19:17:35.8030757Z 1b5397764a26: Pushed
2025-07-15T19:17:45.8866943Z 890c3911231b: Pushed
2025-07-15T19:17:49.3303154Z latest: digest: sha256:7d87cf4adee3776c16e430e52cffc1e70c56685f0c328b1a34c85f2835f8da2d size: 2212
2025-07-15T19:17:49.3370834Z Post job cleanup.
2025-07-15T19:17:49.6267263Z [command]/usr/bin/docker logout 
2025-07-15T19:17:49.6398685Z Removing login credentials for https://index.docker.io/v1/
2025-07-15T19:17:49.6429805Z ##[group]Post cache
2025-07-15T19:17:49.6431768Z State not set
2025-07-15T19:17:49.6433062Z ##[endgroup]
2025-07-15T19:17:49.6577373Z Post job cleanup.
2025-07-15T19:17:49.8349089Z Post job cleanup.
2025-07-15T19:17:49.9079297Z [command]/usr/bin/git version
2025-07-15T19:17:49.9113952Z git version 2.50.1
2025-07-15T19:17:49.9156503Z Temporarily overriding HOME='/home/runner/work/_temp/0f278f8c-f89d-4bc2-a4c9-a561ea304440' before making global git config changes
2025-07-15T19:17:49.9157643Z Adding repository directory to the temporary git global config as a safe directory
2025-07-15T19:17:49.9160492Z [command]/usr/bin/git config --global --add safe.directory /home/runner/work/testing-CI-CD/testing-CI-CD
2025-07-15T19:17:49.9191743Z [command]/usr/bin/git config --local --name-only --get-regexp core\.sshCommand
2025-07-15T19:17:49.9219817Z [command]/usr/bin/git submodule foreach --recursive sh -c "git config --local --name-only --get-regexp 'core\.sshCommand' && git config --local --unset-all 'core.sshCommand' || :"
2025-07-15T19:17:49.9447553Z [command]/usr/bin/git config --local --name-only --get-regexp http\.https\:\/\/github\.com\/\.extraheader
2025-07-15T19:17:49.9467467Z http.https://github.com/.extraheader
2025-07-15T19:17:49.9478983Z [command]/usr/bin/git config --local --unset-all http.https://github.com/.extraheader
2025-07-15T19:17:49.9506468Z [command]/usr/bin/git submodule foreach --recursive sh -c "git config --local --name-only --get-regexp 'http\.https\:\/\/github\.com\/\.extraheader' && git config --local --unset-all 'http.https://github.com/.extraheader' || :"
2025-07-15T19:17:49.9838350Z Cleaning up orphan processes
