2025-07-15T17:26:16.0236921Z Current runner version: '2.326.0'
2025-07-15T17:26:16.0271593Z ##[group]Runner Image Provisioner
2025-07-15T17:26:16.0272870Z Hosted Compute Agent
2025-07-15T17:26:16.0273670Z Version: 20250711.363
2025-07-15T17:26:16.0274879Z Commit: 6785254374ce925a23743850c1cb91912ce5c14c
2025-07-15T17:26:16.0276150Z Build Date: 2025-07-11T20:04:25Z
2025-07-15T17:26:16.0277072Z ##[endgroup]
2025-07-15T17:26:16.0278172Z ##[group]Operating System
2025-07-15T17:26:16.0279197Z Ubuntu
2025-07-15T17:26:16.0279966Z 24.04.2
2025-07-15T17:26:16.0280874Z LTS
2025-07-15T17:26:16.0281831Z ##[endgroup]
2025-07-15T17:26:16.0282555Z ##[group]Runner Image
2025-07-15T17:26:16.0283574Z Image: ubuntu-24.04
2025-07-15T17:26:16.0284454Z Version: 20250710.1.0
2025-07-15T17:26:16.0286185Z Included Software: https://github.com/actions/runner-images/blob/ubuntu24/20250710.1/images/ubuntu/Ubuntu2404-Readme.md
2025-07-15T17:26:16.0289134Z Image Release: https://github.com/actions/runner-images/releases/tag/ubuntu24%2F20250710.1
2025-07-15T17:26:16.0290939Z ##[endgroup]
2025-07-15T17:26:16.0293138Z ##[group]GITHUB_TOKEN Permissions
2025-07-15T17:26:16.0295962Z Contents: read
2025-07-15T17:26:16.0297038Z Metadata: read
2025-07-15T17:26:16.0297867Z Packages: read
2025-07-15T17:26:16.0298651Z ##[endgroup]
2025-07-15T17:26:16.0301857Z Secret source: Actions
2025-07-15T17:26:16.0303423Z Prepare workflow directory
2025-07-15T17:26:16.0699534Z Prepare all required actions
2025-07-15T17:26:16.0756111Z Getting action download info
2025-07-15T17:26:16.4894727Z ##[group]Download immutable action package 'actions/checkout@v3'
2025-07-15T17:26:16.4895849Z Version: 3.6.0
2025-07-15T17:26:16.4896983Z Digest: sha256:942562b9c7d4b1f2557f1da21f4d3eb4eb4fd01f2ad78b2a6e187d1b193e0a0f
2025-07-15T17:26:16.4898276Z Source commit SHA: f43a0e5ff2bd294095638e18286ca9a3d1956744
2025-07-15T17:26:16.4899023Z ##[endgroup]
2025-07-15T17:26:16.5800968Z ##[group]Download immutable action package 'actions/setup-python@v4'
2025-07-15T17:26:16.5802308Z Version: 4.9.1
2025-07-15T17:26:16.5803127Z Digest: sha256:f03e505388af670b5a108629e0ba26befc08d5c62b41f46146a45fe29ae509a5
2025-07-15T17:26:16.5804798Z Source commit SHA: 7f4fc3e22c37d6ff65e88745f38bd3157c663f7c
2025-07-15T17:26:16.5805684Z ##[endgroup]
2025-07-15T17:26:16.9862916Z ##[group]Download immutable action package 'docker/login-action@v3'
2025-07-15T17:26:16.9863773Z Version: 3.4.0
2025-07-15T17:26:16.9864484Z Digest: sha256:864ebd28db095e1602e6ef999f46a4f575083ea874918fbccf0994c2a7680450
2025-07-15T17:26:16.9865608Z Source commit SHA: 74a5d142397b4f367a81961eba4e8cd7edddf772
2025-07-15T17:26:16.9866365Z ##[endgroup]
2025-07-15T17:26:17.4994167Z Complete job name: build-test-deploy
2025-07-15T17:26:17.5797545Z ##[group]Run actions/checkout@v3
2025-07-15T17:26:17.5798916Z with:
2025-07-15T17:26:17.5799912Z   repository: ***/testing-CI-CD
2025-07-15T17:26:17.5801144Z   token: ***
2025-07-15T17:26:17.5802113Z   ssh-strict: true
2025-07-15T17:26:17.5802976Z   persist-credentials: true
2025-07-15T17:26:17.5803900Z   clean: true
2025-07-15T17:26:17.5804761Z   sparse-checkout-cone-mode: true
2025-07-15T17:26:17.5805775Z   fetch-depth: 1
2025-07-15T17:26:17.5806579Z   fetch-tags: false
2025-07-15T17:26:17.5807384Z   lfs: false
2025-07-15T17:26:17.5808151Z   submodules: false
2025-07-15T17:26:17.5809000Z   set-safe-directory: true
2025-07-15T17:26:17.5810196Z ##[endgroup]
2025-07-15T17:26:17.6700392Z Syncing repository: ***/testing-CI-CD
2025-07-15T17:26:17.6703284Z ##[group]Getting Git version info
2025-07-15T17:26:17.6704741Z Working directory is '/home/runner/work/testing-CI-CD/testing-CI-CD'
2025-07-15T17:26:17.6706717Z [command]/usr/bin/git version
2025-07-15T17:26:17.6725496Z git version 2.50.1
2025-07-15T17:26:17.6752856Z ##[endgroup]
2025-07-15T17:26:17.6767686Z Temporarily overriding HOME='/home/runner/work/_temp/c6faa0b0-1779-4e78-99f8-69783cdf12ca' before making global git config changes
2025-07-15T17:26:17.6771038Z Adding repository directory to the temporary git global config as a safe directory
2025-07-15T17:26:17.6774985Z [command]/usr/bin/git config --global --add safe.directory /home/runner/work/testing-CI-CD/testing-CI-CD
2025-07-15T17:26:17.6806179Z Deleting the contents of '/home/runner/work/testing-CI-CD/testing-CI-CD'
2025-07-15T17:26:17.6810006Z ##[group]Initializing the repository
2025-07-15T17:26:17.6814097Z [command]/usr/bin/git init /home/runner/work/testing-CI-CD/testing-CI-CD
2025-07-15T17:26:17.6868380Z hint: Using 'master' as the name for the initial branch. This default branch name
2025-07-15T17:26:17.6871238Z hint: is subject to change. To configure the initial branch name to use in all
2025-07-15T17:26:17.6874705Z hint: of your new repositories, which will suppress this warning, call:
2025-07-15T17:26:17.6877202Z hint:
2025-07-15T17:26:17.6878871Z hint: 	git config --global init.defaultBranch <name>
2025-07-15T17:26:17.6880897Z hint:
2025-07-15T17:26:17.6883108Z hint: Names commonly chosen instead of 'master' are 'main', 'trunk' and
2025-07-15T17:26:17.6886420Z hint: 'development'. The just-created branch can be renamed via this command:
2025-07-15T17:26:17.6888227Z hint:
2025-07-15T17:26:17.6889047Z hint: 	git branch -m <name>
2025-07-15T17:26:17.6889998Z hint:
2025-07-15T17:26:17.6891287Z hint: Disable this message with "git config set advice.defaultBranchName false"
2025-07-15T17:26:17.6895094Z Initialized empty Git repository in /home/runner/work/testing-CI-CD/testing-CI-CD/.git/
2025-07-15T17:26:17.6899677Z [command]/usr/bin/git remote add origin https://github.com/***/testing-CI-CD
2025-07-15T17:26:17.6915196Z ##[endgroup]
2025-07-15T17:26:17.6917636Z ##[group]Disabling automatic garbage collection
2025-07-15T17:26:17.6919828Z [command]/usr/bin/git config --local gc.auto 0
2025-07-15T17:26:17.6946820Z ##[endgroup]
2025-07-15T17:26:17.6949221Z ##[group]Setting up auth
2025-07-15T17:26:17.6952558Z [command]/usr/bin/git config --local --name-only --get-regexp core\.sshCommand
2025-07-15T17:26:17.6982485Z [command]/usr/bin/git submodule foreach --recursive sh -c "git config --local --name-only --get-regexp 'core\.sshCommand' && git config --local --unset-all 'core.sshCommand' || :"
2025-07-15T17:26:17.7235478Z [command]/usr/bin/git config --local --name-only --get-regexp http\.https\:\/\/github\.com\/\.extraheader
2025-07-15T17:26:17.7263021Z [command]/usr/bin/git submodule foreach --recursive sh -c "git config --local --name-only --get-regexp 'http\.https\:\/\/github\.com\/\.extraheader' && git config --local --unset-all 'http.https://github.com/.extraheader' || :"
2025-07-15T17:26:17.7480743Z [command]/usr/bin/git config --local http.https://github.com/.extraheader AUTHORIZATION: basic ***
2025-07-15T17:26:17.7513946Z ##[endgroup]
2025-07-15T17:26:17.7515625Z ##[group]Fetching the repository
2025-07-15T17:26:17.7522976Z [command]/usr/bin/git -c protocol.version=2 fetch --no-tags --prune --progress --no-recurse-submodules --depth=1 origin +9ad96249ffe9bdafa74e4ec96d786320c368fc44:refs/remotes/origin/main
2025-07-15T17:26:18.0020371Z remote: Enumerating objects: 4154, done.        
2025-07-15T17:26:18.0024168Z remote: Counting objects:   0% (1/4154)        
2025-07-15T17:26:18.0026211Z remote: Counting objects:   1% (42/4154)        
2025-07-15T17:26:18.0028233Z remote: Counting objects:   2% (84/4154)        
2025-07-15T17:26:18.0030730Z remote: Counting objects:   3% (125/4154)        
2025-07-15T17:26:18.0032981Z remote: Counting objects:   4% (167/4154)        
2025-07-15T17:26:18.0035007Z remote: Counting objects:   5% (208/4154)        
2025-07-15T17:26:18.0037053Z remote: Counting objects:   6% (250/4154)        
2025-07-15T17:26:18.0039122Z remote: Counting objects:   7% (291/4154)        
2025-07-15T17:26:18.0041137Z remote: Counting objects:   8% (333/4154)        
2025-07-15T17:26:18.0043334Z remote: Counting objects:   9% (374/4154)        
2025-07-15T17:26:18.0045365Z remote: Counting objects:  10% (416/4154)        
2025-07-15T17:26:18.0047385Z remote: Counting objects:  11% (457/4154)        
2025-07-15T17:26:18.0049422Z remote: Counting objects:  12% (499/4154)        
2025-07-15T17:26:18.0051600Z remote: Counting objects:  13% (541/4154)        
2025-07-15T17:26:18.0054004Z remote: Counting objects:  14% (582/4154)        
2025-07-15T17:26:18.0056076Z remote: Counting objects:  15% (624/4154)        
2025-07-15T17:26:18.0058122Z remote: Counting objects:  16% (665/4154)        
2025-07-15T17:26:18.0060179Z remote: Counting objects:  17% (707/4154)        
2025-07-15T17:26:18.0062497Z remote: Counting objects:  18% (748/4154)        
2025-07-15T17:26:18.0064554Z remote: Counting objects:  19% (790/4154)        
2025-07-15T17:26:18.0066552Z remote: Counting objects:  20% (831/4154)        
2025-07-15T17:26:18.0068596Z remote: Counting objects:  21% (873/4154)        
2025-07-15T17:26:18.0070617Z remote: Counting objects:  22% (914/4154)        
2025-07-15T17:26:18.0072773Z remote: Counting objects:  23% (956/4154)        
2025-07-15T17:26:18.0074803Z remote: Counting objects:  24% (997/4154)        
2025-07-15T17:26:18.0076844Z remote: Counting objects:  25% (1039/4154)        
2025-07-15T17:26:18.0078858Z remote: Counting objects:  26% (1081/4154)        
2025-07-15T17:26:18.0081061Z remote: Counting objects:  27% (1122/4154)        
2025-07-15T17:26:18.0083389Z remote: Counting objects:  28% (1164/4154)        
2025-07-15T17:26:18.0085433Z remote: Counting objects:  29% (1205/4154)        
2025-07-15T17:26:18.0087461Z remote: Counting objects:  30% (1247/4154)        
2025-07-15T17:26:18.0089483Z remote: Counting objects:  31% (1288/4154)        
2025-07-15T17:26:18.0091676Z remote: Counting objects:  32% (1330/4154)        
2025-07-15T17:26:18.0093734Z remote: Counting objects:  33% (1371/4154)        
2025-07-15T17:26:18.0095793Z remote: Counting objects:  34% (1413/4154)        
2025-07-15T17:26:18.0097815Z remote: Counting objects:  35% (1454/4154)        
2025-07-15T17:26:18.0099849Z remote: Counting objects:  36% (1496/4154)        
2025-07-15T17:26:18.0102015Z remote: Counting objects:  37% (1537/4154)        
2025-07-15T17:26:18.0104075Z remote: Counting objects:  38% (1579/4154)        
2025-07-15T17:26:18.0106142Z remote: Counting objects:  39% (1621/4154)        
2025-07-15T17:26:18.0108174Z remote: Counting objects:  40% (1662/4154)        
2025-07-15T17:26:18.0110218Z remote: Counting objects:  41% (1704/4154)        
2025-07-15T17:26:18.0112410Z remote: Counting objects:  42% (1745/4154)        
2025-07-15T17:26:18.0114444Z remote: Counting objects:  43% (1787/4154)        
2025-07-15T17:26:18.0116495Z remote: Counting objects:  44% (1828/4154)        
2025-07-15T17:26:18.0118544Z remote: Counting objects:  45% (1870/4154)        
2025-07-15T17:26:18.0120568Z remote: Counting objects:  46% (1911/4154)        
2025-07-15T17:26:18.0123090Z remote: Counting objects:  47% (1953/4154)        
2025-07-15T17:26:18.0125219Z remote: Counting objects:  48% (1994/4154)        
2025-07-15T17:26:18.0127280Z remote: Counting objects:  49% (2036/4154)        
2025-07-15T17:26:18.0129312Z remote: Counting objects:  50% (2077/4154)        
2025-07-15T17:26:18.0131345Z remote: Counting objects:  51% (2119/4154)        
2025-07-15T17:26:18.0133564Z remote: Counting objects:  52% (2161/4154)        
2025-07-15T17:26:18.0135592Z remote: Counting objects:  53% (2202/4154)        
2025-07-15T17:26:18.0137688Z remote: Counting objects:  54% (2244/4154)        
2025-07-15T17:26:18.0139711Z remote: Counting objects:  55% (2285/4154)        
2025-07-15T17:26:18.0141876Z remote: Counting objects:  56% (2327/4154)        
2025-07-15T17:26:18.0143915Z remote: Counting objects:  57% (2368/4154)        
2025-07-15T17:26:18.0145956Z remote: Counting objects:  58% (2410/4154)        
2025-07-15T17:26:18.0147972Z remote: Counting objects:  59% (2451/4154)        
2025-07-15T17:26:18.0150010Z remote: Counting objects:  60% (2493/4154)        
2025-07-15T17:26:18.0152184Z remote: Counting objects:  61% (2534/4154)        
2025-07-15T17:26:18.0154206Z remote: Counting objects:  62% (2576/4154)        
2025-07-15T17:26:18.0156223Z remote: Counting objects:  63% (2618/4154)        
2025-07-15T17:26:18.0158242Z remote: Counting objects:  64% (2659/4154)        
2025-07-15T17:26:18.0160521Z remote: Counting objects:  65% (2701/4154)        
2025-07-15T17:26:18.0162704Z remote: Counting objects:  66% (2742/4154)        
2025-07-15T17:26:18.0164704Z remote: Counting objects:  67% (2784/4154)        
2025-07-15T17:26:18.0166711Z remote: Counting objects:  68% (2825/4154)        
2025-07-15T17:26:18.0168704Z remote: Counting objects:  69% (2867/4154)        
2025-07-15T17:26:18.0170696Z remote: Counting objects:  70% (2908/4154)        
2025-07-15T17:26:18.0172829Z remote: Counting objects:  71% (2950/4154)        
2025-07-15T17:26:18.0174832Z remote: Counting objects:  72% (2991/4154)        
2025-07-15T17:26:18.0176841Z remote: Counting objects:  73% (3033/4154)        
2025-07-15T17:26:18.0178830Z remote: Counting objects:  74% (3074/4154)        
2025-07-15T17:26:18.0180827Z remote: Counting objects:  75% (3116/4154)        
2025-07-15T17:26:18.0182975Z remote: Counting objects:  76% (3158/4154)        
2025-07-15T17:26:18.0184989Z remote: Counting objects:  77% (3199/4154)        
2025-07-15T17:26:18.0187009Z remote: Counting objects:  78% (3241/4154)        
2025-07-15T17:26:18.0189010Z remote: Counting objects:  79% (3282/4154)        
2025-07-15T17:26:18.0190995Z remote: Counting objects:  80% (3324/4154)        
2025-07-15T17:26:18.0193144Z remote: Counting objects:  81% (3365/4154)        
2025-07-15T17:26:18.0195141Z remote: Counting objects:  82% (3407/4154)        
2025-07-15T17:26:18.0197119Z remote: Counting objects:  83% (3448/4154)        
2025-07-15T17:26:18.0199100Z remote: Counting objects:  84% (3490/4154)        
2025-07-15T17:26:18.0201091Z remote: Counting objects:  85% (3531/4154)        
2025-07-15T17:26:18.0203240Z remote: Counting objects:  86% (3573/4154)        
2025-07-15T17:26:18.0205249Z remote: Counting objects:  87% (3614/4154)        
2025-07-15T17:26:18.0207250Z remote: Counting objects:  88% (3656/4154)        
2025-07-15T17:26:18.0209244Z remote: Counting objects:  89% (3698/4154)        
2025-07-15T17:26:18.0211233Z remote: Counting objects:  90% (3739/4154)        
2025-07-15T17:26:18.0213367Z remote: Counting objects:  91% (3781/4154)        
2025-07-15T17:26:18.0215381Z remote: Counting objects:  92% (3822/4154)        
2025-07-15T17:26:18.0217359Z remote: Counting objects:  93% (3864/4154)        
2025-07-15T17:26:18.0219356Z remote: Counting objects:  94% (3905/4154)        
2025-07-15T17:26:18.0221620Z remote: Counting objects:  95% (3947/4154)        
2025-07-15T17:26:18.0223639Z remote: Counting objects:  96% (3988/4154)        
2025-07-15T17:26:18.0225647Z remote: Counting objects:  97% (4030/4154)        
2025-07-15T17:26:18.0227880Z remote: Counting objects:  98% (4071/4154)        
2025-07-15T17:26:18.0230483Z remote: Counting objects:  99% (4113/4154)        
2025-07-15T17:26:18.0232629Z remote: Counting objects: 100% (4154/4154)        
2025-07-15T17:26:18.0234756Z remote: Counting objects: 100% (4154/4154), done.        
2025-07-15T17:26:18.0236884Z remote: Compressing objects:   0% (1/3713)        
2025-07-15T17:26:18.0239070Z remote: Compressing objects:   1% (38/3713)        
2025-07-15T17:26:18.0241112Z remote: Compressing objects:   2% (75/3713)        
2025-07-15T17:26:18.0295494Z remote: Compressing objects:   3% (112/3713)        
2025-07-15T17:26:18.0364622Z remote: Compressing objects:   4% (149/3713)        
2025-07-15T17:26:18.0452829Z remote: Compressing objects:   5% (186/3713)        
2025-07-15T17:26:18.0548094Z remote: Compressing objects:   6% (223/3713)        
2025-07-15T17:26:18.0703900Z remote: Compressing objects:   7% (260/3713)        
2025-07-15T17:26:18.0772741Z remote: Compressing objects:   8% (298/3713)        
2025-07-15T17:26:18.0928247Z remote: Compressing objects:   9% (335/3713)        
2025-07-15T17:26:18.1017624Z remote: Compressing objects:  10% (372/3713)        
2025-07-15T17:26:18.1083515Z remote: Compressing objects:  11% (409/3713)        
2025-07-15T17:26:18.1133566Z remote: Compressing objects:  12% (446/3713)        
2025-07-15T17:26:18.1233373Z remote: Compressing objects:  13% (483/3713)        
2025-07-15T17:26:18.1342422Z remote: Compressing objects:  14% (520/3713)        
2025-07-15T17:26:18.1430386Z remote: Compressing objects:  15% (557/3713)        
2025-07-15T17:26:18.1502640Z remote: Compressing objects:  16% (595/3713)        
2025-07-15T17:26:18.1563745Z remote: Compressing objects:  17% (632/3713)        
2025-07-15T17:26:18.1656056Z remote: Compressing objects:  18% (669/3713)        
2025-07-15T17:26:18.1794614Z remote: Compressing objects:  19% (706/3713)        
2025-07-15T17:26:18.1861211Z remote: Compressing objects:  20% (743/3713)        
2025-07-15T17:26:18.1999690Z remote: Compressing objects:  21% (780/3713)        
2025-07-15T17:26:18.2125960Z remote: Compressing objects:  22% (817/3713)        
2025-07-15T17:26:18.2222796Z remote: Compressing objects:  23% (854/3713)        
2025-07-15T17:26:18.2301918Z remote: Compressing objects:  24% (892/3713)        
2025-07-15T17:26:18.2356412Z remote: Compressing objects:  25% (929/3713)        
2025-07-15T17:26:18.2528389Z remote: Compressing objects:  26% (966/3713)        
2025-07-15T17:26:18.2617966Z remote: Compressing objects:  27% (1003/3713)        
2025-07-15T17:26:18.2747489Z remote: Compressing objects:  28% (1040/3713)        
2025-07-15T17:26:18.2862272Z remote: Compressing objects:  29% (1077/3713)        
2025-07-15T17:26:18.2929309Z remote: Compressing objects:  30% (1114/3713)        
2025-07-15T17:26:18.3018004Z remote: Compressing objects:  31% (1152/3713)        
2025-07-15T17:26:18.3111585Z remote: Compressing objects:  32% (1189/3713)        
2025-07-15T17:26:18.3159754Z remote: Compressing objects:  33% (1226/3713)        
2025-07-15T17:26:18.3346970Z remote: Compressing objects:  34% (1263/3713)        
2025-07-15T17:26:18.3416778Z remote: Compressing objects:  35% (1300/3713)        
2025-07-15T17:26:18.3456493Z remote: Compressing objects:  36% (1337/3713)        
2025-07-15T17:26:18.3467393Z remote: Compressing objects:  37% (1374/3713)        
2025-07-15T17:26:18.3490506Z remote: Compressing objects:  38% (1411/3713)        
2025-07-15T17:26:18.3531174Z remote: Compressing objects:  39% (1449/3713)        
2025-07-15T17:26:18.3533992Z remote: Compressing objects:  40% (1486/3713)        
2025-07-15T17:26:18.3543171Z remote: Compressing objects:  41% (1523/3713)        
2025-07-15T17:26:18.3692582Z remote: Compressing objects:  42% (1560/3713)        
2025-07-15T17:26:18.3733182Z remote: Compressing objects:  43% (1597/3713)        
2025-07-15T17:26:18.3737998Z remote: Compressing objects:  44% (1634/3713)        
2025-07-15T17:26:18.4515584Z remote: Compressing objects:  45% (1671/3713)        
2025-07-15T17:26:18.6580382Z remote: Compressing objects:  46% (1708/3713)        
2025-07-15T17:26:18.7946617Z remote: Compressing objects:  47% (1746/3713)        
2025-07-15T17:26:18.8867575Z remote: Compressing objects:  48% (1783/3713)        
2025-07-15T17:26:18.9623958Z remote: Compressing objects:  49% (1820/3713)        
2025-07-15T17:26:19.0048609Z remote: Compressing objects:  50% (1857/3713)        
2025-07-15T17:26:19.0387104Z remote: Compressing objects:  50% (1878/3713)        
2025-07-15T17:26:19.1104038Z remote: Compressing objects:  51% (1894/3713)        
2025-07-15T17:26:19.1613671Z remote: Compressing objects:  52% (1931/3713)        
2025-07-15T17:26:19.2043128Z remote: Compressing objects:  53% (1968/3713)        
2025-07-15T17:26:19.2496192Z remote: Compressing objects:  54% (2006/3713)        
2025-07-15T17:26:19.2883724Z remote: Compressing objects:  55% (2043/3713)        
2025-07-15T17:26:19.3238363Z remote: Compressing objects:  56% (2080/3713)        
2025-07-15T17:26:19.3555984Z remote: Compressing objects:  57% (2117/3713)        
2025-07-15T17:26:19.3839779Z remote: Compressing objects:  58% (2154/3713)        
2025-07-15T17:26:19.4077933Z remote: Compressing objects:  59% (2191/3713)        
2025-07-15T17:26:19.4306074Z remote: Compressing objects:  60% (2228/3713)        
2025-07-15T17:26:19.4476183Z remote: Compressing objects:  61% (2265/3713)        
2025-07-15T17:26:19.4644743Z remote: Compressing objects:  62% (2303/3713)        
2025-07-15T17:26:19.4801378Z remote: Compressing objects:  63% (2340/3713)        
2025-07-15T17:26:19.4964602Z remote: Compressing objects:  64% (2377/3713)        
2025-07-15T17:26:19.5097967Z remote: Compressing objects:  65% (2414/3713)        
2025-07-15T17:26:19.5224376Z remote: Compressing objects:  66% (2451/3713)        
2025-07-15T17:26:19.5333636Z remote: Compressing objects:  67% (2488/3713)        
2025-07-15T17:26:19.5439798Z remote: Compressing objects:  68% (2525/3713)        
2025-07-15T17:26:19.5530301Z remote: Compressing objects:  69% (2562/3713)        
2025-07-15T17:26:19.5625735Z remote: Compressing objects:  70% (2600/3713)        
2025-07-15T17:26:19.5691070Z remote: Compressing objects:  71% (2637/3713)        
2025-07-15T17:26:19.5773536Z remote: Compressing objects:  72% (2674/3713)        
2025-07-15T17:26:19.5832363Z remote: Compressing objects:  73% (2711/3713)        
2025-07-15T17:26:19.5880374Z remote: Compressing objects:  74% (2748/3713)        
2025-07-15T17:26:19.5927329Z remote: Compressing objects:  75% (2785/3713)        
2025-07-15T17:26:19.5976238Z remote: Compressing objects:  76% (2822/3713)        
2025-07-15T17:26:19.6014348Z remote: Compressing objects:  77% (2860/3713)        
2025-07-15T17:26:19.6053483Z remote: Compressing objects:  78% (2897/3713)        
2025-07-15T17:26:19.6081762Z remote: Compressing objects:  79% (2934/3713)        
2025-07-15T17:26:19.6111746Z remote: Compressing objects:  80% (2971/3713)        
2025-07-15T17:26:19.6135225Z remote: Compressing objects:  81% (3008/3713)        
2025-07-15T17:26:19.6152878Z remote: Compressing objects:  82% (3045/3713)        
2025-07-15T17:26:19.6165932Z remote: Compressing objects:  83% (3082/3713)        
2025-07-15T17:26:19.6173894Z remote: Compressing objects:  84% (3119/3713)        
2025-07-15T17:26:19.6178621Z remote: Compressing objects:  85% (3157/3713)        
2025-07-15T17:26:19.6179260Z remote: Compressing objects:  86% (3194/3713)        
2025-07-15T17:26:19.6182769Z remote: Compressing objects:  87% (3231/3713)        
2025-07-15T17:26:19.6204430Z remote: Compressing objects:  88% (3268/3713)        
2025-07-15T17:26:19.6292891Z remote: Compressing objects:  89% (3305/3713)        
2025-07-15T17:26:19.6389896Z remote: Compressing objects:  90% (3342/3713)        
2025-07-15T17:26:19.6392137Z remote: Compressing objects:  91% (3379/3713)        
2025-07-15T17:26:19.6395666Z remote: Compressing objects:  92% (3416/3713)        
2025-07-15T17:26:19.6399753Z remote: Compressing objects:  93% (3454/3713)        
2025-07-15T17:26:19.6404812Z remote: Compressing objects:  94% (3491/3713)        
2025-07-15T17:26:19.6408978Z remote: Compressing objects:  95% (3528/3713)        
2025-07-15T17:26:19.6418725Z remote: Compressing objects:  96% (3565/3713)        
2025-07-15T17:26:19.6424877Z remote: Compressing objects:  97% (3602/3713)        
2025-07-15T17:26:19.6430202Z remote: Compressing objects:  98% (3639/3713)        
2025-07-15T17:26:19.6436975Z remote: Compressing objects:  99% (3676/3713)        
2025-07-15T17:26:19.6437607Z remote: Compressing objects: 100% (3713/3713)        
2025-07-15T17:26:19.6438164Z remote: Compressing objects: 100% (3713/3713), done.        
2025-07-15T17:26:19.6674053Z Receiving objects:   0% (1/4154)
2025-07-15T17:26:19.6682099Z Receiving objects:   1% (42/4154)
2025-07-15T17:26:19.7222796Z Receiving objects:   2% (84/4154)
2025-07-15T17:26:19.7358616Z Receiving objects:   3% (125/4154)
2025-07-15T17:26:19.7447782Z Receiving objects:   4% (167/4154)
2025-07-15T17:26:19.7551724Z Receiving objects:   5% (208/4154)
2025-07-15T17:26:19.7589385Z Receiving objects:   6% (250/4154)
2025-07-15T17:26:19.7729293Z Receiving objects:   7% (291/4154)
2025-07-15T17:26:19.7780954Z Receiving objects:   8% (333/4154)
2025-07-15T17:26:19.7884821Z Receiving objects:   9% (374/4154)
2025-07-15T17:26:19.7947231Z Receiving objects:  10% (416/4154)
2025-07-15T17:26:19.8010373Z Receiving objects:  11% (457/4154)
2025-07-15T17:26:19.8043557Z Receiving objects:  12% (499/4154)
2025-07-15T17:26:19.8057229Z Receiving objects:  13% (541/4154)
2025-07-15T17:26:19.8064757Z Receiving objects:  14% (582/4154)
2025-07-15T17:26:19.8076581Z Receiving objects:  15% (624/4154)
2025-07-15T17:26:19.8091703Z Receiving objects:  16% (665/4154)
2025-07-15T17:26:19.8120579Z Receiving objects:  17% (707/4154)
2025-07-15T17:26:19.8159788Z Receiving objects:  18% (748/4154)
2025-07-15T17:26:19.8195969Z Receiving objects:  19% (790/4154)
2025-07-15T17:26:19.8334306Z Receiving objects:  20% (831/4154)
2025-07-15T17:26:19.8347262Z Receiving objects:  21% (873/4154)
2025-07-15T17:26:19.8432689Z Receiving objects:  22% (914/4154)
2025-07-15T17:26:19.8477831Z Receiving objects:  23% (956/4154)
2025-07-15T17:26:19.8502760Z Receiving objects:  24% (997/4154)
2025-07-15T17:26:19.8514775Z Receiving objects:  25% (1039/4154)
2025-07-15T17:26:19.8529005Z Receiving objects:  26% (1081/4154)
2025-07-15T17:26:19.8541338Z Receiving objects:  27% (1122/4154)
2025-07-15T17:26:19.8557602Z Receiving objects:  28% (1164/4154)
2025-07-15T17:26:19.8605045Z Receiving objects:  29% (1205/4154)
2025-07-15T17:26:19.8642612Z Receiving objects:  30% (1247/4154)
2025-07-15T17:26:19.8674277Z Receiving objects:  31% (1288/4154)
2025-07-15T17:26:19.8703867Z Receiving objects:  32% (1330/4154)
2025-07-15T17:26:19.8732899Z Receiving objects:  33% (1371/4154)
2025-07-15T17:26:19.8756086Z Receiving objects:  34% (1413/4154)
2025-07-15T17:26:19.8780341Z Receiving objects:  35% (1454/4154)
2025-07-15T17:26:19.8813823Z Receiving objects:  36% (1496/4154)
2025-07-15T17:26:19.8848840Z Receiving objects:  37% (1537/4154)
2025-07-15T17:26:19.8870545Z Receiving objects:  38% (1579/4154)
2025-07-15T17:26:19.8909222Z Receiving objects:  39% (1621/4154)
2025-07-15T17:26:19.8952840Z Receiving objects:  40% (1662/4154)
2025-07-15T17:26:19.8981679Z Receiving objects:  41% (1704/4154)
2025-07-15T17:26:19.9007679Z Receiving objects:  42% (1745/4154)
2025-07-15T17:26:19.9087462Z Receiving objects:  43% (1787/4154)
2025-07-15T17:26:19.9129905Z Receiving objects:  44% (1828/4154)
2025-07-15T17:26:19.9170963Z Receiving objects:  45% (1870/4154)
2025-07-15T17:26:19.9209257Z Receiving objects:  46% (1911/4154)
2025-07-15T17:26:19.9335733Z Receiving objects:  47% (1953/4154)
2025-07-15T17:26:19.9418003Z Receiving objects:  48% (1994/4154)
2025-07-15T17:26:19.9447898Z Receiving objects:  49% (2036/4154)
2025-07-15T17:26:19.9471347Z Receiving objects:  50% (2077/4154)
2025-07-15T17:26:19.9525802Z Receiving objects:  51% (2119/4154)
2025-07-15T17:26:19.9570443Z Receiving objects:  52% (2161/4154)
2025-07-15T17:26:19.9608927Z Receiving objects:  53% (2202/4154)
2025-07-15T17:26:19.9637299Z Receiving objects:  54% (2244/4154)
2025-07-15T17:26:19.9668819Z Receiving objects:  55% (2285/4154)
2025-07-15T17:26:19.9700331Z Receiving objects:  56% (2327/4154)
2025-07-15T17:26:19.9745239Z Receiving objects:  57% (2368/4154)
2025-07-15T17:26:19.9772454Z Receiving objects:  58% (2410/4154)
2025-07-15T17:26:19.9795573Z Receiving objects:  59% (2451/4154)
2025-07-15T17:26:19.9810094Z Receiving objects:  60% (2493/4154)
2025-07-15T17:26:19.9876146Z Receiving objects:  61% (2534/4154)
2025-07-15T17:26:19.9917902Z Receiving objects:  62% (2576/4154)
2025-07-15T17:26:19.9959482Z Receiving objects:  63% (2618/4154)
2025-07-15T17:26:20.0039612Z Receiving objects:  64% (2659/4154)
2025-07-15T17:26:20.0078787Z Receiving objects:  65% (2701/4154)
2025-07-15T17:26:20.0126068Z Receiving objects:  66% (2742/4154)
2025-07-15T17:26:20.0193446Z Receiving objects:  67% (2784/4154)
2025-07-15T17:26:20.0232248Z Receiving objects:  68% (2825/4154)
2025-07-15T17:26:20.0267118Z Receiving objects:  69% (2867/4154)
2025-07-15T17:26:20.0337756Z Receiving objects:  70% (2908/4154)
2025-07-15T17:26:20.0377132Z Receiving objects:  71% (2950/4154)
2025-07-15T17:26:20.0413624Z Receiving objects:  72% (2991/4154)
2025-07-15T17:26:20.0430658Z Receiving objects:  73% (3033/4154)
2025-07-15T17:26:20.0475371Z Receiving objects:  74% (3074/4154)
2025-07-15T17:26:20.0485973Z Receiving objects:  75% (3116/4154)
2025-07-15T17:26:20.0508460Z Receiving objects:  76% (3158/4154)
2025-07-15T17:26:20.0559073Z Receiving objects:  77% (3199/4154)
2025-07-15T17:26:20.0670678Z Receiving objects:  78% (3241/4154)
2025-07-15T17:26:20.0715705Z Receiving objects:  79% (3282/4154)
2025-07-15T17:26:20.0747082Z Receiving objects:  80% (3324/4154)
2025-07-15T17:26:20.0768988Z Receiving objects:  81% (3365/4154)
2025-07-15T17:26:20.0793174Z Receiving objects:  82% (3407/4154)
2025-07-15T17:26:20.0799655Z Receiving objects:  83% (3448/4154)
2025-07-15T17:26:20.0807297Z Receiving objects:  84% (3490/4154)
2025-07-15T17:26:20.0815120Z Receiving objects:  85% (3531/4154)
2025-07-15T17:26:20.0820904Z Receiving objects:  86% (3573/4154)
2025-07-15T17:26:20.0826865Z Receiving objects:  87% (3614/4154)
2025-07-15T17:26:20.0832999Z Receiving objects:  88% (3656/4154)
2025-07-15T17:26:20.0835989Z Receiving objects:  89% (3698/4154)
2025-07-15T17:26:20.0842434Z Receiving objects:  90% (3739/4154)
2025-07-15T17:26:20.0860502Z Receiving objects:  91% (3781/4154)
2025-07-15T17:26:20.0867475Z Receiving objects:  92% (3822/4154)
2025-07-15T17:26:20.0879173Z Receiving objects:  93% (3864/4154)
2025-07-15T17:26:20.0882353Z Receiving objects:  94% (3905/4154)
2025-07-15T17:26:20.0927444Z Receiving objects:  95% (3947/4154)
2025-07-15T17:26:20.0950976Z Receiving objects:  96% (3988/4154)
2025-07-15T17:26:20.1011567Z Receiving objects:  97% (4030/4154)
2025-07-15T17:26:20.1047597Z Receiving objects:  98% (4071/4154)
2025-07-15T17:26:20.1091979Z Receiving objects:  99% (4113/4154)
2025-07-15T17:26:20.1092733Z remote: Total 4154 (delta 619), reused 3840 (delta 396), pack-reused 0 (from 0)        
2025-07-15T17:26:20.1113531Z Receiving objects: 100% (4154/4154)
2025-07-15T17:26:20.1114124Z Receiving objects: 100% (4154/4154), 13.99 MiB | 30.10 MiB/s, done.
2025-07-15T17:26:20.1117889Z Resolving deltas:   0% (0/619)
2025-07-15T17:26:20.1118585Z Resolving deltas:   1% (7/619)
2025-07-15T17:26:20.1118960Z Resolving deltas:   2% (13/619)
2025-07-15T17:26:20.1119371Z Resolving deltas:   3% (19/619)
2025-07-15T17:26:20.1122960Z Resolving deltas:   4% (25/619)
2025-07-15T17:26:20.1125494Z Resolving deltas:   5% (31/619)
2025-07-15T17:26:20.1125939Z Resolving deltas:   6% (38/619)
2025-07-15T17:26:20.1126650Z Resolving deltas:   7% (44/619)
2025-07-15T17:26:20.1127469Z Resolving deltas:   8% (50/619)
2025-07-15T17:26:20.1135421Z Resolving deltas:   9% (56/619)
2025-07-15T17:26:20.1136121Z Resolving deltas:  10% (62/619)
2025-07-15T17:26:20.1210597Z Resolving deltas:  11% (69/619)
2025-07-15T17:26:20.1243502Z Resolving deltas:  12% (75/619)
2025-07-15T17:26:20.1257378Z Resolving deltas:  13% (81/619)
2025-07-15T17:26:20.1341186Z Resolving deltas:  14% (87/619)
2025-07-15T17:26:20.1341939Z Resolving deltas:  15% (93/619)
2025-07-15T17:26:20.1342337Z Resolving deltas:  16% (100/619)
2025-07-15T17:26:20.1342720Z Resolving deltas:  17% (106/619)
2025-07-15T17:26:20.1343091Z Resolving deltas:  18% (112/619)
2025-07-15T17:26:20.1343454Z Resolving deltas:  19% (119/619)
2025-07-15T17:26:20.1343844Z Resolving deltas:  20% (124/619)
2025-07-15T17:26:20.1357126Z Resolving deltas:  21% (130/619)
2025-07-15T17:26:20.1357806Z Resolving deltas:  22% (137/619)
2025-07-15T17:26:20.1358449Z Resolving deltas:  23% (143/619)
2025-07-15T17:26:20.1359169Z Resolving deltas:  24% (149/619)
2025-07-15T17:26:20.1360516Z Resolving deltas:  25% (155/619)
2025-07-15T17:26:20.1360920Z Resolving deltas:  26% (161/619)
2025-07-15T17:26:20.1361299Z Resolving deltas:  27% (168/619)
2025-07-15T17:26:20.1361884Z Resolving deltas:  28% (174/619)
2025-07-15T17:26:20.1362268Z Resolving deltas:  29% (180/619)
2025-07-15T17:26:20.1362653Z Resolving deltas:  30% (186/619)
2025-07-15T17:26:20.1363032Z Resolving deltas:  31% (192/619)
2025-07-15T17:26:20.1363394Z Resolving deltas:  32% (199/619)
2025-07-15T17:26:20.1363779Z Resolving deltas:  33% (205/619)
2025-07-15T17:26:20.1364206Z Resolving deltas:  34% (211/619)
2025-07-15T17:26:20.1364601Z Resolving deltas:  35% (217/619)
2025-07-15T17:26:20.1365395Z Resolving deltas:  36% (224/619)
2025-07-15T17:26:20.1365764Z Resolving deltas:  37% (230/619)
2025-07-15T17:26:20.1366143Z Resolving deltas:  38% (236/619)
2025-07-15T17:26:20.1366507Z Resolving deltas:  39% (242/619)
2025-07-15T17:26:20.1366862Z Resolving deltas:  40% (248/619)
2025-07-15T17:26:20.1367272Z Resolving deltas:  41% (254/619)
2025-07-15T17:26:20.1367682Z Resolving deltas:  42% (260/619)
2025-07-15T17:26:20.1374079Z Resolving deltas:  43% (267/619)
2025-07-15T17:26:20.1379949Z Resolving deltas:  44% (273/619)
2025-07-15T17:26:20.1383285Z Resolving deltas:  45% (279/619)
2025-07-15T17:26:20.1397983Z Resolving deltas:  46% (285/619)
2025-07-15T17:26:20.1400720Z Resolving deltas:  47% (291/619)
2025-07-15T17:26:20.1406136Z Resolving deltas:  48% (298/619)
2025-07-15T17:26:20.1410660Z Resolving deltas:  49% (304/619)
2025-07-15T17:26:20.1415958Z Resolving deltas:  50% (310/619)
2025-07-15T17:26:20.1422023Z Resolving deltas:  51% (316/619)
2025-07-15T17:26:20.1428996Z Resolving deltas:  52% (322/619)
2025-07-15T17:26:20.1433527Z Resolving deltas:  53% (329/619)
2025-07-15T17:26:20.1436463Z Resolving deltas:  54% (335/619)
2025-07-15T17:26:20.1446290Z Resolving deltas:  55% (341/619)
2025-07-15T17:26:20.1451189Z Resolving deltas:  56% (347/619)
2025-07-15T17:26:20.1457434Z Resolving deltas:  57% (353/619)
2025-07-15T17:26:20.1462018Z Resolving deltas:  58% (360/619)
2025-07-15T17:26:20.1469668Z Resolving deltas:  59% (366/619)
2025-07-15T17:26:20.1475457Z Resolving deltas:  60% (372/619)
2025-07-15T17:26:20.1479235Z Resolving deltas:  61% (378/619)
2025-07-15T17:26:20.1487144Z Resolving deltas:  62% (384/619)
2025-07-15T17:26:20.1496756Z Resolving deltas:  63% (390/619)
2025-07-15T17:26:20.1503543Z Resolving deltas:  64% (397/619)
2025-07-15T17:26:20.1506155Z Resolving deltas:  65% (403/619)
2025-07-15T17:26:20.1509249Z Resolving deltas:  66% (409/619)
2025-07-15T17:26:20.1513697Z Resolving deltas:  67% (415/619)
2025-07-15T17:26:20.1519750Z Resolving deltas:  68% (421/619)
2025-07-15T17:26:20.1524116Z Resolving deltas:  69% (428/619)
2025-07-15T17:26:20.1529729Z Resolving deltas:  70% (434/619)
2025-07-15T17:26:20.1532776Z Resolving deltas:  71% (440/619)
2025-07-15T17:26:20.1536859Z Resolving deltas:  72% (446/619)
2025-07-15T17:26:20.1546520Z Resolving deltas:  73% (452/619)
2025-07-15T17:26:20.1555189Z Resolving deltas:  74% (459/619)
2025-07-15T17:26:20.1560282Z Resolving deltas:  75% (465/619)
2025-07-15T17:26:20.1563287Z Resolving deltas:  76% (472/619)
2025-07-15T17:26:20.1568135Z Resolving deltas:  77% (477/619)
2025-07-15T17:26:20.1576355Z Resolving deltas:  78% (483/619)
2025-07-15T17:26:20.1579027Z Resolving deltas:  79% (490/619)
2025-07-15T17:26:20.1583263Z Resolving deltas:  80% (496/619)
2025-07-15T17:26:20.1584944Z Resolving deltas:  81% (502/619)
2025-07-15T17:26:20.1589947Z Resolving deltas:  82% (508/619)
2025-07-15T17:26:20.1602178Z Resolving deltas:  83% (514/619)
2025-07-15T17:26:20.1620139Z Resolving deltas:  84% (520/619)
2025-07-15T17:26:20.1633986Z Resolving deltas:  85% (527/619)
2025-07-15T17:26:20.1638038Z Resolving deltas:  86% (533/619)
2025-07-15T17:26:20.1646949Z Resolving deltas:  87% (539/619)
2025-07-15T17:26:20.1654481Z Resolving deltas:  88% (545/619)
2025-07-15T17:26:20.1665776Z Resolving deltas:  89% (551/619)
2025-07-15T17:26:20.1670567Z Resolving deltas:  90% (558/619)
2025-07-15T17:26:20.1674073Z Resolving deltas:  91% (564/619)
2025-07-15T17:26:20.1675101Z Resolving deltas:  92% (570/619)
2025-07-15T17:26:20.1677281Z Resolving deltas:  93% (576/619)
2025-07-15T17:26:20.1680137Z Resolving deltas:  94% (582/619)
2025-07-15T17:26:20.1681019Z Resolving deltas:  95% (589/619)
2025-07-15T17:26:20.1685914Z Resolving deltas:  96% (595/619)
2025-07-15T17:26:20.1687195Z Resolving deltas:  97% (601/619)
2025-07-15T17:26:20.1687665Z Resolving deltas:  98% (607/619)
2025-07-15T17:26:20.1688056Z Resolving deltas:  99% (613/619)
2025-07-15T17:26:20.1688415Z Resolving deltas: 100% (619/619)
2025-07-15T17:26:20.1688792Z Resolving deltas: 100% (619/619), done.
2025-07-15T17:26:20.1857207Z From https://github.com/***/testing-CI-CD
2025-07-15T17:26:20.1857912Z  * [new ref]         9ad96249ffe9bdafa74e4ec96d786320c368fc44 -> origin/main
2025-07-15T17:26:20.1885172Z ##[endgroup]
2025-07-15T17:26:20.1885797Z ##[group]Determining the checkout info
2025-07-15T17:26:20.1888141Z ##[endgroup]
2025-07-15T17:26:20.1888766Z ##[group]Checking out the ref
2025-07-15T17:26:20.1893234Z [command]/usr/bin/git checkout --progress --force -B main refs/remotes/origin/main
2025-07-15T17:26:20.5394161Z Switched to a new branch 'main'
2025-07-15T17:26:20.5396036Z branch 'main' set up to track 'origin/main'.
2025-07-15T17:26:20.5414925Z ##[endgroup]
2025-07-15T17:26:20.5454234Z [command]/usr/bin/git log -1 --format='%H'
2025-07-15T17:26:20.5477430Z '9ad96249ffe9bdafa74e4ec96d786320c368fc44'
2025-07-15T17:26:20.5695394Z ##[group]Run actions/setup-python@v4
2025-07-15T17:26:20.5695674Z with:
2025-07-15T17:26:20.5695862Z   python-version: 3.10
2025-07-15T17:26:20.5696072Z   check-latest: false
2025-07-15T17:26:20.5696419Z   token: ***
2025-07-15T17:26:20.5696609Z   update-environment: true
2025-07-15T17:26:20.5696834Z   allow-prereleases: false
2025-07-15T17:26:20.5697033Z ##[endgroup]
2025-07-15T17:26:20.7392557Z ##[group]Installed versions
2025-07-15T17:26:20.7476265Z Successfully set up CPython (3.10.18)
2025-07-15T17:26:20.7476932Z ##[endgroup]
2025-07-15T17:26:20.7586831Z ##[group]Run python -m pip install --upgrade pip
2025-07-15T17:26:20.7587251Z [36;1mpython -m pip install --upgrade pip[0m
2025-07-15T17:26:20.7587564Z [36;1mpip install -r requirements.txt[0m
2025-07-15T17:26:20.7626620Z shell: /usr/bin/bash -e {0}
2025-07-15T17:26:20.7626870Z env:
2025-07-15T17:26:20.7627133Z   pythonLocation: /opt/hostedtoolcache/Python/3.10.18/x64
2025-07-15T17:26:20.7627548Z   PKG_CONFIG_PATH: /opt/hostedtoolcache/Python/3.10.18/x64/lib/pkgconfig
2025-07-15T17:26:20.7627947Z   Python_ROOT_DIR: /opt/hostedtoolcache/Python/3.10.18/x64
2025-07-15T17:26:20.7628297Z   Python2_ROOT_DIR: /opt/hostedtoolcache/Python/3.10.18/x64
2025-07-15T17:26:20.7628657Z   Python3_ROOT_DIR: /opt/hostedtoolcache/Python/3.10.18/x64
2025-07-15T17:26:20.7628995Z   LD_LIBRARY_PATH: /opt/hostedtoolcache/Python/3.10.18/x64/lib
2025-07-15T17:26:20.7629280Z ##[endgroup]
2025-07-15T17:26:21.5846643Z Requirement already satisfied: pip in /opt/hostedtoolcache/Python/3.10.18/x64/lib/python3.10/site-packages (25.1.1)
2025-07-15T17:26:22.3478015Z Collecting flask==3.0.2 (from -r requirements.txt (line 1))
2025-07-15T17:26:22.4184864Z   Downloading flask-3.0.2-py3-none-any.whl.metadata (3.6 kB)
2025-07-15T17:26:22.4928378Z Collecting pytest==8.2.1 (from -r requirements.txt (line 2))
2025-07-15T17:26:22.5110104Z   Downloading pytest-8.2.1-py3-none-any.whl.metadata (7.6 kB)
2025-07-15T17:26:22.5409275Z Collecting blinker==1.9.0 (from -r requirements.txt (line 3))
2025-07-15T17:26:22.5567144Z   Downloading blinker-1.9.0-py3-none-any.whl.metadata (1.6 kB)
2025-07-15T17:26:22.5929250Z Collecting certifi==2025.1.31 (from -r requirements.txt (line 4))
2025-07-15T17:26:22.6090269Z   Downloading certifi-2025.1.31-py3-none-any.whl.metadata (2.5 kB)
2025-07-15T17:26:22.7251764Z Collecting charset-normalizer==3.4.1 (from -r requirements.txt (line 5))
2025-07-15T17:26:22.7456593Z   Downloading charset_normalizer-3.4.1-cp310-cp310-manylinux_2_17_x86_64.manylinux2014_x86_64.whl.metadata (35 kB)
2025-07-15T17:26:22.7886448Z Collecting click==8.1.8 (from -r requirements.txt (line 6))
2025-07-15T17:26:22.8047370Z   Downloading click-8.1.8-py3-none-any.whl.metadata (2.3 kB)
2025-07-15T17:26:22.8326778Z Collecting dnspython==2.7.0 (from -r requirements.txt (line 7))
2025-07-15T17:26:22.8487167Z   Downloading dnspython-2.7.0-py3-none-any.whl.metadata (5.8 kB)
2025-07-15T17:26:22.8599403Z ERROR: Cannot install Flask==3.1.0 and flask==3.0.2 because these package versions have conflicting dependencies.
2025-07-15T17:26:22.8604215Z 
2025-07-15T17:26:22.8604588Z The conflict is caused by:
2025-07-15T17:26:22.8604899Z     The user requested flask==3.0.2
2025-07-15T17:26:22.8605160Z     The user requested Flask==3.1.0
2025-07-15T17:26:22.8605582Z 
2025-07-15T17:26:22.8605672Z To fix this you could try to:
2025-07-15T17:26:22.8605966Z 1. loosen the range of package versions you've specified
2025-07-15T17:26:22.8606410Z 2. remove package versions to allow pip to attempt to solve the dependency conflict
2025-07-15T17:26:22.8606731Z 
2025-07-15T17:26:22.8613694Z ERROR: ResolutionImpossible: for help visit https://pip.pypa.io/en/latest/topics/dependency-resolution/#dealing-with-dependency-conflicts
2025-07-15T17:26:22.9101183Z ##[error]Process completed with exit code 1.
2025-07-15T17:26:22.9198288Z Post job cleanup.
2025-07-15T17:26:22.9909284Z [command]/usr/bin/git version
2025-07-15T17:26:22.9943961Z git version 2.50.1
2025-07-15T17:26:22.9987786Z Temporarily overriding HOME='/home/runner/work/_temp/ec623ac2-3b00-4aa5-8d6b-9a0d96bf7cd6' before making global git config changes
2025-07-15T17:26:22.9989054Z Adding repository directory to the temporary git global config as a safe directory
2025-07-15T17:26:22.9992779Z [command]/usr/bin/git config --global --add safe.directory /home/runner/work/testing-CI-CD/testing-CI-CD
2025-07-15T17:26:23.0024560Z [command]/usr/bin/git config --local --name-only --get-regexp core\.sshCommand
2025-07-15T17:26:23.0055448Z [command]/usr/bin/git submodule foreach --recursive sh -c "git config --local --name-only --get-regexp 'core\.sshCommand' && git config --local --unset-all 'core.sshCommand' || :"
2025-07-15T17:26:23.0287617Z [command]/usr/bin/git config --local --name-only --get-regexp http\.https\:\/\/github\.com\/\.extraheader
2025-07-15T17:26:23.0307768Z http.https://github.com/.extraheader
2025-07-15T17:26:23.0319275Z [command]/usr/bin/git config --local --unset-all http.https://github.com/.extraheader
2025-07-15T17:26:23.0348384Z [command]/usr/bin/git submodule foreach --recursive sh -c "git config --local --name-only --get-regexp 'http\.https\:\/\/github\.com\/\.extraheader' && git config --local --unset-all 'http.https://github.com/.extraheader' || :"
2025-07-15T17:26:23.0682359Z Cleaning up orphan processes
