2025-07-25T13:32:16.8461959Z Current runner version: '2.326.0'
2025-07-25T13:32:16.8486678Z ##[group]Runner Image Provisioner
2025-07-25T13:32:16.8487598Z Hosted Compute Agent
2025-07-25T13:32:16.8488146Z Version: 20250711.363
2025-07-25T13:32:16.8488751Z Commit: 6785254374ce925a23743850c1cb91912ce5c14c
2025-07-25T13:32:16.8489479Z Build Date: 2025-07-11T20:04:25Z
2025-07-25T13:32:16.8490060Z ##[endgroup]
2025-07-25T13:32:16.8490610Z ##[group]Operating System
2025-07-25T13:32:16.8491194Z Ubuntu
2025-07-25T13:32:16.8491635Z 24.04.2
2025-07-25T13:32:16.8492084Z LTS
2025-07-25T13:32:16.8492573Z ##[endgroup]
2025-07-25T13:32:16.8493081Z ##[group]Runner Image
2025-07-25T13:32:16.8493623Z Image: ubuntu-24.04
2025-07-25T13:32:16.8494163Z Version: 20250720.1.0
2025-07-25T13:32:16.8495143Z Included Software: https://github.com/actions/runner-images/blob/ubuntu24/20250720.1/images/ubuntu/Ubuntu2404-Readme.md
2025-07-25T13:32:16.8496988Z Image Release: https://github.com/actions/runner-images/releases/tag/ubuntu24%2F20250720.1
2025-07-25T13:32:16.8498102Z ##[endgroup]
2025-07-25T13:32:16.8499151Z ##[group]GITHUB_TOKEN Permissions
2025-07-25T13:32:16.8501261Z Contents: read
2025-07-25T13:32:16.8501820Z Metadata: read
2025-07-25T13:32:16.8502408Z Packages: read
2025-07-25T13:32:16.8502900Z ##[endgroup]
2025-07-25T13:32:16.8505164Z Secret source: Actions
2025-07-25T13:32:16.8506428Z Prepare workflow directory
2025-07-25T13:32:16.8833720Z Prepare all required actions
2025-07-25T13:32:16.8876457Z Getting action download info
2025-07-25T13:32:17.3603933Z ##[group]Download immutable action package 'actions/checkout@v3'
2025-07-25T13:32:17.3604946Z Version: 3.6.0
2025-07-25T13:32:17.3605927Z Digest: sha256:942562b9c7d4b1f2557f1da21f4d3eb4eb4fd01f2ad78b2a6e187d1b193e0a0f
2025-07-25T13:32:17.3607444Z Source commit SHA: f43a0e5ff2bd294095638e18286ca9a3d1956744
2025-07-25T13:32:17.3608146Z ##[endgroup]
2025-07-25T13:32:17.4690465Z ##[group]Download immutable action package 'actions/setup-python@v4'
2025-07-25T13:32:17.4691348Z Version: 4.9.1
2025-07-25T13:32:17.4692168Z Digest: sha256:f03e505388af670b5a108629e0ba26befc08d5c62b41f46146a45fe29ae509a5
2025-07-25T13:32:17.4693079Z Source commit SHA: 7f4fc3e22c37d6ff65e88745f38bd3157c663f7c
2025-07-25T13:32:17.4693833Z ##[endgroup]
2025-07-25T13:32:17.7697700Z ##[group]Download immutable action package 'docker/login-action@v3'
2025-07-25T13:32:17.7698470Z Version: 3.4.0
2025-07-25T13:32:17.7699186Z Digest: sha256:864ebd28db095e1602e6ef999f46a4f575083ea874918fbccf0994c2a7680450
2025-07-25T13:32:17.7700268Z Source commit SHA: 74a5d142397b4f367a81961eba4e8cd7edddf772
2025-07-25T13:32:17.7700922Z ##[endgroup]
2025-07-25T13:32:18.2138118Z Complete job name: build-test-deploy
2025-07-25T13:32:18.2815159Z ##[group]Run actions/checkout@v3
2025-07-25T13:32:18.2816036Z with:
2025-07-25T13:32:18.2816737Z   repository: ***/testing-CI-CD
2025-07-25T13:32:18.2817356Z   token: ***
2025-07-25T13:32:18.2817744Z   ssh-strict: true
2025-07-25T13:32:18.2818162Z   persist-credentials: true
2025-07-25T13:32:18.2818618Z   clean: true
2025-07-25T13:32:18.2819056Z   sparse-checkout-cone-mode: true
2025-07-25T13:32:18.2819552Z   fetch-depth: 1
2025-07-25T13:32:18.2819954Z   fetch-tags: false
2025-07-25T13:32:18.2820350Z   lfs: false
2025-07-25T13:32:18.2820722Z   submodules: false
2025-07-25T13:32:18.2821137Z   set-safe-directory: true
2025-07-25T13:32:18.2821861Z ##[endgroup]
2025-07-25T13:32:18.3653265Z Syncing repository: ***/testing-CI-CD
2025-07-25T13:32:18.3655011Z ##[group]Getting Git version info
2025-07-25T13:32:18.3655801Z Working directory is '/home/runner/work/testing-CI-CD/testing-CI-CD'
2025-07-25T13:32:18.3657200Z [command]/usr/bin/git version
2025-07-25T13:32:18.3704505Z git version 2.50.1
2025-07-25T13:32:18.3730538Z ##[endgroup]
2025-07-25T13:32:18.3743715Z Temporarily overriding HOME='/home/runner/work/_temp/36e6d0ed-a142-42e3-8339-96cda085ecad' before making global git config changes
2025-07-25T13:32:18.3746928Z Adding repository directory to the temporary git global config as a safe directory
2025-07-25T13:32:18.3748185Z [command]/usr/bin/git config --global --add safe.directory /home/runner/work/testing-CI-CD/testing-CI-CD
2025-07-25T13:32:18.3778697Z Deleting the contents of '/home/runner/work/testing-CI-CD/testing-CI-CD'
2025-07-25T13:32:18.3781796Z ##[group]Initializing the repository
2025-07-25T13:32:18.3784433Z [command]/usr/bin/git init /home/runner/work/testing-CI-CD/testing-CI-CD
2025-07-25T13:32:18.3855636Z hint: Using 'master' as the name for the initial branch. This default branch name
2025-07-25T13:32:18.3857451Z hint: is subject to change. To configure the initial branch name to use in all
2025-07-25T13:32:18.3858818Z hint: of your new repositories, which will suppress this warning, call:
2025-07-25T13:32:18.3859653Z hint:
2025-07-25T13:32:18.3860491Z hint: 	git config --global init.defaultBranch <name>
2025-07-25T13:32:18.3861481Z hint:
2025-07-25T13:32:18.3862569Z hint: Names commonly chosen instead of 'master' are 'main', 'trunk' and
2025-07-25T13:32:18.3863803Z hint: 'development'. The just-created branch can be renamed via this command:
2025-07-25T13:32:18.3864537Z hint:
2025-07-25T13:32:18.3865002Z hint: 	git branch -m <name>
2025-07-25T13:32:18.3865747Z hint:
2025-07-25T13:32:18.3866693Z hint: Disable this message with "git config set advice.defaultBranchName false"
2025-07-25T13:32:18.3867812Z Initialized empty Git repository in /home/runner/work/testing-CI-CD/testing-CI-CD/.git/
2025-07-25T13:32:18.3870348Z [command]/usr/bin/git remote add origin https://github.com/***/testing-CI-CD
2025-07-25T13:32:18.3898756Z ##[endgroup]
2025-07-25T13:32:18.3899934Z ##[group]Disabling automatic garbage collection
2025-07-25T13:32:18.3901055Z [command]/usr/bin/git config --local gc.auto 0
2025-07-25T13:32:18.3925937Z ##[endgroup]
2025-07-25T13:32:18.3926808Z ##[group]Setting up auth
2025-07-25T13:32:18.3930966Z [command]/usr/bin/git config --local --name-only --get-regexp core\.sshCommand
2025-07-25T13:32:18.3956084Z [command]/usr/bin/git submodule foreach --recursive sh -c "git config --local --name-only --get-regexp 'core\.sshCommand' && git config --local --unset-all 'core.sshCommand' || :"
2025-07-25T13:32:18.4231124Z [command]/usr/bin/git config --local --name-only --get-regexp http\.https\:\/\/github\.com\/\.extraheader
2025-07-25T13:32:18.4255843Z [command]/usr/bin/git submodule foreach --recursive sh -c "git config --local --name-only --get-regexp 'http\.https\:\/\/github\.com\/\.extraheader' && git config --local --unset-all 'http.https://github.com/.extraheader' || :"
2025-07-25T13:32:18.4469089Z [command]/usr/bin/git config --local http.https://github.com/.extraheader AUTHORIZATION: basic ***
2025-07-25T13:32:18.4500785Z ##[endgroup]
2025-07-25T13:32:18.4502456Z ##[group]Fetching the repository
2025-07-25T13:32:18.4510595Z [command]/usr/bin/git -c protocol.version=2 fetch --no-tags --prune --progress --no-recurse-submodules --depth=1 origin +ebc161a50191be1eb54e8c9d8d17496e32c014c6:refs/remotes/origin/main
2025-07-25T13:32:18.8345127Z remote: Enumerating objects: 7337, done.        
2025-07-25T13:32:18.8345919Z remote: Counting objects:   0% (1/7337)        
2025-07-25T13:32:18.8346921Z remote: Counting objects:   1% (74/7337)        
2025-07-25T13:32:18.8347552Z remote: Counting objects:   2% (147/7337)        
2025-07-25T13:32:18.8348274Z remote: Counting objects:   3% (221/7337)        
2025-07-25T13:32:18.8349460Z remote: Counting objects:   4% (294/7337)        
2025-07-25T13:32:18.8350679Z remote: Counting objects:   5% (367/7337)        
2025-07-25T13:32:18.8351351Z remote: Counting objects:   6% (441/7337)        
2025-07-25T13:32:18.8351953Z remote: Counting objects:   7% (514/7337)        
2025-07-25T13:32:18.8352580Z remote: Counting objects:   8% (587/7337)        
2025-07-25T13:32:18.8353189Z remote: Counting objects:   9% (661/7337)        
2025-07-25T13:32:18.8353934Z remote: Counting objects:  10% (734/7337)        
2025-07-25T13:32:18.8355087Z remote: Counting objects:  11% (808/7337)        
2025-07-25T13:32:18.8356126Z remote: Counting objects:  12% (881/7337)        
2025-07-25T13:32:18.8357049Z remote: Counting objects:  13% (954/7337)        
2025-07-25T13:32:18.8357943Z remote: Counting objects:  14% (1028/7337)        
2025-07-25T13:32:18.8358570Z remote: Counting objects:  15% (1101/7337)        
2025-07-25T13:32:18.8359236Z remote: Counting objects:  16% (1174/7337)        
2025-07-25T13:32:18.8359845Z remote: Counting objects:  17% (1248/7337)        
2025-07-25T13:32:18.8360459Z remote: Counting objects:  18% (1321/7337)        
2025-07-25T13:32:18.8361049Z remote: Counting objects:  19% (1395/7337)        
2025-07-25T13:32:18.8361630Z remote: Counting objects:  20% (1468/7337)        
2025-07-25T13:32:18.8362230Z remote: Counting objects:  21% (1541/7337)        
2025-07-25T13:32:18.8362827Z remote: Counting objects:  22% (1615/7337)        
2025-07-25T13:32:18.8363412Z remote: Counting objects:  23% (1688/7337)        
2025-07-25T13:32:18.8364026Z remote: Counting objects:  24% (1761/7337)        
2025-07-25T13:32:18.8364629Z remote: Counting objects:  25% (1835/7337)        
2025-07-25T13:32:18.8365246Z remote: Counting objects:  26% (1908/7337)        
2025-07-25T13:32:18.8365839Z remote: Counting objects:  27% (1981/7337)        
2025-07-25T13:32:18.8366684Z remote: Counting objects:  28% (2055/7337)        
2025-07-25T13:32:18.8367302Z remote: Counting objects:  29% (2128/7337)        
2025-07-25T13:32:18.8367890Z remote: Counting objects:  30% (2202/7337)        
2025-07-25T13:32:18.8368493Z remote: Counting objects:  31% (2275/7337)        
2025-07-25T13:32:18.8369080Z remote: Counting objects:  32% (2348/7337)        
2025-07-25T13:32:18.8369668Z remote: Counting objects:  33% (2422/7337)        
2025-07-25T13:32:18.8370259Z remote: Counting objects:  34% (2495/7337)        
2025-07-25T13:32:18.8370884Z remote: Counting objects:  35% (2568/7337)        
2025-07-25T13:32:18.8371472Z remote: Counting objects:  36% (2642/7337)        
2025-07-25T13:32:18.8372059Z remote: Counting objects:  37% (2715/7337)        
2025-07-25T13:32:18.8372647Z remote: Counting objects:  38% (2789/7337)        
2025-07-25T13:32:18.8373243Z remote: Counting objects:  39% (2862/7337)        
2025-07-25T13:32:18.8373839Z remote: Counting objects:  40% (2935/7337)        
2025-07-25T13:32:18.8374450Z remote: Counting objects:  41% (3009/7337)        
2025-07-25T13:32:18.8375050Z remote: Counting objects:  42% (3082/7337)        
2025-07-25T13:32:18.8375639Z remote: Counting objects:  43% (3155/7337)        
2025-07-25T13:32:18.8376472Z remote: Counting objects:  44% (3229/7337)        
2025-07-25T13:32:18.8377120Z remote: Counting objects:  45% (3302/7337)        
2025-07-25T13:32:18.8377709Z remote: Counting objects:  46% (3376/7337)        
2025-07-25T13:32:18.8378464Z remote: Counting objects:  47% (3449/7337)        
2025-07-25T13:32:18.8379068Z remote: Counting objects:  48% (3522/7337)        
2025-07-25T13:32:18.8379669Z remote: Counting objects:  49% (3596/7337)        
2025-07-25T13:32:18.8380304Z remote: Counting objects:  50% (3669/7337)        
2025-07-25T13:32:18.8380911Z remote: Counting objects:  51% (3742/7337)        
2025-07-25T13:32:18.8381507Z remote: Counting objects:  52% (3816/7337)        
2025-07-25T13:32:18.8382107Z remote: Counting objects:  53% (3889/7337)        
2025-07-25T13:32:18.8382693Z remote: Counting objects:  54% (3962/7337)        
2025-07-25T13:32:18.8383281Z remote: Counting objects:  55% (4036/7337)        
2025-07-25T13:32:18.8383869Z remote: Counting objects:  56% (4109/7337)        
2025-07-25T13:32:18.8384452Z remote: Counting objects:  57% (4183/7337)        
2025-07-25T13:32:18.8385039Z remote: Counting objects:  58% (4256/7337)        
2025-07-25T13:32:18.8385619Z remote: Counting objects:  59% (4329/7337)        
2025-07-25T13:32:18.8386339Z remote: Counting objects:  60% (4403/7337)        
2025-07-25T13:32:18.8386945Z remote: Counting objects:  61% (4476/7337)        
2025-07-25T13:32:18.8387537Z remote: Counting objects:  62% (4549/7337)        
2025-07-25T13:32:18.8388125Z remote: Counting objects:  63% (4623/7337)        
2025-07-25T13:32:18.8388725Z remote: Counting objects:  64% (4696/7337)        
2025-07-25T13:32:18.8389515Z remote: Counting objects:  65% (4770/7337)        
2025-07-25T13:32:18.8390107Z remote: Counting objects:  66% (4843/7337)        
2025-07-25T13:32:18.8390688Z remote: Counting objects:  67% (4916/7337)        
2025-07-25T13:32:18.8391276Z remote: Counting objects:  68% (4990/7337)        
2025-07-25T13:32:18.8391864Z remote: Counting objects:  69% (5063/7337)        
2025-07-25T13:32:18.8392450Z remote: Counting objects:  70% (5136/7337)        
2025-07-25T13:32:18.8393041Z remote: Counting objects:  71% (5210/7337)        
2025-07-25T13:32:18.8393631Z remote: Counting objects:  72% (5283/7337)        
2025-07-25T13:32:18.8394219Z remote: Counting objects:  73% (5357/7337)        
2025-07-25T13:32:18.8394814Z remote: Counting objects:  74% (5430/7337)        
2025-07-25T13:32:18.8395411Z remote: Counting objects:  75% (5503/7337)        
2025-07-25T13:32:18.8395994Z remote: Counting objects:  76% (5577/7337)        
2025-07-25T13:32:18.8396735Z remote: Counting objects:  77% (5650/7337)        
2025-07-25T13:32:18.8397332Z remote: Counting objects:  78% (5723/7337)        
2025-07-25T13:32:18.8397919Z remote: Counting objects:  79% (5797/7337)        
2025-07-25T13:32:18.8398514Z remote: Counting objects:  80% (5870/7337)        
2025-07-25T13:32:18.8399100Z remote: Counting objects:  81% (5943/7337)        
2025-07-25T13:32:18.8399682Z remote: Counting objects:  82% (6017/7337)        
2025-07-25T13:32:18.8400269Z remote: Counting objects:  83% (6090/7337)        
2025-07-25T13:32:18.8400852Z remote: Counting objects:  84% (6164/7337)        
2025-07-25T13:32:18.8401457Z remote: Counting objects:  85% (6237/7337)        
2025-07-25T13:32:18.8402048Z remote: Counting objects:  86% (6310/7337)        
2025-07-25T13:32:18.8402642Z remote: Counting objects:  87% (6384/7337)        
2025-07-25T13:32:18.8403239Z remote: Counting objects:  88% (6457/7337)        
2025-07-25T13:32:18.8403828Z remote: Counting objects:  89% (6530/7337)        
2025-07-25T13:32:18.8404431Z remote: Counting objects:  90% (6604/7337)        
2025-07-25T13:32:18.8405028Z remote: Counting objects:  91% (6677/7337)        
2025-07-25T13:32:18.8405617Z remote: Counting objects:  92% (6751/7337)        
2025-07-25T13:32:18.8406376Z remote: Counting objects:  93% (6824/7337)        
2025-07-25T13:32:18.8407026Z remote: Counting objects:  94% (6897/7337)        
2025-07-25T13:32:18.8407617Z remote: Counting objects:  95% (6971/7337)        
2025-07-25T13:32:18.8408201Z remote: Counting objects:  96% (7044/7337)        
2025-07-25T13:32:18.8408792Z remote: Counting objects:  97% (7117/7337)        
2025-07-25T13:32:18.8481870Z remote: Counting objects:  98% (7191/7337)        
2025-07-25T13:32:18.8483350Z remote: Counting objects:  99% (7264/7337)        
2025-07-25T13:32:18.8484139Z remote: Counting objects: 100% (7337/7337)        
2025-07-25T13:32:18.8484959Z remote: Counting objects: 100% (7337/7337), done.        
2025-07-25T13:32:18.8485757Z remote: Compressing objects:   0% (1/6217)        
2025-07-25T13:32:18.8486885Z remote: Compressing objects:   1% (63/6217)        
2025-07-25T13:32:18.8487676Z remote: Compressing objects:   2% (125/6217)        
2025-07-25T13:32:18.8488462Z remote: Compressing objects:   3% (187/6217)        
2025-07-25T13:32:18.8489223Z remote: Compressing objects:   4% (249/6217)        
2025-07-25T13:32:18.8489894Z remote: Compressing objects:   5% (311/6217)        
2025-07-25T13:32:18.8490521Z remote: Compressing objects:   6% (374/6217)        
2025-07-25T13:32:18.8491131Z remote: Compressing objects:   7% (436/6217)        
2025-07-25T13:32:18.8491757Z remote: Compressing objects:   8% (498/6217)        
2025-07-25T13:32:18.8492385Z remote: Compressing objects:   9% (560/6217)        
2025-07-25T13:32:18.8492998Z remote: Compressing objects:  10% (622/6217)        
2025-07-25T13:32:18.8493614Z remote: Compressing objects:  11% (684/6217)        
2025-07-25T13:32:18.8494228Z remote: Compressing objects:  12% (747/6217)        
2025-07-25T13:32:18.8494840Z remote: Compressing objects:  13% (809/6217)        
2025-07-25T13:32:18.8495636Z remote: Compressing objects:  14% (871/6217)        
2025-07-25T13:32:18.8496377Z remote: Compressing objects:  15% (933/6217)        
2025-07-25T13:32:18.8497002Z remote: Compressing objects:  16% (995/6217)        
2025-07-25T13:32:18.8497626Z remote: Compressing objects:  17% (1057/6217)        
2025-07-25T13:32:18.8498252Z remote: Compressing objects:  18% (1120/6217)        
2025-07-25T13:32:18.8498888Z remote: Compressing objects:  19% (1182/6217)        
2025-07-25T13:32:18.8499532Z remote: Compressing objects:  20% (1244/6217)        
2025-07-25T13:32:18.8983630Z remote: Compressing objects:  21% (1306/6217)        
2025-07-25T13:32:18.8985212Z remote: Compressing objects:  22% (1368/6217)        
2025-07-25T13:32:18.8986163Z remote: Compressing objects:  23% (1430/6217)        
2025-07-25T13:32:18.8987396Z remote: Compressing objects:  24% (1493/6217)        
2025-07-25T13:32:18.8988321Z remote: Compressing objects:  25% (1555/6217)        
2025-07-25T13:32:18.8989250Z remote: Compressing objects:  26% (1617/6217)        
2025-07-25T13:32:18.8990167Z remote: Compressing objects:  27% (1679/6217)        
2025-07-25T13:32:18.8991025Z remote: Compressing objects:  28% (1741/6217)        
2025-07-25T13:32:18.8991758Z remote: Compressing objects:  29% (1803/6217)        
2025-07-25T13:32:18.8992487Z remote: Compressing objects:  30% (1866/6217)        
2025-07-25T13:32:18.8993217Z remote: Compressing objects:  31% (1928/6217)        
2025-07-25T13:32:18.8993949Z remote: Compressing objects:  32% (1990/6217)        
2025-07-25T13:32:18.8994682Z remote: Compressing objects:  33% (2052/6217)        
2025-07-25T13:32:18.8995424Z remote: Compressing objects:  34% (2114/6217)        
2025-07-25T13:32:18.8996162Z remote: Compressing objects:  35% (2176/6217)        
2025-07-25T13:32:18.8997024Z remote: Compressing objects:  36% (2239/6217)        
2025-07-25T13:32:18.8997762Z remote: Compressing objects:  37% (2301/6217)        
2025-07-25T13:32:18.8998503Z remote: Compressing objects:  38% (2363/6217)        
2025-07-25T13:32:18.8999433Z remote: Compressing objects:  39% (2425/6217)        
2025-07-25T13:32:18.9000313Z remote: Compressing objects:  40% (2487/6217)        
2025-07-25T13:32:18.9126945Z remote: Compressing objects:  41% (2549/6217)        
2025-07-25T13:32:19.6190103Z remote: Compressing objects:  42% (2612/6217)        
2025-07-25T13:32:19.6191526Z remote: Compressing objects:  43% (2674/6217)        
2025-07-25T13:32:20.0669885Z remote: Compressing objects:  44% (2736/6217)        
2025-07-25T13:32:20.0671850Z remote: Compressing objects:  45% (2798/6217)        
2025-07-25T13:32:20.0673425Z remote: Compressing objects:  45% (2828/6217)        
2025-07-25T13:32:20.0674504Z remote: Compressing objects:  46% (2860/6217)        
2025-07-25T13:32:20.4511038Z remote: Compressing objects:  47% (2922/6217)        
2025-07-25T13:32:20.4512202Z remote: Compressing objects:  48% (2985/6217)        
2025-07-25T13:32:20.4513277Z remote: Compressing objects:  49% (3047/6217)        
2025-07-25T13:32:20.4514357Z remote: Compressing objects:  50% (3109/6217)        
2025-07-25T13:32:20.5138320Z remote: Compressing objects:  51% (3171/6217)        
2025-07-25T13:32:20.5766071Z remote: Compressing objects:  52% (3233/6217)        
2025-07-25T13:32:20.6394762Z remote: Compressing objects:  53% (3296/6217)        
2025-07-25T13:32:20.6395724Z remote: Compressing objects:  54% (3358/6217)        
2025-07-25T13:32:20.7022907Z remote: Compressing objects:  55% (3420/6217)        
2025-07-25T13:32:20.7023648Z remote: Compressing objects:  56% (3482/6217)        
2025-07-25T13:32:20.7652219Z remote: Compressing objects:  57% (3544/6217)        
2025-07-25T13:32:20.8282927Z remote: Compressing objects:  58% (3606/6217)        
2025-07-25T13:32:20.8283746Z remote: Compressing objects:  59% (3669/6217)        
2025-07-25T13:32:20.8284476Z remote: Compressing objects:  60% (3731/6217)        
2025-07-25T13:32:20.8912792Z remote: Compressing objects:  61% (3793/6217)        
2025-07-25T13:32:20.8913962Z remote: Compressing objects:  61% (3854/6217)        
2025-07-25T13:32:20.8914473Z remote: Compressing objects:  62% (3855/6217)        
2025-07-25T13:32:20.8914938Z remote: Compressing objects:  63% (3917/6217)        
2025-07-25T13:32:20.8915383Z remote: Compressing objects:  64% (3979/6217)        
2025-07-25T13:32:20.9549514Z remote: Compressing objects:  65% (4042/6217)        
2025-07-25T13:32:20.9550358Z remote: Compressing objects:  66% (4104/6217)        
2025-07-25T13:32:20.9551067Z remote: Compressing objects:  67% (4166/6217)        
2025-07-25T13:32:20.9551744Z remote: Compressing objects:  68% (4228/6217)        
2025-07-25T13:32:20.9552555Z remote: Compressing objects:  69% (4290/6217)        
2025-07-25T13:32:21.0171088Z remote: Compressing objects:  70% (4352/6217)        
2025-07-25T13:32:21.0171795Z remote: Compressing objects:  71% (4415/6217)        
2025-07-25T13:32:21.0172665Z remote: Compressing objects:  72% (4477/6217)        
2025-07-25T13:32:21.0173126Z remote: Compressing objects:  73% (4539/6217)        
2025-07-25T13:32:21.0173461Z remote: Compressing objects:  74% (4601/6217)        
2025-07-25T13:32:21.0173815Z remote: Compressing objects:  75% (4663/6217)        
2025-07-25T13:32:21.0174171Z remote: Compressing objects:  76% (4725/6217)        
2025-07-25T13:32:21.0174503Z remote: Compressing objects:  77% (4788/6217)        
2025-07-25T13:32:21.0174841Z remote: Compressing objects:  78% (4850/6217)        
2025-07-25T13:32:21.0175171Z remote: Compressing objects:  79% (4912/6217)        
2025-07-25T13:32:21.0175503Z remote: Compressing objects:  80% (4974/6217)        
2025-07-25T13:32:21.0175896Z remote: Compressing objects:  81% (5036/6217)        
2025-07-25T13:32:21.0176458Z remote: Compressing objects:  82% (5098/6217)        
2025-07-25T13:32:21.0176831Z remote: Compressing objects:  83% (5161/6217)        
2025-07-25T13:32:21.0177184Z remote: Compressing objects:  84% (5223/6217)        
2025-07-25T13:32:21.0177521Z remote: Compressing objects:  85% (5285/6217)        
2025-07-25T13:32:21.0177873Z remote: Compressing objects:  86% (5347/6217)        
2025-07-25T13:32:21.0178211Z remote: Compressing objects:  87% (5409/6217)        
2025-07-25T13:32:21.0178539Z remote: Compressing objects:  88% (5471/6217)        
2025-07-25T13:32:21.0178875Z remote: Compressing objects:  89% (5534/6217)        
2025-07-25T13:32:21.0258397Z remote: Compressing objects:  90% (5596/6217)        
2025-07-25T13:32:21.0259401Z remote: Compressing objects:  91% (5658/6217)        
2025-07-25T13:32:21.0260318Z remote: Compressing objects:  92% (5720/6217)        
2025-07-25T13:32:21.0261344Z remote: Compressing objects:  93% (5782/6217)        
2025-07-25T13:32:21.0261899Z remote: Compressing objects:  94% (5844/6217)        
2025-07-25T13:32:21.0262420Z remote: Compressing objects:  95% (5907/6217)        
2025-07-25T13:32:21.0262835Z remote: Compressing objects:  96% (5969/6217)        
2025-07-25T13:32:21.0263287Z remote: Compressing objects:  97% (6031/6217)        
2025-07-25T13:32:21.0263820Z remote: Compressing objects:  98% (6093/6217)        
2025-07-25T13:32:21.0264438Z remote: Compressing objects:  99% (6155/6217)        
2025-07-25T13:32:21.0264955Z remote: Compressing objects: 100% (6217/6217)        
2025-07-25T13:32:21.0265533Z remote: Compressing objects: 100% (6217/6217), done.        
2025-07-25T13:32:21.0810325Z Receiving objects:   0% (1/7337)
2025-07-25T13:32:21.1085371Z Receiving objects:   1% (74/7337)
2025-07-25T13:32:21.1403535Z Receiving objects:   2% (147/7337)
2025-07-25T13:32:21.1493869Z Receiving objects:   3% (221/7337)
2025-07-25T13:32:21.1591576Z Receiving objects:   4% (294/7337)
2025-07-25T13:32:21.1637674Z Receiving objects:   5% (367/7337)
2025-07-25T13:32:21.1803590Z Receiving objects:   6% (441/7337)
2025-07-25T13:32:21.1948790Z Receiving objects:   7% (514/7337)
2025-07-25T13:32:21.2048832Z Receiving objects:   8% (587/7337)
2025-07-25T13:32:21.2198884Z Receiving objects:   9% (661/7337)
2025-07-25T13:32:21.2264138Z Receiving objects:  10% (734/7337)
2025-07-25T13:32:21.2286417Z Receiving objects:  11% (808/7337)
2025-07-25T13:32:21.2330338Z Receiving objects:  12% (881/7337)
2025-07-25T13:32:21.2385312Z Receiving objects:  13% (954/7337)
2025-07-25T13:32:21.2437875Z Receiving objects:  14% (1028/7337)
2025-07-25T13:32:21.2501551Z Receiving objects:  15% (1101/7337)
2025-07-25T13:32:21.2573889Z Receiving objects:  16% (1174/7337)
2025-07-25T13:32:21.2630077Z Receiving objects:  17% (1248/7337)
2025-07-25T13:32:21.2946634Z Receiving objects:  18% (1321/7337)
2025-07-25T13:32:21.2990563Z Receiving objects:  19% (1395/7337)
2025-07-25T13:32:21.3013630Z Receiving objects:  20% (1468/7337)
2025-07-25T13:32:21.3053491Z Receiving objects:  21% (1541/7337)
2025-07-25T13:32:21.3130525Z Receiving objects:  22% (1615/7337)
2025-07-25T13:32:21.3158795Z Receiving objects:  23% (1688/7337)
2025-07-25T13:32:21.3196847Z Receiving objects:  24% (1761/7337)
2025-07-25T13:32:21.3266117Z Receiving objects:  25% (1835/7337)
2025-07-25T13:32:21.3301507Z Receiving objects:  26% (1908/7337)
2025-07-25T13:32:21.3334213Z Receiving objects:  27% (1981/7337)
2025-07-25T13:32:21.3346693Z Receiving objects:  28% (2055/7337)
2025-07-25T13:32:21.3360237Z Receiving objects:  29% (2128/7337)
2025-07-25T13:32:21.3372752Z Receiving objects:  30% (2202/7337)
2025-07-25T13:32:21.3385571Z Receiving objects:  31% (2275/7337)
2025-07-25T13:32:21.3403689Z Receiving objects:  32% (2348/7337)
2025-07-25T13:32:21.3414101Z Receiving objects:  33% (2422/7337)
2025-07-25T13:32:21.3426111Z Receiving objects:  34% (2495/7337)
2025-07-25T13:32:21.3436760Z Receiving objects:  35% (2568/7337)
2025-07-25T13:32:21.3448964Z Receiving objects:  36% (2642/7337)
2025-07-25T13:32:21.3458489Z Receiving objects:  37% (2715/7337)
2025-07-25T13:32:21.3473197Z Receiving objects:  38% (2789/7337)
2025-07-25T13:32:21.3483897Z Receiving objects:  39% (2862/7337)
2025-07-25T13:32:21.3492808Z Receiving objects:  40% (2935/7337)
2025-07-25T13:32:21.3503486Z Receiving objects:  41% (3009/7337)
2025-07-25T13:32:21.3509782Z Receiving objects:  42% (3082/7337)
2025-07-25T13:32:21.3579970Z Receiving objects:  43% (3155/7337)
2025-07-25T13:32:21.3649010Z Receiving objects:  44% (3229/7337)
2025-07-25T13:32:21.3701733Z Receiving objects:  45% (3302/7337)
2025-07-25T13:32:21.3747928Z Receiving objects:  46% (3376/7337)
2025-07-25T13:32:21.3810676Z Receiving objects:  47% (3449/7337)
2025-07-25T13:32:21.3867696Z Receiving objects:  48% (3522/7337)
2025-07-25T13:32:21.3923146Z Receiving objects:  49% (3596/7337)
2025-07-25T13:32:21.3978779Z Receiving objects:  50% (3669/7337)
2025-07-25T13:32:21.4169804Z Receiving objects:  51% (3742/7337)
2025-07-25T13:32:21.4236169Z Receiving objects:  52% (3816/7337)
2025-07-25T13:32:21.4306836Z Receiving objects:  53% (3889/7337)
2025-07-25T13:32:21.4404245Z Receiving objects:  54% (3962/7337)
2025-07-25T13:32:21.4466715Z Receiving objects:  55% (4036/7337)
2025-07-25T13:32:21.4566858Z Receiving objects:  56% (4109/7337)
2025-07-25T13:32:21.4608774Z Receiving objects:  57% (4183/7337)
2025-07-25T13:32:21.4663858Z Receiving objects:  58% (4256/7337)
2025-07-25T13:32:21.4745406Z Receiving objects:  59% (4329/7337)
2025-07-25T13:32:21.4785508Z Receiving objects:  60% (4403/7337)
2025-07-25T13:32:21.4879712Z Receiving objects:  61% (4476/7337)
2025-07-25T13:32:21.4969723Z Receiving objects:  62% (4549/7337)
2025-07-25T13:32:21.5074439Z Receiving objects:  63% (4623/7337)
2025-07-25T13:32:21.5686028Z Receiving objects:  64% (4696/7337)
2025-07-25T13:32:21.5782553Z Receiving objects:  65% (4770/7337), 13.78 MiB | 27.49 MiB/s
2025-07-25T13:32:21.5873394Z Receiving objects:  66% (4843/7337), 13.78 MiB | 27.49 MiB/s
2025-07-25T13:32:21.5994489Z Receiving objects:  67% (4916/7337), 13.78 MiB | 27.49 MiB/s
2025-07-25T13:32:21.6082097Z Receiving objects:  68% (4990/7337), 13.78 MiB | 27.49 MiB/s
2025-07-25T13:32:21.6166662Z Receiving objects:  69% (5063/7337), 13.78 MiB | 27.49 MiB/s
2025-07-25T13:32:21.6266010Z Receiving objects:  70% (5136/7337), 13.78 MiB | 27.49 MiB/s
2025-07-25T13:32:21.6325312Z Receiving objects:  71% (5210/7337), 13.78 MiB | 27.49 MiB/s
2025-07-25T13:32:21.6360157Z Receiving objects:  72% (5283/7337), 13.78 MiB | 27.49 MiB/s
2025-07-25T13:32:21.6471347Z Receiving objects:  73% (5357/7337), 13.78 MiB | 27.49 MiB/s
2025-07-25T13:32:21.6579204Z Receiving objects:  74% (5430/7337), 13.78 MiB | 27.49 MiB/s
2025-07-25T13:32:21.6698817Z Receiving objects:  75% (5503/7337), 13.78 MiB | 27.49 MiB/s
2025-07-25T13:32:21.6739090Z Receiving objects:  76% (5577/7337), 13.78 MiB | 27.49 MiB/s
2025-07-25T13:32:21.6768496Z Receiving objects:  77% (5650/7337), 13.78 MiB | 27.49 MiB/s
2025-07-25T13:32:21.6780587Z Receiving objects:  78% (5723/7337), 13.78 MiB | 27.49 MiB/s
2025-07-25T13:32:21.6791554Z Receiving objects:  79% (5797/7337), 13.78 MiB | 27.49 MiB/s
2025-07-25T13:32:21.6807159Z Receiving objects:  80% (5870/7337), 13.78 MiB | 27.49 MiB/s
2025-07-25T13:32:21.6820167Z Receiving objects:  81% (5943/7337), 13.78 MiB | 27.49 MiB/s
2025-07-25T13:32:21.6848885Z Receiving objects:  82% (6017/7337), 13.78 MiB | 27.49 MiB/s
2025-07-25T13:32:21.6867173Z Receiving objects:  83% (6090/7337), 13.78 MiB | 27.49 MiB/s
2025-07-25T13:32:21.6908524Z Receiving objects:  84% (6164/7337), 13.78 MiB | 27.49 MiB/s
2025-07-25T13:32:21.6966714Z Receiving objects:  85% (6237/7337), 13.78 MiB | 27.49 MiB/s
2025-07-25T13:32:21.7021496Z Receiving objects:  86% (6310/7337), 13.78 MiB | 27.49 MiB/s
2025-07-25T13:32:21.7062631Z Receiving objects:  87% (6384/7337), 13.78 MiB | 27.49 MiB/s
2025-07-25T13:32:21.7103478Z Receiving objects:  88% (6457/7337), 13.78 MiB | 27.49 MiB/s
2025-07-25T13:32:21.7161224Z Receiving objects:  89% (6530/7337), 13.78 MiB | 27.49 MiB/s
2025-07-25T13:32:21.7215265Z Receiving objects:  90% (6604/7337), 13.78 MiB | 27.49 MiB/s
2025-07-25T13:32:21.7250156Z Receiving objects:  91% (6677/7337), 13.78 MiB | 27.49 MiB/s
2025-07-25T13:32:21.7299466Z Receiving objects:  92% (6751/7337), 13.78 MiB | 27.49 MiB/s
2025-07-25T13:32:21.7396492Z Receiving objects:  93% (6824/7337), 13.78 MiB | 27.49 MiB/s
2025-07-25T13:32:21.7450657Z Receiving objects:  94% (6897/7337), 13.78 MiB | 27.49 MiB/s
2025-07-25T13:32:21.7499896Z Receiving objects:  95% (6971/7337), 13.78 MiB | 27.49 MiB/s
2025-07-25T13:32:21.7544261Z Receiving objects:  96% (7044/7337), 13.78 MiB | 27.49 MiB/s
2025-07-25T13:32:21.7605617Z Receiving objects:  97% (7117/7337), 13.78 MiB | 27.49 MiB/s
2025-07-25T13:32:21.7691367Z Receiving objects:  98% (7191/7337), 13.78 MiB | 27.49 MiB/s
2025-07-25T13:32:21.7753561Z Receiving objects:  99% (7264/7337), 13.78 MiB | 27.49 MiB/s
2025-07-25T13:32:21.7755551Z remote: Total 7337 (delta 1160), reused 6997 (delta 1021), pack-reused 0 (from 0)        
2025-07-25T13:32:21.7772016Z Receiving objects: 100% (7337/7337), 13.78 MiB | 27.49 MiB/s
2025-07-25T13:32:21.7772813Z Receiving objects: 100% (7337/7337), 22.97 MiB | 30.70 MiB/s, done.
2025-07-25T13:32:21.7780489Z Resolving deltas:   0% (0/1160)
2025-07-25T13:32:21.7781478Z Resolving deltas:   1% (12/1160)
2025-07-25T13:32:21.7782649Z Resolving deltas:   2% (24/1160)
2025-07-25T13:32:21.7789027Z Resolving deltas:   3% (35/1160)
2025-07-25T13:32:21.7795994Z Resolving deltas:   4% (47/1160)
2025-07-25T13:32:21.7799884Z Resolving deltas:   5% (58/1160)
2025-07-25T13:32:21.7802769Z Resolving deltas:   6% (70/1160)
2025-07-25T13:32:21.7803425Z Resolving deltas:   7% (82/1160)
2025-07-25T13:32:21.7839823Z Resolving deltas:   8% (93/1160)
2025-07-25T13:32:21.7887937Z Resolving deltas:   9% (105/1160)
2025-07-25T13:32:21.7921471Z Resolving deltas:  10% (116/1160)
2025-07-25T13:32:21.7931665Z Resolving deltas:  11% (128/1160)
2025-07-25T13:32:21.7932677Z Resolving deltas:  12% (140/1160)
2025-07-25T13:32:21.8009799Z Resolving deltas:  13% (151/1160)
2025-07-25T13:32:21.8011151Z Resolving deltas:  14% (163/1160)
2025-07-25T13:32:21.8012052Z Resolving deltas:  15% (174/1160)
2025-07-25T13:32:21.8012497Z Resolving deltas:  16% (186/1160)
2025-07-25T13:32:21.8012878Z Resolving deltas:  17% (198/1160)
2025-07-25T13:32:21.8013265Z Resolving deltas:  18% (209/1160)
2025-07-25T13:32:21.8014020Z Resolving deltas:  19% (221/1160)
2025-07-25T13:32:21.8014393Z Resolving deltas:  20% (232/1160)
2025-07-25T13:32:21.8014828Z Resolving deltas:  21% (244/1160)
2025-07-25T13:32:21.8015217Z Resolving deltas:  22% (256/1160)
2025-07-25T13:32:21.8015600Z Resolving deltas:  23% (267/1160)
2025-07-25T13:32:21.8015993Z Resolving deltas:  24% (279/1160)
2025-07-25T13:32:21.8016742Z Resolving deltas:  25% (290/1160)
2025-07-25T13:32:21.8017166Z Resolving deltas:  26% (302/1160)
2025-07-25T13:32:21.8017579Z Resolving deltas:  27% (314/1160)
2025-07-25T13:32:21.8017968Z Resolving deltas:  28% (325/1160)
2025-07-25T13:32:21.8018368Z Resolving deltas:  29% (337/1160)
2025-07-25T13:32:21.8018761Z Resolving deltas:  30% (348/1160)
2025-07-25T13:32:21.8019162Z Resolving deltas:  31% (360/1160)
2025-07-25T13:32:21.8024406Z Resolving deltas:  32% (372/1160)
2025-07-25T13:32:21.8024883Z Resolving deltas:  33% (383/1160)
2025-07-25T13:32:21.8025303Z Resolving deltas:  34% (395/1160)
2025-07-25T13:32:21.8025731Z Resolving deltas:  35% (406/1160)
2025-07-25T13:32:21.8026129Z Resolving deltas:  36% (418/1160)
2025-07-25T13:32:21.8026669Z Resolving deltas:  37% (430/1160)
2025-07-25T13:32:21.8027060Z Resolving deltas:  38% (441/1160)
2025-07-25T13:32:21.8030146Z Resolving deltas:  39% (454/1160)
2025-07-25T13:32:21.8031860Z Resolving deltas:  40% (464/1160)
2025-07-25T13:32:21.8032290Z Resolving deltas:  41% (476/1160)
2025-07-25T13:32:21.8032703Z Resolving deltas:  42% (488/1160)
2025-07-25T13:32:21.8033865Z Resolving deltas:  43% (499/1160)
2025-07-25T13:32:21.8034618Z Resolving deltas:  44% (511/1160)
2025-07-25T13:32:21.8037516Z Resolving deltas:  45% (522/1160)
2025-07-25T13:32:21.8040733Z Resolving deltas:  46% (534/1160)
2025-07-25T13:32:21.8044124Z Resolving deltas:  47% (546/1160)
2025-07-25T13:32:21.8046167Z Resolving deltas:  48% (558/1160)
2025-07-25T13:32:21.8049135Z Resolving deltas:  49% (569/1160)
2025-07-25T13:32:21.8051234Z Resolving deltas:  50% (580/1160)
2025-07-25T13:32:21.8054477Z Resolving deltas:  51% (592/1160)
2025-07-25T13:32:21.8055569Z Resolving deltas:  52% (606/1160)
2025-07-25T13:32:21.8057505Z Resolving deltas:  53% (616/1160)
2025-07-25T13:32:21.8060341Z Resolving deltas:  54% (627/1160)
2025-07-25T13:32:21.8063080Z Resolving deltas:  55% (638/1160)
2025-07-25T13:32:21.8064007Z Resolving deltas:  56% (650/1160)
2025-07-25T13:32:21.8065677Z Resolving deltas:  57% (662/1160)
2025-07-25T13:32:21.8071470Z Resolving deltas:  58% (673/1160)
2025-07-25T13:32:21.8078232Z Resolving deltas:  59% (685/1160)
2025-07-25T13:32:21.8086142Z Resolving deltas:  60% (696/1160)
2025-07-25T13:32:21.8093794Z Resolving deltas:  61% (708/1160)
2025-07-25T13:32:21.8100393Z Resolving deltas:  62% (720/1160)
2025-07-25T13:32:21.8111376Z Resolving deltas:  63% (731/1160)
2025-07-25T13:32:21.8140919Z Resolving deltas:  64% (743/1160)
2025-07-25T13:32:21.8146537Z Resolving deltas:  65% (754/1160)
2025-07-25T13:32:21.8158711Z Resolving deltas:  66% (766/1160)
2025-07-25T13:32:21.8166724Z Resolving deltas:  67% (778/1160)
2025-07-25T13:32:21.8175912Z Resolving deltas:  68% (789/1160)
2025-07-25T13:32:21.8189771Z Resolving deltas:  69% (801/1160)
2025-07-25T13:32:21.8202618Z Resolving deltas:  70% (812/1160)
2025-07-25T13:32:21.8213971Z Resolving deltas:  71% (824/1160)
2025-07-25T13:32:21.8222438Z Resolving deltas:  72% (836/1160)
2025-07-25T13:32:21.8231539Z Resolving deltas:  73% (847/1160)
2025-07-25T13:32:21.8245979Z Resolving deltas:  74% (859/1160)
2025-07-25T13:32:21.8261678Z Resolving deltas:  75% (870/1160)
2025-07-25T13:32:21.8270625Z Resolving deltas:  76% (882/1160)
2025-07-25T13:32:21.8283046Z Resolving deltas:  77% (894/1160)
2025-07-25T13:32:21.8296451Z Resolving deltas:  78% (905/1160)
2025-07-25T13:32:21.8300744Z Resolving deltas:  79% (917/1160)
2025-07-25T13:32:21.8311334Z Resolving deltas:  80% (928/1160)
2025-07-25T13:32:21.8320767Z Resolving deltas:  81% (940/1160)
2025-07-25T13:32:21.8327172Z Resolving deltas:  82% (952/1160)
2025-07-25T13:32:21.8337652Z Resolving deltas:  83% (963/1160)
2025-07-25T13:32:21.8356604Z Resolving deltas:  84% (975/1160)
2025-07-25T13:32:21.8366354Z Resolving deltas:  85% (986/1160)
2025-07-25T13:32:21.8369490Z Resolving deltas:  86% (998/1160)
2025-07-25T13:32:21.8374144Z Resolving deltas:  87% (1010/1160)
2025-07-25T13:32:21.8381925Z Resolving deltas:  88% (1021/1160)
2025-07-25T13:32:21.8415750Z Resolving deltas:  89% (1033/1160)
2025-07-25T13:32:21.8429514Z Resolving deltas:  90% (1044/1160)
2025-07-25T13:32:21.8449574Z Resolving deltas:  91% (1056/1160)
2025-07-25T13:32:21.8464581Z Resolving deltas:  92% (1068/1160)
2025-07-25T13:32:21.8469582Z Resolving deltas:  93% (1079/1160)
2025-07-25T13:32:21.8472685Z Resolving deltas:  94% (1092/1160)
2025-07-25T13:32:21.8473251Z Resolving deltas:  95% (1102/1160)
2025-07-25T13:32:21.8475046Z Resolving deltas:  96% (1114/1160)
2025-07-25T13:32:21.8476646Z Resolving deltas:  97% (1126/1160)
2025-07-25T13:32:21.8479873Z Resolving deltas:  98% (1137/1160)
2025-07-25T13:32:21.8488457Z Resolving deltas:  99% (1149/1160)
2025-07-25T13:32:21.8490039Z Resolving deltas: 100% (1160/1160)
2025-07-25T13:32:21.8490304Z Resolving deltas: 100% (1160/1160), done.
2025-07-25T13:32:21.8743821Z From https://github.com/***/testing-CI-CD
2025-07-25T13:32:21.8744257Z  * [new ref]         ebc161a50191be1eb54e8c9d8d17496e32c014c6 -> origin/main
2025-07-25T13:32:21.8771513Z ##[endgroup]
2025-07-25T13:32:21.8771867Z ##[group]Determining the checkout info
2025-07-25T13:32:21.8773674Z ##[endgroup]
2025-07-25T13:32:21.8774018Z ##[group]Checking out the ref
2025-07-25T13:32:21.8777965Z [command]/usr/bin/git checkout --progress --force -B main refs/remotes/origin/main
2025-07-25T13:32:22.4447957Z Switched to a new branch 'main'
2025-07-25T13:32:22.4450061Z branch 'main' set up to track 'origin/main'.
2025-07-25T13:32:22.4474065Z ##[endgroup]
2025-07-25T13:32:22.4510602Z [command]/usr/bin/git log -1 --format='%H'
2025-07-25T13:32:22.4533360Z 'ebc161a50191be1eb54e8c9d8d17496e32c014c6'
2025-07-25T13:32:22.4750136Z ##[group]Run actions/setup-python@v4
2025-07-25T13:32:22.4750413Z with:
2025-07-25T13:32:22.4750597Z   python-version: 3.10
2025-07-25T13:32:22.4750818Z   check-latest: false
2025-07-25T13:32:22.4751150Z   token: ***
2025-07-25T13:32:22.4751338Z   update-environment: true
2025-07-25T13:32:22.4751569Z   allow-prereleases: false
2025-07-25T13:32:22.4751774Z ##[endgroup]
2025-07-25T13:32:22.6384005Z ##[group]Installed versions
2025-07-25T13:32:22.6481144Z Successfully set up CPython (3.10.18)
2025-07-25T13:32:22.6481921Z ##[endgroup]
2025-07-25T13:32:22.6598548Z ##[group]Run python -m pip install --upgrade pip
2025-07-25T13:32:22.6598949Z [36;1mpython -m pip install --upgrade pip[0m
2025-07-25T13:32:22.6599251Z [36;1mpip install -r requirements.txt[0m
2025-07-25T13:32:22.6680409Z shell: /usr/bin/bash -e {0}
2025-07-25T13:32:22.6680653Z env:
2025-07-25T13:32:22.6680902Z   pythonLocation: /opt/hostedtoolcache/Python/3.10.18/x64
2025-07-25T13:32:22.6681324Z   PKG_CONFIG_PATH: /opt/hostedtoolcache/Python/3.10.18/x64/lib/pkgconfig
2025-07-25T13:32:22.6681716Z   Python_ROOT_DIR: /opt/hostedtoolcache/Python/3.10.18/x64
2025-07-25T13:32:22.6682073Z   Python2_ROOT_DIR: /opt/hostedtoolcache/Python/3.10.18/x64
2025-07-25T13:32:22.6682420Z   Python3_ROOT_DIR: /opt/hostedtoolcache/Python/3.10.18/x64
2025-07-25T13:32:22.6682764Z   LD_LIBRARY_PATH: /opt/hostedtoolcache/Python/3.10.18/x64/lib
2025-07-25T13:32:22.6683052Z ##[endgroup]
2025-07-25T13:32:25.0314978Z Requirement already satisfied: pip in /opt/hostedtoolcache/Python/3.10.18/x64/lib/python3.10/site-packages (25.1.1)
2025-07-25T13:32:26.1268467Z Collecting annotated-types==0.7.0 (from -r requirements.txt (line 1))
2025-07-25T13:32:26.1578323Z   Downloading annotated_types-0.7.0-py3-none-any.whl.metadata (15 kB)
2025-07-25T13:32:26.1806609Z Collecting anyio==4.9.0 (from -r requirements.txt (line 2))
2025-07-25T13:32:26.1833832Z   Downloading anyio-4.9.0-py3-none-any.whl.metadata (4.7 kB)
2025-07-25T13:32:26.2142073Z Collecting autodevops-cli==5.1 (from -r requirements.txt (line 3))
2025-07-25T13:32:26.2177003Z   Downloading autodevops_cli-5.1-py3-none-any.whl.metadata (543 bytes)
2025-07-25T13:32:26.2310958Z Collecting blinker==1.9.0 (from -r requirements.txt (line 4))
2025-07-25T13:32:26.2337112Z   Downloading blinker-1.9.0-py3-none-any.whl.metadata (1.6 kB)
2025-07-25T13:32:26.2536134Z Collecting certifi==2025.7.14 (from -r requirements.txt (line 5))
2025-07-25T13:32:26.2562943Z   Downloading certifi-2025.7.14-py3-none-any.whl.metadata (2.4 kB)
2025-07-25T13:32:26.3467135Z Collecting charset-normalizer==3.4.2 (from -r requirements.txt (line 6))
2025-07-25T13:32:26.3498097Z   Downloading charset_normalizer-3.4.2-cp310-cp310-manylinux_2_17_x86_64.manylinux2014_x86_64.whl.metadata (35 kB)
2025-07-25T13:32:26.3710975Z Collecting click==8.2.1 (from -r requirements.txt (line 7))
2025-07-25T13:32:26.3737835Z   Downloading click-8.2.1-py3-none-any.whl.metadata (2.5 kB)
2025-07-25T13:32:26.3868765Z Collecting distro==1.9.0 (from -r requirements.txt (line 8))
2025-07-25T13:32:26.3894910Z   Downloading distro-1.9.0-py3-none-any.whl.metadata (6.8 kB)
2025-07-25T13:32:26.4050179Z Collecting dnspython==2.7.0 (from -r requirements.txt (line 9))
2025-07-25T13:32:26.4080104Z   Downloading dnspython-2.7.0-py3-none-any.whl.metadata (5.8 kB)
2025-07-25T13:32:26.4245627Z Collecting dotenv==0.9.9 (from -r requirements.txt (line 10))
2025-07-25T13:32:26.4273836Z   Downloading dotenv-0.9.9-py2.py3-none-any.whl.metadata (279 bytes)
2025-07-25T13:32:26.4458208Z Collecting Flask==3.1.0 (from -r requirements.txt (line 11))
2025-07-25T13:32:26.4486617Z   Downloading flask-3.1.0-py3-none-any.whl.metadata (2.7 kB)
2025-07-25T13:32:26.5288631Z Collecting Flask-PyMongo==3.0.1 (from -r requirements.txt (line 12))
2025-07-25T13:32:26.5322427Z   Downloading flask_pymongo-3.0.1-py3-none-any.whl.metadata (3.5 kB)
2025-07-25T13:32:26.5453267Z Collecting h11==0.16.0 (from -r requirements.txt (line 13))
2025-07-25T13:32:26.5480219Z   Downloading h11-0.16.0-py3-none-any.whl.metadata (8.3 kB)
2025-07-25T13:32:26.5819567Z Collecting httpcore==1.0.9 (from -r requirements.txt (line 14))
2025-07-25T13:32:26.5843789Z   Downloading httpcore-1.0.9-py3-none-any.whl.metadata (21 kB)
2025-07-25T13:32:26.6056390Z Collecting httpx==0.28.1 (from -r requirements.txt (line 15))
2025-07-25T13:32:26.6083742Z   Downloading httpx-0.28.1-py3-none-any.whl.metadata (7.1 kB)
2025-07-25T13:32:26.6244744Z Collecting idna==3.10 (from -r requirements.txt (line 16))
2025-07-25T13:32:26.6273788Z   Downloading idna-3.10-py3-none-any.whl.metadata (10 kB)
2025-07-25T13:32:26.6383598Z Collecting iniconfig==2.1.0 (from -r requirements.txt (line 17))
2025-07-25T13:32:26.6413371Z   Downloading iniconfig-2.1.0-py3-none-any.whl.metadata (2.7 kB)
2025-07-25T13:32:26.6530049Z Collecting itsdangerous==2.2.0 (from -r requirements.txt (line 18))
2025-07-25T13:32:26.6558657Z   Downloading itsdangerous-2.2.0-py3-none-any.whl.metadata (1.9 kB)
2025-07-25T13:32:26.6730070Z Collecting Jinja2==3.1.6 (from -r requirements.txt (line 19))
2025-07-25T13:32:26.6757934Z   Downloading jinja2-3.1.6-py3-none-any.whl.metadata (2.9 kB)
2025-07-25T13:32:26.7511241Z Collecting jiter==0.10.0 (from -r requirements.txt (line 20))
2025-07-25T13:32:26.7541802Z   Downloading jiter-0.10.0-cp310-cp310-manylinux_2_17_x86_64.manylinux2014_x86_64.whl.metadata (5.2 kB)
2025-07-25T13:32:26.7683003Z Collecting loguru==0.7.3 (from -r requirements.txt (line 21))
2025-07-25T13:32:26.7708631Z   Downloading loguru-0.7.3-py3-none-any.whl.metadata (22 kB)
2025-07-25T13:32:26.7952783Z Collecting markdown-it-py==3.0.0 (from -r requirements.txt (line 22))
2025-07-25T13:32:26.7978898Z   Downloading markdown_it_py-3.0.0-py3-none-any.whl.metadata (6.9 kB)
2025-07-25T13:32:26.8600352Z Collecting MarkupSafe==3.0.2 (from -r requirements.txt (line 23))
2025-07-25T13:32:26.8627378Z   Downloading MarkupSafe-3.0.2-cp310-cp310-manylinux_2_17_x86_64.manylinux2014_x86_64.whl.metadata (4.0 kB)
2025-07-25T13:32:26.8755902Z Collecting mdurl==0.1.2 (from -r requirements.txt (line 24))
2025-07-25T13:32:26.8782227Z   Downloading mdurl-0.1.2-py3-none-any.whl.metadata (1.6 kB)
2025-07-25T13:32:26.8929395Z Collecting mongomock==4.3.0 (from -r requirements.txt (line 25))
2025-07-25T13:32:26.8963360Z   Downloading mongomock-4.3.0-py2.py3-none-any.whl.metadata (12 kB)
2025-07-25T13:32:26.9512651Z Collecting openai==1.96.1 (from -r requirements.txt (line 26))
2025-07-25T13:32:26.9545168Z   Downloading openai-1.96.1-py3-none-any.whl.metadata (29 kB)
2025-07-25T13:32:26.9821566Z Collecting packaging==25.0 (from -r requirements.txt (line 27))
2025-07-25T13:32:26.9848904Z   Downloading packaging-25.0-py3-none-any.whl.metadata (3.3 kB)
2025-07-25T13:32:26.9971671Z Collecting paho-mqtt==2.1.0 (from -r requirements.txt (line 28))
2025-07-25T13:32:26.9998913Z   Downloading paho_mqtt-2.1.0-py3-none-any.whl.metadata (23 kB)
2025-07-25T13:32:27.0145338Z Collecting pluggy==1.6.0 (from -r requirements.txt (line 29))
2025-07-25T13:32:27.0173454Z   Downloading pluggy-1.6.0-py3-none-any.whl.metadata (4.8 kB)
2025-07-25T13:32:27.1621209Z Collecting pydantic==2.11.7 (from -r requirements.txt (line 30))
2025-07-25T13:32:27.1763414Z   Downloading pydantic-2.11.7-py3-none-any.whl.metadata (67 kB)
2025-07-25T13:32:27.9207189Z Collecting pydantic_core==2.33.2 (from -r requirements.txt (line 31))
2025-07-25T13:32:27.9240219Z   Downloading pydantic_core-2.33.2-cp310-cp310-manylinux_2_17_x86_64.manylinux2014_x86_64.whl.metadata (6.8 kB)
2025-07-25T13:32:27.9455647Z Collecting Pygments==2.19.2 (from -r requirements.txt (line 32))
2025-07-25T13:32:27.9483679Z   Downloading pygments-2.19.2-py3-none-any.whl.metadata (2.5 kB)
2025-07-25T13:32:28.3314864Z Collecting pymongo==4.13.2 (from -r requirements.txt (line 33))
2025-07-25T13:32:28.3351269Z   Downloading pymongo-4.13.2-cp310-cp310-manylinux_2_17_x86_64.manylinux2014_x86_64.whl.metadata (22 kB)
2025-07-25T13:32:28.3779262Z Collecting pytest==8.2.1 (from -r requirements.txt (line 34))
2025-07-25T13:32:28.3815501Z   Downloading pytest-8.2.1-py3-none-any.whl.metadata (7.6 kB)
2025-07-25T13:32:28.4006862Z Collecting python-dotenv==1.1.1 (from -r requirements.txt (line 35))
2025-07-25T13:32:28.4031645Z   Downloading python_dotenv-1.1.1-py3-none-any.whl.metadata (24 kB)
2025-07-25T13:32:28.4441067Z Collecting pytz==2025.2 (from -r requirements.txt (line 36))
2025-07-25T13:32:28.4472254Z   Downloading pytz-2025.2-py2.py3-none-any.whl.metadata (22 kB)
2025-07-25T13:32:28.4785890Z Collecting requests==2.32.4 (from -r requirements.txt (line 37))
2025-07-25T13:32:28.4812213Z   Downloading requests-2.32.4-py3-none-any.whl.metadata (4.9 kB)
2025-07-25T13:32:28.5269893Z Collecting rich==14.0.0 (from -r requirements.txt (line 38))
2025-07-25T13:32:28.5297272Z   Downloading rich-14.0.0-py3-none-any.whl.metadata (18 kB)
2025-07-25T13:32:28.5407944Z Collecting sentinels==1.0.0 (from -r requirements.txt (line 39))
2025-07-25T13:32:28.5436058Z   Downloading sentinels-1.0.0.tar.gz (4.1 kB)
2025-07-25T13:32:28.5531948Z   Installing build dependencies: started
2025-07-25T13:32:29.4064647Z   Installing build dependencies: finished with status 'done'
2025-07-25T13:32:29.4071961Z   Getting requirements to build wheel: started
2025-07-25T13:32:29.7573165Z   Getting requirements to build wheel: finished with status 'done'
2025-07-25T13:32:29.7583803Z   Preparing metadata (pyproject.toml): started
2025-07-25T13:32:29.9352005Z   Preparing metadata (pyproject.toml): finished with status 'done'
2025-07-25T13:32:30.0533199Z Collecting setuptools==80.9.0 (from -r requirements.txt (line 40))
2025-07-25T13:32:30.0548796Z   Using cached setuptools-80.9.0-py3-none-any.whl.metadata (6.6 kB)
2025-07-25T13:32:30.0828203Z Collecting sh==2.2.2 (from -r requirements.txt (line 41))
2025-07-25T13:32:30.0862968Z   Downloading sh-2.2.2-py3-none-any.whl.metadata (3.7 kB)
2025-07-25T13:32:30.0963466Z Collecting sniffio==1.3.1 (from -r requirements.txt (line 42))
2025-07-25T13:32:30.0989577Z   Downloading sniffio-1.3.1-py3-none-any.whl.metadata (3.9 kB)
2025-07-25T13:32:30.1105655Z Collecting tabulate==0.9.0 (from -r requirements.txt (line 43))
2025-07-25T13:32:30.1131892Z   Downloading tabulate-0.9.0-py3-none-any.whl.metadata (34 kB)
2025-07-25T13:32:30.1494397Z Collecting tqdm==4.67.1 (from -r requirements.txt (line 44))
2025-07-25T13:32:30.1524398Z   Downloading tqdm-4.67.1-py3-none-any.whl.metadata (57 kB)
2025-07-25T13:32:30.1687161Z Collecting typing-inspection==0.4.1 (from -r requirements.txt (line 45))
2025-07-25T13:32:30.1714889Z   Downloading typing_inspection-0.4.1-py3-none-any.whl.metadata (2.6 kB)
2025-07-25T13:32:30.1899428Z Collecting typing_extensions==4.14.1 (from -r requirements.txt (line 46))
2025-07-25T13:32:30.1929349Z   Downloading typing_extensions-4.14.1-py3-none-any.whl.metadata (3.0 kB)
2025-07-25T13:32:30.2203031Z Collecting urllib3==2.5.0 (from -r requirements.txt (line 47))
2025-07-25T13:32:30.2235920Z   Downloading urllib3-2.5.0-py3-none-any.whl.metadata (6.5 kB)
2025-07-25T13:32:30.2543960Z Collecting Werkzeug==3.1.3 (from -r requirements.txt (line 48))
2025-07-25T13:32:30.2574968Z   Downloading werkzeug-3.1.3-py3-none-any.whl.metadata (3.7 kB)
2025-07-25T13:32:30.3218809Z Collecting exceptiongroup>=1.0.2 (from anyio==4.9.0->-r requirements.txt (line 2))
2025-07-25T13:32:30.3248476Z   Downloading exceptiongroup-1.3.0-py3-none-any.whl.metadata (6.7 kB)
2025-07-25T13:32:30.4732108Z Collecting tomli>=1 (from pytest==8.2.1->-r requirements.txt (line 34))
2025-07-25T13:32:30.4758773Z   Downloading tomli-2.2.1-py3-none-any.whl.metadata (10 kB)
2025-07-25T13:32:30.5442224Z Downloading annotated_types-0.7.0-py3-none-any.whl (13 kB)
2025-07-25T13:32:30.5494736Z Downloading anyio-4.9.0-py3-none-any.whl (100 kB)
2025-07-25T13:32:30.5562552Z Downloading autodevops_cli-5.1-py3-none-any.whl (10 kB)
2025-07-25T13:32:30.5614371Z Downloading blinker-1.9.0-py3-none-any.whl (8.5 kB)
2025-07-25T13:32:30.5662347Z Downloading certifi-2025.7.14-py3-none-any.whl (162 kB)
2025-07-25T13:32:30.5721092Z Downloading charset_normalizer-3.4.2-cp310-cp310-manylinux_2_17_x86_64.manylinux2014_x86_64.whl (149 kB)
2025-07-25T13:32:30.5775822Z Downloading click-8.2.1-py3-none-any.whl (102 kB)
2025-07-25T13:32:30.5828567Z Downloading distro-1.9.0-py3-none-any.whl (20 kB)
2025-07-25T13:32:30.5880198Z Downloading dnspython-2.7.0-py3-none-any.whl (313 kB)
2025-07-25T13:32:30.5951823Z Downloading dotenv-0.9.9-py2.py3-none-any.whl (1.9 kB)
2025-07-25T13:32:30.6000181Z Downloading flask-3.1.0-py3-none-any.whl (102 kB)
2025-07-25T13:32:30.6066076Z Downloading flask_pymongo-3.0.1-py3-none-any.whl (11 kB)
2025-07-25T13:32:30.6119327Z Downloading h11-0.16.0-py3-none-any.whl (37 kB)
2025-07-25T13:32:30.6172906Z Downloading httpcore-1.0.9-py3-none-any.whl (78 kB)
2025-07-25T13:32:30.6224724Z Downloading httpx-0.28.1-py3-none-any.whl (73 kB)
2025-07-25T13:32:30.6276458Z Downloading idna-3.10-py3-none-any.whl (70 kB)
2025-07-25T13:32:30.6327420Z Downloading iniconfig-2.1.0-py3-none-any.whl (6.0 kB)
2025-07-25T13:32:30.6376009Z Downloading itsdangerous-2.2.0-py3-none-any.whl (16 kB)
2025-07-25T13:32:30.6427602Z Downloading jinja2-3.1.6-py3-none-any.whl (134 kB)
2025-07-25T13:32:30.6481910Z Downloading jiter-0.10.0-cp310-cp310-manylinux_2_17_x86_64.manylinux2014_x86_64.whl (352 kB)
2025-07-25T13:32:30.6543535Z Downloading loguru-0.7.3-py3-none-any.whl (61 kB)
2025-07-25T13:32:30.6600461Z Downloading markdown_it_py-3.0.0-py3-none-any.whl (87 kB)
2025-07-25T13:32:30.6655939Z Downloading mdurl-0.1.2-py3-none-any.whl (10.0 kB)
2025-07-25T13:32:30.6714952Z Downloading MarkupSafe-3.0.2-cp310-cp310-manylinux_2_17_x86_64.manylinux2014_x86_64.whl (20 kB)
2025-07-25T13:32:30.6763550Z Downloading mongomock-4.3.0-py2.py3-none-any.whl (64 kB)
2025-07-25T13:32:30.6822653Z Downloading openai-1.96.1-py3-none-any.whl (757 kB)
2025-07-25T13:32:30.6900292Z    ━━━━━━━━━━━━━━━━━━━━━━━━━━━━━━━━━━━━━━━ 757.5/757.5 kB 118.2 MB/s eta 0:00:00
2025-07-25T13:32:30.6927646Z Downloading pydantic-2.11.7-py3-none-any.whl (444 kB)
2025-07-25T13:32:30.6995035Z Downloading typing_extensions-4.14.1-py3-none-any.whl (43 kB)
2025-07-25T13:32:30.7047471Z Downloading packaging-25.0-py3-none-any.whl (66 kB)
2025-07-25T13:32:30.7102133Z Downloading paho_mqtt-2.1.0-py3-none-any.whl (67 kB)
2025-07-25T13:32:30.7155341Z Downloading pluggy-1.6.0-py3-none-any.whl (20 kB)
2025-07-25T13:32:30.7219772Z Downloading pydantic_core-2.33.2-cp310-cp310-manylinux_2_17_x86_64.manylinux2014_x86_64.whl (2.0 MB)
2025-07-25T13:32:30.7419851Z    ━━━━━━━━━━━━━━━━━━━━━━━━━━━━━━━━━━━━━━━━ 2.0/2.0 MB 99.8 MB/s eta 0:00:00
2025-07-25T13:32:30.7445861Z Downloading pygments-2.19.2-py3-none-any.whl (1.2 MB)
2025-07-25T13:32:30.7540690Z    ━━━━━━━━━━━━━━━━━━━━━━━━━━━━━━━━━━━━━━━━ 1.2/1.2 MB 145.3 MB/s eta 0:00:00
2025-07-25T13:32:30.7585558Z Downloading pymongo-4.13.2-cp310-cp310-manylinux_2_17_x86_64.manylinux2014_x86_64.whl (1.2 MB)
2025-07-25T13:32:30.7687165Z    ━━━━━━━━━━━━━━━━━━━━━━━━━━━━━━━━━━━━━━━━ 1.2/1.2 MB 121.5 MB/s eta 0:00:00
2025-07-25T13:32:30.7723255Z Downloading pytest-8.2.1-py3-none-any.whl (339 kB)
2025-07-25T13:32:30.7789656Z Downloading python_dotenv-1.1.1-py3-none-any.whl (20 kB)
2025-07-25T13:32:30.7846866Z Downloading pytz-2025.2-py2.py3-none-any.whl (509 kB)
2025-07-25T13:32:30.7927847Z Downloading requests-2.32.4-py3-none-any.whl (64 kB)
2025-07-25T13:32:30.7986913Z Downloading urllib3-2.5.0-py3-none-any.whl (129 kB)
2025-07-25T13:32:30.8046790Z Downloading rich-14.0.0-py3-none-any.whl (243 kB)
2025-07-25T13:32:30.8093751Z Using cached setuptools-80.9.0-py3-none-any.whl (1.2 MB)
2025-07-25T13:32:30.8127061Z Downloading sh-2.2.2-py3-none-any.whl (38 kB)
2025-07-25T13:32:30.8178653Z Downloading sniffio-1.3.1-py3-none-any.whl (10 kB)
2025-07-25T13:32:30.8252662Z Downloading tabulate-0.9.0-py3-none-any.whl (35 kB)
2025-07-25T13:32:30.8310503Z Downloading tqdm-4.67.1-py3-none-any.whl (78 kB)
2025-07-25T13:32:30.8368592Z Downloading typing_inspection-0.4.1-py3-none-any.whl (14 kB)
2025-07-25T13:32:30.8418295Z Downloading werkzeug-3.1.3-py3-none-any.whl (224 kB)
2025-07-25T13:32:30.8480375Z Downloading exceptiongroup-1.3.0-py3-none-any.whl (16 kB)
2025-07-25T13:32:30.8534941Z Downloading tomli-2.2.1-py3-none-any.whl (14 kB)
2025-07-25T13:32:30.9091366Z Building wheels for collected packages: sentinels
2025-07-25T13:32:30.9100806Z   Building wheel for sentinels (pyproject.toml): started
2025-07-25T13:32:31.1121517Z   Building wheel for sentinels (pyproject.toml): finished with status 'done'
2025-07-25T13:32:31.1127279Z   Created wheel for sentinels: filename=sentinels-1.0.0-py3-none-any.whl size=3229 sha256=2440f29ef20ad8385059bf7d92b7ef448ba24172c86d19a58a0c95203e540278
2025-07-25T13:32:31.1129754Z   Stored in directory: /home/runner/.cache/pip/wheels/26/bc/eb/67e56405e0684b3d8c011cf4d18129c41be394775fd5ba2347
2025-07-25T13:32:31.1145074Z Successfully built sentinels
2025-07-25T13:32:31.2366701Z Installing collected packages: sentinels, pytz, urllib3, typing_extensions, tqdm, tomli, tabulate, sniffio, sh, setuptools, python-dotenv, Pygments, pluggy, paho-mqtt, packaging, mdurl, MarkupSafe, loguru, jiter, itsdangerous, iniconfig, idna, h11, dnspython, distro, click, charset-normalizer, certifi, blinker, annotated-types, Werkzeug, typing-inspection, requests, pymongo, pydantic_core, mongomock, markdown-it-py, Jinja2, httpcore, exceptiongroup, dotenv, rich, pytest, pydantic, Flask, anyio, httpx, Flask-PyMongo, openai, autodevops-cli
2025-07-25T13:32:31.5361769Z   Attempting uninstall: setuptools
2025-07-25T13:32:31.5368730Z     Found existing installation: setuptools 65.5.0
2025-07-25T13:32:31.5844405Z     Uninstalling setuptools-65.5.0:
2025-07-25T13:32:31.5999007Z       Successfully uninstalled setuptools-65.5.0
2025-07-25T13:32:35.5530194Z 
2025-07-25T13:32:35.5612893Z Successfully installed Flask-3.1.0 Flask-PyMongo-3.0.1 Jinja2-3.1.6 MarkupSafe-3.0.2 Pygments-2.19.2 Werkzeug-3.1.3 annotated-types-0.7.0 anyio-4.9.0 autodevops-cli-5.1 blinker-1.9.0 certifi-2025.7.14 charset-normalizer-3.4.2 click-8.2.1 distro-1.9.0 dnspython-2.7.0 dotenv-0.9.9 exceptiongroup-1.3.0 h11-0.16.0 httpcore-1.0.9 httpx-0.28.1 idna-3.10 iniconfig-2.1.0 itsdangerous-2.2.0 jiter-0.10.0 loguru-0.7.3 markdown-it-py-3.0.0 mdurl-0.1.2 mongomock-4.3.0 openai-1.96.1 packaging-25.0 paho-mqtt-2.1.0 pluggy-1.6.0 pydantic-2.11.7 pydantic_core-2.33.2 pymongo-4.13.2 pytest-8.2.1 python-dotenv-1.1.1 pytz-2025.2 requests-2.32.4 rich-14.0.0 sentinels-1.0.0 setuptools-80.9.0 sh-2.2.2 sniffio-1.3.1 tabulate-0.9.0 tomli-2.2.1 tqdm-4.67.1 typing-inspection-0.4.1 typing_extensions-4.14.1 urllib3-2.5.0
2025-07-25T13:32:35.8864902Z ##[group]Run export PYTHONPATH=.
2025-07-25T13:32:35.8865227Z [36;1mexport PYTHONPATH=.[0m
2025-07-25T13:32:35.8865471Z [36;1mpytest test_main.py -v[0m
2025-07-25T13:32:35.8894002Z shell: /usr/bin/bash -e {0}
2025-07-25T13:32:35.8894224Z env:
2025-07-25T13:32:35.8894472Z   pythonLocation: /opt/hostedtoolcache/Python/3.10.18/x64
2025-07-25T13:32:35.8894888Z   PKG_CONFIG_PATH: /opt/hostedtoolcache/Python/3.10.18/x64/lib/pkgconfig
2025-07-25T13:32:35.8895331Z   Python_ROOT_DIR: /opt/hostedtoolcache/Python/3.10.18/x64
2025-07-25T13:32:35.8895680Z   Python2_ROOT_DIR: /opt/hostedtoolcache/Python/3.10.18/x64
2025-07-25T13:32:35.8896028Z   Python3_ROOT_DIR: /opt/hostedtoolcache/Python/3.10.18/x64
2025-07-25T13:32:35.8896581Z   LD_LIBRARY_PATH: /opt/hostedtoolcache/Python/3.10.18/x64/lib
2025-07-25T13:32:35.8896884Z ##[endgroup]
2025-07-25T13:32:36.4077918Z ============================= test session starts ==============================
2025-07-25T13:32:36.4078975Z platform linux -- Python 3.10.18, pytest-8.2.1, pluggy-1.6.0 -- /opt/hostedtoolcache/Python/3.10.18/x64/bin/python
2025-07-25T13:32:36.4079594Z cachedir: .pytest_cache
2025-07-25T13:32:36.4079958Z rootdir: /home/runner/work/testing-CI-CD/testing-CI-CD
2025-07-25T13:32:36.4080357Z plugins: anyio-4.9.0
2025-07-25T13:32:36.6012832Z collecting ... collected 8 items
2025-07-25T13:32:36.6013166Z 
2025-07-25T13:32:36.8460644Z test_main.py::test_home_page PASSED                                      [ 12%]
2025-07-25T13:32:36.8632491Z test_main.py::test_admin_dashboard PASSED                                [ 25%]
2025-07-25T13:32:36.8719438Z test_main.py::test_student_dashboard PASSED                              [ 37%]
2025-07-25T13:32:36.8784701Z test_main.py::test_generate_attendance_missing_input PASSED              [ 50%]
2025-07-25T13:32:36.8849517Z test_main.py::test_generate_attendance_invalid_date PASSED               [ 62%]
2025-07-25T13:32:36.8913540Z test_main.py::test_student_generate_attendance_no_input PASSED           [ 75%]
2025-07-25T13:32:36.8995339Z test_main.py::test_register_user_get PASSED                              [ 87%]
2025-07-25T13:32:36.9092426Z test_main.py::test_auth_invalid_user PASSED                              [100%]
2025-07-25T13:32:36.9092997Z 
2025-07-25T13:32:36.9093236Z ============================== 8 passed in 0.50s ===============================
2025-07-25T13:32:36.9637012Z ##[group]Run docker/login-action@v3
2025-07-25T13:32:36.9637290Z with:
2025-07-25T13:32:36.9637590Z   username: ***
2025-07-25T13:32:36.9637841Z   password: ***
2025-07-25T13:32:36.9638010Z   ecr: auto
2025-07-25T13:32:36.9638170Z   logout: true
2025-07-25T13:32:36.9638337Z env:
2025-07-25T13:32:36.9638566Z   pythonLocation: /opt/hostedtoolcache/Python/3.10.18/x64
2025-07-25T13:32:36.9638966Z   PKG_CONFIG_PATH: /opt/hostedtoolcache/Python/3.10.18/x64/lib/pkgconfig
2025-07-25T13:32:36.9639362Z   Python_ROOT_DIR: /opt/hostedtoolcache/Python/3.10.18/x64
2025-07-25T13:32:36.9639712Z   Python2_ROOT_DIR: /opt/hostedtoolcache/Python/3.10.18/x64
2025-07-25T13:32:36.9640047Z   Python3_ROOT_DIR: /opt/hostedtoolcache/Python/3.10.18/x64
2025-07-25T13:32:36.9640390Z   LD_LIBRARY_PATH: /opt/hostedtoolcache/Python/3.10.18/x64/lib
2025-07-25T13:32:36.9640674Z ##[endgroup]
2025-07-25T13:32:37.2533717Z Logging into Docker Hub...
2025-07-25T13:32:39.0181921Z Login Succeeded!
2025-07-25T13:32:39.0325122Z ##[group]Run docker build -t ***/flask-ci-cd-demo .
2025-07-25T13:32:39.0325565Z [36;1mdocker build -t ***/flask-ci-cd-demo .[0m
2025-07-25T13:32:39.0353256Z shell: /usr/bin/bash -e {0}
2025-07-25T13:32:39.0353487Z env:
2025-07-25T13:32:39.0353736Z   pythonLocation: /opt/hostedtoolcache/Python/3.10.18/x64
2025-07-25T13:32:39.0354134Z   PKG_CONFIG_PATH: /opt/hostedtoolcache/Python/3.10.18/x64/lib/pkgconfig
2025-07-25T13:32:39.0354523Z   Python_ROOT_DIR: /opt/hostedtoolcache/Python/3.10.18/x64
2025-07-25T13:32:39.0355051Z   Python2_ROOT_DIR: /opt/hostedtoolcache/Python/3.10.18/x64
2025-07-25T13:32:39.0355409Z   Python3_ROOT_DIR: /opt/hostedtoolcache/Python/3.10.18/x64
2025-07-25T13:32:39.0355760Z   LD_LIBRARY_PATH: /opt/hostedtoolcache/Python/3.10.18/x64/lib
2025-07-25T13:32:39.0356049Z ##[endgroup]
2025-07-25T13:32:41.7374151Z #0 building with "default" instance using docker driver
2025-07-25T13:32:41.7374473Z 
2025-07-25T13:32:41.7374716Z #1 [internal] load build definition from Dockerfile
2025-07-25T13:32:41.7375106Z #1 transferring dockerfile: 1.23kB done
2025-07-25T13:32:41.7375419Z #1 DONE 0.0s
2025-07-25T13:32:41.7375549Z 
2025-07-25T13:32:41.7375777Z #2 [internal] load metadata for docker.io/library/python:3.10-slim
2025-07-25T13:32:41.9685776Z #2 ...
2025-07-25T13:32:41.9685969Z 
2025-07-25T13:32:41.9686594Z #3 [auth] library/python:pull token for registry-1.docker.io
2025-07-25T13:32:41.9686968Z #3 DONE 0.0s
2025-07-25T13:32:42.1177437Z 
2025-07-25T13:32:42.1177790Z #2 [internal] load metadata for docker.io/library/python:3.10-slim
2025-07-25T13:32:42.7602388Z #2 DONE 1.2s
2025-07-25T13:32:42.8792083Z 
2025-07-25T13:32:42.8797948Z #4 [internal] load .dockerignore
2025-07-25T13:32:42.8798515Z #4 transferring context: 2B done
2025-07-25T13:32:42.8798947Z #4 DONE 0.0s
2025-07-25T13:32:42.8799145Z 
2025-07-25T13:32:42.8799744Z #5 [1/7] FROM docker.io/library/python:3.10-slim@sha256:81f1cdb3770d54ecfdbddcc52c2125fce674c14a1d976dfd8f65dc0734f9c3c5
2025-07-25T13:32:42.8801160Z #5 resolve docker.io/library/python:3.10-slim@sha256:81f1cdb3770d54ecfdbddcc52c2125fce674c14a1d976dfd8f65dc0734f9c3c5 done
2025-07-25T13:32:42.9800368Z #5 sha256:81f1cdb3770d54ecfdbddcc52c2125fce674c14a1d976dfd8f65dc0734f9c3c5 9.13kB / 9.13kB done
2025-07-25T13:32:42.9801521Z #5 sha256:5b73bbad254f55db4a64a6d5b4f237327f8be74d0b3caa953c59be1f9d21151f 1.75kB / 1.75kB done
2025-07-25T13:32:42.9802612Z #5 sha256:13839a48c354366e5535d8d9d6b5540b5d06814ca2befbee62af385cd0d121a4 5.37kB / 5.37kB done
2025-07-25T13:32:42.9803711Z #5 sha256:59e22667830bf04fb35e15ed9c70023e9d121719bb87f0db7f3159ee7c7e0b8d 0B / 28.23MB 0.1s
2025-07-25T13:32:42.9804776Z #5 sha256:12b8240e46e9f448e7eba19870e233d03c7160ca9b1777ab3ec2eeddf4349fa8 0B / 3.51MB 0.1s
2025-07-25T13:32:42.9805831Z #5 sha256:3fa1124e7cf3ed5061a51b47c3e7a138e1b25dce3c94e9967a6b2a9acfe36402 0B / 15.65MB 0.1s
2025-07-25T13:32:43.1849363Z #5 sha256:12b8240e46e9f448e7eba19870e233d03c7160ca9b1777ab3ec2eeddf4349fa8 3.51MB / 3.51MB 0.4s done
2025-07-25T13:32:43.1850559Z #5 sha256:00aa2453f38062a311a828d4d0790d1911a81372ad928c8856387ceccc7a6c12 0B / 250B 0.4s
2025-07-25T13:32:43.2852185Z #5 sha256:59e22667830bf04fb35e15ed9c70023e9d121719bb87f0db7f3159ee7c7e0b8d 2.10MB / 28.23MB 0.5s
2025-07-25T13:32:43.2853496Z #5 sha256:3fa1124e7cf3ed5061a51b47c3e7a138e1b25dce3c94e9967a6b2a9acfe36402 4.19MB / 15.65MB 0.5s
2025-07-25T13:32:43.4795348Z #5 sha256:59e22667830bf04fb35e15ed9c70023e9d121719bb87f0db7f3159ee7c7e0b8d 7.34MB / 28.23MB 0.6s
2025-07-25T13:32:43.4835701Z #5 sha256:3fa1124e7cf3ed5061a51b47c3e7a138e1b25dce3c94e9967a6b2a9acfe36402 10.53MB / 15.65MB 0.6s
2025-07-25T13:32:43.4848546Z #5 sha256:00aa2453f38062a311a828d4d0790d1911a81372ad928c8856387ceccc7a6c12 250B / 250B 0.6s
2025-07-25T13:32:43.5799044Z #5 sha256:59e22667830bf04fb35e15ed9c70023e9d121719bb87f0db7f3159ee7c7e0b8d 10.49MB / 28.23MB 0.7s
2025-07-25T13:32:43.5803645Z #5 sha256:3fa1124e7cf3ed5061a51b47c3e7a138e1b25dce3c94e9967a6b2a9acfe36402 15.65MB / 15.65MB 0.7s done
2025-07-25T13:32:43.5805336Z #5 sha256:00aa2453f38062a311a828d4d0790d1911a81372ad928c8856387ceccc7a6c12 250B / 250B 0.6s done
2025-07-25T13:32:43.6840772Z #5 sha256:59e22667830bf04fb35e15ed9c70023e9d121719bb87f0db7f3159ee7c7e0b8d 15.73MB / 28.23MB 0.9s
2025-07-25T13:32:43.8836137Z #5 ...
2025-07-25T13:32:43.8836532Z 
2025-07-25T13:32:43.8836698Z #6 [internal] load build context
2025-07-25T13:32:43.8837155Z #6 transferring context: 103.29MB 0.9s done
2025-07-25T13:32:43.8837450Z #6 DONE 0.9s
2025-07-25T13:32:43.8837581Z 
2025-07-25T13:32:43.8838250Z #5 [1/7] FROM docker.io/library/python:3.10-slim@sha256:81f1cdb3770d54ecfdbddcc52c2125fce674c14a1d976dfd8f65dc0734f9c3c5
2025-07-25T13:32:43.8839096Z #5 sha256:59e22667830bf04fb35e15ed9c70023e9d121719bb87f0db7f3159ee7c7e0b8d 20.97MB / 28.23MB 1.1s
2025-07-25T13:32:43.9843711Z #5 sha256:59e22667830bf04fb35e15ed9c70023e9d121719bb87f0db7f3159ee7c7e0b8d 23.07MB / 28.23MB 1.2s
2025-07-25T13:32:44.1643406Z #5 sha256:59e22667830bf04fb35e15ed9c70023e9d121719bb87f0db7f3159ee7c7e0b8d 26.21MB / 28.23MB 1.3s
2025-07-25T13:32:44.1644341Z #5 extracting sha256:59e22667830bf04fb35e15ed9c70023e9d121719bb87f0db7f3159ee7c7e0b8d
2025-07-25T13:32:44.2691013Z #5 sha256:59e22667830bf04fb35e15ed9c70023e9d121719bb87f0db7f3159ee7c7e0b8d 28.23MB / 28.23MB 1.3s done
2025-07-25T13:32:45.1760392Z #5 extracting sha256:59e22667830bf04fb35e15ed9c70023e9d121719bb87f0db7f3159ee7c7e0b8d 1.0s done
2025-07-25T13:32:45.3304782Z #5 extracting sha256:12b8240e46e9f448e7eba19870e233d03c7160ca9b1777ab3ec2eeddf4349fa8 0.1s
2025-07-25T13:32:45.4860110Z #5 extracting sha256:12b8240e46e9f448e7eba19870e233d03c7160ca9b1777ab3ec2eeddf4349fa8 0.1s done
2025-07-25T13:32:45.8689918Z #5 extracting sha256:3fa1124e7cf3ed5061a51b47c3e7a138e1b25dce3c94e9967a6b2a9acfe36402
2025-07-25T13:32:46.5537456Z #5 extracting sha256:3fa1124e7cf3ed5061a51b47c3e7a138e1b25dce3c94e9967a6b2a9acfe36402 0.6s done
2025-07-25T13:32:46.5538564Z #5 extracting sha256:00aa2453f38062a311a828d4d0790d1911a81372ad928c8856387ceccc7a6c12
2025-07-25T13:32:46.7390602Z #5 extracting sha256:00aa2453f38062a311a828d4d0790d1911a81372ad928c8856387ceccc7a6c12 done
2025-07-25T13:32:46.7391549Z #5 DONE 3.8s
2025-07-25T13:32:46.7391751Z 
2025-07-25T13:32:46.7394523Z #7 [2/7] RUN apt-get update && apt-get install -y --no-install-recommends     build-essential     python3-dev     curl     nano     git     && rm -rf /var/lib/apt/lists/*
2025-07-25T13:32:46.8077114Z #7 0.220 Get:1 http://deb.debian.org/debian bookworm InRelease [151 kB]
2025-07-25T13:32:46.9241131Z #7 0.227 Get:2 http://deb.debian.org/debian bookworm-updates InRelease [55.4 kB]
2025-07-25T13:32:46.9242092Z #7 0.228 Get:3 http://deb.debian.org/debian-security bookworm-security InRelease [48.0 kB]
2025-07-25T13:32:46.9242944Z #7 0.282 Get:4 http://deb.debian.org/debian bookworm/main amd64 Packages [8793 kB]
2025-07-25T13:32:46.9243789Z #7 0.336 Get:5 http://deb.debian.org/debian bookworm-updates/main amd64 Packages [756 B]
2025-07-25T13:32:47.1186642Z #7 0.380 Get:6 http://deb.debian.org/debian-security bookworm-security/main amd64 Packages [272 kB]
2025-07-25T13:32:47.6822970Z #7 1.094 Fetched 9320 kB in 1s (10.4 MB/s)
2025-07-25T13:32:48.0670527Z #7 1.094 Reading package lists...
2025-07-25T13:32:48.5021165Z #7 1.496 Reading package lists...
2025-07-25T13:32:48.6290659Z #7 1.924 Building dependency tree...
2025-07-25T13:32:48.7372003Z #7 2.041 Reading state information...
2025-07-25T13:32:48.7372619Z #7 2.149 The following additional packages will be installed:
2025-07-25T13:32:48.7373467Z #7 2.149   binutils binutils-common binutils-x86-64-linux-gnu bzip2 cpp cpp-12 dpkg-dev
2025-07-25T13:32:48.8891670Z #7 2.149   g++ g++-12 gcc gcc-12 git-man libasan8 libatomic1 libbinutils libbrotli1
2025-07-25T13:32:48.8892526Z #7 2.149   libc-dev-bin libc6-dev libcc1-0 libcrypt-dev libctf-nobfd0 libctf0
2025-07-25T13:32:48.8893416Z #7 2.150   libcurl3-gnutls libcurl4 libdpkg-perl liberror-perl libexpat1 libexpat1-dev
2025-07-25T13:32:48.8894272Z #7 2.150   libgcc-12-dev libgdbm-compat4 libgomp1 libgprofng0 libisl23 libitm1
2025-07-25T13:32:48.8895582Z #7 2.150   libjansson4 libjs-jquery libjs-sphinxdoc libjs-underscore libldap-2.5-0
2025-07-25T13:32:48.8896758Z #7 2.150   liblsan0 libmpc3 libmpfr6 libnghttp2-14 libnsl-dev libperl5.36 libpsl5
2025-07-25T13:32:48.8897582Z #7 2.150   libpython3-dev libpython3-stdlib libpython3.11 libpython3.11-dev
2025-07-25T13:32:48.8898418Z #7 2.150   libpython3.11-minimal libpython3.11-stdlib libquadmath0 librtmp1 libsasl2-2
2025-07-25T13:32:48.8899278Z #7 2.150   libsasl2-modules-db libssh2-1 libstdc++-12-dev libtirpc-dev libtsan2
2025-07-25T13:32:48.8900346Z #7 2.150   libubsan1 linux-libc-dev make media-types patch perl perl-modules-5.36
2025-07-25T13:32:48.8901178Z #7 2.150   python3 python3-distutils python3-lib2to3 python3-minimal python3.11
2025-07-25T13:32:48.8901995Z #7 2.150   python3.11-dev python3.11-minimal rpcsvc-proto xz-utils zlib1g-dev
2025-07-25T13:32:48.8902604Z #7 2.151 Suggested packages:
2025-07-25T13:32:48.8903190Z #7 2.151   binutils-doc bzip2-doc cpp-doc gcc-12-locales cpp-12-doc debian-keyring
2025-07-25T13:32:48.8904030Z #7 2.151   g++-multilib g++-12-multilib gcc-12-doc gcc-multilib manpages-dev autoconf
2025-07-25T13:32:48.8904840Z #7 2.151   automake libtool flex bison gdb gcc-doc gcc-12-multilib gettext-base
2025-07-25T13:32:48.8905671Z #7 2.151   git-daemon-run | git-daemon-sysvinit git-doc git-email git-gui gitk gitweb
2025-07-25T13:32:48.8906683Z #7 2.151   git-cvs git-mediawiki git-svn glibc-doc gnupg | sq | sqop | pgpainless-cli
2025-07-25T13:32:48.8907520Z #7 2.151   sensible-utils bzr libstdc++-12-doc make-doc hunspell ed diffutils-doc
2025-07-25T13:32:48.8908342Z #7 2.151   perl-doc libterm-readline-gnu-perl | libterm-readline-perl-perl
2025-07-25T13:32:48.8909140Z #7 2.151   libtap-harness-archive-perl python3-doc python3-tk python3-venv
2025-07-25T13:32:48.8909833Z #7 2.151   python3.11-venv python3.11-doc binfmt-support
2025-07-25T13:32:48.8910342Z #7 2.151 Recommended packages:
2025-07-25T13:32:48.8910916Z #7 2.151   fakeroot gnupg | sq | sqop | pgpainless-cli libalgorithm-merge-perl less
2025-07-25T13:32:48.8911746Z #7 2.151   ssh-client manpages manpages-dev libc-devtools libfile-fcntllock-perl
2025-07-25T13:32:48.8912594Z #7 2.151   liblocale-gettext-perl javascript-common libldap-common publicsuffix
2025-07-25T13:32:48.8913227Z #7 2.151   libsasl2-modules
2025-07-25T13:32:49.1483629Z #7 2.560 The following NEW packages will be installed:
2025-07-25T13:32:49.1484707Z #7 2.560   binutils binutils-common binutils-x86-64-linux-gnu build-essential bzip2 cpp
2025-07-25T13:32:49.2483286Z #7 2.561   cpp-12 curl dpkg-dev g++ g++-12 gcc gcc-12 git git-man libasan8 libatomic1
2025-07-25T13:32:49.2484755Z #7 2.561   libbinutils libbrotli1 libc-dev-bin libc6-dev libcc1-0 libcrypt-dev
2025-07-25T13:32:49.2486028Z #7 2.561   libctf-nobfd0 libctf0 libcurl3-gnutls libcurl4 libdpkg-perl liberror-perl
2025-07-25T13:32:49.2487154Z #7 2.561   libexpat1 libexpat1-dev libgcc-12-dev libgdbm-compat4 libgomp1 libgprofng0
2025-07-25T13:32:49.2488135Z #7 2.561   libisl23 libitm1 libjansson4 libjs-jquery libjs-sphinxdoc libjs-underscore
2025-07-25T13:32:49.2489089Z #7 2.561   libldap-2.5-0 liblsan0 libmpc3 libmpfr6 libnghttp2-14 libnsl-dev libperl5.36
2025-07-25T13:32:49.2489916Z #7 2.561   libpsl5 libpython3-dev libpython3-stdlib libpython3.11 libpython3.11-dev
2025-07-25T13:32:49.2490884Z #7 2.561   libpython3.11-minimal libpython3.11-stdlib libquadmath0 librtmp1 libsasl2-2
2025-07-25T13:32:49.2491577Z #7 2.561   libsasl2-modules-db libssh2-1 libstdc++-12-dev libtirpc-dev libtsan2
2025-07-25T13:32:49.2492355Z #7 2.562   libubsan1 linux-libc-dev make media-types nano patch perl perl-modules-5.36
2025-07-25T13:32:49.2493213Z #7 2.562   python3 python3-dev python3-distutils python3-lib2to3 python3-minimal
2025-07-25T13:32:49.2493990Z #7 2.562   python3.11 python3.11-dev python3.11-minimal rpcsvc-proto xz-utils
2025-07-25T13:32:49.2494417Z #7 2.562   zlib1g-dev
2025-07-25T13:32:49.2494712Z #7 2.584 0 upgraded, 82 newly installed, 0 to remove and 0 not upgraded.
2025-07-25T13:32:49.2495036Z #7 2.584 Need to get 100 MB of archives.
2025-07-25T13:32:49.2495587Z #7 2.584 After this operation, 431 MB of additional disk space will be used.
2025-07-25T13:32:49.2496158Z #7 2.584 Get:1 http://deb.debian.org/debian bookworm/main amd64 perl-modules-5.36 all 5.36.0-7+deb12u2 [2815 kB]
2025-07-25T13:32:49.2497015Z #7 2.601 Get:2 http://deb.debian.org/debian bookworm/main amd64 libgdbm-compat4 amd64 1.23-3 [48.2 kB]
2025-07-25T13:32:49.2497579Z #7 2.602 Get:3 http://deb.debian.org/debian bookworm/main amd64 libperl5.36 amd64 5.36.0-7+deb12u2 [4207 kB]
2025-07-25T13:32:49.2498297Z #7 2.617 Get:4 http://deb.debian.org/debian bookworm/main amd64 perl amd64 5.36.0-7+deb12u2 [239 kB]
2025-07-25T13:32:49.2498893Z #7 2.618 Get:5 http://deb.debian.org/debian bookworm/main amd64 libpython3.11-minimal amd64 3.11.2-6+deb12u6 [817 kB]
2025-07-25T13:32:49.2499494Z #7 2.621 Get:6 http://deb.debian.org/debian bookworm/main amd64 libexpat1 amd64 2.5.0-1+deb12u1 [98.9 kB]
2025-07-25T13:32:49.2500085Z #7 2.622 Get:7 http://deb.debian.org/debian bookworm/main amd64 python3.11-minimal amd64 3.11.2-6+deb12u6 [2064 kB]
2025-07-25T13:32:49.2500690Z #7 2.629 Get:8 http://deb.debian.org/debian bookworm/main amd64 python3-minimal amd64 3.11.2-1+b1 [26.3 kB]
2025-07-25T13:32:49.2501247Z #7 2.629 Get:9 http://deb.debian.org/debian bookworm/main amd64 media-types all 10.0.0 [26.1 kB]
2025-07-25T13:32:49.2501830Z #7 2.630 Get:10 http://deb.debian.org/debian bookworm/main amd64 libpython3.11-stdlib amd64 3.11.2-6+deb12u6 [1798 kB]
2025-07-25T13:32:49.2502895Z #7 2.637 Get:11 http://deb.debian.org/debian bookworm/main amd64 python3.11 amd64 3.11.2-6+deb12u6 [573 kB]
2025-07-25T13:32:49.2503888Z #7 2.639 Get:12 http://deb.debian.org/debian bookworm/main amd64 libpython3-stdlib amd64 3.11.2-1+b1 [9312 B]
2025-07-25T13:32:49.2504453Z #7 2.640 Get:13 http://deb.debian.org/debian bookworm/main amd64 python3 amd64 3.11.2-1+b1 [26.3 kB]
2025-07-25T13:32:49.2504976Z #7 2.640 Get:14 http://deb.debian.org/debian bookworm/main amd64 nano amd64 7.2-1+deb12u1 [690 kB]
2025-07-25T13:32:49.2505499Z #7 2.643 Get:15 http://deb.debian.org/debian bookworm/main amd64 bzip2 amd64 1.0.8-5+b1 [49.8 kB]
2025-07-25T13:32:49.2506008Z #7 2.643 Get:16 http://deb.debian.org/debian bookworm/main amd64 xz-utils amd64 5.4.1-1 [471 kB]
2025-07-25T13:32:49.2506719Z #7 2.645 Get:17 http://deb.debian.org/debian bookworm/main amd64 binutils-common amd64 2.40-2 [2487 kB]
2025-07-25T13:32:49.2507258Z #7 2.654 Get:18 http://deb.debian.org/debian bookworm/main amd64 libbinutils amd64 2.40-2 [572 kB]
2025-07-25T13:32:49.2507801Z #7 2.656 Get:19 http://deb.debian.org/debian bookworm/main amd64 libctf-nobfd0 amd64 2.40-2 [153 kB]
2025-07-25T13:32:49.2508678Z #7 2.657 Get:20 http://deb.debian.org/debian bookworm/main amd64 libctf0 amd64 2.40-2 [89.8 kB]
2025-07-25T13:32:49.2509572Z #7 2.658 Get:21 http://deb.debian.org/debian bookworm/main amd64 libgprofng0 amd64 2.40-2 [812 kB]
2025-07-25T13:32:49.2510419Z #7 2.661 Get:22 http://deb.debian.org/debian bookworm/main amd64 libjansson4 amd64 2.14-2 [40.8 kB]
2025-07-25T13:32:49.4211074Z #7 2.661 Get:23 http://deb.debian.org/debian bookworm/main amd64 binutils-x86-64-linux-gnu amd64 2.40-2 [2246 kB]
2025-07-25T13:32:49.4213423Z #7 2.669 Get:24 http://deb.debian.org/debian bookworm/main amd64 binutils amd64 2.40-2 [65.0 kB]
2025-07-25T13:32:49.4214458Z #7 2.669 Get:25 http://deb.debian.org/debian bookworm/main amd64 libc-dev-bin amd64 2.36-9+deb12u10 [47.1 kB]
2025-07-25T13:32:49.4215591Z #7 2.670 Get:26 http://deb.debian.org/debian-security bookworm-security/main amd64 linux-libc-dev amd64 6.1.140-1 [2145 kB]
2025-07-25T13:32:49.4216857Z #7 2.676 Get:27 http://deb.debian.org/debian bookworm/main amd64 libcrypt-dev amd64 1:4.4.33-2 [118 kB]
2025-07-25T13:32:49.4217845Z #7 2.676 Get:28 http://deb.debian.org/debian bookworm/main amd64 libtirpc-dev amd64 1.3.3+ds-1 [191 kB]
2025-07-25T13:32:49.4218770Z #7 2.677 Get:29 http://deb.debian.org/debian bookworm/main amd64 libnsl-dev amd64 1.3.0-2 [66.4 kB]
2025-07-25T13:32:49.4219967Z #7 2.678 Get:30 http://deb.debian.org/debian bookworm/main amd64 rpcsvc-proto amd64 1.4.3-1 [63.3 kB]
2025-07-25T13:32:49.4220959Z #7 2.678 Get:31 http://deb.debian.org/debian bookworm/main amd64 libc6-dev amd64 2.36-9+deb12u10 [1903 kB]
2025-07-25T13:32:49.4221884Z #7 2.685 Get:32 http://deb.debian.org/debian bookworm/main amd64 libisl23 amd64 0.25-1.1 [683 kB]
2025-07-25T13:32:49.4222793Z #7 2.688 Get:33 http://deb.debian.org/debian bookworm/main amd64 libmpfr6 amd64 4.2.0-1 [701 kB]
2025-07-25T13:32:49.4223665Z #7 2.690 Get:34 http://deb.debian.org/debian bookworm/main amd64 libmpc3 amd64 1.3.1-1 [51.5 kB]
2025-07-25T13:32:49.4224770Z #7 2.691 Get:35 http://deb.debian.org/debian bookworm/main amd64 cpp-12 amd64 12.2.0-14+deb12u1 [9768 kB]
2025-07-25T13:32:49.4225707Z #7 2.724 Get:36 http://deb.debian.org/debian bookworm/main amd64 cpp amd64 4:12.2.0-3 [6836 B]
2025-07-25T13:32:49.4226765Z #7 2.724 Get:37 http://deb.debian.org/debian bookworm/main amd64 libcc1-0 amd64 12.2.0-14+deb12u1 [41.7 kB]
2025-07-25T13:32:49.4227760Z #7 2.725 Get:38 http://deb.debian.org/debian bookworm/main amd64 libgomp1 amd64 12.2.0-14+deb12u1 [116 kB]
2025-07-25T13:32:49.4228738Z #7 2.725 Get:39 http://deb.debian.org/debian bookworm/main amd64 libitm1 amd64 12.2.0-14+deb12u1 [26.1 kB]
2025-07-25T13:32:49.4229695Z #7 2.726 Get:40 http://deb.debian.org/debian bookworm/main amd64 libatomic1 amd64 12.2.0-14+deb12u1 [9376 B]
2025-07-25T13:32:49.4230700Z #7 2.726 Get:41 http://deb.debian.org/debian bookworm/main amd64 libasan8 amd64 12.2.0-14+deb12u1 [2193 kB]
2025-07-25T13:32:49.4231644Z #7 2.734 Get:42 http://deb.debian.org/debian bookworm/main amd64 liblsan0 amd64 12.2.0-14+deb12u1 [969 kB]
2025-07-25T13:32:49.4232599Z #7 2.738 Get:43 http://deb.debian.org/debian bookworm/main amd64 libtsan2 amd64 12.2.0-14+deb12u1 [2197 kB]
2025-07-25T13:32:49.4233573Z #7 2.746 Get:44 http://deb.debian.org/debian bookworm/main amd64 libubsan1 amd64 12.2.0-14+deb12u1 [883 kB]
2025-07-25T13:32:49.4234541Z #7 2.749 Get:45 http://deb.debian.org/debian bookworm/main amd64 libquadmath0 amd64 12.2.0-14+deb12u1 [145 kB]
2025-07-25T13:32:49.4235582Z #7 2.750 Get:46 http://deb.debian.org/debian bookworm/main amd64 libgcc-12-dev amd64 12.2.0-14+deb12u1 [2437 kB]
2025-07-25T13:32:49.4236732Z #7 2.759 Get:47 http://deb.debian.org/debian bookworm/main amd64 gcc-12 amd64 12.2.0-14+deb12u1 [19.3 MB]
2025-07-25T13:32:49.4237655Z #7 2.833 Get:48 http://deb.debian.org/debian bookworm/main amd64 gcc amd64 4:12.2.0-3 [5216 B]
2025-07-25T13:32:49.5210818Z #7 2.833 Get:49 http://deb.debian.org/debian bookworm/main amd64 libstdc++-12-dev amd64 12.2.0-14+deb12u1 [2047 kB]
2025-07-25T13:32:49.5211954Z #7 2.841 Get:50 http://deb.debian.org/debian bookworm/main amd64 g++-12 amd64 12.2.0-14+deb12u1 [10.7 MB]
2025-07-25T13:32:49.5213006Z #7 2.877 Get:51 http://deb.debian.org/debian bookworm/main amd64 g++ amd64 4:12.2.0-3 [1356 B]
2025-07-25T13:32:49.5213803Z #7 2.877 Get:52 http://deb.debian.org/debian bookworm/main amd64 make amd64 4.3-4.1 [396 kB]
2025-07-25T13:32:49.5214366Z #7 2.879 Get:53 http://deb.debian.org/debian bookworm/main amd64 libdpkg-perl all 1.21.22 [603 kB]
2025-07-25T13:32:49.5215120Z #7 2.882 Get:54 http://deb.debian.org/debian bookworm/main amd64 patch amd64 2.7.6-7 [128 kB]
2025-07-25T13:32:49.5216568Z #7 2.882 Get:55 http://deb.debian.org/debian bookworm/main amd64 dpkg-dev all 1.21.22 [1353 kB]
2025-07-25T13:32:49.5217754Z #7 2.888 Get:56 http://deb.debian.org/debian bookworm/main amd64 build-essential amd64 12.9 [7704 B]
2025-07-25T13:32:49.5218683Z #7 2.888 Get:57 http://deb.debian.org/debian bookworm/main amd64 libbrotli1 amd64 1.0.9-2+b6 [275 kB]
2025-07-25T13:32:49.5219450Z #7 2.889 Get:58 http://deb.debian.org/debian bookworm/main amd64 libsasl2-modules-db amd64 2.1.28+dfsg-10 [20.3 kB]
2025-07-25T13:32:49.5220054Z #7 2.889 Get:59 http://deb.debian.org/debian bookworm/main amd64 libsasl2-2 amd64 2.1.28+dfsg-10 [59.7 kB]
2025-07-25T13:32:49.5220654Z #7 2.890 Get:60 http://deb.debian.org/debian bookworm/main amd64 libldap-2.5-0 amd64 2.5.13+dfsg-5 [183 kB]
2025-07-25T13:32:49.5223425Z #7 2.891 Get:61 http://deb.debian.org/debian bookworm/main amd64 libnghttp2-14 amd64 1.52.0-1+deb12u2 [73.0 kB]
2025-07-25T13:32:49.5224586Z #7 2.891 Get:62 http://deb.debian.org/debian bookworm/main amd64 libpsl5 amd64 0.21.2-1 [58.7 kB]
2025-07-25T13:32:49.5225595Z #7 2.892 Get:63 http://deb.debian.org/debian bookworm/main amd64 librtmp1 amd64 2.4+20151223.gitfa8646d.1-2+b2 [60.8 kB]
2025-07-25T13:32:49.5228178Z #7 2.892 Get:64 http://deb.debian.org/debian bookworm/main amd64 libssh2-1 amd64 1.10.0-3+b1 [179 kB]
2025-07-25T13:32:49.5228983Z #7 2.893 Get:65 http://deb.debian.org/debian bookworm/main amd64 libcurl4 amd64 7.88.1-10+deb12u12 [391 kB]
2025-07-25T13:32:49.5229575Z #7 2.895 Get:66 http://deb.debian.org/debian bookworm/main amd64 curl amd64 7.88.1-10+deb12u12 [315 kB]
2025-07-25T13:32:49.5232000Z #7 2.896 Get:67 http://deb.debian.org/debian bookworm/main amd64 libcurl3-gnutls amd64 7.88.1-10+deb12u12 [386 kB]
2025-07-25T13:32:49.5232613Z #7 2.898 Get:68 http://deb.debian.org/debian bookworm/main amd64 liberror-perl all 0.17029-2 [29.0 kB]
2025-07-25T13:32:49.5233187Z #7 2.898 Get:69 http://deb.debian.org/debian bookworm/main amd64 git-man all 1:2.39.5-0+deb12u2 [2053 kB]
2025-07-25T13:32:49.5233742Z #7 2.906 Get:70 http://deb.debian.org/debian bookworm/main amd64 git amd64 1:2.39.5-0+deb12u2 [7260 kB]
2025-07-25T13:32:49.5234303Z #7 2.931 Get:71 http://deb.debian.org/debian bookworm/main amd64 libexpat1-dev amd64 2.5.0-1+deb12u1 [150 kB]
2025-07-25T13:32:49.5234911Z #7 2.932 Get:72 http://deb.debian.org/debian bookworm/main amd64 libjs-jquery all 3.6.1+dfsg+~3.5.14-1 [326 kB]
2025-07-25T13:32:49.5235524Z #7 2.933 Get:73 http://deb.debian.org/debian bookworm/main amd64 libjs-underscore all 1.13.4~dfsg+~1.11.4-3 [116 kB]
2025-07-25T13:32:49.6589870Z #7 2.934 Get:74 http://deb.debian.org/debian bookworm/main amd64 libjs-sphinxdoc all 5.3.0-4 [130 kB]
2025-07-25T13:32:49.6590775Z #7 2.935 Get:75 http://deb.debian.org/debian bookworm/main amd64 libpython3.11 amd64 3.11.2-6+deb12u6 [1987 kB]
2025-07-25T13:32:49.6591587Z #7 2.942 Get:76 http://deb.debian.org/debian bookworm/main amd64 zlib1g-dev amd64 1:1.2.13.dfsg-1 [916 kB]
2025-07-25T13:32:49.6592355Z #7 2.945 Get:77 http://deb.debian.org/debian bookworm/main amd64 libpython3.11-dev amd64 3.11.2-6+deb12u6 [4742 kB]
2025-07-25T13:32:49.6593108Z #7 2.962 Get:78 http://deb.debian.org/debian bookworm/main amd64 libpython3-dev amd64 3.11.2-1+b1 [9572 B]
2025-07-25T13:32:49.6593852Z #7 2.962 Get:79 http://deb.debian.org/debian bookworm/main amd64 python3.11-dev amd64 3.11.2-6+deb12u6 [615 kB]
2025-07-25T13:32:49.6594601Z #7 2.964 Get:80 http://deb.debian.org/debian bookworm/main amd64 python3-lib2to3 all 3.11.2-3 [76.3 kB]
2025-07-25T13:32:49.6595303Z #7 2.965 Get:81 http://deb.debian.org/debian bookworm/main amd64 python3-distutils all 3.11.2-3 [131 kB]
2025-07-25T13:32:49.6595991Z #7 2.965 Get:82 http://deb.debian.org/debian bookworm/main amd64 python3-dev amd64 3.11.2-1+b1 [26.2 kB]
2025-07-25T13:32:49.6596808Z #7 3.071 debconf: delaying package configuration, since apt-utils is not installed
2025-07-25T13:32:49.8526727Z #7 3.091 Fetched 100 MB in 0s (253 MB/s)
2025-07-25T13:32:49.8527670Z #7 3.106 Selecting previously unselected package perl-modules-5.36.
2025-07-25T13:32:49.8528299Z #7 3.107 (Reading database ... 
2025-07-25T13:32:49.8528765Z (Reading database ... 5%
2025-07-25T13:32:49.8529138Z (Reading database ... 10%
2025-07-25T13:32:49.8529502Z (Reading database ... 15%
2025-07-25T13:32:49.8529830Z (Reading database ... 20%
2025-07-25T13:32:49.8530174Z (Reading database ... 25%
2025-07-25T13:32:49.8530541Z (Reading database ... 30%
2025-07-25T13:32:49.8530972Z (Reading database ... 35%
2025-07-25T13:32:49.8531299Z (Reading database ... 40%
2025-07-25T13:32:49.8531638Z (Reading database ... 45%
2025-07-25T13:32:49.8531970Z (Reading database ... 50%
2025-07-25T13:32:49.8532294Z (Reading database ... 55%
2025-07-25T13:32:49.8532635Z (Reading database ... 60%
2025-07-25T13:32:49.8532977Z (Reading database ... 65%
2025-07-25T13:32:49.8533340Z (Reading database ... 70%
2025-07-25T13:32:49.8533996Z (Reading database ... 75%
2025-07-25T13:32:49.8534385Z (Reading database ... 80%
2025-07-25T13:32:49.8534747Z (Reading database ... 85%
2025-07-25T13:32:49.8535066Z (Reading database ... 90%
2025-07-25T13:32:49.8535406Z (Reading database ... 95%
2025-07-25T13:32:49.8535747Z (Reading database ... 100%
2025-07-25T13:32:49.8536414Z (Reading database ... 6688 files and directories currently installed.)
2025-07-25T13:32:49.8537155Z #7 3.113 Preparing to unpack .../0-perl-modules-5.36_5.36.0-7+deb12u2_all.deb ...
2025-07-25T13:32:49.8538238Z #7 3.114 Unpacking perl-modules-5.36 (5.36.0-7+deb12u2) ...
2025-07-25T13:32:50.0003166Z #7 3.412 Selecting previously unselected package libgdbm-compat4:amd64.
2025-07-25T13:32:50.1755363Z #7 3.414 Preparing to unpack .../1-libgdbm-compat4_1.23-3_amd64.deb ...
2025-07-25T13:32:50.1757292Z #7 3.416 Unpacking libgdbm-compat4:amd64 (1.23-3) ...
2025-07-25T13:32:50.1758068Z #7 3.435 Selecting previously unselected package libperl5.36:amd64.
2025-07-25T13:32:50.1758886Z #7 3.436 Preparing to unpack .../2-libperl5.36_5.36.0-7+deb12u2_amd64.deb ...
2025-07-25T13:32:50.1759569Z #7 3.437 Unpacking libperl5.36:amd64 (5.36.0-7+deb12u2) ...
2025-07-25T13:32:50.3283308Z #7 3.740 Selecting previously unselected package perl.
2025-07-25T13:32:50.4548793Z #7 3.742 Preparing to unpack .../3-perl_5.36.0-7+deb12u2_amd64.deb ...
2025-07-25T13:32:50.4549295Z #7 3.750 Unpacking perl (5.36.0-7+deb12u2) ...
2025-07-25T13:32:50.4549716Z #7 3.782 Selecting previously unselected package libpython3.11-minimal:amd64.
2025-07-25T13:32:50.4550262Z #7 3.783 Preparing to unpack .../4-libpython3.11-minimal_3.11.2-6+deb12u6_amd64.deb ...
2025-07-25T13:32:50.4550753Z #7 3.785 Unpacking libpython3.11-minimal:amd64 (3.11.2-6+deb12u6) ...
2025-07-25T13:32:50.4551177Z #7 3.867 Selecting previously unselected package libexpat1:amd64.
2025-07-25T13:32:50.6270963Z #7 3.868 Preparing to unpack .../5-libexpat1_2.5.0-1+deb12u1_amd64.deb ...
2025-07-25T13:32:50.6271652Z #7 3.870 Unpacking libexpat1:amd64 (2.5.0-1+deb12u1) ...
2025-07-25T13:32:50.6272263Z #7 3.893 Selecting previously unselected package python3.11-minimal.
2025-07-25T13:32:50.6272730Z #7 3.894 Preparing to unpack .../6-python3.11-minimal_3.11.2-6+deb12u6_amd64.deb ...
2025-07-25T13:32:50.6273137Z #7 3.898 Unpacking python3.11-minimal (3.11.2-6+deb12u6) ...
2025-07-25T13:32:50.6273497Z #7 4.039 Setting up libpython3.11-minimal:amd64 (3.11.2-6+deb12u6) ...
2025-07-25T13:32:50.7860756Z #7 4.044 Setting up libexpat1:amd64 (2.5.0-1+deb12u1) ...
2025-07-25T13:32:50.7861443Z #7 4.048 Setting up python3.11-minimal (3.11.2-6+deb12u6) ...
2025-07-25T13:32:51.1681965Z #7 4.580 Selecting previously unselected package python3-minimal.
2025-07-25T13:32:51.3430092Z #7 4.580 (Reading database ... 
2025-07-25T13:32:51.3430526Z (Reading database ... 5%
2025-07-25T13:32:51.3430889Z (Reading database ... 10%
2025-07-25T13:32:51.3431211Z (Reading database ... 15%
2025-07-25T13:32:51.3431527Z (Reading database ... 20%
2025-07-25T13:32:51.3431852Z (Reading database ... 25%
2025-07-25T13:32:51.3432181Z (Reading database ... 30%
2025-07-25T13:32:51.3432488Z (Reading database ... 35%
2025-07-25T13:32:51.3432795Z (Reading database ... 40%
2025-07-25T13:32:51.3433087Z (Reading database ... 45%
2025-07-25T13:32:51.3433388Z (Reading database ... 50%
2025-07-25T13:32:51.3433686Z (Reading database ... 55%
2025-07-25T13:32:51.3433976Z (Reading database ... 60%
2025-07-25T13:32:51.3434278Z (Reading database ... 65%
2025-07-25T13:32:51.3434573Z (Reading database ... 70%
2025-07-25T13:32:51.3434873Z (Reading database ... 75%
2025-07-25T13:32:51.3435169Z (Reading database ... 80%
2025-07-25T13:32:51.3435464Z (Reading database ... 85%
2025-07-25T13:32:51.3435751Z (Reading database ... 90%
2025-07-25T13:32:51.3436051Z (Reading database ... 95%
2025-07-25T13:32:51.3436593Z (Reading database ... 100%
2025-07-25T13:32:51.3437029Z (Reading database ... 9003 files and directories currently installed.)
2025-07-25T13:32:51.3437664Z #7 4.586 Preparing to unpack .../python3-minimal_3.11.2-1+b1_amd64.deb ...
2025-07-25T13:32:51.3438477Z #7 4.587 Unpacking python3-minimal (3.11.2-1+b1) ...
2025-07-25T13:32:51.3438984Z #7 4.607 Selecting previously unselected package media-types.
2025-07-25T13:32:51.3439510Z #7 4.608 Preparing to unpack .../media-types_10.0.0_all.deb ...
2025-07-25T13:32:51.3439969Z #7 4.609 Unpacking media-types (10.0.0) ...
2025-07-25T13:32:51.3440499Z #7 4.625 Selecting previously unselected package libpython3.11-stdlib:amd64.
2025-07-25T13:32:51.3441186Z #7 4.626 Preparing to unpack .../libpython3.11-stdlib_3.11.2-6+deb12u6_amd64.deb ...
2025-07-25T13:32:51.3442026Z #7 4.627 Unpacking libpython3.11-stdlib:amd64 (3.11.2-6+deb12u6) ...
2025-07-25T13:32:51.3442582Z #7 4.755 Selecting previously unselected package python3.11.
2025-07-25T13:32:51.5046375Z #7 4.757 Preparing to unpack .../python3.11_3.11.2-6+deb12u6_amd64.deb ...
2025-07-25T13:32:51.5047067Z #7 4.758 Unpacking python3.11 (3.11.2-6+deb12u6) ...
2025-07-25T13:32:51.5047714Z #7 4.782 Selecting previously unselected package libpython3-stdlib:amd64.
2025-07-25T13:32:51.5048495Z #7 4.783 Preparing to unpack .../libpython3-stdlib_3.11.2-1+b1_amd64.deb ...
2025-07-25T13:32:51.5049137Z #7 4.784 Unpacking libpython3-stdlib:amd64 (3.11.2-1+b1) ...
2025-07-25T13:32:51.5049510Z #7 4.799 Setting up python3-minimal (3.11.2-1+b1) ...
2025-07-25T13:32:51.5049853Z #7 4.917 Selecting previously unselected package python3.
2025-07-25T13:32:51.6226514Z #7 4.917 (Reading database ... 
2025-07-25T13:32:51.6227288Z (Reading database ... 5%
2025-07-25T13:32:51.6227894Z (Reading database ... 10%
2025-07-25T13:32:51.6228312Z (Reading database ... 15%
2025-07-25T13:32:51.6228605Z (Reading database ... 20%
2025-07-25T13:32:51.6228814Z (Reading database ... 25%
2025-07-25T13:32:51.6229120Z (Reading database ... 30%
2025-07-25T13:32:51.6229351Z (Reading database ... 35%
2025-07-25T13:32:51.6229552Z (Reading database ... 40%
2025-07-25T13:32:51.6229758Z (Reading database ... 45%
2025-07-25T13:32:51.6230117Z (Reading database ... 50%
2025-07-25T13:32:51.6230334Z (Reading database ... 55%
2025-07-25T13:32:51.6230552Z (Reading database ... 60%
2025-07-25T13:32:51.6230862Z (Reading database ... 65%
2025-07-25T13:32:51.6231077Z (Reading database ... 70%
2025-07-25T13:32:51.6231278Z (Reading database ... 75%
2025-07-25T13:32:51.6231468Z (Reading database ... 80%
2025-07-25T13:32:51.6231665Z (Reading database ... 85%
2025-07-25T13:32:51.6231866Z (Reading database ... 90%
2025-07-25T13:32:51.6232057Z (Reading database ... 95%
2025-07-25T13:32:51.6232257Z (Reading database ... 100%
2025-07-25T13:32:51.6232574Z (Reading database ... 9413 files and directories currently installed.)
2025-07-25T13:32:51.6233015Z #7 4.923 Preparing to unpack .../00-python3_3.11.2-1+b1_amd64.deb ...
2025-07-25T13:32:51.6233359Z #7 4.927 Unpacking python3 (3.11.2-1+b1) ...
2025-07-25T13:32:51.6233680Z #7 4.946 Selecting previously unselected package nano.
2025-07-25T13:32:51.6234041Z #7 4.947 Preparing to unpack .../01-nano_7.2-1+deb12u1_amd64.deb ...
2025-07-25T13:32:51.6234370Z #7 4.948 Unpacking nano (7.2-1+deb12u1) ...
2025-07-25T13:32:51.6234673Z #7 5.012 Selecting previously unselected package bzip2.
2025-07-25T13:32:51.6235049Z #7 5.014 Preparing to unpack .../02-bzip2_1.0.8-5+b1_amd64.deb ...
2025-07-25T13:32:51.6235368Z #7 5.015 Unpacking bzip2 (1.0.8-5+b1) ...
2025-07-25T13:32:51.6235671Z #7 5.035 Selecting previously unselected package xz-utils.
2025-07-25T13:32:51.8264195Z #7 5.036 Preparing to unpack .../03-xz-utils_5.4.1-1_amd64.deb ...
2025-07-25T13:32:51.8265333Z #7 5.037 Unpacking xz-utils (5.4.1-1) ...
2025-07-25T13:32:51.8265987Z #7 5.086 Selecting previously unselected package binutils-common:amd64.
2025-07-25T13:32:51.8266904Z #7 5.087 Preparing to unpack .../04-binutils-common_2.40-2_amd64.deb ...
2025-07-25T13:32:51.8267529Z #7 5.088 Unpacking binutils-common:amd64 (2.40-2) ...
2025-07-25T13:32:51.8440012Z #7 5.256 Selecting previously unselected package libbinutils:amd64.
2025-07-25T13:32:51.9464682Z #7 5.258 Preparing to unpack .../05-libbinutils_2.40-2_amd64.deb ...
2025-07-25T13:32:51.9466388Z #7 5.259 Unpacking libbinutils:amd64 (2.40-2) ...
2025-07-25T13:32:51.9467003Z #7 5.307 Selecting previously unselected package libctf-nobfd0:amd64.
2025-07-25T13:32:51.9467670Z #7 5.309 Preparing to unpack .../06-libctf-nobfd0_2.40-2_amd64.deb ...
2025-07-25T13:32:51.9468211Z #7 5.310 Unpacking libctf-nobfd0:amd64 (2.40-2) ...
2025-07-25T13:32:51.9468722Z #7 5.335 Selecting previously unselected package libctf0:amd64.
2025-07-25T13:32:51.9469274Z #7 5.337 Preparing to unpack .../07-libctf0_2.40-2_amd64.deb ...
2025-07-25T13:32:51.9469961Z #7 5.338 Unpacking libctf0:amd64 (2.40-2) ...
2025-07-25T13:32:51.9470471Z #7 5.359 Selecting previously unselected package libgprofng0:amd64.
2025-07-25T13:32:52.1903133Z #7 5.360 Preparing to unpack .../08-libgprofng0_2.40-2_amd64.deb ...
2025-07-25T13:32:52.1903816Z #7 5.361 Unpacking libgprofng0:amd64 (2.40-2) ...
2025-07-25T13:32:52.1904295Z #7 5.427 Selecting previously unselected package libjansson4:amd64.
2025-07-25T13:32:52.1904950Z #7 5.429 Preparing to unpack .../09-libjansson4_2.14-2_amd64.deb ...
2025-07-25T13:32:52.1905546Z #7 5.430 Unpacking libjansson4:amd64 (2.14-2) ...
2025-07-25T13:32:52.1906030Z #7 5.449 Selecting previously unselected package binutils-x86-64-linux-gnu.
2025-07-25T13:32:52.1907085Z #7 5.450 Preparing to unpack .../10-binutils-x86-64-linux-gnu_2.40-2_amd64.deb ...
2025-07-25T13:32:52.1907626Z #7 5.452 Unpacking binutils-x86-64-linux-gnu (2.40-2) ...
2025-07-25T13:32:52.2403241Z #7 5.652 Selecting previously unselected package binutils.
2025-07-25T13:32:52.4422706Z #7 5.654 Preparing to unpack .../11-binutils_2.40-2_amd64.deb ...
2025-07-25T13:32:52.4423102Z #7 5.655 Unpacking binutils (2.40-2) ...
2025-07-25T13:32:52.4423444Z #7 5.677 Selecting previously unselected package libc-dev-bin.
2025-07-25T13:32:52.4423879Z #7 5.678 Preparing to unpack .../12-libc-dev-bin_2.36-9+deb12u10_amd64.deb ...
2025-07-25T13:32:52.4424267Z #7 5.679 Unpacking libc-dev-bin (2.36-9+deb12u10) ...
2025-07-25T13:32:52.4424664Z #7 5.698 Selecting previously unselected package linux-libc-dev:amd64.
2025-07-25T13:32:52.4425080Z #7 5.699 Preparing to unpack .../13-linux-libc-dev_6.1.140-1_amd64.deb ...
2025-07-25T13:32:52.4425451Z #7 5.704 Unpacking linux-libc-dev:amd64 (6.1.140-1) ...
2025-07-25T13:32:52.4777761Z #7 5.890 Selecting previously unselected package libcrypt-dev:amd64.
2025-07-25T13:32:52.5826540Z #7 5.892 Preparing to unpack .../14-libcrypt-dev_1%3a4.4.33-2_amd64.deb ...
2025-07-25T13:32:52.5827098Z #7 5.897 Unpacking libcrypt-dev:amd64 (1:4.4.33-2) ...
2025-07-25T13:32:52.5827501Z #7 5.920 Selecting previously unselected package libtirpc-dev:amd64.
2025-07-25T13:32:52.5827935Z #7 5.921 Preparing to unpack .../15-libtirpc-dev_1.3.3+ds-1_amd64.deb ...
2025-07-25T13:32:52.5828321Z #7 5.922 Unpacking libtirpc-dev:amd64 (1.3.3+ds-1) ...
2025-07-25T13:32:52.5828664Z #7 5.950 Selecting previously unselected package libnsl-dev:amd64.
2025-07-25T13:32:52.5829049Z #7 5.952 Preparing to unpack .../16-libnsl-dev_1.3.0-2_amd64.deb ...
2025-07-25T13:32:52.5829399Z #7 5.953 Unpacking libnsl-dev:amd64 (1.3.0-2) ...
2025-07-25T13:32:52.5829736Z #7 5.971 Selecting previously unselected package rpcsvc-proto.
2025-07-25T13:32:52.5830117Z #7 5.973 Preparing to unpack .../17-rpcsvc-proto_1.4.3-1_amd64.deb ...
2025-07-25T13:32:52.5830455Z #7 5.974 Unpacking rpcsvc-proto (1.4.3-1) ...
2025-07-25T13:32:52.5830784Z #7 5.995 Selecting previously unselected package libc6-dev:amd64.
2025-07-25T13:32:52.7322466Z #7 5.996 Preparing to unpack .../18-libc6-dev_2.36-9+deb12u10_amd64.deb ...
2025-07-25T13:32:52.7323744Z #7 5.997 Unpacking libc6-dev:amd64 (2.36-9+deb12u10) ...
2025-07-25T13:32:52.7324305Z #7 6.144 Selecting previously unselected package libisl23:amd64.
2025-07-25T13:32:52.8424573Z #7 6.146 Preparing to unpack .../19-libisl23_0.25-1.1_amd64.deb ...
2025-07-25T13:32:52.8425196Z #7 6.148 Unpacking libisl23:amd64 (0.25-1.1) ...
2025-07-25T13:32:52.8425738Z #7 6.211 Selecting previously unselected package libmpfr6:amd64.
2025-07-25T13:32:52.8427435Z #7 6.213 Preparing to unpack .../20-libmpfr6_4.2.0-1_amd64.deb ...
2025-07-25T13:32:52.8428106Z #7 6.214 Unpacking libmpfr6:amd64 (4.2.0-1) ...
2025-07-25T13:32:52.8428615Z #7 6.255 Selecting previously unselected package libmpc3:amd64.
2025-07-25T13:32:53.0149234Z #7 6.256 Preparing to unpack .../21-libmpc3_1.3.1-1_amd64.deb ...
2025-07-25T13:32:53.0149855Z #7 6.258 Unpacking libmpc3:amd64 (1.3.1-1) ...
2025-07-25T13:32:53.0150405Z #7 6.275 Selecting previously unselected package cpp-12.
2025-07-25T13:32:53.0151070Z #7 6.276 Preparing to unpack .../22-cpp-12_12.2.0-14+deb12u1_amd64.deb ...
2025-07-25T13:32:53.0151945Z #7 6.277 Unpacking cpp-12 (12.2.0-14+deb12u1) ...
2025-07-25T13:32:53.3553408Z #7 6.767 Selecting previously unselected package cpp.
2025-07-25T13:32:53.4560072Z #7 6.769 Preparing to unpack .../23-cpp_4%3a12.2.0-3_amd64.deb ...
2025-07-25T13:32:53.4560573Z #7 6.770 Unpacking cpp (4:12.2.0-3) ...
2025-07-25T13:32:53.4560933Z #7 6.786 Selecting previously unselected package libcc1-0:amd64.
2025-07-25T13:32:53.4561381Z #7 6.787 Preparing to unpack .../24-libcc1-0_12.2.0-14+deb12u1_amd64.deb ...
2025-07-25T13:32:53.4561779Z #7 6.788 Unpacking libcc1-0:amd64 (12.2.0-14+deb12u1) ...
2025-07-25T13:32:53.4562144Z #7 6.806 Selecting previously unselected package libgomp1:amd64.
2025-07-25T13:32:53.4562554Z #7 6.807 Preparing to unpack .../25-libgomp1_12.2.0-14+deb12u1_amd64.deb ...
2025-07-25T13:32:53.4562943Z #7 6.808 Unpacking libgomp1:amd64 (12.2.0-14+deb12u1) ...
2025-07-25T13:32:53.4563302Z #7 6.831 Selecting previously unselected package libitm1:amd64.
2025-07-25T13:32:53.4563797Z #7 6.832 Preparing to unpack .../26-libitm1_12.2.0-14+deb12u1_amd64.deb ...
2025-07-25T13:32:53.4564172Z #7 6.833 Unpacking libitm1:amd64 (12.2.0-14+deb12u1) ...
2025-07-25T13:32:53.4564538Z #7 6.850 Selecting previously unselected package libatomic1:amd64.
2025-07-25T13:32:53.4564961Z #7 6.851 Preparing to unpack .../27-libatomic1_12.2.0-14+deb12u1_amd64.deb ...
2025-07-25T13:32:53.4565352Z #7 6.852 Unpacking libatomic1:amd64 (12.2.0-14+deb12u1) ...
2025-07-25T13:32:53.4565722Z #7 6.867 Selecting previously unselected package libasan8:amd64.
2025-07-25T13:32:53.4566124Z #7 6.868 Preparing to unpack .../28-libasan8_12.2.0-14+deb12u1_amd64.deb ...
2025-07-25T13:32:53.6075946Z #7 6.869 Unpacking libasan8:amd64 (12.2.0-14+deb12u1) ...
2025-07-25T13:32:53.6083294Z #7 7.020 Selecting previously unselected package liblsan0:amd64.
2025-07-25T13:32:53.8383386Z #7 7.022 Preparing to unpack .../29-liblsan0_12.2.0-14+deb12u1_amd64.deb ...
2025-07-25T13:32:53.8383982Z #7 7.023 Unpacking liblsan0:amd64 (12.2.0-14+deb12u1) ...
2025-07-25T13:32:53.8384541Z #7 7.097 Selecting previously unselected package libtsan2:amd64.
2025-07-25T13:32:53.8385242Z #7 7.099 Preparing to unpack .../30-libtsan2_12.2.0-14+deb12u1_amd64.deb ...
2025-07-25T13:32:53.8385891Z #7 7.100 Unpacking libtsan2:amd64 (12.2.0-14+deb12u1) ...
2025-07-25T13:32:53.8391607Z #7 7.251 Selecting previously unselected package libubsan1:amd64.
2025-07-25T13:32:53.9401470Z #7 7.253 Preparing to unpack .../31-libubsan1_12.2.0-14+deb12u1_amd64.deb ...
2025-07-25T13:32:53.9401933Z #7 7.254 Unpacking libubsan1:amd64 (12.2.0-14+deb12u1) ...
2025-07-25T13:32:53.9402328Z #7 7.324 Selecting previously unselected package libquadmath0:amd64.
2025-07-25T13:32:53.9402768Z #7 7.326 Preparing to unpack .../32-libquadmath0_12.2.0-14+deb12u1_amd64.deb ...
2025-07-25T13:32:53.9403199Z #7 7.327 Unpacking libquadmath0:amd64 (12.2.0-14+deb12u1) ...
2025-07-25T13:32:53.9403596Z #7 7.350 Selecting previously unselected package libgcc-12-dev:amd64.
2025-07-25T13:32:53.9404050Z #7 7.351 Preparing to unpack .../33-libgcc-12-dev_12.2.0-14+deb12u1_amd64.deb ...
2025-07-25T13:32:53.9404456Z #7 7.352 Unpacking libgcc-12-dev:amd64 (12.2.0-14+deb12u1) ...
2025-07-25T13:32:54.0944573Z #7 7.507 Selecting previously unselected package gcc-12.
2025-07-25T13:32:54.2476469Z #7 7.508 Preparing to unpack .../34-gcc-12_12.2.0-14+deb12u1_amd64.deb ...
2025-07-25T13:32:54.2477506Z #7 7.509 Unpacking gcc-12 (12.2.0-14+deb12u1) ...
2025-07-25T13:32:54.6887883Z #7 8.101 Selecting previously unselected package gcc.
2025-07-25T13:32:54.8638985Z #7 8.102 Preparing to unpack .../35-gcc_4%3a12.2.0-3_amd64.deb ...
2025-07-25T13:32:54.8639556Z #7 8.104 Unpacking gcc (4:12.2.0-3) ...
2025-07-25T13:32:54.8639982Z #7 8.123 Selecting previously unselected package libstdc++-12-dev:amd64.
2025-07-25T13:32:54.8640544Z #7 8.124 Preparing to unpack .../36-libstdc++-12-dev_12.2.0-14+deb12u1_amd64.deb ...
2025-07-25T13:32:54.8641051Z #7 8.126 Unpacking libstdc++-12-dev:amd64 (12.2.0-14+deb12u1) ...
2025-07-25T13:32:54.9513334Z #7 8.363 Selecting previously unselected package g++-12.
2025-07-25T13:32:55.1048338Z #7 8.365 Preparing to unpack .../37-g++-12_12.2.0-14+deb12u1_amd64.deb ...
2025-07-25T13:32:55.1049027Z #7 8.366 Unpacking g++-12 (12.2.0-14+deb12u1) ...
2025-07-25T13:32:55.4633452Z #7 8.875 Selecting previously unselected package g++.
2025-07-25T13:32:55.5847962Z #7 8.877 Preparing to unpack .../38-g++_4%3a12.2.0-3_amd64.deb ...
2025-07-25T13:32:55.5848465Z #7 8.878 Unpacking g++ (4:12.2.0-3) ...
2025-07-25T13:32:55.5848849Z #7 8.894 Selecting previously unselected package make.
2025-07-25T13:32:55.5849260Z #7 8.895 Preparing to unpack .../39-make_4.3-4.1_amd64.deb ...
2025-07-25T13:32:55.5849616Z #7 8.897 Unpacking make (4.3-4.1) ...
2025-07-25T13:32:55.5849979Z #7 8.940 Selecting previously unselected package libdpkg-perl.
2025-07-25T13:32:55.5850409Z #7 8.941 Preparing to unpack .../40-libdpkg-perl_1.21.22_all.deb ...
2025-07-25T13:32:55.5850790Z #7 8.942 Unpacking libdpkg-perl (1.21.22) ...
2025-07-25T13:32:55.5851148Z #7 8.997 Selecting previously unselected package patch.
2025-07-25T13:32:55.6959220Z #7 8.999 Preparing to unpack .../41-patch_2.7.6-7_amd64.deb ...
2025-07-25T13:32:55.6959777Z #7 9.000 Unpacking patch (2.7.6-7) ...
2025-07-25T13:32:55.6960254Z #7 9.021 Selecting previously unselected package dpkg-dev.
2025-07-25T13:32:55.6960827Z #7 9.022 Preparing to unpack .../42-dpkg-dev_1.21.22_all.deb ...
2025-07-25T13:32:55.6961311Z #7 9.023 Unpacking dpkg-dev (1.21.22) ...
2025-07-25T13:32:55.6961840Z #7 9.108 Selecting previously unselected package build-essential.
2025-07-25T13:32:55.8234574Z #7 9.110 Preparing to unpack .../43-build-essential_12.9_amd64.deb ...
2025-07-25T13:32:55.8235739Z #7 9.111 Unpacking build-essential (12.9) ...
2025-07-25T13:32:55.8236705Z #7 9.127 Selecting previously unselected package libbrotli1:amd64.
2025-07-25T13:32:55.8237403Z #7 9.129 Preparing to unpack .../44-libbrotli1_1.0.9-2+b6_amd64.deb ...
2025-07-25T13:32:55.8238016Z #7 9.130 Unpacking libbrotli1:amd64 (1.0.9-2+b6) ...
2025-07-25T13:32:55.8238645Z #7 9.163 Selecting previously unselected package libsasl2-modules-db:amd64.
2025-07-25T13:32:55.8239420Z #7 9.164 Preparing to unpack .../45-libsasl2-modules-db_2.1.28+dfsg-10_amd64.deb ...
2025-07-25T13:32:55.8240143Z #7 9.166 Unpacking libsasl2-modules-db:amd64 (2.1.28+dfsg-10) ...
2025-07-25T13:32:55.8240785Z #7 9.183 Selecting previously unselected package libsasl2-2:amd64.
2025-07-25T13:32:55.8241488Z #7 9.185 Preparing to unpack .../46-libsasl2-2_2.1.28+dfsg-10_amd64.deb ...
2025-07-25T13:32:55.8242099Z #7 9.186 Unpacking libsasl2-2:amd64 (2.1.28+dfsg-10) ...
2025-07-25T13:32:55.8242701Z #7 9.205 Selecting previously unselected package libldap-2.5-0:amd64.
2025-07-25T13:32:55.8243424Z #7 9.206 Preparing to unpack .../47-libldap-2.5-0_2.5.13+dfsg-5_amd64.deb ...
2025-07-25T13:32:55.8244056Z #7 9.207 Unpacking libldap-2.5-0:amd64 (2.5.13+dfsg-5) ...
2025-07-25T13:32:55.8244668Z #7 9.236 Selecting previously unselected package libnghttp2-14:amd64.
2025-07-25T13:32:55.9239271Z #7 9.237 Preparing to unpack .../48-libnghttp2-14_1.52.0-1+deb12u2_amd64.deb ...
2025-07-25T13:32:55.9239933Z #7 9.238 Unpacking libnghttp2-14:amd64 (1.52.0-1+deb12u2) ...
2025-07-25T13:32:55.9240321Z #7 9.258 Selecting previously unselected package libpsl5:amd64.
2025-07-25T13:32:55.9240711Z #7 9.260 Preparing to unpack .../49-libpsl5_0.21.2-1_amd64.deb ...
2025-07-25T13:32:55.9241058Z #7 9.261 Unpacking libpsl5:amd64 (0.21.2-1) ...
2025-07-25T13:32:55.9241649Z #7 9.280 Selecting previously unselected package librtmp1:amd64.
2025-07-25T13:32:55.9242099Z #7 9.281 Preparing to unpack .../50-librtmp1_2.4+20151223.gitfa8646d.1-2+b2_amd64.deb ...
2025-07-25T13:32:55.9242538Z #7 9.282 Unpacking librtmp1:amd64 (2.4+20151223.gitfa8646d.1-2+b2) ...
2025-07-25T13:32:55.9242936Z #7 9.306 Selecting previously unselected package libssh2-1:amd64.
2025-07-25T13:32:55.9243326Z #7 9.307 Preparing to unpack .../51-libssh2-1_1.10.0-3+b1_amd64.deb ...
2025-07-25T13:32:55.9243817Z #7 9.308 Unpacking libssh2-1:amd64 (1.10.0-3+b1) ...
2025-07-25T13:32:55.9244146Z #7 9.336 Selecting previously unselected package libcurl4:amd64.
2025-07-25T13:32:56.0316433Z #7 9.337 Preparing to unpack .../52-libcurl4_7.88.1-10+deb12u12_amd64.deb ...
2025-07-25T13:32:56.0317147Z #7 9.338 Unpacking libcurl4:amd64 (7.88.1-10+deb12u12) ...
2025-07-25T13:32:56.0317712Z #7 9.373 Selecting previously unselected package curl.
2025-07-25T13:32:56.0318350Z #7 9.374 Preparing to unpack .../53-curl_7.88.1-10+deb12u12_amd64.deb ...
2025-07-25T13:32:56.0318943Z #7 9.376 Unpacking curl (7.88.1-10+deb12u12) ...
2025-07-25T13:32:56.0319538Z #7 9.406 Selecting previously unselected package libcurl3-gnutls:amd64.
2025-07-25T13:32:56.0320141Z #7 9.408 Preparing to unpack .../54-libcurl3-gnutls_7.88.1-10+deb12u12_amd64.deb ...
2025-07-25T13:32:56.0320577Z #7 9.409 Unpacking libcurl3-gnutls:amd64 (7.88.1-10+deb12u12) ...
2025-07-25T13:32:56.0320955Z #7 9.444 Selecting previously unselected package liberror-perl.
2025-07-25T13:32:56.1423559Z #7 9.445 Preparing to unpack .../55-liberror-perl_0.17029-2_all.deb ...
2025-07-25T13:32:56.1424059Z #7 9.447 Unpacking liberror-perl (0.17029-2) ...
2025-07-25T13:32:56.1424463Z #7 9.465 Selecting previously unselected package git-man.
2025-07-25T13:32:56.1424936Z #7 9.466 Preparing to unpack .../56-git-man_1%3a2.39.5-0+deb12u2_all.deb ...
2025-07-25T13:32:56.1425371Z #7 9.467 Unpacking git-man (1:2.39.5-0+deb12u2) ...
2025-07-25T13:32:56.1425739Z #7 9.554 Selecting previously unselected package git.
2025-07-25T13:32:56.3003187Z #7 9.556 Preparing to unpack .../57-git_1%3a2.39.5-0+deb12u2_amd64.deb ...
2025-07-25T13:32:56.3003859Z #7 9.562 Unpacking git (1:2.39.5-0+deb12u2) ...
2025-07-25T13:32:56.4594850Z #7 9.872 Selecting previously unselected package libexpat1-dev:amd64.
2025-07-25T13:32:56.5812178Z #7 9.874 Preparing to unpack .../58-libexpat1-dev_2.5.0-1+deb12u1_amd64.deb ...
2025-07-25T13:32:56.5812932Z #7 9.875 Unpacking libexpat1-dev:amd64 (2.5.0-1+deb12u1) ...
2025-07-25T13:32:56.5813576Z #7 9.902 Selecting previously unselected package libjs-jquery.
2025-07-25T13:32:56.5814271Z #7 9.903 Preparing to unpack .../59-libjs-jquery_3.6.1+dfsg+~3.5.14-1_all.deb ...
2025-07-25T13:32:56.5814925Z #7 9.909 Unpacking libjs-jquery (3.6.1+dfsg+~3.5.14-1) ...
2025-07-25T13:32:56.5815492Z #7 9.940 Selecting previously unselected package libjs-underscore.
2025-07-25T13:32:56.5815976Z #7 9.942 Preparing to unpack .../60-libjs-underscore_1.13.4~dfsg+~1.11.4-3_all.deb ...
2025-07-25T13:32:56.5816789Z #7 9.943 Unpacking libjs-underscore (1.13.4~dfsg+~1.11.4-3) ...
2025-07-25T13:32:56.5817186Z #7 9.964 Selecting previously unselected package libjs-sphinxdoc.
2025-07-25T13:32:56.5817614Z #7 9.965 Preparing to unpack .../61-libjs-sphinxdoc_5.3.0-4_all.deb ...
2025-07-25T13:32:56.5817982Z #7 9.966 Unpacking libjs-sphinxdoc (5.3.0-4) ...
2025-07-25T13:32:56.5818348Z #7 9.993 Selecting previously unselected package libpython3.11:amd64.
2025-07-25T13:32:56.7345708Z #7 9.995 Preparing to unpack .../62-libpython3.11_3.11.2-6+deb12u6_amd64.deb ...
2025-07-25T13:32:56.7346689Z #7 9.996 Unpacking libpython3.11:amd64 (3.11.2-6+deb12u6) ...
2025-07-25T13:32:56.7366839Z #7 10.15 Selecting previously unselected package zlib1g-dev:amd64.
2025-07-25T13:32:56.9282870Z #7 10.15 Preparing to unpack .../63-zlib1g-dev_1%3a1.2.13.dfsg-1_amd64.deb ...
2025-07-25T13:32:56.9284524Z #7 10.15 Unpacking zlib1g-dev:amd64 (1:1.2.13.dfsg-1) ...
2025-07-25T13:32:56.9285204Z #7 10.19 Selecting previously unselected package libpython3.11-dev:amd64.
2025-07-25T13:32:56.9286641Z #7 10.19 Preparing to unpack .../64-libpython3.11-dev_3.11.2-6+deb12u6_amd64.deb ...
2025-07-25T13:32:56.9287412Z #7 10.19 Unpacking libpython3.11-dev:amd64 (3.11.2-6+deb12u6) ...
2025-07-25T13:32:57.0922663Z #7 10.50 Selecting previously unselected package libpython3-dev:amd64.
2025-07-25T13:32:57.2127126Z #7 10.51 Preparing to unpack .../65-libpython3-dev_3.11.2-1+b1_amd64.deb ...
2025-07-25T13:32:57.2127643Z #7 10.51 Unpacking libpython3-dev:amd64 (3.11.2-1+b1) ...
2025-07-25T13:32:57.2128324Z #7 10.53 Selecting previously unselected package python3.11-dev.
2025-07-25T13:32:57.2128864Z #7 10.53 Preparing to unpack .../66-python3.11-dev_3.11.2-6+deb12u6_amd64.deb ...
2025-07-25T13:32:57.2129329Z #7 10.53 Unpacking python3.11-dev (3.11.2-6+deb12u6) ...
2025-07-25T13:32:57.2129754Z #7 10.56 Selecting previously unselected package python3-lib2to3.
2025-07-25T13:32:57.2130226Z #7 10.56 Preparing to unpack .../67-python3-lib2to3_3.11.2-3_all.deb ...
2025-07-25T13:32:57.2130655Z #7 10.56 Unpacking python3-lib2to3 (3.11.2-3) ...
2025-07-25T13:32:57.2131069Z #7 10.59 Selecting previously unselected package python3-distutils.
2025-07-25T13:32:57.2131559Z #7 10.59 Preparing to unpack .../68-python3-distutils_3.11.2-3_all.deb ...
2025-07-25T13:32:57.2131997Z #7 10.59 Unpacking python3-distutils (3.11.2-3) ...
2025-07-25T13:32:57.2132384Z #7 10.62 Selecting previously unselected package python3-dev.
2025-07-25T13:32:57.3157639Z #7 10.63 Preparing to unpack .../69-python3-dev_3.11.2-1+b1_amd64.deb ...
2025-07-25T13:32:57.3158333Z #7 10.63 Unpacking python3-dev (3.11.2-1+b1) ...
2025-07-25T13:32:57.3158759Z #7 10.66 Setting up media-types (10.0.0) ...
2025-07-25T13:32:57.3159046Z #7 10.66 Setting up libpsl5:amd64 (0.21.2-1) ...
2025-07-25T13:32:57.3159399Z #7 10.67 Setting up libpython3.11-stdlib:amd64 (3.11.2-6+deb12u6) ...
2025-07-25T13:32:57.3159759Z #7 10.67 Setting up libbrotli1:amd64 (1.0.9-2+b6) ...
2025-07-25T13:32:57.3160068Z #7 10.67 Setting up binutils-common:amd64 (2.40-2) ...
2025-07-25T13:32:57.3160399Z #7 10.68 Setting up libnghttp2-14:amd64 (1.52.0-1+deb12u2) ...
2025-07-25T13:32:57.3160719Z #7 10.68 Setting up linux-libc-dev:amd64 (6.1.140-1) ...
2025-07-25T13:32:57.3161013Z #7 10.68 Setting up libctf-nobfd0:amd64 (2.40-2) ...
2025-07-25T13:32:57.3161314Z #7 10.69 Setting up libgomp1:amd64 (12.2.0-14+deb12u1) ...
2025-07-25T13:32:57.3161595Z #7 10.69 Setting up bzip2 (1.0.8-5+b1) ...
2025-07-25T13:32:57.3161864Z #7 10.69 Setting up libjansson4:amd64 (2.14-2) ...
2025-07-25T13:32:57.3162195Z #7 10.70 Setting up libsasl2-modules-db:amd64 (2.1.28+dfsg-10) ...
2025-07-25T13:32:57.3162544Z #7 10.70 Setting up perl-modules-5.36 (5.36.0-7+deb12u2) ...
2025-07-25T13:32:57.3162858Z #7 10.70 Setting up libtirpc-dev:amd64 (1.3.3+ds-1) ...
2025-07-25T13:32:57.3163153Z #7 10.70 Setting up rpcsvc-proto (1.4.3-1) ...
2025-07-25T13:32:57.3163417Z #7 10.71 Setting up make (4.3-4.1) ...
2025-07-25T13:32:57.3163665Z #7 10.71 Setting up libmpfr6:amd64 (4.2.0-1) ...
2025-07-25T13:32:57.3163992Z #7 10.71 Setting up librtmp1:amd64 (2.4+20151223.gitfa8646d.1-2+b2) ...
2025-07-25T13:32:57.3164310Z #7 10.72 Setting up xz-utils (5.4.1-1) ...
2025-07-25T13:32:57.3164689Z #7 10.72 update-alternatives: using /usr/bin/xz to provide /usr/bin/lzma (lzma) in auto mode
2025-07-25T13:32:57.3165576Z #7 10.72 update-alternatives: warning: skip creation of /usr/share/man/man1/lzma.1.gz because associated file /usr/share/man/man1/xz.1.gz (of link group lzma) doesn't exist
2025-07-25T13:32:57.3166941Z #7 10.72 update-alternatives: warning: skip creation of /usr/share/man/man1/unlzma.1.gz because associated file /usr/share/man/man1/unxz.1.gz (of link group lzma) doesn't exist
2025-07-25T13:32:57.3168302Z #7 10.72 update-alternatives: warning: skip creation of /usr/share/man/man1/lzcat.1.gz because associated file /usr/share/man/man1/xzcat.1.gz (of link group lzma) doesn't exist
2025-07-25T13:32:57.3169912Z #7 10.72 update-alternatives: warning: skip creation of /usr/share/man/man1/lzmore.1.gz because associated file /usr/share/man/man1/xzmore.1.gz (of link group lzma) doesn't exist
2025-07-25T13:32:57.3171079Z #7 10.72 update-alternatives: warning: skip creation of /usr/share/man/man1/lzless.1.gz because associated file /usr/share/man/man1/xzless.1.gz (of link group lzma) doesn't exist
2025-07-25T13:32:57.3172177Z #7 10.72 update-alternatives: warning: skip creation of /usr/share/man/man1/lzdiff.1.gz because associated file /usr/share/man/man1/xzdiff.1.gz (of link group lzma) doesn't exist
2025-07-25T13:32:57.3173406Z #7 10.72 update-alternatives: warning: skip creation of /usr/share/man/man1/lzcmp.1.gz because associated file /usr/share/man/man1/xzcmp.1.gz (of link group lzma) doesn't exist
2025-07-25T13:32:57.3174444Z #7 10.72 update-alternatives: warning: skip creation of /usr/share/man/man1/lzgrep.1.gz because associated file /usr/share/man/man1/xzgrep.1.gz (of link group lzma) doesn't exist
2025-07-25T13:32:57.3176556Z #7 10.72 update-alternatives: warning: skip creation of /usr/share/man/man1/lzegrep.1.gz because associated file /usr/share/man/man1/xzegrep.1.gz (of link group lzma) doesn't exist
2025-07-25T13:32:57.3178000Z #7 10.72 update-alternatives: warning: skip creation of /usr/share/man/man1/lzfgrep.1.gz because associated file /usr/share/man/man1/xzfgrep.1.gz (of link group lzma) doesn't exist
2025-07-25T13:32:57.3178730Z #7 10.73 Setting up libquadmath0:amd64 (12.2.0-14+deb12u1) ...
2025-07-25T13:32:57.4167545Z #7 10.73 Setting up libmpc3:amd64 (1.3.1-1) ...
2025-07-25T13:32:57.4168337Z #7 10.74 Setting up libatomic1:amd64 (12.2.0-14+deb12u1) ...
2025-07-25T13:32:57.4168974Z #7 10.74 Setting up patch (2.7.6-7) ...
2025-07-25T13:32:57.4169450Z #7 10.74 Setting up libgdbm-compat4:amd64 (1.23-3) ...
2025-07-25T13:32:57.4170007Z #7 10.75 Setting up libsasl2-2:amd64 (2.1.28+dfsg-10) ...
2025-07-25T13:32:57.4170435Z #7 10.75 Setting up libubsan1:amd64 (12.2.0-14+deb12u1) ...
2025-07-25T13:32:57.4170910Z #7 10.76 Setting up nano (7.2-1+deb12u1) ...
2025-07-25T13:32:57.4171534Z #7 10.77 update-alternatives: using /bin/nano to provide /usr/bin/editor (editor) in auto mode
2025-07-25T13:32:57.4172645Z #7 10.77 update-alternatives: warning: skip creation of /usr/share/man/man1/editor.1.gz because associated file /usr/share/man/man1/nano.1.gz (of link group editor) doesn't exist
2025-07-25T13:32:57.4173702Z #7 10.77 update-alternatives: using /bin/nano to provide /usr/bin/pico (pico) in auto mode
2025-07-25T13:32:57.4174918Z #7 10.77 update-alternatives: warning: skip creation of /usr/share/man/man1/pico.1.gz because associated file /usr/share/man/man1/nano.1.gz (of link group pico) doesn't exist
2025-07-25T13:32:57.4175869Z #7 10.77 Setting up libnsl-dev:amd64 (1.3.0-2) ...
2025-07-25T13:32:57.4176467Z #7 10.78 Setting up libcrypt-dev:amd64 (1:4.4.33-2) ...
2025-07-25T13:32:57.4176844Z #7 10.78 Setting up libasan8:amd64 (12.2.0-14+deb12u1) ...
2025-07-25T13:32:57.4177154Z #7 10.79 Setting up git-man (1:2.39.5-0+deb12u2) ...
2025-07-25T13:32:57.4177437Z #7 10.79 Setting up libssh2-1:amd64 (1.10.0-3+b1) ...
2025-07-25T13:32:57.4177745Z #7 10.80 Setting up libtsan2:amd64 (12.2.0-14+deb12u1) ...
2025-07-25T13:32:57.4178059Z #7 10.80 Setting up libjs-jquery (3.6.1+dfsg+~3.5.14-1) ...
2025-07-25T13:32:57.4178611Z #7 10.81 Setting up libbinutils:amd64 (2.40-2) ...
2025-07-25T13:32:57.4178913Z #7 10.81 Setting up libisl23:amd64 (0.25-1.1) ...
2025-07-25T13:32:57.4179202Z #7 10.81 Setting up libc-dev-bin (2.36-9+deb12u10) ...
2025-07-25T13:32:57.4179497Z #7 10.82 Setting up libcc1-0:amd64 (12.2.0-14+deb12u1) ...
2025-07-25T13:32:57.4179939Z #7 10.82 Setting up libperl5.36:amd64 (5.36.0-7+deb12u2) ...
2025-07-25T13:32:57.4180256Z #7 10.82 Setting up liblsan0:amd64 (12.2.0-14+deb12u1) ...
2025-07-25T13:32:57.4180559Z #7 10.83 Setting up libitm1:amd64 (12.2.0-14+deb12u1) ...
2025-07-25T13:32:57.5813348Z #7 10.83 Setting up libpython3-stdlib:amd64 (3.11.2-1+b1) ...
2025-07-25T13:32:57.5813834Z #7 10.84 Setting up libjs-underscore (1.13.4~dfsg+~1.11.4-3) ...
2025-07-25T13:32:57.5814227Z #7 10.84 Setting up libctf0:amd64 (2.40-2) ...
2025-07-25T13:32:57.5814833Z #7 10.84 Setting up python3.11 (3.11.2-6+deb12u6) ...
2025-07-25T13:32:58.0071472Z #7 11.42 Setting up cpp-12 (12.2.0-14+deb12u1) ...
2025-07-25T13:32:58.1098143Z #7 11.42 Setting up libpython3.11:amd64 (3.11.2-6+deb12u6) ...
2025-07-25T13:32:58.1098780Z #7 11.43 Setting up python3 (3.11.2-1+b1) ...
2025-07-25T13:32:58.1099189Z #7 11.43 running python rtupdate hooks for python3.11...
2025-07-25T13:32:58.1099631Z #7 11.43 running python post-rtupdate hooks for python3.11...
2025-07-25T13:32:58.1100290Z #7 11.50 Setting up libldap-2.5-0:amd64 (2.5.13+dfsg-5) ...
2025-07-25T13:32:58.1100663Z #7 11.51 Setting up perl (5.36.0-7+deb12u2) ...
2025-07-25T13:32:58.1101081Z #7 11.52 Setting up libgprofng0:amd64 (2.40-2) ...
2025-07-25T13:32:58.1101491Z #7 11.52 Setting up libgcc-12-dev:amd64 (12.2.0-14+deb12u1) ...
2025-07-25T13:32:58.2283574Z #7 11.53 Setting up libjs-sphinxdoc (5.3.0-4) ...
2025-07-25T13:32:58.2284080Z #7 11.53 Setting up libdpkg-perl (1.21.22) ...
2025-07-25T13:32:58.2284390Z #7 11.53 Setting up cpp (4:12.2.0-3) ...
2025-07-25T13:32:58.2284879Z #7 11.54 Setting up libcurl4:amd64 (7.88.1-10+deb12u12) ...
2025-07-25T13:32:58.2285319Z #7 11.54 Setting up libc6-dev:amd64 (2.36-9+deb12u10) ...
2025-07-25T13:32:58.2285610Z #7 11.55 Setting up curl (7.88.1-10+deb12u12) ...
2025-07-25T13:32:58.2285891Z #7 11.55 Setting up python3-lib2to3 (3.11.2-3) ...
2025-07-25T13:32:58.2286359Z #7 11.64 Setting up binutils-x86-64-linux-gnu (2.40-2) ...
2025-07-25T13:32:58.3332446Z #7 11.65 Setting up python3-distutils (3.11.2-3) ...
2025-07-25T13:32:58.3333102Z #7 11.75 Setting up libstdc++-12-dev:amd64 (12.2.0-14+deb12u1) ...
2025-07-25T13:32:58.5706582Z #7 11.75 Setting up libcurl3-gnutls:amd64 (7.88.1-10+deb12u12) ...
2025-07-25T13:32:58.5707143Z #7 11.75 Setting up binutils (2.40-2) ...
2025-07-25T13:32:58.5707478Z #7 11.76 Setting up dpkg-dev (1.21.22) ...
2025-07-25T13:32:58.5707835Z #7 11.77 Setting up liberror-perl (0.17029-2) ...
2025-07-25T13:32:58.5708219Z #7 11.77 Setting up libexpat1-dev:amd64 (2.5.0-1+deb12u1) ...
2025-07-25T13:32:58.5708609Z #7 11.77 Setting up gcc-12 (12.2.0-14+deb12u1) ...
2025-07-25T13:32:58.5708941Z #7 11.78 Setting up git (1:2.39.5-0+deb12u2) ...
2025-07-25T13:32:58.5709292Z #7 11.79 Setting up zlib1g-dev:amd64 (1:1.2.13.dfsg-1) ...
2025-07-25T13:32:58.5709643Z #7 11.79 Setting up g++-12 (12.2.0-14+deb12u1) ...
2025-07-25T13:32:58.5709954Z #7 11.80 Setting up gcc (4:12.2.0-3) ...
2025-07-25T13:32:58.5710316Z #7 11.81 Setting up libpython3.11-dev:amd64 (3.11.2-6+deb12u6) ...
2025-07-25T13:32:58.5710686Z #7 11.81 Setting up g++ (4:12.2.0-3) ...
2025-07-25T13:32:58.5711148Z #7 11.81 update-alternatives: using /usr/bin/g++ to provide /usr/bin/c++ (c++) in auto mode
2025-07-25T13:32:58.5711638Z #7 11.82 Setting up build-essential (12.9) ...
2025-07-25T13:32:58.5711990Z #7 11.82 Setting up libpython3-dev:amd64 (3.11.2-1+b1) ...
2025-07-25T13:32:58.5712369Z #7 11.82 Setting up python3.11-dev (3.11.2-6+deb12u6) ...
2025-07-25T13:32:58.5712723Z #7 11.83 Setting up python3-dev (3.11.2-1+b1) ...
2025-07-25T13:32:58.5713109Z #7 11.83 Processing triggers for libc-bin (2.36-9+deb12u10) ...
2025-07-25T13:32:59.2165617Z #7 DONE 12.6s
2025-07-25T13:32:59.4079837Z 
2025-07-25T13:32:59.4080450Z #8 [3/7] WORKDIR /app
2025-07-25T13:32:59.4080863Z #8 DONE 0.0s
2025-07-25T13:32:59.4081051Z 
2025-07-25T13:32:59.4081211Z #9 [4/7] COPY requirements.txt .
2025-07-25T13:32:59.4081610Z #9 DONE 0.0s
2025-07-25T13:32:59.4081788Z 
2025-07-25T13:32:59.4082196Z #10 [5/7] RUN pip install --upgrade pip && pip install --no-cache-dir -r requirements.txt
2025-07-25T13:33:00.4775757Z #10 1.220 Requirement already satisfied: pip in /usr/local/lib/python3.10/site-packages (23.0.1)
2025-07-25T13:33:00.5802411Z #10 1.323 Collecting pip
2025-07-25T13:33:00.6914035Z #10 1.353   Downloading pip-25.1.1-py3-none-any.whl (1.8 MB)
2025-07-25T13:33:00.6915273Z #10 1.390      ━━━━━━━━━━━━━━━━━━━━━━━━━━━━━━━━━━━━━━━━ 1.8/1.8 MB 52.5 MB/s eta 0:00:00
2025-07-25T13:33:00.6915995Z #10 1.434 Installing collected packages: pip
2025-07-25T13:33:00.8428093Z #10 1.434   Attempting uninstall: pip
2025-07-25T13:33:00.8438628Z #10 1.435     Found existing installation: pip 23.0.1
2025-07-25T13:33:00.8669268Z #10 1.609     Uninstalling pip-23.0.1:
2025-07-25T13:33:01.0297397Z #10 1.622       Successfully uninstalled pip-23.0.1
2025-07-25T13:33:01.6664020Z #10 2.409 Successfully installed pip-25.1.1
2025-07-25T13:33:01.8172408Z #10 2.409 WARNING: Running pip as the 'root' user can result in broken permissions and conflicting behaviour with the system package manager. It is recommended to use a virtual environment instead: https://pip.pypa.io/warnings/venv
2025-07-25T13:33:02.5216839Z #10 3.264 Collecting annotated-types==0.7.0 (from -r requirements.txt (line 1))
2025-07-25T13:33:02.6228358Z #10 3.296   Downloading annotated_types-0.7.0-py3-none-any.whl.metadata (15 kB)
2025-07-25T13:33:02.6229466Z #10 3.323 Collecting anyio==4.9.0 (from -r requirements.txt (line 2))
2025-07-25T13:33:02.6230297Z #10 3.325   Downloading anyio-4.9.0-py3-none-any.whl.metadata (4.7 kB)
2025-07-25T13:33:02.6230967Z #10 3.341 Collecting autodevops-cli==5.1 (from -r requirements.txt (line 3))
2025-07-25T13:33:02.6231660Z #10 3.344   Downloading autodevops_cli-5.1-py3-none-any.whl.metadata (543 bytes)
2025-07-25T13:33:02.6232340Z #10 3.350 Collecting blinker==1.9.0 (from -r requirements.txt (line 4))
2025-07-25T13:33:02.6232982Z #10 3.352   Downloading blinker-1.9.0-py3-none-any.whl.metadata (1.6 kB)
2025-07-25T13:33:02.6233613Z #10 3.365 Collecting certifi==2025.7.14 (from -r requirements.txt (line 5))
2025-07-25T13:33:02.7230389Z #10 3.368   Downloading certifi-2025.7.14-py3-none-any.whl.metadata (2.4 kB)
2025-07-25T13:33:02.7231211Z #10 3.447 Collecting charset-normalizer==3.4.2 (from -r requirements.txt (line 6))
2025-07-25T13:33:02.7232078Z #10 3.450   Downloading charset_normalizer-3.4.2-cp310-cp310-manylinux_2_17_x86_64.manylinux2014_x86_64.whl.metadata (35 kB)
2025-07-25T13:33:02.7232803Z #10 3.463 Collecting click==8.2.1 (from -r requirements.txt (line 7))
2025-07-25T13:33:02.7233358Z #10 3.466   Downloading click-8.2.1-py3-none-any.whl.metadata (2.5 kB)
2025-07-25T13:33:02.8262642Z #10 3.472 Collecting distro==1.9.0 (from -r requirements.txt (line 8))
2025-07-25T13:33:02.8264319Z #10 3.474   Downloading distro-1.9.0-py3-none-any.whl.metadata (6.8 kB)
2025-07-25T13:33:02.8265240Z #10 3.482 Collecting dnspython==2.7.0 (from -r requirements.txt (line 9))
2025-07-25T13:33:02.8266468Z #10 3.488   Downloading dnspython-2.7.0-py3-none-any.whl.metadata (5.8 kB)
2025-07-25T13:33:02.8267472Z #10 3.497 Collecting dotenv==0.9.9 (from -r requirements.txt (line 10))
2025-07-25T13:33:02.8268312Z #10 3.500   Downloading dotenv-0.9.9-py2.py3-none-any.whl.metadata (279 bytes)
2025-07-25T13:33:02.8269122Z #10 3.511 Collecting Flask==3.1.0 (from -r requirements.txt (line 11))
2025-07-25T13:33:02.8269897Z #10 3.546   Downloading flask-3.1.0-py3-none-any.whl.metadata (2.7 kB)
2025-07-25T13:33:02.8270700Z #10 3.555 Collecting Flask-PyMongo==3.0.1 (from -r requirements.txt (line 12))
2025-07-25T13:33:02.8271577Z #10 3.569   Downloading flask_pymongo-3.0.1-py3-none-any.whl.metadata (3.5 kB)
2025-07-25T13:33:02.9705459Z #10 3.575 Collecting h11==0.16.0 (from -r requirements.txt (line 13))
2025-07-25T13:33:02.9707175Z #10 3.581   Downloading h11-0.16.0-py3-none-any.whl.metadata (8.3 kB)
2025-07-25T13:33:02.9707982Z #10 3.593 Collecting httpcore==1.0.9 (from -r requirements.txt (line 14))
2025-07-25T13:33:02.9708785Z #10 3.596   Downloading httpcore-1.0.9-py3-none-any.whl.metadata (21 kB)
2025-07-25T13:33:02.9709614Z #10 3.611 Collecting httpx==0.28.1 (from -r requirements.txt (line 15))
2025-07-25T13:33:02.9710375Z #10 3.613   Downloading httpx-0.28.1-py3-none-any.whl.metadata (7.1 kB)
2025-07-25T13:33:02.9711099Z #10 3.623 Collecting idna==3.10 (from -r requirements.txt (line 16))
2025-07-25T13:33:02.9711791Z #10 3.626   Downloading idna-3.10-py3-none-any.whl.metadata (10 kB)
2025-07-25T13:33:02.9712535Z #10 3.631 Collecting iniconfig==2.1.0 (from -r requirements.txt (line 17))
2025-07-25T13:33:02.9713634Z #10 3.634   Downloading iniconfig-2.1.0-py3-none-any.whl.metadata (2.7 kB)
2025-07-25T13:33:02.9714246Z #10 3.640 Collecting itsdangerous==2.2.0 (from -r requirements.txt (line 18))
2025-07-25T13:33:02.9714711Z #10 3.643   Downloading itsdangerous-2.2.0-py3-none-any.whl.metadata (1.9 kB)
2025-07-25T13:33:02.9715145Z #10 3.652 Collecting Jinja2==3.1.6 (from -r requirements.txt (line 19))
2025-07-25T13:33:02.9715554Z #10 3.655   Downloading jinja2-3.1.6-py3-none-any.whl.metadata (2.9 kB)
2025-07-25T13:33:02.9716104Z #10 3.713 Collecting jiter==0.10.0 (from -r requirements.txt (line 20))
2025-07-25T13:33:03.0722289Z #10 3.716   Downloading jiter-0.10.0-cp310-cp310-manylinux_2_17_x86_64.manylinux2014_x86_64.whl.metadata (5.2 kB)
2025-07-25T13:33:03.0723311Z #10 3.723 Collecting loguru==0.7.3 (from -r requirements.txt (line 21))
2025-07-25T13:33:03.0724090Z #10 3.725   Downloading loguru-0.7.3-py3-none-any.whl.metadata (22 kB)
2025-07-25T13:33:03.0724906Z #10 3.742 Collecting markdown-it-py==3.0.0 (from -r requirements.txt (line 22))
2025-07-25T13:33:03.0725783Z #10 3.744   Downloading markdown_it_py-3.0.0-py3-none-any.whl.metadata (6.9 kB)
2025-07-25T13:33:03.0726884Z #10 3.797 Collecting MarkupSafe==3.0.2 (from -r requirements.txt (line 23))
2025-07-25T13:33:03.0727891Z #10 3.799   Downloading MarkupSafe-3.0.2-cp310-cp310-manylinux_2_17_x86_64.manylinux2014_x86_64.whl.metadata (4.0 kB)
2025-07-25T13:33:03.0728895Z #10 3.803 Collecting mdurl==0.1.2 (from -r requirements.txt (line 24))
2025-07-25T13:33:03.0729584Z #10 3.806   Downloading mdurl-0.1.2-py3-none-any.whl.metadata (1.6 kB)
2025-07-25T13:33:03.0730114Z #10 3.815 Collecting mongomock==4.3.0 (from -r requirements.txt (line 25))
2025-07-25T13:33:03.2872232Z #10 3.818   Downloading mongomock-4.3.0-py2.py3-none-any.whl.metadata (12 kB)
2025-07-25T13:33:03.2873077Z #10 3.862 Collecting openai==1.96.1 (from -r requirements.txt (line 26))
2025-07-25T13:33:03.2873848Z #10 3.868   Downloading openai-1.96.1-py3-none-any.whl.metadata (29 kB)
2025-07-25T13:33:03.2874630Z #10 3.881 Collecting packaging==25.0 (from -r requirements.txt (line 27))
2025-07-25T13:33:03.2875394Z #10 3.883   Downloading packaging-25.0-py3-none-any.whl.metadata (3.3 kB)
2025-07-25T13:33:03.2876180Z #10 3.889 Collecting paho-mqtt==2.1.0 (from -r requirements.txt (line 28))
2025-07-25T13:33:03.2877255Z #10 3.892   Downloading paho_mqtt-2.1.0-py3-none-any.whl.metadata (23 kB)
2025-07-25T13:33:03.2877960Z #10 3.900 Collecting pluggy==1.6.0 (from -r requirements.txt (line 29))
2025-07-25T13:33:03.2878689Z #10 3.903   Downloading pluggy-1.6.0-py3-none-any.whl.metadata (4.8 kB)
2025-07-25T13:33:03.2879378Z #10 4.030 Collecting pydantic==2.11.7 (from -r requirements.txt (line 30))
2025-07-25T13:33:03.4408398Z #10 4.033   Downloading pydantic-2.11.7-py3-none-any.whl.metadata (67 kB)
2025-07-25T13:33:03.9752523Z #10 4.718 Collecting pydantic_core==2.33.2 (from -r requirements.txt (line 31))
2025-07-25T13:33:04.1455835Z #10 4.720   Downloading pydantic_core-2.33.2-cp310-cp310-manylinux_2_17_x86_64.manylinux2014_x86_64.whl.metadata (6.8 kB)
2025-07-25T13:33:04.1457144Z #10 4.735 Collecting Pygments==2.19.2 (from -r requirements.txt (line 32))
2025-07-25T13:33:04.1457918Z #10 4.738   Downloading pygments-2.19.2-py3-none-any.whl.metadata (2.5 kB)
2025-07-25T13:33:04.3129819Z #10 5.055 Collecting pymongo==4.13.2 (from -r requirements.txt (line 33))
2025-07-25T13:33:04.4310355Z #10 5.061   Downloading pymongo-4.13.2-cp310-cp310-manylinux_2_17_x86_64.manylinux2014_x86_64.whl.metadata (22 kB)
2025-07-25T13:33:04.4311154Z #10 5.102 Collecting pytest==8.2.1 (from -r requirements.txt (line 34))
2025-07-25T13:33:04.4311713Z #10 5.104   Downloading pytest-8.2.1-py3-none-any.whl.metadata (7.6 kB)
2025-07-25T13:33:04.4312304Z #10 5.116 Collecting python-dotenv==1.1.1 (from -r requirements.txt (line 35))
2025-07-25T13:33:04.4312892Z #10 5.119   Downloading python_dotenv-1.1.1-py3-none-any.whl.metadata (24 kB)
2025-07-25T13:33:04.4313440Z #10 5.150 Collecting pytz==2025.2 (from -r requirements.txt (line 36))
2025-07-25T13:33:04.4314256Z #10 5.153   Downloading pytz-2025.2-py2.py3-none-any.whl.metadata (22 kB)
2025-07-25T13:33:04.4314827Z #10 5.174 Collecting requests==2.32.4 (from -r requirements.txt (line 37))
2025-07-25T13:33:04.6373879Z #10 5.176   Downloading requests-2.32.4-py3-none-any.whl.metadata (4.9 kB)
2025-07-25T13:33:04.6375420Z #10 5.210 Collecting rich==14.0.0 (from -r requirements.txt (line 38))
2025-07-25T13:33:04.6376175Z #10 5.212   Downloading rich-14.0.0-py3-none-any.whl.metadata (18 kB)
2025-07-25T13:33:04.6377585Z #10 5.218 Collecting sentinels==1.0.0 (from -r requirements.txt (line 39))
2025-07-25T13:33:04.6378270Z #10 5.221   Downloading sentinels-1.0.0.tar.gz (4.1 kB)
2025-07-25T13:33:04.6378822Z #10 5.229   Preparing metadata (setup.py): started
2025-07-25T13:33:05.1141329Z #10 5.857   Preparing metadata (setup.py): finished with status 'done'
2025-07-25T13:33:05.2210369Z #10 5.963 Collecting setuptools==80.9.0 (from -r requirements.txt (line 40))
2025-07-25T13:33:05.3307082Z #10 5.966   Downloading setuptools-80.9.0-py3-none-any.whl.metadata (6.6 kB)
2025-07-25T13:33:05.3307949Z #10 5.988 Collecting sh==2.2.2 (from -r requirements.txt (line 41))
2025-07-25T13:33:05.3308459Z #10 5.990   Downloading sh-2.2.2-py3-none-any.whl.metadata (3.7 kB)
2025-07-25T13:33:05.3309006Z #10 5.994 Collecting sniffio==1.3.1 (from -r requirements.txt (line 42))
2025-07-25T13:33:05.3309576Z #10 5.997   Downloading sniffio-1.3.1-py3-none-any.whl.metadata (3.9 kB)
2025-07-25T13:33:05.3310158Z #10 6.003 Collecting tabulate==0.9.0 (from -r requirements.txt (line 43))
2025-07-25T13:33:05.3310744Z #10 6.005   Downloading tabulate-0.9.0-py3-none-any.whl.metadata (34 kB)
2025-07-25T13:33:05.3311292Z #10 6.033 Collecting tqdm==4.67.1 (from -r requirements.txt (line 44))
2025-07-25T13:33:05.3311827Z #10 6.035   Downloading tqdm-4.67.1-py3-none-any.whl.metadata (57 kB)
2025-07-25T13:33:05.3312412Z #10 6.043 Collecting typing-inspection==0.4.1 (from -r requirements.txt (line 45))
2025-07-25T13:33:05.3313079Z #10 6.046   Downloading typing_inspection-0.4.1-py3-none-any.whl.metadata (2.6 kB)
2025-07-25T13:33:05.3313729Z #10 6.073 Collecting typing_extensions==4.14.1 (from -r requirements.txt (line 46))
2025-07-25T13:33:05.5591495Z #10 6.076   Downloading typing_extensions-4.14.1-py3-none-any.whl.metadata (3.0 kB)
2025-07-25T13:33:05.5592617Z #10 6.093 Collecting urllib3==2.5.0 (from -r requirements.txt (line 47))
2025-07-25T13:33:05.5593535Z #10 6.096   Downloading urllib3-2.5.0-py3-none-any.whl.metadata (6.5 kB)
2025-07-25T13:33:05.5594201Z #10 6.114 Collecting Werkzeug==3.1.3 (from -r requirements.txt (line 48))
2025-07-25T13:33:05.5594863Z #10 6.116   Downloading werkzeug-3.1.3-py3-none-any.whl.metadata (3.7 kB)
2025-07-25T13:33:05.5595584Z #10 6.168 Collecting exceptiongroup>=1.0.2 (from anyio==4.9.0->-r requirements.txt (line 2))
2025-07-25T13:33:05.5596744Z #10 6.171   Downloading exceptiongroup-1.3.0-py3-none-any.whl.metadata (6.7 kB)
2025-07-25T13:33:05.5597487Z #10 6.302 Collecting tomli>=1 (from pytest==8.2.1->-r requirements.txt (line 34))
2025-07-25T13:33:05.6611371Z #10 6.306   Downloading tomli-2.2.1-py3-none-any.whl.metadata (10 kB)
2025-07-25T13:33:05.6612186Z #10 6.360 Downloading annotated_types-0.7.0-py3-none-any.whl (13 kB)
2025-07-25T13:33:05.6612893Z #10 6.363 Downloading anyio-4.9.0-py3-none-any.whl (100 kB)
2025-07-25T13:33:05.6613552Z #10 6.366 Downloading autodevops_cli-5.1-py3-none-any.whl (10 kB)
2025-07-25T13:33:05.6614219Z #10 6.368 Downloading blinker-1.9.0-py3-none-any.whl (8.5 kB)
2025-07-25T13:33:05.6614898Z #10 6.370 Downloading certifi-2025.7.14-py3-none-any.whl (162 kB)
2025-07-25T13:33:05.6615569Z #10 6.373 Downloading charset_normalizer-3.4.2-cp310-cp310-manylinux_2_17_x86_64.manylinux2014_x86_64.whl (149 kB)
2025-07-25T13:33:05.6616190Z #10 6.375 Downloading click-8.2.1-py3-none-any.whl (102 kB)
2025-07-25T13:33:05.6616919Z #10 6.378 Downloading distro-1.9.0-py3-none-any.whl (20 kB)
2025-07-25T13:33:05.6617349Z #10 6.380 Downloading dnspython-2.7.0-py3-none-any.whl (313 kB)
2025-07-25T13:33:05.6618037Z #10 6.383 Downloading dotenv-0.9.9-py2.py3-none-any.whl (1.9 kB)
2025-07-25T13:33:05.6618465Z #10 6.386 Downloading flask-3.1.0-py3-none-any.whl (102 kB)
2025-07-25T13:33:05.6618890Z #10 6.389 Downloading flask_pymongo-3.0.1-py3-none-any.whl (11 kB)
2025-07-25T13:33:05.6619313Z #10 6.392 Downloading h11-0.16.0-py3-none-any.whl (37 kB)
2025-07-25T13:33:05.6619703Z #10 6.394 Downloading httpcore-1.0.9-py3-none-any.whl (78 kB)
2025-07-25T13:33:05.6620109Z #10 6.397 Downloading httpx-0.28.1-py3-none-any.whl (73 kB)
2025-07-25T13:33:05.6620642Z #10 6.399 Downloading idna-3.10-py3-none-any.whl (70 kB)
2025-07-25T13:33:05.6621052Z #10 6.402 Downloading iniconfig-2.1.0-py3-none-any.whl (6.0 kB)
2025-07-25T13:33:05.6621458Z #10 6.404 Downloading itsdangerous-2.2.0-py3-none-any.whl (16 kB)
2025-07-25T13:33:05.7635717Z #10 6.406 Downloading jinja2-3.1.6-py3-none-any.whl (134 kB)
2025-07-25T13:33:05.7636902Z #10 6.409 Downloading jiter-0.10.0-cp310-cp310-manylinux_2_17_x86_64.manylinux2014_x86_64.whl (352 kB)
2025-07-25T13:33:05.7637810Z #10 6.413 Downloading loguru-0.7.3-py3-none-any.whl (61 kB)
2025-07-25T13:33:05.7638523Z #10 6.416 Downloading markdown_it_py-3.0.0-py3-none-any.whl (87 kB)
2025-07-25T13:33:05.7639223Z #10 6.418 Downloading mdurl-0.1.2-py3-none-any.whl (10.0 kB)
2025-07-25T13:33:05.7640166Z #10 6.421 Downloading MarkupSafe-3.0.2-cp310-cp310-manylinux_2_17_x86_64.manylinux2014_x86_64.whl (20 kB)
2025-07-25T13:33:05.7641123Z #10 6.423 Downloading mongomock-4.3.0-py2.py3-none-any.whl (64 kB)
2025-07-25T13:33:05.7641838Z #10 6.428 Downloading openai-1.96.1-py3-none-any.whl (757 kB)
2025-07-25T13:33:05.7642749Z #10 6.432    ━━━━━━━━━━━━━━━━━━━━━━━━━━━━━━━━━━━━━━━ 757.5/757.5 kB 522.5 MB/s eta 0:00:00
2025-07-25T13:33:05.7643124Z #10 6.436 Downloading pydantic-2.11.7-py3-none-any.whl (444 kB)
2025-07-25T13:33:05.7643540Z #10 6.440 Downloading typing_extensions-4.14.1-py3-none-any.whl (43 kB)
2025-07-25T13:33:05.7643927Z #10 6.442 Downloading packaging-25.0-py3-none-any.whl (66 kB)
2025-07-25T13:33:05.7644283Z #10 6.445 Downloading paho_mqtt-2.1.0-py3-none-any.whl (67 kB)
2025-07-25T13:33:05.7644627Z #10 6.448 Downloading pluggy-1.6.0-py3-none-any.whl (20 kB)
2025-07-25T13:33:05.7645110Z #10 6.450 Downloading pydantic_core-2.33.2-cp310-cp310-manylinux_2_17_x86_64.manylinux2014_x86_64.whl (2.0 MB)
2025-07-25T13:33:05.7645702Z #10 6.457    ━━━━━━━━━━━━━━━━━━━━━━━━━━━━━━━━━━━━━━━━ 2.0/2.0 MB 373.0 MB/s eta 0:00:00
2025-07-25T13:33:05.7646060Z #10 6.460 Downloading pygments-2.19.2-py3-none-any.whl (1.2 MB)
2025-07-25T13:33:05.7646920Z #10 6.465    ━━━━━━━━━━━━━━━━━━━━━━━━━━━━━━━━━━━━━━━━ 1.2/1.2 MB 491.1 MB/s eta 0:00:00
2025-07-25T13:33:05.7647410Z #10 6.468 Downloading pymongo-4.13.2-cp310-cp310-manylinux_2_17_x86_64.manylinux2014_x86_64.whl (1.2 MB)
2025-07-25T13:33:05.7647951Z #10 6.472    ━━━━━━━━━━━━━━━━━━━━━━━━━━━━━━━━━━━━━━━━ 1.2/1.2 MB 397.8 MB/s eta 0:00:00
2025-07-25T13:33:05.7648292Z #10 6.477 Downloading pytest-8.2.1-py3-none-any.whl (339 kB)
2025-07-25T13:33:05.7648654Z #10 6.480 Downloading python_dotenv-1.1.1-py3-none-any.whl (20 kB)
2025-07-25T13:33:05.7649035Z #10 6.483 Downloading pytz-2025.2-py2.py3-none-any.whl (509 kB)
2025-07-25T13:33:05.7649384Z #10 6.486 Downloading requests-2.32.4-py3-none-any.whl (64 kB)
2025-07-25T13:33:05.7649730Z #10 6.489 Downloading urllib3-2.5.0-py3-none-any.whl (129 kB)
2025-07-25T13:33:05.7650063Z #10 6.492 Downloading rich-14.0.0-py3-none-any.whl (243 kB)
2025-07-25T13:33:05.7650407Z #10 6.495 Downloading setuptools-80.9.0-py3-none-any.whl (1.2 MB)
2025-07-25T13:33:05.7651076Z #10 6.499    ━━━━━━━━━━━━━━━━━━━━━━━━━━━━━━━━━━━━━━━━ 1.2/1.2 MB 436.9 MB/s eta 0:00:00
2025-07-25T13:33:05.7651697Z #10 6.504 Downloading sh-2.2.2-py3-none-any.whl (38 kB)
2025-07-25T13:33:05.7652300Z #10 6.506 Downloading sniffio-1.3.1-py3-none-any.whl (10 kB)
2025-07-25T13:33:05.9858218Z #10 6.509 Downloading tabulate-0.9.0-py3-none-any.whl (35 kB)
2025-07-25T13:33:05.9858949Z #10 6.511 Downloading tqdm-4.67.1-py3-none-any.whl (78 kB)
2025-07-25T13:33:05.9859659Z #10 6.514 Downloading typing_inspection-0.4.1-py3-none-any.whl (14 kB)
2025-07-25T13:33:05.9860796Z #10 6.517 Downloading werkzeug-3.1.3-py3-none-any.whl (224 kB)
2025-07-25T13:33:05.9861551Z #10 6.520 Downloading exceptiongroup-1.3.0-py3-none-any.whl (16 kB)
2025-07-25T13:33:05.9862240Z #10 6.523 Downloading tomli-2.2.1-py3-none-any.whl (14 kB)
2025-07-25T13:33:05.9862850Z #10 6.577 Building wheels for collected packages: sentinels
2025-07-25T13:33:05.9865699Z #10 6.577   DEPRECATION: Building 'sentinels' using the legacy setup.py bdist_wheel mechanism, which will be removed in a future version. pip 25.3 will enforce this behaviour change. A possible replacement is to use the standardized build interface by setting the `--use-pep517` option, (possibly combined with `--no-build-isolation`), or adding a `pyproject.toml` file to the source tree of 'sentinels'. Discussion can be found at https://github.com/pypa/pip/issues/6334
2025-07-25T13:33:05.9869287Z #10 6.578   Building wheel for sentinels (setup.py): started
2025-07-25T13:33:06.6318637Z #10 7.374   Building wheel for sentinels (setup.py): finished with status 'done'
2025-07-25T13:33:06.7453294Z #10 7.375   Created wheel for sentinels: filename=sentinels-1.0.0-py3-none-any.whl size=3175 sha256=5f59367517c1e82c84d76f42771448b2b0371e536f8be6fb53aed6983c3e1a9c
2025-07-25T13:33:06.7455494Z #10 7.375   Stored in directory: /tmp/pip-ephem-wheel-cache-iz5251ne/wheels/26/bc/eb/67e56405e0684b3d8c011cf4d18129c41be394775fd5ba2347
2025-07-25T13:33:06.7456980Z #10 7.377 Successfully built sentinels
2025-07-25T13:33:06.7459799Z #10 7.488 Installing collected packages: sentinels, pytz, urllib3, typing_extensions, tqdm, tomli, tabulate, sniffio, sh, setuptools, python-dotenv, Pygments, pluggy, paho-mqtt, packaging, mdurl, MarkupSafe, loguru, jiter, itsdangerous, iniconfig, idna, h11, dnspython, distro, click, charset-normalizer, certifi, blinker, annotated-types, Werkzeug, typing-inspection, requests, pymongo, pydantic_core, mongomock, markdown-it-py, Jinja2, httpcore, exceptiongroup, dotenv, rich, pytest, pydantic, Flask, anyio, httpx, Flask-PyMongo, openai, autodevops-cli
2025-07-25T13:33:07.0300893Z #10 7.772   Attempting uninstall: setuptools
2025-07-25T13:33:07.2245033Z #10 7.773     Found existing installation: setuptools 65.5.1
2025-07-25T13:33:07.2245471Z #10 7.793     Uninstalling setuptools-65.5.1:
2025-07-25T13:33:07.2245850Z #10 7.817       Successfully uninstalled setuptools-65.5.1
2025-07-25T13:33:10.6558229Z #10 11.40 
2025-07-25T13:33:10.8162183Z #10 11.41 Successfully installed Flask-3.1.0 Flask-PyMongo-3.0.1 Jinja2-3.1.6 MarkupSafe-3.0.2 Pygments-2.19.2 Werkzeug-3.1.3 annotated-types-0.7.0 anyio-4.9.0 autodevops-cli-5.1 blinker-1.9.0 certifi-2025.7.14 charset-normalizer-3.4.2 click-8.2.1 distro-1.9.0 dnspython-2.7.0 dotenv-0.9.9 exceptiongroup-1.3.0 h11-0.16.0 httpcore-1.0.9 httpx-0.28.1 idna-3.10 iniconfig-2.1.0 itsdangerous-2.2.0 jiter-0.10.0 loguru-0.7.3 markdown-it-py-3.0.0 mdurl-0.1.2 mongomock-4.3.0 openai-1.96.1 packaging-25.0 paho-mqtt-2.1.0 pluggy-1.6.0 pydantic-2.11.7 pydantic_core-2.33.2 pymongo-4.13.2 pytest-8.2.1 python-dotenv-1.1.1 pytz-2025.2 requests-2.32.4 rich-14.0.0 sentinels-1.0.0 setuptools-80.9.0 sh-2.2.2 sniffio-1.3.1 tabulate-0.9.0 tomli-2.2.1 tqdm-4.67.1 typing-inspection-0.4.1 typing_extensions-4.14.1 urllib3-2.5.0
2025-07-25T13:33:10.8166828Z #10 11.41 WARNING: Running pip as the 'root' user can result in broken permissions and conflicting behaviour with the system package manager, possibly rendering your system unusable. It is recommended to use a virtual environment instead: https://pip.pypa.io/warnings/venv. Use the --root-user-action option if you know what you are doing and want to suppress this warning.
2025-07-25T13:33:11.1690750Z #10 DONE 11.9s
2025-07-25T13:33:11.3201458Z 
2025-07-25T13:33:11.3201928Z #11 [6/7] RUN pip install --no-cache-dir python-dotenv
2025-07-25T13:33:11.9678134Z #11 0.798 Requirement already satisfied: python-dotenv in /usr/local/lib/python3.10/site-packages (1.1.1)
2025-07-25T13:33:12.1761802Z #11 0.885 WARNING: Running pip as the 'root' user can result in broken permissions and conflicting behaviour with the system package manager, possibly rendering your system unusable. It is recommended to use a virtual environment instead: https://pip.pypa.io/warnings/venv. Use the --root-user-action option if you know what you are doing and want to suppress this warning.
2025-07-25T13:33:12.1763325Z #11 DONE 1.0s
2025-07-25T13:33:12.3329894Z 
2025-07-25T13:33:12.3330277Z #12 [7/7] COPY . .
2025-07-25T13:33:13.1954942Z #12 DONE 1.0s
2025-07-25T13:33:13.3467826Z 
2025-07-25T13:33:13.3468457Z #13 exporting to image
2025-07-25T13:33:13.3468859Z #13 exporting layers
2025-07-25T13:33:15.6469498Z #13 exporting layers 2.5s done
2025-07-25T13:33:15.6758873Z #13 writing image sha256:d734a9b1fb79055c79edfdd67addd7cdea63480bf6ece1a84613a01a58903f84 done
2025-07-25T13:33:15.6764029Z #13 naming to docker.io/***/flask-ci-cd-demo done
2025-07-25T13:33:15.6767215Z #13 DONE 2.5s
2025-07-25T13:33:15.6850844Z ##[group]Run docker push ***/flask-ci-cd-demo
2025-07-25T13:33:15.6851239Z [36;1mdocker push ***/flask-ci-cd-demo[0m
2025-07-25T13:33:15.6879103Z shell: /usr/bin/bash -e {0}
2025-07-25T13:33:15.6879330Z env:
2025-07-25T13:33:15.6879578Z   pythonLocation: /opt/hostedtoolcache/Python/3.10.18/x64
2025-07-25T13:33:15.6879996Z   PKG_CONFIG_PATH: /opt/hostedtoolcache/Python/3.10.18/x64/lib/pkgconfig
2025-07-25T13:33:15.6880401Z   Python_ROOT_DIR: /opt/hostedtoolcache/Python/3.10.18/x64
2025-07-25T13:33:15.6880769Z   Python2_ROOT_DIR: /opt/hostedtoolcache/Python/3.10.18/x64
2025-07-25T13:33:15.6881133Z   Python3_ROOT_DIR: /opt/hostedtoolcache/Python/3.10.18/x64
2025-07-25T13:33:15.6881472Z   LD_LIBRARY_PATH: /opt/hostedtoolcache/Python/3.10.18/x64/lib
2025-07-25T13:33:15.6881756Z ##[endgroup]
2025-07-25T13:33:15.7022947Z Using default tag: latest
2025-07-25T13:33:15.7070198Z The push refers to repository [docker.io/***/flask-ci-cd-demo]
2025-07-25T13:33:15.9484221Z 5700e7ccaa3c: Preparing
2025-07-25T13:33:15.9486134Z 5f70bf18a086: Preparing
2025-07-25T13:33:15.9486644Z 997d1e2046a7: Preparing
2025-07-25T13:33:15.9487005Z b29764e23b7f: Preparing
2025-07-25T13:33:15.9487354Z 41d3e81cc1af: Preparing
2025-07-25T13:33:15.9487707Z c86ac4346bb6: Preparing
2025-07-25T13:33:15.9488055Z f6dc80d9d167: Preparing
2025-07-25T13:33:15.9488389Z 3ba4af0751c6: Preparing
2025-07-25T13:33:15.9488736Z d379451f91b6: Preparing
2025-07-25T13:33:15.9489079Z 7cc7fe68eff6: Preparing
2025-07-25T13:33:15.9489412Z c86ac4346bb6: Waiting
2025-07-25T13:33:15.9489788Z f6dc80d9d167: Waiting
2025-07-25T13:33:15.9490116Z 3ba4af0751c6: Waiting
2025-07-25T13:33:15.9490428Z d379451f91b6: Waiting
2025-07-25T13:33:15.9490736Z 7cc7fe68eff6: Waiting
2025-07-25T13:33:17.9505585Z 5f70bf18a086: Pushed
2025-07-25T13:33:18.4556438Z 41d3e81cc1af: Pushed
2025-07-25T13:33:18.7951169Z b29764e23b7f: Pushed
2025-07-25T13:33:18.8774198Z f6dc80d9d167: Layer already exists
2025-07-25T13:33:19.1901100Z 3ba4af0751c6: Layer already exists
2025-07-25T13:33:19.2726000Z d379451f91b6: Layer already exists
2025-07-25T13:33:19.5417047Z 7cc7fe68eff6: Layer already exists
2025-07-25T13:33:22.2773270Z 997d1e2046a7: Pushed
2025-07-25T13:33:24.0178773Z 5700e7ccaa3c: Pushed
2025-07-25T13:33:36.2503222Z c86ac4346bb6: Pushed
2025-07-25T13:33:39.8643362Z latest: digest: sha256:aee77d3a049fbdc85f604c20eb3477300256a7c0f5cbcafea0deb1f4e5f03ba3 size: 2415
2025-07-25T13:33:39.8732836Z Post job cleanup.
2025-07-25T13:33:40.1562892Z [command]/usr/bin/docker logout 
2025-07-25T13:33:40.1689216Z Removing login credentials for https://index.docker.io/v1/
2025-07-25T13:33:40.1721994Z ##[group]Post cache
2025-07-25T13:33:40.1723705Z State not set
2025-07-25T13:33:40.1724967Z ##[endgroup]
2025-07-25T13:33:40.1843134Z Post job cleanup.
2025-07-25T13:33:40.3447763Z Post job cleanup.
2025-07-25T13:33:40.4145699Z [command]/usr/bin/git version
2025-07-25T13:33:40.4179125Z git version 2.50.1
2025-07-25T13:33:40.4220230Z Temporarily overriding HOME='/home/runner/work/_temp/24d374ab-064f-4fbe-a8a0-ef130aeca416' before making global git config changes
2025-07-25T13:33:40.4221511Z Adding repository directory to the temporary git global config as a safe directory
2025-07-25T13:33:40.4223865Z [command]/usr/bin/git config --global --add safe.directory /home/runner/work/testing-CI-CD/testing-CI-CD
2025-07-25T13:33:40.4254551Z [command]/usr/bin/git config --local --name-only --get-regexp core\.sshCommand
2025-07-25T13:33:40.4283227Z [command]/usr/bin/git submodule foreach --recursive sh -c "git config --local --name-only --get-regexp 'core\.sshCommand' && git config --local --unset-all 'core.sshCommand' || :"
2025-07-25T13:33:40.4518644Z [command]/usr/bin/git config --local --name-only --get-regexp http\.https\:\/\/github\.com\/\.extraheader
2025-07-25T13:33:40.4537955Z http.https://github.com/.extraheader
2025-07-25T13:33:40.4548404Z [command]/usr/bin/git config --local --unset-all http.https://github.com/.extraheader
2025-07-25T13:33:40.4575424Z [command]/usr/bin/git submodule foreach --recursive sh -c "git config --local --name-only --get-regexp 'http\.https\:\/\/github\.com\/\.extraheader' && git config --local --unset-all 'http.https://github.com/.extraheader' || :"
2025-07-25T13:33:40.4901834Z Cleaning up orphan processes
