2025-07-15T17:30:00.9316176Z Current runner version: '2.326.0'
2025-07-15T17:30:00.9341431Z ##[group]Runner Image Provisioner
2025-07-15T17:30:00.9342255Z Hosted Compute Agent
2025-07-15T17:30:00.9342929Z Version: 20250711.363
2025-07-15T17:30:00.9343542Z Commit: 6785254374ce925a23743850c1cb91912ce5c14c
2025-07-15T17:30:00.9344230Z Build Date: 2025-07-11T20:04:25Z
2025-07-15T17:30:00.9344911Z ##[endgroup]
2025-07-15T17:30:00.9345481Z ##[group]Operating System
2025-07-15T17:30:00.9346016Z Ubuntu
2025-07-15T17:30:00.9346541Z 24.04.2
2025-07-15T17:30:00.9347009Z LTS
2025-07-15T17:30:00.9347441Z ##[endgroup]
2025-07-15T17:30:00.9348439Z ##[group]Runner Image
2025-07-15T17:30:00.9349019Z Image: ubuntu-24.04
2025-07-15T17:30:00.9349508Z Version: 20250710.1.0
2025-07-15T17:30:00.9350607Z Included Software: https://github.com/actions/runner-images/blob/ubuntu24/20250710.1/images/ubuntu/Ubuntu2404-Readme.md
2025-07-15T17:30:00.9352206Z Image Release: https://github.com/actions/runner-images/releases/tag/ubuntu24%2F20250710.1
2025-07-15T17:30:00.9353293Z ##[endgroup]
2025-07-15T17:30:00.9354374Z ##[group]GITHUB_TOKEN Permissions
2025-07-15T17:30:00.9356529Z Contents: read
2025-07-15T17:30:00.9357145Z Metadata: read
2025-07-15T17:30:00.9357973Z Packages: read
2025-07-15T17:30:00.9358577Z ##[endgroup]
2025-07-15T17:30:00.9361082Z Secret source: Actions
2025-07-15T17:30:00.9361999Z Prepare workflow directory
2025-07-15T17:30:00.9710249Z Prepare all required actions
2025-07-15T17:30:00.9747986Z Getting action download info
2025-07-15T17:30:01.3129485Z ##[group]Download immutable action package 'actions/checkout@v3'
2025-07-15T17:30:01.3130592Z Version: 3.6.0
2025-07-15T17:30:01.3131649Z Digest: sha256:942562b9c7d4b1f2557f1da21f4d3eb4eb4fd01f2ad78b2a6e187d1b193e0a0f
2025-07-15T17:30:01.3132756Z Source commit SHA: f43a0e5ff2bd294095638e18286ca9a3d1956744
2025-07-15T17:30:01.3133542Z ##[endgroup]
2025-07-15T17:30:01.4015601Z ##[group]Download immutable action package 'actions/setup-python@v4'
2025-07-15T17:30:01.4016504Z Version: 4.9.1
2025-07-15T17:30:01.4017353Z Digest: sha256:f03e505388af670b5a108629e0ba26befc08d5c62b41f46146a45fe29ae509a5
2025-07-15T17:30:01.4018945Z Source commit SHA: 7f4fc3e22c37d6ff65e88745f38bd3157c663f7c
2025-07-15T17:30:01.4019731Z ##[endgroup]
2025-07-15T17:30:01.6484673Z ##[group]Download immutable action package 'docker/login-action@v3'
2025-07-15T17:30:01.6485587Z Version: 3.4.0
2025-07-15T17:30:01.6486362Z Digest: sha256:864ebd28db095e1602e6ef999f46a4f575083ea874918fbccf0994c2a7680450
2025-07-15T17:30:01.6487340Z Source commit SHA: 74a5d142397b4f367a81961eba4e8cd7edddf772
2025-07-15T17:30:01.6488396Z ##[endgroup]
2025-07-15T17:30:02.1964326Z Complete job name: build-test-deploy
2025-07-15T17:30:02.2730250Z ##[group]Run actions/checkout@v3
2025-07-15T17:30:02.2731213Z with:
2025-07-15T17:30:02.2731791Z   repository: ***/testing-CI-CD
2025-07-15T17:30:02.2732438Z   token: ***
2025-07-15T17:30:02.2732859Z   ssh-strict: true
2025-07-15T17:30:02.2733322Z   persist-credentials: true
2025-07-15T17:30:02.2733804Z   clean: true
2025-07-15T17:30:02.2734280Z   sparse-checkout-cone-mode: true
2025-07-15T17:30:02.2734819Z   fetch-depth: 1
2025-07-15T17:30:02.2735250Z   fetch-tags: false
2025-07-15T17:30:02.2735682Z   lfs: false
2025-07-15T17:30:02.2736088Z   submodules: false
2025-07-15T17:30:02.2736533Z   set-safe-directory: true
2025-07-15T17:30:02.2737272Z ##[endgroup]
2025-07-15T17:30:02.3653679Z Syncing repository: ***/testing-CI-CD
2025-07-15T17:30:02.3656037Z ##[group]Getting Git version info
2025-07-15T17:30:02.3656924Z Working directory is '/home/runner/work/testing-CI-CD/testing-CI-CD'
2025-07-15T17:30:02.3658559Z [command]/usr/bin/git version
2025-07-15T17:30:02.3707848Z git version 2.50.1
2025-07-15T17:30:02.3736719Z ##[endgroup]
2025-07-15T17:30:02.3752442Z Temporarily overriding HOME='/home/runner/work/_temp/b7cad7a9-85ef-4220-afc8-9e372d53de37' before making global git config changes
2025-07-15T17:30:02.3756161Z Adding repository directory to the temporary git global config as a safe directory
2025-07-15T17:30:02.3757715Z [command]/usr/bin/git config --global --add safe.directory /home/runner/work/testing-CI-CD/testing-CI-CD
2025-07-15T17:30:02.3796975Z Deleting the contents of '/home/runner/work/testing-CI-CD/testing-CI-CD'
2025-07-15T17:30:02.3801387Z ##[group]Initializing the repository
2025-07-15T17:30:02.3804428Z [command]/usr/bin/git init /home/runner/work/testing-CI-CD/testing-CI-CD
2025-07-15T17:30:02.3873515Z hint: Using 'master' as the name for the initial branch. This default branch name
2025-07-15T17:30:02.3875526Z hint: is subject to change. To configure the initial branch name to use in all
2025-07-15T17:30:02.3877301Z hint: of your new repositories, which will suppress this warning, call:
2025-07-15T17:30:02.3878537Z hint:
2025-07-15T17:30:02.3879171Z hint: 	git config --global init.defaultBranch <name>
2025-07-15T17:30:02.3879916Z hint:
2025-07-15T17:30:02.3880961Z hint: Names commonly chosen instead of 'master' are 'main', 'trunk' and
2025-07-15T17:30:02.3882223Z hint: 'development'. The just-created branch can be renamed via this command:
2025-07-15T17:30:02.3883536Z hint:
2025-07-15T17:30:02.3884015Z hint: 	git branch -m <name>
2025-07-15T17:30:02.3884547Z hint:
2025-07-15T17:30:02.3885269Z hint: Disable this message with "git config set advice.defaultBranchName false"
2025-07-15T17:30:02.3886752Z Initialized empty Git repository in /home/runner/work/testing-CI-CD/testing-CI-CD/.git/
2025-07-15T17:30:02.3890111Z [command]/usr/bin/git remote add origin https://github.com/***/testing-CI-CD
2025-07-15T17:30:02.3928465Z ##[endgroup]
2025-07-15T17:30:02.3929993Z ##[group]Disabling automatic garbage collection
2025-07-15T17:30:02.3931267Z [command]/usr/bin/git config --local gc.auto 0
2025-07-15T17:30:02.3963889Z ##[endgroup]
2025-07-15T17:30:02.3965187Z ##[group]Setting up auth
2025-07-15T17:30:02.3969613Z [command]/usr/bin/git config --local --name-only --get-regexp core\.sshCommand
2025-07-15T17:30:02.4000850Z [command]/usr/bin/git submodule foreach --recursive sh -c "git config --local --name-only --get-regexp 'core\.sshCommand' && git config --local --unset-all 'core.sshCommand' || :"
2025-07-15T17:30:02.4474121Z [command]/usr/bin/git config --local --name-only --get-regexp http\.https\:\/\/github\.com\/\.extraheader
2025-07-15T17:30:02.4504320Z [command]/usr/bin/git submodule foreach --recursive sh -c "git config --local --name-only --get-regexp 'http\.https\:\/\/github\.com\/\.extraheader' && git config --local --unset-all 'http.https://github.com/.extraheader' || :"
2025-07-15T17:30:02.4754375Z [command]/usr/bin/git config --local http.https://github.com/.extraheader AUTHORIZATION: basic ***
2025-07-15T17:30:02.4797285Z ##[endgroup]
2025-07-15T17:30:02.4799141Z ##[group]Fetching the repository
2025-07-15T17:30:02.4806884Z [command]/usr/bin/git -c protocol.version=2 fetch --no-tags --prune --progress --no-recurse-submodules --depth=1 origin +eb980fc2ae1e678a50aad9457ae95ac48f39b16b:refs/remotes/origin/main
2025-07-15T17:30:02.6930714Z remote: Enumerating objects: 4157, done.        
2025-07-15T17:30:02.6932122Z remote: Counting objects:   0% (1/4157)        
2025-07-15T17:30:02.6933560Z remote: Counting objects:   1% (42/4157)        
2025-07-15T17:30:02.6934794Z remote: Counting objects:   2% (84/4157)        
2025-07-15T17:30:02.6936313Z remote: Counting objects:   3% (125/4157)        
2025-07-15T17:30:02.6938039Z remote: Counting objects:   4% (167/4157)        
2025-07-15T17:30:02.6939630Z remote: Counting objects:   5% (208/4157)        
2025-07-15T17:30:02.6940681Z remote: Counting objects:   6% (250/4157)        
2025-07-15T17:30:02.6941498Z remote: Counting objects:   7% (291/4157)        
2025-07-15T17:30:02.6942138Z remote: Counting objects:   8% (333/4157)        
2025-07-15T17:30:02.6942818Z remote: Counting objects:   9% (375/4157)        
2025-07-15T17:30:02.6943462Z remote: Counting objects:  10% (416/4157)        
2025-07-15T17:30:02.6944088Z remote: Counting objects:  11% (458/4157)        
2025-07-15T17:30:02.6944724Z remote: Counting objects:  12% (499/4157)        
2025-07-15T17:30:02.6945338Z remote: Counting objects:  13% (541/4157)        
2025-07-15T17:30:02.6946444Z remote: Counting objects:  14% (582/4157)        
2025-07-15T17:30:02.6947082Z remote: Counting objects:  15% (624/4157)        
2025-07-15T17:30:02.6947971Z remote: Counting objects:  16% (666/4157)        
2025-07-15T17:30:02.6948604Z remote: Counting objects:  17% (707/4157)        
2025-07-15T17:30:02.6949232Z remote: Counting objects:  18% (749/4157)        
2025-07-15T17:30:02.6949854Z remote: Counting objects:  19% (790/4157)        
2025-07-15T17:30:02.6950514Z remote: Counting objects:  20% (832/4157)        
2025-07-15T17:30:02.6951322Z remote: Counting objects:  21% (873/4157)        
2025-07-15T17:30:02.6951981Z remote: Counting objects:  22% (915/4157)        
2025-07-15T17:30:02.6952656Z remote: Counting objects:  23% (957/4157)        
2025-07-15T17:30:02.6953374Z remote: Counting objects:  24% (998/4157)        
2025-07-15T17:30:02.6954136Z remote: Counting objects:  25% (1040/4157)        
2025-07-15T17:30:02.6954836Z remote: Counting objects:  26% (1081/4157)        
2025-07-15T17:30:02.6955573Z remote: Counting objects:  27% (1123/4157)        
2025-07-15T17:30:02.6956389Z remote: Counting objects:  28% (1164/4157)        
2025-07-15T17:30:02.6957100Z remote: Counting objects:  29% (1206/4157)        
2025-07-15T17:30:02.6958066Z remote: Counting objects:  30% (1248/4157)        
2025-07-15T17:30:02.6958795Z remote: Counting objects:  31% (1289/4157)        
2025-07-15T17:30:02.6959504Z remote: Counting objects:  32% (1331/4157)        
2025-07-15T17:30:02.6960225Z remote: Counting objects:  33% (1372/4157)        
2025-07-15T17:30:02.6960968Z remote: Counting objects:  34% (1414/4157)        
2025-07-15T17:30:02.6961692Z remote: Counting objects:  35% (1455/4157)        
2025-07-15T17:30:02.6962456Z remote: Counting objects:  36% (1497/4157)        
2025-07-15T17:30:02.6963181Z remote: Counting objects:  37% (1539/4157)        
2025-07-15T17:30:02.6963906Z remote: Counting objects:  38% (1580/4157)        
2025-07-15T17:30:02.6964631Z remote: Counting objects:  39% (1622/4157)        
2025-07-15T17:30:02.6965348Z remote: Counting objects:  40% (1663/4157)        
2025-07-15T17:30:02.6966063Z remote: Counting objects:  41% (1705/4157)        
2025-07-15T17:30:02.6966764Z remote: Counting objects:  42% (1746/4157)        
2025-07-15T17:30:02.6967625Z remote: Counting objects:  43% (1788/4157)        
2025-07-15T17:30:02.6968383Z remote: Counting objects:  44% (1830/4157)        
2025-07-15T17:30:02.6969106Z remote: Counting objects:  45% (1871/4157)        
2025-07-15T17:30:02.6969852Z remote: Counting objects:  46% (1913/4157)        
2025-07-15T17:30:02.6970793Z remote: Counting objects:  47% (1954/4157)        
2025-07-15T17:30:02.6971492Z remote: Counting objects:  48% (1996/4157)        
2025-07-15T17:30:02.6972181Z remote: Counting objects:  49% (2037/4157)        
2025-07-15T17:30:02.6972867Z remote: Counting objects:  50% (2079/4157)        
2025-07-15T17:30:02.6973549Z remote: Counting objects:  51% (2121/4157)        
2025-07-15T17:30:02.6974235Z remote: Counting objects:  52% (2162/4157)        
2025-07-15T17:30:02.6974970Z remote: Counting objects:  53% (2204/4157)        
2025-07-15T17:30:02.6975642Z remote: Counting objects:  54% (2245/4157)        
2025-07-15T17:30:02.7080065Z remote: Counting objects:  55% (2287/4157)        
2025-07-15T17:30:02.7081533Z remote: Counting objects:  56% (2328/4157)        
2025-07-15T17:30:02.7082698Z remote: Counting objects:  57% (2370/4157)        
2025-07-15T17:30:02.7083467Z remote: Counting objects:  58% (2412/4157)        
2025-07-15T17:30:02.7084379Z remote: Counting objects:  59% (2453/4157)        
2025-07-15T17:30:02.7085153Z remote: Counting objects:  60% (2495/4157)        
2025-07-15T17:30:02.7085903Z remote: Counting objects:  61% (2536/4157)        
2025-07-15T17:30:02.7086639Z remote: Counting objects:  62% (2578/4157)        
2025-07-15T17:30:02.7087383Z remote: Counting objects:  63% (2619/4157)        
2025-07-15T17:30:02.7088462Z remote: Counting objects:  64% (2661/4157)        
2025-07-15T17:30:02.7089470Z remote: Counting objects:  65% (2703/4157)        
2025-07-15T17:30:02.7090206Z remote: Counting objects:  66% (2744/4157)        
2025-07-15T17:30:02.7090956Z remote: Counting objects:  67% (2786/4157)        
2025-07-15T17:30:02.7091688Z remote: Counting objects:  68% (2827/4157)        
2025-07-15T17:30:02.7092372Z remote: Counting objects:  69% (2869/4157)        
2025-07-15T17:30:02.7093057Z remote: Counting objects:  70% (2910/4157)        
2025-07-15T17:30:02.7093742Z remote: Counting objects:  71% (2952/4157)        
2025-07-15T17:30:02.7094442Z remote: Counting objects:  72% (2994/4157)        
2025-07-15T17:30:02.7095121Z remote: Counting objects:  73% (3035/4157)        
2025-07-15T17:30:02.7095790Z remote: Counting objects:  74% (3077/4157)        
2025-07-15T17:30:02.7096469Z remote: Counting objects:  75% (3118/4157)        
2025-07-15T17:30:02.7097137Z remote: Counting objects:  76% (3160/4157)        
2025-07-15T17:30:02.7097941Z remote: Counting objects:  77% (3201/4157)        
2025-07-15T17:30:02.7098687Z remote: Counting objects:  78% (3243/4157)        
2025-07-15T17:30:02.7099358Z remote: Counting objects:  79% (3285/4157)        
2025-07-15T17:30:02.7100057Z remote: Counting objects:  80% (3326/4157)        
2025-07-15T17:30:02.7100766Z remote: Counting objects:  81% (3368/4157)        
2025-07-15T17:30:02.7101440Z remote: Counting objects:  82% (3409/4157)        
2025-07-15T17:30:02.7102130Z remote: Counting objects:  83% (3451/4157)        
2025-07-15T17:30:02.7102810Z remote: Counting objects:  84% (3492/4157)        
2025-07-15T17:30:02.7103489Z remote: Counting objects:  85% (3534/4157)        
2025-07-15T17:30:02.7104183Z remote: Counting objects:  86% (3576/4157)        
2025-07-15T17:30:02.7104875Z remote: Counting objects:  87% (3617/4157)        
2025-07-15T17:30:02.7105554Z remote: Counting objects:  88% (3659/4157)        
2025-07-15T17:30:02.7106214Z remote: Counting objects:  89% (3700/4157)        
2025-07-15T17:30:02.7106886Z remote: Counting objects:  90% (3742/4157)        
2025-07-15T17:30:02.7107666Z remote: Counting objects:  91% (3783/4157)        
2025-07-15T17:30:02.7108341Z remote: Counting objects:  92% (3825/4157)        
2025-07-15T17:30:02.7109024Z remote: Counting objects:  93% (3867/4157)        
2025-07-15T17:30:02.7109701Z remote: Counting objects:  94% (3908/4157)        
2025-07-15T17:30:02.7110365Z remote: Counting objects:  95% (3950/4157)        
2025-07-15T17:30:02.7111032Z remote: Counting objects:  96% (3991/4157)        
2025-07-15T17:30:02.7111695Z remote: Counting objects:  97% (4033/4157)        
2025-07-15T17:30:02.7112501Z remote: Counting objects:  98% (4074/4157)        
2025-07-15T17:30:02.7113167Z remote: Counting objects:  99% (4116/4157)        
2025-07-15T17:30:02.7113840Z remote: Counting objects: 100% (4157/4157)        
2025-07-15T17:30:02.7114550Z remote: Counting objects: 100% (4157/4157), done.        
2025-07-15T17:30:02.7115265Z remote: Compressing objects:   0% (1/3716)        
2025-07-15T17:30:02.7115950Z remote: Compressing objects:   1% (38/3716)        
2025-07-15T17:30:02.7136682Z remote: Compressing objects:   2% (75/3716)        
2025-07-15T17:30:02.7211668Z remote: Compressing objects:   3% (112/3716)        
2025-07-15T17:30:02.7274027Z remote: Compressing objects:   4% (149/3716)        
2025-07-15T17:30:02.7358702Z remote: Compressing objects:   5% (186/3716)        
2025-07-15T17:30:02.7458395Z remote: Compressing objects:   6% (223/3716)        
2025-07-15T17:30:02.7613701Z remote: Compressing objects:   7% (261/3716)        
2025-07-15T17:30:02.7682917Z remote: Compressing objects:   8% (298/3716)        
2025-07-15T17:30:02.7831893Z remote: Compressing objects:   9% (335/3716)        
2025-07-15T17:30:02.7933315Z remote: Compressing objects:  10% (372/3716)        
2025-07-15T17:30:02.8006802Z remote: Compressing objects:  11% (409/3716)        
2025-07-15T17:30:02.8056934Z remote: Compressing objects:  12% (446/3716)        
2025-07-15T17:30:02.8164998Z remote: Compressing objects:  13% (484/3716)        
2025-07-15T17:30:02.8275336Z remote: Compressing objects:  14% (521/3716)        
2025-07-15T17:30:02.8350972Z remote: Compressing objects:  15% (558/3716)        
2025-07-15T17:30:02.8435217Z remote: Compressing objects:  16% (595/3716)        
2025-07-15T17:30:02.8498399Z remote: Compressing objects:  17% (632/3716)        
2025-07-15T17:30:02.8599264Z remote: Compressing objects:  18% (669/3716)        
2025-07-15T17:30:02.8731654Z remote: Compressing objects:  19% (707/3716)        
2025-07-15T17:30:02.8807217Z remote: Compressing objects:  20% (744/3716)        
2025-07-15T17:30:02.8955851Z remote: Compressing objects:  21% (781/3716)        
2025-07-15T17:30:02.9085149Z remote: Compressing objects:  22% (818/3716)        
2025-07-15T17:30:02.9189078Z remote: Compressing objects:  23% (855/3716)        
2025-07-15T17:30:02.9267304Z remote: Compressing objects:  24% (892/3716)        
2025-07-15T17:30:02.9324517Z remote: Compressing objects:  25% (929/3716)        
2025-07-15T17:30:02.9501627Z remote: Compressing objects:  26% (967/3716)        
2025-07-15T17:30:02.9601467Z remote: Compressing objects:  27% (1004/3716)        
2025-07-15T17:30:02.9728971Z remote: Compressing objects:  28% (1041/3716)        
2025-07-15T17:30:02.9838562Z remote: Compressing objects:  29% (1078/3716)        
2025-07-15T17:30:02.9908971Z remote: Compressing objects:  30% (1115/3716)        
2025-07-15T17:30:02.9999890Z remote: Compressing objects:  31% (1152/3716)        
2025-07-15T17:30:03.0095226Z remote: Compressing objects:  32% (1190/3716)        
2025-07-15T17:30:03.0140717Z remote: Compressing objects:  33% (1227/3716)        
2025-07-15T17:30:03.0338235Z remote: Compressing objects:  34% (1264/3716)        
2025-07-15T17:30:03.0406165Z remote: Compressing objects:  35% (1301/3716)        
2025-07-15T17:30:03.0441540Z remote: Compressing objects:  36% (1338/3716)        
2025-07-15T17:30:03.0459409Z remote: Compressing objects:  37% (1375/3716)        
2025-07-15T17:30:03.0481540Z remote: Compressing objects:  38% (1413/3716)        
2025-07-15T17:30:03.0521356Z remote: Compressing objects:  39% (1450/3716)        
2025-07-15T17:30:03.0525492Z remote: Compressing objects:  40% (1487/3716)        
2025-07-15T17:30:03.0534846Z remote: Compressing objects:  41% (1524/3716)        
2025-07-15T17:30:03.0692809Z remote: Compressing objects:  42% (1561/3716)        
2025-07-15T17:30:03.0728142Z remote: Compressing objects:  43% (1598/3716)        
2025-07-15T17:30:03.0729621Z remote: Compressing objects:  44% (1636/3716)        
2025-07-15T17:30:03.1397200Z remote: Compressing objects:  45% (1673/3716)        
2025-07-15T17:30:03.3459784Z remote: Compressing objects:  46% (1710/3716)        
2025-07-15T17:30:03.4871748Z remote: Compressing objects:  47% (1747/3716)        
2025-07-15T17:30:03.5829855Z remote: Compressing objects:  48% (1784/3716)        
2025-07-15T17:30:03.6549625Z remote: Compressing objects:  49% (1821/3716)        
2025-07-15T17:30:03.6955147Z remote: Compressing objects:  50% (1858/3716)        
2025-07-15T17:30:03.7332603Z remote: Compressing objects:  50% (1877/3716)        
2025-07-15T17:30:03.8039481Z remote: Compressing objects:  51% (1896/3716)        
2025-07-15T17:30:03.8542564Z remote: Compressing objects:  52% (1933/3716)        
2025-07-15T17:30:03.8981795Z remote: Compressing objects:  53% (1970/3716)        
2025-07-15T17:30:03.9430610Z remote: Compressing objects:  54% (2007/3716)        
2025-07-15T17:30:03.9833597Z remote: Compressing objects:  55% (2044/3716)        
2025-07-15T17:30:04.0194971Z remote: Compressing objects:  56% (2081/3716)        
2025-07-15T17:30:04.0505738Z remote: Compressing objects:  57% (2119/3716)        
2025-07-15T17:30:04.0798056Z remote: Compressing objects:  58% (2156/3716)        
2025-07-15T17:30:04.1024472Z remote: Compressing objects:  59% (2193/3716)        
2025-07-15T17:30:04.1255551Z remote: Compressing objects:  60% (2230/3716)        
2025-07-15T17:30:04.1417169Z remote: Compressing objects:  61% (2267/3716)        
2025-07-15T17:30:04.1600112Z remote: Compressing objects:  62% (2304/3716)        
2025-07-15T17:30:04.1752512Z remote: Compressing objects:  63% (2342/3716)        
2025-07-15T17:30:04.1919278Z remote: Compressing objects:  64% (2379/3716)        
2025-07-15T17:30:04.2049800Z remote: Compressing objects:  65% (2416/3716)        
2025-07-15T17:30:04.2167294Z remote: Compressing objects:  66% (2453/3716)        
2025-07-15T17:30:04.2284361Z remote: Compressing objects:  67% (2490/3716)        
2025-07-15T17:30:04.2393276Z remote: Compressing objects:  68% (2527/3716)        
2025-07-15T17:30:04.2477977Z remote: Compressing objects:  69% (2565/3716)        
2025-07-15T17:30:04.2566989Z remote: Compressing objects:  70% (2602/3716)        
2025-07-15T17:30:04.2642935Z remote: Compressing objects:  71% (2639/3716)        
2025-07-15T17:30:04.2717722Z remote: Compressing objects:  72% (2676/3716)        
2025-07-15T17:30:04.2779262Z remote: Compressing objects:  73% (2713/3716)        
2025-07-15T17:30:04.2831902Z remote: Compressing objects:  74% (2750/3716)        
2025-07-15T17:30:04.2880536Z remote: Compressing objects:  75% (2787/3716)        
2025-07-15T17:30:04.2931720Z remote: Compressing objects:  76% (2825/3716)        
2025-07-15T17:30:04.2967731Z remote: Compressing objects:  77% (2862/3716)        
2025-07-15T17:30:04.3063131Z remote: Compressing objects:  78% (2899/3716)        
2025-07-15T17:30:04.3065689Z remote: Compressing objects:  79% (2936/3716)        
2025-07-15T17:30:04.3067411Z remote: Compressing objects:  80% (2973/3716)        
2025-07-15T17:30:04.3089367Z remote: Compressing objects:  81% (3010/3716)        
2025-07-15T17:30:04.3108887Z remote: Compressing objects:  82% (3048/3716)        
2025-07-15T17:30:04.3121068Z remote: Compressing objects:  83% (3085/3716)        
2025-07-15T17:30:04.3128777Z remote: Compressing objects:  84% (3122/3716)        
2025-07-15T17:30:04.3133430Z remote: Compressing objects:  85% (3159/3716)        
2025-07-15T17:30:04.3135875Z remote: Compressing objects:  86% (3196/3716)        
2025-07-15T17:30:04.3137954Z remote: Compressing objects:  87% (3233/3716)        
2025-07-15T17:30:04.3159701Z remote: Compressing objects:  88% (3271/3716)        
2025-07-15T17:30:04.3245497Z remote: Compressing objects:  89% (3308/3716)        
2025-07-15T17:30:04.3341495Z remote: Compressing objects:  90% (3345/3716)        
2025-07-15T17:30:04.3343541Z remote: Compressing objects:  91% (3382/3716)        
2025-07-15T17:30:04.3345707Z remote: Compressing objects:  92% (3419/3716)        
2025-07-15T17:30:04.3350122Z remote: Compressing objects:  93% (3456/3716)        
2025-07-15T17:30:04.3354719Z remote: Compressing objects:  94% (3494/3716)        
2025-07-15T17:30:04.3359336Z remote: Compressing objects:  95% (3531/3716)        
2025-07-15T17:30:04.3366840Z remote: Compressing objects:  96% (3568/3716)        
2025-07-15T17:30:04.3371537Z remote: Compressing objects:  97% (3605/3716)        
2025-07-15T17:30:04.3376205Z remote: Compressing objects:  98% (3642/3716)        
2025-07-15T17:30:04.3381648Z remote: Compressing objects:  99% (3679/3716)        
2025-07-15T17:30:04.3384050Z remote: Compressing objects: 100% (3716/3716)        
2025-07-15T17:30:04.3386790Z remote: Compressing objects: 100% (3716/3716), done.        
2025-07-15T17:30:04.3532675Z Receiving objects:   0% (1/4157)
2025-07-15T17:30:04.3549983Z Receiving objects:   1% (42/4157)
2025-07-15T17:30:04.3993238Z Receiving objects:   2% (84/4157)
2025-07-15T17:30:04.4046028Z Receiving objects:   3% (125/4157)
2025-07-15T17:30:04.4222860Z Receiving objects:   4% (167/4157)
2025-07-15T17:30:04.4300234Z Receiving objects:   5% (208/4157)
2025-07-15T17:30:04.4352104Z Receiving objects:   6% (250/4157)
2025-07-15T17:30:04.4519451Z Receiving objects:   7% (291/4157)
2025-07-15T17:30:04.4566814Z Receiving objects:   8% (333/4157)
2025-07-15T17:30:04.4648815Z Receiving objects:   9% (375/4157)
2025-07-15T17:30:04.4719353Z Receiving objects:  10% (416/4157)
2025-07-15T17:30:04.4794367Z Receiving objects:  11% (458/4157)
2025-07-15T17:30:04.4830609Z Receiving objects:  12% (499/4157)
2025-07-15T17:30:04.4848069Z Receiving objects:  13% (541/4157)
2025-07-15T17:30:04.4853737Z Receiving objects:  14% (582/4157)
2025-07-15T17:30:04.4866421Z Receiving objects:  15% (624/4157)
2025-07-15T17:30:04.4882635Z Receiving objects:  16% (666/4157)
2025-07-15T17:30:04.4915075Z Receiving objects:  17% (707/4157)
2025-07-15T17:30:04.4948545Z Receiving objects:  18% (749/4157)
2025-07-15T17:30:04.4990717Z Receiving objects:  19% (790/4157)
2025-07-15T17:30:04.5047674Z Receiving objects:  20% (832/4157)
2025-07-15T17:30:04.5081067Z Receiving objects:  21% (873/4157)
2025-07-15T17:30:04.5162194Z Receiving objects:  22% (915/4157)
2025-07-15T17:30:04.5210729Z Receiving objects:  23% (957/4157)
2025-07-15T17:30:04.5237042Z Receiving objects:  24% (998/4157)
2025-07-15T17:30:04.5249384Z Receiving objects:  25% (1040/4157)
2025-07-15T17:30:04.5265143Z Receiving objects:  26% (1081/4157)
2025-07-15T17:30:04.5279878Z Receiving objects:  27% (1123/4157)
2025-07-15T17:30:04.5297206Z Receiving objects:  28% (1164/4157)
2025-07-15T17:30:04.5345802Z Receiving objects:  29% (1206/4157)
2025-07-15T17:30:04.5407400Z Receiving objects:  30% (1248/4157)
2025-07-15T17:30:04.5442153Z Receiving objects:  31% (1289/4157)
2025-07-15T17:30:04.5474822Z Receiving objects:  32% (1331/4157)
2025-07-15T17:30:04.5507974Z Receiving objects:  33% (1372/4157)
2025-07-15T17:30:04.5533823Z Receiving objects:  34% (1414/4157)
2025-07-15T17:30:04.5559448Z Receiving objects:  35% (1455/4157)
2025-07-15T17:30:04.5595887Z Receiving objects:  36% (1497/4157)
2025-07-15T17:30:04.5629226Z Receiving objects:  37% (1539/4157)
2025-07-15T17:30:04.5652659Z Receiving objects:  38% (1580/4157)
2025-07-15T17:30:04.5693852Z Receiving objects:  39% (1622/4157)
2025-07-15T17:30:04.5744667Z Receiving objects:  40% (1663/4157)
2025-07-15T17:30:04.5782547Z Receiving objects:  41% (1705/4157)
2025-07-15T17:30:04.5817770Z Receiving objects:  42% (1746/4157)
2025-07-15T17:30:04.5902460Z Receiving objects:  43% (1788/4157)
2025-07-15T17:30:04.5948430Z Receiving objects:  44% (1830/4157)
2025-07-15T17:30:04.5996979Z Receiving objects:  45% (1871/4157)
2025-07-15T17:30:04.6033243Z Receiving objects:  46% (1913/4157)
2025-07-15T17:30:04.6080408Z Receiving objects:  47% (1954/4157)
2025-07-15T17:30:04.6182194Z Receiving objects:  48% (1996/4157)
2025-07-15T17:30:04.6210791Z Receiving objects:  49% (2037/4157)
2025-07-15T17:30:04.6235686Z Receiving objects:  50% (2079/4157)
2025-07-15T17:30:04.6289964Z Receiving objects:  51% (2121/4157)
2025-07-15T17:30:04.6336426Z Receiving objects:  52% (2162/4157)
2025-07-15T17:30:04.6372044Z Receiving objects:  53% (2204/4157)
2025-07-15T17:30:04.6403320Z Receiving objects:  54% (2245/4157)
2025-07-15T17:30:04.6433520Z Receiving objects:  55% (2287/4157)
2025-07-15T17:30:04.6470759Z Receiving objects:  56% (2328/4157)
2025-07-15T17:30:04.6532706Z Receiving objects:  57% (2370/4157)
2025-07-15T17:30:04.6559680Z Receiving objects:  58% (2412/4157)
2025-07-15T17:30:04.6583438Z Receiving objects:  59% (2453/4157)
2025-07-15T17:30:04.6598570Z Receiving objects:  60% (2495/4157)
2025-07-15T17:30:04.6669316Z Receiving objects:  61% (2536/4157)
2025-07-15T17:30:04.6712313Z Receiving objects:  62% (2578/4157)
2025-07-15T17:30:04.6754662Z Receiving objects:  63% (2619/4157)
2025-07-15T17:30:04.6826967Z Receiving objects:  64% (2661/4157)
2025-07-15T17:30:04.6880746Z Receiving objects:  65% (2703/4157)
2025-07-15T17:30:04.6926208Z Receiving objects:  66% (2744/4157)
2025-07-15T17:30:04.6995996Z Receiving objects:  67% (2786/4157)
2025-07-15T17:30:04.7038227Z Receiving objects:  68% (2827/4157)
2025-07-15T17:30:04.7072754Z Receiving objects:  69% (2869/4157)
2025-07-15T17:30:04.7141626Z Receiving objects:  70% (2910/4157)
2025-07-15T17:30:04.7182606Z Receiving objects:  71% (2952/4157)
2025-07-15T17:30:04.7219127Z Receiving objects:  72% (2994/4157)
2025-07-15T17:30:04.7238270Z Receiving objects:  73% (3035/4157)
2025-07-15T17:30:04.7252885Z Receiving objects:  74% (3077/4157)
2025-07-15T17:30:04.7262565Z Receiving objects:  75% (3118/4157)
2025-07-15T17:30:04.7297857Z Receiving objects:  76% (3160/4157)
2025-07-15T17:30:04.7351783Z Receiving objects:  77% (3201/4157)
2025-07-15T17:30:04.7456083Z Receiving objects:  78% (3243/4157)
2025-07-15T17:30:04.7493842Z Receiving objects:  79% (3285/4157)
2025-07-15T17:30:04.7529137Z Receiving objects:  80% (3326/4157)
2025-07-15T17:30:04.7551100Z Receiving objects:  81% (3368/4157)
2025-07-15T17:30:04.7576188Z Receiving objects:  82% (3409/4157)
2025-07-15T17:30:04.7582363Z Receiving objects:  83% (3451/4157)
2025-07-15T17:30:04.7590260Z Receiving objects:  84% (3492/4157)
2025-07-15T17:30:04.7598415Z Receiving objects:  85% (3534/4157)
2025-07-15T17:30:04.7604681Z Receiving objects:  86% (3576/4157)
2025-07-15T17:30:04.7610465Z Receiving objects:  87% (3617/4157)
2025-07-15T17:30:04.7617100Z Receiving objects:  88% (3659/4157)
2025-07-15T17:30:04.7620951Z Receiving objects:  89% (3700/4157)
2025-07-15T17:30:04.7627289Z Receiving objects:  90% (3742/4157)
2025-07-15T17:30:04.7647862Z Receiving objects:  91% (3783/4157)
2025-07-15T17:30:04.7657263Z Receiving objects:  92% (3825/4157)
2025-07-15T17:30:04.7673227Z Receiving objects:  93% (3867/4157)
2025-07-15T17:30:04.7676737Z Receiving objects:  94% (3908/4157)
2025-07-15T17:30:04.7718574Z Receiving objects:  95% (3950/4157)
2025-07-15T17:30:04.7741705Z Receiving objects:  96% (3991/4157)
2025-07-15T17:30:04.7800882Z Receiving objects:  97% (4033/4157)
2025-07-15T17:30:04.7836714Z Receiving objects:  98% (4074/4157)
2025-07-15T17:30:04.7881819Z Receiving objects:  99% (4116/4157)
2025-07-15T17:30:04.7882606Z remote: Total 4157 (delta 619), reused 3839 (delta 396), pack-reused 0 (from 0)        
2025-07-15T17:30:04.7900397Z Receiving objects: 100% (4157/4157)
2025-07-15T17:30:04.7901272Z Receiving objects: 100% (4157/4157), 13.99 MiB | 31.21 MiB/s, done.
2025-07-15T17:30:04.7904706Z Resolving deltas:   0% (0/619)
2025-07-15T17:30:04.7905500Z Resolving deltas:   1% (8/619)
2025-07-15T17:30:04.7905974Z Resolving deltas:   2% (14/619)
2025-07-15T17:30:04.7906419Z Resolving deltas:   3% (19/619)
2025-07-15T17:30:04.7907896Z Resolving deltas:   4% (25/619)
2025-07-15T17:30:04.7910800Z Resolving deltas:   5% (31/619)
2025-07-15T17:30:04.7912893Z Resolving deltas:   6% (38/619)
2025-07-15T17:30:04.7913789Z Resolving deltas:   7% (44/619)
2025-07-15T17:30:04.7914860Z Resolving deltas:   8% (50/619)
2025-07-15T17:30:04.7923249Z Resolving deltas:   9% (56/619)
2025-07-15T17:30:04.7925832Z Resolving deltas:  10% (62/619)
2025-07-15T17:30:04.8015305Z Resolving deltas:  11% (69/619)
2025-07-15T17:30:04.8021509Z Resolving deltas:  12% (75/619)
2025-07-15T17:30:04.8022637Z Resolving deltas:  13% (81/619)
2025-07-15T17:30:04.8024864Z Resolving deltas:  14% (87/619)
2025-07-15T17:30:04.8111488Z Resolving deltas:  15% (93/619)
2025-07-15T17:30:04.8111990Z Resolving deltas:  16% (100/619)
2025-07-15T17:30:04.8112329Z Resolving deltas:  17% (106/619)
2025-07-15T17:30:04.8112745Z Resolving deltas:  18% (112/619)
2025-07-15T17:30:04.8113163Z Resolving deltas:  19% (118/619)
2025-07-15T17:30:04.8113572Z Resolving deltas:  20% (124/619)
2025-07-15T17:30:04.8113954Z Resolving deltas:  21% (130/619)
2025-07-15T17:30:04.8114353Z Resolving deltas:  22% (137/619)
2025-07-15T17:30:04.8114747Z Resolving deltas:  23% (143/619)
2025-07-15T17:30:04.8115132Z Resolving deltas:  24% (149/619)
2025-07-15T17:30:04.8115526Z Resolving deltas:  25% (155/619)
2025-07-15T17:30:04.8115924Z Resolving deltas:  26% (161/619)
2025-07-15T17:30:04.8116321Z Resolving deltas:  27% (168/619)
2025-07-15T17:30:04.8116709Z Resolving deltas:  28% (174/619)
2025-07-15T17:30:04.8117104Z Resolving deltas:  29% (180/619)
2025-07-15T17:30:04.8117680Z Resolving deltas:  30% (186/619)
2025-07-15T17:30:04.8118073Z Resolving deltas:  31% (192/619)
2025-07-15T17:30:04.8118469Z Resolving deltas:  32% (199/619)
2025-07-15T17:30:04.8118866Z Resolving deltas:  33% (205/619)
2025-07-15T17:30:04.8119251Z Resolving deltas:  34% (211/619)
2025-07-15T17:30:04.8119651Z Resolving deltas:  35% (217/619)
2025-07-15T17:30:04.8120411Z Resolving deltas:  36% (223/619)
2025-07-15T17:30:04.8122222Z Resolving deltas:  37% (230/619)
2025-07-15T17:30:04.8128287Z Resolving deltas:  38% (236/619)
2025-07-15T17:30:04.8131712Z Resolving deltas:  39% (242/619)
2025-07-15T17:30:04.8137454Z Resolving deltas:  40% (248/619)
2025-07-15T17:30:04.8144074Z Resolving deltas:  41% (254/619)
2025-07-15T17:30:04.8150316Z Resolving deltas:  42% (260/619)
2025-07-15T17:30:04.8153962Z Resolving deltas:  43% (267/619)
2025-07-15T17:30:04.8160442Z Resolving deltas:  44% (273/619)
2025-07-15T17:30:04.8163830Z Resolving deltas:  45% (279/619)
2025-07-15T17:30:04.8178634Z Resolving deltas:  46% (285/619)
2025-07-15T17:30:04.8181821Z Resolving deltas:  47% (292/619)
2025-07-15T17:30:04.8185058Z Resolving deltas:  48% (298/619)
2025-07-15T17:30:04.8192414Z Resolving deltas:  49% (304/619)
2025-07-15T17:30:04.8199601Z Resolving deltas:  50% (310/619)
2025-07-15T17:30:04.8203859Z Resolving deltas:  51% (316/619)
2025-07-15T17:30:04.8211244Z Resolving deltas:  52% (322/619)
2025-07-15T17:30:04.8214445Z Resolving deltas:  53% (329/619)
2025-07-15T17:30:04.8218434Z Resolving deltas:  54% (335/619)
2025-07-15T17:30:04.8221555Z Resolving deltas:  55% (341/619)
2025-07-15T17:30:04.8234381Z Resolving deltas:  56% (347/619)
2025-07-15T17:30:04.8239305Z Resolving deltas:  57% (353/619)
2025-07-15T17:30:04.8248551Z Resolving deltas:  58% (360/619)
2025-07-15T17:30:04.8252114Z Resolving deltas:  59% (366/619)
2025-07-15T17:30:04.8259238Z Resolving deltas:  60% (372/619)
2025-07-15T17:30:04.8268078Z Resolving deltas:  61% (378/619)
2025-07-15T17:30:04.8270592Z Resolving deltas:  62% (384/619)
2025-07-15T17:30:04.8277841Z Resolving deltas:  63% (390/619)
2025-07-15T17:30:04.8286922Z Resolving deltas:  64% (397/619)
2025-07-15T17:30:04.8289703Z Resolving deltas:  65% (403/619)
2025-07-15T17:30:04.8291723Z Resolving deltas:  66% (409/619)
2025-07-15T17:30:04.8296018Z Resolving deltas:  67% (415/619)
2025-07-15T17:30:04.8302953Z Resolving deltas:  68% (421/619)
2025-07-15T17:30:04.8307360Z Resolving deltas:  69% (428/619)
2025-07-15T17:30:04.8312996Z Resolving deltas:  70% (434/619)
2025-07-15T17:30:04.8316129Z Resolving deltas:  71% (440/619)
2025-07-15T17:30:04.8319980Z Resolving deltas:  72% (446/619)
2025-07-15T17:30:04.8328586Z Resolving deltas:  73% (452/619)
2025-07-15T17:30:04.8337801Z Resolving deltas:  74% (459/619)
2025-07-15T17:30:04.8343581Z Resolving deltas:  75% (465/619)
2025-07-15T17:30:04.8348634Z Resolving deltas:  76% (472/619)
2025-07-15T17:30:04.8353202Z Resolving deltas:  77% (477/619)
2025-07-15T17:30:04.8363140Z Resolving deltas:  78% (483/619)
2025-07-15T17:30:04.8365719Z Resolving deltas:  79% (491/619)
2025-07-15T17:30:04.8366428Z Resolving deltas:  80% (496/619)
2025-07-15T17:30:04.8368126Z Resolving deltas:  81% (502/619)
2025-07-15T17:30:04.8373584Z Resolving deltas:  82% (508/619)
2025-07-15T17:30:04.8386225Z Resolving deltas:  83% (514/619)
2025-07-15T17:30:04.8404670Z Resolving deltas:  84% (520/619)
2025-07-15T17:30:04.8418031Z Resolving deltas:  85% (527/619)
2025-07-15T17:30:04.8421479Z Resolving deltas:  86% (533/619)
2025-07-15T17:30:04.8428318Z Resolving deltas:  87% (539/619)
2025-07-15T17:30:04.8439487Z Resolving deltas:  88% (545/619)
2025-07-15T17:30:04.8451017Z Resolving deltas:  89% (551/619)
2025-07-15T17:30:04.8456810Z Resolving deltas:  90% (558/619)
2025-07-15T17:30:04.8459307Z Resolving deltas:  91% (564/619)
2025-07-15T17:30:04.8460612Z Resolving deltas:  92% (570/619)
2025-07-15T17:30:04.8462420Z Resolving deltas:  93% (576/619)
2025-07-15T17:30:04.8464850Z Resolving deltas:  94% (582/619)
2025-07-15T17:30:04.8465733Z Resolving deltas:  95% (589/619)
2025-07-15T17:30:04.8468994Z Resolving deltas:  96% (595/619)
2025-07-15T17:30:04.8470551Z Resolving deltas:  97% (601/619)
2025-07-15T17:30:04.8471036Z Resolving deltas:  98% (607/619)
2025-07-15T17:30:04.8471650Z Resolving deltas:  99% (613/619)
2025-07-15T17:30:04.8472347Z Resolving deltas: 100% (619/619)
2025-07-15T17:30:04.8472625Z Resolving deltas: 100% (619/619), done.
2025-07-15T17:30:04.8738091Z From https://github.com/***/testing-CI-CD
2025-07-15T17:30:04.8738665Z  * [new ref]         eb980fc2ae1e678a50aad9457ae95ac48f39b16b -> origin/main
2025-07-15T17:30:04.8769507Z ##[endgroup]
2025-07-15T17:30:04.8769888Z ##[group]Determining the checkout info
2025-07-15T17:30:04.8771389Z ##[endgroup]
2025-07-15T17:30:04.8771945Z ##[group]Checking out the ref
2025-07-15T17:30:04.8775471Z [command]/usr/bin/git checkout --progress --force -B main refs/remotes/origin/main
2025-07-15T17:30:05.2387201Z Switched to a new branch 'main'
2025-07-15T17:30:05.2389191Z branch 'main' set up to track 'origin/main'.
2025-07-15T17:30:05.2408973Z ##[endgroup]
2025-07-15T17:30:05.2445274Z [command]/usr/bin/git log -1 --format='%H'
2025-07-15T17:30:05.2466847Z 'eb980fc2ae1e678a50aad9457ae95ac48f39b16b'
2025-07-15T17:30:05.2685575Z ##[group]Run actions/setup-python@v4
2025-07-15T17:30:05.2685847Z with:
2025-07-15T17:30:05.2686045Z   python-version: 3.10
2025-07-15T17:30:05.2686267Z   check-latest: false
2025-07-15T17:30:05.2686620Z   token: ***
2025-07-15T17:30:05.2686815Z   update-environment: true
2025-07-15T17:30:05.2687052Z   allow-prereleases: false
2025-07-15T17:30:05.2687265Z ##[endgroup]
2025-07-15T17:30:05.4363967Z ##[group]Installed versions
2025-07-15T17:30:05.4467725Z Successfully set up CPython (3.10.18)
2025-07-15T17:30:05.4469976Z ##[endgroup]
2025-07-15T17:30:05.4584737Z ##[group]Run python -m pip install --upgrade pip
2025-07-15T17:30:05.4585137Z [36;1mpython -m pip install --upgrade pip[0m
2025-07-15T17:30:05.4585443Z [36;1mpip install -r requirements.txt[0m
2025-07-15T17:30:05.4627159Z shell: /usr/bin/bash -e {0}
2025-07-15T17:30:05.4627422Z env:
2025-07-15T17:30:05.4627834Z   pythonLocation: /opt/hostedtoolcache/Python/3.10.18/x64
2025-07-15T17:30:05.4628270Z   PKG_CONFIG_PATH: /opt/hostedtoolcache/Python/3.10.18/x64/lib/pkgconfig
2025-07-15T17:30:05.4628682Z   Python_ROOT_DIR: /opt/hostedtoolcache/Python/3.10.18/x64
2025-07-15T17:30:05.4629033Z   Python2_ROOT_DIR: /opt/hostedtoolcache/Python/3.10.18/x64
2025-07-15T17:30:05.4629413Z   Python3_ROOT_DIR: /opt/hostedtoolcache/Python/3.10.18/x64
2025-07-15T17:30:05.4629759Z   LD_LIBRARY_PATH: /opt/hostedtoolcache/Python/3.10.18/x64/lib
2025-07-15T17:30:05.4630053Z ##[endgroup]
2025-07-15T17:30:06.5713619Z Requirement already satisfied: pip in /opt/hostedtoolcache/Python/3.10.18/x64/lib/python3.10/site-packages (25.1.1)
2025-07-15T17:30:07.2662762Z Collecting Flask==3.1.0 (from -r requirements.txt (line 1))
2025-07-15T17:30:07.3038604Z   Downloading flask-3.1.0-py3-none-any.whl.metadata (2.7 kB)
2025-07-15T17:30:07.3205101Z Collecting Flask-PyMongo==3.0.1 (from -r requirements.txt (line 2))
2025-07-15T17:30:07.3261964Z   Downloading flask_pymongo-3.0.1-py3-none-any.whl.metadata (3.5 kB)
2025-07-15T17:30:07.3782070Z Collecting pytest==8.2.1 (from -r requirements.txt (line 3))
2025-07-15T17:30:07.3882764Z   Downloading pytest-8.2.1-py3-none-any.whl.metadata (7.6 kB)
2025-07-15T17:30:07.4043563Z Collecting blinker==1.9.0 (from -r requirements.txt (line 4))
2025-07-15T17:30:07.4082894Z   Downloading blinker-1.9.0-py3-none-any.whl.metadata (1.6 kB)
2025-07-15T17:30:07.4279561Z Collecting certifi==2025.1.31 (from -r requirements.txt (line 5))
2025-07-15T17:30:07.4363729Z   Downloading certifi-2025.1.31-py3-none-any.whl.metadata (2.5 kB)
2025-07-15T17:30:07.5311223Z Collecting charset-normalizer==3.4.1 (from -r requirements.txt (line 6))
2025-07-15T17:30:07.5371912Z   Downloading charset_normalizer-3.4.1-cp310-cp310-manylinux_2_17_x86_64.manylinux2014_x86_64.whl.metadata (35 kB)
2025-07-15T17:30:07.5601763Z Collecting click==8.1.8 (from -r requirements.txt (line 7))
2025-07-15T17:30:07.5644350Z   Downloading click-8.1.8-py3-none-any.whl.metadata (2.3 kB)
2025-07-15T17:30:07.5793580Z Collecting dnspython==2.7.0 (from -r requirements.txt (line 8))
2025-07-15T17:30:07.5841280Z   Downloading dnspython-2.7.0-py3-none-any.whl.metadata (5.8 kB)
2025-07-15T17:30:07.6072792Z Collecting idna==3.10 (from -r requirements.txt (line 9))
2025-07-15T17:30:07.6112659Z   Downloading idna-3.10-py3-none-any.whl.metadata (10 kB)
2025-07-15T17:30:07.6274035Z Collecting itsdangerous==2.2.0 (from -r requirements.txt (line 10))
2025-07-15T17:30:07.6314094Z   Downloading itsdangerous-2.2.0-py3-none-any.whl.metadata (1.9 kB)
2025-07-15T17:30:07.6487423Z Collecting Jinja2==3.1.6 (from -r requirements.txt (line 11))
2025-07-15T17:30:07.6541635Z   Downloading jinja2-3.1.6-py3-none-any.whl.metadata (2.9 kB)
2025-07-15T17:30:07.7164137Z Collecting MarkupSafe==3.0.2 (from -r requirements.txt (line 12))
2025-07-15T17:30:07.7208358Z   Downloading MarkupSafe-3.0.2-cp310-cp310-manylinux_2_17_x86_64.manylinux2014_x86_64.whl.metadata (4.0 kB)
2025-07-15T17:30:07.7375639Z Collecting paho-mqtt==2.1.0 (from -r requirements.txt (line 13))
2025-07-15T17:30:07.7436190Z   Downloading paho_mqtt-2.1.0-py3-none-any.whl.metadata (23 kB)
2025-07-15T17:30:08.1093220Z Collecting pymongo==4.11.2 (from -r requirements.txt (line 14))
2025-07-15T17:30:08.1157054Z   Downloading pymongo-4.11.2-cp310-cp310-manylinux_2_17_x86_64.manylinux2014_x86_64.whl.metadata (22 kB)
2025-07-15T17:30:08.1411450Z Collecting python-dotenv==1.0.1 (from -r requirements.txt (line 15))
2025-07-15T17:30:08.1462139Z   Downloading python_dotenv-1.0.1-py3-none-any.whl.metadata (23 kB)
2025-07-15T17:30:08.1778494Z Collecting requests==2.32.3 (from -r requirements.txt (line 16))
2025-07-15T17:30:08.1828718Z   Downloading requests-2.32.3-py3-none-any.whl.metadata (4.6 kB)
2025-07-15T17:30:08.2136627Z Collecting urllib3==2.3.0 (from -r requirements.txt (line 17))
2025-07-15T17:30:08.2183774Z   Downloading urllib3-2.3.0-py3-none-any.whl.metadata (6.5 kB)
2025-07-15T17:30:08.2448681Z Collecting Werkzeug==3.1.3 (from -r requirements.txt (line 18))
2025-07-15T17:30:08.2493410Z   Downloading werkzeug-3.1.3-py3-none-any.whl.metadata (3.7 kB)
2025-07-15T17:30:08.2886066Z Collecting iniconfig (from pytest==8.2.1->-r requirements.txt (line 3))
2025-07-15T17:30:08.2931471Z   Downloading iniconfig-2.1.0-py3-none-any.whl.metadata (2.7 kB)
2025-07-15T17:30:08.3148370Z Collecting packaging (from pytest==8.2.1->-r requirements.txt (line 3))
2025-07-15T17:30:08.3202349Z   Downloading packaging-25.0-py3-none-any.whl.metadata (3.3 kB)
2025-07-15T17:30:08.3377184Z Collecting pluggy<2.0,>=1.5 (from pytest==8.2.1->-r requirements.txt (line 3))
2025-07-15T17:30:08.3424719Z   Downloading pluggy-1.6.0-py3-none-any.whl.metadata (4.8 kB)
2025-07-15T17:30:08.3600627Z Collecting exceptiongroup>=1.0.0rc8 (from pytest==8.2.1->-r requirements.txt (line 3))
2025-07-15T17:30:08.3645055Z   Downloading exceptiongroup-1.3.0-py3-none-any.whl.metadata (6.7 kB)
2025-07-15T17:30:08.3841618Z Collecting tomli>=1 (from pytest==8.2.1->-r requirements.txt (line 3))
2025-07-15T17:30:08.3888406Z   Downloading tomli-2.2.1-py3-none-any.whl.metadata (10 kB)
2025-07-15T17:30:08.4628660Z Collecting typing-extensions>=4.6.0 (from exceptiongroup>=1.0.0rc8->pytest==8.2.1->-r requirements.txt (line 3))
2025-07-15T17:30:08.4671109Z   Downloading typing_extensions-4.14.1-py3-none-any.whl.metadata (3.0 kB)
2025-07-15T17:30:08.4788288Z Downloading flask-3.1.0-py3-none-any.whl (102 kB)
2025-07-15T17:30:08.4888837Z Downloading flask_pymongo-3.0.1-py3-none-any.whl (11 kB)
2025-07-15T17:30:08.4945531Z Downloading pytest-8.2.1-py3-none-any.whl (339 kB)
2025-07-15T17:30:08.5039227Z Downloading blinker-1.9.0-py3-none-any.whl (8.5 kB)
2025-07-15T17:30:08.5097942Z Downloading certifi-2025.1.31-py3-none-any.whl (166 kB)
2025-07-15T17:30:08.5165876Z Downloading charset_normalizer-3.4.1-cp310-cp310-manylinux_2_17_x86_64.manylinux2014_x86_64.whl (146 kB)
2025-07-15T17:30:08.5242425Z Downloading click-8.1.8-py3-none-any.whl (98 kB)
2025-07-15T17:30:08.5306558Z Downloading dnspython-2.7.0-py3-none-any.whl (313 kB)
2025-07-15T17:30:08.5379916Z Downloading idna-3.10-py3-none-any.whl (70 kB)
2025-07-15T17:30:08.5439544Z Downloading itsdangerous-2.2.0-py3-none-any.whl (16 kB)
2025-07-15T17:30:08.5531869Z Downloading jinja2-3.1.6-py3-none-any.whl (134 kB)
2025-07-15T17:30:08.5610787Z Downloading MarkupSafe-3.0.2-cp310-cp310-manylinux_2_17_x86_64.manylinux2014_x86_64.whl (20 kB)
2025-07-15T17:30:08.5690492Z Downloading paho_mqtt-2.1.0-py3-none-any.whl (67 kB)
2025-07-15T17:30:08.5780242Z Downloading pymongo-4.11.2-cp310-cp310-manylinux_2_17_x86_64.manylinux2014_x86_64.whl (1.2 MB)
2025-07-15T17:30:08.5883923Z    ━━━━━━━━━━━━━━━━━━━━━━━━━━━━━━━━━━━━━━━━ 1.2/1.2 MB 126.2 MB/s eta 0:00:00
2025-07-15T17:30:08.5929806Z Downloading python_dotenv-1.0.1-py3-none-any.whl (19 kB)
2025-07-15T17:30:08.5994716Z Downloading requests-2.32.3-py3-none-any.whl (64 kB)
2025-07-15T17:30:08.6060400Z Downloading urllib3-2.3.0-py3-none-any.whl (128 kB)
2025-07-15T17:30:08.6143597Z Downloading werkzeug-3.1.3-py3-none-any.whl (224 kB)
2025-07-15T17:30:08.6220679Z Downloading pluggy-1.6.0-py3-none-any.whl (20 kB)
2025-07-15T17:30:08.6301826Z Downloading exceptiongroup-1.3.0-py3-none-any.whl (16 kB)
2025-07-15T17:30:08.6361069Z Downloading tomli-2.2.1-py3-none-any.whl (14 kB)
2025-07-15T17:30:08.6419670Z Downloading typing_extensions-4.14.1-py3-none-any.whl (43 kB)
2025-07-15T17:30:08.6481917Z Downloading iniconfig-2.1.0-py3-none-any.whl (6.0 kB)
2025-07-15T17:30:08.6542714Z Downloading packaging-25.0-py3-none-any.whl (66 kB)
2025-07-15T17:30:08.7299747Z Installing collected packages: urllib3, typing-extensions, tomli, python-dotenv, pluggy, paho-mqtt, packaging, MarkupSafe, itsdangerous, iniconfig, idna, dnspython, click, charset-normalizer, certifi, blinker, Werkzeug, requests, pymongo, Jinja2, exceptiongroup, pytest, Flask, Flask-PyMongo
2025-07-15T17:30:10.2211606Z 
2025-07-15T17:30:10.2261436Z Successfully installed Flask-3.1.0 Flask-PyMongo-3.0.1 Jinja2-3.1.6 MarkupSafe-3.0.2 Werkzeug-3.1.3 blinker-1.9.0 certifi-2025.1.31 charset-normalizer-3.4.1 click-8.1.8 dnspython-2.7.0 exceptiongroup-1.3.0 idna-3.10 iniconfig-2.1.0 itsdangerous-2.2.0 packaging-25.0 paho-mqtt-2.1.0 pluggy-1.6.0 pymongo-4.11.2 pytest-8.2.1 python-dotenv-1.0.1 requests-2.32.3 tomli-2.2.1 typing-extensions-4.14.1 urllib3-2.3.0
2025-07-15T17:30:10.4489334Z ##[group]Run export PYTHONPATH=.
2025-07-15T17:30:10.4489686Z [36;1mexport PYTHONPATH=.[0m
2025-07-15T17:30:10.4489933Z [36;1mpytest test_main.py -v[0m
2025-07-15T17:30:10.4518868Z shell: /usr/bin/bash -e {0}
2025-07-15T17:30:10.4519102Z env:
2025-07-15T17:30:10.4519348Z   pythonLocation: /opt/hostedtoolcache/Python/3.10.18/x64
2025-07-15T17:30:10.4519782Z   PKG_CONFIG_PATH: /opt/hostedtoolcache/Python/3.10.18/x64/lib/pkgconfig
2025-07-15T17:30:10.4520182Z   Python_ROOT_DIR: /opt/hostedtoolcache/Python/3.10.18/x64
2025-07-15T17:30:10.4520529Z   Python2_ROOT_DIR: /opt/hostedtoolcache/Python/3.10.18/x64
2025-07-15T17:30:10.4520885Z   Python3_ROOT_DIR: /opt/hostedtoolcache/Python/3.10.18/x64
2025-07-15T17:30:10.4521244Z   LD_LIBRARY_PATH: /opt/hostedtoolcache/Python/3.10.18/x64/lib
2025-07-15T17:30:10.4521540Z ##[endgroup]
2025-07-15T17:30:10.7118748Z ============================= test session starts ==============================
2025-07-15T17:30:10.7119812Z platform linux -- Python 3.10.18, pytest-8.2.1, pluggy-1.6.0 -- /opt/hostedtoolcache/Python/3.10.18/x64/bin/python
2025-07-15T17:30:10.7120428Z cachedir: .pytest_cache
2025-07-15T17:30:10.7120774Z rootdir: /home/runner/work/testing-CI-CD/testing-CI-CD
2025-07-15T17:30:10.7916234Z collecting ... collected 0 items / 1 error
2025-07-15T17:30:10.7916650Z 
2025-07-15T17:30:10.7916854Z ==================================== ERRORS ====================================
2025-07-15T17:30:10.7917717Z ________________________ ERROR collecting test_main.py _________________________
2025-07-15T17:30:10.7918671Z ImportError while importing test module '/home/runner/work/testing-CI-CD/testing-CI-CD/test_main.py'.
2025-07-15T17:30:10.7919580Z Hint: make sure your test modules/packages have valid Python names.
2025-07-15T17:30:10.7920096Z Traceback:
2025-07-15T17:30:10.7920759Z /opt/hostedtoolcache/Python/3.10.18/x64/lib/python3.10/importlib/__init__.py:126: in import_module
2025-07-15T17:30:10.7921676Z     return _bootstrap._gcd_import(name[level:], package, level)
2025-07-15T17:30:10.7922251Z test_main.py:2: in <module>
2025-07-15T17:30:10.7922986Z     import mongomock
2025-07-15T17:30:10.7923391Z E   ModuleNotFoundError: No module named 'mongomock'
2025-07-15T17:30:10.7923982Z =========================== short test summary info ============================
2025-07-15T17:30:10.7924498Z ERROR test_main.py
2025-07-15T17:30:10.7924943Z !!!!!!!!!!!!!!!!!!!! Interrupted: 1 error during collection !!!!!!!!!!!!!!!!!!!!
2025-07-15T17:30:10.7925538Z =============================== 1 error in 0.08s ===============================
2025-07-15T17:30:10.8224426Z ##[error]Process completed with exit code 2.
2025-07-15T17:30:10.8323346Z Post job cleanup.
2025-07-15T17:30:10.9054398Z [command]/usr/bin/git version
2025-07-15T17:30:10.9092667Z git version 2.50.1
2025-07-15T17:30:10.9134051Z Temporarily overriding HOME='/home/runner/work/_temp/aac78b60-a15d-45f5-9b5d-2cc55d48da14' before making global git config changes
2025-07-15T17:30:10.9134986Z Adding repository directory to the temporary git global config as a safe directory
2025-07-15T17:30:10.9138058Z [command]/usr/bin/git config --global --add safe.directory /home/runner/work/testing-CI-CD/testing-CI-CD
2025-07-15T17:30:10.9167841Z [command]/usr/bin/git config --local --name-only --get-regexp core\.sshCommand
2025-07-15T17:30:10.9195789Z [command]/usr/bin/git submodule foreach --recursive sh -c "git config --local --name-only --get-regexp 'core\.sshCommand' && git config --local --unset-all 'core.sshCommand' || :"
2025-07-15T17:30:10.9433781Z [command]/usr/bin/git config --local --name-only --get-regexp http\.https\:\/\/github\.com\/\.extraheader
2025-07-15T17:30:10.9454938Z http.https://github.com/.extraheader
2025-07-15T17:30:10.9466060Z [command]/usr/bin/git config --local --unset-all http.https://github.com/.extraheader
2025-07-15T17:30:10.9495244Z [command]/usr/bin/git submodule foreach --recursive sh -c "git config --local --name-only --get-regexp 'http\.https\:\/\/github\.com\/\.extraheader' && git config --local --unset-all 'http.https://github.com/.extraheader' || :"
2025-07-15T17:30:10.9831564Z Cleaning up orphan processes
