2025-07-15T20:36:47.0785525Z Current runner version: '2.326.0'
2025-07-15T20:36:47.0818334Z ##[group]Runner Image Provisioner
2025-07-15T20:36:47.0819601Z Hosted Compute Agent
2025-07-15T20:36:47.0820418Z Version: 20250711.363
2025-07-15T20:36:47.0821540Z Commit: 6785254374ce925a23743850c1cb91912ce5c14c
2025-07-15T20:36:47.0822947Z Build Date: 2025-07-11T20:04:25Z
2025-07-15T20:36:47.0823975Z ##[endgroup]
2025-07-15T20:36:47.0824853Z ##[group]Operating System
2025-07-15T20:36:47.0825742Z Ubuntu
2025-07-15T20:36:47.0826549Z 24.04.2
2025-07-15T20:36:47.0827261Z LTS
2025-07-15T20:36:47.0827992Z ##[endgroup]
2025-07-15T20:36:47.0828857Z ##[group]Runner Image
2025-07-15T20:36:47.0829765Z Image: ubuntu-24.04
2025-07-15T20:36:47.0830591Z Version: 20250710.1.0
2025-07-15T20:36:47.0832575Z Included Software: https://github.com/actions/runner-images/blob/ubuntu24/20250710.1/images/ubuntu/Ubuntu2404-Readme.md
2025-07-15T20:36:47.0835336Z Image Release: https://github.com/actions/runner-images/releases/tag/ubuntu24%2F20250710.1
2025-07-15T20:36:47.0837188Z ##[endgroup]
2025-07-15T20:36:47.0838951Z ##[group]GITHUB_TOKEN Permissions
2025-07-15T20:36:47.0841495Z Contents: read
2025-07-15T20:36:47.0842967Z Metadata: read
2025-07-15T20:36:47.0843824Z Packages: read
2025-07-15T20:36:47.0844873Z ##[endgroup]
2025-07-15T20:36:47.0847702Z Secret source: Actions
2025-07-15T20:36:47.0848870Z Prepare workflow directory
2025-07-15T20:36:47.1264835Z Prepare all required actions
2025-07-15T20:36:47.1321543Z Getting action download info
2025-07-15T20:36:47.4460267Z ##[group]Download immutable action package 'actions/checkout@v3'
2025-07-15T20:36:47.4461443Z Version: 3.6.0
2025-07-15T20:36:47.4462664Z Digest: sha256:942562b9c7d4b1f2557f1da21f4d3eb4eb4fd01f2ad78b2a6e187d1b193e0a0f
2025-07-15T20:36:47.4464045Z Source commit SHA: f43a0e5ff2bd294095638e18286ca9a3d1956744
2025-07-15T20:36:47.4464875Z ##[endgroup]
2025-07-15T20:36:47.5360125Z ##[group]Download immutable action package 'actions/setup-python@v4'
2025-07-15T20:36:47.5361030Z Version: 4.9.1
2025-07-15T20:36:47.5361897Z Digest: sha256:f03e505388af670b5a108629e0ba26befc08d5c62b41f46146a45fe29ae509a5
2025-07-15T20:36:47.5363243Z Source commit SHA: 7f4fc3e22c37d6ff65e88745f38bd3157c663f7c
2025-07-15T20:36:47.5364004Z ##[endgroup]
2025-07-15T20:36:47.7245374Z ##[group]Download immutable action package 'docker/login-action@v3'
2025-07-15T20:36:47.7246312Z Version: 3.4.0
2025-07-15T20:36:47.7247098Z Digest: sha256:864ebd28db095e1602e6ef999f46a4f575083ea874918fbccf0994c2a7680450
2025-07-15T20:36:47.7248191Z Source commit SHA: 74a5d142397b4f367a81961eba4e8cd7edddf772
2025-07-15T20:36:47.7248981Z ##[endgroup]
2025-07-15T20:36:48.0657600Z Complete job name: build-test-deploy
2025-07-15T20:36:48.1442733Z ##[group]Run actions/checkout@v3
2025-07-15T20:36:48.1444129Z with:
2025-07-15T20:36:48.1445019Z   repository: ***/testing-CI-CD
2025-07-15T20:36:48.1446212Z   token: ***
2025-07-15T20:36:48.1446973Z   ssh-strict: true
2025-07-15T20:36:48.1447829Z   persist-credentials: true
2025-07-15T20:36:48.1448733Z   clean: true
2025-07-15T20:36:48.1449556Z   sparse-checkout-cone-mode: true
2025-07-15T20:36:48.1450528Z   fetch-depth: 1
2025-07-15T20:36:48.1451330Z   fetch-tags: false
2025-07-15T20:36:48.1452118Z   lfs: false
2025-07-15T20:36:48.1453022Z   submodules: false
2025-07-15T20:36:48.1453864Z   set-safe-directory: true
2025-07-15T20:36:48.1455010Z ##[endgroup]
2025-07-15T20:36:48.2308684Z Syncing repository: ***/testing-CI-CD
2025-07-15T20:36:48.2311495Z ##[group]Getting Git version info
2025-07-15T20:36:48.2313892Z Working directory is '/home/runner/work/testing-CI-CD/testing-CI-CD'
2025-07-15T20:36:48.2316060Z [command]/usr/bin/git version
2025-07-15T20:36:48.2333250Z git version 2.50.1
2025-07-15T20:36:48.2360665Z ##[endgroup]
2025-07-15T20:36:48.2374883Z Temporarily overriding HOME='/home/runner/work/_temp/375c5945-f334-4327-be4d-472baeb97714' before making global git config changes
2025-07-15T20:36:48.2378354Z Adding repository directory to the temporary git global config as a safe directory
2025-07-15T20:36:48.2380682Z [command]/usr/bin/git config --global --add safe.directory /home/runner/work/testing-CI-CD/testing-CI-CD
2025-07-15T20:36:48.2413198Z Deleting the contents of '/home/runner/work/testing-CI-CD/testing-CI-CD'
2025-07-15T20:36:48.2416975Z ##[group]Initializing the repository
2025-07-15T20:36:48.2420275Z [command]/usr/bin/git init /home/runner/work/testing-CI-CD/testing-CI-CD
2025-07-15T20:36:48.2474853Z hint: Using 'master' as the name for the initial branch. This default branch name
2025-07-15T20:36:48.2477529Z hint: is subject to change. To configure the initial branch name to use in all
2025-07-15T20:36:48.2480734Z hint: of your new repositories, which will suppress this warning, call:
2025-07-15T20:36:48.2483370Z hint:
2025-07-15T20:36:48.2484969Z hint: 	git config --global init.defaultBranch <name>
2025-07-15T20:36:48.2486966Z hint:
2025-07-15T20:36:48.2489084Z hint: Names commonly chosen instead of 'master' are 'main', 'trunk' and
2025-07-15T20:36:48.2492118Z hint: 'development'. The just-created branch can be renamed via this command:
2025-07-15T20:36:48.2494162Z hint:
2025-07-15T20:36:48.2494915Z hint: 	git branch -m <name>
2025-07-15T20:36:48.2495787Z hint:
2025-07-15T20:36:48.2496979Z hint: Disable this message with "git config set advice.defaultBranchName false"
2025-07-15T20:36:48.2500527Z Initialized empty Git repository in /home/runner/work/testing-CI-CD/testing-CI-CD/.git/
2025-07-15T20:36:48.2505048Z [command]/usr/bin/git remote add origin https://github.com/***/testing-CI-CD
2025-07-15T20:36:48.2520064Z ##[endgroup]
2025-07-15T20:36:48.2522770Z ##[group]Disabling automatic garbage collection
2025-07-15T20:36:48.2524936Z [command]/usr/bin/git config --local gc.auto 0
2025-07-15T20:36:48.2550873Z ##[endgroup]
2025-07-15T20:36:48.2553343Z ##[group]Setting up auth
2025-07-15T20:36:48.2556268Z [command]/usr/bin/git config --local --name-only --get-regexp core\.sshCommand
2025-07-15T20:36:48.2584051Z [command]/usr/bin/git submodule foreach --recursive sh -c "git config --local --name-only --get-regexp 'core\.sshCommand' && git config --local --unset-all 'core.sshCommand' || :"
2025-07-15T20:36:48.2843346Z [command]/usr/bin/git config --local --name-only --get-regexp http\.https\:\/\/github\.com\/\.extraheader
2025-07-15T20:36:48.2871752Z [command]/usr/bin/git submodule foreach --recursive sh -c "git config --local --name-only --get-regexp 'http\.https\:\/\/github\.com\/\.extraheader' && git config --local --unset-all 'http.https://github.com/.extraheader' || :"
2025-07-15T20:36:48.3084285Z [command]/usr/bin/git config --local http.https://github.com/.extraheader AUTHORIZATION: basic ***
2025-07-15T20:36:48.3115765Z ##[endgroup]
2025-07-15T20:36:48.3118558Z ##[group]Fetching the repository
2025-07-15T20:36:48.3126988Z [command]/usr/bin/git -c protocol.version=2 fetch --no-tags --prune --progress --no-recurse-submodules --depth=1 origin +b963e059e13d54ba7624be0b6f4d9fc22dda8ed8:refs/remotes/origin/main
2025-07-15T20:36:48.4632183Z remote: Enumerating objects: 4169, done.        
2025-07-15T20:36:48.4635163Z remote: Counting objects:   0% (1/4169)        
2025-07-15T20:36:48.4638849Z remote: Counting objects:   1% (42/4169)        
2025-07-15T20:36:48.4641913Z remote: Counting objects:   2% (84/4169)        
2025-07-15T20:36:48.4644126Z remote: Counting objects:   3% (126/4169)        
2025-07-15T20:36:48.4646183Z remote: Counting objects:   4% (167/4169)        
2025-07-15T20:36:48.4648274Z remote: Counting objects:   5% (209/4169)        
2025-07-15T20:36:48.4650479Z remote: Counting objects:   6% (251/4169)        
2025-07-15T20:36:48.4652830Z remote: Counting objects:   7% (292/4169)        
2025-07-15T20:36:48.4654976Z remote: Counting objects:   8% (334/4169)        
2025-07-15T20:36:48.4657070Z remote: Counting objects:   9% (376/4169)        
2025-07-15T20:36:48.4659188Z remote: Counting objects:  10% (417/4169)        
2025-07-15T20:36:48.4661326Z remote: Counting objects:  11% (459/4169)        
2025-07-15T20:36:48.4663576Z remote: Counting objects:  12% (501/4169)        
2025-07-15T20:36:48.4665620Z remote: Counting objects:  13% (542/4169)        
2025-07-15T20:36:48.4668055Z remote: Counting objects:  14% (584/4169)        
2025-07-15T20:36:48.4670083Z remote: Counting objects:  15% (626/4169)        
2025-07-15T20:36:48.4672118Z remote: Counting objects:  16% (668/4169)        
2025-07-15T20:36:48.4674469Z remote: Counting objects:  17% (709/4169)        
2025-07-15T20:36:48.4676543Z remote: Counting objects:  18% (751/4169)        
2025-07-15T20:36:48.4678706Z remote: Counting objects:  19% (793/4169)        
2025-07-15T20:36:48.4680811Z remote: Counting objects:  20% (834/4169)        
2025-07-15T20:36:48.4683188Z remote: Counting objects:  21% (876/4169)        
2025-07-15T20:36:48.4685290Z remote: Counting objects:  22% (918/4169)        
2025-07-15T20:36:48.4687376Z remote: Counting objects:  23% (959/4169)        
2025-07-15T20:36:48.4689469Z remote: Counting objects:  24% (1001/4169)        
2025-07-15T20:36:48.4691534Z remote: Counting objects:  25% (1043/4169)        
2025-07-15T20:36:48.4693856Z remote: Counting objects:  26% (1084/4169)        
2025-07-15T20:36:48.4695962Z remote: Counting objects:  27% (1126/4169)        
2025-07-15T20:36:48.4698140Z remote: Counting objects:  28% (1168/4169)        
2025-07-15T20:36:48.4700498Z remote: Counting objects:  29% (1210/4169)        
2025-07-15T20:36:48.4702837Z remote: Counting objects:  30% (1251/4169)        
2025-07-15T20:36:48.4704950Z remote: Counting objects:  31% (1293/4169)        
2025-07-15T20:36:48.4707052Z remote: Counting objects:  32% (1335/4169)        
2025-07-15T20:36:48.4709152Z remote: Counting objects:  33% (1376/4169)        
2025-07-15T20:36:48.4711279Z remote: Counting objects:  34% (1418/4169)        
2025-07-15T20:36:48.4713558Z remote: Counting objects:  35% (1460/4169)        
2025-07-15T20:36:48.4715627Z remote: Counting objects:  36% (1501/4169)        
2025-07-15T20:36:48.4717839Z remote: Counting objects:  37% (1543/4169)        
2025-07-15T20:36:48.4719959Z remote: Counting objects:  38% (1585/4169)        
2025-07-15T20:36:48.4722086Z remote: Counting objects:  39% (1626/4169)        
2025-07-15T20:36:48.4724374Z remote: Counting objects:  40% (1668/4169)        
2025-07-15T20:36:48.4726435Z remote: Counting objects:  41% (1710/4169)        
2025-07-15T20:36:48.4728542Z remote: Counting objects:  42% (1751/4169)        
2025-07-15T20:36:48.4730650Z remote: Counting objects:  43% (1793/4169)        
2025-07-15T20:36:48.4733015Z remote: Counting objects:  44% (1835/4169)        
2025-07-15T20:36:48.4735122Z remote: Counting objects:  45% (1877/4169)        
2025-07-15T20:36:48.4737224Z remote: Counting objects:  46% (1918/4169)        
2025-07-15T20:36:48.4739599Z remote: Counting objects:  47% (1960/4169)        
2025-07-15T20:36:48.4741705Z remote: Counting objects:  48% (2002/4169)        
2025-07-15T20:36:48.4744016Z remote: Counting objects:  49% (2043/4169)        
2025-07-15T20:36:48.4746093Z remote: Counting objects:  50% (2085/4169)        
2025-07-15T20:36:48.4748132Z remote: Counting objects:  51% (2127/4169)        
2025-07-15T20:36:48.4750200Z remote: Counting objects:  52% (2168/4169)        
2025-07-15T20:36:48.4752193Z remote: Counting objects:  53% (2210/4169)        
2025-07-15T20:36:48.4754405Z remote: Counting objects:  54% (2252/4169)        
2025-07-15T20:36:48.4756462Z remote: Counting objects:  55% (2293/4169)        
2025-07-15T20:36:48.4758434Z remote: Counting objects:  56% (2335/4169)        
2025-07-15T20:36:48.4760449Z remote: Counting objects:  57% (2377/4169)        
2025-07-15T20:36:48.4762778Z remote: Counting objects:  58% (2419/4169)        
2025-07-15T20:36:48.4764820Z remote: Counting objects:  59% (2460/4169)        
2025-07-15T20:36:48.4766979Z remote: Counting objects:  60% (2502/4169)        
2025-07-15T20:36:48.4768969Z remote: Counting objects:  61% (2544/4169)        
2025-07-15T20:36:48.4771001Z remote: Counting objects:  62% (2585/4169)        
2025-07-15T20:36:48.4773180Z remote: Counting objects:  63% (2627/4169)        
2025-07-15T20:36:48.4774420Z remote: Counting objects:  64% (2669/4169)        
2025-07-15T20:36:48.4775907Z remote: Counting objects:  65% (2710/4169)        
2025-07-15T20:36:48.4777128Z remote: Counting objects:  66% (2752/4169)        
2025-07-15T20:36:48.4778318Z remote: Counting objects:  67% (2794/4169)        
2025-07-15T20:36:48.4779507Z remote: Counting objects:  68% (2835/4169)        
2025-07-15T20:36:48.4780702Z remote: Counting objects:  69% (2877/4169)        
2025-07-15T20:36:48.4781884Z remote: Counting objects:  70% (2919/4169)        
2025-07-15T20:36:48.4783291Z remote: Counting objects:  71% (2960/4169)        
2025-07-15T20:36:48.4784478Z remote: Counting objects:  72% (3002/4169)        
2025-07-15T20:36:48.4785982Z remote: Counting objects:  73% (3044/4169)        
2025-07-15T20:36:48.4787805Z remote: Counting objects:  74% (3086/4169)        
2025-07-15T20:36:48.4789012Z remote: Counting objects:  75% (3127/4169)        
2025-07-15T20:36:48.4790177Z remote: Counting objects:  76% (3169/4169)        
2025-07-15T20:36:48.4791355Z remote: Counting objects:  77% (3211/4169)        
2025-07-15T20:36:48.4792737Z remote: Counting objects:  78% (3252/4169)        
2025-07-15T20:36:48.4793916Z remote: Counting objects:  79% (3294/4169)        
2025-07-15T20:36:48.4795085Z remote: Counting objects:  80% (3336/4169)        
2025-07-15T20:36:48.4796248Z remote: Counting objects:  81% (3377/4169)        
2025-07-15T20:36:48.4797405Z remote: Counting objects:  82% (3419/4169)        
2025-07-15T20:36:48.4798561Z remote: Counting objects:  83% (3461/4169)        
2025-07-15T20:36:48.4799714Z remote: Counting objects:  84% (3502/4169)        
2025-07-15T20:36:48.4800889Z remote: Counting objects:  85% (3544/4169)        
2025-07-15T20:36:48.4802053Z remote: Counting objects:  86% (3586/4169)        
2025-07-15T20:36:48.4803450Z remote: Counting objects:  87% (3628/4169)        
2025-07-15T20:36:48.4804631Z remote: Counting objects:  88% (3669/4169)        
2025-07-15T20:36:48.4805802Z remote: Counting objects:  89% (3711/4169)        
2025-07-15T20:36:48.4806966Z remote: Counting objects:  90% (3753/4169)        
2025-07-15T20:36:48.4808144Z remote: Counting objects:  91% (3794/4169)        
2025-07-15T20:36:48.4809322Z remote: Counting objects:  92% (3836/4169)        
2025-07-15T20:36:48.4810479Z remote: Counting objects:  93% (3878/4169)        
2025-07-15T20:36:48.4811653Z remote: Counting objects:  94% (3919/4169)        
2025-07-15T20:36:48.4813024Z remote: Counting objects:  95% (3961/4169)        
2025-07-15T20:36:48.4814174Z remote: Counting objects:  96% (4003/4169)        
2025-07-15T20:36:48.4815317Z remote: Counting objects:  97% (4044/4169)        
2025-07-15T20:36:48.4816688Z remote: Counting objects:  98% (4086/4169)        
2025-07-15T20:36:48.4817870Z remote: Counting objects:  99% (4128/4169)        
2025-07-15T20:36:48.4819025Z remote: Counting objects: 100% (4169/4169)        
2025-07-15T20:36:48.4820260Z remote: Counting objects: 100% (4169/4169), done.        
2025-07-15T20:36:48.4821522Z remote: Compressing objects:   0% (1/3730)        
2025-07-15T20:36:48.4822991Z remote: Compressing objects:   1% (38/3730)        
2025-07-15T20:36:48.4830122Z remote: Compressing objects:   2% (75/3730)        
2025-07-15T20:36:48.4904667Z remote: Compressing objects:   3% (112/3730)        
2025-07-15T20:36:48.4965125Z remote: Compressing objects:   4% (150/3730)        
2025-07-15T20:36:48.5049861Z remote: Compressing objects:   5% (187/3730)        
2025-07-15T20:36:48.5149741Z remote: Compressing objects:   6% (224/3730)        
2025-07-15T20:36:48.5302921Z remote: Compressing objects:   7% (262/3730)        
2025-07-15T20:36:48.5375831Z remote: Compressing objects:   8% (299/3730)        
2025-07-15T20:36:48.5517698Z remote: Compressing objects:   9% (336/3730)        
2025-07-15T20:36:48.5626337Z remote: Compressing objects:  10% (373/3730)        
2025-07-15T20:36:48.5692745Z remote: Compressing objects:  11% (411/3730)        
2025-07-15T20:36:48.5744915Z remote: Compressing objects:  12% (448/3730)        
2025-07-15T20:36:48.5846782Z remote: Compressing objects:  13% (485/3730)        
2025-07-15T20:36:48.5956679Z remote: Compressing objects:  14% (523/3730)        
2025-07-15T20:36:48.6034336Z remote: Compressing objects:  15% (560/3730)        
2025-07-15T20:36:48.6131004Z remote: Compressing objects:  16% (597/3730)        
2025-07-15T20:36:48.6198867Z remote: Compressing objects:  17% (635/3730)        
2025-07-15T20:36:48.6290605Z remote: Compressing objects:  18% (672/3730)        
2025-07-15T20:36:48.6422078Z remote: Compressing objects:  19% (709/3730)        
2025-07-15T20:36:48.6507357Z remote: Compressing objects:  20% (746/3730)        
2025-07-15T20:36:48.6634428Z remote: Compressing objects:  21% (784/3730)        
2025-07-15T20:36:48.6764562Z remote: Compressing objects:  22% (821/3730)        
2025-07-15T20:36:48.6861759Z remote: Compressing objects:  23% (858/3730)        
2025-07-15T20:36:48.6943439Z remote: Compressing objects:  24% (896/3730)        
2025-07-15T20:36:48.7005751Z remote: Compressing objects:  25% (933/3730)        
2025-07-15T20:36:48.7170738Z remote: Compressing objects:  26% (970/3730)        
2025-07-15T20:36:48.7261365Z remote: Compressing objects:  27% (1008/3730)        
2025-07-15T20:36:48.7394753Z remote: Compressing objects:  28% (1045/3730)        
2025-07-15T20:36:48.7504206Z remote: Compressing objects:  29% (1082/3730)        
2025-07-15T20:36:48.7576490Z remote: Compressing objects:  30% (1119/3730)        
2025-07-15T20:36:48.7666900Z remote: Compressing objects:  31% (1157/3730)        
2025-07-15T20:36:48.7755954Z remote: Compressing objects:  32% (1194/3730)        
2025-07-15T20:36:48.7813621Z remote: Compressing objects:  33% (1231/3730)        
2025-07-15T20:36:48.7999839Z remote: Compressing objects:  34% (1269/3730)        
2025-07-15T20:36:48.8070153Z remote: Compressing objects:  35% (1306/3730)        
2025-07-15T20:36:48.8132211Z remote: Compressing objects:  36% (1343/3730)        
2025-07-15T20:36:48.8134389Z remote: Compressing objects:  37% (1381/3730)        
2025-07-15T20:36:48.8142686Z remote: Compressing objects:  38% (1418/3730)        
2025-07-15T20:36:48.8183427Z remote: Compressing objects:  39% (1455/3730)        
2025-07-15T20:36:48.8186567Z remote: Compressing objects:  40% (1492/3730)        
2025-07-15T20:36:48.8196582Z remote: Compressing objects:  41% (1530/3730)        
2025-07-15T20:36:48.8340640Z remote: Compressing objects:  42% (1567/3730)        
2025-07-15T20:36:48.8383176Z remote: Compressing objects:  43% (1604/3730)        
2025-07-15T20:36:48.8388092Z remote: Compressing objects:  44% (1642/3730)        
2025-07-15T20:36:48.8580602Z remote: Compressing objects:  45% (1679/3730)        
2025-07-15T20:36:49.0785432Z remote: Compressing objects:  46% (1716/3730)        
2025-07-15T20:36:49.2311477Z remote: Compressing objects:  47% (1754/3730)        
2025-07-15T20:36:49.3348385Z remote: Compressing objects:  48% (1791/3730)        
2025-07-15T20:36:49.4032647Z remote: Compressing objects:  49% (1828/3730)        
2025-07-15T20:36:49.4657036Z remote: Compressing objects:  50% (1865/3730)        
2025-07-15T20:36:49.4823959Z remote: Compressing objects:  50% (1895/3730)        
2025-07-15T20:36:49.5524717Z remote: Compressing objects:  51% (1903/3730)        
2025-07-15T20:36:49.6107398Z remote: Compressing objects:  52% (1940/3730)        
2025-07-15T20:36:49.6545874Z remote: Compressing objects:  53% (1977/3730)        
2025-07-15T20:36:49.6988686Z remote: Compressing objects:  54% (2015/3730)        
2025-07-15T20:36:49.7396150Z remote: Compressing objects:  55% (2052/3730)        
2025-07-15T20:36:49.7766078Z remote: Compressing objects:  56% (2089/3730)        
2025-07-15T20:36:49.8089877Z remote: Compressing objects:  57% (2127/3730)        
2025-07-15T20:36:49.8384221Z remote: Compressing objects:  58% (2164/3730)        
2025-07-15T20:36:49.8624409Z remote: Compressing objects:  59% (2201/3730)        
2025-07-15T20:36:49.8865923Z remote: Compressing objects:  60% (2238/3730)        
2025-07-15T20:36:49.9035140Z remote: Compressing objects:  61% (2276/3730)        
2025-07-15T20:36:49.9206311Z remote: Compressing objects:  62% (2313/3730)        
2025-07-15T20:36:49.9365356Z remote: Compressing objects:  63% (2350/3730)        
2025-07-15T20:36:49.9532792Z remote: Compressing objects:  64% (2388/3730)        
2025-07-15T20:36:49.9664041Z remote: Compressing objects:  65% (2425/3730)        
2025-07-15T20:36:49.9782660Z remote: Compressing objects:  66% (2462/3730)        
2025-07-15T20:36:49.9902132Z remote: Compressing objects:  67% (2500/3730)        
2025-07-15T20:36:50.0014429Z remote: Compressing objects:  68% (2537/3730)        
2025-07-15T20:36:50.0103769Z remote: Compressing objects:  69% (2574/3730)        
2025-07-15T20:36:50.0189581Z remote: Compressing objects:  70% (2611/3730)        
2025-07-15T20:36:50.0266644Z remote: Compressing objects:  71% (2649/3730)        
2025-07-15T20:36:50.0343963Z remote: Compressing objects:  72% (2686/3730)        
2025-07-15T20:36:50.0409469Z remote: Compressing objects:  73% (2723/3730)        
2025-07-15T20:36:50.0463883Z remote: Compressing objects:  74% (2761/3730)        
2025-07-15T20:36:50.0511518Z remote: Compressing objects:  75% (2798/3730)        
2025-07-15T20:36:50.0562474Z remote: Compressing objects:  76% (2835/3730)        
2025-07-15T20:36:50.0600836Z remote: Compressing objects:  77% (2873/3730)        
2025-07-15T20:36:50.0639419Z remote: Compressing objects:  78% (2910/3730)        
2025-07-15T20:36:50.0669447Z remote: Compressing objects:  79% (2947/3730)        
2025-07-15T20:36:50.0700583Z remote: Compressing objects:  80% (2984/3730)        
2025-07-15T20:36:50.0723362Z remote: Compressing objects:  81% (3022/3730)        
2025-07-15T20:36:50.0742034Z remote: Compressing objects:  82% (3059/3730)        
2025-07-15T20:36:50.0756737Z remote: Compressing objects:  83% (3096/3730)        
2025-07-15T20:36:50.0764654Z remote: Compressing objects:  84% (3134/3730)        
2025-07-15T20:36:50.0769370Z remote: Compressing objects:  85% (3171/3730)        
2025-07-15T20:36:50.0770502Z remote: Compressing objects:  86% (3208/3730)        
2025-07-15T20:36:50.0774141Z remote: Compressing objects:  87% (3246/3730)        
2025-07-15T20:36:50.0796316Z remote: Compressing objects:  88% (3283/3730)        
2025-07-15T20:36:50.0878855Z remote: Compressing objects:  89% (3320/3730)        
2025-07-15T20:36:50.0976098Z remote: Compressing objects:  90% (3357/3730)        
2025-07-15T20:36:50.0980506Z remote: Compressing objects:  91% (3395/3730)        
2025-07-15T20:36:50.0984241Z remote: Compressing objects:  92% (3432/3730)        
2025-07-15T20:36:50.0988372Z remote: Compressing objects:  93% (3469/3730)        
2025-07-15T20:36:50.0993832Z remote: Compressing objects:  94% (3507/3730)        
2025-07-15T20:36:50.0998153Z remote: Compressing objects:  95% (3544/3730)        
2025-07-15T20:36:50.1005797Z remote: Compressing objects:  96% (3581/3730)        
2025-07-15T20:36:50.1009787Z remote: Compressing objects:  97% (3619/3730)        
2025-07-15T20:36:50.1015165Z remote: Compressing objects:  98% (3656/3730)        
2025-07-15T20:36:50.1020872Z remote: Compressing objects:  99% (3693/3730)        
2025-07-15T20:36:50.1022631Z remote: Compressing objects: 100% (3730/3730)        
2025-07-15T20:36:50.1023461Z remote: Compressing objects: 100% (3730/3730), done.        
2025-07-15T20:36:50.1070869Z Receiving objects:   0% (1/4169)
2025-07-15T20:36:50.1080107Z Receiving objects:   1% (42/4169)
2025-07-15T20:36:50.1142229Z Receiving objects:   2% (84/4169)
2025-07-15T20:36:50.1223254Z Receiving objects:   3% (126/4169)
2025-07-15T20:36:50.1288278Z Receiving objects:   4% (167/4169)
2025-07-15T20:36:50.1603693Z Receiving objects:   5% (209/4169)
2025-07-15T20:36:50.1626470Z Receiving objects:   6% (251/4169)
2025-07-15T20:36:50.1775665Z Receiving objects:   7% (292/4169)
2025-07-15T20:36:50.1816122Z Receiving objects:   8% (334/4169)
2025-07-15T20:36:50.1873949Z Receiving objects:   9% (376/4169)
2025-07-15T20:36:50.1953308Z Receiving objects:  10% (417/4169)
2025-07-15T20:36:50.2026526Z Receiving objects:  11% (459/4169)
2025-07-15T20:36:50.2055738Z Receiving objects:  12% (501/4169)
2025-07-15T20:36:50.2080475Z Receiving objects:  13% (542/4169)
2025-07-15T20:36:50.2087821Z Receiving objects:  14% (584/4169)
2025-07-15T20:36:50.2100935Z Receiving objects:  15% (626/4169)
2025-07-15T20:36:50.2109933Z Receiving objects:  16% (668/4169)
2025-07-15T20:36:50.2144661Z Receiving objects:  17% (709/4169)
2025-07-15T20:36:50.2169215Z Receiving objects:  18% (751/4169)
2025-07-15T20:36:50.2217938Z Receiving objects:  19% (793/4169)
2025-07-15T20:36:50.2248568Z Receiving objects:  20% (834/4169)
2025-07-15T20:36:50.2290070Z Receiving objects:  21% (876/4169)
2025-07-15T20:36:50.2359828Z Receiving objects:  22% (918/4169)
2025-07-15T20:36:50.2411125Z Receiving objects:  23% (959/4169)
2025-07-15T20:36:50.2450015Z Receiving objects:  24% (1001/4169)
2025-07-15T20:36:50.2460210Z Receiving objects:  25% (1043/4169)
2025-07-15T20:36:50.2476482Z Receiving objects:  26% (1084/4169)
2025-07-15T20:36:50.2489960Z Receiving objects:  27% (1126/4169)
2025-07-15T20:36:50.2508092Z Receiving objects:  28% (1168/4169)
2025-07-15T20:36:50.2554701Z Receiving objects:  29% (1210/4169)
2025-07-15T20:36:50.2580784Z Receiving objects:  30% (1251/4169)
2025-07-15T20:36:50.2623042Z Receiving objects:  31% (1293/4169)
2025-07-15T20:36:50.2656183Z Receiving objects:  32% (1335/4169)
2025-07-15T20:36:50.2683278Z Receiving objects:  33% (1376/4169)
2025-07-15T20:36:50.2713523Z Receiving objects:  34% (1418/4169)
2025-07-15T20:36:50.2740217Z Receiving objects:  35% (1460/4169)
2025-07-15T20:36:50.2777962Z Receiving objects:  36% (1501/4169)
2025-07-15T20:36:50.2808911Z Receiving objects:  37% (1543/4169)
2025-07-15T20:36:50.2834197Z Receiving objects:  38% (1585/4169)
2025-07-15T20:36:50.2873844Z Receiving objects:  39% (1626/4169)
2025-07-15T20:36:50.2901050Z Receiving objects:  40% (1668/4169)
2025-07-15T20:36:50.2944766Z Receiving objects:  41% (1710/4169)
2025-07-15T20:36:50.2984476Z Receiving objects:  42% (1751/4169)
2025-07-15T20:36:50.3054249Z Receiving objects:  43% (1793/4169)
2025-07-15T20:36:50.3108568Z Receiving objects:  44% (1835/4169)
2025-07-15T20:36:50.3152985Z Receiving objects:  45% (1877/4169)
2025-07-15T20:36:50.3185434Z Receiving objects:  46% (1918/4169)
2025-07-15T20:36:50.3229125Z Receiving objects:  47% (1960/4169)
2025-07-15T20:36:50.3314186Z Receiving objects:  48% (2002/4169)
2025-07-15T20:36:50.3346341Z Receiving objects:  49% (2043/4169)
2025-07-15T20:36:50.3371715Z Receiving objects:  50% (2085/4169)
2025-07-15T20:36:50.3414863Z Receiving objects:  51% (2127/4169)
2025-07-15T20:36:50.3466334Z Receiving objects:  52% (2168/4169)
2025-07-15T20:36:50.3509893Z Receiving objects:  53% (2210/4169)
2025-07-15T20:36:50.3533910Z Receiving objects:  54% (2252/4169)
2025-07-15T20:36:50.3569086Z Receiving objects:  55% (2293/4169)
2025-07-15T20:36:50.3599637Z Receiving objects:  56% (2335/4169)
2025-07-15T20:36:50.3647191Z Receiving objects:  57% (2377/4169)
2025-07-15T20:36:50.3671693Z Receiving objects:  58% (2419/4169)
2025-07-15T20:36:50.3696297Z Receiving objects:  59% (2460/4169)
2025-07-15T20:36:50.3710791Z Receiving objects:  60% (2502/4169)
2025-07-15T20:36:50.3776096Z Receiving objects:  61% (2544/4169)
2025-07-15T20:36:50.3821874Z Receiving objects:  62% (2585/4169)
2025-07-15T20:36:50.3867566Z Receiving objects:  63% (2627/4169)
2025-07-15T20:36:50.4081382Z Receiving objects:  64% (2669/4169)
2025-07-15T20:36:50.4124678Z Receiving objects:  65% (2710/4169)
2025-07-15T20:36:50.4175559Z Receiving objects:  66% (2752/4169)
2025-07-15T20:36:50.4243384Z Receiving objects:  67% (2794/4169)
2025-07-15T20:36:50.4292847Z Receiving objects:  68% (2835/4169)
2025-07-15T20:36:50.4327710Z Receiving objects:  69% (2877/4169)
2025-07-15T20:36:50.4389729Z Receiving objects:  70% (2919/4169)
2025-07-15T20:36:50.4438558Z Receiving objects:  71% (2960/4169)
2025-07-15T20:36:50.4474161Z Receiving objects:  72% (3002/4169)
2025-07-15T20:36:50.4496682Z Receiving objects:  73% (3044/4169)
2025-07-15T20:36:50.4512981Z Receiving objects:  74% (3086/4169)
2025-07-15T20:36:50.4525074Z Receiving objects:  75% (3127/4169)
2025-07-15T20:36:50.4548744Z Receiving objects:  76% (3169/4169)
2025-07-15T20:36:50.4603660Z Receiving objects:  77% (3211/4169)
2025-07-15T20:36:50.4711791Z Receiving objects:  78% (3252/4169)
2025-07-15T20:36:50.4761232Z Receiving objects:  79% (3294/4169)
2025-07-15T20:36:50.4796421Z Receiving objects:  80% (3336/4169)
2025-07-15T20:36:50.4820008Z Receiving objects:  81% (3377/4169)
2025-07-15T20:36:50.4844453Z Receiving objects:  82% (3419/4169)
2025-07-15T20:36:50.4851238Z Receiving objects:  83% (3461/4169)
2025-07-15T20:36:50.4859732Z Receiving objects:  84% (3502/4169)
2025-07-15T20:36:50.4868524Z Receiving objects:  85% (3544/4169)
2025-07-15T20:36:50.4875429Z Receiving objects:  86% (3586/4169)
2025-07-15T20:36:50.4881524Z Receiving objects:  87% (3628/4169)
2025-07-15T20:36:50.4888349Z Receiving objects:  88% (3669/4169)
2025-07-15T20:36:50.4891907Z Receiving objects:  89% (3711/4169)
2025-07-15T20:36:50.4899627Z Receiving objects:  90% (3753/4169)
2025-07-15T20:36:50.4918157Z Receiving objects:  91% (3794/4169)
2025-07-15T20:36:50.4926138Z Receiving objects:  92% (3836/4169)
2025-07-15T20:36:50.4935191Z Receiving objects:  93% (3878/4169)
2025-07-15T20:36:50.4941561Z Receiving objects:  94% (3919/4169)
2025-07-15T20:36:50.4987049Z Receiving objects:  95% (3961/4169)
2025-07-15T20:36:50.5010973Z Receiving objects:  96% (4003/4169)
2025-07-15T20:36:50.5071745Z Receiving objects:  97% (4044/4169)
2025-07-15T20:36:50.5106138Z Receiving objects:  98% (4086/4169)
2025-07-15T20:36:50.5142547Z Receiving objects:  99% (4128/4169)
2025-07-15T20:36:50.5143424Z remote: Total 4169 (delta 621), reused 3844 (delta 394), pack-reused 0 (from 0)        
2025-07-15T20:36:50.5160615Z Receiving objects: 100% (4169/4169)
2025-07-15T20:36:50.5161208Z Receiving objects: 100% (4169/4169), 14.00 MiB | 34.06 MiB/s, done.
2025-07-15T20:36:50.5163588Z Resolving deltas:   0% (0/621)
2025-07-15T20:36:50.5163998Z Resolving deltas:   1% (8/621)
2025-07-15T20:36:50.5164502Z Resolving deltas:   2% (13/621)
2025-07-15T20:36:50.5166862Z Resolving deltas:   3% (19/621)
2025-07-15T20:36:50.5169280Z Resolving deltas:   4% (25/621)
2025-07-15T20:36:50.5169846Z Resolving deltas:   5% (32/621)
2025-07-15T20:36:50.5176558Z Resolving deltas:   6% (38/621)
2025-07-15T20:36:50.5177143Z Resolving deltas:   7% (44/621)
2025-07-15T20:36:50.5177916Z Resolving deltas:   8% (50/621)
2025-07-15T20:36:50.5181961Z Resolving deltas:   9% (57/621)
2025-07-15T20:36:50.5184338Z Resolving deltas:  10% (63/621)
2025-07-15T20:36:50.5270878Z Resolving deltas:  11% (69/621)
2025-07-15T20:36:50.5285291Z Resolving deltas:  12% (75/621)
2025-07-15T20:36:50.5286114Z Resolving deltas:  13% (81/621)
2025-07-15T20:36:50.5305365Z Resolving deltas:  14% (87/621)
2025-07-15T20:36:50.5307378Z Resolving deltas:  15% (94/621)
2025-07-15T20:36:50.5307790Z Resolving deltas:  16% (100/621)
2025-07-15T20:36:50.5310668Z Resolving deltas:  17% (106/621)
2025-07-15T20:36:50.5311124Z Resolving deltas:  18% (112/621)
2025-07-15T20:36:50.5311540Z Resolving deltas:  19% (118/621)
2025-07-15T20:36:50.5314187Z Resolving deltas:  20% (125/621)
2025-07-15T20:36:50.5314877Z Resolving deltas:  21% (131/621)
2025-07-15T20:36:50.5315271Z Resolving deltas:  22% (137/621)
2025-07-15T20:36:50.5316518Z Resolving deltas:  23% (143/621)
2025-07-15T20:36:50.5317359Z Resolving deltas:  24% (150/621)
2025-07-15T20:36:50.5318249Z Resolving deltas:  25% (156/621)
2025-07-15T20:36:50.5322753Z Resolving deltas:  26% (162/621)
2025-07-15T20:36:50.5323904Z Resolving deltas:  27% (168/621)
2025-07-15T20:36:50.5332496Z Resolving deltas:  28% (174/621)
2025-07-15T20:36:50.5336341Z Resolving deltas:  29% (181/621)
2025-07-15T20:36:50.5343603Z Resolving deltas:  30% (187/621)
2025-07-15T20:36:50.5348770Z Resolving deltas:  31% (193/621)
2025-07-15T20:36:50.5354155Z Resolving deltas:  32% (199/621)
2025-07-15T20:36:50.5356278Z Resolving deltas:  33% (205/621)
2025-07-15T20:36:50.5362116Z Resolving deltas:  34% (212/621)
2025-07-15T20:36:50.5366260Z Resolving deltas:  35% (218/621)
2025-07-15T20:36:50.5373850Z Resolving deltas:  36% (224/621)
2025-07-15T20:36:50.5380661Z Resolving deltas:  37% (230/621)
2025-07-15T20:36:50.5384441Z Resolving deltas:  38% (236/621)
2025-07-15T20:36:50.5393802Z Resolving deltas:  39% (243/621)
2025-07-15T20:36:50.5401853Z Resolving deltas:  40% (249/621)
2025-07-15T20:36:50.5408427Z Resolving deltas:  41% (255/621)
2025-07-15T20:36:50.5411322Z Resolving deltas:  42% (261/621)
2025-07-15T20:36:50.5418467Z Resolving deltas:  43% (268/621)
2025-07-15T20:36:50.5424877Z Resolving deltas:  44% (275/621)
2025-07-15T20:36:50.5428279Z Resolving deltas:  45% (281/621)
2025-07-15T20:36:50.5444584Z Resolving deltas:  46% (286/621)
2025-07-15T20:36:50.5448252Z Resolving deltas:  47% (292/621)
2025-07-15T20:36:50.5453516Z Resolving deltas:  48% (299/621)
2025-07-15T20:36:50.5458017Z Resolving deltas:  49% (305/621)
2025-07-15T20:36:50.5463187Z Resolving deltas:  50% (311/621)
2025-07-15T20:36:50.5469330Z Resolving deltas:  51% (317/621)
2025-07-15T20:36:50.5475404Z Resolving deltas:  52% (323/621)
2025-07-15T20:36:50.5480611Z Resolving deltas:  53% (330/621)
2025-07-15T20:36:50.5483852Z Resolving deltas:  54% (336/621)
2025-07-15T20:36:50.5487860Z Resolving deltas:  55% (342/621)
2025-07-15T20:36:50.5498429Z Resolving deltas:  56% (348/621)
2025-07-15T20:36:50.5504883Z Resolving deltas:  57% (354/621)
2025-07-15T20:36:50.5508578Z Resolving deltas:  58% (361/621)
2025-07-15T20:36:50.5516690Z Resolving deltas:  59% (367/621)
2025-07-15T20:36:50.5523142Z Resolving deltas:  60% (373/621)
2025-07-15T20:36:50.5532145Z Resolving deltas:  61% (380/621)
2025-07-15T20:36:50.5535779Z Resolving deltas:  62% (386/621)
2025-07-15T20:36:50.5545411Z Resolving deltas:  63% (392/621)
2025-07-15T20:36:50.5550513Z Resolving deltas:  64% (398/621)
2025-07-15T20:36:50.5556026Z Resolving deltas:  65% (404/621)
2025-07-15T20:36:50.5559684Z Resolving deltas:  66% (410/621)
2025-07-15T20:36:50.5564626Z Resolving deltas:  67% (417/621)
2025-07-15T20:36:50.5566778Z Resolving deltas:  68% (423/621)
2025-07-15T20:36:50.5573707Z Resolving deltas:  69% (429/621)
2025-07-15T20:36:50.5581173Z Resolving deltas:  70% (435/621)
2025-07-15T20:36:50.5582114Z Resolving deltas:  71% (441/621)
2025-07-15T20:36:50.5586399Z Resolving deltas:  72% (448/621)
2025-07-15T20:36:50.5595176Z Resolving deltas:  73% (454/621)
2025-07-15T20:36:50.5603548Z Resolving deltas:  74% (460/621)
2025-07-15T20:36:50.5606996Z Resolving deltas:  75% (466/621)
2025-07-15T20:36:50.5612708Z Resolving deltas:  76% (472/621)
2025-07-15T20:36:50.5617315Z Resolving deltas:  77% (479/621)
2025-07-15T20:36:50.5624778Z Resolving deltas:  78% (485/621)
2025-07-15T20:36:50.5628882Z Resolving deltas:  79% (491/621)
2025-07-15T20:36:50.5631502Z Resolving deltas:  80% (497/621)
2025-07-15T20:36:50.5632852Z Resolving deltas:  81% (504/621)
2025-07-15T20:36:50.5636218Z Resolving deltas:  82% (510/621)
2025-07-15T20:36:50.5646471Z Resolving deltas:  83% (516/621)
2025-07-15T20:36:50.5673017Z Resolving deltas:  84% (522/621)
2025-07-15T20:36:50.5680919Z Resolving deltas:  85% (528/621)
2025-07-15T20:36:50.5684406Z Resolving deltas:  86% (535/621)
2025-07-15T20:36:50.5690591Z Resolving deltas:  87% (541/621)
2025-07-15T20:36:50.5703586Z Resolving deltas:  88% (547/621)
2025-07-15T20:36:50.5711941Z Resolving deltas:  89% (553/621)
2025-07-15T20:36:50.5719774Z Resolving deltas:  90% (559/621)
2025-07-15T20:36:50.5720885Z Resolving deltas:  91% (566/621)
2025-07-15T20:36:50.5723833Z Resolving deltas:  92% (572/621)
2025-07-15T20:36:50.5724795Z Resolving deltas:  93% (578/621)
2025-07-15T20:36:50.5727100Z Resolving deltas:  94% (584/621)
2025-07-15T20:36:50.5727887Z Resolving deltas:  95% (590/621)
2025-07-15T20:36:50.5728509Z Resolving deltas:  96% (597/621)
2025-07-15T20:36:50.5728944Z Resolving deltas:  97% (603/621)
2025-07-15T20:36:50.5729333Z Resolving deltas:  98% (609/621)
2025-07-15T20:36:50.5734143Z Resolving deltas:  99% (615/621)
2025-07-15T20:36:50.5734494Z Resolving deltas: 100% (621/621)
2025-07-15T20:36:50.5734809Z Resolving deltas: 100% (621/621), done.
2025-07-15T20:36:50.5909354Z From https://github.com/***/testing-CI-CD
2025-07-15T20:36:50.5909818Z  * [new ref]         b963e059e13d54ba7624be0b6f4d9fc22dda8ed8 -> origin/main
2025-07-15T20:36:50.5934959Z ##[endgroup]
2025-07-15T20:36:50.5935558Z ##[group]Determining the checkout info
2025-07-15T20:36:50.5938090Z ##[endgroup]
2025-07-15T20:36:50.5938691Z ##[group]Checking out the ref
2025-07-15T20:36:50.5942863Z [command]/usr/bin/git checkout --progress --force -B main refs/remotes/origin/main
2025-07-15T20:36:50.9417844Z Switched to a new branch 'main'
2025-07-15T20:36:50.9419136Z branch 'main' set up to track 'origin/main'.
2025-07-15T20:36:50.9438912Z ##[endgroup]
2025-07-15T20:36:50.9476484Z [command]/usr/bin/git log -1 --format='%H'
2025-07-15T20:36:50.9500531Z 'b963e059e13d54ba7624be0b6f4d9fc22dda8ed8'
2025-07-15T20:36:50.9718245Z ##[group]Run actions/setup-python@v4
2025-07-15T20:36:50.9718534Z with:
2025-07-15T20:36:50.9718724Z   python-version: 3.10
2025-07-15T20:36:50.9718947Z   check-latest: false
2025-07-15T20:36:50.9719294Z   token: ***
2025-07-15T20:36:50.9719489Z   update-environment: true
2025-07-15T20:36:50.9719714Z   allow-prereleases: false
2025-07-15T20:36:50.9719914Z ##[endgroup]
2025-07-15T20:36:51.1381235Z ##[group]Installed versions
2025-07-15T20:36:51.1485483Z Successfully set up CPython (3.10.18)
2025-07-15T20:36:51.1486287Z ##[endgroup]
2025-07-15T20:36:51.1602511Z ##[group]Run python -m pip install --upgrade pip
2025-07-15T20:36:51.1603114Z [36;1mpython -m pip install --upgrade pip[0m
2025-07-15T20:36:51.1603426Z [36;1mpip install -r requirements.txt[0m
2025-07-15T20:36:51.1644356Z shell: /usr/bin/bash -e {0}
2025-07-15T20:36:51.1644614Z env:
2025-07-15T20:36:51.1644866Z   pythonLocation: /opt/hostedtoolcache/Python/3.10.18/x64
2025-07-15T20:36:51.1645296Z   PKG_CONFIG_PATH: /opt/hostedtoolcache/Python/3.10.18/x64/lib/pkgconfig
2025-07-15T20:36:51.1645713Z   Python_ROOT_DIR: /opt/hostedtoolcache/Python/3.10.18/x64
2025-07-15T20:36:51.1646063Z   Python2_ROOT_DIR: /opt/hostedtoolcache/Python/3.10.18/x64
2025-07-15T20:36:51.1646448Z   Python3_ROOT_DIR: /opt/hostedtoolcache/Python/3.10.18/x64
2025-07-15T20:36:51.1646821Z   LD_LIBRARY_PATH: /opt/hostedtoolcache/Python/3.10.18/x64/lib
2025-07-15T20:36:51.1647110Z ##[endgroup]
2025-07-15T20:36:51.8065779Z Requirement already satisfied: pip in /opt/hostedtoolcache/Python/3.10.18/x64/lib/python3.10/site-packages (25.1.1)
2025-07-15T20:36:52.4446491Z Collecting Flask==3.1.0 (from -r requirements.txt (line 1))
2025-07-15T20:36:52.4779160Z   Downloading flask-3.1.0-py3-none-any.whl.metadata (2.7 kB)
2025-07-15T20:36:52.4944718Z Collecting Flask-PyMongo==3.0.1 (from -r requirements.txt (line 2))
2025-07-15T20:36:52.4987277Z   Downloading flask_pymongo-3.0.1-py3-none-any.whl.metadata (3.5 kB)
2025-07-15T20:36:52.5499999Z Collecting pytest==8.2.1 (from -r requirements.txt (line 3))
2025-07-15T20:36:52.5535784Z   Downloading pytest-8.2.1-py3-none-any.whl.metadata (7.6 kB)
2025-07-15T20:36:52.5672610Z Collecting blinker==1.9.0 (from -r requirements.txt (line 4))
2025-07-15T20:36:52.5704636Z   Downloading blinker-1.9.0-py3-none-any.whl.metadata (1.6 kB)
2025-07-15T20:36:52.5894214Z Collecting certifi==2025.7.14 (from -r requirements.txt (line 5))
2025-07-15T20:36:52.5925823Z   Downloading certifi-2025.7.14-py3-none-any.whl.metadata (2.4 kB)
2025-07-15T20:36:52.6786008Z Collecting charset-normalizer==3.4.2 (from -r requirements.txt (line 6))
2025-07-15T20:36:52.6822546Z   Downloading charset_normalizer-3.4.2-cp310-cp310-manylinux_2_17_x86_64.manylinux2014_x86_64.whl.metadata (35 kB)
2025-07-15T20:36:52.7034812Z Collecting click==8.2.1 (from -r requirements.txt (line 7))
2025-07-15T20:36:52.7071048Z   Downloading click-8.2.1-py3-none-any.whl.metadata (2.5 kB)
2025-07-15T20:36:52.7207676Z Collecting dnspython==2.7.0 (from -r requirements.txt (line 8))
2025-07-15T20:36:52.7238859Z   Downloading dnspython-2.7.0-py3-none-any.whl.metadata (5.8 kB)
2025-07-15T20:36:52.7417215Z Collecting idna==3.10 (from -r requirements.txt (line 9))
2025-07-15T20:36:52.7454784Z   Downloading idna-3.10-py3-none-any.whl.metadata (10 kB)
2025-07-15T20:36:52.7585986Z Collecting itsdangerous==2.2.0 (from -r requirements.txt (line 10))
2025-07-15T20:36:52.7620096Z   Downloading itsdangerous-2.2.0-py3-none-any.whl.metadata (1.9 kB)
2025-07-15T20:36:52.7774376Z Collecting Jinja2==3.1.6 (from -r requirements.txt (line 11))
2025-07-15T20:36:52.7812408Z   Downloading jinja2-3.1.6-py3-none-any.whl.metadata (2.9 kB)
2025-07-15T20:36:52.8421875Z Collecting MarkupSafe==3.0.2 (from -r requirements.txt (line 12))
2025-07-15T20:36:52.8464940Z   Downloading MarkupSafe-3.0.2-cp310-cp310-manylinux_2_17_x86_64.manylinux2014_x86_64.whl.metadata (4.0 kB)
2025-07-15T20:36:52.8623990Z Collecting paho-mqtt==2.1.0 (from -r requirements.txt (line 13))
2025-07-15T20:36:52.8674977Z   Downloading paho_mqtt-2.1.0-py3-none-any.whl.metadata (23 kB)
2025-07-15T20:36:53.2086439Z Collecting pymongo==4.13.2 (from -r requirements.txt (line 14))
2025-07-15T20:36:53.2123906Z   Downloading pymongo-4.13.2-cp310-cp310-manylinux_2_17_x86_64.manylinux2014_x86_64.whl.metadata (22 kB)
2025-07-15T20:36:53.2358690Z Collecting python-dotenv==1.1.1 (from -r requirements.txt (line 15))
2025-07-15T20:36:53.2390372Z   Downloading python_dotenv-1.1.1-py3-none-any.whl.metadata (24 kB)
2025-07-15T20:36:53.2676992Z Collecting requests==2.32.4 (from -r requirements.txt (line 16))
2025-07-15T20:36:53.2718474Z   Downloading requests-2.32.4-py3-none-any.whl.metadata (4.9 kB)
2025-07-15T20:36:53.2980016Z Collecting urllib3==2.5.0 (from -r requirements.txt (line 17))
2025-07-15T20:36:53.3031650Z   Downloading urllib3-2.5.0-py3-none-any.whl.metadata (6.5 kB)
2025-07-15T20:36:53.3278139Z Collecting Werkzeug==3.1.3 (from -r requirements.txt (line 18))
2025-07-15T20:36:53.3313613Z   Downloading werkzeug-3.1.3-py3-none-any.whl.metadata (3.7 kB)
2025-07-15T20:36:53.3438176Z Collecting autodevops-cli==0.1.1 (from -r requirements.txt (line 19))
2025-07-15T20:36:53.3483622Z   Downloading autodevops_cli-0.1.1-py3-none-any.whl.metadata (494 bytes)
2025-07-15T20:36:53.3588115Z Collecting iniconfig==2.1.0 (from -r requirements.txt (line 20))
2025-07-15T20:36:53.3621502Z   Downloading iniconfig-2.1.0-py3-none-any.whl.metadata (2.7 kB)
2025-07-15T20:36:53.3746630Z Collecting loguru==0.7.3 (from -r requirements.txt (line 21))
2025-07-15T20:36:53.3780400Z   Downloading loguru-0.7.3-py3-none-any.whl.metadata (22 kB)
2025-07-15T20:36:53.4027714Z Collecting markdown-it-py==3.0.0 (from -r requirements.txt (line 22))
2025-07-15T20:36:53.4065070Z   Downloading markdown_it_py-3.0.0-py3-none-any.whl.metadata (6.9 kB)
2025-07-15T20:36:53.4218053Z Collecting mdurl==0.1.2 (from -r requirements.txt (line 23))
2025-07-15T20:36:53.4250797Z   Downloading mdurl-0.1.2-py3-none-any.whl.metadata (1.6 kB)
2025-07-15T20:36:53.4390807Z Collecting mongomock==4.3.0 (from -r requirements.txt (line 24))
2025-07-15T20:36:53.4423181Z   Downloading mongomock-4.3.0-py2.py3-none-any.whl.metadata (12 kB)
2025-07-15T20:36:53.4606591Z Collecting packaging==25.0 (from -r requirements.txt (line 25))
2025-07-15T20:36:53.4639007Z   Downloading packaging-25.0-py3-none-any.whl.metadata (3.3 kB)
2025-07-15T20:36:53.4769418Z Collecting pluggy==1.6.0 (from -r requirements.txt (line 26))
2025-07-15T20:36:53.4803494Z   Downloading pluggy-1.6.0-py3-none-any.whl.metadata (4.8 kB)
2025-07-15T20:36:53.5013314Z Collecting Pygments==2.19.2 (from -r requirements.txt (line 27))
2025-07-15T20:36:53.5046846Z   Downloading pygments-2.19.2-py3-none-any.whl.metadata (2.5 kB)
2025-07-15T20:36:53.5454322Z Collecting pytz==2025.2 (from -r requirements.txt (line 28))
2025-07-15T20:36:53.5491011Z   Downloading pytz-2025.2-py2.py3-none-any.whl.metadata (22 kB)
2025-07-15T20:36:53.5913632Z Collecting rich==14.0.0 (from -r requirements.txt (line 29))
2025-07-15T20:36:53.5950595Z   Downloading rich-14.0.0-py3-none-any.whl.metadata (18 kB)
2025-07-15T20:36:53.6063140Z Collecting sentinels==1.0.0 (from -r requirements.txt (line 30))
2025-07-15T20:36:53.6097033Z   Downloading sentinels-1.0.0.tar.gz (4.1 kB)
2025-07-15T20:36:53.6184681Z   Installing build dependencies: started
2025-07-15T20:36:54.4848955Z   Installing build dependencies: finished with status 'done'
2025-07-15T20:36:54.4857874Z   Getting requirements to build wheel: started
2025-07-15T20:36:54.8083102Z   Getting requirements to build wheel: finished with status 'done'
2025-07-15T20:36:54.8093647Z   Preparing metadata (pyproject.toml): started
2025-07-15T20:36:54.9803432Z   Preparing metadata (pyproject.toml): finished with status 'done'
2025-07-15T20:36:54.9957566Z Collecting sh==2.2.2 (from -r requirements.txt (line 31))
2025-07-15T20:36:54.9989682Z   Downloading sh-2.2.2-py3-none-any.whl.metadata (3.7 kB)
2025-07-15T20:36:55.0422982Z Collecting exceptiongroup>=1.0.0rc8 (from pytest==8.2.1->-r requirements.txt (line 3))
2025-07-15T20:36:55.0457325Z   Downloading exceptiongroup-1.3.0-py3-none-any.whl.metadata (6.7 kB)
2025-07-15T20:36:55.0644638Z Collecting tomli>=1 (from pytest==8.2.1->-r requirements.txt (line 3))
2025-07-15T20:36:55.0685936Z   Downloading tomli-2.2.1-py3-none-any.whl.metadata (10 kB)
2025-07-15T20:36:55.1407434Z Collecting typing-extensions<5.0,>=4.0.0 (from rich==14.0.0->-r requirements.txt (line 29))
2025-07-15T20:36:55.1441189Z   Downloading typing_extensions-4.14.1-py3-none-any.whl.metadata (3.0 kB)
2025-07-15T20:36:55.1614724Z Downloading flask-3.1.0-py3-none-any.whl (102 kB)
2025-07-15T20:36:55.1688748Z Downloading flask_pymongo-3.0.1-py3-none-any.whl (11 kB)
2025-07-15T20:36:55.1764058Z Downloading pytest-8.2.1-py3-none-any.whl (339 kB)
2025-07-15T20:36:55.1872008Z Downloading pluggy-1.6.0-py3-none-any.whl (20 kB)
2025-07-15T20:36:55.1924916Z Downloading blinker-1.9.0-py3-none-any.whl (8.5 kB)
2025-07-15T20:36:55.1980434Z Downloading certifi-2025.7.14-py3-none-any.whl (162 kB)
2025-07-15T20:36:55.2055421Z Downloading charset_normalizer-3.4.2-cp310-cp310-manylinux_2_17_x86_64.manylinux2014_x86_64.whl (149 kB)
2025-07-15T20:36:55.2125887Z Downloading click-8.2.1-py3-none-any.whl (102 kB)
2025-07-15T20:36:55.2184134Z Downloading dnspython-2.7.0-py3-none-any.whl (313 kB)
2025-07-15T20:36:55.2270716Z Downloading idna-3.10-py3-none-any.whl (70 kB)
2025-07-15T20:36:55.2323802Z Downloading itsdangerous-2.2.0-py3-none-any.whl (16 kB)
2025-07-15T20:36:55.2376421Z Downloading jinja2-3.1.6-py3-none-any.whl (134 kB)
2025-07-15T20:36:55.2439897Z Downloading MarkupSafe-3.0.2-cp310-cp310-manylinux_2_17_x86_64.manylinux2014_x86_64.whl (20 kB)
2025-07-15T20:36:55.2495890Z Downloading paho_mqtt-2.1.0-py3-none-any.whl (67 kB)
2025-07-15T20:36:55.2555406Z Downloading pymongo-4.13.2-cp310-cp310-manylinux_2_17_x86_64.manylinux2014_x86_64.whl (1.2 MB)
2025-07-15T20:36:55.2724938Z    ━━━━━━━━━━━━━━━━━━━━━━━━━━━━━━━━━━━━━━━━ 1.2/1.2 MB 76.9 MB/s eta 0:00:00
2025-07-15T20:36:55.2758676Z Downloading python_dotenv-1.1.1-py3-none-any.whl (20 kB)
2025-07-15T20:36:55.2811594Z Downloading requests-2.32.4-py3-none-any.whl (64 kB)
2025-07-15T20:36:55.2866725Z Downloading urllib3-2.5.0-py3-none-any.whl (129 kB)
2025-07-15T20:36:55.2923708Z Downloading werkzeug-3.1.3-py3-none-any.whl (224 kB)
2025-07-15T20:36:55.3015001Z Downloading autodevops_cli-0.1.1-py3-none-any.whl (4.1 kB)
2025-07-15T20:36:55.3067729Z Downloading iniconfig-2.1.0-py3-none-any.whl (6.0 kB)
2025-07-15T20:36:55.3120706Z Downloading loguru-0.7.3-py3-none-any.whl (61 kB)
2025-07-15T20:36:55.3179543Z Downloading markdown_it_py-3.0.0-py3-none-any.whl (87 kB)
2025-07-15T20:36:55.3238661Z Downloading mdurl-0.1.2-py3-none-any.whl (10.0 kB)
2025-07-15T20:36:55.3299085Z Downloading mongomock-4.3.0-py2.py3-none-any.whl (64 kB)
2025-07-15T20:36:55.3359797Z Downloading packaging-25.0-py3-none-any.whl (66 kB)
2025-07-15T20:36:55.3414617Z Downloading pygments-2.19.2-py3-none-any.whl (1.2 MB)
2025-07-15T20:36:55.3564397Z    ━━━━━━━━━━━━━━━━━━━━━━━━━━━━━━━━━━━━━━━━ 1.2/1.2 MB 86.7 MB/s eta 0:00:00
2025-07-15T20:36:55.3597094Z Downloading pytz-2025.2-py2.py3-none-any.whl (509 kB)
2025-07-15T20:36:55.3687750Z Downloading rich-14.0.0-py3-none-any.whl (243 kB)
2025-07-15T20:36:55.3749990Z Downloading sh-2.2.2-py3-none-any.whl (38 kB)
2025-07-15T20:36:55.3806117Z Downloading typing_extensions-4.14.1-py3-none-any.whl (43 kB)
2025-07-15T20:36:55.3861125Z Downloading exceptiongroup-1.3.0-py3-none-any.whl (16 kB)
2025-07-15T20:36:55.3912884Z Downloading tomli-2.2.1-py3-none-any.whl (14 kB)
2025-07-15T20:36:55.4271071Z Building wheels for collected packages: sentinels
2025-07-15T20:36:55.4280459Z   Building wheel for sentinels (pyproject.toml): started
2025-07-15T20:36:55.6318653Z   Building wheel for sentinels (pyproject.toml): finished with status 'done'
2025-07-15T20:36:55.6324414Z   Created wheel for sentinels: filename=sentinels-1.0.0-py3-none-any.whl size=3229 sha256=ea9e2e0b40171b39e9dc16d5197ab3a4886a2ca58476beb8e845bacc75b8a633
2025-07-15T20:36:55.6326654Z   Stored in directory: /home/runner/.cache/pip/wheels/26/bc/eb/67e56405e0684b3d8c011cf4d18129c41be394775fd5ba2347
2025-07-15T20:36:55.6342712Z Successfully built sentinels
2025-07-15T20:36:55.7094332Z Installing collected packages: sentinels, pytz, urllib3, typing-extensions, tomli, sh, python-dotenv, Pygments, pluggy, paho-mqtt, packaging, mdurl, MarkupSafe, loguru, itsdangerous, iniconfig, idna, dnspython, click, charset-normalizer, certifi, blinker, Werkzeug, requests, pymongo, mongomock, markdown-it-py, Jinja2, exceptiongroup, rich, pytest, Flask, Flask-PyMongo, autodevops-cli
2025-07-15T20:36:58.1988294Z 
2025-07-15T20:36:58.2048989Z Successfully installed Flask-3.1.0 Flask-PyMongo-3.0.1 Jinja2-3.1.6 MarkupSafe-3.0.2 Pygments-2.19.2 Werkzeug-3.1.3 autodevops-cli-0.1.1 blinker-1.9.0 certifi-2025.7.14 charset-normalizer-3.4.2 click-8.2.1 dnspython-2.7.0 exceptiongroup-1.3.0 idna-3.10 iniconfig-2.1.0 itsdangerous-2.2.0 loguru-0.7.3 markdown-it-py-3.0.0 mdurl-0.1.2 mongomock-4.3.0 packaging-25.0 paho-mqtt-2.1.0 pluggy-1.6.0 pymongo-4.13.2 pytest-8.2.1 python-dotenv-1.1.1 pytz-2025.2 requests-2.32.4 rich-14.0.0 sentinels-1.0.0 sh-2.2.2 tomli-2.2.1 typing-extensions-4.14.1 urllib3-2.5.0
2025-07-15T20:36:58.3624118Z ##[group]Run export PYTHONPATH=.
2025-07-15T20:36:58.3624429Z [36;1mexport PYTHONPATH=.[0m
2025-07-15T20:36:58.3624681Z [36;1mpytest test_main.py -v[0m
2025-07-15T20:36:58.3652680Z shell: /usr/bin/bash -e {0}
2025-07-15T20:36:58.3652904Z env:
2025-07-15T20:36:58.3653139Z   pythonLocation: /opt/hostedtoolcache/Python/3.10.18/x64
2025-07-15T20:36:58.3653535Z   PKG_CONFIG_PATH: /opt/hostedtoolcache/Python/3.10.18/x64/lib/pkgconfig
2025-07-15T20:36:58.3653914Z   Python_ROOT_DIR: /opt/hostedtoolcache/Python/3.10.18/x64
2025-07-15T20:36:58.3654252Z   Python2_ROOT_DIR: /opt/hostedtoolcache/Python/3.10.18/x64
2025-07-15T20:36:58.3654594Z   Python3_ROOT_DIR: /opt/hostedtoolcache/Python/3.10.18/x64
2025-07-15T20:36:58.3654940Z   LD_LIBRARY_PATH: /opt/hostedtoolcache/Python/3.10.18/x64/lib
2025-07-15T20:36:58.3655227Z ##[endgroup]
2025-07-15T20:36:58.6105569Z ============================= test session starts ==============================
2025-07-15T20:36:58.6106877Z platform linux -- Python 3.10.18, pytest-8.2.1, pluggy-1.6.0 -- /opt/hostedtoolcache/Python/3.10.18/x64/bin/python
2025-07-15T20:36:58.6107892Z cachedir: .pytest_cache
2025-07-15T20:36:58.6108530Z rootdir: /home/runner/work/testing-CI-CD/testing-CI-CD
2025-07-15T20:36:58.8194955Z collecting ... collected 7 items
2025-07-15T20:36:58.8195307Z 
2025-07-15T20:36:58.8291285Z test_main.py::test_home_page PASSED                                      [ 14%]
2025-07-15T20:36:58.8369740Z test_main.py::test_admin_dashboard PASSED                                [ 28%]
2025-07-15T20:36:58.8437824Z test_main.py::test_student_dashboard PASSED                              [ 42%]
2025-07-15T20:36:58.8482171Z test_main.py::test_generate_attendance_no_input PASSED                   [ 57%]
2025-07-15T20:36:58.8526681Z test_main.py::test_student_generate_attendance_invalid PASSED            [ 71%]
2025-07-15T20:36:58.8589826Z test_main.py::test_register_user_get PASSED                              [ 85%]
2025-07-15T20:36:58.8650563Z test_main.py::test_receive_rfid_missing PASSED                           [100%]
2025-07-15T20:36:58.8651049Z 
2025-07-15T20:36:58.8651195Z ============================== 7 passed in 0.25s ===============================
2025-07-15T20:36:58.9172625Z ##[group]Run docker/login-action@v3
2025-07-15T20:36:58.9172907Z with:
2025-07-15T20:36:58.9173285Z   username: ***
2025-07-15T20:36:58.9173607Z   password: ***
2025-07-15T20:36:58.9173787Z   ecr: auto
2025-07-15T20:36:58.9173953Z   logout: true
2025-07-15T20:36:58.9174122Z env:
2025-07-15T20:36:58.9174347Z   pythonLocation: /opt/hostedtoolcache/Python/3.10.18/x64
2025-07-15T20:36:58.9174746Z   PKG_CONFIG_PATH: /opt/hostedtoolcache/Python/3.10.18/x64/lib/pkgconfig
2025-07-15T20:36:58.9175131Z   Python_ROOT_DIR: /opt/hostedtoolcache/Python/3.10.18/x64
2025-07-15T20:36:58.9175478Z   Python2_ROOT_DIR: /opt/hostedtoolcache/Python/3.10.18/x64
2025-07-15T20:36:58.9175819Z   Python3_ROOT_DIR: /opt/hostedtoolcache/Python/3.10.18/x64
2025-07-15T20:36:58.9176271Z   LD_LIBRARY_PATH: /opt/hostedtoolcache/Python/3.10.18/x64/lib
2025-07-15T20:36:58.9176656Z ##[endgroup]
2025-07-15T20:36:59.2098864Z Logging into Docker Hub...
2025-07-15T20:36:59.3727122Z Login Succeeded!
2025-07-15T20:36:59.3850581Z ##[group]Run docker build -t ***/flask-ci-cd-demo .
2025-07-15T20:36:59.3851008Z [36;1mdocker build -t ***/flask-ci-cd-demo .[0m
2025-07-15T20:36:59.3879081Z shell: /usr/bin/bash -e {0}
2025-07-15T20:36:59.3879306Z env:
2025-07-15T20:36:59.3879555Z   pythonLocation: /opt/hostedtoolcache/Python/3.10.18/x64
2025-07-15T20:36:59.3879955Z   PKG_CONFIG_PATH: /opt/hostedtoolcache/Python/3.10.18/x64/lib/pkgconfig
2025-07-15T20:36:59.3880363Z   Python_ROOT_DIR: /opt/hostedtoolcache/Python/3.10.18/x64
2025-07-15T20:36:59.3880720Z   Python2_ROOT_DIR: /opt/hostedtoolcache/Python/3.10.18/x64
2025-07-15T20:36:59.3881056Z   Python3_ROOT_DIR: /opt/hostedtoolcache/Python/3.10.18/x64
2025-07-15T20:36:59.3881396Z   LD_LIBRARY_PATH: /opt/hostedtoolcache/Python/3.10.18/x64/lib
2025-07-15T20:36:59.3881684Z ##[endgroup]
2025-07-15T20:36:59.8444976Z #0 building with "default" instance using docker driver
2025-07-15T20:36:59.8445430Z 
2025-07-15T20:36:59.8445785Z #1 [internal] load build definition from Dockerfile
2025-07-15T20:36:59.8446432Z #1 transferring dockerfile: 1.34kB done
2025-07-15T20:36:59.8446843Z #1 DONE 0.0s
2025-07-15T20:36:59.8447012Z 
2025-07-15T20:36:59.8447267Z #2 [auth] library/python:pull token for registry-1.docker.io
2025-07-15T20:36:59.8447758Z #2 DONE 0.0s
2025-07-15T20:36:59.8447935Z 
2025-07-15T20:36:59.8448214Z #3 [internal] load metadata for docker.io/library/python:3.10-slim
2025-07-15T20:36:59.9606677Z #3 DONE 0.3s
2025-07-15T20:37:00.0814846Z 
2025-07-15T20:37:00.0817121Z #4 [internal] load .dockerignore
2025-07-15T20:37:00.0817688Z #4 transferring context: 2B done
2025-07-15T20:37:00.0818098Z #4 DONE 0.0s
2025-07-15T20:37:00.0818356Z 
2025-07-15T20:37:00.0818965Z #5 [1/6] FROM docker.io/library/python:3.10-slim@sha256:9dd6774a1276178f94b0cc1fb1f0edd980825d0ea7634847af9940b1b6273c13
2025-07-15T20:37:00.0825088Z #5 resolve docker.io/library/python:3.10-slim@sha256:9dd6774a1276178f94b0cc1fb1f0edd980825d0ea7634847af9940b1b6273c13 done
2025-07-15T20:37:00.0826370Z #5 sha256:c5dbd5ba857839a0aa9db765ea519c1514a40da811b4cf08c852b72fab4379d5 1.75kB / 1.75kB done
2025-07-15T20:37:00.0827745Z #5 sha256:563dffbdc42507a70677ee28b4bb678ad9074e3c9f75e3043523a38dcdf4f553 5.37kB / 5.37kB done
2025-07-15T20:37:00.0828824Z #5 sha256:3da95a905ed546f99c4564407923a681757d89651a388ec3f1f5e9bf5ed0b39d 7.98MB / 28.23MB 0.1s
2025-07-15T20:37:00.0829864Z #5 sha256:0ebcc011f0ec7a9a900f7366b104730396a59032e64f04f3867a75f25ed48280 0B / 3.51MB 0.1s
2025-07-15T20:37:00.0830883Z #5 sha256:92d63ec5cbeb1348bad42929919fd8e78f38d96e388b5509d2929d76ddafb48e 0B / 15.65MB 0.1s
2025-07-15T20:37:00.0831916Z #5 sha256:9dd6774a1276178f94b0cc1fb1f0edd980825d0ea7634847af9940b1b6273c13 9.13kB / 9.13kB done
2025-07-15T20:37:00.1863194Z #5 sha256:3da95a905ed546f99c4564407923a681757d89651a388ec3f1f5e9bf5ed0b39d 28.23MB / 28.23MB 0.2s done
2025-07-15T20:37:00.1869030Z #5 sha256:0ebcc011f0ec7a9a900f7366b104730396a59032e64f04f3867a75f25ed48280 1.05MB / 3.51MB 0.2s
2025-07-15T20:37:00.1870419Z #5 sha256:92d63ec5cbeb1348bad42929919fd8e78f38d96e388b5509d2929d76ddafb48e 15.65MB / 15.65MB 0.2s
2025-07-15T20:37:00.3342878Z #5 sha256:0ebcc011f0ec7a9a900f7366b104730396a59032e64f04f3867a75f25ed48280 2.10MB / 3.51MB 0.3s
2025-07-15T20:37:00.3345095Z #5 sha256:92d63ec5cbeb1348bad42929919fd8e78f38d96e388b5509d2929d76ddafb48e 15.65MB / 15.65MB 0.2s done
2025-07-15T20:37:00.3346207Z #5 extracting sha256:3da95a905ed546f99c4564407923a681757d89651a388ec3f1f5e9bf5ed0b39d 0.1s
2025-07-15T20:37:00.3347246Z #5 sha256:64b78282ca88b226c404cb8dfdee72b75eea52c9ac7380c0439b6e03992e483f 248B / 248B 0.2s done
2025-07-15T20:37:00.4385321Z #5 sha256:0ebcc011f0ec7a9a900f7366b104730396a59032e64f04f3867a75f25ed48280 3.51MB / 3.51MB 0.3s done
2025-07-15T20:37:00.6453513Z #5 ...
2025-07-15T20:37:00.6453939Z 
2025-07-15T20:37:00.6454151Z #6 [internal] load build context
2025-07-15T20:37:00.6454971Z #6 transferring context: 64.64MB 0.6s done
2025-07-15T20:37:00.6455526Z #6 DONE 0.7s
2025-07-15T20:37:00.6455722Z 
2025-07-15T20:37:00.6456528Z #5 [1/6] FROM docker.io/library/python:3.10-slim@sha256:9dd6774a1276178f94b0cc1fb1f0edd980825d0ea7634847af9940b1b6273c13
2025-07-15T20:37:01.4616536Z #5 extracting sha256:3da95a905ed546f99c4564407923a681757d89651a388ec3f1f5e9bf5ed0b39d 1.2s done
2025-07-15T20:37:01.6060911Z #5 extracting sha256:0ebcc011f0ec7a9a900f7366b104730396a59032e64f04f3867a75f25ed48280 0.1s
2025-07-15T20:37:01.7614615Z #5 extracting sha256:0ebcc011f0ec7a9a900f7366b104730396a59032e64f04f3867a75f25ed48280 0.1s done
2025-07-15T20:37:02.1524332Z #5 extracting sha256:92d63ec5cbeb1348bad42929919fd8e78f38d96e388b5509d2929d76ddafb48e
2025-07-15T20:37:02.8403309Z #5 extracting sha256:92d63ec5cbeb1348bad42929919fd8e78f38d96e388b5509d2929d76ddafb48e 0.6s done
2025-07-15T20:37:02.8404872Z #5 extracting sha256:64b78282ca88b226c404cb8dfdee72b75eea52c9ac7380c0439b6e03992e483f
2025-07-15T20:37:03.0240248Z #5 extracting sha256:64b78282ca88b226c404cb8dfdee72b75eea52c9ac7380c0439b6e03992e483f done
2025-07-15T20:37:03.0240923Z #5 DONE 2.9s
2025-07-15T20:37:03.0241092Z 
2025-07-15T20:37:03.0241601Z #7 [2/6] RUN apt-get update &&     apt-get install -y --no-install-recommends         build-essential         curl         nano         git     && rm -rf /var/lib/apt/lists/*
2025-07-15T20:37:03.0382731Z #7 0.165 Get:1 http://deb.debian.org/debian bookworm InRelease [151 kB]
2025-07-15T20:37:03.1841509Z #7 0.185 Get:2 http://deb.debian.org/debian bookworm-updates InRelease [55.4 kB]
2025-07-15T20:37:03.1842785Z #7 0.193 Get:3 http://deb.debian.org/debian-security bookworm-security InRelease [48.0 kB]
2025-07-15T20:37:03.1843815Z #7 0.248 Get:4 http://deb.debian.org/debian bookworm/main amd64 Packages [8793 kB]
2025-07-15T20:37:03.1844745Z #7 0.310 Get:5 http://deb.debian.org/debian bookworm-updates/main amd64 Packages [756 B]
2025-07-15T20:37:03.3710902Z #7 0.347 Get:6 http://deb.debian.org/debian-security bookworm-security/main amd64 Packages [272 kB]
2025-07-15T20:37:03.9432508Z #7 1.070 Fetched 9320 kB in 1s (9988 kB/s)
2025-07-15T20:37:04.3422673Z #7 1.070 Reading package lists...
2025-07-15T20:37:04.7478571Z #7 1.487 Reading package lists...
2025-07-15T20:37:04.8509655Z #7 1.884 Building dependency tree...
2025-07-15T20:37:05.0982202Z #7 1.977 Reading state information...
2025-07-15T20:37:05.0983165Z #7 2.073 The following additional packages will be installed:
2025-07-15T20:37:05.0984207Z #7 2.073   binutils binutils-common binutils-x86-64-linux-gnu bzip2 cpp cpp-12 dpkg-dev
2025-07-15T20:37:05.0985222Z #7 2.073   g++ g++-12 gcc gcc-12 git-man libasan8 libatomic1 libbinutils libbrotli1
2025-07-15T20:37:05.0986023Z #7 2.073   libc-dev-bin libc6-dev libcc1-0 libcrypt-dev libctf-nobfd0 libctf0
2025-07-15T20:37:05.0986659Z #7 2.073   libcurl3-gnutls libcurl4 libdpkg-perl liberror-perl libexpat1 libgcc-12-dev
2025-07-15T20:37:05.0987300Z #7 2.073   libgdbm-compat4 libgomp1 libgprofng0 libisl23 libitm1 libjansson4
2025-07-15T20:37:05.0987930Z #7 2.073   libldap-2.5-0 liblsan0 libmpc3 libmpfr6 libnghttp2-14 libnsl-dev libperl5.36
2025-07-15T20:37:05.0988923Z #7 2.073   libpsl5 libquadmath0 librtmp1 libsasl2-2 libsasl2-modules-db libssh2-1
2025-07-15T20:37:05.0989575Z #7 2.073   libstdc++-12-dev libtirpc-dev libtsan2 libubsan1 linux-libc-dev make patch
2025-07-15T20:37:05.0990127Z #7 2.074   perl perl-modules-5.36 rpcsvc-proto xz-utils
2025-07-15T20:37:05.0990496Z #7 2.074 Suggested packages:
2025-07-15T20:37:05.0990944Z #7 2.074   binutils-doc bzip2-doc cpp-doc gcc-12-locales cpp-12-doc debian-keyring
2025-07-15T20:37:05.0991575Z #7 2.074   g++-multilib g++-12-multilib gcc-12-doc gcc-multilib manpages-dev autoconf
2025-07-15T20:37:05.0992192Z #7 2.074   automake libtool flex bison gdb gcc-doc gcc-12-multilib gettext-base
2025-07-15T20:37:05.0993055Z #7 2.074   git-daemon-run | git-daemon-sysvinit git-doc git-email git-gui gitk gitweb
2025-07-15T20:37:05.0993708Z #7 2.074   git-cvs git-mediawiki git-svn glibc-doc gnupg | sq | sqop | pgpainless-cli
2025-07-15T20:37:05.0994362Z #7 2.074   sensible-utils bzr libstdc++-12-doc make-doc hunspell ed diffutils-doc
2025-07-15T20:37:05.0995152Z #7 2.074   perl-doc libterm-readline-gnu-perl | libterm-readline-perl-perl
2025-07-15T20:37:05.0995531Z #7 2.074   libtap-harness-archive-perl
2025-07-15T20:37:05.0995799Z #7 2.074 Recommended packages:
2025-07-15T20:37:05.0996145Z #7 2.074   fakeroot gnupg | sq | sqop | pgpainless-cli libalgorithm-merge-perl less
2025-07-15T20:37:05.0996633Z #7 2.074   ssh-client manpages manpages-dev libc-devtools libfile-fcntllock-perl
2025-07-15T20:37:05.0997123Z #7 2.074   liblocale-gettext-perl libldap-common publicsuffix libsasl2-modules
2025-07-15T20:37:05.1864016Z #7 2.313 The following NEW packages will be installed:
2025-07-15T20:37:05.1867078Z #7 2.313   binutils binutils-common binutils-x86-64-linux-gnu build-essential bzip2 cpp
2025-07-15T20:37:05.2918107Z #7 2.313   cpp-12 curl dpkg-dev g++ g++-12 gcc gcc-12 git git-man libasan8 libatomic1
2025-07-15T20:37:05.2919098Z #7 2.313   libbinutils libbrotli1 libc-dev-bin libc6-dev libcc1-0 libcrypt-dev
2025-07-15T20:37:05.2919837Z #7 2.313   libctf-nobfd0 libctf0 libcurl3-gnutls libcurl4 libdpkg-perl liberror-perl
2025-07-15T20:37:05.2920603Z #7 2.313   libexpat1 libgcc-12-dev libgdbm-compat4 libgomp1 libgprofng0 libisl23
2025-07-15T20:37:05.2921329Z #7 2.313   libitm1 libjansson4 libldap-2.5-0 liblsan0 libmpc3 libmpfr6 libnghttp2-14
2025-07-15T20:37:05.2922386Z #7 2.313   libnsl-dev libperl5.36 libpsl5 libquadmath0 librtmp1 libsasl2-2
2025-07-15T20:37:05.2923337Z #7 2.314   libsasl2-modules-db libssh2-1 libstdc++-12-dev libtirpc-dev libtsan2
2025-07-15T20:37:05.2924362Z #7 2.314   libubsan1 linux-libc-dev make nano patch perl perl-modules-5.36 rpcsvc-proto
2025-07-15T20:37:05.2925373Z #7 2.314   xz-utils
2025-07-15T20:37:05.2925950Z #7 2.334 0 upgraded, 62 newly installed, 0 to remove and 0 not upgraded.
2025-07-15T20:37:05.2926631Z #7 2.334 Need to get 85.7 MB of archives.
2025-07-15T20:37:05.2927429Z #7 2.334 After this operation, 370 MB of additional disk space will be used.
2025-07-15T20:37:05.2928400Z #7 2.334 Get:1 http://deb.debian.org/debian bookworm/main amd64 perl-modules-5.36 all 5.36.0-7+deb12u2 [2815 kB]
2025-07-15T20:37:05.2929047Z #7 2.351 Get:2 http://deb.debian.org/debian bookworm/main amd64 libgdbm-compat4 amd64 1.23-3 [48.2 kB]
2025-07-15T20:37:05.2929647Z #7 2.352 Get:3 http://deb.debian.org/debian bookworm/main amd64 libperl5.36 amd64 5.36.0-7+deb12u2 [4207 kB]
2025-07-15T20:37:05.2930257Z #7 2.372 Get:4 http://deb.debian.org/debian bookworm/main amd64 perl amd64 5.36.0-7+deb12u2 [239 kB]
2025-07-15T20:37:05.2930873Z #7 2.373 Get:5 http://deb.debian.org/debian bookworm/main amd64 nano amd64 7.2-1+deb12u1 [690 kB]
2025-07-15T20:37:05.2931398Z #7 2.377 Get:6 http://deb.debian.org/debian bookworm/main amd64 bzip2 amd64 1.0.8-5+b1 [49.8 kB]
2025-07-15T20:37:05.2931915Z #7 2.378 Get:7 http://deb.debian.org/debian bookworm/main amd64 xz-utils amd64 5.4.1-1 [471 kB]
2025-07-15T20:37:05.2932779Z #7 2.380 Get:8 http://deb.debian.org/debian bookworm/main amd64 binutils-common amd64 2.40-2 [2487 kB]
2025-07-15T20:37:05.2933771Z #7 2.391 Get:9 http://deb.debian.org/debian bookworm/main amd64 libbinutils amd64 2.40-2 [572 kB]
2025-07-15T20:37:05.2935077Z #7 2.394 Get:10 http://deb.debian.org/debian bookworm/main amd64 libctf-nobfd0 amd64 2.40-2 [153 kB]
2025-07-15T20:37:05.2936087Z #7 2.395 Get:11 http://deb.debian.org/debian bookworm/main amd64 libctf0 amd64 2.40-2 [89.8 kB]
2025-07-15T20:37:05.2937121Z #7 2.396 Get:12 http://deb.debian.org/debian bookworm/main amd64 libgprofng0 amd64 2.40-2 [812 kB]
2025-07-15T20:37:05.2938033Z #7 2.400 Get:13 http://deb.debian.org/debian bookworm/main amd64 libjansson4 amd64 2.14-2 [40.8 kB]
2025-07-15T20:37:05.2939100Z #7 2.401 Get:14 http://deb.debian.org/debian bookworm/main amd64 binutils-x86-64-linux-gnu amd64 2.40-2 [2246 kB]
2025-07-15T20:37:05.2940031Z #7 2.411 Get:15 http://deb.debian.org/debian bookworm/main amd64 binutils amd64 2.40-2 [65.0 kB]
2025-07-15T20:37:05.2940852Z #7 2.412 Get:16 http://deb.debian.org/debian bookworm/main amd64 libc-dev-bin amd64 2.36-9+deb12u10 [47.1 kB]
2025-07-15T20:37:05.2942568Z #7 2.413 Get:17 http://deb.debian.org/debian-security bookworm-security/main amd64 linux-libc-dev amd64 6.1.140-1 [2145 kB]
2025-07-15T20:37:05.2943735Z #7 2.418 Get:18 http://deb.debian.org/debian bookworm/main amd64 libcrypt-dev amd64 1:4.4.33-2 [118 kB]
2025-07-15T20:37:05.4548423Z #7 2.419 Get:19 http://deb.debian.org/debian bookworm/main amd64 libtirpc-dev amd64 1.3.3+ds-1 [191 kB]
2025-07-15T20:37:05.4550306Z #7 2.420 Get:20 http://deb.debian.org/debian bookworm/main amd64 libnsl-dev amd64 1.3.0-2 [66.4 kB]
2025-07-15T20:37:05.4551702Z #7 2.421 Get:21 http://deb.debian.org/debian bookworm/main amd64 rpcsvc-proto amd64 1.4.3-1 [63.3 kB]
2025-07-15T20:37:05.4552701Z #7 2.421 Get:22 http://deb.debian.org/debian bookworm/main amd64 libc6-dev amd64 2.36-9+deb12u10 [1903 kB]
2025-07-15T20:37:05.4553496Z #7 2.429 Get:23 http://deb.debian.org/debian bookworm/main amd64 libisl23 amd64 0.25-1.1 [683 kB]
2025-07-15T20:37:05.4554228Z #7 2.432 Get:24 http://deb.debian.org/debian bookworm/main amd64 libmpfr6 amd64 4.2.0-1 [701 kB]
2025-07-15T20:37:05.4554928Z #7 2.434 Get:25 http://deb.debian.org/debian bookworm/main amd64 libmpc3 amd64 1.3.1-1 [51.5 kB]
2025-07-15T20:37:05.4555637Z #7 2.435 Get:26 http://deb.debian.org/debian bookworm/main amd64 cpp-12 amd64 12.2.0-14+deb12u1 [9768 kB]
2025-07-15T20:37:05.4556343Z #7 2.472 Get:27 http://deb.debian.org/debian bookworm/main amd64 cpp amd64 4:12.2.0-3 [6836 B]
2025-07-15T20:37:05.4557061Z #7 2.472 Get:28 http://deb.debian.org/debian bookworm/main amd64 libcc1-0 amd64 12.2.0-14+deb12u1 [41.7 kB]
2025-07-15T20:37:05.4557862Z #7 2.473 Get:29 http://deb.debian.org/debian bookworm/main amd64 libgomp1 amd64 12.2.0-14+deb12u1 [116 kB]
2025-07-15T20:37:05.4558630Z #7 2.473 Get:30 http://deb.debian.org/debian bookworm/main amd64 libitm1 amd64 12.2.0-14+deb12u1 [26.1 kB]
2025-07-15T20:37:05.4559394Z #7 2.474 Get:31 http://deb.debian.org/debian bookworm/main amd64 libatomic1 amd64 12.2.0-14+deb12u1 [9376 B]
2025-07-15T20:37:05.4560193Z #7 2.474 Get:32 http://deb.debian.org/debian bookworm/main amd64 libasan8 amd64 12.2.0-14+deb12u1 [2193 kB]
2025-07-15T20:37:05.4560951Z #7 2.482 Get:33 http://deb.debian.org/debian bookworm/main amd64 liblsan0 amd64 12.2.0-14+deb12u1 [969 kB]
2025-07-15T20:37:05.4561744Z #7 2.487 Get:34 http://deb.debian.org/debian bookworm/main amd64 libtsan2 amd64 12.2.0-14+deb12u1 [2197 kB]
2025-07-15T20:37:05.4562694Z #7 2.495 Get:35 http://deb.debian.org/debian bookworm/main amd64 libubsan1 amd64 12.2.0-14+deb12u1 [883 kB]
2025-07-15T20:37:05.4563448Z #7 2.499 Get:36 http://deb.debian.org/debian bookworm/main amd64 libquadmath0 amd64 12.2.0-14+deb12u1 [145 kB]
2025-07-15T20:37:05.4564233Z #7 2.499 Get:37 http://deb.debian.org/debian bookworm/main amd64 libgcc-12-dev amd64 12.2.0-14+deb12u1 [2437 kB]
2025-07-15T20:37:05.4565049Z #7 2.509 Get:38 http://deb.debian.org/debian bookworm/main amd64 gcc-12 amd64 12.2.0-14+deb12u1 [19.3 MB]
2025-07-15T20:37:05.4565760Z #7 2.581 Get:39 http://deb.debian.org/debian bookworm/main amd64 gcc amd64 4:12.2.0-3 [5216 B]
2025-07-15T20:37:05.6573569Z #7 2.582 Get:40 http://deb.debian.org/debian bookworm/main amd64 libstdc++-12-dev amd64 12.2.0-14+deb12u1 [2047 kB]
2025-07-15T20:37:05.6574641Z #7 2.590 Get:41 http://deb.debian.org/debian bookworm/main amd64 g++-12 amd64 12.2.0-14+deb12u1 [10.7 MB]
2025-07-15T20:37:05.6575570Z #7 2.629 Get:42 http://deb.debian.org/debian bookworm/main amd64 g++ amd64 4:12.2.0-3 [1356 B]
2025-07-15T20:37:05.6576457Z #7 2.630 Get:43 http://deb.debian.org/debian bookworm/main amd64 make amd64 4.3-4.1 [396 kB]
2025-07-15T20:37:05.6577325Z #7 2.631 Get:44 http://deb.debian.org/debian bookworm/main amd64 libdpkg-perl all 1.21.22 [603 kB]
2025-07-15T20:37:05.6578203Z #7 2.634 Get:45 http://deb.debian.org/debian bookworm/main amd64 patch amd64 2.7.6-7 [128 kB]
2025-07-15T20:37:05.6579003Z #7 2.635 Get:46 http://deb.debian.org/debian bookworm/main amd64 dpkg-dev all 1.21.22 [1353 kB]
2025-07-15T20:37:05.6579824Z #7 2.640 Get:47 http://deb.debian.org/debian bookworm/main amd64 build-essential amd64 12.9 [7704 B]
2025-07-15T20:37:05.6580992Z #7 2.640 Get:48 http://deb.debian.org/debian bookworm/main amd64 libbrotli1 amd64 1.0.9-2+b6 [275 kB]
2025-07-15T20:37:05.6582046Z #7 2.642 Get:49 http://deb.debian.org/debian bookworm/main amd64 libsasl2-modules-db amd64 2.1.28+dfsg-10 [20.3 kB]
2025-07-15T20:37:05.6583315Z #7 2.642 Get:50 http://deb.debian.org/debian bookworm/main amd64 libsasl2-2 amd64 2.1.28+dfsg-10 [59.7 kB]
2025-07-15T20:37:05.6584278Z #7 2.643 Get:51 http://deb.debian.org/debian bookworm/main amd64 libldap-2.5-0 amd64 2.5.13+dfsg-5 [183 kB]
2025-07-15T20:37:05.6585307Z #7 2.643 Get:52 http://deb.debian.org/debian bookworm/main amd64 libnghttp2-14 amd64 1.52.0-1+deb12u2 [73.0 kB]
2025-07-15T20:37:05.6586278Z #7 2.644 Get:53 http://deb.debian.org/debian bookworm/main amd64 libpsl5 amd64 0.21.2-1 [58.7 kB]
2025-07-15T20:37:05.6587288Z #7 2.644 Get:54 http://deb.debian.org/debian bookworm/main amd64 librtmp1 amd64 2.4+20151223.gitfa8646d.1-2+b2 [60.8 kB]
2025-07-15T20:37:05.6588372Z #7 2.645 Get:55 http://deb.debian.org/debian bookworm/main amd64 libssh2-1 amd64 1.10.0-3+b1 [179 kB]
2025-07-15T20:37:05.6589312Z #7 2.646 Get:56 http://deb.debian.org/debian bookworm/main amd64 libcurl4 amd64 7.88.1-10+deb12u12 [391 kB]
2025-07-15T20:37:05.6590109Z #7 2.648 Get:57 http://deb.debian.org/debian bookworm/main amd64 curl amd64 7.88.1-10+deb12u12 [315 kB]
2025-07-15T20:37:05.6590724Z #7 2.649 Get:58 http://deb.debian.org/debian bookworm/main amd64 libcurl3-gnutls amd64 7.88.1-10+deb12u12 [386 kB]
2025-07-15T20:37:05.6591464Z #7 2.651 Get:59 http://deb.debian.org/debian bookworm/main amd64 libexpat1 amd64 2.5.0-1+deb12u1 [98.9 kB]
2025-07-15T20:37:05.6592625Z #7 2.651 Get:60 http://deb.debian.org/debian bookworm/main amd64 liberror-perl all 0.17029-2 [29.0 kB]
2025-07-15T20:37:05.6593718Z #7 2.652 Get:61 http://deb.debian.org/debian bookworm/main amd64 git-man all 1:2.39.5-0+deb12u2 [2053 kB]
2025-07-15T20:37:05.6594652Z #7 2.659 Get:62 http://deb.debian.org/debian bookworm/main amd64 git amd64 1:2.39.5-0+deb12u2 [7260 kB]
2025-07-15T20:37:05.6595529Z #7 2.784 debconf: delaying package configuration, since apt-utils is not installed
2025-07-15T20:37:05.8533985Z #7 2.808 Fetched 85.7 MB in 0s (234 MB/s)
2025-07-15T20:37:05.8534622Z #7 2.822 Selecting previously unselected package perl-modules-5.36.
2025-07-15T20:37:05.8535146Z #7 2.822 (Reading database ... 
2025-07-15T20:37:05.8535381Z (Reading database ... 5%
2025-07-15T20:37:05.8535603Z (Reading database ... 10%
2025-07-15T20:37:05.8535817Z (Reading database ... 15%
2025-07-15T20:37:05.8536011Z (Reading database ... 20%
2025-07-15T20:37:05.8536210Z (Reading database ... 25%
2025-07-15T20:37:05.8536405Z (Reading database ... 30%
2025-07-15T20:37:05.8536593Z (Reading database ... 35%
2025-07-15T20:37:05.8536799Z (Reading database ... 40%
2025-07-15T20:37:05.8536997Z (Reading database ... 45%
2025-07-15T20:37:05.8537186Z (Reading database ... 50%
2025-07-15T20:37:05.8537384Z (Reading database ... 55%
2025-07-15T20:37:05.8537596Z (Reading database ... 60%
2025-07-15T20:37:05.8538069Z (Reading database ... 65%
2025-07-15T20:37:05.8538295Z (Reading database ... 70%
2025-07-15T20:37:05.8538506Z (Reading database ... 75%
2025-07-15T20:37:05.8538707Z (Reading database ... 80%
2025-07-15T20:37:05.8538905Z (Reading database ... 85%
2025-07-15T20:37:05.8539103Z (Reading database ... 90%
2025-07-15T20:37:05.8539297Z (Reading database ... 95%
2025-07-15T20:37:05.8539490Z (Reading database ... 100%
2025-07-15T20:37:05.8539793Z (Reading database ... 6688 files and directories currently installed.)
2025-07-15T20:37:05.8540246Z #7 2.828 Preparing to unpack .../00-perl-modules-5.36_5.36.0-7+deb12u2_all.deb ...
2025-07-15T20:37:05.8540657Z #7 2.829 Unpacking perl-modules-5.36 (5.36.0-7+deb12u2) ...
2025-07-15T20:37:05.9905467Z #7 3.117 Selecting previously unselected package libgdbm-compat4:amd64.
2025-07-15T20:37:06.1645419Z #7 3.119 Preparing to unpack .../01-libgdbm-compat4_1.23-3_amd64.deb ...
2025-07-15T20:37:06.1646191Z #7 3.120 Unpacking libgdbm-compat4:amd64 (1.23-3) ...
2025-07-15T20:37:06.1647269Z #7 3.138 Selecting previously unselected package libperl5.36:amd64.
2025-07-15T20:37:06.1648120Z #7 3.140 Preparing to unpack .../02-libperl5.36_5.36.0-7+deb12u2_amd64.deb ...
2025-07-15T20:37:06.1648890Z #7 3.141 Unpacking libperl5.36:amd64 (5.36.0-7+deb12u2) ...
2025-07-15T20:37:06.3034561Z #7 3.430 Selecting previously unselected package perl.
2025-07-15T20:37:06.4044286Z #7 3.431 Preparing to unpack .../03-perl_5.36.0-7+deb12u2_amd64.deb ...
2025-07-15T20:37:06.4044931Z #7 3.437 Unpacking perl (5.36.0-7+deb12u2) ...
2025-07-15T20:37:06.4045313Z #7 3.468 Selecting previously unselected package nano.
2025-07-15T20:37:06.4045705Z #7 3.469 Preparing to unpack .../04-nano_7.2-1+deb12u1_amd64.deb ...
2025-07-15T20:37:06.4046079Z #7 3.470 Unpacking nano (7.2-1+deb12u1) ...
2025-07-15T20:37:06.4046452Z #7 3.530 Selecting previously unselected package bzip2.
2025-07-15T20:37:06.4046802Z #7 3.531 Preparing to unpack .../05-bzip2_1.0.8-5+b1_amd64.deb ...
2025-07-15T20:37:06.6277799Z #7 3.532 Unpacking bzip2 (1.0.8-5+b1) ...
2025-07-15T20:37:06.6278540Z #7 3.551 Selecting previously unselected package xz-utils.
2025-07-15T20:37:06.6279249Z #7 3.553 Preparing to unpack .../06-xz-utils_5.4.1-1_amd64.deb ...
2025-07-15T20:37:06.6279682Z #7 3.554 Unpacking xz-utils (5.4.1-1) ...
2025-07-15T20:37:06.6280130Z #7 3.601 Selecting previously unselected package binutils-common:amd64.
2025-07-15T20:37:06.6280673Z #7 3.603 Preparing to unpack .../07-binutils-common_2.40-2_amd64.deb ...
2025-07-15T20:37:06.6281131Z #7 3.604 Unpacking binutils-common:amd64 (2.40-2) ...
2025-07-15T20:37:06.6413391Z #7 3.768 Selecting previously unselected package libbinutils:amd64.
2025-07-15T20:37:06.7499285Z #7 3.769 Preparing to unpack .../08-libbinutils_2.40-2_amd64.deb ...
2025-07-15T20:37:06.7499895Z #7 3.770 Unpacking libbinutils:amd64 (2.40-2) ...
2025-07-15T20:37:06.7500472Z #7 3.825 Selecting previously unselected package libctf-nobfd0:amd64.
2025-07-15T20:37:06.7501112Z #7 3.826 Preparing to unpack .../09-libctf-nobfd0_2.40-2_amd64.deb ...
2025-07-15T20:37:06.7501707Z #7 3.827 Unpacking libctf-nobfd0:amd64 (2.40-2) ...
2025-07-15T20:37:06.7502213Z #7 3.853 Selecting previously unselected package libctf0:amd64.
2025-07-15T20:37:06.7502944Z #7 3.855 Preparing to unpack .../10-libctf0_2.40-2_amd64.deb ...
2025-07-15T20:37:06.7503407Z #7 3.856 Unpacking libctf0:amd64 (2.40-2) ...
2025-07-15T20:37:06.7503899Z #7 3.876 Selecting previously unselected package libgprofng0:amd64.
2025-07-15T20:37:06.9940643Z #7 3.878 Preparing to unpack .../11-libgprofng0_2.40-2_amd64.deb ...
2025-07-15T20:37:06.9941336Z #7 3.879 Unpacking libgprofng0:amd64 (2.40-2) ...
2025-07-15T20:37:06.9941785Z #7 3.949 Selecting previously unselected package libjansson4:amd64.
2025-07-15T20:37:06.9942740Z #7 3.950 Preparing to unpack .../12-libjansson4_2.14-2_amd64.deb ...
2025-07-15T20:37:06.9943207Z #7 3.951 Unpacking libjansson4:amd64 (2.14-2) ...
2025-07-15T20:37:06.9943796Z #7 3.968 Selecting previously unselected package binutils-x86-64-linux-gnu.
2025-07-15T20:37:06.9944920Z #7 3.969 Preparing to unpack .../13-binutils-x86-64-linux-gnu_2.40-2_amd64.deb ...
2025-07-15T20:37:06.9945683Z #7 3.970 Unpacking binutils-x86-64-linux-gnu (2.40-2) ...
2025-07-15T20:37:07.0140711Z #7 4.140 Selecting previously unselected package binutils.
2025-07-15T20:37:07.2104281Z #7 4.142 Preparing to unpack .../14-binutils_2.40-2_amd64.deb ...
2025-07-15T20:37:07.2104906Z #7 4.143 Unpacking binutils (2.40-2) ...
2025-07-15T20:37:07.2105469Z #7 4.164 Selecting previously unselected package libc-dev-bin.
2025-07-15T20:37:07.2106165Z #7 4.166 Preparing to unpack .../15-libc-dev-bin_2.36-9+deb12u10_amd64.deb ...
2025-07-15T20:37:07.2106827Z #7 4.167 Unpacking libc-dev-bin (2.36-9+deb12u10) ...
2025-07-15T20:37:07.2107477Z #7 4.184 Selecting previously unselected package linux-libc-dev:amd64.
2025-07-15T20:37:07.2108177Z #7 4.185 Preparing to unpack .../16-linux-libc-dev_6.1.140-1_amd64.deb ...
2025-07-15T20:37:07.2108824Z #7 4.186 Unpacking linux-libc-dev:amd64 (6.1.140-1) ...
2025-07-15T20:37:07.2542012Z #7 4.380 Selecting previously unselected package libcrypt-dev:amd64.
2025-07-15T20:37:07.3774212Z #7 4.382 Preparing to unpack .../17-libcrypt-dev_1%3a4.4.33-2_amd64.deb ...
2025-07-15T20:37:07.3774898Z #7 4.396 Unpacking libcrypt-dev:amd64 (1:4.4.33-2) ...
2025-07-15T20:37:07.3775525Z #7 4.423 Selecting previously unselected package libtirpc-dev:amd64.
2025-07-15T20:37:07.3776200Z #7 4.424 Preparing to unpack .../18-libtirpc-dev_1.3.3+ds-1_amd64.deb ...
2025-07-15T20:37:07.3776777Z #7 4.425 Unpacking libtirpc-dev:amd64 (1.3.3+ds-1) ...
2025-07-15T20:37:07.3777329Z #7 4.455 Selecting previously unselected package libnsl-dev:amd64.
2025-07-15T20:37:07.3777937Z #7 4.457 Preparing to unpack .../19-libnsl-dev_1.3.0-2_amd64.deb ...
2025-07-15T20:37:07.3778453Z #7 4.458 Unpacking libnsl-dev:amd64 (1.3.0-2) ...
2025-07-15T20:37:07.3778961Z #7 4.477 Selecting previously unselected package rpcsvc-proto.
2025-07-15T20:37:07.3779531Z #7 4.479 Preparing to unpack .../20-rpcsvc-proto_1.4.3-1_amd64.deb ...
2025-07-15T20:37:07.3780074Z #7 4.480 Unpacking rpcsvc-proto (1.4.3-1) ...
2025-07-15T20:37:07.3780563Z #7 4.504 Selecting previously unselected package libc6-dev:amd64.
2025-07-15T20:37:07.5309908Z #7 4.506 Preparing to unpack .../21-libc6-dev_2.36-9+deb12u10_amd64.deb ...
2025-07-15T20:37:07.5310582Z #7 4.507 Unpacking libc6-dev:amd64 (2.36-9+deb12u10) ...
2025-07-15T20:37:07.5471671Z #7 4.674 Selecting previously unselected package libisl23:amd64.
2025-07-15T20:37:07.6519078Z #7 4.675 Preparing to unpack .../22-libisl23_0.25-1.1_amd64.deb ...
2025-07-15T20:37:07.6519674Z #7 4.677 Unpacking libisl23:amd64 (0.25-1.1) ...
2025-07-15T20:37:07.6520213Z #7 4.735 Selecting previously unselected package libmpfr6:amd64.
2025-07-15T20:37:07.6520806Z #7 4.736 Preparing to unpack .../23-libmpfr6_4.2.0-1_amd64.deb ...
2025-07-15T20:37:07.6521317Z #7 4.737 Unpacking libmpfr6:amd64 (4.2.0-1) ...
2025-07-15T20:37:07.6521814Z #7 4.778 Selecting previously unselected package libmpc3:amd64.
2025-07-15T20:37:07.8246460Z #7 4.780 Preparing to unpack .../24-libmpc3_1.3.1-1_amd64.deb ...
2025-07-15T20:37:07.8247084Z #7 4.781 Unpacking libmpc3:amd64 (1.3.1-1) ...
2025-07-15T20:37:07.8247625Z #7 4.798 Selecting previously unselected package cpp-12.
2025-07-15T20:37:07.8248270Z #7 4.799 Preparing to unpack .../25-cpp-12_12.2.0-14+deb12u1_amd64.deb ...
2025-07-15T20:37:07.8248861Z #7 4.801 Unpacking cpp-12 (12.2.0-14+deb12u1) ...
2025-07-15T20:37:08.1678893Z #7 5.294 Selecting previously unselected package cpp.
2025-07-15T20:37:08.2707356Z #7 5.296 Preparing to unpack .../26-cpp_4%3a12.2.0-3_amd64.deb ...
2025-07-15T20:37:08.2707932Z #7 5.297 Unpacking cpp (4:12.2.0-3) ...
2025-07-15T20:37:08.2708454Z #7 5.314 Selecting previously unselected package libcc1-0:amd64.
2025-07-15T20:37:08.2709104Z #7 5.316 Preparing to unpack .../27-libcc1-0_12.2.0-14+deb12u1_amd64.deb ...
2025-07-15T20:37:08.2709690Z #7 5.317 Unpacking libcc1-0:amd64 (12.2.0-14+deb12u1) ...
2025-07-15T20:37:08.2710250Z #7 5.335 Selecting previously unselected package libgomp1:amd64.
2025-07-15T20:37:08.2711177Z #7 5.336 Preparing to unpack .../28-libgomp1_12.2.0-14+deb12u1_amd64.deb ...
2025-07-15T20:37:08.2711752Z #7 5.337 Unpacking libgomp1:amd64 (12.2.0-14+deb12u1) ...
2025-07-15T20:37:08.2712467Z #7 5.359 Selecting previously unselected package libitm1:amd64.
2025-07-15T20:37:08.2713076Z #7 5.361 Preparing to unpack .../29-libitm1_12.2.0-14+deb12u1_amd64.deb ...
2025-07-15T20:37:08.2713647Z #7 5.362 Unpacking libitm1:amd64 (12.2.0-14+deb12u1) ...
2025-07-15T20:37:08.2714193Z #7 5.379 Selecting previously unselected package libatomic1:amd64.
2025-07-15T20:37:08.2714910Z #7 5.381 Preparing to unpack .../30-libatomic1_12.2.0-14+deb12u1_amd64.deb ...
2025-07-15T20:37:08.2715464Z #7 5.382 Unpacking libatomic1:amd64 (12.2.0-14+deb12u1) ...
2025-07-15T20:37:08.2715973Z #7 5.397 Selecting previously unselected package libasan8:amd64.
2025-07-15T20:37:08.4236850Z #7 5.399 Preparing to unpack .../31-libasan8_12.2.0-14+deb12u1_amd64.deb ...
2025-07-15T20:37:08.4237576Z #7 5.400 Unpacking libasan8:amd64 (12.2.0-14+deb12u1) ...
2025-07-15T20:37:08.4238329Z #7 5.550 Selecting previously unselected package liblsan0:amd64.
2025-07-15T20:37:08.6539192Z #7 5.552 Preparing to unpack .../32-liblsan0_12.2.0-14+deb12u1_amd64.deb ...
2025-07-15T20:37:08.6539818Z #7 5.553 Unpacking liblsan0:amd64 (12.2.0-14+deb12u1) ...
2025-07-15T20:37:08.6540186Z #7 5.627 Selecting previously unselected package libtsan2:amd64.
2025-07-15T20:37:08.6540603Z #7 5.629 Preparing to unpack .../33-libtsan2_12.2.0-14+deb12u1_amd64.deb ...
2025-07-15T20:37:08.6540992Z #7 5.630 Unpacking libtsan2:amd64 (12.2.0-14+deb12u1) ...
2025-07-15T20:37:08.6565344Z #7 5.783 Selecting previously unselected package libubsan1:amd64.
2025-07-15T20:37:08.7567230Z #7 5.785 Preparing to unpack .../34-libubsan1_12.2.0-14+deb12u1_amd64.deb ...
2025-07-15T20:37:08.7568527Z #7 5.786 Unpacking libubsan1:amd64 (12.2.0-14+deb12u1) ...
2025-07-15T20:37:08.7569169Z #7 5.858 Selecting previously unselected package libquadmath0:amd64.
2025-07-15T20:37:08.7569915Z #7 5.859 Preparing to unpack .../35-libquadmath0_12.2.0-14+deb12u1_amd64.deb ...
2025-07-15T20:37:08.7570559Z #7 5.860 Unpacking libquadmath0:amd64 (12.2.0-14+deb12u1) ...
2025-07-15T20:37:08.7571185Z #7 5.883 Selecting previously unselected package libgcc-12-dev:amd64.
2025-07-15T20:37:08.9054865Z #7 5.885 Preparing to unpack .../36-libgcc-12-dev_12.2.0-14+deb12u1_amd64.deb ...
2025-07-15T20:37:08.9055395Z #7 5.886 Unpacking libgcc-12-dev:amd64 (12.2.0-14+deb12u1) ...
2025-07-15T20:37:08.9055790Z #7 6.032 Selecting previously unselected package gcc-12.
2025-07-15T20:37:09.0585814Z #7 6.034 Preparing to unpack .../37-gcc-12_12.2.0-14+deb12u1_amd64.deb ...
2025-07-15T20:37:09.0594751Z #7 6.035 Unpacking gcc-12 (12.2.0-14+deb12u1) ...
2025-07-15T20:37:09.5592672Z #7 6.686 Selecting previously unselected package gcc.
2025-07-15T20:37:09.7334298Z #7 6.687 Preparing to unpack .../38-gcc_4%3a12.2.0-3_amd64.deb ...
2025-07-15T20:37:09.7334863Z #7 6.689 Unpacking gcc (4:12.2.0-3) ...
2025-07-15T20:37:09.7335575Z #7 6.707 Selecting previously unselected package libstdc++-12-dev:amd64.
2025-07-15T20:37:09.7336517Z #7 6.708 Preparing to unpack .../39-libstdc++-12-dev_12.2.0-14+deb12u1_amd64.deb ...
2025-07-15T20:37:09.7337356Z #7 6.709 Unpacking libstdc++-12-dev:amd64 (12.2.0-14+deb12u1) ...
2025-07-15T20:37:09.7901568Z #7 6.917 Selecting previously unselected package g++-12.
2025-07-15T20:37:09.9434358Z #7 6.918 Preparing to unpack .../40-g++-12_12.2.0-14+deb12u1_amd64.deb ...
2025-07-15T20:37:09.9435018Z #7 6.919 Unpacking g++-12 (12.2.0-14+deb12u1) ...
2025-07-15T20:37:10.3123930Z #7 7.439 Selecting previously unselected package g++.
2025-07-15T20:37:10.4296867Z #7 7.440 Preparing to unpack .../41-g++_4%3a12.2.0-3_amd64.deb ...
2025-07-15T20:37:10.4297373Z #7 7.442 Unpacking g++ (4:12.2.0-3) ...
2025-07-15T20:37:10.4297694Z #7 7.455 Selecting previously unselected package make.
2025-07-15T20:37:10.4298070Z #7 7.456 Preparing to unpack .../42-make_4.3-4.1_amd64.deb ...
2025-07-15T20:37:10.4298384Z #7 7.457 Unpacking make (4.3-4.1) ...
2025-07-15T20:37:10.4298971Z #7 7.498 Selecting previously unselected package libdpkg-perl.
2025-07-15T20:37:10.4299377Z #7 7.500 Preparing to unpack .../43-libdpkg-perl_1.21.22_all.deb ...
2025-07-15T20:37:10.4299727Z #7 7.501 Unpacking libdpkg-perl (1.21.22) ...
2025-07-15T20:37:10.4300053Z #7 7.556 Selecting previously unselected package patch.
2025-07-15T20:37:10.5401488Z #7 7.558 Preparing to unpack .../44-patch_2.7.6-7_amd64.deb ...
2025-07-15T20:37:10.5401975Z #7 7.559 Unpacking patch (2.7.6-7) ...
2025-07-15T20:37:10.5402495Z #7 7.580 Selecting previously unselected package dpkg-dev.
2025-07-15T20:37:10.5402901Z #7 7.582 Preparing to unpack .../45-dpkg-dev_1.21.22_all.deb ...
2025-07-15T20:37:10.5403244Z #7 7.583 Unpacking dpkg-dev (1.21.22) ...
2025-07-15T20:37:10.5403601Z #7 7.667 Selecting previously unselected package build-essential.
2025-07-15T20:37:10.6631895Z #7 7.668 Preparing to unpack .../46-build-essential_12.9_amd64.deb ...
2025-07-15T20:37:10.6632686Z #7 7.669 Unpacking build-essential (12.9) ...
2025-07-15T20:37:10.6633552Z #7 7.684 Selecting previously unselected package libbrotli1:amd64.
2025-07-15T20:37:10.6634032Z #7 7.686 Preparing to unpack .../47-libbrotli1_1.0.9-2+b6_amd64.deb ...
2025-07-15T20:37:10.6634427Z #7 7.687 Unpacking libbrotli1:amd64 (1.0.9-2+b6) ...
2025-07-15T20:37:10.6634841Z #7 7.717 Selecting previously unselected package libsasl2-modules-db:amd64.
2025-07-15T20:37:10.6635336Z #7 7.719 Preparing to unpack .../48-libsasl2-modules-db_2.1.28+dfsg-10_amd64.deb ...
2025-07-15T20:37:10.6635806Z #7 7.720 Unpacking libsasl2-modules-db:amd64 (2.1.28+dfsg-10) ...
2025-07-15T20:37:10.6636224Z #7 7.736 Selecting previously unselected package libsasl2-2:amd64.
2025-07-15T20:37:10.6636670Z #7 7.737 Preparing to unpack .../49-libsasl2-2_2.1.28+dfsg-10_amd64.deb ...
2025-07-15T20:37:10.6637078Z #7 7.738 Unpacking libsasl2-2:amd64 (2.1.28+dfsg-10) ...
2025-07-15T20:37:10.6637471Z #7 7.756 Selecting previously unselected package libldap-2.5-0:amd64.
2025-07-15T20:37:10.6637936Z #7 7.758 Preparing to unpack .../50-libldap-2.5-0_2.5.13+dfsg-5_amd64.deb ...
2025-07-15T20:37:10.6638340Z #7 7.763 Unpacking libldap-2.5-0:amd64 (2.5.13+dfsg-5) ...
2025-07-15T20:37:10.6638736Z #7 7.790 Selecting previously unselected package libnghttp2-14:amd64.
2025-07-15T20:37:10.7897410Z #7 7.791 Preparing to unpack .../51-libnghttp2-14_1.52.0-1+deb12u2_amd64.deb ...
2025-07-15T20:37:10.7898100Z #7 7.792 Unpacking libnghttp2-14:amd64 (1.52.0-1+deb12u2) ...
2025-07-15T20:37:10.7898492Z #7 7.811 Selecting previously unselected package libpsl5:amd64.
2025-07-15T20:37:10.7898893Z #7 7.812 Preparing to unpack .../52-libpsl5_0.21.2-1_amd64.deb ...
2025-07-15T20:37:10.7899246Z #7 7.813 Unpacking libpsl5:amd64 (0.21.2-1) ...
2025-07-15T20:37:10.7899590Z #7 7.831 Selecting previously unselected package librtmp1:amd64.
2025-07-15T20:37:10.7900036Z #7 7.832 Preparing to unpack .../53-librtmp1_2.4+20151223.gitfa8646d.1-2+b2_amd64.deb ...
2025-07-15T20:37:10.7900501Z #7 7.833 Unpacking librtmp1:amd64 (2.4+20151223.gitfa8646d.1-2+b2) ...
2025-07-15T20:37:10.7900950Z #7 7.851 Selecting previously unselected package libssh2-1:amd64.
2025-07-15T20:37:10.7901356Z #7 7.852 Preparing to unpack .../54-libssh2-1_1.10.0-3+b1_amd64.deb ...
2025-07-15T20:37:10.7901715Z #7 7.853 Unpacking libssh2-1:amd64 (1.10.0-3+b1) ...
2025-07-15T20:37:10.7902062Z #7 7.881 Selecting previously unselected package libcurl4:amd64.
2025-07-15T20:37:10.7902877Z #7 7.882 Preparing to unpack .../55-libcurl4_7.88.1-10+deb12u12_amd64.deb ...
2025-07-15T20:37:10.7903477Z #7 7.883 Unpacking libcurl4:amd64 (7.88.1-10+deb12u12) ...
2025-07-15T20:37:10.7903830Z #7 7.916 Selecting previously unselected package curl.
2025-07-15T20:37:10.9018847Z #7 7.918 Preparing to unpack .../56-curl_7.88.1-10+deb12u12_amd64.deb ...
2025-07-15T20:37:10.9020090Z #7 7.919 Unpacking curl (7.88.1-10+deb12u12) ...
2025-07-15T20:37:10.9020692Z #7 7.949 Selecting previously unselected package libcurl3-gnutls:amd64.
2025-07-15T20:37:10.9021447Z #7 7.950 Preparing to unpack .../57-libcurl3-gnutls_7.88.1-10+deb12u12_amd64.deb ...
2025-07-15T20:37:10.9022647Z #7 7.951 Unpacking libcurl3-gnutls:amd64 (7.88.1-10+deb12u12) ...
2025-07-15T20:37:10.9023263Z #7 7.987 Selecting previously unselected package libexpat1:amd64.
2025-07-15T20:37:10.9023886Z #7 7.989 Preparing to unpack .../58-libexpat1_2.5.0-1+deb12u1_amd64.deb ...
2025-07-15T20:37:10.9024462Z #7 7.990 Unpacking libexpat1:amd64 (2.5.0-1+deb12u1) ...
2025-07-15T20:37:10.9024990Z #7 8.009 Selecting previously unselected package liberror-perl.
2025-07-15T20:37:10.9025577Z #7 8.011 Preparing to unpack .../59-liberror-perl_0.17029-2_all.deb ...
2025-07-15T20:37:10.9026081Z #7 8.012 Unpacking liberror-perl (0.17029-2) ...
2025-07-15T20:37:10.9026543Z #7 8.028 Selecting previously unselected package git-man.
2025-07-15T20:37:11.1418871Z #7 8.030 Preparing to unpack .../60-git-man_1%3a2.39.5-0+deb12u2_all.deb ...
2025-07-15T20:37:11.1421434Z #7 8.031 Unpacking git-man (1:2.39.5-0+deb12u2) ...
2025-07-15T20:37:11.1422635Z #7 8.111 Selecting previously unselected package git.
2025-07-15T20:37:11.1423428Z #7 8.113 Preparing to unpack .../61-git_1%3a2.39.5-0+deb12u2_amd64.deb ...
2025-07-15T20:37:11.1424089Z #7 8.118 Unpacking git (1:2.39.5-0+deb12u2) ...
2025-07-15T20:37:11.3061612Z #7 8.433 Setting up libexpat1:amd64 (2.5.0-1+deb12u1) ...
2025-07-15T20:37:11.4085990Z #7 8.436 Setting up libpsl5:amd64 (0.21.2-1) ...
2025-07-15T20:37:11.4086756Z #7 8.438 Setting up libbrotli1:amd64 (1.0.9-2+b6) ...
2025-07-15T20:37:11.4087139Z #7 8.440 Setting up binutils-common:amd64 (2.40-2) ...
2025-07-15T20:37:11.4087564Z #7 8.443 Setting up libnghttp2-14:amd64 (1.52.0-1+deb12u2) ...
2025-07-15T20:37:11.4088079Z #7 8.446 Setting up linux-libc-dev:amd64 (6.1.140-1) ...
2025-07-15T20:37:11.4088443Z #7 8.448 Setting up libctf-nobfd0:amd64 (2.40-2) ...
2025-07-15T20:37:11.4088808Z #7 8.450 Setting up libgomp1:amd64 (12.2.0-14+deb12u1) ...
2025-07-15T20:37:11.4089368Z #7 8.453 Setting up bzip2 (1.0.8-5+b1) ...
2025-07-15T20:37:11.4089686Z #7 8.455 Setting up libjansson4:amd64 (2.14-2) ...
2025-07-15T20:37:11.4090294Z #7 8.457 Setting up libsasl2-modules-db:amd64 (2.1.28+dfsg-10) ...
2025-07-15T20:37:11.4090739Z #7 8.460 Setting up perl-modules-5.36 (5.36.0-7+deb12u2) ...
2025-07-15T20:37:11.4091256Z #7 8.462 Setting up libtirpc-dev:amd64 (1.3.3+ds-1) ...
2025-07-15T20:37:11.4091653Z #7 8.467 Setting up rpcsvc-proto (1.4.3-1) ...
2025-07-15T20:37:11.4091965Z #7 8.469 Setting up make (4.3-4.1) ...
2025-07-15T20:37:11.4092648Z #7 8.472 Setting up libmpfr6:amd64 (4.2.0-1) ...
2025-07-15T20:37:11.4093215Z #7 8.474 Setting up librtmp1:amd64 (2.4+20151223.gitfa8646d.1-2+b2) ...
2025-07-15T20:37:11.4093604Z #7 8.477 Setting up xz-utils (5.4.1-1) ...
2025-07-15T20:37:11.4094263Z #7 8.481 update-alternatives: using /usr/bin/xz to provide /usr/bin/lzma (lzma) in auto mode
2025-07-15T20:37:11.4095281Z #7 8.481 update-alternatives: warning: skip creation of /usr/share/man/man1/lzma.1.gz because associated file /usr/share/man/man1/xz.1.gz (of link group lzma) doesn't exist
2025-07-15T20:37:11.4096670Z #7 8.481 update-alternatives: warning: skip creation of /usr/share/man/man1/unlzma.1.gz because associated file /usr/share/man/man1/unxz.1.gz (of link group lzma) doesn't exist
2025-07-15T20:37:11.4097963Z #7 8.482 update-alternatives: warning: skip creation of /usr/share/man/man1/lzcat.1.gz because associated file /usr/share/man/man1/xzcat.1.gz (of link group lzma) doesn't exist
2025-07-15T20:37:11.4099192Z #7 8.482 update-alternatives: warning: skip creation of /usr/share/man/man1/lzmore.1.gz because associated file /usr/share/man/man1/xzmore.1.gz (of link group lzma) doesn't exist
2025-07-15T20:37:11.4100380Z #7 8.482 update-alternatives: warning: skip creation of /usr/share/man/man1/lzless.1.gz because associated file /usr/share/man/man1/xzless.1.gz (of link group lzma) doesn't exist
2025-07-15T20:37:11.4101847Z #7 8.482 update-alternatives: warning: skip creation of /usr/share/man/man1/lzdiff.1.gz because associated file /usr/share/man/man1/xzdiff.1.gz (of link group lzma) doesn't exist
2025-07-15T20:37:11.4103743Z #7 8.483 update-alternatives: warning: skip creation of /usr/share/man/man1/lzcmp.1.gz because associated file /usr/share/man/man1/xzcmp.1.gz (of link group lzma) doesn't exist
2025-07-15T20:37:11.4105079Z #7 8.483 update-alternatives: warning: skip creation of /usr/share/man/man1/lzgrep.1.gz because associated file /usr/share/man/man1/xzgrep.1.gz (of link group lzma) doesn't exist
2025-07-15T20:37:11.4106366Z #7 8.483 update-alternatives: warning: skip creation of /usr/share/man/man1/lzegrep.1.gz because associated file /usr/share/man/man1/xzegrep.1.gz (of link group lzma) doesn't exist
2025-07-15T20:37:11.4108021Z #7 8.483 update-alternatives: warning: skip creation of /usr/share/man/man1/lzfgrep.1.gz because associated file /usr/share/man/man1/xzfgrep.1.gz (of link group lzma) doesn't exist
2025-07-15T20:37:11.4109134Z #7 8.486 Setting up libquadmath0:amd64 (12.2.0-14+deb12u1) ...
2025-07-15T20:37:11.4109840Z #7 8.489 Setting up libmpc3:amd64 (1.3.1-1) ...
2025-07-15T20:37:11.4110487Z #7 8.491 Setting up libatomic1:amd64 (12.2.0-14+deb12u1) ...
2025-07-15T20:37:11.4110793Z #7 8.493 Setting up patch (2.7.6-7) ...
2025-07-15T20:37:11.4111340Z #7 8.496 Setting up libgdbm-compat4:amd64 (1.23-3) ...
2025-07-15T20:37:11.4111673Z #7 8.498 Setting up libsasl2-2:amd64 (2.1.28+dfsg-10) ...
2025-07-15T20:37:11.4112196Z #7 8.501 Setting up libubsan1:amd64 (12.2.0-14+deb12u1) ...
2025-07-15T20:37:11.4112689Z #7 8.503 Setting up nano (7.2-1+deb12u1) ...
2025-07-15T20:37:11.4113153Z #7 8.507 update-alternatives: using /bin/nano to provide /usr/bin/editor (editor) in auto mode
2025-07-15T20:37:11.4114095Z #7 8.508 update-alternatives: warning: skip creation of /usr/share/man/man1/editor.1.gz because associated file /usr/share/man/man1/nano.1.gz (of link group editor) doesn't exist
2025-07-15T20:37:11.4115288Z #7 8.509 update-alternatives: using /bin/nano to provide /usr/bin/pico (pico) in auto mode
2025-07-15T20:37:11.4116158Z #7 8.509 update-alternatives: warning: skip creation of /usr/share/man/man1/pico.1.gz because associated file /usr/share/man/man1/nano.1.gz (of link group pico) doesn't exist
2025-07-15T20:37:11.4116986Z #7 8.511 Setting up libnsl-dev:amd64 (1.3.0-2) ...
2025-07-15T20:37:11.4117390Z #7 8.514 Setting up libcrypt-dev:amd64 (1:4.4.33-2) ...
2025-07-15T20:37:11.4117859Z #7 8.520 Setting up libasan8:amd64 (12.2.0-14+deb12u1) ...
2025-07-15T20:37:11.4118227Z #7 8.523 Setting up git-man (1:2.39.5-0+deb12u2) ...
2025-07-15T20:37:11.4118663Z #7 8.525 Setting up libssh2-1:amd64 (1.10.0-3+b1) ...
2025-07-15T20:37:11.4119064Z #7 8.528 Setting up libtsan2:amd64 (12.2.0-14+deb12u1) ...
2025-07-15T20:37:11.4119371Z #7 8.530 Setting up libbinutils:amd64 (2.40-2) ...
2025-07-15T20:37:11.4119843Z #7 8.533 Setting up libisl23:amd64 (0.25-1.1) ...
2025-07-15T20:37:11.4120130Z #7 8.535 Setting up libc-dev-bin (2.36-9+deb12u10) ...
2025-07-15T20:37:11.5105559Z #7 8.538 Setting up libcc1-0:amd64 (12.2.0-14+deb12u1) ...
2025-07-15T20:37:11.5106203Z #7 8.540 Setting up libperl5.36:amd64 (5.36.0-7+deb12u2) ...
2025-07-15T20:37:11.5106892Z #7 8.545 Setting up liblsan0:amd64 (12.2.0-14+deb12u1) ...
2025-07-15T20:37:11.5107442Z #7 8.547 Setting up libitm1:amd64 (12.2.0-14+deb12u1) ...
2025-07-15T20:37:11.5108087Z #7 8.550 Setting up libctf0:amd64 (2.40-2) ...
2025-07-15T20:37:11.5108567Z #7 8.552 Setting up cpp-12 (12.2.0-14+deb12u1) ...
2025-07-15T20:37:11.5108995Z #7 8.555 Setting up libldap-2.5-0:amd64 (2.5.13+dfsg-5) ...
2025-07-15T20:37:11.5109356Z #7 8.557 Setting up perl (5.36.0-7+deb12u2) ...
2025-07-15T20:37:11.5109692Z #7 8.567 Setting up libgprofng0:amd64 (2.40-2) ...
2025-07-15T20:37:11.5110063Z #7 8.569 Setting up libgcc-12-dev:amd64 (12.2.0-14+deb12u1) ...
2025-07-15T20:37:11.5110496Z #7 8.572 Setting up libdpkg-perl (1.21.22) ...
2025-07-15T20:37:11.5110882Z #7 8.574 Setting up cpp (4:12.2.0-3) ...
2025-07-15T20:37:11.5111213Z #7 8.579 Setting up libcurl4:amd64 (7.88.1-10+deb12u12) ...
2025-07-15T20:37:11.5111665Z #7 8.582 Setting up libc6-dev:amd64 (2.36-9+deb12u10) ...
2025-07-15T20:37:11.5112569Z #7 8.584 Setting up curl (7.88.1-10+deb12u12) ...
2025-07-15T20:37:11.5112966Z #7 8.587 Setting up binutils-x86-64-linux-gnu (2.40-2) ...
2025-07-15T20:37:11.5113603Z #7 8.591 Setting up libstdc++-12-dev:amd64 (12.2.0-14+deb12u1) ...
2025-07-15T20:37:11.5114043Z #7 8.593 Setting up libcurl3-gnutls:amd64 (7.88.1-10+deb12u12) ...
2025-07-15T20:37:11.5114595Z #7 8.596 Setting up binutils (2.40-2) ...
2025-07-15T20:37:11.5114900Z #7 8.598 Setting up dpkg-dev (1.21.22) ...
2025-07-15T20:37:11.5115224Z #7 8.603 Setting up liberror-perl (0.17029-2) ...
2025-07-15T20:37:11.5115551Z #7 8.608 Setting up gcc-12 (12.2.0-14+deb12u1) ...
2025-07-15T20:37:11.5115820Z #7 8.612 Setting up git (1:2.39.5-0+deb12u2) ...
2025-07-15T20:37:11.5116097Z #7 8.620 Setting up g++-12 (12.2.0-14+deb12u1) ...
2025-07-15T20:37:11.5116358Z #7 8.623 Setting up gcc (4:12.2.0-3) ...
2025-07-15T20:37:11.5116593Z #7 8.632 Setting up g++ (4:12.2.0-3) ...
2025-07-15T20:37:11.5117241Z #7 8.635 update-alternatives: using /usr/bin/g++ to provide /usr/bin/c++ (c++) in auto mode
2025-07-15T20:37:11.5117878Z #7 8.637 Setting up build-essential (12.9) ...
2025-07-15T20:37:11.6648238Z #7 8.641 Processing triggers for libc-bin (2.36-9+deb12u10) ...
2025-07-15T20:37:12.1403211Z #7 DONE 9.3s
2025-07-15T20:37:12.2999748Z 
2025-07-15T20:37:12.3000145Z #8 [3/6] WORKDIR /app
2025-07-15T20:37:12.3000423Z #8 DONE 0.0s
2025-07-15T20:37:12.3000552Z 
2025-07-15T20:37:12.3000633Z #9 [4/6] COPY . .
2025-07-15T20:37:12.7508512Z #9 DONE 0.6s
2025-07-15T20:37:12.9021891Z 
2025-07-15T20:37:13.9773331Z #10 [5/6] RUN pip install --upgrade pip
2025-07-15T20:37:13.9774204Z #10 1.226 Requirement already satisfied: pip in /usr/local/lib/python3.10/site-packages (23.0.1)
2025-07-15T20:37:14.0805358Z #10 1.329 Collecting pip
2025-07-15T20:37:14.1936434Z #10 1.365   Downloading pip-25.1.1-py3-none-any.whl (1.8 MB)
2025-07-15T20:37:14.1938414Z #10 1.398      ━━━━━━━━━━━━━━━━━━━━━━━━━━━━━━━━━━━━━━━━ 1.8/1.8 MB 60.7 MB/s eta 0:00:00
2025-07-15T20:37:14.1939149Z #10 1.442 Installing collected packages: pip
2025-07-15T20:37:14.3450696Z #10 1.442   Attempting uninstall: pip
2025-07-15T20:37:14.3451244Z #10 1.443     Found existing installation: pip 23.0.1
2025-07-15T20:37:14.3693854Z #10 1.618     Uninstalling pip-23.0.1:
2025-07-15T20:37:14.5300633Z #10 1.628       Successfully uninstalled pip-23.0.1
2025-07-15T20:37:15.1552968Z #10 2.403 Successfully installed pip-25.1.1
2025-07-15T20:37:15.3061115Z #10 2.404 WARNING: Running pip as the 'root' user can result in broken permissions and conflicting behaviour with the system package manager. It is recommended to use a virtual environment instead: https://pip.pypa.io/warnings/venv
2025-07-15T20:37:15.3386016Z #10 DONE 2.6s
2025-07-15T20:37:15.4897786Z 
2025-07-15T20:37:15.4898334Z #11 [6/6] RUN pip install --no-cache-dir -r requirements.txt
2025-07-15T20:37:16.1870786Z #11 0.848 Collecting Flask==3.1.0 (from -r requirements.txt (line 1))
2025-07-15T20:37:16.2938631Z #11 0.883   Downloading flask-3.1.0-py3-none-any.whl.metadata (2.7 kB)
2025-07-15T20:37:16.2939616Z #11 0.894 Collecting Flask-PyMongo==3.0.1 (from -r requirements.txt (line 2))
2025-07-15T20:37:16.2940330Z #11 0.898   Downloading flask_pymongo-3.0.1-py3-none-any.whl.metadata (3.5 kB)
2025-07-15T20:37:16.2940986Z #11 0.942 Collecting pytest==8.2.1 (from -r requirements.txt (line 3))
2025-07-15T20:37:16.2941612Z #11 0.946   Downloading pytest-8.2.1-py3-none-any.whl.metadata (7.6 kB)
2025-07-15T20:37:16.2942446Z #11 0.955 Collecting blinker==1.9.0 (from -r requirements.txt (line 4))
2025-07-15T20:37:16.3951571Z #11 0.959   Downloading blinker-1.9.0-py3-none-any.whl.metadata (1.6 kB)
2025-07-15T20:37:16.3952907Z #11 0.974 Collecting certifi==2025.7.14 (from -r requirements.txt (line 5))
2025-07-15T20:37:16.3953644Z #11 0.978   Downloading certifi-2025.7.14-py3-none-any.whl.metadata (2.4 kB)
2025-07-15T20:37:16.3954418Z #11 1.056 Collecting charset-normalizer==3.4.2 (from -r requirements.txt (line 6))
2025-07-15T20:37:16.5192854Z #11 1.059   Downloading charset_normalizer-3.4.2-cp310-cp310-manylinux_2_17_x86_64.manylinux2014_x86_64.whl.metadata (35 kB)
2025-07-15T20:37:16.5194282Z #11 1.075 Collecting click==8.2.1 (from -r requirements.txt (line 7))
2025-07-15T20:37:16.5194985Z #11 1.078   Downloading click-8.2.1-py3-none-any.whl.metadata (2.5 kB)
2025-07-15T20:37:16.5195680Z #11 1.086 Collecting dnspython==2.7.0 (from -r requirements.txt (line 8))
2025-07-15T20:37:16.5196411Z #11 1.089   Downloading dnspython-2.7.0-py3-none-any.whl.metadata (5.8 kB)
2025-07-15T20:37:16.5197100Z #11 1.102 Collecting idna==3.10 (from -r requirements.txt (line 9))
2025-07-15T20:37:16.5197726Z #11 1.106   Downloading idna-3.10-py3-none-any.whl.metadata (10 kB)
2025-07-15T20:37:16.5198423Z #11 1.113 Collecting itsdangerous==2.2.0 (from -r requirements.txt (line 10))
2025-07-15T20:37:16.5199183Z #11 1.117   Downloading itsdangerous-2.2.0-py3-none-any.whl.metadata (1.9 kB)
2025-07-15T20:37:16.5199833Z #11 1.127 Collecting Jinja2==3.1.6 (from -r requirements.txt (line 11))
2025-07-15T20:37:16.5200525Z #11 1.131   Downloading jinja2-3.1.6-py3-none-any.whl.metadata (2.9 kB)
2025-07-15T20:37:16.5201081Z #11 1.180 Collecting MarkupSafe==3.0.2 (from -r requirements.txt (line 12))
2025-07-15T20:37:16.6845835Z #11 1.183   Downloading MarkupSafe-3.0.2-cp310-cp310-manylinux_2_17_x86_64.manylinux2014_x86_64.whl.metadata (4.0 kB)
2025-07-15T20:37:16.6846638Z #11 1.190 Collecting paho-mqtt==2.1.0 (from -r requirements.txt (line 13))
2025-07-15T20:37:16.6847215Z #11 1.195   Downloading paho_mqtt-2.1.0-py3-none-any.whl.metadata (23 kB)
2025-07-15T20:37:16.8391175Z #11 1.500 Collecting pymongo==4.13.2 (from -r requirements.txt (line 14))
2025-07-15T20:37:16.9417110Z #11 1.506   Downloading pymongo-4.13.2-cp310-cp310-manylinux_2_17_x86_64.manylinux2014_x86_64.whl.metadata (22 kB)
2025-07-15T20:37:16.9418084Z #11 1.523 Collecting python-dotenv==1.1.1 (from -r requirements.txt (line 15))
2025-07-15T20:37:16.9418662Z #11 1.526   Downloading python_dotenv-1.1.1-py3-none-any.whl.metadata (24 kB)
2025-07-15T20:37:16.9419211Z #11 1.548 Collecting requests==2.32.4 (from -r requirements.txt (line 16))
2025-07-15T20:37:16.9419731Z #11 1.551   Downloading requests-2.32.4-py3-none-any.whl.metadata (4.9 kB)
2025-07-15T20:37:16.9420237Z #11 1.571 Collecting urllib3==2.5.0 (from -r requirements.txt (line 17))
2025-07-15T20:37:16.9420725Z #11 1.574   Downloading urllib3-2.5.0-py3-none-any.whl.metadata (6.5 kB)
2025-07-15T20:37:16.9421217Z #11 1.593 Collecting Werkzeug==3.1.3 (from -r requirements.txt (line 18))
2025-07-15T20:37:16.9421709Z #11 1.596   Downloading werkzeug-3.1.3-py3-none-any.whl.metadata (3.7 kB)
2025-07-15T20:37:16.9422533Z #11 1.603 Collecting autodevops-cli==0.1.1 (from -r requirements.txt (line 19))
2025-07-15T20:37:17.0554740Z #11 1.607   Downloading autodevops_cli-0.1.1-py3-none-any.whl.metadata (494 bytes)
2025-07-15T20:37:17.0555633Z #11 1.613 Collecting iniconfig==2.1.0 (from -r requirements.txt (line 20))
2025-07-15T20:37:17.0556451Z #11 1.617   Downloading iniconfig-2.1.0-py3-none-any.whl.metadata (2.7 kB)
2025-07-15T20:37:17.0557268Z #11 1.625 Collecting loguru==0.7.3 (from -r requirements.txt (line 21))
2025-07-15T20:37:17.0558015Z #11 1.628   Downloading loguru-0.7.3-py3-none-any.whl.metadata (22 kB)
2025-07-15T20:37:17.0558815Z #11 1.645 Collecting markdown-it-py==3.0.0 (from -r requirements.txt (line 22))
2025-07-15T20:37:17.0559640Z #11 1.649   Downloading markdown_it_py-3.0.0-py3-none-any.whl.metadata (6.9 kB)
2025-07-15T20:37:17.0560425Z #11 1.658 Collecting mdurl==0.1.2 (from -r requirements.txt (line 23))
2025-07-15T20:37:17.0561172Z #11 1.661   Downloading mdurl-0.1.2-py3-none-any.whl.metadata (1.6 kB)
2025-07-15T20:37:17.0561885Z #11 1.669 Collecting mongomock==4.3.0 (from -r requirements.txt (line 24))
2025-07-15T20:37:17.0562692Z #11 1.674   Downloading mongomock-4.3.0-py2.py3-none-any.whl.metadata (12 kB)
2025-07-15T20:37:17.0563141Z #11 1.686 Collecting packaging==25.0 (from -r requirements.txt (line 25))
2025-07-15T20:37:17.0563597Z #11 1.689   Downloading packaging-25.0-py3-none-any.whl.metadata (3.3 kB)
2025-07-15T20:37:17.0564316Z #11 1.697 Collecting pluggy==1.6.0 (from -r requirements.txt (line 26))
2025-07-15T20:37:17.0564740Z #11 1.700   Downloading pluggy-1.6.0-py3-none-any.whl.metadata (4.8 kB)
2025-07-15T20:37:17.0565151Z #11 1.716 Collecting Pygments==2.19.2 (from -r requirements.txt (line 27))
2025-07-15T20:37:17.2986342Z #11 1.720   Downloading pygments-2.19.2-py3-none-any.whl.metadata (2.5 kB)
2025-07-15T20:37:17.2987224Z #11 1.752 Collecting pytz==2025.2 (from -r requirements.txt (line 28))
2025-07-15T20:37:17.2987964Z #11 1.756   Downloading pytz-2025.2-py2.py3-none-any.whl.metadata (22 kB)
2025-07-15T20:37:17.2988703Z #11 1.790 Collecting rich==14.0.0 (from -r requirements.txt (line 29))
2025-07-15T20:37:17.2989397Z #11 1.793   Downloading rich-14.0.0-py3-none-any.whl.metadata (18 kB)
2025-07-15T20:37:17.2990136Z #11 1.799 Collecting sentinels==1.0.0 (from -r requirements.txt (line 30))
2025-07-15T20:37:17.2990784Z #11 1.802   Downloading sentinels-1.0.0.tar.gz (4.1 kB)
2025-07-15T20:37:17.2991687Z #11 1.809   Preparing metadata (setup.py): started
2025-07-15T20:37:17.7814622Z #11 2.442   Preparing metadata (setup.py): finished with status 'done'
2025-07-15T20:37:17.9136192Z #11 2.453 Collecting sh==2.2.2 (from -r requirements.txt (line 31))
2025-07-15T20:37:17.9136937Z #11 2.458   Downloading sh-2.2.2-py3-none-any.whl.metadata (3.7 kB)
2025-07-15T20:37:17.9137558Z #11 2.493 Collecting exceptiongroup>=1.0.0rc8 (from pytest==8.2.1->-r requirements.txt (line 3))
2025-07-15T20:37:17.9138233Z #11 2.497   Downloading exceptiongroup-1.3.0-py3-none-any.whl.metadata (6.7 kB)
2025-07-15T20:37:17.9138839Z #11 2.508 Collecting tomli>=1 (from pytest==8.2.1->-r requirements.txt (line 3))
2025-07-15T20:37:17.9139397Z #11 2.512   Downloading tomli-2.2.1-py3-none-any.whl.metadata (10 kB)
2025-07-15T20:37:17.9140027Z #11 2.574 Collecting typing-extensions<5.0,>=4.0.0 (from rich==14.0.0->-r requirements.txt (line 29))
2025-07-15T20:37:18.0160480Z #11 2.578   Downloading typing_extensions-4.14.1-py3-none-any.whl.metadata (3.0 kB)
2025-07-15T20:37:18.0161800Z #11 2.593 Downloading flask-3.1.0-py3-none-any.whl (102 kB)
2025-07-15T20:37:18.0163324Z #11 2.598 Downloading flask_pymongo-3.0.1-py3-none-any.whl (11 kB)
2025-07-15T20:37:18.0164079Z #11 2.603 Downloading pytest-8.2.1-py3-none-any.whl (339 kB)
2025-07-15T20:37:18.0164743Z #11 2.607 Downloading pluggy-1.6.0-py3-none-any.whl (20 kB)
2025-07-15T20:37:18.0165394Z #11 2.610 Downloading blinker-1.9.0-py3-none-any.whl (8.5 kB)
2025-07-15T20:37:18.0166056Z #11 2.613 Downloading certifi-2025.7.14-py3-none-any.whl (162 kB)
2025-07-15T20:37:18.0167013Z #11 2.617 Downloading charset_normalizer-3.4.2-cp310-cp310-manylinux_2_17_x86_64.manylinux2014_x86_64.whl (149 kB)
2025-07-15T20:37:18.0167995Z #11 2.620 Downloading click-8.2.1-py3-none-any.whl (102 kB)
2025-07-15T20:37:18.0168671Z #11 2.623 Downloading dnspython-2.7.0-py3-none-any.whl (313 kB)
2025-07-15T20:37:18.0169256Z #11 2.627 Downloading idna-3.10-py3-none-any.whl (70 kB)
2025-07-15T20:37:18.0169780Z #11 2.631 Downloading itsdangerous-2.2.0-py3-none-any.whl (16 kB)
2025-07-15T20:37:18.0170160Z #11 2.634 Downloading jinja2-3.1.6-py3-none-any.whl (134 kB)
2025-07-15T20:37:18.0170637Z #11 2.637 Downloading MarkupSafe-3.0.2-cp310-cp310-manylinux_2_17_x86_64.manylinux2014_x86_64.whl (20 kB)
2025-07-15T20:37:18.0171130Z #11 2.640 Downloading paho_mqtt-2.1.0-py3-none-any.whl (67 kB)
2025-07-15T20:37:18.0171606Z #11 2.644 Downloading pymongo-4.13.2-cp310-cp310-manylinux_2_17_x86_64.manylinux2014_x86_64.whl (1.2 MB)
2025-07-15T20:37:18.0172607Z #11 2.650    ━━━━━━━━━━━━━━━━━━━━━━━━━━━━━━━━━━━━━━━━ 1.2/1.2 MB 331.6 MB/s eta 0:00:00
2025-07-15T20:37:18.0173007Z #11 2.653 Downloading python_dotenv-1.1.1-py3-none-any.whl (20 kB)
2025-07-15T20:37:18.0173400Z #11 2.656 Downloading requests-2.32.4-py3-none-any.whl (64 kB)
2025-07-15T20:37:18.0173759Z #11 2.660 Downloading urllib3-2.5.0-py3-none-any.whl (129 kB)
2025-07-15T20:37:18.0174093Z #11 2.663 Downloading werkzeug-3.1.3-py3-none-any.whl (224 kB)
2025-07-15T20:37:18.0174462Z #11 2.667 Downloading autodevops_cli-0.1.1-py3-none-any.whl (4.1 kB)
2025-07-15T20:37:18.0175156Z #11 2.670 Downloading iniconfig-2.1.0-py3-none-any.whl (6.0 kB)
2025-07-15T20:37:18.0175501Z #11 2.674 Downloading loguru-0.7.3-py3-none-any.whl (61 kB)
2025-07-15T20:37:18.0175854Z #11 2.677 Downloading markdown_it_py-3.0.0-py3-none-any.whl (87 kB)
2025-07-15T20:37:18.2425108Z #11 2.681 Downloading mdurl-0.1.2-py3-none-any.whl (10.0 kB)
2025-07-15T20:37:18.2425833Z #11 2.684 Downloading mongomock-4.3.0-py2.py3-none-any.whl (64 kB)
2025-07-15T20:37:18.2426328Z #11 2.687 Downloading packaging-25.0-py3-none-any.whl (66 kB)
2025-07-15T20:37:18.2426774Z #11 2.690 Downloading pygments-2.19.2-py3-none-any.whl (1.2 MB)
2025-07-15T20:37:18.2427494Z #11 2.695    ━━━━━━━━━━━━━━━━━━━━━━━━━━━━━━━━━━━━━━━━ 1.2/1.2 MB 342.3 MB/s eta 0:00:00
2025-07-15T20:37:18.2427916Z #11 2.699 Downloading pytz-2025.2-py2.py3-none-any.whl (509 kB)
2025-07-15T20:37:18.2428333Z #11 2.703 Downloading rich-14.0.0-py3-none-any.whl (243 kB)
2025-07-15T20:37:18.2429103Z #11 2.708 Downloading sh-2.2.2-py3-none-any.whl (38 kB)
2025-07-15T20:37:18.2429581Z #11 2.711 Downloading typing_extensions-4.14.1-py3-none-any.whl (43 kB)
2025-07-15T20:37:18.2430096Z #11 2.715 Downloading exceptiongroup-1.3.0-py3-none-any.whl (16 kB)
2025-07-15T20:37:18.2430550Z #11 2.718 Downloading tomli-2.2.1-py3-none-any.whl (14 kB)
2025-07-15T20:37:18.2430962Z #11 2.751 Building wheels for collected packages: sentinels
2025-07-15T20:37:18.2433241Z #11 2.752   DEPRECATION: Building 'sentinels' using the legacy setup.py bdist_wheel mechanism, which will be removed in a future version. pip 25.3 will enforce this behaviour change. A possible replacement is to use the standardized build interface by setting the `--use-pep517` option, (possibly combined with `--no-build-isolation`), or adding a `pyproject.toml` file to the source tree of 'sentinels'. Discussion can be found at https://github.com/pypa/pip/issues/6334
2025-07-15T20:37:18.2435239Z #11 2.753   Building wheel for sentinels (setup.py): started
2025-07-15T20:37:18.8940908Z #11 3.555   Building wheel for sentinels (setup.py): finished with status 'done'
2025-07-15T20:37:19.1179803Z #11 3.555   Created wheel for sentinels: filename=sentinels-1.0.0-py3-none-any.whl size=3175 sha256=cc5cc2ab81989e11430c7cee773c0f6545e67f4566df988df9e349b42b6bd8f6
2025-07-15T20:37:19.1181528Z #11 3.555   Stored in directory: /tmp/pip-ephem-wheel-cache-lp5icfn3/wheels/26/bc/eb/67e56405e0684b3d8c011cf4d18129c41be394775fd5ba2347
2025-07-15T20:37:19.1182762Z #11 3.557 Successfully built sentinels
2025-07-15T20:37:19.1185112Z #11 3.628 Installing collected packages: sentinels, pytz, urllib3, typing-extensions, tomli, sh, python-dotenv, Pygments, pluggy, paho-mqtt, packaging, mdurl, MarkupSafe, loguru, itsdangerous, iniconfig, idna, dnspython, click, charset-normalizer, certifi, blinker, Werkzeug, requests, pymongo, mongomock, markdown-it-py, Jinja2, exceptiongroup, rich, pytest, Flask, Flask-PyMongo, autodevops-cli
2025-07-15T20:37:21.1993643Z #11 5.860 
2025-07-15T20:37:21.3570926Z #11 5.867 Successfully installed Flask-3.1.0 Flask-PyMongo-3.0.1 Jinja2-3.1.6 MarkupSafe-3.0.2 Pygments-2.19.2 Werkzeug-3.1.3 autodevops-cli-0.1.1 blinker-1.9.0 certifi-2025.7.14 charset-normalizer-3.4.2 click-8.2.1 dnspython-2.7.0 exceptiongroup-1.3.0 idna-3.10 iniconfig-2.1.0 itsdangerous-2.2.0 loguru-0.7.3 markdown-it-py-3.0.0 mdurl-0.1.2 mongomock-4.3.0 packaging-25.0 paho-mqtt-2.1.0 pluggy-1.6.0 pymongo-4.13.2 pytest-8.2.1 python-dotenv-1.1.1 pytz-2025.2 requests-2.32.4 rich-14.0.0 sentinels-1.0.0 sh-2.2.2 tomli-2.2.1 typing-extensions-4.14.1 urllib3-2.5.0
2025-07-15T20:37:21.3574720Z #11 5.867 WARNING: Running pip as the 'root' user can result in broken permissions and conflicting behaviour with the system package manager, possibly rendering your system unusable. It is recommended to use a virtual environment instead: https://pip.pypa.io/warnings/venv. Use the --root-user-action option if you know what you are doing and want to suppress this warning.
2025-07-15T20:37:21.4258189Z #11 DONE 6.1s
2025-07-15T20:37:21.5785958Z 
2025-07-15T20:37:21.5787924Z #12 exporting to image
2025-07-15T20:37:21.5789345Z #12 exporting layers
2025-07-15T20:37:23.2393146Z #12 exporting layers 1.8s done
2025-07-15T20:37:23.2628197Z #12 writing image sha256:c9ea506d2e3e2f593d9cdd10810bdde2b4953d1dacb24ec20689d4091a14e764 done
2025-07-15T20:37:23.2630100Z #12 naming to docker.io/***/flask-ci-cd-demo done
2025-07-15T20:37:23.2630779Z #12 DONE 1.8s
2025-07-15T20:37:23.2702842Z ##[group]Run docker push ***/flask-ci-cd-demo
2025-07-15T20:37:23.2703280Z [36;1mdocker push ***/flask-ci-cd-demo[0m
2025-07-15T20:37:23.2732193Z shell: /usr/bin/bash -e {0}
2025-07-15T20:37:23.2732622Z env:
2025-07-15T20:37:23.2732884Z   pythonLocation: /opt/hostedtoolcache/Python/3.10.18/x64
2025-07-15T20:37:23.2733293Z   PKG_CONFIG_PATH: /opt/hostedtoolcache/Python/3.10.18/x64/lib/pkgconfig
2025-07-15T20:37:23.2733680Z   Python_ROOT_DIR: /opt/hostedtoolcache/Python/3.10.18/x64
2025-07-15T20:37:23.2734023Z   Python2_ROOT_DIR: /opt/hostedtoolcache/Python/3.10.18/x64
2025-07-15T20:37:23.2734383Z   Python3_ROOT_DIR: /opt/hostedtoolcache/Python/3.10.18/x64
2025-07-15T20:37:23.2734716Z   LD_LIBRARY_PATH: /opt/hostedtoolcache/Python/3.10.18/x64/lib
2025-07-15T20:37:23.2735007Z ##[endgroup]
2025-07-15T20:37:23.2887715Z Using default tag: latest
2025-07-15T20:37:23.2901365Z The push refers to repository [docker.io/***/flask-ci-cd-demo]
2025-07-15T20:37:23.3058446Z 6eb9d6794eef: Preparing
2025-07-15T20:37:23.3058834Z 7d36c0214c11: Preparing
2025-07-15T20:37:23.3059156Z a57e20731a91: Preparing
2025-07-15T20:37:23.3059435Z b87a705229e4: Preparing
2025-07-15T20:37:23.3059636Z dd7b49826fd1: Preparing
2025-07-15T20:37:23.3059825Z 31abbb538de0: Preparing
2025-07-15T20:37:23.3060004Z a2ccf7527b3c: Preparing
2025-07-15T20:37:23.3060189Z abd92ba2021e: Preparing
2025-07-15T20:37:23.3060493Z 1bb35e8b4de1: Preparing
2025-07-15T20:37:23.3060708Z 31abbb538de0: Waiting
2025-07-15T20:37:23.3060904Z a2ccf7527b3c: Waiting
2025-07-15T20:37:23.3061093Z abd92ba2021e: Waiting
2025-07-15T20:37:23.3061281Z 1bb35e8b4de1: Waiting
2025-07-15T20:37:24.4502558Z b87a705229e4: Pushed
2025-07-15T20:37:24.5987957Z 31abbb538de0: Layer already exists
2025-07-15T20:37:24.6684826Z a2ccf7527b3c: Layer already exists
2025-07-15T20:37:24.7559972Z abd92ba2021e: Layer already exists
2025-07-15T20:37:24.8398514Z 1bb35e8b4de1: Layer already exists
2025-07-15T20:37:25.0132211Z 7d36c0214c11: Pushed
2025-07-15T20:37:26.0795029Z 6eb9d6794eef: Pushed
2025-07-15T20:37:27.7416653Z a57e20731a91: Pushed
2025-07-15T20:37:37.9046974Z dd7b49826fd1: Pushed
2025-07-15T20:37:39.6500325Z latest: digest: sha256:d65d68048d3324a57cc8df1a2ee31f872713565c7a2466230b12a7196139cb0e size: 2212
2025-07-15T20:37:39.6577026Z Post job cleanup.
2025-07-15T20:37:39.9386120Z [command]/usr/bin/docker logout 
2025-07-15T20:37:39.9512956Z Removing login credentials for https://index.docker.io/v1/
2025-07-15T20:37:39.9546092Z ##[group]Post cache
2025-07-15T20:37:39.9547680Z State not set
2025-07-15T20:37:39.9548669Z ##[endgroup]
2025-07-15T20:37:39.9665707Z Post job cleanup.
2025-07-15T20:37:40.1288705Z Post job cleanup.
2025-07-15T20:37:40.2035702Z [command]/usr/bin/git version
2025-07-15T20:37:40.2069464Z git version 2.50.1
2025-07-15T20:37:40.2110327Z Temporarily overriding HOME='/home/runner/work/_temp/d5246c29-7d07-4e99-bca6-19632448f5ed' before making global git config changes
2025-07-15T20:37:40.2111602Z Adding repository directory to the temporary git global config as a safe directory
2025-07-15T20:37:40.2114275Z [command]/usr/bin/git config --global --add safe.directory /home/runner/work/testing-CI-CD/testing-CI-CD
2025-07-15T20:37:40.2144490Z [command]/usr/bin/git config --local --name-only --get-regexp core\.sshCommand
2025-07-15T20:37:40.2171819Z [command]/usr/bin/git submodule foreach --recursive sh -c "git config --local --name-only --get-regexp 'core\.sshCommand' && git config --local --unset-all 'core.sshCommand' || :"
2025-07-15T20:37:40.2402068Z [command]/usr/bin/git config --local --name-only --get-regexp http\.https\:\/\/github\.com\/\.extraheader
2025-07-15T20:37:40.2424716Z http.https://github.com/.extraheader
2025-07-15T20:37:40.2435860Z [command]/usr/bin/git config --local --unset-all http.https://github.com/.extraheader
2025-07-15T20:37:40.2466120Z [command]/usr/bin/git submodule foreach --recursive sh -c "git config --local --name-only --get-regexp 'http\.https\:\/\/github\.com\/\.extraheader' && git config --local --unset-all 'http.https://github.com/.extraheader' || :"
2025-07-15T20:37:40.2795378Z Cleaning up orphan processes
