2025-07-15T13:49:46.0925535Z Current runner version: '2.326.0'
2025-07-15T13:49:46.0950843Z ##[group]Runner Image Provisioner
2025-07-15T13:49:46.0951705Z Hosted Compute Agent
2025-07-15T13:49:46.0952256Z Version: 20250711.363
2025-07-15T13:49:46.0952950Z Commit: 6785254374ce925a23743850c1cb91912ce5c14c
2025-07-15T13:49:46.0953596Z Build Date: 2025-07-11T20:04:25Z
2025-07-15T13:49:46.0954172Z ##[endgroup]
2025-07-15T13:49:46.0954780Z ##[group]Operating System
2025-07-15T13:49:46.0955300Z Ubuntu
2025-07-15T13:49:46.0955751Z 24.04.2
2025-07-15T13:49:46.0956263Z LTS
2025-07-15T13:49:46.0956991Z ##[endgroup]
2025-07-15T13:49:46.0957521Z ##[group]Runner Image
2025-07-15T13:49:46.0958191Z Image: ubuntu-24.04
2025-07-15T13:49:46.0958671Z Version: 20250710.1.0
2025-07-15T13:49:46.0959645Z Included Software: https://github.com/actions/runner-images/blob/ubuntu24/20250710.1/images/ubuntu/Ubuntu2404-Readme.md
2025-07-15T13:49:46.0961230Z Image Release: https://github.com/actions/runner-images/releases/tag/ubuntu24%2F20250710.1
2025-07-15T13:49:46.0962250Z ##[endgroup]
2025-07-15T13:49:46.0963343Z ##[group]GITHUB_TOKEN Permissions
2025-07-15T13:49:46.0965626Z Contents: read
2025-07-15T13:49:46.0966936Z Metadata: read
2025-07-15T13:49:46.0967444Z Packages: read
2025-07-15T13:49:46.0967936Z ##[endgroup]
2025-07-15T13:49:46.0970080Z Secret source: Actions
2025-07-15T13:49:46.0971080Z Prepare workflow directory
2025-07-15T13:49:46.1311354Z Prepare all required actions
2025-07-15T13:49:46.1350389Z Getting action download info
2025-07-15T13:49:46.5381640Z ##[group]Download immutable action package 'actions/checkout@v3'
2025-07-15T13:49:46.5383286Z Version: 3.6.0
2025-07-15T13:49:46.5384961Z Digest: sha256:942562b9c7d4b1f2557f1da21f4d3eb4eb4fd01f2ad78b2a6e187d1b193e0a0f
2025-07-15T13:49:46.5387287Z Source commit SHA: f43a0e5ff2bd294095638e18286ca9a3d1956744
2025-07-15T13:49:46.5388566Z ##[endgroup]
2025-07-15T13:49:46.7643146Z ##[group]Download immutable action package 'actions/setup-python@v4'
2025-07-15T13:49:46.7644050Z Version: 4.9.1
2025-07-15T13:49:46.7644959Z Digest: sha256:f03e505388af670b5a108629e0ba26befc08d5c62b41f46146a45fe29ae509a5
2025-07-15T13:49:46.7645965Z Source commit SHA: 7f4fc3e22c37d6ff65e88745f38bd3157c663f7c
2025-07-15T13:49:46.7646967Z ##[endgroup]
2025-07-15T13:49:47.1350355Z ##[group]Download immutable action package 'docker/login-action@v3'
2025-07-15T13:49:47.1351363Z Version: 3.4.0
2025-07-15T13:49:47.1352197Z Digest: sha256:864ebd28db095e1602e6ef999f46a4f575083ea874918fbccf0994c2a7680450
2025-07-15T13:49:47.1353180Z Source commit SHA: 74a5d142397b4f367a81961eba4e8cd7edddf772
2025-07-15T13:49:47.1353984Z ##[endgroup]
2025-07-15T13:49:47.6734733Z Complete job name: build-test-deploy
2025-07-15T13:49:47.7517087Z ##[group]Run actions/checkout@v3
2025-07-15T13:49:47.7518419Z with:
2025-07-15T13:49:47.7519319Z   repository: ***/testing-CI-CD
2025-07-15T13:49:47.7520474Z   token: ***
2025-07-15T13:49:47.7521213Z   ssh-strict: true
2025-07-15T13:49:47.7522032Z   persist-credentials: true
2025-07-15T13:49:47.7522911Z   clean: true
2025-07-15T13:49:47.7523729Z   sparse-checkout-cone-mode: true
2025-07-15T13:49:47.7524689Z   fetch-depth: 1
2025-07-15T13:49:47.7525464Z   fetch-tags: false
2025-07-15T13:49:47.7526225Z   lfs: false
2025-07-15T13:49:47.7527093Z   submodules: false
2025-07-15T13:49:47.7527902Z   set-safe-directory: true
2025-07-15T13:49:47.7529028Z ##[endgroup]
2025-07-15T13:49:47.8378444Z Syncing repository: ***/testing-CI-CD
2025-07-15T13:49:47.8380931Z ##[group]Getting Git version info
2025-07-15T13:49:47.8382339Z Working directory is '/home/runner/work/testing-CI-CD/testing-CI-CD'
2025-07-15T13:49:47.8384289Z [command]/usr/bin/git version
2025-07-15T13:49:47.8426319Z git version 2.50.1
2025-07-15T13:49:47.8454664Z ##[endgroup]
2025-07-15T13:49:47.8469144Z Temporarily overriding HOME='/home/runner/work/_temp/a6e60c84-f9ae-40c6-9319-49578c4888ae' before making global git config changes
2025-07-15T13:49:47.8472095Z Adding repository directory to the temporary git global config as a safe directory
2025-07-15T13:49:47.8474404Z [command]/usr/bin/git config --global --add safe.directory /home/runner/work/testing-CI-CD/testing-CI-CD
2025-07-15T13:49:47.8506080Z Deleting the contents of '/home/runner/work/testing-CI-CD/testing-CI-CD'
2025-07-15T13:49:47.8509245Z ##[group]Initializing the repository
2025-07-15T13:49:47.8512432Z [command]/usr/bin/git init /home/runner/work/testing-CI-CD/testing-CI-CD
2025-07-15T13:49:47.8581458Z hint: Using 'master' as the name for the initial branch. This default branch name
2025-07-15T13:49:47.8584013Z hint: is subject to change. To configure the initial branch name to use in all
2025-07-15T13:49:47.8587352Z hint: of your new repositories, which will suppress this warning, call:
2025-07-15T13:49:47.8589739Z hint:
2025-07-15T13:49:47.8591313Z hint: 	git config --global init.defaultBranch <name>
2025-07-15T13:49:47.8593225Z hint:
2025-07-15T13:49:47.8595096Z hint: Names commonly chosen instead of 'master' are 'main', 'trunk' and
2025-07-15T13:49:47.8598301Z hint: 'development'. The just-created branch can be renamed via this command:
2025-07-15T13:49:47.8600335Z hint:
2025-07-15T13:49:47.8601078Z hint: 	git branch -m <name>
2025-07-15T13:49:47.8601937Z hint:
2025-07-15T13:49:47.8603113Z hint: Disable this message with "git config set advice.defaultBranchName false"
2025-07-15T13:49:47.8606525Z Initialized empty Git repository in /home/runner/work/testing-CI-CD/testing-CI-CD/.git/
2025-07-15T13:49:47.8611217Z [command]/usr/bin/git remote add origin https://github.com/***/testing-CI-CD
2025-07-15T13:49:47.8626909Z ##[endgroup]
2025-07-15T13:49:47.8629274Z ##[group]Disabling automatic garbage collection
2025-07-15T13:49:47.8631409Z [command]/usr/bin/git config --local gc.auto 0
2025-07-15T13:49:47.8657640Z ##[endgroup]
2025-07-15T13:49:47.8659904Z ##[group]Setting up auth
2025-07-15T13:49:47.8663215Z [command]/usr/bin/git config --local --name-only --get-regexp core\.sshCommand
2025-07-15T13:49:47.8692329Z [command]/usr/bin/git submodule foreach --recursive sh -c "git config --local --name-only --get-regexp 'core\.sshCommand' && git config --local --unset-all 'core.sshCommand' || :"
2025-07-15T13:49:47.8953522Z [command]/usr/bin/git config --local --name-only --get-regexp http\.https\:\/\/github\.com\/\.extraheader
2025-07-15T13:49:47.8982508Z [command]/usr/bin/git submodule foreach --recursive sh -c "git config --local --name-only --get-regexp 'http\.https\:\/\/github\.com\/\.extraheader' && git config --local --unset-all 'http.https://github.com/.extraheader' || :"
2025-07-15T13:49:47.9195862Z [command]/usr/bin/git config --local http.https://github.com/.extraheader AUTHORIZATION: basic ***
2025-07-15T13:49:47.9227443Z ##[endgroup]
2025-07-15T13:49:47.9230194Z ##[group]Fetching the repository
2025-07-15T13:49:47.9238820Z [command]/usr/bin/git -c protocol.version=2 fetch --no-tags --prune --progress --no-recurse-submodules --depth=1 origin +49fff645c458d6a4d8df01d36d7acc75517ee32c:refs/remotes/origin/main
2025-07-15T13:49:48.1493823Z remote: Enumerating objects: 1742, done.        
2025-07-15T13:49:48.1495814Z remote: Counting objects:   0% (1/1742)        
2025-07-15T13:49:48.1497832Z remote: Counting objects:   1% (18/1742)        
2025-07-15T13:49:48.1499424Z remote: Counting objects:   2% (35/1742)        
2025-07-15T13:49:48.1501002Z remote: Counting objects:   3% (53/1742)        
2025-07-15T13:49:48.1502590Z remote: Counting objects:   4% (70/1742)        
2025-07-15T13:49:48.1504179Z remote: Counting objects:   5% (88/1742)        
2025-07-15T13:49:48.1505742Z remote: Counting objects:   6% (105/1742)        
2025-07-15T13:49:48.1507532Z remote: Counting objects:   7% (122/1742)        
2025-07-15T13:49:48.1509106Z remote: Counting objects:   8% (140/1742)        
2025-07-15T13:49:48.1510728Z remote: Counting objects:   9% (157/1742)        
2025-07-15T13:49:48.1512278Z remote: Counting objects:  10% (175/1742)        
2025-07-15T13:49:48.1513802Z remote: Counting objects:  11% (192/1742)        
2025-07-15T13:49:48.1563064Z remote: Counting objects:  12% (210/1742)        
2025-07-15T13:49:48.1565154Z remote: Counting objects:  13% (227/1742)        
2025-07-15T13:49:48.1567604Z remote: Counting objects:  14% (244/1742)        
2025-07-15T13:49:48.1568838Z remote: Counting objects:  15% (262/1742)        
2025-07-15T13:49:48.1570023Z remote: Counting objects:  16% (279/1742)        
2025-07-15T13:49:48.1571198Z remote: Counting objects:  17% (297/1742)        
2025-07-15T13:49:48.1572367Z remote: Counting objects:  18% (314/1742)        
2025-07-15T13:49:48.1573523Z remote: Counting objects:  19% (331/1742)        
2025-07-15T13:49:48.1574685Z remote: Counting objects:  20% (349/1742)        
2025-07-15T13:49:48.1575952Z remote: Counting objects:  21% (366/1742)        
2025-07-15T13:49:48.1577416Z remote: Counting objects:  22% (384/1742)        
2025-07-15T13:49:48.1578578Z remote: Counting objects:  23% (401/1742)        
2025-07-15T13:49:48.1579732Z remote: Counting objects:  24% (419/1742)        
2025-07-15T13:49:48.1580895Z remote: Counting objects:  25% (436/1742)        
2025-07-15T13:49:48.1582043Z remote: Counting objects:  26% (453/1742)        
2025-07-15T13:49:48.1583219Z remote: Counting objects:  27% (471/1742)        
2025-07-15T13:49:48.1584442Z remote: Counting objects:  28% (488/1742)        
2025-07-15T13:49:48.1585595Z remote: Counting objects:  29% (506/1742)        
2025-07-15T13:49:48.1587004Z remote: Counting objects:  30% (523/1742)        
2025-07-15T13:49:48.1588158Z remote: Counting objects:  31% (541/1742)        
2025-07-15T13:49:48.1589330Z remote: Counting objects:  32% (558/1742)        
2025-07-15T13:49:48.1591045Z remote: Counting objects:  33% (575/1742)        
2025-07-15T13:49:48.1592715Z remote: Counting objects:  34% (593/1742)        
2025-07-15T13:49:48.1593901Z remote: Counting objects:  35% (610/1742)        
2025-07-15T13:49:48.1595073Z remote: Counting objects:  36% (628/1742)        
2025-07-15T13:49:48.1596224Z remote: Counting objects:  37% (645/1742)        
2025-07-15T13:49:48.1597623Z remote: Counting objects:  38% (662/1742)        
2025-07-15T13:49:48.1598785Z remote: Counting objects:  39% (680/1742)        
2025-07-15T13:49:48.1599933Z remote: Counting objects:  40% (697/1742)        
2025-07-15T13:49:48.1601083Z remote: Counting objects:  41% (715/1742)        
2025-07-15T13:49:48.1602230Z remote: Counting objects:  42% (732/1742)        
2025-07-15T13:49:48.1603370Z remote: Counting objects:  43% (750/1742)        
2025-07-15T13:49:48.1604537Z remote: Counting objects:  44% (767/1742)        
2025-07-15T13:49:48.1605679Z remote: Counting objects:  45% (784/1742)        
2025-07-15T13:49:48.1606996Z remote: Counting objects:  46% (802/1742)        
2025-07-15T13:49:48.1608366Z remote: Counting objects:  47% (819/1742)        
2025-07-15T13:49:48.1609526Z remote: Counting objects:  48% (837/1742)        
2025-07-15T13:49:48.1610659Z remote: Counting objects:  49% (854/1742)        
2025-07-15T13:49:48.1611800Z remote: Counting objects:  50% (871/1742)        
2025-07-15T13:49:48.1612942Z remote: Counting objects:  51% (889/1742)        
2025-07-15T13:49:48.1614075Z remote: Counting objects:  52% (906/1742)        
2025-07-15T13:49:48.1615220Z remote: Counting objects:  53% (924/1742)        
2025-07-15T13:49:48.1616612Z remote: Counting objects:  54% (941/1742)        
2025-07-15T13:49:48.1617767Z remote: Counting objects:  55% (959/1742)        
2025-07-15T13:49:48.1618891Z remote: Counting objects:  56% (976/1742)        
2025-07-15T13:49:48.1620029Z remote: Counting objects:  57% (993/1742)        
2025-07-15T13:49:48.1621167Z remote: Counting objects:  58% (1011/1742)        
2025-07-15T13:49:48.1622305Z remote: Counting objects:  59% (1028/1742)        
2025-07-15T13:49:48.1623451Z remote: Counting objects:  60% (1046/1742)        
2025-07-15T13:49:48.1624613Z remote: Counting objects:  61% (1063/1742)        
2025-07-15T13:49:48.1625748Z remote: Counting objects:  62% (1081/1742)        
2025-07-15T13:49:48.1627061Z remote: Counting objects:  63% (1098/1742)        
2025-07-15T13:49:48.1628203Z remote: Counting objects:  64% (1115/1742)        
2025-07-15T13:49:48.1629509Z remote: Counting objects:  65% (1133/1742)        
2025-07-15T13:49:48.1630646Z remote: Counting objects:  66% (1150/1742)        
2025-07-15T13:49:48.1631799Z remote: Counting objects:  67% (1168/1742)        
2025-07-15T13:49:48.1632940Z remote: Counting objects:  68% (1185/1742)        
2025-07-15T13:49:48.1634072Z remote: Counting objects:  69% (1202/1742)        
2025-07-15T13:49:48.1635217Z remote: Counting objects:  70% (1220/1742)        
2025-07-15T13:49:48.1636519Z remote: Counting objects:  71% (1237/1742)        
2025-07-15T13:49:48.1637672Z remote: Counting objects:  72% (1255/1742)        
2025-07-15T13:49:48.1638821Z remote: Counting objects:  73% (1272/1742)        
2025-07-15T13:49:48.1639961Z remote: Counting objects:  74% (1290/1742)        
2025-07-15T13:49:48.1641087Z remote: Counting objects:  75% (1307/1742)        
2025-07-15T13:49:48.1642208Z remote: Counting objects:  76% (1324/1742)        
2025-07-15T13:49:48.1643421Z remote: Counting objects:  77% (1342/1742)        
2025-07-15T13:49:48.1644628Z remote: Counting objects:  78% (1359/1742)        
2025-07-15T13:49:48.1645825Z remote: Counting objects:  79% (1377/1742)        
2025-07-15T13:49:48.1647128Z remote: Counting objects:  80% (1394/1742)        
2025-07-15T13:49:48.1648263Z remote: Counting objects:  81% (1412/1742)        
2025-07-15T13:49:48.1649408Z remote: Counting objects:  82% (1429/1742)        
2025-07-15T13:49:48.1650538Z remote: Counting objects:  83% (1446/1742)        
2025-07-15T13:49:48.1651666Z remote: Counting objects:  84% (1464/1742)        
2025-07-15T13:49:48.1652778Z remote: Counting objects:  85% (1481/1742)        
2025-07-15T13:49:48.1653929Z remote: Counting objects:  86% (1499/1742)        
2025-07-15T13:49:48.1655070Z remote: Counting objects:  87% (1516/1742)        
2025-07-15T13:49:48.1656200Z remote: Counting objects:  88% (1533/1742)        
2025-07-15T13:49:48.1657546Z remote: Counting objects:  89% (1551/1742)        
2025-07-15T13:49:48.1658679Z remote: Counting objects:  90% (1568/1742)        
2025-07-15T13:49:48.1659814Z remote: Counting objects:  91% (1586/1742)        
2025-07-15T13:49:48.1660962Z remote: Counting objects:  92% (1603/1742)        
2025-07-15T13:49:48.1662126Z remote: Counting objects:  93% (1621/1742)        
2025-07-15T13:49:48.1663252Z remote: Counting objects:  94% (1638/1742)        
2025-07-15T13:49:48.1664383Z remote: Counting objects:  95% (1655/1742)        
2025-07-15T13:49:48.1665529Z remote: Counting objects:  96% (1673/1742)        
2025-07-15T13:49:48.1666945Z remote: Counting objects:  97% (1690/1742)        
2025-07-15T13:49:48.1668091Z remote: Counting objects:  98% (1708/1742)        
2025-07-15T13:49:48.1669372Z remote: Counting objects:  99% (1725/1742)        
2025-07-15T13:49:48.1670522Z remote: Counting objects: 100% (1742/1742)        
2025-07-15T13:49:48.1671732Z remote: Counting objects: 100% (1742/1742), done.        
2025-07-15T13:49:48.1672958Z remote: Compressing objects:   0% (1/1639)        
2025-07-15T13:49:48.1674115Z remote: Compressing objects:   1% (17/1639)        
2025-07-15T13:49:48.1675278Z remote: Compressing objects:   2% (33/1639)        
2025-07-15T13:49:48.1676598Z remote: Compressing objects:   3% (50/1639)        
2025-07-15T13:49:48.1677776Z remote: Compressing objects:   4% (66/1639)        
2025-07-15T13:49:48.1678937Z remote: Compressing objects:   5% (82/1639)        
2025-07-15T13:49:48.1680079Z remote: Compressing objects:   6% (99/1639)        
2025-07-15T13:49:48.1681262Z remote: Compressing objects:   7% (115/1639)        
2025-07-15T13:49:48.1682453Z remote: Compressing objects:   8% (132/1639)        
2025-07-15T13:49:48.1683650Z remote: Compressing objects:   9% (148/1639)        
2025-07-15T13:49:48.1684827Z remote: Compressing objects:  10% (164/1639)        
2025-07-15T13:49:48.1686015Z remote: Compressing objects:  11% (181/1639)        
2025-07-15T13:49:48.1687375Z remote: Compressing objects:  12% (197/1639)        
2025-07-15T13:49:48.1688577Z remote: Compressing objects:  13% (214/1639)        
2025-07-15T13:49:48.1689912Z remote: Compressing objects:  14% (230/1639)        
2025-07-15T13:49:48.1691104Z remote: Compressing objects:  15% (246/1639)        
2025-07-15T13:49:48.1692288Z remote: Compressing objects:  16% (263/1639)        
2025-07-15T13:49:48.1693474Z remote: Compressing objects:  17% (279/1639)        
2025-07-15T13:49:48.1694675Z remote: Compressing objects:  18% (296/1639)        
2025-07-15T13:49:48.1695862Z remote: Compressing objects:  19% (312/1639)        
2025-07-15T13:49:48.1697304Z remote: Compressing objects:  20% (328/1639)        
2025-07-15T13:49:48.1698509Z remote: Compressing objects:  21% (345/1639)        
2025-07-15T13:49:48.1699712Z remote: Compressing objects:  22% (361/1639)        
2025-07-15T13:49:48.1700915Z remote: Compressing objects:  23% (377/1639)        
2025-07-15T13:49:48.1702097Z remote: Compressing objects:  24% (394/1639)        
2025-07-15T13:49:48.1703280Z remote: Compressing objects:  25% (410/1639)        
2025-07-15T13:49:48.1704473Z remote: Compressing objects:  26% (427/1639)        
2025-07-15T13:49:48.1705668Z remote: Compressing objects:  27% (443/1639)        
2025-07-15T13:49:48.1707035Z remote: Compressing objects:  28% (459/1639)        
2025-07-15T13:49:48.1708218Z remote: Compressing objects:  29% (476/1639)        
2025-07-15T13:49:48.1709396Z remote: Compressing objects:  30% (492/1639)        
2025-07-15T13:49:48.1710584Z remote: Compressing objects:  31% (509/1639)        
2025-07-15T13:49:48.1711768Z remote: Compressing objects:  32% (525/1639)        
2025-07-15T13:49:48.1713003Z remote: Compressing objects:  33% (541/1639)        
2025-07-15T13:49:48.1714196Z remote: Compressing objects:  34% (558/1639)        
2025-07-15T13:49:48.1715370Z remote: Compressing objects:  35% (574/1639)        
2025-07-15T13:49:48.1716764Z remote: Compressing objects:  36% (591/1639)        
2025-07-15T13:49:48.1717969Z remote: Compressing objects:  37% (607/1639)        
2025-07-15T13:49:48.1719157Z remote: Compressing objects:  38% (623/1639)        
2025-07-15T13:49:48.1720338Z remote: Compressing objects:  39% (640/1639)        
2025-07-15T13:49:48.1721515Z remote: Compressing objects:  40% (656/1639)        
2025-07-15T13:49:48.1722689Z remote: Compressing objects:  41% (672/1639)        
2025-07-15T13:49:48.1723853Z remote: Compressing objects:  42% (689/1639)        
2025-07-15T13:49:48.1807609Z remote: Compressing objects:  43% (705/1639)        
2025-07-15T13:49:48.2382966Z remote: Compressing objects:  44% (722/1639)        
2025-07-15T13:49:48.2701744Z remote: Compressing objects:  45% (738/1639)        
2025-07-15T13:49:48.2926785Z remote: Compressing objects:  46% (754/1639)        
2025-07-15T13:49:48.3032211Z remote: Compressing objects:  47% (771/1639)        
2025-07-15T13:49:48.3193955Z remote: Compressing objects:  48% (787/1639)        
2025-07-15T13:49:48.3307356Z remote: Compressing objects:  49% (804/1639)        
2025-07-15T13:49:48.3441219Z remote: Compressing objects:  50% (820/1639)        
2025-07-15T13:49:48.3639559Z remote: Compressing objects:  51% (836/1639)        
2025-07-15T13:49:48.3667385Z remote: Compressing objects:  52% (853/1639)        
2025-07-15T13:49:48.3747521Z remote: Compressing objects:  53% (869/1639)        
2025-07-15T13:49:48.3813959Z remote: Compressing objects:  54% (886/1639)        
2025-07-15T13:49:48.3828470Z remote: Compressing objects:  55% (902/1639)        
2025-07-15T13:49:48.3851481Z remote: Compressing objects:  56% (918/1639)        
2025-07-15T13:49:48.3893781Z remote: Compressing objects:  57% (935/1639)        
2025-07-15T13:49:48.3961337Z remote: Compressing objects:  58% (951/1639)        
2025-07-15T13:49:48.4029874Z remote: Compressing objects:  59% (968/1639)        
2025-07-15T13:49:48.4063170Z remote: Compressing objects:  60% (984/1639)        
2025-07-15T13:49:48.4098298Z remote: Compressing objects:  61% (1000/1639)        
2025-07-15T13:49:48.4125384Z remote: Compressing objects:  62% (1017/1639)        
2025-07-15T13:49:48.4128369Z remote: Compressing objects:  63% (1033/1639)        
2025-07-15T13:49:48.4130016Z remote: Compressing objects:  64% (1049/1639)        
2025-07-15T13:49:48.4162791Z remote: Compressing objects:  65% (1066/1639)        
2025-07-15T13:49:48.4177269Z remote: Compressing objects:  66% (1082/1639)        
2025-07-15T13:49:48.4190799Z remote: Compressing objects:  67% (1099/1639)        
2025-07-15T13:49:48.4222641Z remote: Compressing objects:  68% (1115/1639)        
2025-07-15T13:49:48.4250114Z remote: Compressing objects:  69% (1131/1639)        
2025-07-15T13:49:48.4263175Z remote: Compressing objects:  70% (1148/1639)        
2025-07-15T13:49:48.4277247Z remote: Compressing objects:  71% (1164/1639)        
2025-07-15T13:49:48.4300624Z remote: Compressing objects:  72% (1181/1639)        
2025-07-15T13:49:48.4320340Z remote: Compressing objects:  73% (1197/1639)        
2025-07-15T13:49:48.4332437Z remote: Compressing objects:  74% (1213/1639)        
2025-07-15T13:49:48.4333714Z remote: Compressing objects:  75% (1230/1639)        
2025-07-15T13:49:48.4339926Z remote: Compressing objects:  76% (1246/1639)        
2025-07-15T13:49:48.4341220Z remote: Compressing objects:  77% (1263/1639)        
2025-07-15T13:49:48.4349205Z remote: Compressing objects:  78% (1279/1639)        
2025-07-15T13:49:48.4354124Z remote: Compressing objects:  79% (1295/1639)        
2025-07-15T13:49:48.4361945Z remote: Compressing objects:  80% (1312/1639)        
2025-07-15T13:49:48.4363914Z remote: Compressing objects:  81% (1328/1639)        
2025-07-15T13:49:48.4369022Z remote: Compressing objects:  82% (1344/1639)        
2025-07-15T13:49:48.4373100Z remote: Compressing objects:  83% (1361/1639)        
2025-07-15T13:49:48.4375562Z remote: Compressing objects:  84% (1377/1639)        
2025-07-15T13:49:48.4378227Z remote: Compressing objects:  85% (1394/1639)        
2025-07-15T13:49:48.4380483Z remote: Compressing objects:  86% (1410/1639)        
2025-07-15T13:49:48.4382472Z remote: Compressing objects:  87% (1426/1639)        
2025-07-15T13:49:48.4384343Z remote: Compressing objects:  88% (1443/1639)        
2025-07-15T13:49:48.4386484Z remote: Compressing objects:  89% (1459/1639)        
2025-07-15T13:49:48.4388514Z remote: Compressing objects:  90% (1476/1639)        
2025-07-15T13:49:48.4390104Z remote: Compressing objects:  91% (1492/1639)        
2025-07-15T13:49:48.4391317Z remote: Compressing objects:  92% (1508/1639)        
2025-07-15T13:49:48.4392548Z remote: Compressing objects:  93% (1525/1639)        
2025-07-15T13:49:48.4393761Z remote: Compressing objects:  94% (1541/1639)        
2025-07-15T13:49:48.4394967Z remote: Compressing objects:  95% (1558/1639)        
2025-07-15T13:49:48.4396829Z remote: Compressing objects:  96% (1574/1639)        
2025-07-15T13:49:48.4398259Z remote: Compressing objects:  97% (1590/1639)        
2025-07-15T13:49:48.4399459Z remote: Compressing objects:  98% (1607/1639)        
2025-07-15T13:49:48.4400660Z remote: Compressing objects:  99% (1623/1639)        
2025-07-15T13:49:48.4401839Z remote: Compressing objects: 100% (1639/1639)        
2025-07-15T13:49:48.4403135Z remote: Compressing objects: 100% (1639/1639), done.        
2025-07-15T13:49:48.4544890Z Receiving objects:   0% (1/1742)
2025-07-15T13:49:48.4602530Z Receiving objects:   1% (18/1742)
2025-07-15T13:49:48.4605718Z Receiving objects:   2% (35/1742)
2025-07-15T13:49:48.4780214Z Receiving objects:   3% (53/1742)
2025-07-15T13:49:48.5048716Z Receiving objects:   4% (70/1742)
2025-07-15T13:49:48.5084852Z Receiving objects:   5% (88/1742)
2025-07-15T13:49:48.5103362Z Receiving objects:   6% (105/1742)
2025-07-15T13:49:48.5218136Z Receiving objects:   7% (122/1742)
2025-07-15T13:49:48.5290436Z Receiving objects:   8% (140/1742)
2025-07-15T13:49:48.5316947Z Receiving objects:   9% (157/1742)
2025-07-15T13:49:48.5347188Z Receiving objects:  10% (175/1742)
2025-07-15T13:49:48.5371131Z Receiving objects:  11% (192/1742)
2025-07-15T13:49:48.5378563Z Receiving objects:  12% (210/1742)
2025-07-15T13:49:48.5405240Z Receiving objects:  13% (227/1742)
2025-07-15T13:49:48.5444752Z Receiving objects:  14% (244/1742)
2025-07-15T13:49:48.5480132Z Receiving objects:  15% (262/1742)
2025-07-15T13:49:48.5511798Z Receiving objects:  16% (279/1742)
2025-07-15T13:49:48.5528545Z Receiving objects:  17% (297/1742)
2025-07-15T13:49:48.5544180Z Receiving objects:  18% (314/1742)
2025-07-15T13:49:48.5549735Z Receiving objects:  19% (331/1742)
2025-07-15T13:49:48.5560964Z Receiving objects:  20% (349/1742)
2025-07-15T13:49:48.5585006Z Receiving objects:  21% (366/1742)
2025-07-15T13:49:48.5634354Z Receiving objects:  22% (384/1742)
2025-07-15T13:49:48.5669297Z Receiving objects:  23% (401/1742)
2025-07-15T13:49:48.5678494Z Receiving objects:  24% (419/1742)
2025-07-15T13:49:48.5690729Z Receiving objects:  25% (436/1742)
2025-07-15T13:49:48.5714615Z Receiving objects:  26% (453/1742)
2025-07-15T13:49:48.5739694Z Receiving objects:  27% (471/1742)
2025-07-15T13:49:48.5760138Z Receiving objects:  28% (488/1742)
2025-07-15T13:49:48.5773083Z Receiving objects:  29% (506/1742)
2025-07-15T13:49:48.5785478Z Receiving objects:  30% (523/1742)
2025-07-15T13:49:48.5811679Z Receiving objects:  31% (541/1742)
2025-07-15T13:49:48.5825350Z Receiving objects:  32% (558/1742)
2025-07-15T13:49:48.5887673Z Receiving objects:  33% (575/1742)
2025-07-15T13:49:48.5900502Z Receiving objects:  34% (593/1742)
2025-07-15T13:49:48.5914297Z Receiving objects:  35% (610/1742)
2025-07-15T13:49:48.5923645Z Receiving objects:  36% (628/1742)
2025-07-15T13:49:48.5934763Z Receiving objects:  37% (645/1742)
2025-07-15T13:49:48.5945245Z Receiving objects:  38% (662/1742)
2025-07-15T13:49:48.5952124Z Receiving objects:  39% (680/1742)
2025-07-15T13:49:48.5973869Z Receiving objects:  40% (697/1742)
2025-07-15T13:49:48.5987444Z Receiving objects:  41% (715/1742)
2025-07-15T13:49:48.6008088Z Receiving objects:  42% (732/1742)
2025-07-15T13:49:48.6017266Z Receiving objects:  43% (750/1742)
2025-07-15T13:49:48.6037594Z Receiving objects:  44% (767/1742)
2025-07-15T13:49:48.6049861Z Receiving objects:  45% (784/1742)
2025-07-15T13:49:48.6069900Z Receiving objects:  46% (802/1742)
2025-07-15T13:49:48.6093527Z Receiving objects:  47% (819/1742)
2025-07-15T13:49:48.6101195Z Receiving objects:  48% (837/1742)
2025-07-15T13:49:48.6135021Z Receiving objects:  49% (854/1742)
2025-07-15T13:49:48.6148374Z Receiving objects:  50% (871/1742)
2025-07-15T13:49:48.6176919Z Receiving objects:  51% (889/1742)
2025-07-15T13:49:48.6187869Z Receiving objects:  52% (906/1742)
2025-07-15T13:49:48.6205014Z Receiving objects:  53% (924/1742)
2025-07-15T13:49:48.6221699Z Receiving objects:  54% (941/1742)
2025-07-15T13:49:48.6232601Z Receiving objects:  55% (959/1742)
2025-07-15T13:49:48.6244544Z Receiving objects:  56% (976/1742)
2025-07-15T13:49:48.6326725Z Receiving objects:  57% (993/1742)
2025-07-15T13:49:48.6370212Z Receiving objects:  58% (1011/1742)
2025-07-15T13:49:48.6411087Z Receiving objects:  59% (1028/1742)
2025-07-15T13:49:48.6435054Z Receiving objects:  60% (1046/1742)
2025-07-15T13:49:48.6470889Z Receiving objects:  61% (1063/1742)
2025-07-15T13:49:48.6481148Z Receiving objects:  62% (1081/1742)
2025-07-15T13:49:48.6494348Z Receiving objects:  63% (1098/1742)
2025-07-15T13:49:48.6514087Z Receiving objects:  64% (1115/1742)
2025-07-15T13:49:48.6537133Z Receiving objects:  65% (1133/1742)
2025-07-15T13:49:48.6565659Z Receiving objects:  66% (1150/1742)
2025-07-15T13:49:48.6579746Z Receiving objects:  67% (1168/1742)
2025-07-15T13:49:48.6645872Z Receiving objects:  68% (1185/1742)
2025-07-15T13:49:48.6655813Z Receiving objects:  69% (1202/1742)
2025-07-15T13:49:48.6675603Z Receiving objects:  70% (1220/1742)
2025-07-15T13:49:48.6698852Z Receiving objects:  71% (1237/1742)
2025-07-15T13:49:48.6712299Z Receiving objects:  72% (1255/1742)
2025-07-15T13:49:48.6771756Z Receiving objects:  73% (1272/1742)
2025-07-15T13:49:48.6793476Z Receiving objects:  74% (1290/1742)
2025-07-15T13:49:48.6830807Z Receiving objects:  75% (1307/1742)
2025-07-15T13:49:48.6866706Z Receiving objects:  76% (1324/1742)
2025-07-15T13:49:48.6925610Z Receiving objects:  77% (1342/1742)
2025-07-15T13:49:48.6937747Z Receiving objects:  78% (1359/1742)
2025-07-15T13:49:48.6960781Z Receiving objects:  79% (1377/1742)
2025-07-15T13:49:48.6987001Z Receiving objects:  80% (1394/1742)
2025-07-15T13:49:48.7015062Z Receiving objects:  81% (1412/1742)
2025-07-15T13:49:48.7037014Z Receiving objects:  82% (1429/1742)
2025-07-15T13:49:48.7049947Z Receiving objects:  83% (1446/1742)
2025-07-15T13:49:48.7068738Z Receiving objects:  84% (1464/1742)
2025-07-15T13:49:48.7093096Z Receiving objects:  85% (1481/1742)
2025-07-15T13:49:48.7111537Z Receiving objects:  86% (1499/1742)
2025-07-15T13:49:48.7122408Z Receiving objects:  87% (1516/1742)
2025-07-15T13:49:48.7137956Z Receiving objects:  88% (1533/1742)
2025-07-15T13:49:48.7150475Z Receiving objects:  89% (1551/1742)
2025-07-15T13:49:48.7155901Z Receiving objects:  90% (1568/1742)
2025-07-15T13:49:48.7170243Z Receiving objects:  91% (1586/1742)
2025-07-15T13:49:48.7175597Z Receiving objects:  92% (1603/1742)
2025-07-15T13:49:48.7212244Z Receiving objects:  93% (1621/1742)
2025-07-15T13:49:48.7233303Z Receiving objects:  94% (1638/1742)
2025-07-15T13:49:48.7251389Z Receiving objects:  95% (1655/1742)
2025-07-15T13:49:48.7268918Z Receiving objects:  96% (1673/1742)
2025-07-15T13:49:48.7288251Z Receiving objects:  97% (1690/1742)
2025-07-15T13:49:48.7314994Z Receiving objects:  98% (1708/1742)
2025-07-15T13:49:48.7323902Z Receiving objects:  99% (1725/1742)
2025-07-15T13:49:48.7328043Z remote: Total 1742 (delta 86), reused 1716 (delta 80), pack-reused 0 (from 0)        
2025-07-15T13:49:48.7342038Z Receiving objects: 100% (1742/1742)
2025-07-15T13:49:48.7344008Z Receiving objects: 100% (1742/1742), 7.02 MiB | 24.19 MiB/s, done.
2025-07-15T13:49:48.7351967Z Resolving deltas:   0% (0/86)
2025-07-15T13:49:48.7359311Z Resolving deltas:   1% (1/86)
2025-07-15T13:49:48.7361193Z Resolving deltas:   3% (3/86)
2025-07-15T13:49:48.7362866Z Resolving deltas:   4% (4/86)
2025-07-15T13:49:48.7364389Z Resolving deltas:   5% (5/86)
2025-07-15T13:49:48.7365919Z Resolving deltas:   6% (6/86)
2025-07-15T13:49:48.7367613Z Resolving deltas:   8% (7/86)
2025-07-15T13:49:48.7368636Z Resolving deltas:   9% (8/86)
2025-07-15T13:49:48.7369582Z Resolving deltas:  10% (9/86)
2025-07-15T13:49:48.7371063Z Resolving deltas:  11% (10/86)
2025-07-15T13:49:48.7372560Z Resolving deltas:  12% (11/86)
2025-07-15T13:49:48.7374087Z Resolving deltas:  13% (12/86)
2025-07-15T13:49:48.7375623Z Resolving deltas:  15% (13/86)
2025-07-15T13:49:48.7377314Z Resolving deltas:  16% (14/86)
2025-07-15T13:49:48.7446139Z Resolving deltas:  17% (15/86)
2025-07-15T13:49:48.7448135Z Resolving deltas:  19% (17/86)
2025-07-15T13:49:48.7449810Z Resolving deltas:  20% (18/86)
2025-07-15T13:49:48.7451776Z Resolving deltas:  22% (19/86)
2025-07-15T13:49:48.7453384Z Resolving deltas:  23% (20/86)
2025-07-15T13:49:48.7454959Z Resolving deltas:  24% (21/86)
2025-07-15T13:49:48.7456690Z Resolving deltas:  25% (22/86)
2025-07-15T13:49:48.7458269Z Resolving deltas:  26% (23/86)
2025-07-15T13:49:48.7459820Z Resolving deltas:  27% (24/86)
2025-07-15T13:49:48.7461337Z Resolving deltas:  29% (25/86)
2025-07-15T13:49:48.7463015Z Resolving deltas:  30% (26/86)
2025-07-15T13:49:48.7464383Z Resolving deltas:  31% (27/86)
2025-07-15T13:49:48.7465306Z Resolving deltas:  32% (28/86)
2025-07-15T13:49:48.7466226Z Resolving deltas:  34% (30/86)
2025-07-15T13:49:48.7467349Z Resolving deltas:  36% (31/86)
2025-07-15T13:49:48.7468279Z Resolving deltas:  37% (32/86)
2025-07-15T13:49:48.7469172Z Resolving deltas:  38% (33/86)
2025-07-15T13:49:48.7470071Z Resolving deltas:  39% (34/86)
2025-07-15T13:49:48.7470978Z Resolving deltas:  40% (35/86)
2025-07-15T13:49:48.7471878Z Resolving deltas:  41% (36/86)
2025-07-15T13:49:48.7472794Z Resolving deltas:  43% (37/86)
2025-07-15T13:49:48.7473701Z Resolving deltas:  44% (38/86)
2025-07-15T13:49:48.7474600Z Resolving deltas:  45% (39/86)
2025-07-15T13:49:48.7475499Z Resolving deltas:  46% (40/86)
2025-07-15T13:49:48.7476582Z Resolving deltas:  47% (41/86)
2025-07-15T13:49:48.7477508Z Resolving deltas:  48% (42/86)
2025-07-15T13:49:48.7478412Z Resolving deltas:  50% (43/86)
2025-07-15T13:49:48.7479526Z Resolving deltas:  51% (44/86)
2025-07-15T13:49:48.7480422Z Resolving deltas:  52% (45/86)
2025-07-15T13:49:48.7481333Z Resolving deltas:  53% (46/86)
2025-07-15T13:49:48.7482239Z Resolving deltas:  54% (47/86)
2025-07-15T13:49:48.7483133Z Resolving deltas:  55% (48/86)
2025-07-15T13:49:48.7484030Z Resolving deltas:  56% (49/86)
2025-07-15T13:49:48.7484925Z Resolving deltas:  58% (50/86)
2025-07-15T13:49:48.7485821Z Resolving deltas:  59% (51/86)
2025-07-15T13:49:48.7487154Z Resolving deltas:  60% (52/86)
2025-07-15T13:49:48.7488229Z Resolving deltas:  62% (54/86)
2025-07-15T13:49:48.7489285Z Resolving deltas:  63% (55/86)
2025-07-15T13:49:48.7490317Z Resolving deltas:  65% (56/86)
2025-07-15T13:49:48.7491396Z Resolving deltas:  66% (57/86)
2025-07-15T13:49:48.7492478Z Resolving deltas:  67% (58/86)
2025-07-15T13:49:48.7493394Z Resolving deltas:  68% (59/86)
2025-07-15T13:49:48.7494391Z Resolving deltas:  69% (60/86)
2025-07-15T13:49:48.7495418Z Resolving deltas:  70% (61/86)
2025-07-15T13:49:48.7496549Z Resolving deltas:  72% (62/86)
2025-07-15T13:49:48.7497569Z Resolving deltas:  73% (63/86)
2025-07-15T13:49:48.7498671Z Resolving deltas:  74% (64/86)
2025-07-15T13:49:48.7499789Z Resolving deltas:  75% (65/86)
2025-07-15T13:49:48.7500816Z Resolving deltas:  76% (66/86)
2025-07-15T13:49:48.7501723Z Resolving deltas:  77% (67/86)
2025-07-15T13:49:48.7502758Z Resolving deltas:  79% (68/86)
2025-07-15T13:49:48.7503794Z Resolving deltas:  81% (70/86)
2025-07-15T13:49:48.7504706Z Resolving deltas:  82% (71/86)
2025-07-15T13:49:48.7505609Z Resolving deltas:  83% (72/86)
2025-07-15T13:49:48.7506820Z Resolving deltas:  84% (73/86)
2025-07-15T13:49:48.7507768Z Resolving deltas:  87% (75/86)
2025-07-15T13:49:48.7508693Z Resolving deltas:  88% (76/86)
2025-07-15T13:49:48.7509592Z Resolving deltas:  89% (77/86)
2025-07-15T13:49:48.7510487Z Resolving deltas:  90% (78/86)
2025-07-15T13:49:48.7511387Z Resolving deltas:  91% (79/86)
2025-07-15T13:49:48.7512287Z Resolving deltas:  94% (81/86)
2025-07-15T13:49:48.7513190Z Resolving deltas:  95% (82/86)
2025-07-15T13:49:48.7514079Z Resolving deltas:  96% (83/86)
2025-07-15T13:49:48.7515109Z Resolving deltas:  97% (84/86)
2025-07-15T13:49:48.7516025Z Resolving deltas:  98% (85/86)
2025-07-15T13:49:48.7517116Z Resolving deltas: 100% (86/86)
2025-07-15T13:49:48.7518030Z Resolving deltas: 100% (86/86), done.
2025-07-15T13:49:48.7586742Z From https://github.com/***/testing-CI-CD
2025-07-15T13:49:48.7588221Z  * [new ref]         49fff645c458d6a4d8df01d36d7acc75517ee32c -> origin/main
2025-07-15T13:49:48.7612669Z ##[endgroup]
2025-07-15T13:49:48.7614450Z ##[group]Determining the checkout info
2025-07-15T13:49:48.7615986Z ##[endgroup]
2025-07-15T13:49:48.7617450Z ##[group]Checking out the ref
2025-07-15T13:49:48.7619735Z [command]/usr/bin/git checkout --progress --force -B main refs/remotes/origin/main
2025-07-15T13:49:48.9091151Z Switched to a new branch 'main'
2025-07-15T13:49:48.9093133Z branch 'main' set up to track 'origin/main'.
2025-07-15T13:49:48.9103499Z ##[endgroup]
2025-07-15T13:49:48.9139859Z [command]/usr/bin/git log -1 --format='%H'
2025-07-15T13:49:48.9161089Z '49fff645c458d6a4d8df01d36d7acc75517ee32c'
2025-07-15T13:49:48.9431528Z ##[group]Run actions/setup-python@v4
2025-07-15T13:49:48.9432476Z with:
2025-07-15T13:49:48.9433156Z   python-version: 3.10
2025-07-15T13:49:48.9433928Z   check-latest: false
2025-07-15T13:49:48.9434930Z   token: ***
2025-07-15T13:49:48.9435645Z   update-environment: true
2025-07-15T13:49:48.9436652Z   allow-prereleases: false
2025-07-15T13:49:48.9437466Z ##[endgroup]
2025-07-15T13:49:49.1109272Z ##[group]Installed versions
2025-07-15T13:49:49.1207133Z Successfully set up CPython (3.10.18)
2025-07-15T13:49:49.1209405Z ##[endgroup]
2025-07-15T13:49:49.1345077Z ##[group]Run python -m pip install --upgrade pip
2025-07-15T13:49:49.1346519Z [36;1mpython -m pip install --upgrade pip[0m
2025-07-15T13:49:49.1347635Z [36;1mpip install -r requirements.txt[0m
2025-07-15T13:49:49.1590681Z shell: /usr/bin/bash -e {0}
2025-07-15T13:49:49.1591776Z env:
2025-07-15T13:49:49.1592670Z   pythonLocation: /opt/hostedtoolcache/Python/3.10.18/x64
2025-07-15T13:49:49.1594171Z   PKG_CONFIG_PATH: /opt/hostedtoolcache/Python/3.10.18/x64/lib/pkgconfig
2025-07-15T13:49:49.1595644Z   Python_ROOT_DIR: /opt/hostedtoolcache/Python/3.10.18/x64
2025-07-15T13:49:49.1597134Z   Python2_ROOT_DIR: /opt/hostedtoolcache/Python/3.10.18/x64
2025-07-15T13:49:49.1598481Z   Python3_ROOT_DIR: /opt/hostedtoolcache/Python/3.10.18/x64
2025-07-15T13:49:49.1599831Z   LD_LIBRARY_PATH: /opt/hostedtoolcache/Python/3.10.18/x64/lib
2025-07-15T13:49:49.1600956Z ##[endgroup]
2025-07-15T13:49:57.1757684Z Requirement already satisfied: pip in /opt/hostedtoolcache/Python/3.10.18/x64/lib/python3.10/site-packages (25.1.1)
2025-07-15T13:49:58.3990414Z Collecting flask==3.0.2 (from -r requirements.txt (line 1))
2025-07-15T13:49:58.4701022Z   Downloading flask-3.0.2-py3-none-any.whl.metadata (3.6 kB)
2025-07-15T13:49:58.5480901Z Collecting pytest==8.2.1 (from -r requirements.txt (line 2))
2025-07-15T13:49:58.5638115Z   Downloading pytest-8.2.1-py3-none-any.whl.metadata (7.6 kB)
2025-07-15T13:49:58.6076744Z Collecting Werkzeug>=3.0.0 (from flask==3.0.2->-r requirements.txt (line 1))
2025-07-15T13:49:58.6232679Z   Downloading werkzeug-3.1.3-py3-none-any.whl.metadata (3.7 kB)
2025-07-15T13:49:58.6528348Z Collecting Jinja2>=3.1.2 (from flask==3.0.2->-r requirements.txt (line 1))
2025-07-15T13:49:58.6681740Z   Downloading jinja2-3.1.6-py3-none-any.whl.metadata (2.9 kB)
2025-07-15T13:49:58.6929323Z Collecting itsdangerous>=2.1.2 (from flask==3.0.2->-r requirements.txt (line 1))
2025-07-15T13:49:58.7085919Z   Downloading itsdangerous-2.2.0-py3-none-any.whl.metadata (1.9 kB)
2025-07-15T13:49:58.7413311Z Collecting click>=8.1.3 (from flask==3.0.2->-r requirements.txt (line 1))
2025-07-15T13:49:58.7601327Z   Downloading click-8.2.1-py3-none-any.whl.metadata (2.5 kB)
2025-07-15T13:49:58.7848709Z Collecting blinker>=1.6.2 (from flask==3.0.2->-r requirements.txt (line 1))
2025-07-15T13:49:58.8002726Z   Downloading blinker-1.9.0-py3-none-any.whl.metadata (1.6 kB)
2025-07-15T13:49:58.8247100Z Collecting iniconfig (from pytest==8.2.1->-r requirements.txt (line 2))
2025-07-15T13:49:58.8403421Z   Downloading iniconfig-2.1.0-py3-none-any.whl.metadata (2.7 kB)
2025-07-15T13:49:58.8785155Z Collecting packaging (from pytest==8.2.1->-r requirements.txt (line 2))
2025-07-15T13:49:58.8940369Z   Downloading packaging-25.0-py3-none-any.whl.metadata (3.3 kB)
2025-07-15T13:49:58.9209204Z Collecting pluggy<2.0,>=1.5 (from pytest==8.2.1->-r requirements.txt (line 2))
2025-07-15T13:49:58.9363145Z   Downloading pluggy-1.6.0-py3-none-any.whl.metadata (4.8 kB)
2025-07-15T13:49:58.9651282Z Collecting exceptiongroup>=1.0.0rc8 (from pytest==8.2.1->-r requirements.txt (line 2))
2025-07-15T13:49:58.9803881Z   Downloading exceptiongroup-1.3.0-py3-none-any.whl.metadata (6.7 kB)
2025-07-15T13:49:59.0114319Z Collecting tomli>=1 (from pytest==8.2.1->-r requirements.txt (line 2))
2025-07-15T13:49:59.0264856Z   Downloading tomli-2.2.1-py3-none-any.whl.metadata (10 kB)
2025-07-15T13:49:59.0635575Z Collecting typing-extensions>=4.6.0 (from exceptiongroup>=1.0.0rc8->pytest==8.2.1->-r requirements.txt (line 2))
2025-07-15T13:49:59.0792659Z   Downloading typing_extensions-4.14.1-py3-none-any.whl.metadata (3.0 kB)
2025-07-15T13:49:59.1572748Z Collecting MarkupSafe>=2.0 (from Jinja2>=3.1.2->flask==3.0.2->-r requirements.txt (line 1))
2025-07-15T13:49:59.1732144Z   Downloading MarkupSafe-3.0.2-cp310-cp310-manylinux_2_17_x86_64.manylinux2014_x86_64.whl.metadata (4.0 kB)
2025-07-15T13:49:59.1987484Z Downloading flask-3.0.2-py3-none-any.whl (101 kB)
2025-07-15T13:49:59.2399707Z Downloading pytest-8.2.1-py3-none-any.whl (339 kB)
2025-07-15T13:49:59.2755236Z Downloading pluggy-1.6.0-py3-none-any.whl (20 kB)
2025-07-15T13:49:59.2932781Z Downloading blinker-1.9.0-py3-none-any.whl (8.5 kB)
2025-07-15T13:49:59.3105845Z Downloading click-8.2.1-py3-none-any.whl (102 kB)
2025-07-15T13:49:59.3287960Z Downloading exceptiongroup-1.3.0-py3-none-any.whl (16 kB)
2025-07-15T13:49:59.3477027Z Downloading itsdangerous-2.2.0-py3-none-any.whl (16 kB)
2025-07-15T13:49:59.3650229Z Downloading jinja2-3.1.6-py3-none-any.whl (134 kB)
2025-07-15T13:49:59.3837253Z Downloading MarkupSafe-3.0.2-cp310-cp310-manylinux_2_17_x86_64.manylinux2014_x86_64.whl (20 kB)
2025-07-15T13:49:59.4013097Z Downloading tomli-2.2.1-py3-none-any.whl (14 kB)
2025-07-15T13:49:59.4185241Z Downloading typing_extensions-4.14.1-py3-none-any.whl (43 kB)
2025-07-15T13:49:59.4360847Z Downloading werkzeug-3.1.3-py3-none-any.whl (224 kB)
2025-07-15T13:49:59.4562044Z Downloading iniconfig-2.1.0-py3-none-any.whl (6.0 kB)
2025-07-15T13:49:59.4737510Z Downloading packaging-25.0-py3-none-any.whl (66 kB)
2025-07-15T13:49:59.5567624Z Installing collected packages: typing-extensions, tomli, pluggy, packaging, MarkupSafe, itsdangerous, iniconfig, click, blinker, Werkzeug, Jinja2, exceptiongroup, pytest, flask
2025-07-15T13:50:00.1750802Z 
2025-07-15T13:50:00.1781582Z Successfully installed Jinja2-3.1.6 MarkupSafe-3.0.2 Werkzeug-3.1.3 blinker-1.9.0 click-8.2.1 exceptiongroup-1.3.0 flask-3.0.2 iniconfig-2.1.0 itsdangerous-2.2.0 packaging-25.0 pluggy-1.6.0 pytest-8.2.1 tomli-2.2.1 typing-extensions-4.14.1
2025-07-15T13:50:00.2355746Z ##[group]Run export PYTHONPATH=$PYTHONPATH:$(pwd)
2025-07-15T13:50:00.2356154Z [36;1mexport PYTHONPATH=$PYTHONPATH:$(pwd)[0m
2025-07-15T13:50:00.2356640Z [36;1mpytest[0m
2025-07-15T13:50:00.2385720Z shell: /usr/bin/bash -e {0}
2025-07-15T13:50:00.2385951Z env:
2025-07-15T13:50:00.2386202Z   pythonLocation: /opt/hostedtoolcache/Python/3.10.18/x64
2025-07-15T13:50:00.2386781Z   PKG_CONFIG_PATH: /opt/hostedtoolcache/Python/3.10.18/x64/lib/pkgconfig
2025-07-15T13:50:00.2387178Z   Python_ROOT_DIR: /opt/hostedtoolcache/Python/3.10.18/x64
2025-07-15T13:50:00.2387523Z   Python2_ROOT_DIR: /opt/hostedtoolcache/Python/3.10.18/x64
2025-07-15T13:50:00.2387892Z   Python3_ROOT_DIR: /opt/hostedtoolcache/Python/3.10.18/x64
2025-07-15T13:50:00.2388255Z   LD_LIBRARY_PATH: /opt/hostedtoolcache/Python/3.10.18/x64/lib
2025-07-15T13:50:00.2388564Z ##[endgroup]
2025-07-15T13:50:01.2820265Z ============================= test session starts ==============================
2025-07-15T13:50:01.2821329Z platform linux -- Python 3.10.18, pytest-8.2.1, pluggy-1.6.0
2025-07-15T13:50:01.2821984Z rootdir: /home/runner/work/testing-CI-CD/testing-CI-CD
2025-07-15T13:50:01.2822480Z collected 1 item
2025-07-15T13:50:01.2822688Z 
2025-07-15T13:50:01.3079189Z test/test_main.py .                                                      [100%]
2025-07-15T13:50:01.3079611Z 
2025-07-15T13:50:01.3079802Z ============================== 1 passed in 0.23s ===============================
2025-07-15T13:50:01.3446101Z ##[group]Run docker/login-action@v3
2025-07-15T13:50:01.3446575Z with:
2025-07-15T13:50:01.3447076Z   username: ***
2025-07-15T13:50:01.3447337Z   password: ***
2025-07-15T13:50:01.3447516Z   ecr: auto
2025-07-15T13:50:01.3447683Z   logout: true
2025-07-15T13:50:01.3447856Z env:
2025-07-15T13:50:01.3448083Z   pythonLocation: /opt/hostedtoolcache/Python/3.10.18/x64
2025-07-15T13:50:01.3448515Z   PKG_CONFIG_PATH: /opt/hostedtoolcache/Python/3.10.18/x64/lib/pkgconfig
2025-07-15T13:50:01.3448909Z   Python_ROOT_DIR: /opt/hostedtoolcache/Python/3.10.18/x64
2025-07-15T13:50:01.3449258Z   Python2_ROOT_DIR: /opt/hostedtoolcache/Python/3.10.18/x64
2025-07-15T13:50:01.3449602Z   Python3_ROOT_DIR: /opt/hostedtoolcache/Python/3.10.18/x64
2025-07-15T13:50:01.3449949Z   LD_LIBRARY_PATH: /opt/hostedtoolcache/Python/3.10.18/x64/lib
2025-07-15T13:50:01.3450241Z ##[endgroup]
2025-07-15T13:50:01.6320127Z Logging into Docker Hub...
2025-07-15T13:50:03.3420216Z Login Succeeded!
2025-07-15T13:50:03.3552844Z ##[group]Run docker build -t ***/flask-ci-cd-demo .
2025-07-15T13:50:03.3553270Z [36;1mdocker build -t ***/flask-ci-cd-demo .[0m
2025-07-15T13:50:03.3581088Z shell: /usr/bin/bash -e {0}
2025-07-15T13:50:03.3581331Z env:
2025-07-15T13:50:03.3581586Z   pythonLocation: /opt/hostedtoolcache/Python/3.10.18/x64
2025-07-15T13:50:03.3581993Z   PKG_CONFIG_PATH: /opt/hostedtoolcache/Python/3.10.18/x64/lib/pkgconfig
2025-07-15T13:50:03.3582569Z   Python_ROOT_DIR: /opt/hostedtoolcache/Python/3.10.18/x64
2025-07-15T13:50:03.3582947Z   Python2_ROOT_DIR: /opt/hostedtoolcache/Python/3.10.18/x64
2025-07-15T13:50:03.3583298Z   Python3_ROOT_DIR: /opt/hostedtoolcache/Python/3.10.18/x64
2025-07-15T13:50:03.3583656Z   LD_LIBRARY_PATH: /opt/hostedtoolcache/Python/3.10.18/x64/lib
2025-07-15T13:50:03.3583951Z ##[endgroup]
2025-07-15T13:50:06.7824935Z #0 building with "default" instance using docker driver
2025-07-15T13:50:06.7825364Z 
2025-07-15T13:50:06.7825638Z #1 [internal] load build definition from Dockerfile
2025-07-15T13:50:06.7826130Z #1 transferring dockerfile: 714B done
2025-07-15T13:50:06.7826736Z #1 DONE 0.0s
2025-07-15T13:50:06.7826912Z 
2025-07-15T13:50:06.7827144Z #2 [auth] library/python:pull token for registry-1.docker.io
2025-07-15T13:50:06.9331542Z #2 DONE 0.0s
2025-07-15T13:50:06.9331778Z 
2025-07-15T13:50:06.9332074Z #3 [internal] load metadata for docker.io/library/python:3.10-slim
2025-07-15T13:50:07.3420510Z #3 DONE 0.7s
2025-07-15T13:50:07.4635412Z 
2025-07-15T13:50:07.4637492Z #4 [internal] load .dockerignore
2025-07-15T13:50:07.4638426Z #4 transferring context: 2B done
2025-07-15T13:50:07.4639138Z #4 DONE 0.0s
2025-07-15T13:50:07.4639574Z 
2025-07-15T13:50:07.4640685Z #5 [1/6] FROM docker.io/library/python:3.10-slim@sha256:9dd6774a1276178f94b0cc1fb1f0edd980825d0ea7634847af9940b1b6273c13
2025-07-15T13:50:07.4642492Z #5 resolve docker.io/library/python:3.10-slim@sha256:9dd6774a1276178f94b0cc1fb1f0edd980825d0ea7634847af9940b1b6273c13 done
2025-07-15T13:50:07.4643872Z #5 sha256:9dd6774a1276178f94b0cc1fb1f0edd980825d0ea7634847af9940b1b6273c13 9.13kB / 9.13kB done
2025-07-15T13:50:07.4644884Z #5 sha256:c5dbd5ba857839a0aa9db765ea519c1514a40da811b4cf08c852b72fab4379d5 1.75kB / 1.75kB done
2025-07-15T13:50:07.4645928Z #5 sha256:563dffbdc42507a70677ee28b4bb678ad9074e3c9f75e3043523a38dcdf4f553 5.37kB / 5.37kB done
2025-07-15T13:50:07.4651328Z #5 sha256:3da95a905ed546f99c4564407923a681757d89651a388ec3f1f5e9bf5ed0b39d 0B / 28.23MB 0.1s
2025-07-15T13:50:07.4652339Z #5 sha256:0ebcc011f0ec7a9a900f7366b104730396a59032e64f04f3867a75f25ed48280 0B / 3.51MB 0.1s
2025-07-15T13:50:07.4653350Z #5 sha256:92d63ec5cbeb1348bad42929919fd8e78f38d96e388b5509d2929d76ddafb48e 0B / 15.65MB 0.1s
2025-07-15T13:50:07.5637800Z #5 sha256:3da95a905ed546f99c4564407923a681757d89651a388ec3f1f5e9bf5ed0b39d 9.44MB / 28.23MB 0.2s
2025-07-15T13:50:07.6651291Z #5 ...
2025-07-15T13:50:07.6651547Z 
2025-07-15T13:50:07.6651731Z #6 [internal] load build context
2025-07-15T13:50:07.6652133Z #6 transferring context: 29.17MB 0.3s done
2025-07-15T13:50:07.6652529Z #6 DONE 0.3s
2025-07-15T13:50:07.6652706Z 
2025-07-15T13:50:07.6653288Z #5 [1/6] FROM docker.io/library/python:3.10-slim@sha256:9dd6774a1276178f94b0cc1fb1f0edd980825d0ea7634847af9940b1b6273c13
2025-07-15T13:50:07.6654443Z #5 sha256:3da95a905ed546f99c4564407923a681757d89651a388ec3f1f5e9bf5ed0b39d 23.07MB / 28.23MB 0.3s
2025-07-15T13:50:07.6655288Z #5 sha256:0ebcc011f0ec7a9a900f7366b104730396a59032e64f04f3867a75f25ed48280 3.51MB / 3.51MB 0.3s done
2025-07-15T13:50:07.6656172Z #5 sha256:92d63ec5cbeb1348bad42929919fd8e78f38d96e388b5509d2929d76ddafb48e 5.24MB / 15.65MB 0.3s
2025-07-15T13:50:07.6657022Z #5 sha256:64b78282ca88b226c404cb8dfdee72b75eea52c9ac7380c0439b6e03992e483f 0B / 248B 0.3s
2025-07-15T13:50:07.8162409Z #5 sha256:3da95a905ed546f99c4564407923a681757d89651a388ec3f1f5e9bf5ed0b39d 27.26MB / 28.23MB 0.4s
2025-07-15T13:50:07.8163457Z #5 sha256:92d63ec5cbeb1348bad42929919fd8e78f38d96e388b5509d2929d76ddafb48e 15.65MB / 15.65MB 0.4s done
2025-07-15T13:50:07.8164645Z #5 sha256:64b78282ca88b226c404cb8dfdee72b75eea52c9ac7380c0439b6e03992e483f 248B / 248B 0.3s done
2025-07-15T13:50:07.8165437Z #5 extracting sha256:3da95a905ed546f99c4564407923a681757d89651a388ec3f1f5e9bf5ed0b39d
2025-07-15T13:50:07.9184374Z #5 sha256:3da95a905ed546f99c4564407923a681757d89651a388ec3f1f5e9bf5ed0b39d 28.23MB / 28.23MB 0.4s done
2025-07-15T13:50:08.7961216Z #5 extracting sha256:3da95a905ed546f99c4564407923a681757d89651a388ec3f1f5e9bf5ed0b39d 1.0s done
2025-07-15T13:50:08.9389839Z #5 extracting sha256:0ebcc011f0ec7a9a900f7366b104730396a59032e64f04f3867a75f25ed48280 0.1s
2025-07-15T13:50:09.0943936Z #5 extracting sha256:0ebcc011f0ec7a9a900f7366b104730396a59032e64f04f3867a75f25ed48280 0.1s done
2025-07-15T13:50:09.1195895Z #5 extracting sha256:92d63ec5cbeb1348bad42929919fd8e78f38d96e388b5509d2929d76ddafb48e
2025-07-15T13:50:09.8297140Z #5 extracting sha256:92d63ec5cbeb1348bad42929919fd8e78f38d96e388b5509d2929d76ddafb48e 0.6s done
2025-07-15T13:50:09.8298445Z #5 extracting sha256:64b78282ca88b226c404cb8dfdee72b75eea52c9ac7380c0439b6e03992e483f
2025-07-15T13:50:10.0092791Z #5 extracting sha256:64b78282ca88b226c404cb8dfdee72b75eea52c9ac7380c0439b6e03992e483f done
2025-07-15T13:50:10.0093550Z #5 DONE 2.5s
2025-07-15T13:50:10.0093718Z 
2025-07-15T13:50:10.0094270Z #7 [2/6] RUN apt-get update &&     apt-get install -y --no-install-recommends     build-essential     curl     nano     iputils-ping     net-tools     git     && rm -rf /var/lib/apt/lists/*
2025-07-15T13:50:10.0835962Z #7 0.225 Get:1 http://deb.debian.org/debian bookworm InRelease [151 kB]
2025-07-15T13:50:10.2081374Z #7 0.290 Get:2 http://deb.debian.org/debian bookworm-updates InRelease [55.4 kB]
2025-07-15T13:50:10.2082090Z #7 0.310 Get:3 http://deb.debian.org/debian-security bookworm-security InRelease [48.0 kB]
2025-07-15T13:50:10.2082640Z #7 0.349 Get:4 http://deb.debian.org/debian bookworm/main amd64 Packages [8793 kB]
2025-07-15T13:50:10.3344936Z #7 0.475 Get:5 http://deb.debian.org/debian bookworm-updates/main amd64 Packages [756 B]
2025-07-15T13:50:10.4848319Z #7 0.476 Get:6 http://deb.debian.org/debian-security bookworm-security/main amd64 Packages [272 kB]
2025-07-15T13:50:11.0653809Z #7 1.206 Fetched 9320 kB in 1s (8889 kB/s)
2025-07-15T13:50:11.4459527Z #7 1.206 Reading package lists...
2025-07-15T13:50:11.8349990Z #7 1.603 Reading package lists...
2025-07-15T13:50:11.9411612Z #7 1.985 Building dependency tree...
2025-07-15T13:50:12.1838795Z #7 2.082 Reading state information...
2025-07-15T13:50:12.1839411Z #7 2.173 The following additional packages will be installed:
2025-07-15T13:50:12.1840179Z #7 2.173   binutils binutils-common binutils-x86-64-linux-gnu bzip2 cpp cpp-12 dpkg-dev
2025-07-15T13:50:12.1840996Z #7 2.173   g++ g++-12 gcc gcc-12 git-man libasan8 libatomic1 libbinutils libbrotli1
2025-07-15T13:50:12.1841772Z #7 2.173   libc-dev-bin libc6-dev libcap2-bin libcc1-0 libcrypt-dev libctf-nobfd0
2025-07-15T13:50:12.1842330Z #7 2.173   libctf0 libcurl3-gnutls libcurl4 libdpkg-perl liberror-perl libexpat1
2025-07-15T13:50:12.1842883Z #7 2.173   libgcc-12-dev libgdbm-compat4 libgomp1 libgprofng0 libisl23 libitm1
2025-07-15T13:50:12.1843407Z #7 2.173   libjansson4 libldap-2.5-0 liblsan0 libmpc3 libmpfr6 libnghttp2-14 libnsl-dev
2025-07-15T13:50:12.1843945Z #7 2.173   libperl5.36 libpsl5 libquadmath0 librtmp1 libsasl2-2 libsasl2-modules-db
2025-07-15T13:50:12.1844474Z #7 2.174   libssh2-1 libstdc++-12-dev libtirpc-dev libtsan2 libubsan1 linux-libc-dev
2025-07-15T13:50:12.1844968Z #7 2.174   make patch perl perl-modules-5.36 rpcsvc-proto xz-utils
2025-07-15T13:50:12.1845322Z #7 2.175 Suggested packages:
2025-07-15T13:50:12.1845688Z #7 2.175   binutils-doc bzip2-doc cpp-doc gcc-12-locales cpp-12-doc debian-keyring
2025-07-15T13:50:12.1846203Z #7 2.175   g++-multilib g++-12-multilib gcc-12-doc gcc-multilib manpages-dev autoconf
2025-07-15T13:50:12.1846913Z #7 2.175   automake libtool flex bison gdb gcc-doc gcc-12-multilib gettext-base
2025-07-15T13:50:12.1847394Z #7 2.175   git-daemon-run | git-daemon-sysvinit git-doc git-email git-gui gitk gitweb
2025-07-15T13:50:12.1848335Z #7 2.175   git-cvs git-mediawiki git-svn glibc-doc gnupg | sq | sqop | pgpainless-cli
2025-07-15T13:50:12.1848844Z #7 2.175   sensible-utils bzr libstdc++-12-doc make-doc hunspell ed diffutils-doc
2025-07-15T13:50:12.1849302Z #7 2.175   perl-doc libterm-readline-gnu-perl | libterm-readline-perl-perl
2025-07-15T13:50:12.1849677Z #7 2.175   libtap-harness-archive-perl
2025-07-15T13:50:12.1850107Z #7 2.175 Recommended packages:
2025-07-15T13:50:12.1850449Z #7 2.175   fakeroot gnupg | sq | sqop | pgpainless-cli libalgorithm-merge-perl less
2025-07-15T13:50:12.1850877Z #7 2.175   ssh-client manpages manpages-dev libc-devtools libpam-cap
2025-07-15T13:50:12.1851332Z #7 2.175   libfile-fcntllock-perl liblocale-gettext-perl libldap-common publicsuffix
2025-07-15T13:50:12.1851712Z #7 2.175   libsasl2-modules
2025-07-15T13:50:12.2832445Z #7 2.424 The following NEW packages will be installed:
2025-07-15T13:50:12.2834959Z #7 2.424   binutils binutils-common binutils-x86-64-linux-gnu build-essential bzip2 cpp
2025-07-15T13:50:12.4281592Z #7 2.425   cpp-12 curl dpkg-dev g++ g++-12 gcc gcc-12 git git-man iputils-ping libasan8
2025-07-15T13:50:12.4283343Z #7 2.425   libatomic1 libbinutils libbrotli1 libc-dev-bin libc6-dev libcap2-bin
2025-07-15T13:50:12.4284199Z #7 2.425   libcc1-0 libcrypt-dev libctf-nobfd0 libctf0 libcurl3-gnutls libcurl4
2025-07-15T13:50:12.4285028Z #7 2.425   libdpkg-perl liberror-perl libexpat1 libgcc-12-dev libgdbm-compat4 libgomp1
2025-07-15T13:50:12.4285890Z #7 2.425   libgprofng0 libisl23 libitm1 libjansson4 libldap-2.5-0 liblsan0 libmpc3
2025-07-15T13:50:12.4287436Z #7 2.425   libmpfr6 libnghttp2-14 libnsl-dev libperl5.36 libpsl5 libquadmath0 librtmp1
2025-07-15T13:50:12.4288463Z #7 2.425   libsasl2-2 libsasl2-modules-db libssh2-1 libstdc++-12-dev libtirpc-dev
2025-07-15T13:50:12.4289246Z #7 2.426   libtsan2 libubsan1 linux-libc-dev make nano net-tools patch perl
2025-07-15T13:50:12.4289692Z #7 2.426   perl-modules-5.36 rpcsvc-proto xz-utils
2025-07-15T13:50:12.4290125Z #7 2.471 0 upgraded, 65 newly installed, 0 to remove and 0 not upgraded.
2025-07-15T13:50:12.4290492Z #7 2.471 Need to get 86.0 MB of archives.
2025-07-15T13:50:12.4290872Z #7 2.471 After this operation, 371 MB of additional disk space will be used.
2025-07-15T13:50:12.4291458Z #7 2.471 Get:1 http://deb.debian.org/debian bookworm/main amd64 perl-modules-5.36 all 5.36.0-7+deb12u2 [2815 kB]
2025-07-15T13:50:12.4292064Z #7 2.569 Get:2 http://deb.debian.org/debian bookworm/main amd64 libgdbm-compat4 amd64 1.23-3 [48.2 kB]
2025-07-15T13:50:12.5592404Z #7 2.570 Get:3 http://deb.debian.org/debian bookworm/main amd64 libperl5.36 amd64 5.36.0-7+deb12u2 [4207 kB]
2025-07-15T13:50:12.5593465Z #7 2.591 Get:4 http://deb.debian.org/debian bookworm/main amd64 perl amd64 5.36.0-7+deb12u2 [239 kB]
2025-07-15T13:50:12.5594156Z #7 2.592 Get:5 http://deb.debian.org/debian bookworm/main amd64 libcap2-bin amd64 1:2.66-4+deb12u1 [34.8 kB]
2025-07-15T13:50:12.5594939Z #7 2.593 Get:6 http://deb.debian.org/debian bookworm/main amd64 iputils-ping amd64 3:20221126-1+deb12u1 [47.2 kB]
2025-07-15T13:50:12.5596513Z #7 2.593 Get:7 http://deb.debian.org/debian bookworm/main amd64 nano amd64 7.2-1+deb12u1 [690 kB]
2025-07-15T13:50:12.5597497Z #7 2.596 Get:8 http://deb.debian.org/debian bookworm/main amd64 bzip2 amd64 1.0.8-5+b1 [49.8 kB]
2025-07-15T13:50:12.5599503Z #7 2.597 Get:9 http://deb.debian.org/debian bookworm/main amd64 xz-utils amd64 5.4.1-1 [471 kB]
2025-07-15T13:50:12.5600657Z #7 2.599 Get:10 http://deb.debian.org/debian bookworm/main amd64 binutils-common amd64 2.40-2 [2487 kB]
2025-07-15T13:50:12.5601660Z #7 2.610 Get:11 http://deb.debian.org/debian bookworm/main amd64 libbinutils amd64 2.40-2 [572 kB]
2025-07-15T13:50:12.5625075Z #7 2.613 Get:12 http://deb.debian.org/debian bookworm/main amd64 libctf-nobfd0 amd64 2.40-2 [153 kB]
2025-07-15T13:50:12.5625954Z #7 2.614 Get:13 http://deb.debian.org/debian bookworm/main amd64 libctf0 amd64 2.40-2 [89.8 kB]
2025-07-15T13:50:12.5626988Z #7 2.615 Get:14 http://deb.debian.org/debian bookworm/main amd64 libgprofng0 amd64 2.40-2 [812 kB]
2025-07-15T13:50:12.5627633Z #7 2.619 Get:15 http://deb.debian.org/debian bookworm/main amd64 libjansson4 amd64 2.14-2 [40.8 kB]
2025-07-15T13:50:12.5628229Z #7 2.619 Get:16 http://deb.debian.org/debian bookworm/main amd64 binutils-x86-64-linux-gnu amd64 2.40-2 [2246 kB]
2025-07-15T13:50:12.5628806Z #7 2.628 Get:17 http://deb.debian.org/debian bookworm/main amd64 binutils amd64 2.40-2 [65.0 kB]
2025-07-15T13:50:12.5629522Z #7 2.629 Get:18 http://deb.debian.org/debian bookworm/main amd64 libc-dev-bin amd64 2.36-9+deb12u10 [47.1 kB]
2025-07-15T13:50:12.5630182Z #7 2.629 Get:19 http://deb.debian.org/debian-security bookworm-security/main amd64 linux-libc-dev amd64 6.1.140-1 [2145 kB]
2025-07-15T13:50:12.5630818Z #7 2.637 Get:20 http://deb.debian.org/debian bookworm/main amd64 libcrypt-dev amd64 1:4.4.33-2 [118 kB]
2025-07-15T13:50:12.5631381Z #7 2.638 Get:21 http://deb.debian.org/debian bookworm/main amd64 libtirpc-dev amd64 1.3.3+ds-1 [191 kB]
2025-07-15T13:50:12.5631929Z #7 2.639 Get:22 http://deb.debian.org/debian bookworm/main amd64 libnsl-dev amd64 1.3.0-2 [66.4 kB]
2025-07-15T13:50:12.5632487Z #7 2.640 Get:23 http://deb.debian.org/debian bookworm/main amd64 rpcsvc-proto amd64 1.4.3-1 [63.3 kB]
2025-07-15T13:50:12.5633063Z #7 2.640 Get:24 http://deb.debian.org/debian bookworm/main amd64 libc6-dev amd64 2.36-9+deb12u10 [1903 kB]
2025-07-15T13:50:12.5633622Z #7 2.650 Get:25 http://deb.debian.org/debian bookworm/main amd64 libisl23 amd64 0.25-1.1 [683 kB]
2025-07-15T13:50:12.5634139Z #7 2.653 Get:26 http://deb.debian.org/debian bookworm/main amd64 libmpfr6 amd64 4.2.0-1 [701 kB]
2025-07-15T13:50:12.5634644Z #7 2.657 Get:27 http://deb.debian.org/debian bookworm/main amd64 libmpc3 amd64 1.3.1-1 [51.5 kB]
2025-07-15T13:50:12.5635178Z #7 2.657 Get:28 http://deb.debian.org/debian bookworm/main amd64 cpp-12 amd64 12.2.0-14+deb12u1 [9768 kB]
2025-07-15T13:50:12.5635718Z #7 2.700 Get:29 http://deb.debian.org/debian bookworm/main amd64 cpp amd64 4:12.2.0-3 [6836 B]
2025-07-15T13:50:12.6905940Z #7 2.700 Get:30 http://deb.debian.org/debian bookworm/main amd64 libcc1-0 amd64 12.2.0-14+deb12u1 [41.7 kB]
2025-07-15T13:50:12.6907729Z #7 2.701 Get:31 http://deb.debian.org/debian bookworm/main amd64 libgomp1 amd64 12.2.0-14+deb12u1 [116 kB]
2025-07-15T13:50:12.6908704Z #7 2.702 Get:32 http://deb.debian.org/debian bookworm/main amd64 libitm1 amd64 12.2.0-14+deb12u1 [26.1 kB]
2025-07-15T13:50:12.6909734Z #7 2.703 Get:33 http://deb.debian.org/debian bookworm/main amd64 libatomic1 amd64 12.2.0-14+deb12u1 [9376 B]
2025-07-15T13:50:12.6911141Z #7 2.703 Get:34 http://deb.debian.org/debian bookworm/main amd64 libasan8 amd64 12.2.0-14+deb12u1 [2193 kB]
2025-07-15T13:50:12.6912313Z #7 2.714 Get:35 http://deb.debian.org/debian bookworm/main amd64 liblsan0 amd64 12.2.0-14+deb12u1 [969 kB]
2025-07-15T13:50:12.6913102Z #7 2.718 Get:36 http://deb.debian.org/debian bookworm/main amd64 libtsan2 amd64 12.2.0-14+deb12u1 [2197 kB]
2025-07-15T13:50:12.6913715Z #7 2.729 Get:37 http://deb.debian.org/debian bookworm/main amd64 libubsan1 amd64 12.2.0-14+deb12u1 [883 kB]
2025-07-15T13:50:12.6914329Z #7 2.733 Get:38 http://deb.debian.org/debian bookworm/main amd64 libquadmath0 amd64 12.2.0-14+deb12u1 [145 kB]
2025-07-15T13:50:12.6914968Z #7 2.734 Get:39 http://deb.debian.org/debian bookworm/main amd64 libgcc-12-dev amd64 12.2.0-14+deb12u1 [2437 kB]
2025-07-15T13:50:12.6915790Z #7 2.745 Get:40 http://deb.debian.org/debian bookworm/main amd64 gcc-12 amd64 12.2.0-14+deb12u1 [19.3 MB]
2025-07-15T13:50:12.6916581Z #7 2.831 Get:41 http://deb.debian.org/debian bookworm/main amd64 gcc amd64 4:12.2.0-3 [5216 B]
2025-07-15T13:50:12.8023937Z #7 2.832 Get:42 http://deb.debian.org/debian bookworm/main amd64 libstdc++-12-dev amd64 12.2.0-14+deb12u1 [2047 kB]
2025-07-15T13:50:12.8024817Z #7 2.842 Get:43 http://deb.debian.org/debian bookworm/main amd64 g++-12 amd64 12.2.0-14+deb12u1 [10.7 MB]
2025-07-15T13:50:12.8025418Z #7 2.888 Get:44 http://deb.debian.org/debian bookworm/main amd64 g++ amd64 4:12.2.0-3 [1356 B]
2025-07-15T13:50:12.8026235Z #7 2.888 Get:45 http://deb.debian.org/debian bookworm/main amd64 make amd64 4.3-4.1 [396 kB]
2025-07-15T13:50:12.8027143Z #7 2.890 Get:46 http://deb.debian.org/debian bookworm/main amd64 libdpkg-perl all 1.21.22 [603 kB]
2025-07-15T13:50:12.8027741Z #7 2.893 Get:47 http://deb.debian.org/debian bookworm/main amd64 patch amd64 2.7.6-7 [128 kB]
2025-07-15T13:50:12.8028304Z #7 2.894 Get:48 http://deb.debian.org/debian bookworm/main amd64 dpkg-dev all 1.21.22 [1353 kB]
2025-07-15T13:50:12.8029074Z #7 2.899 Get:49 http://deb.debian.org/debian bookworm/main amd64 build-essential amd64 12.9 [7704 B]
2025-07-15T13:50:12.8029688Z #7 2.899 Get:50 http://deb.debian.org/debian bookworm/main amd64 libbrotli1 amd64 1.0.9-2+b6 [275 kB]
2025-07-15T13:50:12.8030349Z #7 2.901 Get:51 http://deb.debian.org/debian bookworm/main amd64 libsasl2-modules-db amd64 2.1.28+dfsg-10 [20.3 kB]
2025-07-15T13:50:12.8031026Z #7 2.901 Get:52 http://deb.debian.org/debian bookworm/main amd64 libsasl2-2 amd64 2.1.28+dfsg-10 [59.7 kB]
2025-07-15T13:50:12.8031680Z #7 2.903 Get:53 http://deb.debian.org/debian bookworm/main amd64 libldap-2.5-0 amd64 2.5.13+dfsg-5 [183 kB]
2025-07-15T13:50:12.8032348Z #7 2.916 Get:54 http://deb.debian.org/debian bookworm/main amd64 libnghttp2-14 amd64 1.52.0-1+deb12u2 [73.0 kB]
2025-07-15T13:50:12.8032981Z #7 2.917 Get:55 http://deb.debian.org/debian bookworm/main amd64 libpsl5 amd64 0.21.2-1 [58.7 kB]
2025-07-15T13:50:12.8033644Z #7 2.918 Get:56 http://deb.debian.org/debian bookworm/main amd64 librtmp1 amd64 2.4+20151223.gitfa8646d.1-2+b2 [60.8 kB]
2025-07-15T13:50:12.8034316Z #7 2.918 Get:57 http://deb.debian.org/debian bookworm/main amd64 libssh2-1 amd64 1.10.0-3+b1 [179 kB]
2025-07-15T13:50:12.8034949Z #7 2.919 Get:58 http://deb.debian.org/debian bookworm/main amd64 libcurl4 amd64 7.88.1-10+deb12u12 [391 kB]
2025-07-15T13:50:12.8035582Z #7 2.922 Get:59 http://deb.debian.org/debian bookworm/main amd64 curl amd64 7.88.1-10+deb12u12 [315 kB]
2025-07-15T13:50:12.8036242Z #7 2.923 Get:60 http://deb.debian.org/debian bookworm/main amd64 libcurl3-gnutls amd64 7.88.1-10+deb12u12 [386 kB]
2025-07-15T13:50:12.8037132Z #7 2.924 Get:61 http://deb.debian.org/debian bookworm/main amd64 libexpat1 amd64 2.5.0-1+deb12u1 [98.9 kB]
2025-07-15T13:50:12.8037766Z #7 2.925 Get:62 http://deb.debian.org/debian bookworm/main amd64 liberror-perl all 0.17029-2 [29.0 kB]
2025-07-15T13:50:12.8038386Z #7 2.930 Get:63 http://deb.debian.org/debian bookworm/main amd64 git-man all 1:2.39.5-0+deb12u2 [2053 kB]
2025-07-15T13:50:12.8038940Z #7 2.944 Get:64 http://deb.debian.org/debian bookworm/main amd64 git amd64 1:2.39.5-0+deb12u2 [7260 kB]
2025-07-15T13:50:12.9295483Z #7 2.975 Get:65 http://deb.debian.org/debian-security bookworm-security/main amd64 net-tools amd64 2.10-0.1+deb12u2 [243 kB]
2025-07-15T13:50:12.9297090Z #7 3.071 debconf: delaying package configuration, since apt-utils is not installed
2025-07-15T13:50:13.1272806Z #7 3.095 Fetched 86.0 MB in 1s (159 MB/s)
2025-07-15T13:50:13.1273501Z #7 3.110 Selecting previously unselected package perl-modules-5.36.
2025-07-15T13:50:13.1274081Z #7 3.110 (Reading database ... 
2025-07-15T13:50:13.1274472Z (Reading database ... 5%
2025-07-15T13:50:13.1274843Z (Reading database ... 10%
2025-07-15T13:50:13.1275212Z (Reading database ... 15%
2025-07-15T13:50:13.1275577Z (Reading database ... 20%
2025-07-15T13:50:13.1275942Z (Reading database ... 25%
2025-07-15T13:50:13.1276296Z (Reading database ... 30%
2025-07-15T13:50:13.1276897Z (Reading database ... 35%
2025-07-15T13:50:13.1277261Z (Reading database ... 40%
2025-07-15T13:50:13.1277614Z (Reading database ... 45%
2025-07-15T13:50:13.1277973Z (Reading database ... 50%
2025-07-15T13:50:13.1278324Z (Reading database ... 55%
2025-07-15T13:50:13.1278665Z (Reading database ... 60%
2025-07-15T13:50:13.1279025Z (Reading database ... 65%
2025-07-15T13:50:13.1279382Z (Reading database ... 70%
2025-07-15T13:50:13.1279721Z (Reading database ... 75%
2025-07-15T13:50:13.1280071Z (Reading database ... 80%
2025-07-15T13:50:13.1280423Z (Reading database ... 85%
2025-07-15T13:50:13.1281058Z (Reading database ... 90%
2025-07-15T13:50:13.1281437Z (Reading database ... 95%
2025-07-15T13:50:13.1281796Z (Reading database ... 100%
2025-07-15T13:50:13.1282306Z (Reading database ... 6688 files and directories currently installed.)
2025-07-15T13:50:13.1283048Z #7 3.117 Preparing to unpack .../00-perl-modules-5.36_5.36.0-7+deb12u2_all.deb ...
2025-07-15T13:50:13.1283738Z #7 3.118 Unpacking perl-modules-5.36 (5.36.0-7+deb12u2) ...
2025-07-15T13:50:13.3014099Z #7 3.443 Selecting previously unselected package libgdbm-compat4:amd64.
2025-07-15T13:50:13.4770032Z #7 3.444 Preparing to unpack .../01-libgdbm-compat4_1.23-3_amd64.deb ...
2025-07-15T13:50:13.4770732Z #7 3.446 Unpacking libgdbm-compat4:amd64 (1.23-3) ...
2025-07-15T13:50:13.4771363Z #7 3.465 Selecting previously unselected package libperl5.36:amd64.
2025-07-15T13:50:13.4772097Z #7 3.466 Preparing to unpack .../02-libperl5.36_5.36.0-7+deb12u2_amd64.deb ...
2025-07-15T13:50:13.4772755Z #7 3.468 Unpacking libperl5.36:amd64 (5.36.0-7+deb12u2) ...
2025-07-15T13:50:13.6115204Z #7 3.753 Selecting previously unselected package perl.
2025-07-15T13:50:13.7590683Z #7 3.754 Preparing to unpack .../03-perl_5.36.0-7+deb12u2_amd64.deb ...
2025-07-15T13:50:13.7591280Z #7 3.760 Unpacking perl (5.36.0-7+deb12u2) ...
2025-07-15T13:50:13.7591644Z #7 3.789 Selecting previously unselected package libcap2-bin.
2025-07-15T13:50:13.7592078Z #7 3.791 Preparing to unpack .../04-libcap2-bin_1%3a2.66-4+deb12u1_amd64.deb ...
2025-07-15T13:50:13.7592488Z #7 3.792 Unpacking libcap2-bin (1:2.66-4+deb12u1) ...
2025-07-15T13:50:13.7592826Z #7 3.810 Selecting previously unselected package iputils-ping.
2025-07-15T13:50:13.7593244Z #7 3.812 Preparing to unpack .../05-iputils-ping_3%3a20221126-1+deb12u1_amd64.deb ...
2025-07-15T13:50:13.7593645Z #7 3.813 Unpacking iputils-ping (3:20221126-1+deb12u1) ...
2025-07-15T13:50:13.7593976Z #7 3.833 Selecting previously unselected package nano.
2025-07-15T13:50:13.7594322Z #7 3.834 Preparing to unpack .../06-nano_7.2-1+deb12u1_amd64.deb ...
2025-07-15T13:50:13.7594659Z #7 3.835 Unpacking nano (7.2-1+deb12u1) ...
2025-07-15T13:50:13.7594976Z #7 3.900 Selecting previously unselected package bzip2.
2025-07-15T13:50:13.9886586Z #7 3.902 Preparing to unpack .../07-bzip2_1.0.8-5+b1_amd64.deb ...
2025-07-15T13:50:13.9887204Z #7 3.903 Unpacking bzip2 (1.0.8-5+b1) ...
2025-07-15T13:50:13.9887748Z #7 3.924 Selecting previously unselected package xz-utils.
2025-07-15T13:50:13.9888403Z #7 3.925 Preparing to unpack .../08-xz-utils_5.4.1-1_amd64.deb ...
2025-07-15T13:50:13.9888933Z #7 3.926 Unpacking xz-utils (5.4.1-1) ...
2025-07-15T13:50:13.9889488Z #7 3.976 Selecting previously unselected package binutils-common:amd64.
2025-07-15T13:50:13.9890039Z #7 3.977 Preparing to unpack .../09-binutils-common_2.40-2_amd64.deb ...
2025-07-15T13:50:13.9890438Z #7 3.979 Unpacking binutils-common:amd64 (2.40-2) ...
2025-07-15T13:50:14.0050624Z #7 4.146 Selecting previously unselected package libbinutils:amd64.
2025-07-15T13:50:14.1188277Z #7 4.148 Preparing to unpack .../10-libbinutils_2.40-2_amd64.deb ...
2025-07-15T13:50:14.1188720Z #7 4.149 Unpacking libbinutils:amd64 (2.40-2) ...
2025-07-15T13:50:14.1189114Z #7 4.204 Selecting previously unselected package libctf-nobfd0:amd64.
2025-07-15T13:50:14.1189529Z #7 4.205 Preparing to unpack .../11-libctf-nobfd0_2.40-2_amd64.deb ...
2025-07-15T13:50:14.1189888Z #7 4.207 Unpacking libctf-nobfd0:amd64 (2.40-2) ...
2025-07-15T13:50:14.1190235Z #7 4.234 Selecting previously unselected package libctf0:amd64.
2025-07-15T13:50:14.1190597Z #7 4.235 Preparing to unpack .../12-libctf0_2.40-2_amd64.deb ...
2025-07-15T13:50:14.1190913Z #7 4.237 Unpacking libctf0:amd64 (2.40-2) ...
2025-07-15T13:50:14.1191251Z #7 4.260 Selecting previously unselected package libgprofng0:amd64.
2025-07-15T13:50:14.3629897Z #7 4.261 Preparing to unpack .../13-libgprofng0_2.40-2_amd64.deb ...
2025-07-15T13:50:14.3630467Z #7 4.263 Unpacking libgprofng0:amd64 (2.40-2) ...
2025-07-15T13:50:14.3631178Z #7 4.331 Selecting previously unselected package libjansson4:amd64.
2025-07-15T13:50:14.3631632Z #7 4.332 Preparing to unpack .../14-libjansson4_2.14-2_amd64.deb ...
2025-07-15T13:50:14.3631983Z #7 4.333 Unpacking libjansson4:amd64 (2.14-2) ...
2025-07-15T13:50:14.3632353Z #7 4.351 Selecting previously unselected package binutils-x86-64-linux-gnu.
2025-07-15T13:50:14.3632820Z #7 4.352 Preparing to unpack .../15-binutils-x86-64-linux-gnu_2.40-2_amd64.deb ...
2025-07-15T13:50:14.3633403Z #7 4.354 Unpacking binutils-x86-64-linux-gnu (2.40-2) ...
2025-07-15T13:50:14.3809066Z #7 4.522 Selecting previously unselected package binutils.
2025-07-15T13:50:14.5784848Z #7 4.523 Preparing to unpack .../16-binutils_2.40-2_amd64.deb ...
2025-07-15T13:50:14.5785508Z #7 4.525 Unpacking binutils (2.40-2) ...
2025-07-15T13:50:14.5785918Z #7 4.547 Selecting previously unselected package libc-dev-bin.
2025-07-15T13:50:14.5786597Z #7 4.549 Preparing to unpack .../17-libc-dev-bin_2.36-9+deb12u10_amd64.deb ...
2025-07-15T13:50:14.5787065Z #7 4.550 Unpacking libc-dev-bin (2.36-9+deb12u10) ...
2025-07-15T13:50:14.5787529Z #7 4.567 Selecting previously unselected package linux-libc-dev:amd64.
2025-07-15T13:50:14.5788032Z #7 4.568 Preparing to unpack .../18-linux-libc-dev_6.1.140-1_amd64.deb ...
2025-07-15T13:50:14.5788471Z #7 4.569 Unpacking linux-libc-dev:amd64 (6.1.140-1) ...
2025-07-15T13:50:14.6313433Z #7 4.772 Selecting previously unselected package libcrypt-dev:amd64.
2025-07-15T13:50:14.7408286Z #7 4.774 Preparing to unpack .../19-libcrypt-dev_1%3a4.4.33-2_amd64.deb ...
2025-07-15T13:50:14.7409641Z #7 4.780 Unpacking libcrypt-dev:amd64 (1:4.4.33-2) ...
2025-07-15T13:50:14.7410252Z #7 4.804 Selecting previously unselected package libtirpc-dev:amd64.
2025-07-15T13:50:14.7410911Z #7 4.805 Preparing to unpack .../20-libtirpc-dev_1.3.3+ds-1_amd64.deb ...
2025-07-15T13:50:14.7411471Z #7 4.807 Unpacking libtirpc-dev:amd64 (1.3.3+ds-1) ...
2025-07-15T13:50:14.7412022Z #7 4.835 Selecting previously unselected package libnsl-dev:amd64.
2025-07-15T13:50:14.7412653Z #7 4.836 Preparing to unpack .../21-libnsl-dev_1.3.0-2_amd64.deb ...
2025-07-15T13:50:14.7413168Z #7 4.837 Unpacking libnsl-dev:amd64 (1.3.0-2) ...
2025-07-15T13:50:14.7413670Z #7 4.857 Selecting previously unselected package rpcsvc-proto.
2025-07-15T13:50:14.7414253Z #7 4.858 Preparing to unpack .../22-rpcsvc-proto_1.4.3-1_amd64.deb ...
2025-07-15T13:50:14.7414769Z #7 4.860 Unpacking rpcsvc-proto (1.4.3-1) ...
2025-07-15T13:50:14.7415277Z #7 4.882 Selecting previously unselected package libc6-dev:amd64.
2025-07-15T13:50:14.8943444Z #7 4.884 Preparing to unpack .../23-libc6-dev_2.36-9+deb12u10_amd64.deb ...
2025-07-15T13:50:14.8944142Z #7 4.885 Unpacking libc6-dev:amd64 (2.36-9+deb12u10) ...
2025-07-15T13:50:14.8952331Z #7 5.036 Selecting previously unselected package libisl23:amd64.
2025-07-15T13:50:15.0071972Z #7 5.038 Preparing to unpack .../24-libisl23_0.25-1.1_amd64.deb ...
2025-07-15T13:50:15.0072469Z #7 5.040 Unpacking libisl23:amd64 (0.25-1.1) ...
2025-07-15T13:50:15.0072837Z #7 5.102 Selecting previously unselected package libmpfr6:amd64.
2025-07-15T13:50:15.0073280Z #7 5.103 Preparing to unpack .../25-libmpfr6_4.2.0-1_amd64.deb ...
2025-07-15T13:50:15.0073633Z #7 5.105 Unpacking libmpfr6:amd64 (4.2.0-1) ...
2025-07-15T13:50:15.0073969Z #7 5.148 Selecting previously unselected package libmpc3:amd64.
2025-07-15T13:50:15.1841113Z #7 5.150 Preparing to unpack .../26-libmpc3_1.3.1-1_amd64.deb ...
2025-07-15T13:50:15.1841744Z #7 5.151 Unpacking libmpc3:amd64 (1.3.1-1) ...
2025-07-15T13:50:15.1842099Z #7 5.172 Selecting previously unselected package cpp-12.
2025-07-15T13:50:15.1842517Z #7 5.173 Preparing to unpack .../27-cpp-12_12.2.0-14+deb12u1_amd64.deb ...
2025-07-15T13:50:15.1842890Z #7 5.175 Unpacking cpp-12 (12.2.0-14+deb12u1) ...
2025-07-15T13:50:15.5271484Z #7 5.668 Selecting previously unselected package cpp.
2025-07-15T13:50:15.6274133Z #7 5.670 Preparing to unpack .../28-cpp_4%3a12.2.0-3_amd64.deb ...
2025-07-15T13:50:15.6274699Z #7 5.671 Unpacking cpp (4:12.2.0-3) ...
2025-07-15T13:50:15.6275352Z #7 5.690 Selecting previously unselected package libcc1-0:amd64.
2025-07-15T13:50:15.6275850Z #7 5.692 Preparing to unpack .../29-libcc1-0_12.2.0-14+deb12u1_amd64.deb ...
2025-07-15T13:50:15.6276273Z #7 5.693 Unpacking libcc1-0:amd64 (12.2.0-14+deb12u1) ...
2025-07-15T13:50:15.6276910Z #7 5.714 Selecting previously unselected package libgomp1:amd64.
2025-07-15T13:50:15.6277369Z #7 5.715 Preparing to unpack .../30-libgomp1_12.2.0-14+deb12u1_amd64.deb ...
2025-07-15T13:50:15.6278099Z #7 5.717 Unpacking libgomp1:amd64 (12.2.0-14+deb12u1) ...
2025-07-15T13:50:15.6278495Z #7 5.743 Selecting previously unselected package libitm1:amd64.
2025-07-15T13:50:15.6278933Z #7 5.744 Preparing to unpack .../31-libitm1_12.2.0-14+deb12u1_amd64.deb ...
2025-07-15T13:50:15.6279346Z #7 5.746 Unpacking libitm1:amd64 (12.2.0-14+deb12u1) ...
2025-07-15T13:50:15.6279737Z #7 5.766 Selecting previously unselected package libatomic1:amd64.
2025-07-15T13:50:15.6280183Z #7 5.767 Preparing to unpack .../32-libatomic1_12.2.0-14+deb12u1_amd64.deb ...
2025-07-15T13:50:15.6280619Z #7 5.769 Unpacking libatomic1:amd64 (12.2.0-14+deb12u1) ...
2025-07-15T13:50:15.7975832Z #7 5.787 Selecting previously unselected package libasan8:amd64.
2025-07-15T13:50:15.7976660Z #7 5.788 Preparing to unpack .../33-libasan8_12.2.0-14+deb12u1_amd64.deb ...
2025-07-15T13:50:15.7977080Z #7 5.789 Unpacking libasan8:amd64 (12.2.0-14+deb12u1) ...
2025-07-15T13:50:15.7977453Z #7 5.939 Selecting previously unselected package liblsan0:amd64.
2025-07-15T13:50:16.0279916Z #7 5.940 Preparing to unpack .../34-liblsan0_12.2.0-14+deb12u1_amd64.deb ...
2025-07-15T13:50:16.0280657Z #7 5.942 Unpacking liblsan0:amd64 (12.2.0-14+deb12u1) ...
2025-07-15T13:50:16.0281246Z #7 6.017 Selecting previously unselected package libtsan2:amd64.
2025-07-15T13:50:16.0281912Z #7 6.019 Preparing to unpack .../35-libtsan2_12.2.0-14+deb12u1_amd64.deb ...
2025-07-15T13:50:16.0282523Z #7 6.020 Unpacking libtsan2:amd64 (12.2.0-14+deb12u1) ...
2025-07-15T13:50:16.0283103Z #7 6.169 Selecting previously unselected package libubsan1:amd64.
2025-07-15T13:50:16.1292271Z #7 6.171 Preparing to unpack .../36-libubsan1_12.2.0-14+deb12u1_amd64.deb ...
2025-07-15T13:50:16.1292988Z #7 6.173 Unpacking libubsan1:amd64 (12.2.0-14+deb12u1) ...
2025-07-15T13:50:16.1293551Z #7 6.245 Selecting previously unselected package libquadmath0:amd64.
2025-07-15T13:50:16.1294060Z #7 6.246 Preparing to unpack .../37-libquadmath0_12.2.0-14+deb12u1_amd64.deb ...
2025-07-15T13:50:16.1294500Z #7 6.247 Unpacking libquadmath0:amd64 (12.2.0-14+deb12u1) ...
2025-07-15T13:50:16.1294889Z #7 6.270 Selecting previously unselected package libgcc-12-dev:amd64.
2025-07-15T13:50:16.2822126Z #7 6.272 Preparing to unpack .../38-libgcc-12-dev_12.2.0-14+deb12u1_amd64.deb ...
2025-07-15T13:50:16.2822712Z #7 6.273 Unpacking libgcc-12-dev:amd64 (12.2.0-14+deb12u1) ...
2025-07-15T13:50:16.2831877Z #7 6.424 Selecting previously unselected package gcc-12.
2025-07-15T13:50:16.4365953Z #7 6.426 Preparing to unpack .../39-gcc-12_12.2.0-14+deb12u1_amd64.deb ...
2025-07-15T13:50:16.4369913Z #7 6.427 Unpacking gcc-12 (12.2.0-14+deb12u1) ...
2025-07-15T13:50:16.8817070Z #7 7.023 Selecting previously unselected package gcc.
2025-07-15T13:50:17.0550142Z #7 7.024 Preparing to unpack .../40-gcc_4%3a12.2.0-3_amd64.deb ...
2025-07-15T13:50:17.0550728Z #7 7.026 Unpacking gcc (4:12.2.0-3) ...
2025-07-15T13:50:17.0551170Z #7 7.044 Selecting previously unselected package libstdc++-12-dev:amd64.
2025-07-15T13:50:17.0551702Z #7 7.045 Preparing to unpack .../41-libstdc++-12-dev_12.2.0-14+deb12u1_amd64.deb ...
2025-07-15T13:50:17.0552165Z #7 7.046 Unpacking libstdc++-12-dev:amd64 (12.2.0-14+deb12u1) ...
2025-07-15T13:50:17.1201520Z #7 7.261 Selecting previously unselected package g++-12.
2025-07-15T13:50:17.2732118Z #7 7.263 Preparing to unpack .../42-g++-12_12.2.0-14+deb12u1_amd64.deb ...
2025-07-15T13:50:17.2732789Z #7 7.264 Unpacking g++-12 (12.2.0-14+deb12u1) ...
2025-07-15T13:50:17.6391063Z #7 7.780 Selecting previously unselected package g++.
2025-07-15T13:50:17.7588185Z #7 7.782 Preparing to unpack .../43-g++_4%3a12.2.0-3_amd64.deb ...
2025-07-15T13:50:17.7588623Z #7 7.783 Unpacking g++ (4:12.2.0-3) ...
2025-07-15T13:50:17.7588938Z #7 7.799 Selecting previously unselected package make.
2025-07-15T13:50:17.7589296Z #7 7.800 Preparing to unpack .../44-make_4.3-4.1_amd64.deb ...
2025-07-15T13:50:17.7589609Z #7 7.801 Unpacking make (4.3-4.1) ...
2025-07-15T13:50:17.7589925Z #7 7.842 Selecting previously unselected package libdpkg-perl.
2025-07-15T13:50:17.7590512Z #7 7.844 Preparing to unpack .../45-libdpkg-perl_1.21.22_all.deb ...
2025-07-15T13:50:17.7590876Z #7 7.845 Unpacking libdpkg-perl (1.21.22) ...
2025-07-15T13:50:17.7591197Z #7 7.900 Selecting previously unselected package patch.
2025-07-15T13:50:17.8786749Z #7 7.902 Preparing to unpack .../46-patch_2.7.6-7_amd64.deb ...
2025-07-15T13:50:17.8787910Z #7 7.903 Unpacking patch (2.7.6-7) ...
2025-07-15T13:50:17.8788420Z #7 7.927 Selecting previously unselected package dpkg-dev.
2025-07-15T13:50:17.8788971Z #7 7.928 Preparing to unpack .../47-dpkg-dev_1.21.22_all.deb ...
2025-07-15T13:50:17.8789484Z #7 7.929 Unpacking dpkg-dev (1.21.22) ...
2025-07-15T13:50:17.8789975Z #7 8.020 Selecting previously unselected package build-essential.
2025-07-15T13:50:17.9807081Z #7 8.022 Preparing to unpack .../48-build-essential_12.9_amd64.deb ...
2025-07-15T13:50:17.9807656Z #7 8.023 Unpacking build-essential (12.9) ...
2025-07-15T13:50:17.9808027Z #7 8.042 Selecting previously unselected package libbrotli1:amd64.
2025-07-15T13:50:17.9808489Z #7 8.044 Preparing to unpack .../49-libbrotli1_1.0.9-2+b6_amd64.deb ...
2025-07-15T13:50:17.9808865Z #7 8.045 Unpacking libbrotli1:amd64 (1.0.9-2+b6) ...
2025-07-15T13:50:17.9809250Z #7 8.077 Selecting previously unselected package libsasl2-modules-db:amd64.
2025-07-15T13:50:17.9809710Z #7 8.078 Preparing to unpack .../50-libsasl2-modules-db_2.1.28+dfsg-10_amd64.deb ...
2025-07-15T13:50:17.9810128Z #7 8.079 Unpacking libsasl2-modules-db:amd64 (2.1.28+dfsg-10) ...
2025-07-15T13:50:17.9810517Z #7 8.098 Selecting previously unselected package libsasl2-2:amd64.
2025-07-15T13:50:17.9810925Z #7 8.100 Preparing to unpack .../51-libsasl2-2_2.1.28+dfsg-10_amd64.deb ...
2025-07-15T13:50:17.9811289Z #7 8.101 Unpacking libsasl2-2:amd64 (2.1.28+dfsg-10) ...
2025-07-15T13:50:17.9811649Z #7 8.122 Selecting previously unselected package libldap-2.5-0:amd64.
2025-07-15T13:50:18.0897356Z #7 8.123 Preparing to unpack .../52-libldap-2.5-0_2.5.13+dfsg-5_amd64.deb ...
2025-07-15T13:50:18.0897933Z #7 8.124 Unpacking libldap-2.5-0:amd64 (2.5.13+dfsg-5) ...
2025-07-15T13:50:18.0898329Z #7 8.155 Selecting previously unselected package libnghttp2-14:amd64.
2025-07-15T13:50:18.0898785Z #7 8.157 Preparing to unpack .../53-libnghttp2-14_1.52.0-1+deb12u2_amd64.deb ...
2025-07-15T13:50:18.0899198Z #7 8.158 Unpacking libnghttp2-14:amd64 (1.52.0-1+deb12u2) ...
2025-07-15T13:50:18.0899561Z #7 8.182 Selecting previously unselected package libpsl5:amd64.
2025-07-15T13:50:18.0899930Z #7 8.184 Preparing to unpack .../54-libpsl5_0.21.2-1_amd64.deb ...
2025-07-15T13:50:18.0900273Z #7 8.185 Unpacking libpsl5:amd64 (0.21.2-1) ...
2025-07-15T13:50:18.0900596Z #7 8.206 Selecting previously unselected package librtmp1:amd64.
2025-07-15T13:50:18.0901025Z #7 8.207 Preparing to unpack .../55-librtmp1_2.4+20151223.gitfa8646d.1-2+b2_amd64.deb ...
2025-07-15T13:50:18.0901467Z #7 8.208 Unpacking librtmp1:amd64 (2.4+20151223.gitfa8646d.1-2+b2) ...
2025-07-15T13:50:18.0901862Z #7 8.231 Selecting previously unselected package libssh2-1:amd64.
2025-07-15T13:50:18.1917223Z #7 8.233 Preparing to unpack .../56-libssh2-1_1.10.0-3+b1_amd64.deb ...
2025-07-15T13:50:18.1917835Z #7 8.234 Unpacking libssh2-1:amd64 (1.10.0-3+b1) ...
2025-07-15T13:50:18.1918373Z #7 8.262 Selecting previously unselected package libcurl4:amd64.
2025-07-15T13:50:18.1919034Z #7 8.264 Preparing to unpack .../57-libcurl4_7.88.1-10+deb12u12_amd64.deb ...
2025-07-15T13:50:18.1919621Z #7 8.265 Unpacking libcurl4:amd64 (7.88.1-10+deb12u12) ...
2025-07-15T13:50:18.1920129Z #7 8.299 Selecting previously unselected package curl.
2025-07-15T13:50:18.1920989Z #7 8.301 Preparing to unpack .../58-curl_7.88.1-10+deb12u12_amd64.deb ...
2025-07-15T13:50:18.1921542Z #7 8.302 Unpacking curl (7.88.1-10+deb12u12) ...
2025-07-15T13:50:18.1922083Z #7 8.333 Selecting previously unselected package libcurl3-gnutls:amd64.
2025-07-15T13:50:18.3644595Z #7 8.335 Preparing to unpack .../59-libcurl3-gnutls_7.88.1-10+deb12u12_amd64.deb ...
2025-07-15T13:50:18.3645815Z #7 8.336 Unpacking libcurl3-gnutls:amd64 (7.88.1-10+deb12u12) ...
2025-07-15T13:50:18.3646988Z #7 8.371 Selecting previously unselected package libexpat1:amd64.
2025-07-15T13:50:18.3647633Z #7 8.373 Preparing to unpack .../60-libexpat1_2.5.0-1+deb12u1_amd64.deb ...
2025-07-15T13:50:18.3648211Z #7 8.374 Unpacking libexpat1:amd64 (2.5.0-1+deb12u1) ...
2025-07-15T13:50:18.3648737Z #7 8.396 Selecting previously unselected package liberror-perl.
2025-07-15T13:50:18.3649299Z #7 8.397 Preparing to unpack .../61-liberror-perl_0.17029-2_all.deb ...
2025-07-15T13:50:18.3649810Z #7 8.399 Unpacking liberror-perl (0.17029-2) ...
2025-07-15T13:50:18.3650301Z #7 8.417 Selecting previously unselected package git-man.
2025-07-15T13:50:18.3650836Z #7 8.418 Preparing to unpack .../62-git-man_1%3a2.39.5-0+deb12u2_all.deb ...
2025-07-15T13:50:18.3651352Z #7 8.419 Unpacking git-man (1:2.39.5-0+deb12u2) ...
2025-07-15T13:50:18.3651799Z #7 8.505 Selecting previously unselected package git.
2025-07-15T13:50:18.5226830Z #7 8.508 Preparing to unpack .../63-git_1%3a2.39.5-0+deb12u2_amd64.deb ...
2025-07-15T13:50:18.5228473Z #7 8.513 Unpacking git (1:2.39.5-0+deb12u2) ...
2025-07-15T13:50:18.6780192Z #7 8.819 Selecting previously unselected package net-tools.
2025-07-15T13:50:18.7790985Z #7 8.821 Preparing to unpack .../64-net-tools_2.10-0.1+deb12u2_amd64.deb ...
2025-07-15T13:50:18.7791663Z #7 8.822 Unpacking net-tools (2.10-0.1+deb12u2) ...
2025-07-15T13:50:18.7792354Z #7 8.863 Setting up libexpat1:amd64 (2.5.0-1+deb12u1) ...
2025-07-15T13:50:18.7792873Z #7 8.867 Setting up net-tools (2.10-0.1+deb12u2) ...
2025-07-15T13:50:18.7793496Z #7 8.870 Setting up libpsl5:amd64 (0.21.2-1) ...
2025-07-15T13:50:18.7793973Z #7 8.873 Setting up libbrotli1:amd64 (1.0.9-2+b6) ...
2025-07-15T13:50:18.7794332Z #7 8.876 Setting up binutils-common:amd64 (2.40-2) ...
2025-07-15T13:50:18.7794680Z #7 8.881 Setting up libnghttp2-14:amd64 (1.52.0-1+deb12u2) ...
2025-07-15T13:50:18.7795025Z #7 8.886 Setting up linux-libc-dev:amd64 (6.1.140-1) ...
2025-07-15T13:50:18.7795359Z #7 8.891 Setting up libctf-nobfd0:amd64 (2.40-2) ...
2025-07-15T13:50:18.7795805Z #7 8.894 Setting up libgomp1:amd64 (12.2.0-14+deb12u1) ...
2025-07-15T13:50:18.7796107Z #7 8.897 Setting up bzip2 (1.0.8-5+b1) ...
2025-07-15T13:50:18.7796800Z #7 8.899 Setting up libjansson4:amd64 (2.14-2) ...
2025-07-15T13:50:18.7797409Z #7 8.902 Setting up libsasl2-modules-db:amd64 (2.1.28+dfsg-10) ...
2025-07-15T13:50:18.7798032Z #7 8.904 Setting up libcap2-bin (1:2.66-4+deb12u1) ...
2025-07-15T13:50:18.7798563Z #7 8.907 Setting up perl-modules-5.36 (5.36.0-7+deb12u2) ...
2025-07-15T13:50:18.7798936Z #7 8.910 Setting up libtirpc-dev:amd64 (1.3.3+ds-1) ...
2025-07-15T13:50:18.7799252Z #7 8.912 Setting up rpcsvc-proto (1.4.3-1) ...
2025-07-15T13:50:18.7799528Z #7 8.915 Setting up make (4.3-4.1) ...
2025-07-15T13:50:18.7800025Z #7 8.918 Setting up libmpfr6:amd64 (4.2.0-1) ...
2025-07-15T13:50:18.7800409Z #7 8.920 Setting up librtmp1:amd64 (2.4+20151223.gitfa8646d.1-2+b2) ...
2025-07-15T13:50:18.8809921Z #7 8.923 Setting up xz-utils (5.4.1-1) ...
2025-07-15T13:50:18.8810884Z #7 8.927 update-alternatives: using /usr/bin/xz to provide /usr/bin/lzma (lzma) in auto mode
2025-07-15T13:50:18.8811895Z #7 8.928 update-alternatives: warning: skip creation of /usr/share/man/man1/lzma.1.gz because associated file /usr/share/man/man1/xz.1.gz (of link group lzma) doesn't exist
2025-07-15T13:50:18.8813126Z #7 8.928 update-alternatives: warning: skip creation of /usr/share/man/man1/unlzma.1.gz because associated file /usr/share/man/man1/unxz.1.gz (of link group lzma) doesn't exist
2025-07-15T13:50:18.8814605Z #7 8.928 update-alternatives: warning: skip creation of /usr/share/man/man1/lzcat.1.gz because associated file /usr/share/man/man1/xzcat.1.gz (of link group lzma) doesn't exist
2025-07-15T13:50:18.8815703Z #7 8.929 update-alternatives: warning: skip creation of /usr/share/man/man1/lzmore.1.gz because associated file /usr/share/man/man1/xzmore.1.gz (of link group lzma) doesn't exist
2025-07-15T13:50:18.8817301Z #7 8.929 update-alternatives: warning: skip creation of /usr/share/man/man1/lzless.1.gz because associated file /usr/share/man/man1/xzless.1.gz (of link group lzma) doesn't exist
2025-07-15T13:50:18.8821643Z #7 8.929 update-alternatives: warning: skip creation of /usr/share/man/man1/lzdiff.1.gz because associated file /usr/share/man/man1/xzdiff.1.gz (of link group lzma) doesn't exist
2025-07-15T13:50:18.8823047Z #7 8.929 update-alternatives: warning: skip creation of /usr/share/man/man1/lzcmp.1.gz because associated file /usr/share/man/man1/xzcmp.1.gz (of link group lzma) doesn't exist
2025-07-15T13:50:18.8824353Z #7 8.929 update-alternatives: warning: skip creation of /usr/share/man/man1/lzgrep.1.gz because associated file /usr/share/man/man1/xzgrep.1.gz (of link group lzma) doesn't exist
2025-07-15T13:50:18.8825695Z #7 8.930 update-alternatives: warning: skip creation of /usr/share/man/man1/lzegrep.1.gz because associated file /usr/share/man/man1/xzegrep.1.gz (of link group lzma) doesn't exist
2025-07-15T13:50:18.8827100Z #7 8.930 update-alternatives: warning: skip creation of /usr/share/man/man1/lzfgrep.1.gz because associated file /usr/share/man/man1/xzfgrep.1.gz (of link group lzma) doesn't exist
2025-07-15T13:50:18.8827972Z #7 8.933 Setting up libquadmath0:amd64 (12.2.0-14+deb12u1) ...
2025-07-15T13:50:18.8828300Z #7 8.935 Setting up libmpc3:amd64 (1.3.1-1) ...
2025-07-15T13:50:18.8828611Z #7 8.938 Setting up libatomic1:amd64 (12.2.0-14+deb12u1) ...
2025-07-15T13:50:18.8828910Z #7 8.941 Setting up patch (2.7.6-7) ...
2025-07-15T13:50:18.8829187Z #7 8.943 Setting up libgdbm-compat4:amd64 (1.23-3) ...
2025-07-15T13:50:18.8829513Z #7 8.946 Setting up libsasl2-2:amd64 (2.1.28+dfsg-10) ...
2025-07-15T13:50:18.8829940Z #7 8.948 Setting up libubsan1:amd64 (12.2.0-14+deb12u1) ...
2025-07-15T13:50:18.8830241Z #7 8.951 Setting up nano (7.2-1+deb12u1) ...
2025-07-15T13:50:18.8830796Z #7 8.956 update-alternatives: using /bin/nano to provide /usr/bin/editor (editor) in auto mode
2025-07-15T13:50:18.8831628Z #7 8.956 update-alternatives: warning: skip creation of /usr/share/man/man1/editor.1.gz because associated file /usr/share/man/man1/nano.1.gz (of link group editor) doesn't exist
2025-07-15T13:50:18.8832433Z #7 8.957 update-alternatives: using /bin/nano to provide /usr/bin/pico (pico) in auto mode
2025-07-15T13:50:18.8833221Z #7 8.958 update-alternatives: warning: skip creation of /usr/share/man/man1/pico.1.gz because associated file /usr/share/man/man1/nano.1.gz (of link group pico) doesn't exist
2025-07-15T13:50:18.8833885Z #7 8.959 Setting up libnsl-dev:amd64 (1.3.0-2) ...
2025-07-15T13:50:18.8834192Z #7 8.962 Setting up libcrypt-dev:amd64 (1:4.4.33-2) ...
2025-07-15T13:50:18.8834510Z #7 8.969 Setting up libasan8:amd64 (12.2.0-14+deb12u1) ...
2025-07-15T13:50:18.8834808Z #7 8.971 Setting up git-man (1:2.39.5-0+deb12u2) ...
2025-07-15T13:50:18.8835102Z #7 8.974 Setting up libssh2-1:amd64 (1.10.0-3+b1) ...
2025-07-15T13:50:18.8835406Z #7 8.976 Setting up libtsan2:amd64 (12.2.0-14+deb12u1) ...
2025-07-15T13:50:18.8835698Z #7 8.979 Setting up libbinutils:amd64 (2.40-2) ...
2025-07-15T13:50:18.8835990Z #7 8.981 Setting up libisl23:amd64 (0.25-1.1) ...
2025-07-15T13:50:18.8836282Z #7 8.984 Setting up libc-dev-bin (2.36-9+deb12u10) ...
2025-07-15T13:50:18.8836894Z #7 8.987 Setting up iputils-ping (3:20221126-1+deb12u1) ...
2025-07-15T13:50:18.8837216Z #7 8.997 Setting up libcc1-0:amd64 (12.2.0-14+deb12u1) ...
2025-07-15T13:50:18.8837534Z #7 9.000 Setting up libperl5.36:amd64 (5.36.0-7+deb12u2) ...
2025-07-15T13:50:18.8837847Z #7 9.008 Setting up liblsan0:amd64 (12.2.0-14+deb12u1) ...
2025-07-15T13:50:18.8838322Z #7 9.011 Setting up libitm1:amd64 (12.2.0-14+deb12u1) ...
2025-07-15T13:50:18.8838649Z #7 9.014 Setting up libctf0:amd64 (2.40-2) ...
2025-07-15T13:50:18.8838930Z #7 9.017 Setting up cpp-12 (12.2.0-14+deb12u1) ...
2025-07-15T13:50:18.8839226Z #7 9.020 Setting up libldap-2.5-0:amd64 (2.5.13+dfsg-5) ...
2025-07-15T13:50:18.8839528Z #7 9.022 Setting up perl (5.36.0-7+deb12u2) ...
2025-07-15T13:50:19.1152058Z #7 9.032 Setting up libgprofng0:amd64 (2.40-2) ...
2025-07-15T13:50:19.1153090Z #7 9.035 Setting up libgcc-12-dev:amd64 (12.2.0-14+deb12u1) ...
2025-07-15T13:50:19.1153463Z #7 9.038 Setting up libdpkg-perl (1.21.22) ...
2025-07-15T13:50:19.1153751Z #7 9.041 Setting up cpp (4:12.2.0-3) ...
2025-07-15T13:50:19.1154060Z #7 9.046 Setting up libcurl4:amd64 (7.88.1-10+deb12u12) ...
2025-07-15T13:50:19.1154404Z #7 9.051 Setting up libc6-dev:amd64 (2.36-9+deb12u10) ...
2025-07-15T13:50:19.1154716Z #7 9.053 Setting up curl (7.88.1-10+deb12u12) ...
2025-07-15T13:50:19.1155041Z #7 9.056 Setting up binutils-x86-64-linux-gnu (2.40-2) ...
2025-07-15T13:50:19.1155422Z #7 9.058 Setting up libstdc++-12-dev:amd64 (12.2.0-14+deb12u1) ...
2025-07-15T13:50:19.1155800Z #7 9.060 Setting up libcurl3-gnutls:amd64 (7.88.1-10+deb12u12) ...
2025-07-15T13:50:19.1156128Z #7 9.063 Setting up binutils (2.40-2) ...
2025-07-15T13:50:19.1156695Z #7 9.066 Setting up dpkg-dev (1.21.22) ...
2025-07-15T13:50:19.1157019Z #7 9.070 Setting up liberror-perl (0.17029-2) ...
2025-07-15T13:50:19.1157333Z #7 9.073 Setting up gcc-12 (12.2.0-14+deb12u1) ...
2025-07-15T13:50:19.1157625Z #7 9.075 Setting up git (1:2.39.5-0+deb12u2) ...
2025-07-15T13:50:19.1157912Z #7 9.084 Setting up g++-12 (12.2.0-14+deb12u1) ...
2025-07-15T13:50:19.1158180Z #7 9.086 Setting up gcc (4:12.2.0-3) ...
2025-07-15T13:50:19.1158437Z #7 9.096 Setting up g++ (4:12.2.0-3) ...
2025-07-15T13:50:19.1158882Z #7 9.100 update-alternatives: using /usr/bin/g++ to provide /usr/bin/c++ (c++) in auto mode
2025-07-15T13:50:19.1159312Z #7 9.102 Setting up build-essential (12.9) ...
2025-07-15T13:50:19.1159650Z #7 9.106 Processing triggers for libc-bin (2.36-9+deb12u10) ...
2025-07-15T13:50:19.5734555Z #7 DONE 9.7s
2025-07-15T13:50:19.7341831Z 
2025-07-15T13:50:19.7342181Z #8 [3/6] WORKDIR /app
2025-07-15T13:50:19.7342452Z #8 DONE 0.0s
2025-07-15T13:50:19.7342570Z 
2025-07-15T13:50:19.7342650Z #9 [4/6] COPY . .
2025-07-15T13:50:19.8237226Z #9 DONE 0.2s
2025-07-15T13:50:19.9747776Z 
2025-07-15T13:50:19.9748230Z #10 [5/6] RUN pip install --upgrade pip
2025-07-15T13:50:21.0517510Z #10 1.227 Requirement already satisfied: pip in /usr/local/lib/python3.10/site-packages (23.0.1)
2025-07-15T13:50:21.2009709Z #10 1.376 Collecting pip
2025-07-15T13:50:21.3670624Z #10 1.460   Downloading pip-25.1.1-py3-none-any.whl (1.8 MB)
2025-07-15T13:50:21.5623566Z #10 1.543      ━━━━━━━━━━━━━━━━━━━━━━━━━━━━━━━━━━━━━━━━ 1.8/1.8 MB 22.6 MB/s eta 0:00:00
2025-07-15T13:50:21.5624239Z #10 1.587 Installing collected packages: pip
2025-07-15T13:50:21.5624720Z #10 1.587   Attempting uninstall: pip
2025-07-15T13:50:21.5625214Z #10 1.588     Found existing installation: pip 23.0.1
2025-07-15T13:50:21.5892428Z #10 1.765     Uninstalling pip-23.0.1:
2025-07-15T13:50:21.7514681Z #10 1.776       Successfully uninstalled pip-23.0.1
2025-07-15T13:50:22.3869938Z #10 2.562 Successfully installed pip-25.1.1
2025-07-15T13:50:22.5378873Z #10 2.563 WARNING: Running pip as the 'root' user can result in broken permissions and conflicting behaviour with the system package manager. It is recommended to use a virtual environment instead: https://pip.pypa.io/warnings/venv
2025-07-15T13:50:22.5997237Z #10 DONE 2.8s
2025-07-15T13:50:22.7507475Z 
2025-07-15T13:50:22.7508233Z #11 [6/6] RUN pip install --no-cache-dir -r requirements.txt
2025-07-15T13:50:23.4878524Z #11 0.887 Collecting flask==3.0.2 (from -r requirements.txt (line 1))
2025-07-15T13:50:23.6284090Z #11 0.963   Downloading flask-3.0.2-py3-none-any.whl.metadata (3.6 kB)
2025-07-15T13:50:23.6284923Z #11 1.028 Collecting pytest==8.2.1 (from -r requirements.txt (line 2))
2025-07-15T13:50:23.7342617Z #11 1.045   Downloading pytest-8.2.1-py3-none-any.whl.metadata (7.6 kB)
2025-07-15T13:50:23.7343526Z #11 1.079 Collecting Werkzeug>=3.0.0 (from flask==3.0.2->-r requirements.txt (line 1))
2025-07-15T13:50:23.7344414Z #11 1.095   Downloading werkzeug-3.1.3-py3-none-any.whl.metadata (3.7 kB)
2025-07-15T13:50:23.7345263Z #11 1.118 Collecting Jinja2>=3.1.2 (from flask==3.0.2->-r requirements.txt (line 1))
2025-07-15T13:50:23.7346094Z #11 1.134   Downloading jinja2-3.1.6-py3-none-any.whl.metadata (2.9 kB)
2025-07-15T13:50:23.8464068Z #11 1.154 Collecting itsdangerous>=2.1.2 (from flask==3.0.2->-r requirements.txt (line 1))
2025-07-15T13:50:23.8465018Z #11 1.170   Downloading itsdangerous-2.2.0-py3-none-any.whl.metadata (1.9 kB)
2025-07-15T13:50:23.8465876Z #11 1.197 Collecting click>=8.1.3 (from flask==3.0.2->-r requirements.txt (line 1))
2025-07-15T13:50:23.8466922Z #11 1.212   Downloading click-8.2.1-py3-none-any.whl.metadata (2.5 kB)
2025-07-15T13:50:23.8467853Z #11 1.231 Collecting blinker>=1.6.2 (from flask==3.0.2->-r requirements.txt (line 1))
2025-07-15T13:50:23.8468681Z #11 1.246   Downloading blinker-1.9.0-py3-none-any.whl.metadata (1.6 kB)
2025-07-15T13:50:23.9578101Z #11 1.264 Collecting iniconfig (from pytest==8.2.1->-r requirements.txt (line 2))
2025-07-15T13:50:23.9579027Z #11 1.279   Downloading iniconfig-2.1.0-py3-none-any.whl.metadata (2.7 kB)
2025-07-15T13:50:23.9579894Z #11 1.305 Collecting packaging (from pytest==8.2.1->-r requirements.txt (line 2))
2025-07-15T13:50:23.9580808Z #11 1.321   Downloading packaging-25.0-py3-none-any.whl.metadata (3.3 kB)
2025-07-15T13:50:23.9581630Z #11 1.342 Collecting pluggy<2.0,>=1.5 (from pytest==8.2.1->-r requirements.txt (line 2))
2025-07-15T13:50:23.9582467Z #11 1.358   Downloading pluggy-1.6.0-py3-none-any.whl.metadata (4.8 kB)
2025-07-15T13:50:24.0666222Z #11 1.380 Collecting exceptiongroup>=1.0.0rc8 (from pytest==8.2.1->-r requirements.txt (line 2))
2025-07-15T13:50:24.0667636Z #11 1.396   Downloading exceptiongroup-1.3.0-py3-none-any.whl.metadata (6.7 kB)
2025-07-15T13:50:24.0668386Z #11 1.421 Collecting tomli>=1 (from pytest==8.2.1->-r requirements.txt (line 2))
2025-07-15T13:50:24.0669012Z #11 1.437   Downloading tomli-2.2.1-py3-none-any.whl.metadata (10 kB)
2025-07-15T13:50:24.0669819Z #11 1.466 Collecting typing-extensions>=4.6.0 (from exceptiongroup>=1.0.0rc8->pytest==8.2.1->-r requirements.txt (line 2))
2025-07-15T13:50:24.1666804Z #11 1.482   Downloading typing_extensions-4.14.1-py3-none-any.whl.metadata (3.0 kB)
2025-07-15T13:50:24.1667889Z #11 1.551 Collecting MarkupSafe>=2.0 (from Jinja2>=3.1.2->flask==3.0.2->-r requirements.txt (line 1))
2025-07-15T13:50:24.1668764Z #11 1.566   Downloading MarkupSafe-3.0.2-cp310-cp310-manylinux_2_17_x86_64.manylinux2014_x86_64.whl.metadata (4.0 kB)
2025-07-15T13:50:24.2735078Z #11 1.588 Downloading flask-3.0.2-py3-none-any.whl (101 kB)
2025-07-15T13:50:24.2735739Z #11 1.625 Downloading pytest-8.2.1-py3-none-any.whl (339 kB)
2025-07-15T13:50:24.2736301Z #11 1.658 Downloading pluggy-1.6.0-py3-none-any.whl (20 kB)
2025-07-15T13:50:24.2736986Z #11 1.673 Downloading blinker-1.9.0-py3-none-any.whl (8.5 kB)
2025-07-15T13:50:24.3833747Z #11 1.688 Downloading click-8.2.1-py3-none-any.whl (102 kB)
2025-07-15T13:50:24.3834564Z #11 1.706 Downloading exceptiongroup-1.3.0-py3-none-any.whl (16 kB)
2025-07-15T13:50:24.3835112Z #11 1.722 Downloading itsdangerous-2.2.0-py3-none-any.whl (16 kB)
2025-07-15T13:50:24.3835591Z #11 1.737 Downloading jinja2-3.1.6-py3-none-any.whl (134 kB)
2025-07-15T13:50:24.3836168Z #11 1.753 Downloading MarkupSafe-3.0.2-cp310-cp310-manylinux_2_17_x86_64.manylinux2014_x86_64.whl (20 kB)
2025-07-15T13:50:24.3837028Z #11 1.768 Downloading tomli-2.2.1-py3-none-any.whl (14 kB)
2025-07-15T13:50:24.3837431Z #11 1.783 Downloading typing_extensions-4.14.1-py3-none-any.whl (43 kB)
2025-07-15T13:50:24.6155360Z #11 1.798 Downloading werkzeug-3.1.3-py3-none-any.whl (224 kB)
2025-07-15T13:50:24.6156089Z #11 1.816 Downloading iniconfig-2.1.0-py3-none-any.whl (6.0 kB)
2025-07-15T13:50:24.6156927Z #11 1.831 Downloading packaging-25.0-py3-none-any.whl (66 kB)
2025-07-15T13:50:24.6158585Z #11 1.865 Installing collected packages: typing-extensions, tomli, pluggy, packaging, MarkupSafe, itsdangerous, iniconfig, click, blinker, Werkzeug, Jinja2, exceptiongroup, pytest, flask
2025-07-15T13:50:25.0161328Z #11 2.416 
2025-07-15T13:50:25.1712621Z #11 2.420 Successfully installed Jinja2-3.1.6 MarkupSafe-3.0.2 Werkzeug-3.1.3 blinker-1.9.0 click-8.2.1 exceptiongroup-1.3.0 flask-3.0.2 iniconfig-2.1.0 itsdangerous-2.2.0 packaging-25.0 pluggy-1.6.0 pytest-8.2.1 tomli-2.2.1 typing-extensions-4.14.1
2025-07-15T13:50:25.1716099Z #11 2.420 WARNING: Running pip as the 'root' user can result in broken permissions and conflicting behaviour with the system package manager, possibly rendering your system unusable. It is recommended to use a virtual environment instead: https://pip.pypa.io/warnings/venv. Use the --root-user-action option if you know what you are doing and want to suppress this warning.
2025-07-15T13:50:25.2068059Z #11 DONE 2.6s
2025-07-15T13:50:25.3583358Z 
2025-07-15T13:50:25.3583863Z #12 exporting to image
2025-07-15T13:50:25.3584315Z #12 exporting layers
2025-07-15T13:50:26.9793646Z #12 exporting layers 1.8s done
2025-07-15T13:50:26.9995956Z #12 writing image sha256:2ce7a9885c44c06ecf4c5fcece152a3d649aff07daa3ee0bc76f6074defa73d9 done
2025-07-15T13:50:26.9997194Z #12 naming to docker.io/***/flask-ci-cd-demo done
2025-07-15T13:50:26.9997647Z #12 DONE 1.8s
2025-07-15T13:50:27.0073978Z ##[group]Run docker push ***/flask-ci-cd-demo
2025-07-15T13:50:27.0074377Z [36;1mdocker push ***/flask-ci-cd-demo[0m
2025-07-15T13:50:27.0102144Z shell: /usr/bin/bash -e {0}
2025-07-15T13:50:27.0102375Z env:
2025-07-15T13:50:27.0102627Z   pythonLocation: /opt/hostedtoolcache/Python/3.10.18/x64
2025-07-15T13:50:27.0103044Z   PKG_CONFIG_PATH: /opt/hostedtoolcache/Python/3.10.18/x64/lib/pkgconfig
2025-07-15T13:50:27.0103433Z   Python_ROOT_DIR: /opt/hostedtoolcache/Python/3.10.18/x64
2025-07-15T13:50:27.0103783Z   Python2_ROOT_DIR: /opt/hostedtoolcache/Python/3.10.18/x64
2025-07-15T13:50:27.0104132Z   Python3_ROOT_DIR: /opt/hostedtoolcache/Python/3.10.18/x64
2025-07-15T13:50:27.0104478Z   LD_LIBRARY_PATH: /opt/hostedtoolcache/Python/3.10.18/x64/lib
2025-07-15T13:50:27.0104777Z ##[endgroup]
2025-07-15T13:50:27.0249084Z Using default tag: latest
2025-07-15T13:50:27.0261589Z The push refers to repository [docker.io/***/flask-ci-cd-demo]
2025-07-15T13:50:27.1366261Z e9cd75b31b93: Preparing
2025-07-15T13:50:27.1367325Z ab157b34be47: Preparing
2025-07-15T13:50:27.1368017Z 6815d71ab89a: Preparing
2025-07-15T13:50:27.1368930Z 1f0de8e55a92: Preparing
2025-07-15T13:50:27.1369335Z 802b3984d8f6: Preparing
2025-07-15T13:50:27.1372684Z 31abbb538de0: Preparing
2025-07-15T13:50:27.1373055Z a2ccf7527b3c: Preparing
2025-07-15T13:50:27.1373401Z abd92ba2021e: Preparing
2025-07-15T13:50:27.1373734Z 1bb35e8b4de1: Preparing
2025-07-15T13:50:27.1374094Z a2ccf7527b3c: Waiting
2025-07-15T13:50:27.1374450Z abd92ba2021e: Waiting
2025-07-15T13:50:27.1374781Z 1bb35e8b4de1: Waiting
2025-07-15T13:50:27.1375121Z 31abbb538de0: Waiting
2025-07-15T13:50:28.8677011Z 1f0de8e55a92: Pushed
2025-07-15T13:50:29.1410152Z 31abbb538de0: Layer already exists
2025-07-15T13:50:29.2854306Z e9cd75b31b93: Pushed
2025-07-15T13:50:29.4368680Z a2ccf7527b3c: Layer already exists
2025-07-15T13:50:29.5705386Z abd92ba2021e: Layer already exists
2025-07-15T13:50:29.6714176Z ab157b34be47: Pushed
2025-07-15T13:50:29.7027118Z 1bb35e8b4de1: Layer already exists
2025-07-15T13:50:31.0330773Z 6815d71ab89a: Pushed
2025-07-15T13:50:41.6983087Z 802b3984d8f6: Pushed
2025-07-15T13:50:44.2123824Z latest: digest: sha256:f892386d04ede3385d03f76a5733e811f26a63fb45f636f68d7ae4fe31e11e01 size: 2212
2025-07-15T13:50:44.2190148Z Post job cleanup.
2025-07-15T13:50:44.5034223Z [command]/usr/bin/docker logout 
2025-07-15T13:50:44.5170105Z Removing login credentials for https://index.docker.io/v1/
2025-07-15T13:50:44.5202829Z ##[group]Post cache
2025-07-15T13:50:44.5204159Z State not set
2025-07-15T13:50:44.5205263Z ##[endgroup]
2025-07-15T13:50:44.5328008Z Post job cleanup.
2025-07-15T13:50:44.6918064Z Post job cleanup.
2025-07-15T13:50:44.7634602Z [command]/usr/bin/git version
2025-07-15T13:50:44.7673754Z git version 2.50.1
2025-07-15T13:50:44.7717510Z Temporarily overriding HOME='/home/runner/work/_temp/236108db-4380-4b04-a54f-57d29685868f' before making global git config changes
2025-07-15T13:50:44.7718573Z Adding repository directory to the temporary git global config as a safe directory
2025-07-15T13:50:44.7721583Z [command]/usr/bin/git config --global --add safe.directory /home/runner/work/testing-CI-CD/testing-CI-CD
2025-07-15T13:50:44.7752321Z [command]/usr/bin/git config --local --name-only --get-regexp core\.sshCommand
2025-07-15T13:50:44.7781959Z [command]/usr/bin/git submodule foreach --recursive sh -c "git config --local --name-only --get-regexp 'core\.sshCommand' && git config --local --unset-all 'core.sshCommand' || :"
2025-07-15T13:50:44.8004861Z [command]/usr/bin/git config --local --name-only --get-regexp http\.https\:\/\/github\.com\/\.extraheader
2025-07-15T13:50:44.8023884Z http.https://github.com/.extraheader
2025-07-15T13:50:44.8034895Z [command]/usr/bin/git config --local --unset-all http.https://github.com/.extraheader
2025-07-15T13:50:44.8061726Z [command]/usr/bin/git submodule foreach --recursive sh -c "git config --local --name-only --get-regexp 'http\.https\:\/\/github\.com\/\.extraheader' && git config --local --unset-all 'http.https://github.com/.extraheader' || :"
2025-07-15T13:50:44.8379293Z Cleaning up orphan processes
