2025-07-26T03:41:53.2726920Z Current runner version: '2.326.0'
2025-07-26T03:41:53.2751801Z ##[group]Runner Image Provisioner
2025-07-26T03:41:53.2752867Z Hosted Compute Agent
2025-07-26T03:41:53.2753675Z Version: 20250711.363
2025-07-26T03:41:53.2754342Z Commit: 6785254374ce925a23743850c1cb91912ce5c14c
2025-07-26T03:41:53.2755181Z Build Date: 2025-07-11T20:04:25Z
2025-07-26T03:41:53.2755964Z ##[endgroup]
2025-07-26T03:41:53.2756661Z ##[group]Operating System
2025-07-26T03:41:53.2757317Z Ubuntu
2025-07-26T03:41:53.2757940Z 24.04.2
2025-07-26T03:41:53.2758512Z LTS
2025-07-26T03:41:53.2759287Z ##[endgroup]
2025-07-26T03:41:53.2759888Z ##[group]Runner Image
2025-07-26T03:41:53.2760561Z Image: ubuntu-24.04
2025-07-26T03:41:53.2761217Z Version: 20250720.1.0
2025-07-26T03:41:53.2762385Z Included Software: https://github.com/actions/runner-images/blob/ubuntu24/20250720.1/images/ubuntu/Ubuntu2404-Readme.md
2025-07-26T03:41:53.2764021Z Image Release: https://github.com/actions/runner-images/releases/tag/ubuntu24%2F20250720.1
2025-07-26T03:41:53.2765240Z ##[endgroup]
2025-07-26T03:41:53.2766508Z ##[group]GITHUB_TOKEN Permissions
2025-07-26T03:41:53.2769100Z Contents: read
2025-07-26T03:41:53.2769832Z Metadata: read
2025-07-26T03:41:53.2770547Z Packages: read
2025-07-26T03:41:53.2771272Z ##[endgroup]
2025-07-26T03:41:53.2773538Z Secret source: Actions
2025-07-26T03:41:53.2774759Z Prepare workflow directory
2025-07-26T03:41:53.3127588Z Prepare all required actions
2025-07-26T03:41:53.3166190Z Getting action download info
2025-07-26T03:41:53.6632845Z ##[group]Download immutable action package 'actions/checkout@v3'
2025-07-26T03:41:53.6634013Z Version: 3.6.0
2025-07-26T03:41:53.6635274Z Digest: sha256:942562b9c7d4b1f2557f1da21f4d3eb4eb4fd01f2ad78b2a6e187d1b193e0a0f
2025-07-26T03:41:53.6636574Z Source commit SHA: f43a0e5ff2bd294095638e18286ca9a3d1956744
2025-07-26T03:41:53.6637419Z ##[endgroup]
2025-07-26T03:41:53.7465293Z ##[group]Download immutable action package 'actions/setup-python@v4'
2025-07-26T03:41:53.7466139Z Version: 4.9.1
2025-07-26T03:41:53.7467068Z Digest: sha256:f03e505388af670b5a108629e0ba26befc08d5c62b41f46146a45fe29ae509a5
2025-07-26T03:41:53.7468090Z Source commit SHA: 7f4fc3e22c37d6ff65e88745f38bd3157c663f7c
2025-07-26T03:41:53.7469122Z ##[endgroup]
2025-07-26T03:41:54.1314780Z ##[group]Download immutable action package 'docker/login-action@v3'
2025-07-26T03:41:54.1315718Z Version: 3.4.0
2025-07-26T03:41:54.1316483Z Digest: sha256:864ebd28db095e1602e6ef999f46a4f575083ea874918fbccf0994c2a7680450
2025-07-26T03:41:54.1317561Z Source commit SHA: 74a5d142397b4f367a81961eba4e8cd7edddf772
2025-07-26T03:41:54.1318295Z ##[endgroup]
2025-07-26T03:41:54.6451725Z Complete job name: build-test-deploy
2025-07-26T03:41:54.7167018Z ##[group]Run actions/checkout@v3
2025-07-26T03:41:54.7167972Z with:
2025-07-26T03:41:54.7168597Z   repository: ***/testing-CI-CD
2025-07-26T03:41:54.7169612Z   token: ***
2025-07-26T03:41:54.7170115Z   ssh-strict: true
2025-07-26T03:41:54.7170619Z   persist-credentials: true
2025-07-26T03:41:54.7171129Z   clean: true
2025-07-26T03:41:54.7171654Z   sparse-checkout-cone-mode: true
2025-07-26T03:41:54.7172249Z   fetch-depth: 1
2025-07-26T03:41:54.7172712Z   fetch-tags: false
2025-07-26T03:41:54.7173249Z   lfs: false
2025-07-26T03:41:54.7173703Z   submodules: false
2025-07-26T03:41:54.7174212Z   set-safe-directory: true
2025-07-26T03:41:54.7175073Z ##[endgroup]
2025-07-26T03:41:54.8073532Z Syncing repository: ***/testing-CI-CD
2025-07-26T03:41:54.8075540Z ##[group]Getting Git version info
2025-07-26T03:41:54.8076419Z Working directory is '/home/runner/work/testing-CI-CD/testing-CI-CD'
2025-07-26T03:41:54.8077685Z [command]/usr/bin/git version
2025-07-26T03:41:54.9201707Z git version 2.50.1
2025-07-26T03:41:54.9230943Z ##[endgroup]
2025-07-26T03:41:54.9247356Z Temporarily overriding HOME='/home/runner/work/_temp/b6daa4b0-867e-459f-b872-ea1e5a62d5a2' before making global git config changes
2025-07-26T03:41:54.9252149Z Adding repository directory to the temporary git global config as a safe directory
2025-07-26T03:41:54.9254448Z [command]/usr/bin/git config --global --add safe.directory /home/runner/work/testing-CI-CD/testing-CI-CD
2025-07-26T03:41:54.9285965Z Deleting the contents of '/home/runner/work/testing-CI-CD/testing-CI-CD'
2025-07-26T03:41:54.9290468Z ##[group]Initializing the repository
2025-07-26T03:41:54.9294243Z [command]/usr/bin/git init /home/runner/work/testing-CI-CD/testing-CI-CD
2025-07-26T03:41:54.9347164Z hint: Using 'master' as the name for the initial branch. This default branch name
2025-07-26T03:41:54.9349436Z hint: is subject to change. To configure the initial branch name to use in all
2025-07-26T03:41:54.9351323Z hint: of your new repositories, which will suppress this warning, call:
2025-07-26T03:41:54.9352815Z hint:
2025-07-26T03:41:54.9353952Z hint: 	git config --global init.defaultBranch <name>
2025-07-26T03:41:54.9355214Z hint:
2025-07-26T03:41:54.9356505Z hint: Names commonly chosen instead of 'master' are 'main', 'trunk' and
2025-07-26T03:41:54.9358418Z hint: 'development'. The just-created branch can be renamed via this command:
2025-07-26T03:41:54.9360222Z hint:
2025-07-26T03:41:54.9361087Z hint: 	git branch -m <name>
2025-07-26T03:41:54.9362022Z hint:
2025-07-26T03:41:54.9363178Z hint: Disable this message with "git config set advice.defaultBranchName false"
2025-07-26T03:41:54.9365182Z Initialized empty Git repository in /home/runner/work/testing-CI-CD/testing-CI-CD/.git/
2025-07-26T03:41:54.9368020Z [command]/usr/bin/git remote add origin https://github.com/***/testing-CI-CD
2025-07-26T03:41:54.9394965Z ##[endgroup]
2025-07-26T03:41:54.9396500Z ##[group]Disabling automatic garbage collection
2025-07-26T03:41:54.9397965Z [command]/usr/bin/git config --local gc.auto 0
2025-07-26T03:41:54.9426136Z ##[endgroup]
2025-07-26T03:41:54.9427716Z ##[group]Setting up auth
2025-07-26T03:41:54.9432705Z [command]/usr/bin/git config --local --name-only --get-regexp core\.sshCommand
2025-07-26T03:41:54.9461383Z [command]/usr/bin/git submodule foreach --recursive sh -c "git config --local --name-only --get-regexp 'core\.sshCommand' && git config --local --unset-all 'core.sshCommand' || :"
2025-07-26T03:41:54.9724732Z [command]/usr/bin/git config --local --name-only --get-regexp http\.https\:\/\/github\.com\/\.extraheader
2025-07-26T03:41:54.9753373Z [command]/usr/bin/git submodule foreach --recursive sh -c "git config --local --name-only --get-regexp 'http\.https\:\/\/github\.com\/\.extraheader' && git config --local --unset-all 'http.https://github.com/.extraheader' || :"
2025-07-26T03:41:54.9989137Z [command]/usr/bin/git config --local http.https://github.com/.extraheader AUTHORIZATION: basic ***
2025-07-26T03:41:55.0026936Z ##[endgroup]
2025-07-26T03:41:55.0029019Z ##[group]Fetching the repository
2025-07-26T03:41:55.0036829Z [command]/usr/bin/git -c protocol.version=2 fetch --no-tags --prune --progress --no-recurse-submodules --depth=1 origin +2e23ea2de64c31bb2416a7ad1351165611c054c7:refs/remotes/origin/main
2025-07-26T03:41:55.2659743Z remote: Enumerating objects: 7337, done.        
2025-07-26T03:41:55.2663330Z remote: Counting objects:   0% (1/7337)        
2025-07-26T03:41:55.2664068Z remote: Counting objects:   1% (74/7337)        
2025-07-26T03:41:55.2664749Z remote: Counting objects:   2% (147/7337)        
2025-07-26T03:41:55.2665749Z remote: Counting objects:   3% (221/7337)        
2025-07-26T03:41:55.2667333Z remote: Counting objects:   4% (294/7337)        
2025-07-26T03:41:55.2668541Z remote: Counting objects:   5% (367/7337)        
2025-07-26T03:41:55.2669991Z remote: Counting objects:   6% (441/7337)        
2025-07-26T03:41:55.2670693Z remote: Counting objects:   7% (514/7337)        
2025-07-26T03:41:55.2671367Z remote: Counting objects:   8% (587/7337)        
2025-07-26T03:41:55.2672027Z remote: Counting objects:   9% (661/7337)        
2025-07-26T03:41:55.2672695Z remote: Counting objects:  10% (734/7337)        
2025-07-26T03:41:55.2673352Z remote: Counting objects:  11% (808/7337)        
2025-07-26T03:41:55.2674005Z remote: Counting objects:  12% (881/7337)        
2025-07-26T03:41:55.2674651Z remote: Counting objects:  13% (954/7337)        
2025-07-26T03:41:55.2675542Z remote: Counting objects:  14% (1028/7337)        
2025-07-26T03:41:55.2676204Z remote: Counting objects:  15% (1101/7337)        
2025-07-26T03:41:55.2676862Z remote: Counting objects:  16% (1174/7337)        
2025-07-26T03:41:55.2677538Z remote: Counting objects:  17% (1248/7337)        
2025-07-26T03:41:55.2678207Z remote: Counting objects:  18% (1321/7337)        
2025-07-26T03:41:55.2679066Z remote: Counting objects:  19% (1395/7337)        
2025-07-26T03:41:55.2679720Z remote: Counting objects:  20% (1468/7337)        
2025-07-26T03:41:55.2680400Z remote: Counting objects:  21% (1541/7337)        
2025-07-26T03:41:55.2681048Z remote: Counting objects:  22% (1615/7337)        
2025-07-26T03:41:55.2681685Z remote: Counting objects:  23% (1688/7337)        
2025-07-26T03:41:55.2682315Z remote: Counting objects:  24% (1761/7337)        
2025-07-26T03:41:55.2682977Z remote: Counting objects:  25% (1835/7337)        
2025-07-26T03:41:55.2683672Z remote: Counting objects:  26% (1908/7337)        
2025-07-26T03:41:55.2684328Z remote: Counting objects:  27% (1981/7337)        
2025-07-26T03:41:55.2693745Z remote: Counting objects:  28% (2055/7337)        
2025-07-26T03:41:55.2695063Z remote: Counting objects:  29% (2128/7337)        
2025-07-26T03:41:55.2696209Z remote: Counting objects:  30% (2202/7337)        
2025-07-26T03:41:55.2697348Z remote: Counting objects:  31% (2275/7337)        
2025-07-26T03:41:55.2698393Z remote: Counting objects:  32% (2348/7337)        
2025-07-26T03:41:55.2699399Z remote: Counting objects:  33% (2422/7337)        
2025-07-26T03:41:55.2700091Z remote: Counting objects:  34% (2495/7337)        
2025-07-26T03:41:55.2700768Z remote: Counting objects:  35% (2568/7337)        
2025-07-26T03:41:55.2701436Z remote: Counting objects:  36% (2642/7337)        
2025-07-26T03:41:55.2702070Z remote: Counting objects:  37% (2715/7337)        
2025-07-26T03:41:55.2702714Z remote: Counting objects:  38% (2789/7337)        
2025-07-26T03:41:55.2703350Z remote: Counting objects:  39% (2862/7337)        
2025-07-26T03:41:55.2704077Z remote: Counting objects:  40% (2935/7337)        
2025-07-26T03:41:55.2704699Z remote: Counting objects:  41% (3009/7337)        
2025-07-26T03:41:55.2705324Z remote: Counting objects:  42% (3082/7337)        
2025-07-26T03:41:55.2705960Z remote: Counting objects:  43% (3155/7337)        
2025-07-26T03:41:55.2706610Z remote: Counting objects:  44% (3229/7337)        
2025-07-26T03:41:55.2707254Z remote: Counting objects:  45% (3302/7337)        
2025-07-26T03:41:55.2707912Z remote: Counting objects:  46% (3376/7337)        
2025-07-26T03:41:55.2709003Z remote: Counting objects:  47% (3449/7337)        
2025-07-26T03:41:55.2709745Z remote: Counting objects:  48% (3522/7337)        
2025-07-26T03:41:55.2710388Z remote: Counting objects:  49% (3596/7337)        
2025-07-26T03:41:55.2711097Z remote: Counting objects:  50% (3669/7337)        
2025-07-26T03:41:55.2711763Z remote: Counting objects:  51% (3742/7337)        
2025-07-26T03:41:55.2712418Z remote: Counting objects:  52% (3816/7337)        
2025-07-26T03:41:55.2713062Z remote: Counting objects:  53% (3889/7337)        
2025-07-26T03:41:55.2713686Z remote: Counting objects:  54% (3962/7337)        
2025-07-26T03:41:55.2714305Z remote: Counting objects:  55% (4036/7337)        
2025-07-26T03:41:55.2714931Z remote: Counting objects:  56% (4109/7337)        
2025-07-26T03:41:55.2715555Z remote: Counting objects:  57% (4183/7337)        
2025-07-26T03:41:55.2716233Z remote: Counting objects:  58% (4256/7337)        
2025-07-26T03:41:55.2716865Z remote: Counting objects:  59% (4329/7337)        
2025-07-26T03:41:55.2717496Z remote: Counting objects:  60% (4403/7337)        
2025-07-26T03:41:55.2718131Z remote: Counting objects:  61% (4476/7337)        
2025-07-26T03:41:55.2718985Z remote: Counting objects:  62% (4549/7337)        
2025-07-26T03:41:55.2719692Z remote: Counting objects:  63% (4623/7337)        
2025-07-26T03:41:55.2720346Z remote: Counting objects:  64% (4696/7337)        
2025-07-26T03:41:55.2721116Z remote: Counting objects:  65% (4770/7337)        
2025-07-26T03:41:55.2721729Z remote: Counting objects:  66% (4843/7337)        
2025-07-26T03:41:55.2722367Z remote: Counting objects:  67% (4916/7337)        
2025-07-26T03:41:55.2722993Z remote: Counting objects:  68% (4990/7337)        
2025-07-26T03:41:55.2723643Z remote: Counting objects:  69% (5063/7337)        
2025-07-26T03:41:55.2724321Z remote: Counting objects:  70% (5136/7337)        
2025-07-26T03:41:55.2724952Z remote: Counting objects:  71% (5210/7337)        
2025-07-26T03:41:55.2725589Z remote: Counting objects:  72% (5283/7337)        
2025-07-26T03:41:55.2726218Z remote: Counting objects:  73% (5357/7337)        
2025-07-26T03:41:55.2726880Z remote: Counting objects:  74% (5430/7337)        
2025-07-26T03:41:55.2727560Z remote: Counting objects:  75% (5503/7337)        
2025-07-26T03:41:55.2728204Z remote: Counting objects:  76% (5577/7337)        
2025-07-26T03:41:55.2728955Z remote: Counting objects:  77% (5650/7337)        
2025-07-26T03:41:55.2729611Z remote: Counting objects:  78% (5723/7337)        
2025-07-26T03:41:55.2730236Z remote: Counting objects:  79% (5797/7337)        
2025-07-26T03:41:55.2730867Z remote: Counting objects:  80% (5870/7337)        
2025-07-26T03:41:55.2731496Z remote: Counting objects:  81% (5943/7337)        
2025-07-26T03:41:55.2732131Z remote: Counting objects:  82% (6017/7337)        
2025-07-26T03:41:55.2732765Z remote: Counting objects:  83% (6090/7337)        
2025-07-26T03:41:55.2733375Z remote: Counting objects:  84% (6164/7337)        
2025-07-26T03:41:55.2734003Z remote: Counting objects:  85% (6237/7337)        
2025-07-26T03:41:55.2734636Z remote: Counting objects:  86% (6310/7337)        
2025-07-26T03:41:55.2735255Z remote: Counting objects:  87% (6384/7337)        
2025-07-26T03:41:55.2735884Z remote: Counting objects:  88% (6457/7337)        
2025-07-26T03:41:55.2736503Z remote: Counting objects:  89% (6530/7337)        
2025-07-26T03:41:55.2737132Z remote: Counting objects:  90% (6604/7337)        
2025-07-26T03:41:55.2737755Z remote: Counting objects:  91% (6677/7337)        
2025-07-26T03:41:55.2738390Z remote: Counting objects:  92% (6751/7337)        
2025-07-26T03:41:55.2739119Z remote: Counting objects:  93% (6824/7337)        
2025-07-26T03:41:55.2739737Z remote: Counting objects:  94% (6897/7337)        
2025-07-26T03:41:55.2740372Z remote: Counting objects:  95% (6971/7337)        
2025-07-26T03:41:55.2741000Z remote: Counting objects:  96% (7044/7337)        
2025-07-26T03:41:55.2741614Z remote: Counting objects:  97% (7117/7337)        
2025-07-26T03:41:55.2742351Z remote: Counting objects:  98% (7191/7337)        
2025-07-26T03:41:55.2742984Z remote: Counting objects:  99% (7264/7337)        
2025-07-26T03:41:55.2743595Z remote: Counting objects: 100% (7337/7337)        
2025-07-26T03:41:55.2744263Z remote: Counting objects: 100% (7337/7337), done.        
2025-07-26T03:41:55.2913905Z remote: Compressing objects:   0% (1/6208)        
2025-07-26T03:41:55.2915980Z remote: Compressing objects:   1% (63/6208)        
2025-07-26T03:41:55.2917318Z remote: Compressing objects:   2% (125/6208)        
2025-07-26T03:41:55.2918474Z remote: Compressing objects:   3% (187/6208)        
2025-07-26T03:41:55.2919894Z remote: Compressing objects:   4% (249/6208)        
2025-07-26T03:41:55.2921140Z remote: Compressing objects:   5% (311/6208)        
2025-07-26T03:41:55.2922314Z remote: Compressing objects:   6% (373/6208)        
2025-07-26T03:41:55.2923614Z remote: Compressing objects:   7% (435/6208)        
2025-07-26T03:41:55.2924771Z remote: Compressing objects:   8% (497/6208)        
2025-07-26T03:41:55.2925909Z remote: Compressing objects:   9% (559/6208)        
2025-07-26T03:41:55.2927081Z remote: Compressing objects:  10% (621/6208)        
2025-07-26T03:41:55.2928255Z remote: Compressing objects:  11% (683/6208)        
2025-07-26T03:41:55.2929627Z remote: Compressing objects:  12% (745/6208)        
2025-07-26T03:41:55.2930972Z remote: Compressing objects:  13% (808/6208)        
2025-07-26T03:41:55.2932899Z remote: Compressing objects:  14% (870/6208)        
2025-07-26T03:41:55.2934302Z remote: Compressing objects:  15% (932/6208)        
2025-07-26T03:41:55.2935999Z remote: Compressing objects:  16% (994/6208)        
2025-07-26T03:41:55.2937188Z remote: Compressing objects:  17% (1056/6208)        
2025-07-26T03:41:55.2938493Z remote: Compressing objects:  18% (1118/6208)        
2025-07-26T03:41:55.2939849Z remote: Compressing objects:  19% (1180/6208)        
2025-07-26T03:41:55.2940983Z remote: Compressing objects:  20% (1242/6208)        
2025-07-26T03:41:55.2942171Z remote: Compressing objects:  21% (1304/6208)        
2025-07-26T03:41:55.2943346Z remote: Compressing objects:  22% (1366/6208)        
2025-07-26T03:41:55.2944562Z remote: Compressing objects:  23% (1428/6208)        
2025-07-26T03:41:55.2945769Z remote: Compressing objects:  24% (1490/6208)        
2025-07-26T03:41:55.2946959Z remote: Compressing objects:  25% (1552/6208)        
2025-07-26T03:41:55.2948291Z remote: Compressing objects:  26% (1615/6208)        
2025-07-26T03:41:55.2949786Z remote: Compressing objects:  27% (1677/6208)        
2025-07-26T03:41:55.2951026Z remote: Compressing objects:  28% (1739/6208)        
2025-07-26T03:41:55.2952205Z remote: Compressing objects:  29% (1801/6208)        
2025-07-26T03:41:55.2953402Z remote: Compressing objects:  30% (1863/6208)        
2025-07-26T03:41:55.2954654Z remote: Compressing objects:  31% (1925/6208)        
2025-07-26T03:41:55.2955845Z remote: Compressing objects:  32% (1987/6208)        
2025-07-26T03:41:55.2956992Z remote: Compressing objects:  33% (2049/6208)        
2025-07-26T03:41:55.2958109Z remote: Compressing objects:  34% (2111/6208)        
2025-07-26T03:41:55.2959473Z remote: Compressing objects:  35% (2173/6208)        
2025-07-26T03:41:55.2960580Z remote: Compressing objects:  36% (2235/6208)        
2025-07-26T03:41:55.2961750Z remote: Compressing objects:  37% (2297/6208)        
2025-07-26T03:41:55.2962844Z remote: Compressing objects:  38% (2360/6208)        
2025-07-26T03:41:55.2964039Z remote: Compressing objects:  39% (2422/6208)        
2025-07-26T03:41:55.2965175Z remote: Compressing objects:  40% (2484/6208)        
2025-07-26T03:41:55.3097996Z remote: Compressing objects:  41% (2546/6208)        
2025-07-26T03:41:55.7491440Z remote: Compressing objects:  42% (2608/6208)        
2025-07-26T03:41:56.0205103Z remote: Compressing objects:  43% (2670/6208)        
2025-07-26T03:41:56.1963735Z remote: Compressing objects:  44% (2732/6208)        
2025-07-26T03:41:56.2697980Z remote: Compressing objects:  45% (2794/6208)        
2025-07-26T03:41:56.3489758Z remote: Compressing objects:  45% (2824/6208)        
2025-07-26T03:41:56.4803047Z remote: Compressing objects:  46% (2856/6208)        
2025-07-26T03:41:56.5950653Z remote: Compressing objects:  47% (2918/6208)        
2025-07-26T03:41:56.6879674Z remote: Compressing objects:  48% (2980/6208)        
2025-07-26T03:41:56.7643641Z remote: Compressing objects:  49% (3042/6208)        
2025-07-26T03:41:56.8394566Z remote: Compressing objects:  50% (3104/6208)        
2025-07-26T03:41:56.9075964Z remote: Compressing objects:  51% (3167/6208)        
2025-07-26T03:41:56.9670012Z remote: Compressing objects:  52% (3229/6208)        
2025-07-26T03:41:57.0199118Z remote: Compressing objects:  53% (3291/6208)        
2025-07-26T03:41:57.0634864Z remote: Compressing objects:  54% (3353/6208)        
2025-07-26T03:41:57.1016385Z remote: Compressing objects:  55% (3415/6208)        
2025-07-26T03:41:57.1342535Z remote: Compressing objects:  56% (3477/6208)        
2025-07-26T03:41:57.1674001Z remote: Compressing objects:  57% (3539/6208)        
2025-07-26T03:41:57.1967771Z remote: Compressing objects:  58% (3601/6208)        
2025-07-26T03:41:57.2232755Z remote: Compressing objects:  59% (3663/6208)        
2025-07-26T03:41:57.2467241Z remote: Compressing objects:  60% (3725/6208)        
2025-07-26T03:41:57.2691717Z remote: Compressing objects:  61% (3787/6208)        
2025-07-26T03:41:57.2693363Z remote: Compressing objects:  62% (3849/6208)        
2025-07-26T03:41:57.2902617Z remote: Compressing objects:  62% (3851/6208)        
2025-07-26T03:41:57.3080001Z remote: Compressing objects:  63% (3912/6208)        
2025-07-26T03:41:57.3230606Z remote: Compressing objects:  64% (3974/6208)        
2025-07-26T03:41:57.3397804Z remote: Compressing objects:  65% (4036/6208)        
2025-07-26T03:41:57.3557689Z remote: Compressing objects:  66% (4098/6208)        
2025-07-26T03:41:57.3704353Z remote: Compressing objects:  67% (4160/6208)        
2025-07-26T03:41:57.3809481Z remote: Compressing objects:  68% (4222/6208)        
2025-07-26T03:41:57.3913381Z remote: Compressing objects:  69% (4284/6208)        
2025-07-26T03:41:57.4002005Z remote: Compressing objects:  70% (4346/6208)        
2025-07-26T03:41:57.4088483Z remote: Compressing objects:  71% (4408/6208)        
2025-07-26T03:41:57.4161087Z remote: Compressing objects:  72% (4470/6208)        
2025-07-26T03:41:57.4231045Z remote: Compressing objects:  73% (4532/6208)        
2025-07-26T03:41:57.4283308Z remote: Compressing objects:  74% (4594/6208)        
2025-07-26T03:41:57.4325321Z remote: Compressing objects:  75% (4656/6208)        
2025-07-26T03:41:57.4357297Z remote: Compressing objects:  76% (4719/6208)        
2025-07-26T03:41:57.4386376Z remote: Compressing objects:  77% (4781/6208)        
2025-07-26T03:41:57.4408220Z remote: Compressing objects:  78% (4843/6208)        
2025-07-26T03:41:57.4425081Z remote: Compressing objects:  79% (4905/6208)        
2025-07-26T03:41:57.4442229Z remote: Compressing objects:  80% (4967/6208)        
2025-07-26T03:41:57.4463135Z remote: Compressing objects:  81% (5029/6208)        
2025-07-26T03:41:57.4482761Z remote: Compressing objects:  82% (5091/6208)        
2025-07-26T03:41:57.4495433Z remote: Compressing objects:  83% (5153/6208)        
2025-07-26T03:41:57.4537828Z remote: Compressing objects:  84% (5215/6208)        
2025-07-26T03:41:57.4545855Z remote: Compressing objects:  85% (5277/6208)        
2025-07-26T03:41:57.4555888Z remote: Compressing objects:  86% (5339/6208)        
2025-07-26T03:41:57.4556688Z remote: Compressing objects:  87% (5401/6208)        
2025-07-26T03:41:57.4560433Z remote: Compressing objects:  88% (5464/6208)        
2025-07-26T03:41:57.4565556Z remote: Compressing objects:  89% (5526/6208)        
2025-07-26T03:41:57.4573512Z remote: Compressing objects:  90% (5588/6208)        
2025-07-26T03:41:57.4580397Z remote: Compressing objects:  91% (5650/6208)        
2025-07-26T03:41:57.4584407Z remote: Compressing objects:  92% (5712/6208)        
2025-07-26T03:41:57.4589514Z remote: Compressing objects:  93% (5774/6208)        
2025-07-26T03:41:57.4598558Z remote: Compressing objects:  94% (5836/6208)        
2025-07-26T03:41:57.4611470Z remote: Compressing objects:  95% (5898/6208)        
2025-07-26T03:41:57.4622062Z remote: Compressing objects:  96% (5960/6208)        
2025-07-26T03:41:57.4626036Z remote: Compressing objects:  97% (6022/6208)        
2025-07-26T03:41:57.4637447Z remote: Compressing objects:  98% (6084/6208)        
2025-07-26T03:41:57.4648524Z remote: Compressing objects:  99% (6146/6208)        
2025-07-26T03:41:57.4649163Z remote: Compressing objects: 100% (6208/6208)        
2025-07-26T03:41:57.4649562Z remote: Compressing objects: 100% (6208/6208), done.        
2025-07-26T03:41:57.4894696Z Receiving objects:   0% (1/7337)
2025-07-26T03:41:57.5683982Z Receiving objects:   1% (74/7337)
2025-07-26T03:41:57.6704997Z Receiving objects:   2% (147/7337)
2025-07-26T03:41:57.7340955Z Receiving objects:   3% (221/7337)
2025-07-26T03:41:57.7879829Z Receiving objects:   4% (294/7337)
2025-07-26T03:41:57.8134349Z Receiving objects:   5% (367/7337)
2025-07-26T03:41:57.9149002Z Receiving objects:   6% (441/7337)
2025-07-26T03:41:57.9510414Z Receiving objects:   7% (514/7337)
2025-07-26T03:41:58.0016222Z Receiving objects:   8% (587/7337)
2025-07-26T03:41:58.0329569Z Receiving objects:   9% (661/7337), 2.86 MiB | 5.70 MiB/s
2025-07-26T03:41:58.0532791Z Receiving objects:  10% (734/7337), 2.86 MiB | 5.70 MiB/s
2025-07-26T03:41:58.0549949Z Receiving objects:  11% (808/7337), 2.86 MiB | 5.70 MiB/s
2025-07-26T03:41:58.0713367Z Receiving objects:  12% (881/7337), 2.86 MiB | 5.70 MiB/s
2025-07-26T03:41:58.0941428Z Receiving objects:  13% (954/7337), 2.86 MiB | 5.70 MiB/s
2025-07-26T03:41:58.1066423Z Receiving objects:  14% (1028/7337), 2.86 MiB | 5.70 MiB/s
2025-07-26T03:41:58.1310453Z Receiving objects:  15% (1101/7337), 2.86 MiB | 5.70 MiB/s
2025-07-26T03:41:58.1461787Z Receiving objects:  16% (1174/7337), 2.86 MiB | 5.70 MiB/s
2025-07-26T03:41:58.1606841Z Receiving objects:  17% (1248/7337), 2.86 MiB | 5.70 MiB/s
2025-07-26T03:41:58.2218094Z Receiving objects:  18% (1321/7337), 2.86 MiB | 5.70 MiB/s
2025-07-26T03:41:58.2329985Z Receiving objects:  19% (1395/7337), 2.86 MiB | 5.70 MiB/s
2025-07-26T03:41:58.2354266Z Receiving objects:  20% (1468/7337), 2.86 MiB | 5.70 MiB/s
2025-07-26T03:41:58.2494539Z Receiving objects:  21% (1541/7337), 2.86 MiB | 5.70 MiB/s
2025-07-26T03:41:58.2627190Z Receiving objects:  22% (1615/7337), 2.86 MiB | 5.70 MiB/s
2025-07-26T03:41:58.2751995Z Receiving objects:  23% (1688/7337), 2.86 MiB | 5.70 MiB/s
2025-07-26T03:41:58.2843226Z Receiving objects:  24% (1761/7337), 2.86 MiB | 5.70 MiB/s
2025-07-26T03:41:58.3005369Z Receiving objects:  25% (1835/7337), 2.86 MiB | 5.70 MiB/s
2025-07-26T03:41:58.3041596Z Receiving objects:  26% (1908/7337), 2.86 MiB | 5.70 MiB/s
2025-07-26T03:41:58.3101891Z Receiving objects:  27% (1981/7337), 2.86 MiB | 5.70 MiB/s
2025-07-26T03:41:58.3113881Z Receiving objects:  28% (2055/7337), 2.86 MiB | 5.70 MiB/s
2025-07-26T03:41:58.3127137Z Receiving objects:  29% (2128/7337), 2.86 MiB | 5.70 MiB/s
2025-07-26T03:41:58.3138024Z Receiving objects:  30% (2202/7337), 2.86 MiB | 5.70 MiB/s
2025-07-26T03:41:58.3148145Z Receiving objects:  31% (2275/7337), 2.86 MiB | 5.70 MiB/s
2025-07-26T03:41:58.3242559Z Receiving objects:  32% (2348/7337), 2.86 MiB | 5.70 MiB/s
2025-07-26T03:41:58.3251972Z Receiving objects:  33% (2422/7337), 2.86 MiB | 5.70 MiB/s
2025-07-26T03:41:58.3265938Z Receiving objects:  34% (2495/7337), 2.86 MiB | 5.70 MiB/s
2025-07-26T03:41:58.3275941Z Receiving objects:  35% (2568/7337), 2.86 MiB | 5.70 MiB/s
2025-07-26T03:41:58.3337243Z Receiving objects:  36% (2642/7337), 2.86 MiB | 5.70 MiB/s
2025-07-26T03:41:58.3347893Z Receiving objects:  37% (2715/7337), 2.86 MiB | 5.70 MiB/s
2025-07-26T03:41:58.3366774Z Receiving objects:  38% (2789/7337), 2.86 MiB | 5.70 MiB/s
2025-07-26T03:41:58.3377876Z Receiving objects:  39% (2862/7337), 2.86 MiB | 5.70 MiB/s
2025-07-26T03:41:58.3388951Z Receiving objects:  40% (2935/7337), 2.86 MiB | 5.70 MiB/s
2025-07-26T03:41:58.3397539Z Receiving objects:  41% (3009/7337), 2.86 MiB | 5.70 MiB/s
2025-07-26T03:41:58.3403830Z Receiving objects:  42% (3082/7337), 2.86 MiB | 5.70 MiB/s
2025-07-26T03:41:58.3593266Z Receiving objects:  43% (3155/7337), 2.86 MiB | 5.70 MiB/s
2025-07-26T03:41:58.3739527Z Receiving objects:  44% (3229/7337), 2.86 MiB | 5.70 MiB/s
2025-07-26T03:41:58.3837877Z Receiving objects:  45% (3302/7337), 2.86 MiB | 5.70 MiB/s
2025-07-26T03:41:58.3887332Z Receiving objects:  46% (3376/7337), 2.86 MiB | 5.70 MiB/s
2025-07-26T03:41:58.4035839Z Receiving objects:  47% (3449/7337), 2.86 MiB | 5.70 MiB/s
2025-07-26T03:41:58.4139119Z Receiving objects:  48% (3522/7337), 2.86 MiB | 5.70 MiB/s
2025-07-26T03:41:58.4283904Z Receiving objects:  49% (3596/7337), 2.86 MiB | 5.70 MiB/s
2025-07-26T03:41:58.4377725Z Receiving objects:  50% (3669/7337), 2.86 MiB | 5.70 MiB/s
2025-07-26T03:41:58.4574962Z Receiving objects:  51% (3742/7337), 2.86 MiB | 5.70 MiB/s
2025-07-26T03:41:58.4669479Z Receiving objects:  52% (3816/7337), 2.86 MiB | 5.70 MiB/s
2025-07-26T03:41:58.4679929Z Receiving objects:  53% (3889/7337), 2.86 MiB | 5.70 MiB/s
2025-07-26T03:41:58.4827883Z Receiving objects:  53% (3902/7337), 2.86 MiB | 5.70 MiB/s
2025-07-26T03:41:58.5021990Z Receiving objects:  54% (3962/7337), 10.20 MiB | 10.20 MiB/s
2025-07-26T03:41:58.5085812Z Receiving objects:  55% (4036/7337), 10.20 MiB | 10.20 MiB/s
2025-07-26T03:41:58.5289147Z Receiving objects:  56% (4109/7337), 10.20 MiB | 10.20 MiB/s
2025-07-26T03:41:58.5333189Z Receiving objects:  57% (4183/7337), 10.20 MiB | 10.20 MiB/s
2025-07-26T03:41:58.5401033Z Receiving objects:  58% (4256/7337), 10.20 MiB | 10.20 MiB/s
2025-07-26T03:41:58.5480375Z Receiving objects:  59% (4329/7337), 10.20 MiB | 10.20 MiB/s
2025-07-26T03:41:58.5565637Z Receiving objects:  60% (4403/7337), 10.20 MiB | 10.20 MiB/s
2025-07-26T03:41:58.5679418Z Receiving objects:  61% (4476/7337), 10.20 MiB | 10.20 MiB/s
2025-07-26T03:41:58.5820271Z Receiving objects:  62% (4549/7337), 10.20 MiB | 10.20 MiB/s
2025-07-26T03:41:58.6002073Z Receiving objects:  63% (4623/7337), 10.20 MiB | 10.20 MiB/s
2025-07-26T03:41:58.6669670Z Receiving objects:  64% (4696/7337), 10.20 MiB | 10.20 MiB/s
2025-07-26T03:41:58.6764296Z Receiving objects:  65% (4770/7337), 10.20 MiB | 10.20 MiB/s
2025-07-26T03:41:58.6884963Z Receiving objects:  66% (4843/7337), 10.20 MiB | 10.20 MiB/s
2025-07-26T03:41:58.7018593Z Receiving objects:  67% (4916/7337), 10.20 MiB | 10.20 MiB/s
2025-07-26T03:41:58.7122256Z Receiving objects:  68% (4990/7337), 10.20 MiB | 10.20 MiB/s
2025-07-26T03:41:58.7224324Z Receiving objects:  69% (5063/7337), 10.20 MiB | 10.20 MiB/s
2025-07-26T03:41:58.7329914Z Receiving objects:  70% (5136/7337), 10.20 MiB | 10.20 MiB/s
2025-07-26T03:41:58.7395007Z Receiving objects:  71% (5210/7337), 10.20 MiB | 10.20 MiB/s
2025-07-26T03:41:58.7428154Z Receiving objects:  72% (5283/7337), 10.20 MiB | 10.20 MiB/s
2025-07-26T03:41:58.7457269Z Receiving objects:  73% (5357/7337), 10.20 MiB | 10.20 MiB/s
2025-07-26T03:41:58.7558831Z Receiving objects:  74% (5430/7337), 10.20 MiB | 10.20 MiB/s
2025-07-26T03:41:58.7675087Z Receiving objects:  75% (5503/7337), 10.20 MiB | 10.20 MiB/s
2025-07-26T03:41:58.7715517Z Receiving objects:  76% (5577/7337), 10.20 MiB | 10.20 MiB/s
2025-07-26T03:41:58.7750836Z Receiving objects:  77% (5650/7337), 10.20 MiB | 10.20 MiB/s
2025-07-26T03:41:58.7770458Z Receiving objects:  78% (5723/7337), 10.20 MiB | 10.20 MiB/s
2025-07-26T03:41:58.7787968Z Receiving objects:  79% (5797/7337), 10.20 MiB | 10.20 MiB/s
2025-07-26T03:41:58.7804233Z Receiving objects:  80% (5870/7337), 10.20 MiB | 10.20 MiB/s
2025-07-26T03:41:58.7814117Z Receiving objects:  81% (5943/7337), 10.20 MiB | 10.20 MiB/s
2025-07-26T03:41:58.7836795Z Receiving objects:  82% (6017/7337), 10.20 MiB | 10.20 MiB/s
2025-07-26T03:41:58.7855410Z Receiving objects:  83% (6090/7337), 10.20 MiB | 10.20 MiB/s
2025-07-26T03:41:58.7900144Z Receiving objects:  84% (6164/7337), 10.20 MiB | 10.20 MiB/s
2025-07-26T03:41:58.7967548Z Receiving objects:  85% (6237/7337), 10.20 MiB | 10.20 MiB/s
2025-07-26T03:41:58.8028079Z Receiving objects:  86% (6310/7337), 10.20 MiB | 10.20 MiB/s
2025-07-26T03:41:58.8068467Z Receiving objects:  87% (6384/7337), 10.20 MiB | 10.20 MiB/s
2025-07-26T03:41:58.8110982Z Receiving objects:  88% (6457/7337), 10.20 MiB | 10.20 MiB/s
2025-07-26T03:41:58.8176816Z Receiving objects:  89% (6530/7337), 10.20 MiB | 10.20 MiB/s
2025-07-26T03:41:58.8235065Z Receiving objects:  90% (6604/7337), 10.20 MiB | 10.20 MiB/s
2025-07-26T03:41:58.8272131Z Receiving objects:  91% (6677/7337), 10.20 MiB | 10.20 MiB/s
2025-07-26T03:41:58.8324337Z Receiving objects:  92% (6751/7337), 10.20 MiB | 10.20 MiB/s
2025-07-26T03:41:58.8427759Z Receiving objects:  93% (6824/7337), 10.20 MiB | 10.20 MiB/s
2025-07-26T03:41:58.8485747Z Receiving objects:  94% (6897/7337), 10.20 MiB | 10.20 MiB/s
2025-07-26T03:41:58.8537691Z Receiving objects:  95% (6971/7337), 10.20 MiB | 10.20 MiB/s
2025-07-26T03:41:58.8583594Z Receiving objects:  96% (7044/7337), 10.20 MiB | 10.20 MiB/s
2025-07-26T03:41:58.8646369Z Receiving objects:  97% (7117/7337), 10.20 MiB | 10.20 MiB/s
2025-07-26T03:41:58.8734997Z Receiving objects:  98% (7191/7337), 10.20 MiB | 10.20 MiB/s
2025-07-26T03:41:58.8793561Z Receiving objects:  99% (7264/7337), 10.20 MiB | 10.20 MiB/s
2025-07-26T03:41:58.8794745Z remote: Total 7337 (delta 1163), reused 7001 (delta 1030), pack-reused 0 (from 0)        
2025-07-26T03:41:58.8811285Z Receiving objects: 100% (7337/7337), 10.20 MiB | 10.20 MiB/s
2025-07-26T03:41:58.8812148Z Receiving objects: 100% (7337/7337), 22.97 MiB | 16.25 MiB/s, done.
2025-07-26T03:41:58.8816491Z Resolving deltas:   0% (0/1163)
2025-07-26T03:41:58.8816964Z Resolving deltas:   1% (12/1163)
2025-07-26T03:41:58.8819764Z Resolving deltas:   2% (24/1163)
2025-07-26T03:41:58.8821540Z Resolving deltas:   3% (35/1163)
2025-07-26T03:41:58.8825328Z Resolving deltas:   4% (48/1163)
2025-07-26T03:41:58.8844098Z Resolving deltas:   5% (59/1163)
2025-07-26T03:41:58.8939584Z Resolving deltas:   6% (70/1163)
2025-07-26T03:41:58.8941107Z Resolving deltas:   7% (82/1163)
2025-07-26T03:41:58.8941611Z Resolving deltas:   8% (94/1163)
2025-07-26T03:41:58.8942127Z Resolving deltas:   9% (106/1163)
2025-07-26T03:41:58.8963228Z Resolving deltas:  10% (117/1163)
2025-07-26T03:41:58.8974713Z Resolving deltas:  11% (128/1163)
2025-07-26T03:41:58.8976703Z Resolving deltas:  12% (140/1163)
2025-07-26T03:41:58.8977139Z Resolving deltas:  13% (152/1163)
2025-07-26T03:41:58.8978126Z Resolving deltas:  14% (163/1163)
2025-07-26T03:41:58.8981705Z Resolving deltas:  15% (175/1163)
2025-07-26T03:41:58.8983976Z Resolving deltas:  16% (187/1163)
2025-07-26T03:41:58.8985033Z Resolving deltas:  17% (199/1163)
2025-07-26T03:41:58.8996182Z Resolving deltas:  18% (210/1163)
2025-07-26T03:41:58.9003402Z Resolving deltas:  19% (222/1163)
2025-07-26T03:41:58.9013746Z Resolving deltas:  20% (233/1163)
2025-07-26T03:41:58.9018865Z Resolving deltas:  21% (245/1163)
2025-07-26T03:41:58.9029195Z Resolving deltas:  22% (256/1163)
2025-07-26T03:41:58.9035334Z Resolving deltas:  23% (268/1163)
2025-07-26T03:41:58.9039328Z Resolving deltas:  24% (280/1163)
2025-07-26T03:41:58.9041803Z Resolving deltas:  25% (291/1163)
2025-07-26T03:41:58.9043100Z Resolving deltas:  26% (303/1163)
2025-07-26T03:41:58.9045480Z Resolving deltas:  27% (315/1163)
2025-07-26T03:41:58.9046348Z Resolving deltas:  28% (326/1163)
2025-07-26T03:41:58.9049031Z Resolving deltas:  29% (339/1163)
2025-07-26T03:41:58.9050391Z Resolving deltas:  30% (349/1163)
2025-07-26T03:41:58.9052454Z Resolving deltas:  31% (361/1163)
2025-07-26T03:41:58.9053332Z Resolving deltas:  32% (373/1163)
2025-07-26T03:41:58.9055966Z Resolving deltas:  33% (384/1163)
2025-07-26T03:41:58.9058256Z Resolving deltas:  34% (396/1163)
2025-07-26T03:41:58.9059233Z Resolving deltas:  35% (409/1163)
2025-07-26T03:41:58.9061435Z Resolving deltas:  36% (420/1163)
2025-07-26T03:41:58.9062269Z Resolving deltas:  37% (431/1163)
2025-07-26T03:41:58.9064056Z Resolving deltas:  38% (442/1163)
2025-07-26T03:41:58.9064910Z Resolving deltas:  39% (454/1163)
2025-07-26T03:41:58.9066279Z Resolving deltas:  40% (466/1163)
2025-07-26T03:41:58.9067082Z Resolving deltas:  41% (477/1163)
2025-07-26T03:41:58.9072159Z Resolving deltas:  42% (489/1163)
2025-07-26T03:41:58.9073462Z Resolving deltas:  43% (501/1163)
2025-07-26T03:41:58.9076124Z Resolving deltas:  44% (512/1163)
2025-07-26T03:41:58.9077995Z Resolving deltas:  45% (524/1163)
2025-07-26T03:41:58.9082237Z Resolving deltas:  46% (535/1163)
2025-07-26T03:41:58.9084656Z Resolving deltas:  47% (547/1163)
2025-07-26T03:41:58.9087767Z Resolving deltas:  48% (559/1163)
2025-07-26T03:41:58.9090493Z Resolving deltas:  49% (571/1163)
2025-07-26T03:41:58.9092188Z Resolving deltas:  50% (582/1163)
2025-07-26T03:41:58.9095035Z Resolving deltas:  51% (594/1163)
2025-07-26T03:41:58.9098947Z Resolving deltas:  52% (607/1163)
2025-07-26T03:41:58.9099389Z Resolving deltas:  53% (618/1163)
2025-07-26T03:41:58.9100644Z Resolving deltas:  54% (629/1163)
2025-07-26T03:41:58.9105561Z Resolving deltas:  55% (640/1163)
2025-07-26T03:41:58.9106196Z Resolving deltas:  56% (652/1163)
2025-07-26T03:41:58.9107375Z Resolving deltas:  57% (663/1163)
2025-07-26T03:41:58.9111172Z Resolving deltas:  58% (676/1163)
2025-07-26T03:41:58.9118610Z Resolving deltas:  59% (687/1163)
2025-07-26T03:41:58.9123913Z Resolving deltas:  60% (698/1163)
2025-07-26T03:41:58.9135550Z Resolving deltas:  61% (710/1163)
2025-07-26T03:41:58.9141139Z Resolving deltas:  62% (722/1163)
2025-07-26T03:41:58.9148382Z Resolving deltas:  63% (733/1163)
2025-07-26T03:41:58.9181261Z Resolving deltas:  64% (745/1163)
2025-07-26T03:41:58.9186911Z Resolving deltas:  65% (756/1163)
2025-07-26T03:41:58.9199222Z Resolving deltas:  66% (768/1163)
2025-07-26T03:41:58.9207388Z Resolving deltas:  67% (780/1163)
2025-07-26T03:41:58.9219866Z Resolving deltas:  68% (791/1163)
2025-07-26T03:41:58.9230231Z Resolving deltas:  69% (803/1163)
2025-07-26T03:41:58.9242068Z Resolving deltas:  70% (815/1163)
2025-07-26T03:41:58.9252090Z Resolving deltas:  71% (826/1163)
2025-07-26T03:41:58.9263925Z Resolving deltas:  72% (838/1163)
2025-07-26T03:41:58.9273107Z Resolving deltas:  73% (849/1163)
2025-07-26T03:41:58.9288999Z Resolving deltas:  74% (861/1163)
2025-07-26T03:41:58.9298013Z Resolving deltas:  75% (874/1163)
2025-07-26T03:41:58.9312076Z Resolving deltas:  76% (884/1163)
2025-07-26T03:41:58.9326295Z Resolving deltas:  77% (896/1163)
2025-07-26T03:41:58.9340277Z Resolving deltas:  78% (908/1163)
2025-07-26T03:41:58.9346384Z Resolving deltas:  79% (919/1163)
2025-07-26T03:41:58.9355753Z Resolving deltas:  80% (931/1163)
2025-07-26T03:41:58.9365352Z Resolving deltas:  81% (943/1163)
2025-07-26T03:41:58.9371402Z Resolving deltas:  82% (954/1163)
2025-07-26T03:41:58.9382136Z Resolving deltas:  83% (966/1163)
2025-07-26T03:41:58.9399618Z Resolving deltas:  84% (977/1163)
2025-07-26T03:41:58.9410473Z Resolving deltas:  85% (989/1163)
2025-07-26T03:41:58.9414322Z Resolving deltas:  86% (1001/1163)
2025-07-26T03:41:58.9418889Z Resolving deltas:  87% (1012/1163)
2025-07-26T03:41:58.9426466Z Resolving deltas:  88% (1024/1163)
2025-07-26T03:41:58.9456401Z Resolving deltas:  89% (1036/1163)
2025-07-26T03:41:58.9478194Z Resolving deltas:  90% (1047/1163)
2025-07-26T03:41:58.9496951Z Resolving deltas:  91% (1059/1163)
2025-07-26T03:41:58.9512241Z Resolving deltas:  92% (1070/1163)
2025-07-26T03:41:58.9517530Z Resolving deltas:  93% (1082/1163)
2025-07-26T03:41:58.9521041Z Resolving deltas:  94% (1094/1163)
2025-07-26T03:41:58.9522829Z Resolving deltas:  95% (1105/1163)
2025-07-26T03:41:58.9524236Z Resolving deltas:  96% (1117/1163)
2025-07-26T03:41:58.9526828Z Resolving deltas:  97% (1129/1163)
2025-07-26T03:41:58.9529176Z Resolving deltas:  98% (1140/1163)
2025-07-26T03:41:58.9538565Z Resolving deltas:  99% (1153/1163)
2025-07-26T03:41:58.9539669Z Resolving deltas: 100% (1163/1163)
2025-07-26T03:41:58.9540083Z Resolving deltas: 100% (1163/1163), done.
2025-07-26T03:41:58.9774304Z From https://github.com/***/testing-CI-CD
2025-07-26T03:41:58.9774952Z  * [new ref]         2e23ea2de64c31bb2416a7ad1351165611c054c7 -> origin/main
2025-07-26T03:41:58.9801282Z ##[endgroup]
2025-07-26T03:41:58.9801661Z ##[group]Determining the checkout info
2025-07-26T03:41:58.9803585Z ##[endgroup]
2025-07-26T03:41:58.9804155Z ##[group]Checking out the ref
2025-07-26T03:41:58.9807652Z [command]/usr/bin/git checkout --progress --force -B main refs/remotes/origin/main
2025-07-26T03:41:59.5609953Z Switched to a new branch 'main'
2025-07-26T03:41:59.5612245Z branch 'main' set up to track 'origin/main'.
2025-07-26T03:41:59.5636034Z ##[endgroup]
2025-07-26T03:41:59.5676275Z [command]/usr/bin/git log -1 --format='%H'
2025-07-26T03:41:59.5700750Z '2e23ea2de64c31bb2416a7ad1351165611c054c7'
2025-07-26T03:41:59.6008320Z ##[group]Run actions/setup-python@v4
2025-07-26T03:41:59.6008979Z with:
2025-07-26T03:41:59.6009230Z   python-version: 3.10
2025-07-26T03:41:59.6009537Z   check-latest: false
2025-07-26T03:41:59.6009997Z   token: ***
2025-07-26T03:41:59.6010328Z   update-environment: true
2025-07-26T03:41:59.6010646Z   allow-prereleases: false
2025-07-26T03:41:59.6010958Z ##[endgroup]
2025-07-26T03:41:59.7801379Z ##[group]Installed versions
2025-07-26T03:41:59.7888037Z Successfully set up CPython (3.10.18)
2025-07-26T03:41:59.7889321Z ##[endgroup]
2025-07-26T03:41:59.8005319Z ##[group]Run python -m pip install --upgrade pip
2025-07-26T03:41:59.8005729Z [36;1mpython -m pip install --upgrade pip[0m
2025-07-26T03:41:59.8006234Z [36;1mpip install -r requirements.txt[0m
2025-07-26T03:41:59.8046485Z shell: /usr/bin/bash -e {0}
2025-07-26T03:41:59.8046738Z env:
2025-07-26T03:41:59.8046988Z   pythonLocation: /opt/hostedtoolcache/Python/3.10.18/x64
2025-07-26T03:41:59.8047403Z   PKG_CONFIG_PATH: /opt/hostedtoolcache/Python/3.10.18/x64/lib/pkgconfig
2025-07-26T03:41:59.8047828Z   Python_ROOT_DIR: /opt/hostedtoolcache/Python/3.10.18/x64
2025-07-26T03:41:59.8048178Z   Python2_ROOT_DIR: /opt/hostedtoolcache/Python/3.10.18/x64
2025-07-26T03:41:59.8048550Z   Python3_ROOT_DIR: /opt/hostedtoolcache/Python/3.10.18/x64
2025-07-26T03:41:59.8049201Z   LD_LIBRARY_PATH: /opt/hostedtoolcache/Python/3.10.18/x64/lib
2025-07-26T03:41:59.8049505Z ##[endgroup]
2025-07-26T03:42:00.4331083Z Requirement already satisfied: pip in /opt/hostedtoolcache/Python/3.10.18/x64/lib/python3.10/site-packages (25.1.1)
2025-07-26T03:42:01.2903156Z Collecting annotated-types==0.7.0 (from -r requirements.txt (line 1))
2025-07-26T03:42:01.3618647Z   Downloading annotated_types-0.7.0-py3-none-any.whl.metadata (15 kB)
2025-07-26T03:42:01.4028528Z Collecting anyio==4.9.0 (from -r requirements.txt (line 2))
2025-07-26T03:42:01.4186937Z   Downloading anyio-4.9.0-py3-none-any.whl.metadata (4.7 kB)
2025-07-26T03:42:01.5007287Z Collecting autodevops-cli==5.1 (from -r requirements.txt (line 3))
2025-07-26T03:42:01.5541963Z   Downloading autodevops_cli-5.1-py3-none-any.whl.metadata (543 bytes)
2025-07-26T03:42:01.5785713Z Collecting blinker==1.9.0 (from -r requirements.txt (line 4))
2025-07-26T03:42:01.5960554Z   Downloading blinker-1.9.0-py3-none-any.whl.metadata (1.6 kB)
2025-07-26T03:42:01.6372223Z Collecting certifi==2025.7.14 (from -r requirements.txt (line 5))
2025-07-26T03:42:01.6528322Z   Downloading certifi-2025.7.14-py3-none-any.whl.metadata (2.4 kB)
2025-07-26T03:42:01.7780459Z Collecting charset-normalizer==3.4.2 (from -r requirements.txt (line 6))
2025-07-26T03:42:01.7941825Z   Downloading charset_normalizer-3.4.2-cp310-cp310-manylinux_2_17_x86_64.manylinux2014_x86_64.whl.metadata (35 kB)
2025-07-26T03:42:01.8380642Z Collecting click==8.2.1 (from -r requirements.txt (line 7))
2025-07-26T03:42:01.8537029Z   Downloading click-8.2.1-py3-none-any.whl.metadata (2.5 kB)
2025-07-26T03:42:01.8777281Z Collecting distro==1.9.0 (from -r requirements.txt (line 8))
2025-07-26T03:42:01.8939199Z   Downloading distro-1.9.0-py3-none-any.whl.metadata (6.8 kB)
2025-07-26T03:42:01.9196861Z Collecting dnspython==2.7.0 (from -r requirements.txt (line 9))
2025-07-26T03:42:01.9357757Z   Downloading dnspython-2.7.0-py3-none-any.whl.metadata (5.8 kB)
2025-07-26T03:42:01.9639985Z Collecting dotenv==0.9.9 (from -r requirements.txt (line 10))
2025-07-26T03:42:01.9823470Z   Downloading dotenv-0.9.9-py2.py3-none-any.whl.metadata (279 bytes)
2025-07-26T03:42:02.0143135Z Collecting Flask==3.1.0 (from -r requirements.txt (line 11))
2025-07-26T03:42:02.0348161Z   Downloading flask-3.1.0-py3-none-any.whl.metadata (2.7 kB)
2025-07-26T03:42:02.1047115Z Collecting Flask-PyMongo==3.0.1 (from -r requirements.txt (line 12))
2025-07-26T03:42:02.1224425Z   Downloading flask_pymongo-3.0.1-py3-none-any.whl.metadata (3.5 kB)
2025-07-26T03:42:02.1507190Z Collecting h11==0.16.0 (from -r requirements.txt (line 13))
2025-07-26T03:42:02.1673682Z   Downloading h11-0.16.0-py3-none-any.whl.metadata (8.3 kB)
2025-07-26T03:42:02.2037395Z Collecting httpcore==1.0.9 (from -r requirements.txt (line 14))
2025-07-26T03:42:02.2217458Z   Downloading httpcore-1.0.9-py3-none-any.whl.metadata (21 kB)
2025-07-26T03:42:02.2585204Z Collecting httpx==0.28.1 (from -r requirements.txt (line 15))
2025-07-26T03:42:02.2801956Z   Downloading httpx-0.28.1-py3-none-any.whl.metadata (7.1 kB)
2025-07-26T03:42:02.3101836Z Collecting idna==3.10 (from -r requirements.txt (line 16))
2025-07-26T03:42:02.3269209Z   Downloading idna-3.10-py3-none-any.whl.metadata (10 kB)
2025-07-26T03:42:02.3520925Z Collecting iniconfig==2.1.0 (from -r requirements.txt (line 17))
2025-07-26T03:42:02.3683662Z   Downloading iniconfig-2.1.0-py3-none-any.whl.metadata (2.7 kB)
2025-07-26T03:42:02.3930298Z Collecting itsdangerous==2.2.0 (from -r requirements.txt (line 18))
2025-07-26T03:42:02.4085542Z   Downloading itsdangerous-2.2.0-py3-none-any.whl.metadata (1.9 kB)
2025-07-26T03:42:02.4472280Z Collecting Jinja2==3.1.6 (from -r requirements.txt (line 19))
2025-07-26T03:42:02.4663309Z   Downloading jinja2-3.1.6-py3-none-any.whl.metadata (2.9 kB)
2025-07-26T03:42:02.5576109Z Collecting jiter==0.10.0 (from -r requirements.txt (line 20))
2025-07-26T03:42:02.5745179Z   Downloading jiter-0.10.0-cp310-cp310-manylinux_2_17_x86_64.manylinux2014_x86_64.whl.metadata (5.2 kB)
2025-07-26T03:42:02.6060178Z Collecting loguru==0.7.3 (from -r requirements.txt (line 21))
2025-07-26T03:42:02.6277838Z   Downloading loguru-0.7.3-py3-none-any.whl.metadata (22 kB)
2025-07-26T03:42:02.6669525Z Collecting markdown-it-py==3.0.0 (from -r requirements.txt (line 22))
2025-07-26T03:42:02.6834410Z   Downloading markdown_it_py-3.0.0-py3-none-any.whl.metadata (6.9 kB)
2025-07-26T03:42:02.7598065Z Collecting MarkupSafe==3.0.2 (from -r requirements.txt (line 23))
2025-07-26T03:42:02.7758292Z   Downloading MarkupSafe-3.0.2-cp310-cp310-manylinux_2_17_x86_64.manylinux2014_x86_64.whl.metadata (4.0 kB)
2025-07-26T03:42:02.7979555Z Collecting mdurl==0.1.2 (from -r requirements.txt (line 24))
2025-07-26T03:42:02.8136568Z   Downloading mdurl-0.1.2-py3-none-any.whl.metadata (1.6 kB)
2025-07-26T03:42:02.8413084Z Collecting mongomock==4.3.0 (from -r requirements.txt (line 25))
2025-07-26T03:42:02.8582673Z   Downloading mongomock-4.3.0-py2.py3-none-any.whl.metadata (12 kB)
2025-07-26T03:42:02.9302515Z Collecting openai==1.96.1 (from -r requirements.txt (line 26))
2025-07-26T03:42:02.9520153Z   Downloading openai-1.96.1-py3-none-any.whl.metadata (29 kB)
2025-07-26T03:42:02.9861083Z Collecting packaging==25.0 (from -r requirements.txt (line 27))
2025-07-26T03:42:03.0021582Z   Downloading packaging-25.0-py3-none-any.whl.metadata (3.3 kB)
2025-07-26T03:42:03.0296151Z Collecting paho-mqtt==2.1.0 (from -r requirements.txt (line 28))
2025-07-26T03:42:03.0462678Z   Downloading paho_mqtt-2.1.0-py3-none-any.whl.metadata (23 kB)
2025-07-26T03:42:03.1257671Z Collecting pluggy==1.6.0 (from -r requirements.txt (line 29))
2025-07-26T03:42:03.1419512Z   Downloading pluggy-1.6.0-py3-none-any.whl.metadata (4.8 kB)
2025-07-26T03:42:03.3598078Z Collecting pydantic==2.11.7 (from -r requirements.txt (line 30))
2025-07-26T03:42:03.3760085Z   Downloading pydantic-2.11.7-py3-none-any.whl.metadata (67 kB)
2025-07-26T03:42:04.2338276Z Collecting pydantic_core==2.33.2 (from -r requirements.txt (line 31))
2025-07-26T03:42:04.2515513Z   Downloading pydantic_core-2.33.2-cp310-cp310-manylinux_2_17_x86_64.manylinux2014_x86_64.whl.metadata (6.8 kB)
2025-07-26T03:42:04.2888145Z Collecting Pygments==2.19.2 (from -r requirements.txt (line 32))
2025-07-26T03:42:04.3045170Z   Downloading pygments-2.19.2-py3-none-any.whl.metadata (2.5 kB)
2025-07-26T03:42:04.6791397Z Collecting pymongo==4.13.2 (from -r requirements.txt (line 33))
2025-07-26T03:42:04.6965504Z   Downloading pymongo-4.13.2-cp310-cp310-manylinux_2_17_x86_64.manylinux2014_x86_64.whl.metadata (22 kB)
2025-07-26T03:42:04.7558073Z Collecting pytest==8.2.1 (from -r requirements.txt (line 34))
2025-07-26T03:42:04.7725316Z   Downloading pytest-8.2.1-py3-none-any.whl.metadata (7.6 kB)
2025-07-26T03:42:04.8100032Z Collecting python-dotenv==1.1.1 (from -r requirements.txt (line 35))
2025-07-26T03:42:04.8258978Z   Downloading python_dotenv-1.1.1-py3-none-any.whl.metadata (24 kB)
2025-07-26T03:42:04.8808224Z Collecting pytz==2025.2 (from -r requirements.txt (line 36))
2025-07-26T03:42:04.8967237Z   Downloading pytz-2025.2-py2.py3-none-any.whl.metadata (22 kB)
2025-07-26T03:42:04.9399270Z Collecting requests==2.32.4 (from -r requirements.txt (line 37))
2025-07-26T03:42:04.9559637Z   Downloading requests-2.32.4-py3-none-any.whl.metadata (4.9 kB)
2025-07-26T03:42:05.0121226Z Collecting rich==14.0.0 (from -r requirements.txt (line 38))
2025-07-26T03:42:05.0303077Z   Downloading rich-14.0.0-py3-none-any.whl.metadata (18 kB)
2025-07-26T03:42:05.0590817Z Collecting sentinels==1.0.0 (from -r requirements.txt (line 39))
2025-07-26T03:42:05.0752855Z   Downloading sentinels-1.0.0.tar.gz (4.1 kB)
2025-07-26T03:42:05.0841539Z   Installing build dependencies: started
2025-07-26T03:42:06.0925638Z   Installing build dependencies: finished with status 'done'
2025-07-26T03:42:06.0933956Z   Getting requirements to build wheel: started
2025-07-26T03:42:06.4217400Z   Getting requirements to build wheel: finished with status 'done'
2025-07-26T03:42:06.4227556Z   Preparing metadata (pyproject.toml): started
2025-07-26T03:42:06.5968050Z   Preparing metadata (pyproject.toml): finished with status 'done'
2025-07-26T03:42:06.7492949Z Collecting setuptools==80.9.0 (from -r requirements.txt (line 40))
2025-07-26T03:42:06.7507683Z   Using cached setuptools-80.9.0-py3-none-any.whl.metadata (6.6 kB)
2025-07-26T03:42:06.8795357Z Collecting sh==2.2.2 (from -r requirements.txt (line 41))
2025-07-26T03:42:06.8957715Z   Downloading sh-2.2.2-py3-none-any.whl.metadata (3.7 kB)
2025-07-26T03:42:06.9178462Z Collecting sniffio==1.3.1 (from -r requirements.txt (line 42))
2025-07-26T03:42:06.9333769Z   Downloading sniffio-1.3.1-py3-none-any.whl.metadata (3.9 kB)
2025-07-26T03:42:06.9586793Z Collecting tabulate==0.9.0 (from -r requirements.txt (line 43))
2025-07-26T03:42:06.9746911Z   Downloading tabulate-0.9.0-py3-none-any.whl.metadata (34 kB)
2025-07-26T03:42:07.0272874Z Collecting tqdm==4.67.1 (from -r requirements.txt (line 44))
2025-07-26T03:42:07.0428093Z   Downloading tqdm-4.67.1-py3-none-any.whl.metadata (57 kB)
2025-07-26T03:42:07.0807068Z Collecting typing-inspection==0.4.1 (from -r requirements.txt (line 45))
2025-07-26T03:42:07.0965906Z   Downloading typing_inspection-0.4.1-py3-none-any.whl.metadata (2.6 kB)
2025-07-26T03:42:07.1267931Z Collecting typing_extensions==4.14.1 (from -r requirements.txt (line 46))
2025-07-26T03:42:07.1426234Z   Downloading typing_extensions-4.14.1-py3-none-any.whl.metadata (3.0 kB)
2025-07-26T03:42:07.1814445Z Collecting urllib3==2.5.0 (from -r requirements.txt (line 47))
2025-07-26T03:42:07.1967857Z   Downloading urllib3-2.5.0-py3-none-any.whl.metadata (6.5 kB)
2025-07-26T03:42:07.3090166Z Collecting Werkzeug==3.1.3 (from -r requirements.txt (line 48))
2025-07-26T03:42:07.3248988Z   Downloading werkzeug-3.1.3-py3-none-any.whl.metadata (3.7 kB)
2025-07-26T03:42:07.3541783Z Collecting exceptiongroup>=1.0.2 (from anyio==4.9.0->-r requirements.txt (line 2))
2025-07-26T03:42:07.3703434Z   Downloading exceptiongroup-1.3.0-py3-none-any.whl.metadata (6.7 kB)
2025-07-26T03:42:07.5399559Z Collecting tomli>=1 (from pytest==8.2.1->-r requirements.txt (line 34))
2025-07-26T03:42:07.5554993Z   Downloading tomli-2.2.1-py3-none-any.whl.metadata (10 kB)
2025-07-26T03:42:07.6466374Z Downloading annotated_types-0.7.0-py3-none-any.whl (13 kB)
2025-07-26T03:42:07.6646420Z Downloading anyio-4.9.0-py3-none-any.whl (100 kB)
2025-07-26T03:42:07.7215054Z Downloading autodevops_cli-5.1-py3-none-any.whl (10 kB)
2025-07-26T03:42:07.7391714Z Downloading blinker-1.9.0-py3-none-any.whl (8.5 kB)
2025-07-26T03:42:07.7568939Z Downloading certifi-2025.7.14-py3-none-any.whl (162 kB)
2025-07-26T03:42:07.7800382Z Downloading charset_normalizer-3.4.2-cp310-cp310-manylinux_2_17_x86_64.manylinux2014_x86_64.whl (149 kB)
2025-07-26T03:42:07.7997480Z Downloading click-8.2.1-py3-none-any.whl (102 kB)
2025-07-26T03:42:07.8186359Z Downloading distro-1.9.0-py3-none-any.whl (20 kB)
2025-07-26T03:42:07.8361386Z Downloading dnspython-2.7.0-py3-none-any.whl (313 kB)
2025-07-26T03:42:07.8606484Z Downloading dotenv-0.9.9-py2.py3-none-any.whl (1.9 kB)
2025-07-26T03:42:07.8795680Z Downloading flask-3.1.0-py3-none-any.whl (102 kB)
2025-07-26T03:42:07.8985614Z Downloading flask_pymongo-3.0.1-py3-none-any.whl (11 kB)
2025-07-26T03:42:07.9162394Z Downloading h11-0.16.0-py3-none-any.whl (37 kB)
2025-07-26T03:42:07.9342652Z Downloading httpcore-1.0.9-py3-none-any.whl (78 kB)
2025-07-26T03:42:07.9518388Z Downloading httpx-0.28.1-py3-none-any.whl (73 kB)
2025-07-26T03:42:07.9698289Z Downloading idna-3.10-py3-none-any.whl (70 kB)
2025-07-26T03:42:07.9876882Z Downloading iniconfig-2.1.0-py3-none-any.whl (6.0 kB)
2025-07-26T03:42:08.0065815Z Downloading itsdangerous-2.2.0-py3-none-any.whl (16 kB)
2025-07-26T03:42:08.0246641Z Downloading jinja2-3.1.6-py3-none-any.whl (134 kB)
2025-07-26T03:42:08.0449157Z Downloading jiter-0.10.0-cp310-cp310-manylinux_2_17_x86_64.manylinux2014_x86_64.whl (352 kB)
2025-07-26T03:42:08.0665158Z Downloading loguru-0.7.3-py3-none-any.whl (61 kB)
2025-07-26T03:42:08.0858302Z Downloading markdown_it_py-3.0.0-py3-none-any.whl (87 kB)
2025-07-26T03:42:08.1045296Z Downloading mdurl-0.1.2-py3-none-any.whl (10.0 kB)
2025-07-26T03:42:08.1220913Z Downloading MarkupSafe-3.0.2-cp310-cp310-manylinux_2_17_x86_64.manylinux2014_x86_64.whl (20 kB)
2025-07-26T03:42:08.1427782Z Downloading mongomock-4.3.0-py2.py3-none-any.whl (64 kB)
2025-07-26T03:42:08.1679308Z Downloading openai-1.96.1-py3-none-any.whl (757 kB)
2025-07-26T03:42:08.1869728Z    ━━━━━━━━━━━━━━━━━━━━━━━━━━━━━━━━━━━━━━━━ 757.5/757.5 kB 38.6 MB/s eta 0:00:00
2025-07-26T03:42:08.2029337Z Downloading pydantic-2.11.7-py3-none-any.whl (444 kB)
2025-07-26T03:42:08.2257871Z Downloading typing_extensions-4.14.1-py3-none-any.whl (43 kB)
2025-07-26T03:42:08.2434703Z Downloading packaging-25.0-py3-none-any.whl (66 kB)
2025-07-26T03:42:08.2619838Z Downloading paho_mqtt-2.1.0-py3-none-any.whl (67 kB)
2025-07-26T03:42:08.2796924Z Downloading pluggy-1.6.0-py3-none-any.whl (20 kB)
2025-07-26T03:42:08.2981922Z Downloading pydantic_core-2.33.2-cp310-cp310-manylinux_2_17_x86_64.manylinux2014_x86_64.whl (2.0 MB)
2025-07-26T03:42:08.3247102Z    ━━━━━━━━━━━━━━━━━━━━━━━━━━━━━━━━━━━━━━━━ 2.0/2.0 MB 92.5 MB/s eta 0:00:00
2025-07-26T03:42:08.3407151Z Downloading pygments-2.19.2-py3-none-any.whl (1.2 MB)
2025-07-26T03:42:08.3498484Z    ━━━━━━━━━━━━━━━━━━━━━━━━━━━━━━━━━━━━━━━━ 1.2/1.2 MB 152.2 MB/s eta 0:00:00
2025-07-26T03:42:08.3665608Z Downloading pymongo-4.13.2-cp310-cp310-manylinux_2_17_x86_64.manylinux2014_x86_64.whl (1.2 MB)
2025-07-26T03:42:08.3755869Z    ━━━━━━━━━━━━━━━━━━━━━━━━━━━━━━━━━━━━━━━━ 1.2/1.2 MB 146.3 MB/s eta 0:00:00
2025-07-26T03:42:08.3936696Z Downloading pytest-8.2.1-py3-none-any.whl (339 kB)
2025-07-26T03:42:08.4259052Z Downloading python_dotenv-1.1.1-py3-none-any.whl (20 kB)
2025-07-26T03:42:08.4451266Z Downloading pytz-2025.2-py2.py3-none-any.whl (509 kB)
2025-07-26T03:42:08.4659247Z Downloading requests-2.32.4-py3-none-any.whl (64 kB)
2025-07-26T03:42:08.4898264Z Downloading urllib3-2.5.0-py3-none-any.whl (129 kB)
2025-07-26T03:42:08.5090323Z Downloading rich-14.0.0-py3-none-any.whl (243 kB)
2025-07-26T03:42:08.5132774Z Using cached setuptools-80.9.0-py3-none-any.whl (1.2 MB)
2025-07-26T03:42:08.5420583Z Downloading sh-2.2.2-py3-none-any.whl (38 kB)
2025-07-26T03:42:08.5619957Z Downloading sniffio-1.3.1-py3-none-any.whl (10 kB)
2025-07-26T03:42:08.5798366Z Downloading tabulate-0.9.0-py3-none-any.whl (35 kB)
2025-07-26T03:42:08.5981125Z Downloading tqdm-4.67.1-py3-none-any.whl (78 kB)
2025-07-26T03:42:08.6166841Z Downloading typing_inspection-0.4.1-py3-none-any.whl (14 kB)
2025-07-26T03:42:08.6373790Z Downloading werkzeug-3.1.3-py3-none-any.whl (224 kB)
2025-07-26T03:42:08.6584287Z Downloading exceptiongroup-1.3.0-py3-none-any.whl (16 kB)
2025-07-26T03:42:08.6787915Z Downloading tomli-2.2.1-py3-none-any.whl (14 kB)
2025-07-26T03:42:08.7360135Z Building wheels for collected packages: sentinels
2025-07-26T03:42:08.7370891Z   Building wheel for sentinels (pyproject.toml): started
2025-07-26T03:42:08.9459793Z   Building wheel for sentinels (pyproject.toml): finished with status 'done'
2025-07-26T03:42:08.9466504Z   Created wheel for sentinels: filename=sentinels-1.0.0-py3-none-any.whl size=3229 sha256=63e6af2171ee85654f1e21a1e99978191a602276aef246f5fef338ad9eeb80d2
2025-07-26T03:42:08.9469404Z   Stored in directory: /home/runner/.cache/pip/wheels/26/bc/eb/67e56405e0684b3d8c011cf4d18129c41be394775fd5ba2347
2025-07-26T03:42:08.9486140Z Successfully built sentinels
2025-07-26T03:42:09.0770179Z Installing collected packages: sentinels, pytz, urllib3, typing_extensions, tqdm, tomli, tabulate, sniffio, sh, setuptools, python-dotenv, Pygments, pluggy, paho-mqtt, packaging, mdurl, MarkupSafe, loguru, jiter, itsdangerous, iniconfig, idna, h11, dnspython, distro, click, charset-normalizer, certifi, blinker, annotated-types, Werkzeug, typing-inspection, requests, pymongo, pydantic_core, mongomock, markdown-it-py, Jinja2, httpcore, exceptiongroup, dotenv, rich, pytest, pydantic, Flask, anyio, httpx, Flask-PyMongo, openai, autodevops-cli
2025-07-26T03:42:09.3733165Z   Attempting uninstall: setuptools
2025-07-26T03:42:09.3740884Z     Found existing installation: setuptools 65.5.0
2025-07-26T03:42:09.4067135Z     Uninstalling setuptools-65.5.0:
2025-07-26T03:42:09.4224759Z       Successfully uninstalled setuptools-65.5.0
2025-07-26T03:42:13.3703960Z 
2025-07-26T03:42:13.3788507Z Successfully installed Flask-3.1.0 Flask-PyMongo-3.0.1 Jinja2-3.1.6 MarkupSafe-3.0.2 Pygments-2.19.2 Werkzeug-3.1.3 annotated-types-0.7.0 anyio-4.9.0 autodevops-cli-5.1 blinker-1.9.0 certifi-2025.7.14 charset-normalizer-3.4.2 click-8.2.1 distro-1.9.0 dnspython-2.7.0 dotenv-0.9.9 exceptiongroup-1.3.0 h11-0.16.0 httpcore-1.0.9 httpx-0.28.1 idna-3.10 iniconfig-2.1.0 itsdangerous-2.2.0 jiter-0.10.0 loguru-0.7.3 markdown-it-py-3.0.0 mdurl-0.1.2 mongomock-4.3.0 openai-1.96.1 packaging-25.0 paho-mqtt-2.1.0 pluggy-1.6.0 pydantic-2.11.7 pydantic_core-2.33.2 pymongo-4.13.2 pytest-8.2.1 python-dotenv-1.1.1 pytz-2025.2 requests-2.32.4 rich-14.0.0 sentinels-1.0.0 setuptools-80.9.0 sh-2.2.2 sniffio-1.3.1 tabulate-0.9.0 tomli-2.2.1 tqdm-4.67.1 typing-inspection-0.4.1 typing_extensions-4.14.1 urllib3-2.5.0
2025-07-26T03:42:13.6978635Z ##[group]Run export PYTHONPATH=.
2025-07-26T03:42:13.6979175Z [36;1mexport PYTHONPATH=.[0m
2025-07-26T03:42:13.6979436Z [36;1mpytest test_main.py -v[0m
2025-07-26T03:42:13.7008632Z shell: /usr/bin/bash -e {0}
2025-07-26T03:42:13.7009290Z env:
2025-07-26T03:42:13.7009560Z   pythonLocation: /opt/hostedtoolcache/Python/3.10.18/x64
2025-07-26T03:42:13.7010017Z   PKG_CONFIG_PATH: /opt/hostedtoolcache/Python/3.10.18/x64/lib/pkgconfig
2025-07-26T03:42:13.7010438Z   Python_ROOT_DIR: /opt/hostedtoolcache/Python/3.10.18/x64
2025-07-26T03:42:13.7010807Z   Python2_ROOT_DIR: /opt/hostedtoolcache/Python/3.10.18/x64
2025-07-26T03:42:13.7011165Z   Python3_ROOT_DIR: /opt/hostedtoolcache/Python/3.10.18/x64
2025-07-26T03:42:13.7011538Z   LD_LIBRARY_PATH: /opt/hostedtoolcache/Python/3.10.18/x64/lib
2025-07-26T03:42:13.7011822Z ##[endgroup]
2025-07-26T03:42:14.0555644Z ============================= test session starts ==============================
2025-07-26T03:42:14.0556850Z platform linux -- Python 3.10.18, pytest-8.2.1, pluggy-1.6.0 -- /opt/hostedtoolcache/Python/3.10.18/x64/bin/python
2025-07-26T03:42:14.0557516Z cachedir: .pytest_cache
2025-07-26T03:42:14.0557887Z rootdir: /home/runner/work/testing-CI-CD/testing-CI-CD
2025-07-26T03:42:14.0558312Z plugins: anyio-4.9.0
2025-07-26T03:42:14.2186411Z collecting ... collected 7 items
2025-07-26T03:42:14.2186845Z 
2025-07-26T03:42:14.5080071Z test_main.py::test_home_page PASSED                                      [ 14%]
2025-07-26T03:42:14.5179628Z test_main.py::test_admin_dashboard PASSED                                [ 28%]
2025-07-26T03:42:14.5267347Z test_main.py::test_student_dashboard PASSED                              [ 42%]
2025-07-26T03:42:14.5335973Z test_main.py::test_generate_attendance_no_input PASSED                   [ 57%]
2025-07-26T03:42:14.5796986Z test_main.py::test_student_generate_attendance_invalid FAILED            [ 71%]
2025-07-26T03:42:14.5920934Z test_main.py::test_register_user_get PASSED                              [ 85%]
2025-07-26T03:42:14.6080671Z test_main.py::test_receive_rfid_missing PASSED                           [100%]
2025-07-26T03:42:14.6081493Z 
2025-07-26T03:42:14.6081807Z =================================== FAILURES ===================================
2025-07-26T03:42:14.6082731Z ___________________ test_student_generate_attendance_invalid ___________________
2025-07-26T03:42:14.6083362Z 
2025-07-26T03:42:14.6083606Z client = <FlaskClient <Flask 'app.main'>>
2025-07-26T03:42:14.6084583Z 
2025-07-26T03:42:14.6084893Z     def test_student_generate_attendance_invalid(client):
2025-07-26T03:42:14.6085970Z         response = client.post("/api/student-generate-attendance",
2025-07-26T03:42:14.6086533Z                                json={"month": "", "year": "", "rfidTag": "0x123"})
2025-07-26T03:42:14.6087065Z >       assert response.status_code == 400
2025-07-26T03:42:14.6087472Z E       assert 200 == 400
2025-07-26T03:42:14.6087886Z E        +  where 200 = <WrapperTestResponse streamed [200 OK]>.status_code
2025-07-26T03:42:14.6088270Z 
2025-07-26T03:42:14.6088427Z test_main.py:42: AssertionError
2025-07-26T03:42:14.6089157Z =========================== short test summary info ============================
2025-07-26T03:42:14.6089875Z FAILED test_main.py::test_student_generate_attendance_invalid - assert 200 == 400
2025-07-26T03:42:14.6090588Z  +  where 200 = <WrapperTestResponse streamed [200 OK]>.status_code
2025-07-26T03:42:14.6091121Z ========================= 1 failed, 6 passed in 0.55s ==========================
2025-07-26T03:42:14.6682800Z ##[error]Process completed with exit code 1.
2025-07-26T03:42:14.6779240Z Post job cleanup.
2025-07-26T03:42:14.7525291Z [command]/usr/bin/git version
2025-07-26T03:42:14.7559476Z git version 2.50.1
2025-07-26T03:42:14.7602045Z Temporarily overriding HOME='/home/runner/work/_temp/dcec2ee5-72ce-4213-b637-80e012a4cdff' before making global git config changes
2025-07-26T03:42:14.7602979Z Adding repository directory to the temporary git global config as a safe directory
2025-07-26T03:42:14.7605979Z [command]/usr/bin/git config --global --add safe.directory /home/runner/work/testing-CI-CD/testing-CI-CD
2025-07-26T03:42:14.7635797Z [command]/usr/bin/git config --local --name-only --get-regexp core\.sshCommand
2025-07-26T03:42:14.7664473Z [command]/usr/bin/git submodule foreach --recursive sh -c "git config --local --name-only --get-regexp 'core\.sshCommand' && git config --local --unset-all 'core.sshCommand' || :"
2025-07-26T03:42:14.7902517Z [command]/usr/bin/git config --local --name-only --get-regexp http\.https\:\/\/github\.com\/\.extraheader
2025-07-26T03:42:14.7922713Z http.https://github.com/.extraheader
2025-07-26T03:42:14.7934220Z [command]/usr/bin/git config --local --unset-all http.https://github.com/.extraheader
2025-07-26T03:42:14.7963235Z [command]/usr/bin/git submodule foreach --recursive sh -c "git config --local --name-only --get-regexp 'http\.https\:\/\/github\.com\/\.extraheader' && git config --local --unset-all 'http.https://github.com/.extraheader' || :"
2025-07-26T03:42:14.8301530Z Cleaning up orphan processes
